
> web-ui@0.0.0 build
> vue-tsc -b && vite build

vite v8.1.3 building client environment for production...
[2Ktransforming...✓ 1014 modules transformed.
rendering chunks...
computing gzip size...
dist/index.html                                      0.65 kB │ gzip:   0.44 kB
dist/assets/KlineChart-CB8YVHs-.css                  0.28 kB │ gzip:   0.19 kB
dist/assets/AdjustPicker-D00KpYkY.css                0.38 kB │ gzip:   0.20 kB
dist/assets/ChanlunTargetPicker-D-d8ErAX.css         0.42 kB │ gzip:   0.22 kB
dist/assets/StockQueryField-DZM9BaFv.css             0.51 kB │ gzip:   0.31 kB
dist/assets/SymbolPicker-BuYp9yU4.css                0.56 kB │ gzip:   0.30 kB
dist/assets/PortfolioSummaryTable-Mpax1D9i.css       0.62 kB │ gzip:   0.27 kB
dist/assets/MetricStateNotes-Ds5ln-hd.css            0.65 kB │ gzip:   0.32 kB
dist/assets/MetricTable-C8YU7S37.css                 0.67 kB │ gzip:   0.31 kB
dist/assets/StocksPicker-DtZSuV36.css                0.87 kB │ gzip:   0.36 kB
dist/assets/PerformanceContextNote-B1O3ZqFf.css      1.09 kB │ gzip:   0.51 kB
dist/assets/ResearchNavigationBar-CHjWWZBp.css       1.60 kB │ gzip:   0.56 kB
dist/assets/ResearchEntryContext-WNYw8WZd.css        1.60 kB │ gzip:   0.54 kB
dist/assets/DataGrid-wmKp9PWY.css                    1.63 kB │ gzip:   0.67 kB
dist/assets/DataProvenance-rwYj3IKj.css              1.71 kB │ gzip:   0.60 kB
dist/assets/NumberStepper-8K7Mvx4I.css               1.78 kB │ gzip:   0.66 kB
dist/assets/StrategyPicker-DmQ5o3sz.css              1.95 kB │ gzip:   0.65 kB
dist/assets/CompareView-BlFR-tV5.css                 2.53 kB │ gzip:   0.75 kB
dist/assets/MultiPeriodOverviewTable-BvTcnRGq.css    2.53 kB │ gzip:   0.87 kB
dist/assets/MarketCenterView-B4QMzyP-.css            2.71 kB │ gzip:   0.86 kB
dist/assets/ServerSettingsView-Dr8cBAAI.css          2.99 kB │ gzip:   0.85 kB
dist/assets/ChartFrame-DpbssJ_h.css                  3.16 kB │ gzip:   0.82 kB
dist/assets/BoardResearchView-t3jinDma.css           3.19 kB │ gzip:   0.96 kB
dist/assets/ExtendedMarketView-DmyMqztu.css          3.27 kB │ gzip:   0.97 kB
dist/assets/IntradayResearchView-Dozupkkc.css        3.44 kB │ gzip:   1.06 kB
dist/assets/MacSelect-8VETZDy2.css                   3.64 kB │ gzip:   1.12 kB
dist/assets/AdminDataCenterView-CxKBhypf.css         4.03 kB │ gzip:   1.09 kB
dist/assets/PortfolioView-CPaGAowB.css               4.07 kB │ gzip:   0.99 kB
dist/assets/StockHistoryMenu-BZAt5rDk.css            4.53 kB │ gzip:   1.28 kB
dist/assets/backtest-VGZlEwbn.css                    4.77 kB │ gzip:   1.33 kB
dist/assets/BacktestView-BEfbLTm5.css                6.05 kB │ gzip:   1.53 kB
dist/assets/OptimizeView-CKCk_lXy.css                6.61 kB │ gzip:   1.78 kB
dist/assets/TrackingView-DE8HSi9j.css                7.25 kB │ gzip:   1.73 kB
dist/assets/LoginView-C6otUSAi.css                   7.39 kB │ gzip:   2.13 kB
dist/assets/AccountView-DFlKvEz4.css                 7.47 kB │ gzip:   1.75 kB
dist/assets/TechnicalIndicatorPicker-DK8CWXik.css    8.24 kB │ gzip:   2.02 kB
dist/assets/StrategiesView-CqxJ35Do.css             10.87 kB │ gzip:   2.35 kB
dist/assets/SignalRadarView-CB9jJarc.css            12.89 kB │ gzip:   2.91 kB
dist/assets/AdminAccountsView-BSr7g-GH.css          13.81 kB │ gzip:   3.06 kB
dist/assets/QuantResearchView-B1Z5DIrl.css          18.13 kB │ gzip:   3.64 kB
dist/assets/CloudResearchArchives-Cm8rDFpT.css      22.13 kB │ gzip:   4.31 kB
dist/assets/CompanyResearchView-BVn318qQ.css        22.45 kB │ gzip:   4.10 kB
dist/assets/index-DIJBR0Y9.css                      28.67 kB │ gzip:   6.64 kB
dist/assets/ChanlunView-DPuW1xWl.css               117.43 kB │ gzip:  18.50 kB
dist/assets/format-BbMv5Yas.js                       0.08 kB │ gzip:   0.10 kB
dist/assets/mobile-settings-D_kijUDp.js              0.18 kB │ gzip:   0.16 kB
dist/assets/chart-resize-DcWmBLtk.js                 0.33 kB │ gzip:   0.22 kB
dist/assets/research-input-C5-rhLeS.js               0.33 kB │ gzip:   0.23 kB
dist/assets/market-preferences-Bq-jGZvB.js           0.69 kB │ gzip:   0.50 kB
dist/assets/AdjustPicker-CxYlTw4M.js                 0.78 kB │ gzip:   0.56 kB
dist/assets/bar-time-CQCKboTN.js                     0.90 kB │ gzip:   0.48 kB
dist/assets/StockQueryField-CMVMAdQ_.js              1.03 kB │ gzip:   0.66 kB
dist/assets/StocksPicker-CIbCqKV-.js                 1.66 kB │ gzip:   1.01 kB
dist/assets/PerformanceContextNote-D_WualUp.js       1.77 kB │ gzip:   1.07 kB
dist/assets/ResearchNavigationBar-DbQjB8zp.js        2.22 kB │ gzip:   1.22 kB
dist/assets/NumberStepper-BDDqF0ZQ.js                2.51 kB │ gzip:   1.20 kB
dist/assets/MetricTable-B2pQRc_m.js                  2.80 kB │ gzip:   1.14 kB
dist/assets/PortfolioSummaryTable-Dr9OPT7J.js        2.92 kB │ gzip:   1.55 kB
dist/assets/DataProvenance-BZtSv5bB.js               3.31 kB │ gzip:   1.45 kB
dist/assets/research-navigation-BW9SVirM.js          3.44 kB │ gzip:   1.73 kB
dist/assets/DataGrid-DnARz0Vp.js                     3.64 kB │ gzip:   2.00 kB
dist/assets/AdminDataCenterView-bx6b0550.js          3.73 kB │ gzip:   1.92 kB
dist/assets/ServerSettingsView-BnbcQRA2.js           4.00 kB │ gzip:   1.97 kB
dist/assets/ResearchEntryContext-6_BwkZYT.js         4.06 kB │ gzip:   2.06 kB
dist/assets/ChanlunTargetPicker-BWRQ76ie.js          4.21 kB │ gzip:   1.95 kB
dist/assets/execution-context-D_g72Ub7.js            4.40 kB │ gzip:   2.07 kB
dist/assets/tracking-BfeeHXyA.js                     4.42 kB │ gzip:   2.13 kB
dist/assets/SymbolPicker-BZEaXy9L.js                 4.53 kB │ gzip:   2.22 kB
dist/assets/MetricStateNotes-DGgvJ7it.js             4.58 kB │ gzip:   2.43 kB
dist/assets/MacSelect-BIEZgxyZ.js                    5.27 kB │ gzip:   2.20 kB
dist/assets/LoginView-BG3LZcX8.js                    5.39 kB │ gzip:   2.50 kB
dist/assets/ExtendedMarketView-djuVvGuv.js           5.68 kB │ gzip:   2.64 kB
dist/assets/MultiPeriodOverviewTable-_8bk3ASJ.js     5.76 kB │ gzip:   3.09 kB
dist/assets/KlineChart-CBJQ46y7.js                   6.14 kB │ gzip:   2.78 kB
dist/assets/StrategyPicker-6MMLmWN3.js               6.23 kB │ gzip:   2.82 kB
dist/assets/StockHistoryMenu-C405M377.js             6.30 kB │ gzip:   2.91 kB
dist/assets/CompareView-Bxhd2OCY.js                  6.31 kB │ gzip:   2.92 kB
dist/assets/MarketCenterView-B-GJaw32.js             7.32 kB │ gzip:   3.10 kB
dist/assets/AccountView-CjrIELpq.js                  9.09 kB │ gzip:   3.96 kB
dist/assets/IntradayResearchView-B-9QUz9J.js         9.33 kB │ gzip:   4.31 kB
dist/assets/BoardResearchView-Dp7W3HD4.js            9.53 kB │ gzip:   3.94 kB
dist/assets/SignalRadarView-IYpLKiGm.js             10.45 kB │ gzip:   4.61 kB
dist/assets/TechnicalIndicatorPicker-QCSrmQj-.js    14.78 kB │ gzip:   6.64 kB
dist/assets/PortfolioView-u0q5a2fP.js               14.82 kB │ gzip:   5.78 kB
dist/assets/BacktestView-yYswptHo.js                18.17 kB │ gzip:   7.41 kB
dist/assets/TrackingView-BeL-Jtb9.js                18.70 kB │ gzip:   7.63 kB
dist/assets/AdminAccountsView-Q2K60MNm.js           20.42 kB │ gzip:   8.00 kB
dist/assets/backtest-1AePCqyA.js                    22.43 kB │ gzip:   8.76 kB
dist/assets/StrategiesView-CDuu_483.js              23.46 kB │ gzip:   8.96 kB
dist/assets/OptimizeView-C7AYdgRx.js                28.52 kB │ gzip:  11.28 kB
dist/assets/QuantResearchView-B7pKzS0s.js           31.78 kB │ gzip:  12.20 kB
dist/assets/CompanyResearchView-Cr8bviu-.js         99.02 kB │ gzip:  33.66 kB
dist/assets/CloudResearchArchives-Dgj3Mu21.js      146.60 kB │ gzip:  51.38 kB
dist/assets/index-BWSjKnfh.js                      158.42 kB │ gzip:  60.18 kB
dist/assets/ChanlunView-BNMsb0jz.js                227.28 kB │ gzip:  69.53 kB
dist/assets/ChartFrame-DpNFSf_J.js                 682.14 kB │ gzip: 227.98 kB

✓ built in 735ms
[plugin builtin:vite-reporter] 
(!) Some chunks are larger than 500 kB after minification. Consider:
- Using dynamic import() to code-split the application
- Use build.rolldownOptions.output.codeSplitting to improve chunking: https://rolldown.rs/reference/OutputOptions.codeSplitting
- Adjust chunk size limit for this warning via build.chunkSizeWarningLimit.
