
> web-ui@0.0.0 test
> node scripts/run-tests.mjs

✔ tracking is restricted to active administrators and explicitly authorized users (0.453666ms)
✔ presence requires visible focused recent interaction and never negative elapsed time (0.112417ms)
✔ admin query descriptions label metadata and disclose truncated targets (0.336292ms)
✔ all current chart inspector evidence stays readable without altering original nested data (12.058ms)
✔ reject malformed fields reachable from overlays, popovers and every inspector section with exact paths (20.60775ms)
✔ optional old fields and empty failure checkpoints remain readable, no missing-state invention (0.12875ms)
✔ archive calendar validation rejects normalized impossible dates and illegal clock/offset values (3.195417ms)
✔ bar validation compares actual instants, retains raw strings, rejects equal instants and malformed volume (0.374208ms)
✔ existing frozen matrix bar sources remain readable without mutation (44.671417ms)
✔ event lists and evidence-set reordering never imply new or changed signals; originals remain intact (11.028791ms)
✔ state, lifecycle times and unrounded evidence are classified separately on the same identity (1.007542ms)
✔ same date across families and sides remains independent; true event additions/removals are distinct (0.377042ms)
✔ duplicate identities preserve all records and are never paired arbitrarily (5.457708ms)
✔ missing identity does not cause false removals or additions in its collection (0.417ms)
✔ missing source/list is unknown, not empty or proof of no events (0.33775ms)
✔ never-candidate diagnostics match without A or reference, including special B-only records (0.734875ms)
✔ A trimming changes evidence not identity; original wave anchors and reference changes distinguish bases (0.517708ms)
✔ date normalization preserves intraday, microsecond and timezone distinctions (11.014ms)
✔ source differences and unknown fields/ordered evidence are retained (6.643ms)
✔ different instruments, periods or study results are not matched (2.649458ms)
✔ structure divergences are supported without inventing MACD wave anchors (0.33575ms)
✔ legacy local migration keeps original payload, precision, versions and unknown fields without upgrading (13.536583ms)
✔ cloud exports use latest metadata but retain the original immutable payload, not old cloud ID/revision (0.565834ms)
✔ study import preserves successful and failed periods plus original warmup and primary metadata (0.645417ms)
✔ unknown, incomplete, oversized and nonfinite backups are rejected, never uploaded as summaries (152.858208ms)
✔ all supported chart outputs preserve full precision, null warmups, style and instance order (12.450042ms)
✔ migration IDs survive rescanning/reload, preserve precision and isolate owners and changed content (8.507209ms)
✔ migration rejects missing owners, foreign archives and malformed inputs before upload (3.000542ms)
✔ post-inspection changes never upload under a previously confirmed identity (3.283166ms)
✔ lost response retries the same immutable body and id, without automatic retry or local deletion (2.0955ms)
✔ stop or account changes before/after read and upload discard stale results (2.804625ms)
✔ deleted cloud copies are not restored, purged copies and wrong response IDs are not treated as success (5.066083ms)
✔ chart plan freezes original data and uses original identity/window, not current selection (20.578416ms)
✔ missing volume/time/parameters and unsupported length never silently become a smaller/default study (14.952459ms)
✔ study plan preserves actual research settings and saved time labels (0.193041ms)
✔ unrounded path diff distinguishes null, missing, structure, empty arrays, and ordering (0.247208ms)
✔ response must match request, instrument, version, scope and period identities (2.719083ms)
✔ new archive retains original bars/lineage but never relabels frozen old indicators as recomputed (1.357042ms)
✔ study without saved input retains an explicit uncomputed row, never pretends all periods succeeded (0.227708ms)
✔ complete indicator recompute preserves saved settings, checks response and saves only new values (1.36075ms)
✔ missing or unknown saved indicator parameters cannot borrow current defaults (0.329834ms)
✔ original valid study rows retain precision, unknown fields, true zero and no recomputation (4.199584ms)
✔ invalid nested fields become explicit per-period errors, not silently missing rows (0.5045ms)
✔ strict pen fields reject coercion and preserve historical source errors without reading their invalid nested fields (1.629958ms)
✔ duplicates are not cherry-picked and malformed or future rows remain in original-record entries (0.158ms)
✔ trade lookup keeps the exact minute across separators, precision and days (0.659791ms)
✔ date-only values cannot choose the midnight bar of an ambiguous day (0.080167ms)
✔ daily and duplicate exact timestamps keep first positional matches (0.09025ms)
✔ nanoseconds and timezone text are not truncated into a false match (0.074625ms)
✔ date labels preserve useful precision without local timezone conversion (0.087ms)
✔ higher sources resolve actual records and separate original from current review time (1.561208ms)
✔ base sources and foreign witness rejection have distinct Chinese descriptions (0.104792ms)
✔ inconsistent candidate has no replay evidence: unknown reason (0.078292ms)
✔ inconsistent candidate has no replay evidence: prototype key (0.062834ms)
✔ inconsistent candidate has no replay evidence: future version (0.055083ms)
✔ inconsistent candidate has no replay evidence: future completion (0.046917ms)
✔ inconsistent candidate has no replay evidence: missing time (0.045542ms)
✔ inconsistent candidate has no replay evidence: empty source (0.678167ms)
✔ inconsistent candidate has no replay evidence: duplicate source (0.063042ms)
✔ inconsistent candidate has no replay evidence: unknown source (0.130375ms)
✔ inconsistent candidate has no replay evidence: mixed levels (0.066417ms)
✔ inconsistent candidate has no replay evidence: future child (0.054917ms)
✔ inconsistent candidate has no replay evidence: wrong child level (0.048667ms)
✔ inconsistent candidate has no replay evidence: duplicate record (0.04425ms)
✔ inconsistent candidate has no replay evidence: empty record range (0.050916ms)
✔ inconsistent candidate has no replay evidence: gap (0.047916ms)
✔ inconsistent candidate has no replay evidence: wrong parent range (0.0395ms)
✔ inconsistent candidate has no replay evidence: reversed sources (0.044375ms)
✔ inconsistent candidate has no replay evidence: unsafe base number (0.046666ms)
✔ 80 percent transparency is 20 percent alpha, for both candle directions (0.456ms)
✔ transparency stays finite, integer, and bounded (0.084958ms)
✔ body is symmetric around the unchanged wick across widths and fractional positions (1.506916ms)
✔ horizontal candles preserve every price coordinate (0.09075ms)
✔ missing or non-finite candle layouts are left untouched (0.125041ms)
✔ native ECharts layout remains centred after resize, zoom and data replacement (93.817875ms)
✔ zooming out of large-data line mode restores centred candle bodies (16.896542ms)
✔ structure widths retain existing defaults and hover appearance (0.743209ms)
✔ manual values stay finite, bounded, and at two decimal places (0.128959ms)
✔ raw index overrides rounded dates, including zero (1.532292ms)
✔ legacy intraday dates never fall back to the first bar of the day (0.21275ms)
✔ duplicate formatted times fail safely without a raw index (0.113833ms)
✔ padding keeps the 23px marker plus radius inside the price pane (0.137459ms)
✔ flat, zero and negative ranges get finite padding; invalid extents do not (0.086209ms)
✔ single-bar time link is a thin line limited to each actual plot (0.831625ms)
✔ multi-bar time link has no border and clips to plot, never clamps offscreen data to an edge (0.097292ms)
✔ time links map daily coverage to all minute bars, not a matching ordinal (0.161083ms)
✔ weekly and monthly end-labelled bars cover earlier constituent dates without changing data (1.029917ms)
✔ nearest marker wins regardless of signal family, only co-located points share chooser (0.194625ms)
✔ immutable request cache deduplicates pending work, isolates payload keys and retries errors (0.287292ms)
✔ all six structural types keep extrema and confirmation separate with original evidence (0.604917ms)
✔ legacy records do not invent confirmation or structural sources (0.121167ms)
✔ M1 keeps independent MACD source and original direction, never a structural type (0.314458ms)
✔ all chart layers override independent animation and progressive rendering (0.785125ms)
✔ archive tooltip labels and evidence remain text, not active HTML (0.457125ms)
✔ rejects invalid saved zooms (0.9875ms)
✔ same-snapshot redraw keeps current manually chosen view (0.101292ms)
✔ focus redraw keeps manual zoom; clearing restores pre-focus view (0.074292ms)
✔ switching focus preserves the original return view (0.075833ms)
✔ new snapshot resets saved focus view and never revives old zoom (0.061792ms)
✔ default inactive; moving does not show cards and leaving does not deactivate (0.957167ms)
✔ object previews can read date-card activation without activating it (0.16875ms)
✔ click selects a point; outside click closes; inside click is not dismissed (0.108875ms)
✔ activated cards follow movement until outside dismissal, then require another click (0.116792ms)
✔ zoom clears stale coordinates but preserves activation (0.080208ms)
✔ data reset and Escape deactivate; teardown removes all handlers (0.120166ms)
✔ archive requests bind current owner and bypass browser cache (27.413459ms)
✔ cloud directory validates all rows, quotas and identities without dropping broken entries (7.875125ms)
✔ original detail requires an object payload but action receipts may omit it (0.36425ms)
✔ account change discards delayed success and delayed errors (0.234792ms)
✔ unauthenticated archive requests do not reach server; structured conflicts remain actionable (0.188958ms)
✔ upload retries retain immutable captured body and all numerical precision (0.158084ms)
✔ directed centre chain is candidate evidence, not completion (1.563292ms)
✔ touching, opposing, future, overlapping or malformed chains fail closed (0.260875ms)
✔ single-centre and legacy components remain readable (0.06975ms)
✔ inside, border, reversed y and overlapping rectangles resolve newest first (1.278583ms)
✔ invalid or missing render coordinates cannot create hits (0.096917ms)
✔ popup stays within narrow viewport and near-edge right click (0.09125ms)
✔ roles are Chinese and unknown roles never claim completion (0.428792ms)
✔ source ranges keep one-based indices without disguising gaps (0.091041ms)
✔ coverage checks counts, repeats and missing IDs (0.192625ms)
✔ missing, empty and rejected suffix are explicit (0.070042ms)
✔ invalid counts and empty blocks cannot pass the coverage audit (0.153ms)
✔ uses raw indices, allows shared endpoints and bounds zoom padding (2.401791ms)
✔ does not invent a B interval or infer indices from formatted dates (0.1065ms)
✔ rejects partial, reversed, overlapping and out-of-snapshot evidence (0.126ms)
✔ allows inspection of historical failed evidence without reviving it (0.111209ms)
✔ local proof draws frozen exact endpoints only after its actual confirmation (0.704958ms)
✔ dual-line divergence uses two exact raw indices, never artificial ABC ranges (0.105833ms)
✔ dual-line focus rejects missing, duplicate, reversed and out-of-range points (0.094417ms)
✔ special wave focus uses AB and its extreme without inventing C (0.093375ms)
✔ direction, family and lifecycle have independent marker styles (0.597833ms)
✔ no-C dual-line remains a circle and fills only on first reverse-pen confirmation (0.831375ms)
✔ M1 is restricted to confirmed waves with a later actual confirmation (1.158125ms)
✔ four families retain independent records and nonstandard uses a triangle (0.604084ms)
✔ October 4 marker matrix uses shape for family and colour only for direction (0.394833ms)
✔ special AB evidence separates A line extrema from both price anchors and legacy pivots (0.372041ms)
✔ history is opt-in, inactive stays grey hollow, never creates M1 (0.287084ms)
✔ every historical shape uses a continuous hollow contour, including on hover (0.247041ms)
✔ new nonstandard evidence relaxes prices only and records each subtype (0.153834ms)
✔ new dual rule cannot fill without recorded later local confirmation (0.442541ms)
✔ historical engineering match retains original timing without claiming regrouping completion (1.12175ms)
✔ future, stale, mismatched or incomplete evidence fails closed (0.316875ms)
✔ older snapshots and unmatched parts keep existing natural audit available (0.068958ms)
✔ engineering provenance uses the same one-based numbering as other inspectors (1.528166ms)
✔ mixed recursion distinguishes consolidation and trend from the old trend view (0.179042ms)
✔ unknown or reversed provenance is not presented as a completed trend (0.074042ms)
✔ indicator and price values use two decimals without inventing missing evidence (0.089292ms)
✔ recursive centre relations never call extension candidates completed types (0.07525ms)
✔ admissions distinguish unit confirmation from later failed-return admission (0.059083ms)
✔ display fields retain all text including dates, provenance, and secondary colons (1.623333ms)
✔ narrative, missing evidence, and timestamp headings remain whole (0.22225ms)
✔ selects the exact source without replacing missing comparison periods with the primary (0.488792ms)
✔ prefix audit preserves original warmup snapshot and its own instrument and period (1.138416ms)
✔ rejects invalid positions, missing identity and explicitly unclosed prefix data (0.442958ms)
✔ optimization carries full execution and identity without live defaults (3.56425ms)
✔ malformed, mixed, missing or conflicting optimization context never silently defaults (0.584125ms)
✔ multi original replay preserves costs, slots and adjustment; extend changes only end dates (0.3505ms)
✔ multi rejects corrupt and incompatible slots without dropping or repairing any (0.264958ms)
✔ legacy missing settings are disclosed with deterministic defaults, explicit invalid values rejected (0.13275ms)
✔ combining equal-account singles preserves per-slot cash and costs; conflicts rejected not rewritten (0.344625ms)
✔ all candidate states distinguish eligibility from completed natural types (0.912958ms)
✔ opposite geometry identifies reused next-part evidence, including nonzero source IDs (1.3955ms)
✔ external opposite geometry is not added to candidate membership (0.300083ms)
✔ missing, stale, misattributed or future opposite geometry is not displayed as matched (0.294917ms)
✔ preferred endpoints are never called completed types; conflicts are retained (0.172542ms)
✔ opposite base turn is not same-level completion (0.226459ms)
✔ price formatting preserves zero and boundary contact, guards non-finite values (0.237333ms)
✔ candidate audit joins by identity, not response order (0.172542ms)
✔ part audit must match ordinal AND exact raw source IDs, including shifted IDs (0.596875ms)
✔ locates the three raw ranges without relabelling them as MACD or confirmed centres (0.930083ms)
✔ candidate must already be observable at the CURRENT replay prefix (0.172458ms)
✔ no incomplete, waiting or unsupported candidate is given a fabricated range (0.106916ms)
✔ raw bar boundaries must be contiguous and inside the visible window (0.138792ms)
✔ source partitions must cover every original segment once, preserving nonzero IDs (0.122875ms)
✔ conflicting geometric fallback remains viewable for manual audit (0.071209ms)
✔ clearing a regrouping focus restores original zoom; a new replay snapshot does not (0.121625ms)
✔ membership labels distinguish source confirmation from later admission (0.488125ms)
✔ admission witness distinguishes confirmation dependency from geometric membership (0.083958ms)
✔ old or malformed evidence never invents an admission witness (0.073625ms)
✔ factor glossary accepts standard abbreviations with spaces or underscores (0.568583ms)
✔ factor missing values never become valid zero (0.0945ms)
✔ factor ranking is stable, non-mutating and missing-last in both directions (10.870125ms)
✔ menus stay inside phone, keyboard and landscape viewports (0.57775ms)
✔ near-bottom controls open upwards without changing ordinary desktop width (0.093833ms)
✔ warmup null, missing and invalid indicator values never become invented zeroes (0.931625ms)
✔ freeze all supported indicator outputs, warmup holes, volume averages and exact numerical precision (8.357625ms)
✔ frozen playback keeps captured values despite different current prices and never queries APIs (1.937959ms)
✔ malformed or mismatched frozen values fail closed, never fall back to recomputation (1.315416ms)
✔ marker hit uses signed stacking offset for both directions, not candle position (0.411958ms)
✔ symbol size and invalid render positions are handled safely (0.081709ms)
✔ market tab changes discard old success and cannot stop the new spinner (321.2165ms)
✔ market late failure after filter cannot resurrect an error (38.230917ms)
✔ market late failure after owner cannot resurrect an error (21.051ms)
✔ market late failure after unmount cannot resurrect an error (18.673709ms)
✔ directory count failure preserves valid rows; late totals cannot cross markets (23.949584ms)
✔ board selection clears old details and ignores slower preceding member responses (51.755958ms)
✔ board list filter changes invalidate pending member requests and prevent old auto-selection (23.938042ms)
✔ default board preload remains system-origin after manual list refresh (15.277042ms)
✔ belonging response after stock cannot change results or stock history (18.554333ms)
✔ belonging response after owner cannot change results or stock history (32.719208ms)
✔ belonging response after unmount cannot change results or stock history (23.293083ms)
✔ current belonging success records captured stock; concurrent member failure has separate feedback (9.480333ms)
✔ market selection uses loaded market, clears on filters, and distinguishes shared stock/index codes (13.497542ms)
✔ board analysis uses result classification; members require their own market (18.012542ms)
✔ aborted late response cannot publish metadata even if transport ignores abort (22.433792ms)
✔ missing provenance or silently changed adjustment never reaches research (0.137292ms)
✔ reported gaps do not falsely label suspension or prevent inspecting valid candles (0.1015ms)
✔ history fetch consumes one verified range and publishes complete metadata only after validation (2.099959ms)
✔ unclosed response never updates provenance or reaches the backtest (0.278209ms)
✔ null, true zero, infinities and real 999 are distinct after JSON roundtrip (0.430958ms)
✔ single, saved and comparison results retain authoritative metric basis (0.474917ms)
✔ whole proof validated without mutation, and cross-role ownership remains visible (0.996791ms)
✔ stale, future, duplicated, incomplete, falsely completed and mismatched sources rejected (0.277292ms)
✔ base runs cannot masquerade as proofs or own multiple provisional regions (0.072125ms)
✔ blocked covers show full conflicts, never fabricated flattened blocks (0.085375ms)
✔ labels retain provisional scope (0.061208ms)
✔ all seven MA presets are available but only MA5 and MA10 start visible (0.807834ms)
✔ each chart session gets independent editable settings without changing presets (0.074542ms)
✔ MA presets retain the requested yellow, white, purple, green, cyan, orange, red palette (0.070208ms)
✔ legend retains every MA choice and explicit hidden states override stale chart selection (0.104083ms)
✔ cross-boundary details resolve actual input and nested ownership records (1.3065ms)
✔ unowned reverse evidence stays explicitly unowned for boundary rejection (0.108416ms)
✔ foreign witness can be shown for an otherwise single-owner candidate (0.098292ms)
✔ legacy candidates do not invent missing conflict details (2.092792ms)
✔ damaged detail is not presented: mismatched candidate sources (0.105417ms)
✔ damaged detail is not presented: wrong layer (3.350375ms)
✔ damaged detail is not presented: unknown reverse input (0.358042ms)
✔ damaged detail is not presented: wrong reverse range (0.236625ms)
✔ damaged detail is not presented: reverse overlaps prices (0.187875ms)
✔ damaged detail is not presented: future reverse confirmation (0.261375ms)
✔ damaged detail is not presented: wrong reverse time (0.145417ms)
✔ damaged detail is not presented: incomplete domain list (0.197375ms)
✔ damaged detail is not presented: duplicate domains (0.117ms)
✔ damaged detail is not presented: noncontinuous domain (0.101875ms)
✔ damaged detail is not presented: foreign domain misses witness (0.1175ms)
✔ damaged detail is not presented: false unowned witness (0.157083ms)
✔ damaged detail is not presented: missing nested record (0.186ms)
✔ damaged detail is not presented: wrong reason (0.124584ms)
✔ only current owner revisions form the displayed ownership set (1.702042ms)
✔ internal provenance remains distinct and validates enclosing ownership (0.635292ms)
✔ parent-covered history is not labeled as an additional effective input (0.090958ms)
✔ nested provenance validates containment and strictly increasing input levels (0.181459ms)
✔ current owner labels are distinct from creation IDs and tolerate old snapshots (0.096291ms)
✔ summary mode lists every historical address, not just current versions (0.709625ms)
✔ full and missing legacy snapshots stay readable without inventing history (0.077375ms)
✔ all four analysis paths explicitly request summary delivery without changing input (0.339917ms)
✔ complete lifecycle stays chronological, does not mutate input, and uses Chinese labels (1.242542ms)
✔ legacy or future history is not invented (0.120833ms)
✔ dangling, reordered, duplicated, miscounted and conflicting histories fail closed (1.374875ms)
✔ equal counts cannot hide swapped source identities (0.084833ms)
✔ intermediate event boundaries must equal actual inherited and added sources (0.073834ms)
✔ input evidence must exist at the correct level and be available at admission (0.196792ms)
✔ invalid domain sources, membership and parent context fail closed (0.170042ms)
✔ leftward growth, shifted sources and newly filled merge gaps remain valid (1.382833ms)
✔ both periods exclude future and open candles while retaining original warm-up start (1.64275ms)
✔ snapshot observation time caps cutoff; bar start before cutoff is not enough (0.241042ms)
✔ no timeframe fallback or fabricated candles when historical minute range is unavailable (0.096917ms)
✔ index and board snapshots retain NONE adjustment, mismatch is rejected (0.237417ms)
✔ missing completion evidence, timezone timestamps and unordered bars fail explicitly (0.142084ms)
✔ week/month completion boundary comes from provider annotation, not day label (0.110208ms)
✔ matrix defaults to exactly the five requested periods in image order and six information columns (0.892625ms)
✔ does not turn current reversal observation into a confirmed opposite pen (0.1545ms)
✔ keeps true zero distinct from missing, and numerical display never overwrites original axis judgment (0.117875ms)
✔ keeps divergence family, extrema and actual confirmation separate; never drops records (12.367667ms)
✔ missing pen and divergence are bounded claims; quality limitations stay visible (0.5885ms)
✔ library original/extended multi replay uses saved costs despite global preference changes (204.187959ms)
✔ portfolio load -> actual store task lifecycle -> save uses identical context and all costs (31.295334ms)
✔ portfolio catalog-stage input is isolated before saved fetch (24.080792ms)
✔ portfolio catalog-stage params is isolated before saved fetch (26.124334ms)
✔ portfolio catalog-stage owner is isolated before saved fetch (17.116709ms)
✔ portfolio catalog-stage failure is isolated before saved fetch (15.238083ms)
✔ portfolio catalog-stage empty is isolated before saved fetch (16.485ms)
✔ pending portfolio cannot survive input (14.220458ms)
✔ pending portfolio cannot survive owner (15.457666ms)
✔ pending portfolio cannot survive unmount (17.912291ms)
✔ store account epoch clears completed results in all four task families (14.211ms)
✔ runPortfolio old account error is ignored even after switching back (13.956625ms)
✔ runMultiStrategy old account error is ignored even after switching back (15.264958ms)
✔ runOptimize old account error is ignored even after switching back (12.349666ms)
✔ runOptimizeAll old account error is ignored even after switching back (13.158ms)
✔ optimizer takes an input snapshot before awaiting bars and hands off the result strategy/adjustment (18.362291ms)
✔ portfolio late save cannot close or annotate newly changed configuration (14.484916ms)
✔ library name lookup cannot mix later input or account into a save (55.166916ms)
✔ library saves a multi result with submitted adjustment, not the later global preference (17.066083ms)
✔ late library list cannot replace a newly created record and owner change clears all personal rows (16.436458ms)
✔ portfolio identity rejects mixed markets, repeats and invalid lengths (0.219375ms)
✔ late preference response cannot revert a newer adjustment; queued patch is captured (106.347834ms)
✔ account switch drops old queue, permits new account immediately and ignores late response (36.328334ms)
✔ same-account logout/login does not accept response from prior session epoch (32.624709ms)
✔ failed saves reject caller, do not wedge queue or restore stale role permissions (18.868625ms)
✔ mismatched response owner and logged-out saves are rejected (8.572167ms)
✔ market preference watcher survives the first route unmount and follows owner changes (14.258875ms)
✔ late name hydration cannot write across accounts; new owner hydrates independently (34.399875ms)
✔ sidebar hydration never writes, old-owner timers cancel, failures are handled (122.275208ms)
✔ forming candles preserve OHLC and use dashed empty outlines (0.465667ms)
✔ forming volume and signed MACD columns preserve values and direction (0.106125ms)
✔ query defaults to system, manual intent is synchronous and explicit (0.538584ms)
✔ direct bar snapshot fetch preserves explicit intent, including failed requests (61.181625ms)
✔ pending manual requests do not mark concurrent automatic work or async continuations (0.117333ms)
✔ API dispatch tags manual queries but excludes automatic name lookup and task polling (1.607042ms)
✔ original task references round-trip and legacy references remain distinguishable (1.053791ms)
✔ cache receipt must be a real ID string, never coerced or inherited from another owner (0.306792ms)
✔ all frozen bars and precision survive; changed code is disclosed, not represented as old execution (0.891ms)
✔ invalid original receipt task stops instead of substituting live data (0.175208ms)
✔ invalid original receipt row stops instead of substituting live data (0.078833ms)
✔ invalid original receipt market stops instead of substituting live data (0.067166ms)
✔ invalid original receipt symbol stops instead of substituting live data (0.066625ms)
✔ invalid original receipt params stops instead of substituting live data (0.059458ms)
✔ invalid original receipt strategy stops instead of substituting live data (0.077416ms)
✔ invalid original receipt fingerprint stops instead of substituting live data (0.117375ms)
✔ invalid original receipt adjust stops instead of substituting live data (0.248542ms)
✔ invalid original receipt signal stops instead of substituting live data (0.30475ms)
✔ invalid original receipt malformed signals stops instead of substituting live data (0.065417ms)
✔ invalid original receipt row error stops instead of substituting live data (0.055459ms)
✔ invalid original receipt storage stops instead of substituting live data (0.659167ms)
✔ invalid original receipt version stops instead of substituting live data (0.208375ms)
✔ invalid original receipt missing bars stops instead of substituting live data (0.155167ms)
✔ invalid original receipt null bar stops instead of substituting live data (0.145792ms)
✔ invalid original receipt order stops instead of substituting live data (0.157458ms)
✔ invalid original receipt open bar stops instead of substituting live data (0.129333ms)
✔ invalid original receipt future stops instead of substituting live data (0.181917ms)
✔ invalid original receipt negative duration stops instead of substituting live data (0.164791ms)
✔ invalid original receipt missing cutoff stops instead of substituting live data (0.104542ms)
✔ invalid original receipt number string stops instead of substituting live data (0.153334ms)
✔ invalid original receipt NaN stops instead of substituting live data (0.127292ms)
✔ invalid original receipt bad low stops instead of substituting live data (6.383833ms)
✔ invalid original receipt negative volume stops instead of substituting live data (0.147833ms)
✔ API sends owner and abort signal with no-store; unavailable receipt never calls a live feed (66.988542ms)
✔ actual picker loads the original complete warmup and stores actual dates, not form defaults (3.658459ms)
✔ failed original input does not fall back to newly fetched prices (0.906958ms)
✔ pending original input cannot commit after owner (23.681833ms)
✔ pending original input cannot commit after code (1.335083ms)
✔ pending original input cannot commit after unmount (1.482417ms)
✔ radar review captures row adjustment, exact minute, strategy and original cutoff (0.887792ms)
✔ invalid or legacy reviews fail explicitly without guessing data or adjustment (0.5585ms)
✔ exchange-local dates validate without browser timezone conversion (0.0995ms)
✔ review excludes future and unclosed bars, resets derived fingerprint and reports actual range without mutating source (1.004042ms)
✔ radar cache is owner scoped and malformed/legacy records never enter the UI (0.434709ms)
✔ late messages, close and errors from an old socket cannot affect replacement (0.801417ms)
✔ invalid messages and control responses never become ticks; close reason retained (0.154083ms)
✔ matching versions are selected by case identity without mutation (0.919167ms)
✔ future snapshots, wrong rules, incomplete chains and duplicate cases are rejected (0.214333ms)
✔ labels never confuse endpoint consistency or higher-centre proof with completion (0.130792ms)
✔ v2 keeps the detached prefix and v1 remains readable (0.308459ms)
✔ v3 supports trend search while retaining the same ownership guards (0.113792ms)
✔ missing, duplicated, misattributed or silently completed prefix is rejected (0.302916ms)
✔ reincorporation is recorded explicitly instead of erasing detached history (1.125125ms)
✔ accepts bounded history and empty verified batches (0.502583ms)
✔ rejects wrong batch, future indices, broken sources and contradictory state (0.217583ms)
✔ research labels distinguish absence, release, retained and internal (0.079209ms)
✔ late old responses cannot own a newer research request (0.494667ms)
✔ submission fields are captured values, not mutable form references (0.419583ms)
✔ navigation preserves explicit stock/index/fund/board identity and parameters without auto run (3.832041ms)
✔ ambiguous identity is rejected rather than guessed or numeric code padded (0.398584ms)
✔ query parser rejects incomplete, duplicate, incompatible and mixed-context values (2.126292ms)
✔ snapshot import keeps original data and normalizes optional display metadata (7.029292ms)
✔ reject invalid schema, periods, oversized arrays and impossible candle prices (0.818208ms)
✔ cloud archives retain larger frozen windows and all supported distinct periods (30.171416ms)
✔ import keeps valid frozen outputs and rejects mismatched frozen data instead of recomputing (8.370084ms)
✔ window is exchange local and bounded by the snapshot cutoff (1.14925ms)
✔ missing numbers and candidate status are never promoted (0.140458ms)
✔ amber projection resolves daily and minute labels, ignores open candle (0.354625ms)
✔ three workspaces are keyboard traversable without dropping an existing mode (0.760292ms)
✔ mobile comparison shows exactly the selected snapshot; desktop shows both (0.096458ms)
✔ inactive research never starts automatic work, valid active research does (0.081375ms)
✔ saved single strategy restores market, period, adjustment and all execution costs exactly (6.953ms)
✔ missing legacy fields disclose supplied defaults instead of claiming complete restoration (0.234542ms)
✔ explicit contradictory market and unsupported instruments are not silently rewritten (0.321542ms)
✔ invalid present fields are errors, not fallback defaults (1.616917ms)
✔ saved links identify records only and cannot inject alternate execution context (0.458375ms)
✔ catalog-stage input cannot restore saved inputs or dispatch a task (7.68175ms)
✔ catalog-stage params cannot restore saved inputs or dispatch a task (2.028375ms)
✔ catalog-stage owner cannot restore saved inputs or dispatch a task (1.205542ms)
✔ catalog-stage failure cannot restore saved inputs or dispatch a task (1.105459ms)
✔ optimization context restores every execution field and malformed context blocks dispatch (1.59025ms)
✔ actual backtest view loads exact saved context without running, then saves the configuration used (1.597208ms)
✔ saving original radar warmup uses loaded input dates, not hidden form defaults (1.239208ms)
✔ late saved record cannot overwrite owner (1.488417ms)
✔ late saved record cannot overwrite route (1.290416ms)
✔ late saved record cannot overwrite input (1.131084ms)
✔ late saved record cannot overwrite unmount (1.004625ms)
✔ invalid saved context blocks run, while legacy missing fields disclose fallback (3.691875ms)
✔ every execution input invalidates the old result before it can be saved (11.829542ms)
✔ editing a cost while bars are pending never runs the new form on the old request (1.081916ms)
✔ save completion after owner cannot write into a different page or account (0.933084ms)
✔ save completion after route cannot write into a different page or account (0.935958ms)
✔ save completion after unmount cannot write into a different page or account (1.030833ms)
✔ audit description translates permissions and never renders arbitrary detail fields (1.677875ms)
✔ audit time is explicitly Shanghai time and invalid data remains readable (18.389709ms)
✔ audit API preserves bounded pagination/filter state and authenticated credentials (19.448208ms)
✔ distinguishes no candidate, failed current audit, and actual invalidation without promoting legacy state (1.08125ms)
✔ filters independent families and directions without merging special and local dual-line evidence (0.939417ms)
✔ searches lifecycle dates and failure reasons with all terms required, retaining original source objects (0.122291ms)
✔ searches diagnostic rejection history without silently reviving historical candidates (0.372458ms)
✔ all excludes bc false, preserves input order and records, and does not infer missing direction (0.131292ms)
✔ legacy diagnostic family is standard, and empty diagnostics do not invent rejection records (0.101667ms)
✔ structural points retain their own confirmation and evidence, never deriving them from a MACD source (0.438584ms)
✔ M1 uses exact existing gates and remains a separate view of its original standard event (0.248333ms)
✔ combined date query finds independent point, prompt and event records without deduplication or additive counts (0.131417ms)
✔ chart date matches structured lifecycle timestamps, not coincidental prose dates (0.248959ms)
✔ minute evidence uses exact exchange-local minute, accepting T/space and refusing missing time (0.098042ms)
✔ chart date includes diagnostic ABC and rejection coverage without inventing open or reversed intervals (0.206834ms)
✔ date scope combines with all filters for structural points and original M1 sources (0.101375ms)
✔ new standard evidence explains price, old blocker and independent special lifecycle (1.108625ms)
✔ new gates include counts, boundary and dates without undefined placeholder (0.769542ms)
✔ legacy comparisons retain old detected confirmed and invalidated dates (0.43875ms)
✔ initial schema and refreshed catalog preserve supplied parameters; strategy change alone resets (2.765792ms)
✔ late catalog defaults are suspended until route validation and then fill only missing fields (0.756667ms)
✔ structure dates remove midnight noise without changing intraday precision (0.961334ms)
✔ centre evidence distinguishes fixed core, outer range and candidate expansion (1.382292ms)
✔ segment evidence includes source prices and reverse proof with one-based labels (0.367208ms)
✔ missing legacy evidence does not invent confirmation (0.215792ms)
✔ special inclusion explains boundary exception without labelling it an ordinary fractal (0.148ms)
✔ centre relation history distinguishes current candidate from original separation (0.2335ms)
✔ confirmation replay translates raw indices without date matching (0.170083ms)
✔ unknown, invalid or out-of-snapshot confirmations have no replay target (0.179625ms)
✔ connection badge validates shared time, price and alternating direction (0.440458ms)
✔ reverse preview uses observed extreme, not last close or a future target (0.908166ms)
✔ mirrored lows produce an upward reference (0.097708ms)
✔ no invented reference for missing, ambiguous, extending, or invalid inputs (0.112333ms)
✔ replay prefix cannot use a later extreme; ties retain first occurrence (0.090208ms)
✔ ongoing consolidation differs by color, line pattern, and fill (0.095958ms)
✔ task stores detached actual inputs, user submission and system polling (1.686625ms)
✔ invalidated submit resolve cannot revive result/error/spinner (1.813833ms)
✔ invalidated submit reject cannot revive result/error/spinner (0.5205ms)
✔ invalidated poll resolve cannot revive result/error/spinner (3.249541ms)
✔ invalidated poll reject cannot revive result/error/spinner (1.495625ms)
✔ earlier request completion cannot stop a newer task or replace its context (1.042708ms)
✔ owner change stops polling and cannot attribute prior account result to the new account (0.83475ms)
✔ failed remains failure, never successful completion (0.481292ms)
✔ cancelled remains failure, never successful completion (0.207959ms)
✔ timed_out remains failure, never successful completion (0.198667ms)
✔ cancelling is not completed; wrong ID, malformed result and unknown status fail closed (1.745875ms)
✔ deadline aborts polling and explicitly says the server may still be running (15.889125ms)
✔ task API sends captured owner and abort signal; old callers remain compatible (13.916ms)
✔ task list rejects malformed responses instead of replacing records with undefined (18.544542ms)
✔ cancelling is not terminal and elapsed values remain readable (0.351708ms)
✔ runBacktestWithPolling waits through cancelling and returns cancelled (4.936417ms)
✔ runBacktestWithPolling waits through cancelling and returns timed_out (4.202958ms)
✔ runSignalScanWithPolling waits through cancelling and returns cancelled (2.374542ms)
✔ runSignalScanWithPolling waits through cancelling and returns timed_out (0.650375ms)
✔ cancel API uses POST, and partial cancelled scan results are never accepted (0.6835ms)
✔ persistent recovery and version mismatch are distinct from completion (0.595833ms)
✔ terminal task deletion handles empty 204 and encodes identity (0.307875ms)
✔ checkpoint presence is not confused with verified reuse or task completion (0.647875ms)
✔ cached completed submission is retrieved rather than shown as running (0.519917ms)
✔ network failures are localized across WebKit, Chromium and Firefox (0.428ms)
✔ tracking identity separates asset types, exchanges and board catalogues (0.732625ms)
✔ cloud book validates without silently dropping corrupt groups or duplicate entries (0.588041ms)
✔ expansion preserves every member and all board/direct sources, not a 200-row display page (1.259792ms)
✔ membership failure is explicit and malformed partial membership is never accepted (0.213875ms)
✔ batch runs sequentially, keeps partial errors and continues after a failed target (9.597875ms)
✔ cancellation marks in-flight and unstarted rows, ignoring a late success (0.549875ms)
✔ group breadth counts only available periods, never treats failed targets as neutral evidence (2.284708ms)
✔ exact current revision accepts only its own evidence without mutation (1.02325ms)
✔ old partition, stale version, future evidence and false completion are rejected (0.270333ms)
✔ historical audit cannot import a later opposite segment (0.082375ms)
✔ empty partitions and higher-proof priority retain explicit blockers (0.068458ms)
✔ new blockers use Chinese labels without calling prerequisites completion (0.129834ms)
✔ missing comparison interval is explained in Chinese without inventing a date (0.595125ms)
✔ special diagnostics identify each A indicator witness rather than the price witness (0.161167ms)
✔ nonstandard DEA axis gate remains explicit without an improvement requirement (0.135ms)
✔ DEA tolerance discloses research threshold, precise deviation and near-zero fallback (0.164833ms)
✔ wave evidence separates effective A from original wave and local pivots (1.077ms)
✔ rounded equal line extrema disclose the precise failed values and witness times (0.244958ms)
✔ comparisons are explicitly research only and preserve B/C axis checks (0.125334ms)
✔ unformed candidate shows Chinese gates, two-decimal values and rejection dates (0.27425ms)
✔ new nonstandard audit explicitly uses full A and first-formed reverse evidence explains gaps (0.141542ms)
ℹ tests 468
ℹ suites 0
ℹ pass 468
ℹ fail 0
ℹ cancelled 0
ℹ skipped 0
ℹ todo 0
ℹ duration_ms 2472.193
→ 打包中…
→ 运行测试…
京东方评级: D 分数: 34.3
维度明细: 卡玛比率=22.7, 最大回撤=27.5, 胜率=33.5, 利润因子=34.1, 夏普比率=41.5, 波动率=50.1
否决: 利润因子 1.11 接近 1，仅勉强盈亏平衡
长线优质策略评级: B 分数: 64.5
维度权重: 卡玛比率=28%, 最大回撤=26%, 胜率=0%, 利润因子=0%, 夏普比率=23%, 波动率=23%
优质案例评级: A 分数: 83.9
寻优点评级: A 74
组合重算指标: { '年化': '20.83%', '回撤': '0.80%', '夏普': '5.27', '卡玛': '26.03' }
稳定上涨组合评级: S 91.8
波动组合重算: { '回撤': '44.15%', '夏普': '-2.64', '持续': 60 }
波动组合评级: D 18.5
✔ 新版组合评级使用后端采样，不按图表柱数重新日线年化 (1.278625ms)
✔ 必要风险指标缺失不能展示为零风险或正常评级 (0.217167ms)
✔ 无穷比率不等于满分，真实零利润因子仍按亏损判断 (0.117833ms)
✔ 京东方回测必须评为 D 档（用户核心诉求验证点） (0.453333ms)
✔ 京东方评分应在 30-43 区间（C 与 D 的边界） (0.175666ms)
✔ 低利润因子触发系统亏损否决 (0.082791ms)
✔ 样本不足（< 10 笔交易）降权但不否决整个评级 (0.139209ms)
✔ 用户实测场景：6年6笔交易 + 高夏普 → 应得 A/B（核心回归测试） (0.211209ms)
✔ 深回撤 > 60% 触发直接 D 否决 (0.109333ms)
✔ 优质回测应得 A 或 S 档 (0.129875ms)
✔ 高回撤但收益高 → 最高 B（一票否决 cap） (0.074709ms)
✔ 插值函数：边界值取端点分数 (0.063833ms)
✔ 插值函数：中间值线性插值 (0.040125ms)
✔ 寻优评级：4 维度降级版 (0.079166ms)
✔ 寻优评级：网格点交易太少 → 降权但评级照常 (0.069ms)
✔ 组合评级：稳定上涨净值应得 A 或 S (1.540833ms)
✔ 组合评级：高波动深回撤净值 → 低档 (0.507917ms)
✔ combinedMetrics：单点净值返回全 0（兜底） (0.057875ms)
✔ 历史组合仅保留原值，不从曲线推断日线或重算评级 (0.423834ms)
✔ v1-v4、未知版本及不完整依据不伪装为新版结果 (0.534333ms)
✔ 新版结果使用已记录指标，真实 999 和零不被当作历史哨兵 (0.079291ms)
✔ 指标状态缺失或与数值冲突不能产出评级，包括被降权维度 (0.095166ms)
✔ 低交易样本的真实不可用逐笔指标仍可降权，不误拦截可用净值评级 (0.074333ms)
✔ 寻优逐行核验新版采样与候选状态，输入范围不替代候选证据 (0.101083ms)
✔ 完整快照保留精度、真实 0/999、全部指标及版本且不关联可变输入 (0.584875ms)
✔ 策略保存接受真实 Vue 响应式结果，不因 Proxy 无法 structuredClone 而失败 (0.534875ms)
✔ 再次保存历史指标不补造新版计算或评级依据 (0.090542ms)
✔ 对比展示原值并指出版本、周期、范围与利率差异，不自动重算 (0.224208ms)
ℹ tests 28
ℹ suites 0
ℹ pass 28
ℹ fail 0
ℹ cancelled 0
ℹ skipped 0
ℹ todo 0
ℹ duration_ms 85.733458
