
> web-ui@0.0.0 test
> node scripts/run-tests.mjs

✔ tracking is restricted to active administrators and explicitly authorized users (0.429041ms)
✔ presence requires visible focused recent interaction and never negative elapsed time (0.104333ms)
✔ admin query descriptions label metadata and disclose truncated targets (0.179458ms)
✔ all current chart inspector evidence stays readable without altering original nested data (21.974292ms)
✔ reject malformed fields reachable from overlays, popovers and every inspector section with exact paths (5.917666ms)
✔ optional old fields and empty failure checkpoints remain readable, no missing-state invention (0.134208ms)
✔ archive calendar validation rejects normalized impossible dates and illegal clock/offset values (12.545708ms)
✔ bar validation compares actual instants, retains raw strings, rejects equal instants and malformed volume (3.453ms)
✔ existing frozen matrix bar sources remain readable without mutation (46.084333ms)
✔ event lists and evidence-set reordering never imply new or changed signals; originals remain intact (13.468334ms)
✔ state, lifecycle times and unrounded evidence are classified separately on the same identity (9.978417ms)
✔ same date across families and sides remains independent; true event additions/removals are distinct (0.406583ms)
✔ duplicate identities preserve all records and are never paired arbitrarily (0.436916ms)
✔ missing identity does not cause false removals or additions in its collection (0.337ms)
✔ missing source/list is unknown, not empty or proof of no events (3.540375ms)
✔ never-candidate diagnostics match without A or reference, including special B-only records (0.508209ms)
✔ A trimming changes evidence not identity; original wave anchors and reference changes distinguish bases (0.548834ms)
✔ date normalization preserves intraday, microsecond and timezone distinctions (1.406459ms)
✔ source differences and unknown fields/ordered evidence are retained (0.987958ms)
✔ different instruments, periods or study results are not matched (0.100667ms)
✔ structure divergences are supported without inventing MACD wave anchors (0.264084ms)
✔ legacy local migration keeps original payload, precision, versions and unknown fields without upgrading (2.877625ms)
✔ cloud exports use latest metadata but retain the original immutable payload, not old cloud ID/revision (0.584208ms)
✔ study import preserves successful and failed periods plus original warmup and primary metadata (0.646292ms)
✔ unknown, incomplete, oversized and nonfinite backups are rejected, never uploaded as summaries (181.765041ms)
✔ all supported chart outputs preserve full precision, null warmups, style and instance order (11.462542ms)
✔ migration IDs survive rescanning/reload, preserve precision and isolate owners and changed content (17.945292ms)
✔ migration rejects missing owners, foreign archives and malformed inputs before upload (1.277958ms)
✔ post-inspection changes never upload under a previously confirmed identity (3.420208ms)
✔ lost response retries the same immutable body and id, without automatic retry or local deletion (2.812541ms)
✔ stop or account changes before/after read and upload discard stale results (2.466875ms)
✔ deleted cloud copies are not restored, purged copies and wrong response IDs are not treated as success (2.022584ms)
✔ chart plan freezes original data and uses original identity/window, not current selection (6.268791ms)
✔ missing volume/time/parameters and unsupported length never silently become a smaller/default study (10.297167ms)
✔ study plan preserves actual research settings and saved time labels (0.413667ms)
✔ unrounded path diff distinguishes null, missing, structure, empty arrays, and ordering (0.28ms)
✔ response must match request, instrument, version, scope and period identities (0.54075ms)
✔ new archive retains original bars/lineage but never relabels frozen old indicators as recomputed (0.38025ms)
✔ study without saved input retains an explicit uncomputed row, never pretends all periods succeeded (0.19475ms)
✔ complete indicator recompute preserves saved settings, checks response and saves only new values (2.570875ms)
✔ missing or unknown saved indicator parameters cannot borrow current defaults (18.771417ms)
✔ original valid study rows retain precision, unknown fields, true zero and no recomputation (6.935083ms)
✔ invalid nested fields become explicit per-period errors, not silently missing rows (0.515834ms)
✔ strict pen fields reject coercion and preserve historical source errors without reading their invalid nested fields (18.222875ms)
✔ duplicates are not cherry-picked and malformed or future rows remain in original-record entries (0.407458ms)
✔ full backtest file and cloud envelope retain all fields; no implicit Chanlun recompute (2.955708ms)
✔ invalid cash cannot become a readable archive (0.102209ms)
✔ invalid params cannot become a readable archive (0.077334ms)
✔ invalid adjust cannot become a readable archive (0.099ms)
✔ invalid null lineage cannot become a readable archive (0.122792ms)
✔ invalid net value cannot become a readable archive (0.10025ms)
✔ invalid future trade cannot become a readable archive (0.08925ms)
✔ invalid duplicate date cannot become a readable archive (0.081125ms)
✔ invalid missing metrics cannot become a readable archive (0.08525ms)
✔ invalid nested infinity cannot become a readable archive (0.142792ms)
✔ invalid coerced rejected cannot become a readable archive (0.102041ms)
✔ actual store freezes submitted input and result separately from later source mutation (148.334333ms)
✔ actual store rejects stale or failed owner run and clears prior archive (91.67725ms)
✔ actual store rejects stale or failed input run and clears prior archive (71.124125ms)
✔ actual store rejects stale or failed clear run and clears prior archive (79.093542ms)
✔ actual store rejects stale or failed failure run and clears prior archive (55.005ms)
✔ trade lookup keeps the exact minute across separators, precision and days (2.028625ms)
✔ date-only values cannot choose the midnight bar of an ambiguous day (0.124833ms)
✔ daily and duplicate exact timestamps keep first positional matches (0.085541ms)
✔ nanoseconds and timezone text are not truncated into a false match (0.073625ms)
✔ date labels preserve useful precision without local timezone conversion (0.088209ms)
✔ higher sources resolve actual records and separate original from current review time (1.089167ms)
✔ base sources and foreign witness rejection have distinct Chinese descriptions (0.099958ms)
✔ inconsistent candidate has no replay evidence: unknown reason (0.084583ms)
✔ inconsistent candidate has no replay evidence: prototype key (0.069209ms)
✔ inconsistent candidate has no replay evidence: future version (0.063542ms)
✔ inconsistent candidate has no replay evidence: future completion (0.641625ms)
✔ inconsistent candidate has no replay evidence: missing time (0.051167ms)
✔ inconsistent candidate has no replay evidence: empty source (0.042833ms)
✔ inconsistent candidate has no replay evidence: duplicate source (0.051083ms)
✔ inconsistent candidate has no replay evidence: unknown source (0.097042ms)
✔ inconsistent candidate has no replay evidence: mixed levels (0.060166ms)
✔ inconsistent candidate has no replay evidence: future child (0.052041ms)
✔ inconsistent candidate has no replay evidence: wrong child level (0.044459ms)
✔ inconsistent candidate has no replay evidence: duplicate record (0.039958ms)
✔ inconsistent candidate has no replay evidence: empty record range (0.042417ms)
✔ inconsistent candidate has no replay evidence: gap (0.042833ms)
✔ inconsistent candidate has no replay evidence: wrong parent range (0.037375ms)
✔ inconsistent candidate has no replay evidence: reversed sources (0.035167ms)
✔ inconsistent candidate has no replay evidence: unsafe base number (0.040834ms)
✔ 80 percent transparency is 20 percent alpha, for both candle directions (2.990042ms)
✔ transparency stays finite, integer, and bounded (0.120709ms)
✔ body is symmetric around the unchanged wick across widths and fractional positions (2.238333ms)
✔ horizontal candles preserve every price coordinate (0.114667ms)
✔ missing or non-finite candle layouts are left untouched (0.100458ms)
✔ native ECharts layout remains centred after resize, zoom and data replacement (248.147333ms)
✔ zooming out of large-data line mode restores centred candle bodies (87.093541ms)
✔ structure widths retain existing defaults and hover appearance (0.728834ms)
✔ manual values stay finite, bounded, and at two decimal places (0.130875ms)
✔ raw index overrides rounded dates, including zero (0.452708ms)
✔ legacy intraday dates never fall back to the first bar of the day (0.110417ms)
✔ duplicate formatted times fail safely without a raw index (0.068917ms)
✔ padding keeps the 23px marker plus radius inside the price pane (0.130541ms)
✔ flat, zero and negative ranges get finite padding; invalid extents do not (0.073917ms)
✔ single-bar time link is a thin line limited to each actual plot (0.989292ms)
✔ multi-bar time link has no border and clips to plot, never clamps offscreen data to an edge (0.109291ms)
✔ time links map daily coverage to all minute bars, not a matching ordinal (0.165417ms)
✔ weekly and monthly end-labelled bars cover earlier constituent dates without changing data (3.053958ms)
✔ nearest marker wins regardless of signal family, only co-located points share chooser (0.232209ms)
✔ immutable request cache deduplicates pending work, isolates payload keys and retries errors (0.306875ms)
✔ all six structural types keep extrema and confirmation separate with original evidence (1.28875ms)
✔ legacy records do not invent confirmation or structural sources (0.173125ms)
✔ M1 keeps independent MACD source and original direction, never a structural type (0.347542ms)
✔ all chart layers override independent animation and progressive rendering (0.81125ms)
✔ archive tooltip labels and evidence remain text, not active HTML (1.809583ms)
✔ rejects invalid saved zooms (0.726625ms)
✔ same-snapshot redraw keeps current manually chosen view (0.091167ms)
✔ focus redraw keeps manual zoom; clearing restores pre-focus view (0.071042ms)
✔ switching focus preserves the original return view (0.069125ms)
✔ new snapshot resets saved focus view and never revives old zoom (0.07425ms)
✔ default inactive; moving does not show cards and leaving does not deactivate (1.364792ms)
✔ object previews can read date-card activation without activating it (0.160542ms)
✔ click selects a point; outside click closes; inside click is not dismissed (0.110584ms)
✔ activated cards follow movement until outside dismissal, then require another click (0.102125ms)
✔ zoom clears stale coordinates but preserves activation (0.074542ms)
✔ data reset and Escape deactivate; teardown removes all handlers (0.09725ms)
✔ archive requests bind current owner and bypass browser cache (14.180958ms)
✔ cloud directory validates all rows, quotas and identities without dropping broken entries (7.796833ms)
✔ original detail requires an object payload but action receipts may omit it (0.366083ms)
✔ account change discards delayed success and delayed errors (0.220875ms)
✔ unauthenticated archive requests do not reach server; structured conflicts remain actionable (0.283958ms)
✔ upload retries retain immutable captured body and all numerical precision (0.195ms)
✔ directed centre chain is candidate evidence, not completion (1.878042ms)
✔ touching, opposing, future, overlapping or malformed chains fail closed (0.624291ms)
✔ single-centre and legacy components remain readable (0.227833ms)
✔ inside, border, reversed y and overlapping rectangles resolve newest first (0.79325ms)
✔ invalid or missing render coordinates cannot create hits (0.082625ms)
✔ popup stays within narrow viewport and near-edge right click (0.651334ms)
✔ roles are Chinese and unknown roles never claim completion (0.45075ms)
✔ source ranges keep one-based indices without disguising gaps (0.107458ms)
✔ coverage checks counts, repeats and missing IDs (0.203ms)
✔ missing, empty and rejected suffix are explicit (0.091083ms)
✔ invalid counts and empty blocks cannot pass the coverage audit (0.261417ms)
✔ uses raw indices, allows shared endpoints and bounds zoom padding (0.884792ms)
✔ does not invent a B interval or infer indices from formatted dates (0.08275ms)
✔ rejects partial, reversed, overlapping and out-of-snapshot evidence (0.117042ms)
✔ allows inspection of historical failed evidence without reviving it (0.108417ms)
✔ local proof draws frozen exact endpoints only after its actual confirmation (0.157083ms)
✔ dual-line divergence uses two exact raw indices, never artificial ABC ranges (0.087417ms)
✔ dual-line focus rejects missing, duplicate, reversed and out-of-range points (0.089542ms)
✔ special wave focus uses AB and its extreme without inventing C (0.089375ms)
✔ direction, family and lifecycle have independent marker styles (0.632666ms)
✔ no-C dual-line remains a circle and fills only on first reverse-pen confirmation (1.814708ms)
✔ M1 is restricted to confirmed waves with a later actual confirmation (1.539791ms)
✔ four families retain independent records and nonstandard uses a triangle (0.495083ms)
✔ October 4 marker matrix uses shape for family and colour only for direction (0.353292ms)
✔ special AB evidence separates A line extrema from both price anchors and legacy pivots (0.387541ms)
✔ history is opt-in, inactive stays grey hollow, never creates M1 (0.315209ms)
✔ every historical shape uses a continuous hollow contour, including on hover (0.314792ms)
✔ new nonstandard evidence relaxes prices only and records each subtype (0.280791ms)
✔ new dual rule cannot fill without recorded later local confirmation (0.217041ms)
✔ historical engineering match retains original timing without claiming regrouping completion (0.951125ms)
✔ future, stale, mismatched or incomplete evidence fails closed (0.296041ms)
✔ older snapshots and unmatched parts keep existing natural audit available (0.063042ms)
✔ engineering provenance uses the same one-based numbering as other inspectors (0.523875ms)
✔ mixed recursion distinguishes consolidation and trend from the old trend view (0.135ms)
✔ unknown or reversed provenance is not presented as a completed trend (0.069791ms)
✔ indicator and price values use two decimals without inventing missing evidence (0.071417ms)
✔ recursive centre relations never call extension candidates completed types (0.077333ms)
✔ admissions distinguish unit confirmation from later failed-return admission (0.055584ms)
✔ display fields retain all text including dates, provenance, and secondary colons (0.713042ms)
✔ narrative, missing evidence, and timestamp headings remain whole (0.094166ms)
✔ selects the exact source without replacing missing comparison periods with the primary (0.41275ms)
✔ prefix audit preserves original warmup snapshot and its own instrument and period (0.40425ms)
✔ rejects invalid positions, missing identity and explicitly unclosed prefix data (0.2395ms)
✔ optimization carries full execution and identity without live defaults (2.984041ms)
✔ malformed, mixed, missing or conflicting optimization context never silently defaults (0.749166ms)
✔ multi original replay preserves costs, slots and adjustment; extend changes only end dates (0.363917ms)
✔ multi rejects corrupt and incompatible slots without dropping or repairing any (0.315166ms)
✔ legacy missing settings are disclosed with deterministic defaults, explicit invalid values rejected (0.142542ms)
✔ combining equal-account singles preserves per-slot cash and costs; conflicts rejected not rewritten (0.335125ms)
✔ all candidate states distinguish eligibility from completed natural types (0.735791ms)
✔ opposite geometry identifies reused next-part evidence, including nonzero source IDs (2.201166ms)
✔ external opposite geometry is not added to candidate membership (0.28525ms)
✔ missing, stale, misattributed or future opposite geometry is not displayed as matched (0.331542ms)
✔ preferred endpoints are never called completed types; conflicts are retained (0.177417ms)
✔ opposite base turn is not same-level completion (0.620416ms)
✔ price formatting preserves zero and boundary contact, guards non-finite values (0.561625ms)
✔ candidate audit joins by identity, not response order (0.203ms)
✔ part audit must match ordinal AND exact raw source IDs, including shifted IDs (0.326125ms)
✔ locates the three raw ranges without relabelling them as MACD or confirmed centres (0.942666ms)
✔ candidate must already be observable at the CURRENT replay prefix (0.157208ms)
✔ no incomplete, waiting or unsupported candidate is given a fabricated range (0.098041ms)
✔ raw bar boundaries must be contiguous and inside the visible window (0.137958ms)
✔ source partitions must cover every original segment once, preserving nonzero IDs (0.118625ms)
✔ conflicting geometric fallback remains viewable for manual audit (0.073583ms)
✔ clearing a regrouping focus restores original zoom; a new replay snapshot does not (0.113ms)
✔ membership labels distinguish source confirmation from later admission (0.444916ms)
✔ admission witness distinguishes confirmation dependency from geometric membership (0.084166ms)
✔ old or malformed evidence never invents an admission witness (0.076417ms)
✔ factor glossary accepts standard abbreviations with spaces or underscores (0.480125ms)
✔ factor missing values never become valid zero (0.0875ms)
✔ factor ranking is stable, non-mutating and missing-last in both directions (8.109625ms)
✔ menus stay inside phone, keyboard and landscape viewports (0.921958ms)
✔ near-bottom controls open upwards without changing ordinary desktop width (0.095667ms)
✔ warmup null, missing and invalid indicator values never become invented zeroes (0.933833ms)
✔ freeze all supported indicator outputs, warmup holes, volume averages and exact numerical precision (14.058916ms)
✔ frozen playback keeps captured values despite different current prices and never queries APIs (1.270625ms)
✔ malformed or mismatched frozen values fail closed, never fall back to recomputation (10.067041ms)
✔ marker hit uses signed stacking offset for both directions, not candle position (0.435083ms)
✔ symbol size and invalid render positions are handled safely (0.076042ms)
✔ market tab changes discard old success and cannot stop the new spinner (240.843834ms)
✔ market late failure after filter cannot resurrect an error (94.864834ms)
✔ market late failure after owner cannot resurrect an error (10.100541ms)
✔ market late failure after unmount cannot resurrect an error (32.865125ms)
✔ directory count failure preserves valid rows; late totals cannot cross markets (97.02475ms)
✔ board selection clears old details and ignores slower preceding member responses (71.84675ms)
✔ board list filter changes invalidate pending member requests and prevent old auto-selection (41.4675ms)
✔ default board preload remains system-origin after manual list refresh (23.234333ms)
✔ belonging response after stock cannot change results or stock history (21.823ms)
✔ belonging response after owner cannot change results or stock history (24.899417ms)
✔ belonging response after unmount cannot change results or stock history (11.570041ms)
✔ current belonging success records captured stock; concurrent member failure has separate feedback (34.661709ms)
✔ market selection uses loaded market, clears on filters, and distinguishes shared stock/index codes (74.868584ms)
✔ board analysis uses result classification; members require their own market (61.837125ms)
✔ aborted late response cannot publish metadata even if transport ignores abort (27.823083ms)
✔ missing provenance or silently changed adjustment never reaches research (0.135625ms)
✔ reported gaps do not falsely label suspension or prevent inspecting valid candles (0.105334ms)
✔ history fetch consumes one verified range and publishes complete metadata only after validation (1.248583ms)
✔ unclosed response never updates provenance or reaches the backtest (1.381334ms)
✔ null, true zero, infinities and real 999 are distinct after JSON roundtrip (2.795791ms)
✔ single, saved and comparison results retain authoritative metric basis (1.212916ms)
✔ whole proof validated without mutation, and cross-role ownership remains visible (0.989ms)
✔ stale, future, duplicated, incomplete, falsely completed and mismatched sources rejected (0.318375ms)
✔ base runs cannot masquerade as proofs or own multiple provisional regions (0.075958ms)
✔ blocked covers show full conflicts, never fabricated flattened blocks (0.092625ms)
✔ labels retain provisional scope (0.065583ms)
✔ all seven MA presets are available but only MA5 and MA10 start visible (7.559041ms)
✔ each chart session gets independent editable settings without changing presets (0.577125ms)
✔ MA presets retain the requested yellow, white, purple, green, cyan, orange, red palette (0.147417ms)
✔ legend retains every MA choice and explicit hidden states override stale chart selection (0.273416ms)
✔ cross-boundary details resolve actual input and nested ownership records (1.326333ms)
✔ unowned reverse evidence stays explicitly unowned for boundary rejection (0.111459ms)
✔ foreign witness can be shown for an otherwise single-owner candidate (0.100625ms)
✔ legacy candidates do not invent missing conflict details (0.102917ms)
✔ damaged detail is not presented: mismatched candidate sources (0.091709ms)
✔ damaged detail is not presented: wrong layer (0.058958ms)
✔ damaged detail is not presented: unknown reverse input (0.144042ms)
✔ damaged detail is not presented: wrong reverse range (0.076708ms)
✔ damaged detail is not presented: reverse overlaps prices (0.078459ms)
✔ damaged detail is not presented: future reverse confirmation (0.121541ms)
✔ damaged detail is not presented: wrong reverse time (0.069417ms)
✔ damaged detail is not presented: incomplete domain list (9.419292ms)
✔ damaged detail is not presented: duplicate domains (0.088708ms)
✔ damaged detail is not presented: noncontinuous domain (0.285708ms)
✔ damaged detail is not presented: foreign domain misses witness (0.079375ms)
✔ damaged detail is not presented: false unowned witness (0.054333ms)
✔ damaged detail is not presented: missing nested record (0.051958ms)
✔ damaged detail is not presented: wrong reason (0.059417ms)
✔ only current owner revisions form the displayed ownership set (1.044833ms)
✔ internal provenance remains distinct and validates enclosing ownership (0.326542ms)
✔ parent-covered history is not labeled as an additional effective input (0.0715ms)
✔ nested provenance validates containment and strictly increasing input levels (0.172667ms)
✔ current owner labels are distinct from creation IDs and tolerate old snapshots (0.095333ms)
✔ summary mode lists every historical address, not just current versions (1.816166ms)
✔ full and missing legacy snapshots stay readable without inventing history (0.225125ms)
✔ all four analysis paths explicitly request summary delivery without changing input (8.237708ms)
✔ complete lifecycle stays chronological, does not mutate input, and uses Chinese labels (2.376625ms)
✔ legacy or future history is not invented (0.136084ms)
✔ dangling, reordered, duplicated, miscounted and conflicting histories fail closed (1.804292ms)
✔ equal counts cannot hide swapped source identities (0.222375ms)
✔ intermediate event boundaries must equal actual inherited and added sources (0.18975ms)
✔ input evidence must exist at the correct level and be available at admission (0.464583ms)
✔ invalid domain sources, membership and parent context fail closed (0.3925ms)
✔ leftward growth, shifted sources and newly filled merge gaps remain valid (0.367458ms)
✔ both periods exclude future and open candles while retaining original warm-up start (0.71075ms)
✔ snapshot observation time caps cutoff; bar start before cutoff is not enough (0.359834ms)
✔ no timeframe fallback or fabricated candles when historical minute range is unavailable (0.293458ms)
✔ index and board snapshots retain NONE adjustment, mismatch is rejected (0.26425ms)
✔ missing completion evidence, timezone timestamps and unordered bars fail explicitly (0.172042ms)
✔ week/month completion boundary comes from provider annotation, not day label (0.4455ms)
✔ matrix defaults to exactly the five requested periods in image order and six information columns (2.38425ms)
✔ does not turn current reversal observation into a confirmed opposite pen (0.197208ms)
✔ keeps true zero distinct from missing, and numerical display never overwrites original axis judgment (0.126167ms)
✔ keeps divergence family, extrema and actual confirmation separate; never drops records (9.1685ms)
✔ missing pen and divergence are bounded claims; quality limitations stay visible (0.154417ms)
✔ portfolio: all original values survive import and cloud envelope; no Chanlun recompute (3.631792ms)
✔ portfolio: actual component fetches only explicitly, binds owner/request/result and freezes capture (65.258958ms)
✔ portfolio: late receipt discarded after owner (1.108375ms)
✔ portfolio: late receipt discarded after request (7.4035ms)
✔ portfolio: late receipt discarded after task (0.844209ms)
✔ portfolio: late receipt discarded after result (3.606834ms)
✔ portfolio: late receipt discarded after busy (0.813792ms)
✔ portfolio: late receipt discarded after unmount (2.179292ms)
✔ portfolio: invalid missing rejected (0.205416ms)
✔ portfolio: invalid allocation rejected (19.357084ms)
✔ portfolio: invalid metadata rejected (0.153083ms)
✔ portfolio: invalid date rejected (0.109958ms)
✔ portfolio: invalid precision rejected (0.193209ms)
✔ portfolio: invalid curve rejected (0.154791ms)
✔ portfolio: invalid request rejected (0.0785ms)
✔ portfolio: invalid trade rejected (0.135583ms)
✔ portfolio: unavailable or different task never falls back to fetching data (3.395625ms)
✔ multi_strategy: all original values survive import and cloud envelope; no Chanlun recompute (2.717875ms)
✔ multi_strategy: actual component fetches only explicitly, binds owner/request/result and freezes capture (19.569333ms)
✔ multi_strategy: late receipt discarded after owner (14.814708ms)
✔ multi_strategy: late receipt discarded after request (2.022625ms)
✔ multi_strategy: late receipt discarded after task (0.821709ms)
✔ multi_strategy: late receipt discarded after result (12.121375ms)
✔ multi_strategy: late receipt discarded after busy (5.406875ms)
✔ multi_strategy: late receipt discarded after unmount (0.903541ms)
✔ multi_strategy: invalid missing rejected (0.121958ms)
✔ multi_strategy: invalid allocation rejected (0.217041ms)
✔ multi_strategy: invalid metadata rejected (0.090667ms)
✔ multi_strategy: invalid date rejected (0.09425ms)
✔ multi_strategy: invalid precision rejected (0.187458ms)
✔ multi_strategy: invalid curve rejected (0.166708ms)
✔ multi_strategy: invalid request rejected (0.085ms)
✔ multi_strategy: invalid trade rejected (0.115125ms)
✔ multi_strategy: unavailable or different task never falls back to fetching data (4.665334ms)
✔ normalized server defaults may extend but not alter submitted parameters (0.203125ms)
✔ library original/extended multi replay uses saved costs despite global preference changes (261.183ms)
✔ portfolio load -> actual store task lifecycle -> save uses identical context and all costs (90.554542ms)
✔ portfolio catalog-stage input is isolated before saved fetch (44.880708ms)
✔ portfolio catalog-stage params is isolated before saved fetch (36.778792ms)
✔ portfolio catalog-stage owner is isolated before saved fetch (18.538958ms)
✔ portfolio catalog-stage failure is isolated before saved fetch (30.275625ms)
✔ portfolio catalog-stage empty is isolated before saved fetch (28.518958ms)
✔ pending portfolio cannot survive input (20.628166ms)
✔ pending portfolio cannot survive owner (18.64325ms)
✔ pending portfolio cannot survive unmount (21.360833ms)
✔ store account epoch clears completed results in all four task families (15.762958ms)
✔ runPortfolio old account error is ignored even after switching back (17.373292ms)
✔ runMultiStrategy old account error is ignored even after switching back (19.656ms)
✔ runOptimize old account error is ignored even after switching back (16.065417ms)
✔ runOptimizeAll old account error is ignored even after switching back (14.523625ms)
✔ optimizer takes an input snapshot before awaiting bars and hands off the result strategy/adjustment (19.378458ms)
✔ portfolio late save cannot close or annotate newly changed configuration (15.843708ms)
✔ library name lookup cannot mix later input or account into a save (58.625125ms)
✔ library saves a multi result with submitted adjustment, not the later global preference (18.625375ms)
✔ late library list cannot replace a newly created record and owner change clears all personal rows (19.754042ms)
✔ portfolio identity rejects mixed markets, repeats and invalid lengths (0.255166ms)
✔ late preference response cannot revert a newer adjustment; queued patch is captured (233.5885ms)
✔ account switch drops old queue, permits new account immediately and ignores late response (59.839708ms)
✔ same-account logout/login does not accept response from prior session epoch (9.946833ms)
✔ failed saves reject caller, do not wedge queue or restore stale role permissions (32.6985ms)
✔ mismatched response owner and logged-out saves are rejected (22.844375ms)
✔ market preference watcher survives the first route unmount and follows owner changes (10.234583ms)
✔ late name hydration cannot write across accounts; new owner hydrates independently (68.421167ms)
✔ sidebar hydration never writes, old-owner timers cancel, failures are handled (81.423916ms)
✔ forming candles preserve OHLC and use dashed empty outlines (0.407417ms)
✔ forming volume and signed MACD columns preserve values and direction (0.168625ms)
✔ query defaults to system, manual intent is synchronous and explicit (0.5265ms)
✔ direct bar snapshot fetch preserves explicit intent, including failed requests (17.403375ms)
✔ pending manual requests do not mark concurrent automatic work or async continuations (0.117209ms)
✔ API dispatch tags manual queries but excludes automatic name lookup and task polling (1.590667ms)
✔ save keeps original full input separate from replay prefix, fully detached from live state (41.424917ms)
✔ same-bar opposite signals remain distinct; source survives JSON import without task or network (4.838625ms)
✔ recompute uses only saved chart prefix, keeps original scan signals and version unchanged (2.126666ms)
✔ reject wrong target before saving; never silently drop invalid lineage (0.448709ms)
✔ reject board target before saving; never silently drop invalid lineage (0.28625ms)
✔ reject wrong market before saving; never silently drop invalid lineage (0.237083ms)
✔ reject reference before saving; never silently drop invalid lineage (0.145209ms)
✔ reject invalid date type before saving; never silently drop invalid lineage (0.143459ms)
✔ reject noncanonical cutoff before saving; never silently drop invalid lineage (0.145ms)
✔ reject row summary before saving; never silently drop invalid lineage (0.270375ms)
✔ reject row last date before saving; never silently drop invalid lineage (0.224375ms)
✔ reject outside signal window before saving; never silently drop invalid lineage (0.210083ms)
✔ reject row source before saving; never silently drop invalid lineage (0.207ms)
✔ reject row requested adjust before saving; never silently drop invalid lineage (0.185958ms)
✔ reject row quality before saving; never silently drop invalid lineage (0.238042ms)
✔ reject open candle before saving; never silently drop invalid lineage (0.142625ms)
✔ reject unsupported storage before saving; never silently drop invalid lineage (0.137292ms)
✔ legacy snapshot without original input still opens without invented source (5.862791ms)
✔ original task references round-trip and legacy references remain distinguishable (1.1125ms)
✔ cache receipt must be a real ID string, never coerced or inherited from another owner (0.308166ms)
✔ all frozen bars and precision survive; changed code is disclosed, not represented as old execution (0.601167ms)
✔ invalid original receipt task stops instead of substituting live data (0.159334ms)
✔ invalid original receipt row stops instead of substituting live data (0.078917ms)
✔ invalid original receipt market stops instead of substituting live data (0.063709ms)
✔ invalid original receipt symbol stops instead of substituting live data (0.068542ms)
✔ invalid original receipt params stops instead of substituting live data (0.062667ms)
✔ invalid original receipt strategy stops instead of substituting live data (0.081958ms)
✔ invalid original receipt fingerprint stops instead of substituting live data (0.116417ms)
✔ invalid original receipt adjust stops instead of substituting live data (0.07425ms)
✔ invalid original receipt signal stops instead of substituting live data (0.089292ms)
✔ invalid original receipt malformed signals stops instead of substituting live data (0.07125ms)
✔ invalid original receipt row error stops instead of substituting live data (0.059625ms)
✔ invalid original receipt storage stops instead of substituting live data (0.060791ms)
✔ invalid original receipt version stops instead of substituting live data (0.05825ms)
✔ invalid original receipt missing bars stops instead of substituting live data (0.065333ms)
✔ invalid original receipt null bar stops instead of substituting live data (0.068459ms)
✔ invalid original receipt order stops instead of substituting live data (0.073583ms)
✔ invalid original receipt open bar stops instead of substituting live data (0.073291ms)
✔ invalid original receipt future stops instead of substituting live data (0.068625ms)
✔ invalid original receipt negative duration stops instead of substituting live data (0.070875ms)
✔ invalid original receipt missing cutoff stops instead of substituting live data (0.050083ms)
✔ invalid original receipt number string stops instead of substituting live data (0.112917ms)
✔ invalid original receipt NaN stops instead of substituting live data (0.082042ms)
✔ invalid original receipt bad low stops instead of substituting live data (0.069667ms)
✔ invalid original receipt negative volume stops instead of substituting live data (0.063542ms)
✔ API sends owner and abort signal with no-store; unavailable receipt never calls a live feed (75.946792ms)
✔ actual picker loads the original complete warmup and stores actual dates, not form defaults (10.904417ms)
✔ failed original input does not fall back to newly fetched prices (0.910875ms)
✔ pending original input cannot commit after owner (31.470042ms)
✔ pending original input cannot commit after code (11.532125ms)
✔ pending original input cannot commit after unmount (1.464166ms)
✔ radar review captures row adjustment, exact minute, strategy and original cutoff (0.930125ms)
✔ invalid or legacy reviews fail explicitly without guessing data or adjustment (1.953125ms)
✔ exchange-local dates validate without browser timezone conversion (0.091291ms)
✔ review excludes future and unclosed bars, resets derived fingerprint and reports actual range without mutating source (0.43625ms)
✔ radar cache is owner scoped and malformed/legacy records never enter the UI (0.540958ms)
✔ late messages, close and errors from an old socket cannot affect replacement (0.833875ms)
✔ invalid messages and control responses never become ticks; close reason retained (0.166792ms)
✔ matching versions are selected by case identity without mutation (0.872125ms)
✔ future snapshots, wrong rules, incomplete chains and duplicate cases are rejected (0.212666ms)
✔ labels never confuse endpoint consistency or higher-centre proof with completion (0.130083ms)
✔ v2 keeps the detached prefix and v1 remains readable (0.322833ms)
✔ v3 supports trend search while retaining the same ownership guards (0.111667ms)
✔ missing, duplicated, misattributed or silently completed prefix is rejected (0.322958ms)
✔ reincorporation is recorded explicitly instead of erasing detached history (0.136833ms)
✔ accepts bounded history and empty verified batches (0.49ms)
✔ rejects wrong batch, future indices, broken sources and contradictory state (0.257375ms)
✔ research labels distinguish absence, release, retained and internal (0.082375ms)
✔ late old responses cannot own a newer research request (1.153375ms)
✔ submission fields are captured values, not mutable form references (0.741209ms)
✔ navigation preserves explicit stock/index/fund/board identity and parameters without auto run (1.588625ms)
✔ ambiguous identity is rejected rather than guessed or numeric code padded (0.133209ms)
✔ query parser rejects incomplete, duplicate, incompatible and mixed-context values (1.254542ms)
✔ snapshot import keeps original data and normalizes optional display metadata (20.060792ms)
✔ reject invalid schema, periods, oversized arrays and impossible candle prices (2.015208ms)
✔ cloud archives retain larger frozen windows and all supported distinct periods (13.596958ms)
✔ import keeps valid frozen outputs and rejects mismatched frozen data instead of recomputing (0.459458ms)
✔ window is exchange local and bounded by the snapshot cutoff (1.2695ms)
✔ missing numbers and candidate status are never promoted (0.112333ms)
✔ amber projection resolves daily and minute labels, ignores open candle (0.274125ms)
✔ three workspaces are keyboard traversable without dropping an existing mode (0.760917ms)
✔ mobile comparison shows exactly the selected snapshot; desktop shows both (0.098667ms)
✔ inactive research never starts automatic work, valid active research does (0.086ms)
✔ saved single strategy restores market, period, adjustment and all execution costs exactly (4.442417ms)
✔ missing legacy fields disclose supplied defaults instead of claiming complete restoration (0.227666ms)
✔ explicit contradictory market and unsupported instruments are not silently rewritten (1.146958ms)
✔ invalid present fields are errors, not fallback defaults (1.0065ms)
✔ saved links identify records only and cannot inject alternate execution context (0.265916ms)
✔ catalog-stage input cannot restore saved inputs or dispatch a task (7.495042ms)
✔ catalog-stage params cannot restore saved inputs or dispatch a task (3.18225ms)
✔ catalog-stage owner cannot restore saved inputs or dispatch a task (1.441708ms)
✔ catalog-stage failure cannot restore saved inputs or dispatch a task (1.381375ms)
✔ optimization context restores every execution field and malformed context blocks dispatch (1.619791ms)
✔ actual backtest view loads exact saved context without running, then saves the configuration used (1.4915ms)
✔ saving original radar warmup uses loaded input dates, not hidden form defaults (2.622083ms)
✔ late saved record cannot overwrite owner (2.683125ms)
✔ late saved record cannot overwrite route (1.764459ms)
✔ late saved record cannot overwrite input (1.574167ms)
✔ late saved record cannot overwrite unmount (1.572792ms)
✔ invalid saved context blocks run, while legacy missing fields disclose fallback (4.040917ms)
✔ every execution input invalidates the old result before it can be saved (13.999042ms)
✔ editing a cost while bars are pending never runs the new form on the old request (1.033917ms)
✔ save completion after owner cannot write into a different page or account (1.005958ms)
✔ save completion after route cannot write into a different page or account (0.951542ms)
✔ save completion after unmount cannot write into a different page or account (0.907083ms)
✔ audit description translates permissions and never renders arbitrary detail fields (0.468042ms)
✔ audit time is explicitly Shanghai time and invalid data remains readable (40.458291ms)
✔ audit API preserves bounded pagination/filter state and authenticated credentials (36.252333ms)
✔ distinguishes no candidate, failed current audit, and actual invalidation without promoting legacy state (0.517ms)
✔ filters independent families and directions without merging special and local dual-line evidence (3.641167ms)
✔ searches lifecycle dates and failure reasons with all terms required, retaining original source objects (0.190333ms)
✔ searches diagnostic rejection history without silently reviving historical candidates (1.571375ms)
✔ all excludes bc false, preserves input order and records, and does not infer missing direction (0.153875ms)
✔ legacy diagnostic family is standard, and empty diagnostics do not invent rejection records (0.10075ms)
✔ structural points retain their own confirmation and evidence, never deriving them from a MACD source (0.265917ms)
✔ M1 uses exact existing gates and remains a separate view of its original standard event (0.191333ms)
✔ combined date query finds independent point, prompt and event records without deduplication or additive counts (0.105334ms)
✔ chart date matches structured lifecycle timestamps, not coincidental prose dates (0.227125ms)
✔ minute evidence uses exact exchange-local minute, accepting T/space and refusing missing time (0.089625ms)
✔ chart date includes diagnostic ABC and rejection coverage without inventing open or reversed intervals (0.817083ms)
✔ date scope combines with all filters for structural points and original M1 sources (0.608958ms)
✔ new standard evidence explains price, old blocker and independent special lifecycle (1.204667ms)
✔ new gates include counts, boundary and dates without undefined placeholder (0.212041ms)
✔ legacy comparisons retain old detected confirmed and invalidated dates (0.141584ms)
✔ initial schema and refreshed catalog preserve supplied parameters; strategy change alone resets (2.921875ms)
✔ late catalog defaults are suspended until route validation and then fill only missing fields (0.93875ms)
✔ structure dates remove midnight noise without changing intraday precision (1.036292ms)
✔ centre evidence distinguishes fixed core, outer range and candidate expansion (0.5925ms)
✔ segment evidence includes source prices and reverse proof with one-based labels (0.159625ms)
✔ missing legacy evidence does not invent confirmation (0.0975ms)
✔ special inclusion explains boundary exception without labelling it an ordinary fractal (0.063666ms)
✔ centre relation history distinguishes current candidate from original separation (0.102042ms)
✔ confirmation replay translates raw indices without date matching (0.069792ms)
✔ unknown, invalid or out-of-snapshot confirmations have no replay target (0.079541ms)
✔ connection badge validates shared time, price and alternating direction (0.123917ms)
✔ reverse preview uses observed extreme, not last close or a future target (1.975541ms)
✔ mirrored lows produce an upward reference (0.108ms)
✔ no invented reference for missing, ambiguous, extending, or invalid inputs (0.11325ms)
✔ replay prefix cannot use a later extreme; ties retain first occurrence (0.089917ms)
✔ ongoing consolidation differs by color, line pattern, and fill (0.10075ms)
✔ actual component captures every selected period and failure; automatic work stays system-origin (16.183542ms)
✔ all collection failures are exportable reports, never empty success or recomputable invented bars (4.017333ms)
✔ missing response rows are retained as explicit errors; unexpected rows or cutoff cannot enter a saved result (4.067541ms)
✔ late study response cannot be saved after account (0.936084ms)
✔ late study response cannot be saved after input (0.90425ms)
✔ late study response cannot be saved after unmount (0.893625ms)
✔ invalid collection coverage cannot silently omit a period during import (1.657917ms)
✔ actual study freezes independent radar lineage, preserves it through import and recompute, and refuses foreign source (3.23125ms)
✔ task stores detached actual inputs, user submission and system polling (2.443458ms)
✔ invalidated submit resolve cannot revive result/error/spinner (12.707417ms)
✔ invalidated submit reject cannot revive result/error/spinner (1.292459ms)
✔ invalidated poll resolve cannot revive result/error/spinner (2.987834ms)
✔ invalidated poll reject cannot revive result/error/spinner (0.677334ms)
✔ earlier request completion cannot stop a newer task or replace its context (1.06525ms)
✔ owner change stops polling and cannot attribute prior account result to the new account (4.188917ms)
✔ failed remains failure, never successful completion (0.192916ms)
✔ cancelled remains failure, never successful completion (0.089875ms)
✔ timed_out remains failure, never successful completion (0.09475ms)
✔ cancelling is not completed; wrong ID, malformed result and unknown status fail closed (19.357958ms)
✔ deadline aborts polling and explicitly says the server may still be running (20.743375ms)
✔ task API sends captured owner and abort signal; old callers remain compatible (44.069708ms)
✔ task list rejects malformed responses instead of replacing records with undefined (23.017917ms)
✔ cancelling is not terminal and elapsed values remain readable (0.139667ms)
✔ runBacktestWithPolling waits through cancelling and returns cancelled (2.046417ms)
✔ runBacktestWithPolling waits through cancelling and returns timed_out (1.411584ms)
✔ runSignalScanWithPolling waits through cancelling and returns cancelled (1.447125ms)
✔ runSignalScanWithPolling waits through cancelling and returns timed_out (1.82075ms)
✔ cancel API uses POST, and partial cancelled scan results are never accepted (0.307958ms)
✔ persistent recovery and version mismatch are distinct from completion (0.271542ms)
✔ terminal task deletion handles empty 204 and encodes identity (0.533292ms)
✔ checkpoint presence is not confused with verified reuse or task completion (0.328125ms)
✔ cached completed submission is retrieved rather than shown as running (0.192042ms)
✔ network failures are localized across WebKit, Chromium and Firefox (0.173958ms)
✔ tracking identity separates asset types, exchanges and board catalogues (0.755625ms)
✔ cloud book validates without silently dropping corrupt groups or duplicate entries (0.610167ms)
✔ expansion preserves every member and all board/direct sources, not a 200-row display page (1.320417ms)
✔ membership failure is explicit and malformed partial membership is never accepted (0.225ms)
✔ batch runs sequentially, keeps partial errors and continues after a failed target (7.884625ms)
✔ cancellation marks in-flight and unstarted rows, ignoring a late success (0.156875ms)
✔ group breadth counts only available periods, never treats failed targets as neutral evidence (0.190584ms)
✔ exact current revision accepts only its own evidence without mutation (1.046042ms)
✔ old partition, stale version, future evidence and false completion are rejected (0.271ms)
✔ historical audit cannot import a later opposite segment (0.083875ms)
✔ empty partitions and higher-proof priority retain explicit blockers (0.070875ms)
✔ new blockers use Chinese labels without calling prerequisites completion (0.12975ms)
✔ missing comparison interval is explained in Chinese without inventing a date (0.606833ms)
✔ special diagnostics identify each A indicator witness rather than the price witness (0.170541ms)
✔ nonstandard DEA axis gate remains explicit without an improvement requirement (0.132459ms)
✔ DEA tolerance discloses research threshold, precise deviation and near-zero fallback (0.158ms)
✔ wave evidence separates effective A from original wave and local pivots (0.405167ms)
✔ rounded equal line extrema disclose the precise failed values and witness times (0.142833ms)
✔ comparisons are explicitly research only and preserve B/C axis checks (0.115875ms)
✔ unformed candidate shows Chinese gates, two-decimal values and rejection dates (1.403084ms)
✔ new nonstandard audit explicitly uses full A and first-formed reverse evidence explains gaps (0.346459ms)
ℹ tests 545
ℹ suites 0
ℹ pass 545
ℹ fail 0
ℹ cancelled 0
ℹ skipped 0
ℹ todo 0
ℹ duration_ms 3175.779292
→ 打包中…
→ 运行测试…
京东方评级: D 分数: 34.3
维度明细: 卡玛比率=22.7, 最大回撤=27.5, 胜率=33.5, 利润因子=34.1, 夏普比率=41.5, 波动率=50.1
否决: 利润因子 1.11 接近 1，仅勉强盈亏平衡
长线优质策略评级: B 分数: 64.5
维度权重: 卡玛比率=28%, 最大回撤=26%, 胜率=0%, 利润因子=0%, 夏普比率=23%, 波动率=23%
优质案例评级: A 分数: 83.9
寻优点评级: A 74
组合重算指标: { '年化': '20.83%', '回撤': '0.80%', '夏普': '5.27', '卡玛': '26.03' }
稳定上涨组合评级: S 91.8
波动组合重算: { '回撤': '44.15%', '夏普': '-2.64', '持续': 60 }
波动组合评级: D 18.5
✔ 新版组合评级使用后端采样，不按图表柱数重新日线年化 (1.35025ms)
✔ 必要风险指标缺失不能展示为零风险或正常评级 (0.205917ms)
✔ 无穷比率不等于满分，真实零利润因子仍按亏损判断 (0.117292ms)
✔ 京东方回测必须评为 D 档（用户核心诉求验证点） (0.447625ms)
✔ 京东方评分应在 30-43 区间（C 与 D 的边界） (0.095083ms)
✔ 低利润因子触发系统亏损否决 (0.063125ms)
✔ 样本不足（< 10 笔交易）降权但不否决整个评级 (0.122542ms)
✔ 用户实测场景：6年6笔交易 + 高夏普 → 应得 A/B（核心回归测试） (0.132333ms)
✔ 深回撤 > 60% 触发直接 D 否决 (0.108417ms)
✔ 优质回测应得 A 或 S 档 (0.131708ms)
✔ 高回撤但收益高 → 最高 B（一票否决 cap） (0.072917ms)
✔ 插值函数：边界值取端点分数 (0.057833ms)
✔ 插值函数：中间值线性插值 (0.041167ms)
✔ 寻优评级：4 维度降级版 (0.0945ms)
✔ 寻优评级：网格点交易太少 → 降权但评级照常 (0.046709ms)
✔ 组合评级：稳定上涨净值应得 A 或 S (1.599541ms)
✔ 组合评级：高波动深回撤净值 → 低档 (0.514209ms)
✔ combinedMetrics：单点净值返回全 0（兜底） (0.047708ms)
✔ 历史组合仅保留原值，不从曲线推断日线或重算评级 (0.433208ms)
✔ v1-v4、未知版本及不完整依据不伪装为新版结果 (0.574125ms)
✔ 新版结果使用已记录指标，真实 999 和零不被当作历史哨兵 (0.071583ms)
✔ 指标状态缺失或与数值冲突不能产出评级，包括被降权维度 (0.08425ms)
✔ 低交易样本的真实不可用逐笔指标仍可降权，不误拦截可用净值评级 (0.081917ms)
✔ 寻优逐行核验新版采样与候选状态，输入范围不替代候选证据 (0.1035ms)
✔ 完整快照保留精度、真实 0/999、全部指标及版本且不关联可变输入 (0.622917ms)
✔ 策略保存接受真实 Vue 响应式结果，不因 Proxy 无法 structuredClone 而失败 (0.475958ms)
✔ 再次保存历史指标不补造新版计算或评级依据 (0.081ms)
✔ 对比展示原值并指出版本、周期、范围与利率差异，不自动重算 (0.211625ms)
ℹ tests 28
ℹ suites 0
ℹ pass 28
ℹ fail 0
ℹ cancelled 0
ℹ skipped 0
ℹ todo 0
ℹ duration_ms 86.872584
