
> web-ui@0.0.0 test
> node scripts/run-tests.mjs

✔ tracking is restricted to active administrators and explicitly authorized users (0.440208ms)
✔ presence requires visible focused recent interaction and never negative elapsed time (0.110833ms)
✔ admin query descriptions label metadata and disclose truncated targets (0.176083ms)
✔ all current chart inspector evidence stays readable without altering original nested data (7.919709ms)
✔ reject malformed fields reachable from overlays, popovers and every inspector section with exact paths (12.955625ms)
✔ optional old fields and empty failure checkpoints remain readable, no missing-state invention (0.361875ms)
✔ archive calendar validation rejects normalized impossible dates and illegal clock/offset values (3.514708ms)
✔ bar validation compares actual instants, retains raw strings, rejects equal instants and malformed volume (0.381958ms)
✔ existing frozen matrix bar sources remain readable without mutation (22.992042ms)
✔ legacy local migration keeps original payload, precision, versions and unknown fields without upgrading (3.271083ms)
✔ cloud exports use latest metadata but retain the original immutable payload, not old cloud ID/revision (1.410458ms)
✔ study import preserves successful and failed periods plus original warmup and primary metadata (1.51125ms)
✔ unknown, incomplete, oversized and nonfinite backups are rejected, never uploaded as summaries (159.819167ms)
✔ original valid study rows retain precision, unknown fields, true zero and no recomputation (8.538625ms)
✔ invalid nested fields become explicit per-period errors, not silently missing rows (1.159042ms)
✔ strict pen fields reject coercion and preserve historical source errors without reading their invalid nested fields (0.449291ms)
✔ duplicates are not cherry-picked and malformed or future rows remain in original-record entries (0.146ms)
✔ trade lookup keeps the exact minute across separators, precision and days (0.714917ms)
✔ date-only values cannot choose the midnight bar of an ambiguous day (0.077708ms)
✔ daily and duplicate exact timestamps keep first positional matches (0.068833ms)
✔ nanoseconds and timezone text are not truncated into a false match (0.079084ms)
✔ date labels preserve useful precision without local timezone conversion (0.081167ms)
✔ higher sources resolve actual records and separate original from current review time (1.313333ms)
✔ base sources and foreign witness rejection have distinct Chinese descriptions (0.152167ms)
✔ inconsistent candidate has no replay evidence: unknown reason (0.099042ms)
✔ inconsistent candidate has no replay evidence: prototype key (0.072ms)
✔ inconsistent candidate has no replay evidence: future version (0.178375ms)
✔ inconsistent candidate has no replay evidence: future completion (0.060333ms)
✔ inconsistent candidate has no replay evidence: missing time (2.341416ms)
✔ inconsistent candidate has no replay evidence: empty source (0.065458ms)
✔ inconsistent candidate has no replay evidence: duplicate source (0.063334ms)
✔ inconsistent candidate has no replay evidence: unknown source (0.174666ms)
✔ inconsistent candidate has no replay evidence: mixed levels (0.095417ms)
✔ inconsistent candidate has no replay evidence: future child (0.064208ms)
✔ inconsistent candidate has no replay evidence: wrong child level (0.049917ms)
✔ inconsistent candidate has no replay evidence: duplicate record (0.043667ms)
✔ inconsistent candidate has no replay evidence: empty record range (0.048709ms)
✔ inconsistent candidate has no replay evidence: gap (0.047208ms)
✔ inconsistent candidate has no replay evidence: wrong parent range (0.036666ms)
✔ inconsistent candidate has no replay evidence: reversed sources (0.040084ms)
✔ inconsistent candidate has no replay evidence: unsafe base number (0.043666ms)
✔ 80 percent transparency is 20 percent alpha, for both candle directions (0.705167ms)
✔ transparency stays finite, integer, and bounded (0.090417ms)
✔ body is symmetric around the unchanged wick across widths and fractional positions (1.522792ms)
✔ horizontal candles preserve every price coordinate (0.100167ms)
✔ missing or non-finite candle layouts are left untouched (0.112333ms)
✔ native ECharts layout remains centred after resize, zoom and data replacement (102.890917ms)
✔ zooming out of large-data line mode restores centred candle bodies (28.701292ms)
✔ structure widths retain existing defaults and hover appearance (5.573583ms)
✔ manual values stay finite, bounded, and at two decimal places (0.3785ms)
✔ raw index overrides rounded dates, including zero (1.427542ms)
✔ legacy intraday dates never fall back to the first bar of the day (0.445834ms)
✔ duplicate formatted times fail safely without a raw index (0.119667ms)
✔ padding keeps the 23px marker plus radius inside the price pane (0.317125ms)
✔ flat, zero and negative ranges get finite padding; invalid extents do not (0.238167ms)
✔ single-bar time link is a thin line limited to each actual plot (0.873583ms)
✔ multi-bar time link has no border and clips to plot, never clamps offscreen data to an edge (0.095125ms)
✔ time links map daily coverage to all minute bars, not a matching ordinal (0.154125ms)
✔ weekly and monthly end-labelled bars cover earlier constituent dates without changing data (0.837167ms)
✔ nearest marker wins regardless of signal family, only co-located points share chooser (0.230208ms)
✔ immutable request cache deduplicates pending work, isolates payload keys and retries errors (0.304125ms)
✔ all six structural types keep extrema and confirmation separate with original evidence (1.075458ms)
✔ legacy records do not invent confirmation or structural sources (0.31425ms)
✔ M1 keeps independent MACD source and original direction, never a structural type (0.703166ms)
✔ all chart layers override independent animation and progressive rendering (0.772708ms)
✔ archive tooltip labels and evidence remain text, not active HTML (0.99125ms)
✔ rejects invalid saved zooms (0.750208ms)
✔ same-snapshot redraw keeps current manually chosen view (0.097709ms)
✔ focus redraw keeps manual zoom; clearing restores pre-focus view (0.071708ms)
✔ switching focus preserves the original return view (0.062083ms)
✔ new snapshot resets saved focus view and never revives old zoom (0.066875ms)
✔ default inactive; moving does not show cards and leaving does not deactivate (0.856584ms)
✔ object previews can read date-card activation without activating it (0.14775ms)
✔ click selects a point; outside click closes; inside click is not dismissed (0.105875ms)
✔ activated cards follow movement until outside dismissal, then require another click (0.101375ms)
✔ zoom clears stale coordinates but preserves activation (0.074166ms)
✔ data reset and Escape deactivate; teardown removes all handlers (0.809833ms)
✔ archive requests bind current owner and bypass browser cache (32.024792ms)
✔ cloud directory validates all rows, quotas and identities without dropping broken entries (14.692709ms)
✔ original detail requires an object payload but action receipts may omit it (0.365125ms)
✔ account change discards delayed success and delayed errors (0.205375ms)
✔ unauthenticated archive requests do not reach server; structured conflicts remain actionable (0.181792ms)
✔ upload retries retain immutable captured body and all numerical precision (0.171958ms)
✔ directed centre chain is candidate evidence, not completion (1.888708ms)
✔ touching, opposing, future, overlapping or malformed chains fail closed (0.289167ms)
✔ single-centre and legacy components remain readable (0.087625ms)
✔ inside, border, reversed y and overlapping rectangles resolve newest first (2.255667ms)
✔ invalid or missing render coordinates cannot create hits (0.164583ms)
✔ popup stays within narrow viewport and near-edge right click (0.090208ms)
✔ roles are Chinese and unknown roles never claim completion (0.674ms)
✔ source ranges keep one-based indices without disguising gaps (0.142791ms)
✔ coverage checks counts, repeats and missing IDs (0.215041ms)
✔ missing, empty and rejected suffix are explicit (0.078708ms)
✔ invalid counts and empty blocks cannot pass the coverage audit (0.084834ms)
✔ uses raw indices, allows shared endpoints and bounds zoom padding (2.005292ms)
✔ does not invent a B interval or infer indices from formatted dates (0.101584ms)
✔ rejects partial, reversed, overlapping and out-of-snapshot evidence (0.127917ms)
✔ allows inspection of historical failed evidence without reviving it (0.112958ms)
✔ local proof draws frozen exact endpoints only after its actual confirmation (0.172042ms)
✔ dual-line divergence uses two exact raw indices, never artificial ABC ranges (0.092416ms)
✔ dual-line focus rejects missing, duplicate, reversed and out-of-range points (0.087292ms)
✔ special wave focus uses AB and its extreme without inventing C (0.090333ms)
✔ direction, family and lifecycle have independent marker styles (0.553583ms)
✔ no-C dual-line remains a circle and fills only on first reverse-pen confirmation (11.172042ms)
✔ M1 is restricted to confirmed waves with a later actual confirmation (0.588708ms)
✔ four families retain independent records and nonstandard uses a triangle (0.239917ms)
✔ October 4 marker matrix uses shape for family and colour only for direction (0.148625ms)
✔ special AB evidence separates A line extrema from both price anchors and legacy pivots (0.142708ms)
✔ history is opt-in, inactive stays grey hollow, never creates M1 (0.12275ms)
✔ every historical shape uses a continuous hollow contour, including on hover (0.126ms)
✔ new nonstandard evidence relaxes prices only and records each subtype (0.114125ms)
✔ new dual rule cannot fill without recorded later local confirmation (0.098666ms)
✔ historical engineering match retains original timing without claiming regrouping completion (0.943ms)
✔ future, stale, mismatched or incomplete evidence fails closed (0.299708ms)
✔ older snapshots and unmatched parts keep existing natural audit available (0.062209ms)
✔ engineering provenance uses the same one-based numbering as other inspectors (0.55475ms)
✔ mixed recursion distinguishes consolidation and trend from the old trend view (0.139791ms)
✔ unknown or reversed provenance is not presented as a completed trend (0.072334ms)
✔ indicator and price values use two decimals without inventing missing evidence (0.089333ms)
✔ recursive centre relations never call extension candidates completed types (0.067583ms)
✔ admissions distinguish unit confirmation from later failed-return admission (0.057667ms)
✔ display fields retain all text including dates, provenance, and secondary colons (1.107833ms)
✔ narrative, missing evidence, and timestamp headings remain whole (0.098125ms)
✔ selects the exact source without replacing missing comparison periods with the primary (0.433208ms)
✔ prefix audit preserves original warmup snapshot and its own instrument and period (0.414917ms)
✔ rejects invalid positions, missing identity and explicitly unclosed prefix data (0.191042ms)
✔ all candidate states distinguish eligibility from completed natural types (0.491625ms)
✔ opposite geometry identifies reused next-part evidence, including nonzero source IDs (0.525875ms)
✔ external opposite geometry is not added to candidate membership (0.100541ms)
✔ missing, stale, misattributed or future opposite geometry is not displayed as matched (0.129958ms)
✔ preferred endpoints are never called completed types; conflicts are retained (0.072625ms)
✔ opposite base turn is not same-level completion (0.088083ms)
✔ price formatting preserves zero and boundary contact, guards non-finite values (0.109625ms)
✔ candidate audit joins by identity, not response order (0.079875ms)
✔ part audit must match ordinal AND exact raw source IDs, including shifted IDs (0.145041ms)
✔ locates the three raw ranges without relabelling them as MACD or confirmed centres (0.922416ms)
✔ candidate must already be observable at the CURRENT replay prefix (0.165916ms)
✔ no incomplete, waiting or unsupported candidate is given a fabricated range (0.0925ms)
✔ raw bar boundaries must be contiguous and inside the visible window (0.130542ms)
✔ source partitions must cover every original segment once, preserving nonzero IDs (0.1115ms)
✔ conflicting geometric fallback remains viewable for manual audit (0.070208ms)
✔ clearing a regrouping focus restores original zoom; a new replay snapshot does not (0.835459ms)
✔ membership labels distinguish source confirmation from later admission (0.491625ms)
✔ admission witness distinguishes confirmation dependency from geometric membership (0.087291ms)
✔ old or malformed evidence never invents an admission witness (0.071375ms)
✔ menus stay inside phone, keyboard and landscape viewports (1.216333ms)
✔ near-bottom controls open upwards without changing ordinary desktop width (0.199417ms)
✔ freeze all supported indicator outputs, warmup holes, volume averages and exact numerical precision (9.579667ms)
✔ frozen playback keeps captured values despite different current prices and never queries APIs (0.591416ms)
✔ malformed or mismatched frozen values fail closed, never fall back to recomputation (1.022375ms)
✔ marker hit uses signed stacking offset for both directions, not candle position (0.443584ms)
✔ symbol size and invalid render positions are handled safely (0.082167ms)
✔ aborted late response cannot publish metadata even if transport ignores abort (14.5905ms)
✔ missing provenance or silently changed adjustment never reaches research (0.149167ms)
✔ reported gaps do not falsely label suspension or prevent inspecting valid candles (0.105375ms)
✔ history fetch consumes one verified range and publishes complete metadata only after validation (0.516458ms)
✔ unclosed response never updates provenance or reaches the backtest (1.596125ms)
✔ null, true zero, infinities and real 999 are distinct after JSON roundtrip (0.449583ms)
✔ single, saved and comparison results retain authoritative metric basis (0.415959ms)
✔ whole proof validated without mutation, and cross-role ownership remains visible (0.998417ms)
✔ stale, future, duplicated, incomplete, falsely completed and mismatched sources rejected (0.309958ms)
✔ base runs cannot masquerade as proofs or own multiple provisional regions (0.0775ms)
✔ blocked covers show full conflicts, never fabricated flattened blocks (0.092292ms)
✔ labels retain provisional scope (0.063042ms)
✔ all seven MA presets are available but only MA5 and MA10 start visible (0.753708ms)
✔ each chart session gets independent editable settings without changing presets (0.075083ms)
✔ MA presets retain the requested yellow, white, purple, green, cyan, orange, red palette (0.073416ms)
✔ legend retains every MA choice and explicit hidden states override stale chart selection (1.271625ms)
✔ cross-boundary details resolve actual input and nested ownership records (1.289708ms)
✔ unowned reverse evidence stays explicitly unowned for boundary rejection (0.109959ms)
✔ foreign witness can be shown for an otherwise single-owner candidate (0.102583ms)
✔ legacy candidates do not invent missing conflict details (0.1145ms)
✔ damaged detail is not presented: mismatched candidate sources (0.092875ms)
✔ damaged detail is not presented: wrong layer (0.061541ms)
✔ damaged detail is not presented: unknown reverse input (2.4455ms)
✔ damaged detail is not presented: wrong reverse range (0.090708ms)
✔ damaged detail is not presented: reverse overlaps prices (0.078417ms)
✔ damaged detail is not presented: future reverse confirmation (0.112459ms)
✔ damaged detail is not presented: wrong reverse time (0.069666ms)
✔ damaged detail is not presented: incomplete domain list (0.06825ms)
✔ damaged detail is not presented: duplicate domains (0.048334ms)
✔ damaged detail is not presented: noncontinuous domain (0.041833ms)
✔ damaged detail is not presented: foreign domain misses witness (0.048209ms)
✔ damaged detail is not presented: false unowned witness (0.044333ms)
✔ damaged detail is not presented: missing nested record (0.060125ms)
✔ damaged detail is not presented: wrong reason (0.056917ms)
✔ only current owner revisions form the displayed ownership set (0.777084ms)
✔ internal provenance remains distinct and validates enclosing ownership (0.311ms)
✔ parent-covered history is not labeled as an additional effective input (0.06675ms)
✔ nested provenance validates containment and strictly increasing input levels (0.160542ms)
✔ current owner labels are distinct from creation IDs and tolerate old snapshots (0.087417ms)
✔ summary mode lists every historical address, not just current versions (0.760708ms)
✔ full and missing legacy snapshots stay readable without inventing history (0.0775ms)
✔ all four analysis paths explicitly request summary delivery without changing input (0.346334ms)
✔ complete lifecycle stays chronological, does not mutate input, and uses Chinese labels (1.216ms)
✔ legacy or future history is not invented (0.11675ms)
✔ dangling, reordered, duplicated, miscounted and conflicting histories fail closed (1.422125ms)
✔ equal counts cannot hide swapped source identities (0.092917ms)
✔ intermediate event boundaries must equal actual inherited and added sources (0.842583ms)
✔ input evidence must exist at the correct level and be available at admission (0.612209ms)
✔ invalid domain sources, membership and parent context fail closed (0.677292ms)
✔ leftward growth, shifted sources and newly filled merge gaps remain valid (0.358958ms)
✔ both periods exclude future and open candles while retaining original warm-up start (0.638459ms)
✔ snapshot observation time caps cutoff; bar start before cutoff is not enough (0.082083ms)
✔ no timeframe fallback or fabricated candles when historical minute range is unavailable (0.074584ms)
✔ index and board snapshots retain NONE adjustment, mismatch is rejected (0.217166ms)
✔ missing completion evidence, timezone timestamps and unordered bars fail explicitly (0.137083ms)
✔ week/month completion boundary comes from provider annotation, not day label (0.103ms)
✔ matrix defaults to exactly the five requested periods in image order and six information columns (16.539875ms)
✔ does not turn current reversal observation into a confirmed opposite pen (0.746625ms)
✔ keeps true zero distinct from missing, and numerical display never overwrites original axis judgment (3.249375ms)
✔ keeps divergence family, extrema and actual confirmation separate; never drops records (10.606292ms)
✔ missing pen and divergence are bounded claims; quality limitations stay visible (0.164833ms)
✔ forming candles preserve OHLC and use dashed empty outlines (0.425375ms)
✔ forming volume and signed MACD columns preserve values and direction (0.099042ms)
✔ radar review captures row adjustment, exact minute, strategy and original cutoff (0.940833ms)
✔ invalid or legacy reviews fail explicitly without guessing data or adjustment (0.441625ms)
✔ exchange-local dates validate without browser timezone conversion (0.085958ms)
✔ review excludes future and unclosed bars, resets derived fingerprint and reports actual range without mutating source (2.792333ms)
✔ radar cache is owner scoped and malformed/legacy records never enter the UI (0.65425ms)
✔ late messages, close and errors from an old socket cannot affect replacement (2.510709ms)
✔ invalid messages and control responses never become ticks; close reason retained (0.168666ms)
✔ matching versions are selected by case identity without mutation (9.0335ms)
✔ future snapshots, wrong rules, incomplete chains and duplicate cases are rejected (0.238792ms)
✔ labels never confuse endpoint consistency or higher-centre proof with completion (0.137167ms)
✔ v2 keeps the detached prefix and v1 remains readable (3.87ms)
✔ v3 supports trend search while retaining the same ownership guards (0.140292ms)
✔ missing, duplicated, misattributed or silently completed prefix is rejected (0.584458ms)
✔ reincorporation is recorded explicitly instead of erasing detached history (1.562875ms)
✔ accepts bounded history and empty verified batches (0.521208ms)
✔ rejects wrong batch, future indices, broken sources and contradictory state (0.225291ms)
✔ research labels distinguish absence, release, retained and internal (0.07975ms)
✔ late old responses cannot own a newer research request (0.758625ms)
✔ submission fields are captured values, not mutable form references (6.934541ms)
✔ snapshot import keeps original data and normalizes optional display metadata (2.5445ms)
✔ reject invalid schema, periods, oversized arrays and impossible candle prices (1.517125ms)
✔ cloud archives retain larger frozen windows and all supported distinct periods (40.007041ms)
✔ import keeps valid frozen outputs and rejects mismatched frozen data instead of recomputing (0.446791ms)
✔ window is exchange local and bounded by the snapshot cutoff (0.529166ms)
✔ missing numbers and candidate status are never promoted (0.550833ms)
✔ amber projection resolves daily and minute labels, ignores open candle (0.735083ms)
✔ three workspaces are keyboard traversable without dropping an existing mode (0.733584ms)
✔ mobile comparison shows exactly the selected snapshot; desktop shows both (0.095333ms)
✔ inactive research never starts automatic work, valid active research does (0.081875ms)
✔ audit description translates permissions and never renders arbitrary detail fields (1.005375ms)
✔ audit time is explicitly Shanghai time and invalid data remains readable (38.848ms)
✔ audit API preserves bounded pagination/filter state and authenticated credentials (144.93675ms)
✔ distinguishes no candidate, failed current audit, and actual invalidation without promoting legacy state (5.024458ms)
✔ filters independent families and directions without merging special and local dual-line evidence (2.565375ms)
✔ searches lifecycle dates and failure reasons with all terms required, retaining original source objects (0.338084ms)
✔ searches diagnostic rejection history without silently reviving historical candidates (0.9655ms)
✔ all excludes bc false, preserves input order and records, and does not infer missing direction (0.32425ms)
✔ legacy diagnostic family is standard, and empty diagnostics do not invent rejection records (0.265292ms)
✔ structural points retain their own confirmation and evidence, never deriving them from a MACD source (0.697667ms)
✔ M1 uses exact existing gates and remains a separate view of its original standard event (0.518333ms)
✔ combined date query finds independent point, prompt and event records without deduplication or additive counts (0.389584ms)
✔ chart date matches structured lifecycle timestamps, not coincidental prose dates (1.158042ms)
✔ minute evidence uses exact exchange-local minute, accepting T/space and refusing missing time (0.135083ms)
✔ chart date includes diagnostic ABC and rejection coverage without inventing open or reversed intervals (0.229833ms)
✔ date scope combines with all filters for structural points and original M1 sources (0.120667ms)
✔ new standard evidence explains price, old blocker and independent special lifecycle (6.423583ms)
✔ new gates include counts, boundary and dates without undefined placeholder (0.229541ms)
✔ legacy comparisons retain old detected confirmed and invalidated dates (0.156125ms)
✔ structure dates remove midnight noise without changing intraday precision (1.6765ms)
✔ centre evidence distinguishes fixed core, outer range and candidate expansion (1.374042ms)
✔ segment evidence includes source prices and reverse proof with one-based labels (0.543458ms)
✔ missing legacy evidence does not invent confirmation (0.250208ms)
✔ special inclusion explains boundary exception without labelling it an ordinary fractal (0.155ms)
✔ centre relation history distinguishes current candidate from original separation (0.257541ms)
✔ confirmation replay translates raw indices without date matching (0.181542ms)
✔ unknown, invalid or out-of-snapshot confirmations have no replay target (0.195125ms)
✔ connection badge validates shared time, price and alternating direction (0.276541ms)
✔ reverse preview uses observed extreme, not last close or a future target (3.147125ms)
✔ mirrored lows produce an upward reference (0.225667ms)
✔ no invented reference for missing, ambiguous, extending, or invalid inputs (0.427667ms)
✔ replay prefix cannot use a later extreme; ties retain first occurrence (0.738042ms)
✔ ongoing consolidation differs by color, line pattern, and fill (0.615125ms)
✔ task list rejects malformed responses instead of replacing records with undefined (43.054083ms)
✔ cancelling is not terminal and elapsed values remain readable (0.1955ms)
✔ runBacktestWithPolling waits through cancelling and returns cancelled (6.511458ms)
✔ runBacktestWithPolling waits through cancelling and returns timed_out (1.835291ms)
✔ runSignalScanWithPolling waits through cancelling and returns cancelled (43.063542ms)
✔ runSignalScanWithPolling waits through cancelling and returns timed_out (4.582208ms)
✔ cancel API uses POST, and partial cancelled scan results are never accepted (0.42875ms)
✔ persistent recovery and version mismatch are distinct from completion (0.427666ms)
✔ terminal task deletion handles empty 204 and encodes identity (0.498167ms)
✔ checkpoint presence is not confused with verified reuse or task completion (0.995667ms)
✔ cached completed submission is retrieved rather than shown as running (0.836541ms)
✔ network failures are localized across WebKit, Chromium and Firefox (0.408833ms)
✔ route consumer can unmount and remount while the one sequential analysis continues (2.827791ms)
✔ explicit stop retains completed rows and marks running/unstarted rows cancelled (0.274583ms)
✔ owner change or revoked access clears results and rejects late old publications (0.249209ms)
✔ background completion includes per-target failure and expansion failure without false success (0.264833ms)
✔ cancel during board expansion cannot publish late entries (0.182917ms)
✔ tracking transport binds owner, stops on permission failure and does not relabel name/market requests (14.73325ms)
✔ late auth error on an already-cancelled old transport never stops the next job (0.239958ms)
✔ route delegates lifetime and owns bounded vertical scrolling; application binds ownership (0.890458ms)
✔ tracking identity separates asset types, exchanges and board catalogues (1.361833ms)
✔ cloud book validates without silently dropping corrupt groups or duplicate entries (2.208666ms)
✔ expansion preserves every member and all board/direct sources, not a 200-row display page (3.24275ms)
✔ membership failure is explicit and malformed partial membership is never accepted (0.689583ms)
✔ batch runs sequentially, keeps partial errors and continues after a failed target (9.089958ms)
✔ cancellation marks in-flight and unstarted rows, ignoring a late success (0.182958ms)
✔ group breadth counts only available periods, never treats failed targets as neutral evidence (0.68775ms)
✔ exact current revision accepts only its own evidence without mutation (3.164208ms)
✔ old partition, stale version, future evidence and false completion are rejected (0.964458ms)
✔ historical audit cannot import a later opposite segment (0.103792ms)
✔ empty partitions and higher-proof priority retain explicit blockers (0.74175ms)
✔ new blockers use Chinese labels without calling prerequisites completion (0.1855ms)
✔ missing comparison interval is explained in Chinese without inventing a date (4.140583ms)
✔ special diagnostics identify each A indicator witness rather than the price witness (1.086708ms)
✔ nonstandard DEA axis gate remains explicit without an improvement requirement (0.57325ms)
✔ DEA tolerance discloses research threshold, precise deviation and near-zero fallback (0.475791ms)
✔ wave evidence separates effective A from original wave and local pivots (0.396167ms)
✔ rounded equal line extrema disclose the precise failed values and witness times (0.14825ms)
✔ comparisons are explicitly research only and preserve B/C axis checks (0.122291ms)
✔ unformed candidate shows Chinese gates, two-decimal values and rejection dates (0.107458ms)
✔ new nonstandard audit explicitly uses full A and first-formed reverse evidence explains gaps (0.12175ms)
ℹ tests 318
ℹ suites 0
ℹ pass 318
ℹ fail 0
ℹ cancelled 0
ℹ skipped 0
ℹ todo 0
ℹ duration_ms 1688.673792
→ 打包中…
→ 运行测试…
京东方评级: D 分数: 34.3
维度明细: 卡玛比率=22.7, 最大回撤=27.5, 胜率=33.5, 利润因子=34.1, 夏普比率=41.5, 波动率=50.1
否决: 利润因子 1.11 接近 1，仅勉强盈亏平衡
长线优质策略评级: B 分数: 64.5
维度权重: 卡玛比率=28%, 最大回撤=26%, 胜率=0%, 利润因子=0%, 夏普比率=23%, 波动率=23%
优质案例评级: A 分数: 83.9
寻优点评级: A 74
组合重算指标: { '年化': '20.83%', '回撤': '0.80%', '夏普': '5.27', '卡玛': '26.03' }
稳定上涨组合评级: S 91.8
波动组合重算: { '回撤': '44.15%', '夏普': '-2.64', '持续': 60 }
波动组合评级: D 18.5
✔ 新版组合评级使用后端采样，不按图表柱数重新日线年化 (0.889125ms)
✔ 必要风险指标缺失不能展示为零风险或正常评级 (0.2065ms)
✔ 无穷比率不等于满分，真实零利润因子仍按亏损判断 (0.118208ms)
✔ 京东方回测必须评为 D 档（用户核心诉求验证点） (0.472584ms)
✔ 京东方评分应在 30-43 区间（C 与 D 的边界） (0.17475ms)
✔ 低利润因子触发系统亏损否决 (0.1155ms)
✔ 样本不足（< 10 笔交易）降权但不否决整个评级 (0.209625ms)
✔ 用户实测场景：6年6笔交易 + 高夏普 → 应得 A/B（核心回归测试） (0.189541ms)
✔ 深回撤 > 60% 触发直接 D 否决 (0.114166ms)
✔ 优质回测应得 A 或 S 档 (0.133959ms)
✔ 高回撤但收益高 → 最高 B（一票否决 cap） (0.08875ms)
✔ 插值函数：边界值取端点分数 (0.068708ms)
✔ 插值函数：中间值线性插值 (0.040875ms)
✔ 寻优评级：4 维度降级版 (0.097625ms)
✔ 寻优评级：网格点交易太少 → 降权但评级照常 (0.049584ms)
✔ 组合评级：稳定上涨净值应得 A 或 S (1.947ms)
✔ 组合评级：高波动深回撤净值 → 低档 (0.69075ms)
✔ combinedMetrics：单点净值返回全 0（兜底） (0.071875ms)
✔ 历史组合仅保留原值，不从曲线推断日线或重算评级 (0.518917ms)
✔ v1-v4、未知版本及不完整依据不伪装为新版结果 (0.576375ms)
✔ 新版结果使用已记录指标，真实 999 和零不被当作历史哨兵 (0.072375ms)
✔ 指标状态缺失或与数值冲突不能产出评级，包括被降权维度 (0.13775ms)
✔ 低交易样本的真实不可用逐笔指标仍可降权，不误拦截可用净值评级 (0.07625ms)
✔ 寻优逐行核验新版采样与候选状态，输入范围不替代候选证据 (0.1065ms)
✔ 完整快照保留精度、真实 0/999、全部指标及版本且不关联可变输入 (0.252333ms)
✔ 策略保存接受真实 Vue 响应式结果，不因 Proxy 无法 structuredClone 而失败 (0.535625ms)
✔ 再次保存历史指标不补造新版计算或评级依据 (0.097375ms)
✔ 对比展示原值并指出版本、周期、范围与利率差异，不自动重算 (0.233125ms)
ℹ tests 28
ℹ suites 0
ℹ pass 28
ℹ fail 0
ℹ cancelled 0
ℹ skipped 0
ℹ todo 0
ℹ duration_ms 93.955709
