** WARNING: connection is not using a post-quantum key exchange algorithm.
** This session may be vulnerable to "store now, decrypt later" attacks.
** The server may need to be upgraded. See https://openssh.com/pq.html
a77b34d65186ff89d3db6601fc6c5f6b2c736bff046a3656e6d197bb334f794c  -
c6916186b2d195c268830bea7a611c9c567860ad404170bebc359bba3cf21909  -
9033200e35bec49a97895c4995f27a34e6cc477d92f8308cfa16cb405fe14610  -
<!doctype html>
<html lang="zh-CN">
  <head>
    <meta charset="UTF-8" />
    <link rel="icon" type="image/svg+xml" href="/favicon.svg" />
    <meta name="viewport" content="width=device-width, initial-scale=1.0, viewport-fit=cover" />
    <meta name="theme-color" content="#111216" />
    <meta name="description" content="股票行情、策略回测与缠论结构分析工作台" />
    <title>股票分析 · Analysis Studio</title>
    <script type="module" crossorigin src="/assets/index-Cn68D-tE.js"></script>
    <link rel="modulepreload" crossorigin href="/assets/_plugin-vue_export-helper-DnCj9oO1.js">
    <link rel="stylesheet" crossorigin href="/assets/index-y7nnxMFo.css">
  </head>
  <body>
f948b0eb33797caa5dd6de9bf419f8db47d6d0eaf2b035832808ef1efcd2cb6f  /home/opc/apps/easy_tdx-release-20261010-scroll-filters/compose.yaml
