
> web-ui@0.0.0 test
> node scripts/run-tests.mjs

✔ trade lookup keeps the exact minute across separators, precision and days (1.039542ms)
✔ date-only values cannot choose the midnight bar of an ambiguous day (0.097791ms)
✔ daily and duplicate exact timestamps keep first positional matches (0.077208ms)
✔ nanoseconds and timezone text are not truncated into a false match (0.080166ms)
✔ date labels preserve useful precision without local timezone conversion (0.084916ms)
✔ higher sources resolve actual records and separate original from current review time (1.036708ms)
✔ base sources and foreign witness rejection have distinct Chinese descriptions (0.095416ms)
✔ inconsistent candidate has no replay evidence: unknown reason (0.079292ms)
✔ inconsistent candidate has no replay evidence: prototype key (0.064ms)
✔ inconsistent candidate has no replay evidence: future version (0.055208ms)
✔ inconsistent candidate has no replay evidence: future completion (0.047833ms)
✔ inconsistent candidate has no replay evidence: missing time (0.050958ms)
✔ inconsistent candidate has no replay evidence: empty source (2.264708ms)
✔ inconsistent candidate has no replay evidence: duplicate source (0.094625ms)
✔ inconsistent candidate has no replay evidence: unknown source (0.117166ms)
✔ inconsistent candidate has no replay evidence: mixed levels (0.12275ms)
✔ inconsistent candidate has no replay evidence: future child (0.072125ms)
✔ inconsistent candidate has no replay evidence: wrong child level (0.05575ms)
✔ inconsistent candidate has no replay evidence: duplicate record (0.04925ms)
✔ inconsistent candidate has no replay evidence: empty record range (0.052792ms)
✔ inconsistent candidate has no replay evidence: gap (0.050375ms)
✔ inconsistent candidate has no replay evidence: wrong parent range (0.040334ms)
✔ inconsistent candidate has no replay evidence: reversed sources (0.045833ms)
✔ inconsistent candidate has no replay evidence: unsafe base number (3.715333ms)
✔ 80 percent transparency is 20 percent alpha, for both candle directions (0.415292ms)
✔ transparency stays finite, integer, and bounded (0.08175ms)
✔ body is symmetric around the unchanged wick across widths and fractional positions (3.73925ms)
✔ horizontal candles preserve every price coordinate (0.250167ms)
✔ missing or non-finite candle layouts are left untouched (0.121666ms)
✔ native ECharts layout remains centred after resize, zoom and data replacement (278.913167ms)
✔ zooming out of large-data line mode restores centred candle bodies (16.609417ms)
✔ structure widths retain existing defaults and hover appearance (1.340667ms)
✔ manual values stay finite, bounded, and at two decimal places (0.137291ms)
✔ raw index overrides rounded dates, including zero (0.445875ms)
✔ legacy intraday dates never fall back to the first bar of the day (0.305917ms)
✔ duplicate formatted times fail safely without a raw index (0.182667ms)
✔ padding keeps the 23px marker plus radius inside the price pane (0.31425ms)
✔ flat, zero and negative ranges get finite padding; invalid extents do not (0.192833ms)
✔ single-bar time link is a thin line limited to each actual plot (0.828125ms)
✔ multi-bar time link has no border and clips to plot, never clamps offscreen data to an edge (0.092333ms)
✔ time links map daily coverage to all minute bars, not a matching ordinal (0.157625ms)
✔ weekly and monthly end-labelled bars cover earlier constituent dates without changing data (2.124916ms)
✔ nearest marker wins regardless of signal family, only co-located points share chooser (0.210208ms)
✔ immutable request cache deduplicates pending work, isolates payload keys and retries errors (0.315125ms)
✔ all six structural types keep extrema and confirmation separate with original evidence (1.68225ms)
✔ legacy records do not invent confirmation or structural sources (0.306875ms)
✔ M1 keeps independent MACD source and original direction, never a structural type (6.030792ms)
✔ all chart layers override independent animation and progressive rendering (1.069875ms)
✔ rejects invalid saved zooms (3.790875ms)
✔ same-snapshot redraw keeps current manually chosen view (0.111333ms)
✔ focus redraw keeps manual zoom; clearing restores pre-focus view (0.080667ms)
✔ switching focus preserves the original return view (0.065166ms)
✔ new snapshot resets saved focus view and never revives old zoom (0.067875ms)
✔ default inactive; moving does not show cards and leaving does not deactivate (1.21075ms)
✔ object previews can read date-card activation without activating it (0.159ms)
✔ click selects a point; outside click closes; inside click is not dismissed (0.114084ms)
✔ activated cards follow movement until outside dismissal, then require another click (0.111708ms)
✔ zoom clears stale coordinates but preserves activation (0.07475ms)
✔ data reset and Escape deactivate; teardown removes all handlers (0.111625ms)
✔ directed centre chain is candidate evidence, not completion (1.504417ms)
✔ touching, opposing, future, overlapping or malformed chains fail closed (0.255541ms)
✔ single-centre and legacy components remain readable (0.0665ms)
✔ inside, border, reversed y and overlapping rectangles resolve newest first (1.811708ms)
✔ invalid or missing render coordinates cannot create hits (0.116042ms)
✔ popup stays within narrow viewport and near-edge right click (0.101125ms)
✔ roles are Chinese and unknown roles never claim completion (1.012792ms)
✔ source ranges keep one-based indices without disguising gaps (0.237375ms)
✔ coverage checks counts, repeats and missing IDs (0.256667ms)
✔ missing, empty and rejected suffix are explicit (0.093583ms)
✔ invalid counts and empty blocks cannot pass the coverage audit (0.078833ms)
✔ uses raw indices, allows shared endpoints and bounds zoom padding (0.941ms)
✔ does not invent a B interval or infer indices from formatted dates (0.087417ms)
✔ rejects partial, reversed, overlapping and out-of-snapshot evidence (0.121ms)
✔ allows inspection of historical failed evidence without reviving it (0.114625ms)
✔ local proof draws frozen exact endpoints only after its actual confirmation (0.583209ms)
✔ dual-line divergence uses two exact raw indices, never artificial ABC ranges (0.224291ms)
✔ dual-line focus rejects missing, duplicate, reversed and out-of-range points (1.240542ms)
✔ special wave focus uses AB and its extreme without inventing C (0.345375ms)
✔ direction, family and lifecycle have independent marker styles (3.191ms)
✔ no-C dual-line remains a circle and fills only on first reverse-pen confirmation (2.809375ms)
✔ M1 is restricted to confirmed waves with a later actual confirmation (0.35125ms)
✔ four families retain independent records and nonstandard uses a triangle (0.797334ms)
✔ October 4 marker matrix uses shape for family and colour only for direction (0.293416ms)
✔ special AB evidence separates A line extrema from both price anchors and legacy pivots (0.652583ms)
✔ history is opt-in, inactive stays grey hollow, never creates M1 (1.329958ms)
✔ every historical shape uses a continuous hollow contour, including on hover (0.291541ms)
✔ new nonstandard evidence relaxes prices only and records each subtype (0.138917ms)
✔ new dual rule cannot fill without recorded later local confirmation (0.103208ms)
✔ historical engineering match retains original timing without claiming regrouping completion (0.998ms)
✔ future, stale, mismatched or incomplete evidence fails closed (0.302625ms)
✔ older snapshots and unmatched parts keep existing natural audit available (0.066625ms)
✔ engineering provenance uses the same one-based numbering as other inspectors (4.496041ms)
✔ mixed recursion distinguishes consolidation and trend from the old trend view (0.175708ms)
✔ unknown or reversed provenance is not presented as a completed trend (0.091083ms)
✔ indicator and price values use two decimals without inventing missing evidence (0.083833ms)
✔ recursive centre relations never call extension candidates completed types (0.078708ms)
✔ admissions distinguish unit confirmation from later failed-return admission (0.060458ms)
✔ display fields retain all text including dates, provenance, and secondary colons (1.695459ms)
✔ narrative, missing evidence, and timestamp headings remain whole (0.474375ms)
✔ all candidate states distinguish eligibility from completed natural types (0.512917ms)
✔ opposite geometry identifies reused next-part evidence, including nonzero source IDs (0.527917ms)
✔ external opposite geometry is not added to candidate membership (0.09525ms)
✔ missing, stale, misattributed or future opposite geometry is not displayed as matched (0.136ms)
✔ preferred endpoints are never called completed types; conflicts are retained (0.073417ms)
✔ opposite base turn is not same-level completion (0.092041ms)
✔ price formatting preserves zero and boundary contact, guards non-finite values (0.112542ms)
✔ candidate audit joins by identity, not response order (0.077625ms)
✔ part audit must match ordinal AND exact raw source IDs, including shifted IDs (0.145708ms)
✔ locates the three raw ranges without relabelling them as MACD or confirmed centres (0.931916ms)
✔ candidate must already be observable at the CURRENT replay prefix (0.159208ms)
✔ no incomplete, waiting or unsupported candidate is given a fabricated range (0.091042ms)
✔ raw bar boundaries must be contiguous and inside the visible window (0.127958ms)
✔ source partitions must cover every original segment once, preserving nonzero IDs (0.107958ms)
✔ conflicting geometric fallback remains viewable for manual audit (0.071541ms)
✔ clearing a regrouping focus restores original zoom; a new replay snapshot does not (0.110083ms)
✔ membership labels distinguish source confirmation from later admission (0.496708ms)
✔ admission witness distinguishes confirmation dependency from geometric membership (0.08775ms)
✔ old or malformed evidence never invents an admission witness (0.084792ms)
✔ menus stay inside phone, keyboard and landscape viewports (1.20175ms)
✔ near-bottom controls open upwards without changing ordinary desktop width (0.099292ms)
✔ marker hit uses signed stacking offset for both directions, not candle position (1.524458ms)
✔ symbol size and invalid render positions are handled safely (0.091584ms)
✔ aborted late response cannot publish metadata even if transport ignores abort (29.595625ms)
✔ missing provenance or silently changed adjustment never reaches research (0.426042ms)
✔ reported gaps do not falsely label suspension or prevent inspecting valid candles (0.253834ms)
✔ history fetch consumes one verified range and publishes complete metadata only after validation (1.294583ms)
✔ unclosed response never updates provenance or reaches the backtest (0.625084ms)
✔ null, true zero, infinities and real 999 are distinct after JSON roundtrip (0.447ms)
✔ single, saved and comparison results retain authoritative metric basis (0.422958ms)
✔ whole proof validated without mutation, and cross-role ownership remains visible (0.946292ms)
✔ stale, future, duplicated, incomplete, falsely completed and mismatched sources rejected (0.303458ms)
✔ base runs cannot masquerade as proofs or own multiple provisional regions (0.074833ms)
✔ blocked covers show full conflicts, never fabricated flattened blocks (0.091917ms)
✔ labels retain provisional scope (0.062ms)
✔ all seven MA presets are available but only MA5 and MA10 start visible (1.905334ms)
✔ each chart session gets independent editable settings without changing presets (0.09875ms)
✔ MA presets retain the requested yellow, white, purple, green, cyan, orange, red palette (0.1065ms)
✔ legend retains every MA choice and explicit hidden states override stale chart selection (0.12175ms)
✔ cross-boundary details resolve actual input and nested ownership records (2.865417ms)
✔ unowned reverse evidence stays explicitly unowned for boundary rejection (0.115958ms)
✔ foreign witness can be shown for an otherwise single-owner candidate (0.104875ms)
✔ legacy candidates do not invent missing conflict details (0.100708ms)
✔ damaged detail is not presented: mismatched candidate sources (0.085875ms)
✔ damaged detail is not presented: wrong layer (0.071958ms)
✔ damaged detail is not presented: unknown reverse input (1.127334ms)
✔ damaged detail is not presented: wrong reverse range (0.090542ms)
✔ damaged detail is not presented: reverse overlaps prices (0.084041ms)
✔ damaged detail is not presented: future reverse confirmation (0.116292ms)
✔ damaged detail is not presented: wrong reverse time (0.068291ms)
✔ damaged detail is not presented: incomplete domain list (0.069375ms)
✔ damaged detail is not presented: duplicate domains (0.047167ms)
✔ damaged detail is not presented: noncontinuous domain (0.041208ms)
✔ damaged detail is not presented: foreign domain misses witness (0.049291ms)
✔ damaged detail is not presented: false unowned witness (0.046417ms)
✔ damaged detail is not presented: missing nested record (0.056042ms)
✔ damaged detail is not presented: wrong reason (0.059ms)
✔ only current owner revisions form the displayed ownership set (0.840292ms)
✔ internal provenance remains distinct and validates enclosing ownership (3.491542ms)
✔ parent-covered history is not labeled as an additional effective input (0.090125ms)
✔ nested provenance validates containment and strictly increasing input levels (1.75975ms)
✔ current owner labels are distinct from creation IDs and tolerate old snapshots (2.038792ms)
✔ summary mode lists every historical address, not just current versions (8.243666ms)
✔ full and missing legacy snapshots stay readable without inventing history (0.452291ms)
✔ all four analysis paths explicitly request summary delivery without changing input (0.576ms)
✔ complete lifecycle stays chronological, does not mutate input, and uses Chinese labels (1.579041ms)
✔ legacy or future history is not invented (0.342ms)
✔ dangling, reordered, duplicated, miscounted and conflicting histories fail closed (2.123375ms)
✔ equal counts cannot hide swapped source identities (0.181417ms)
✔ intermediate event boundaries must equal actual inherited and added sources (0.173333ms)
✔ input evidence must exist at the correct level and be available at admission (0.431916ms)
✔ invalid domain sources, membership and parent context fail closed (0.368791ms)
✔ leftward growth, shifted sources and newly filled merge gaps remain valid (0.403583ms)
✔ both periods exclude future and open candles while retaining original warm-up start (2.348833ms)
✔ snapshot observation time caps cutoff; bar start before cutoff is not enough (0.090834ms)
✔ no timeframe fallback or fabricated candles when historical minute range is unavailable (0.077083ms)
✔ index and board snapshots retain NONE adjustment, mismatch is rejected (0.21625ms)
✔ missing completion evidence, timezone timestamps and unordered bars fail explicitly (0.143083ms)
✔ week/month completion boundary comes from provider annotation, not day label (0.097708ms)
✔ matrix defaults to exactly the five requested periods in image order and six information columns (1.615625ms)
✔ does not turn current reversal observation into a confirmed opposite pen (0.180625ms)
✔ keeps true zero distinct from missing, and numerical display never overwrites original axis judgment (0.547958ms)
✔ keeps divergence family, extrema and actual confirmation separate; never drops records (9.645666ms)
✔ missing pen and divergence are bounded claims; quality limitations stay visible (0.150875ms)
✔ forming candles preserve OHLC and use dashed empty outlines (0.43925ms)
✔ forming volume and signed MACD columns preserve values and direction (0.094333ms)
✔ late messages, close and errors from an old socket cannot affect replacement (5.804084ms)
✔ invalid messages and control responses never become ticks; close reason retained (0.41ms)
✔ matching versions are selected by case identity without mutation (0.893166ms)
✔ future snapshots, wrong rules, incomplete chains and duplicate cases are rejected (0.205ms)
✔ labels never confuse endpoint consistency or higher-centre proof with completion (0.132ms)
✔ v2 keeps the detached prefix and v1 remains readable (0.296334ms)
✔ v3 supports trend search while retaining the same ownership guards (0.114042ms)
✔ missing, duplicated, misattributed or silently completed prefix is rejected (1.852666ms)
✔ reincorporation is recorded explicitly instead of erasing detached history (0.185416ms)
✔ accepts bounded history and empty verified batches (1.773375ms)
✔ rejects wrong batch, future indices, broken sources and contradictory state (4.397958ms)
✔ research labels distinguish absence, release, retained and internal (0.198917ms)
✔ late old responses cannot own a newer research request (0.649958ms)
✔ submission fields are captured values, not mutable form references (0.57525ms)
✔ snapshot import keeps original data and normalizes optional display metadata (0.91925ms)
✔ reject invalid schema, periods, oversized arrays and impossible candle prices (0.276417ms)
✔ window is exchange local and bounded by the snapshot cutoff (1.596542ms)
✔ missing numbers and candidate status are never promoted (0.297625ms)
✔ amber projection resolves daily and minute labels, ignores open candle (0.544792ms)
✔ audit description translates permissions and never renders arbitrary detail fields (2.231ms)
✔ audit time is explicitly Shanghai time and invalid data remains readable (54.655584ms)
✔ audit API preserves bounded pagination/filter state and authenticated credentials (26.145ms)
✔ distinguishes no candidate, failed current audit, and actual invalidation without promoting legacy state (5.109458ms)
✔ filters independent families and directions without merging special and local dual-line evidence (2.693167ms)
✔ searches lifecycle dates and failure reasons with all terms required, retaining original source objects (0.311ms)
✔ searches diagnostic rejection history without silently reviving historical candidates (0.53425ms)
✔ all excludes bc false, preserves input order and records, and does not infer missing direction (0.153167ms)
✔ legacy diagnostic family is standard, and empty diagnostics do not invent rejection records (0.108333ms)
✔ structural points retain their own confirmation and evidence, never deriving them from a MACD source (0.335125ms)
✔ M1 uses exact existing gates and remains a separate view of its original standard event (0.20325ms)
✔ combined date query finds independent point, prompt and event records without deduplication or additive counts (0.114875ms)
✔ chart date matches structured lifecycle timestamps, not coincidental prose dates (0.24025ms)
✔ minute evidence uses exact exchange-local minute, accepting T/space and refusing missing time (0.214208ms)
✔ chart date includes diagnostic ABC and rejection coverage without inventing open or reversed intervals (0.259292ms)
✔ date scope combines with all filters for structural points and original M1 sources (0.162041ms)
✔ new standard evidence explains price, old blocker and independent special lifecycle (1.501625ms)
✔ new gates include counts, boundary and dates without undefined placeholder (0.4945ms)
✔ legacy comparisons retain old detected confirmed and invalidated dates (0.174875ms)
✔ structure dates remove midnight noise without changing intraday precision (0.539584ms)
✔ centre evidence distinguishes fixed core, outer range and candidate expansion (0.611042ms)
✔ segment evidence includes source prices and reverse proof with one-based labels (0.161166ms)
✔ missing legacy evidence does not invent confirmation (0.101041ms)
✔ special inclusion explains boundary exception without labelling it an ordinary fractal (0.063208ms)
✔ centre relation history distinguishes current candidate from original separation (0.096875ms)
✔ confirmation replay translates raw indices without date matching (0.065583ms)
✔ unknown, invalid or out-of-snapshot confirmations have no replay target (0.06875ms)
✔ connection badge validates shared time, price and alternating direction (0.096583ms)
✔ reverse preview uses observed extreme, not last close or a future target (0.898209ms)
✔ mirrored lows produce an upward reference (0.092375ms)
✔ no invented reference for missing, ambiguous, extending, or invalid inputs (0.113ms)
✔ replay prefix cannot use a later extreme; ties retain first occurrence (0.089167ms)
✔ ongoing consolidation differs by color, line pattern, and fill (0.09375ms)
✔ cancelling is not terminal and elapsed values remain readable (0.539792ms)
✔ runBacktestWithPolling waits through cancelling and returns cancelled (18.628167ms)
✔ runBacktestWithPolling waits through cancelling and returns timed_out (2.170041ms)
✔ runSignalScanWithPolling waits through cancelling and returns cancelled (2.224584ms)
✔ runSignalScanWithPolling waits through cancelling and returns timed_out (1.782917ms)
✔ cancel API uses POST, and partial cancelled scan results are never accepted (0.8555ms)
✔ persistent recovery and version mismatch are distinct from completion (0.437458ms)
✔ terminal task deletion handles empty 204 and encodes identity (0.166292ms)
✔ checkpoint presence is not confused with verified reuse or task completion (0.290041ms)
✔ cached completed submission is retrieved rather than shown as running (0.252208ms)
✔ network failures are localized across WebKit, Chromium and Firefox (0.176417ms)
✔ exact current revision accepts only its own evidence without mutation (1.587083ms)
✔ old partition, stale version, future evidence and false completion are rejected (0.300708ms)
✔ historical audit cannot import a later opposite segment (0.08675ms)
✔ empty partitions and higher-proof priority retain explicit blockers (0.078458ms)
✔ new blockers use Chinese labels without calling prerequisites completion (0.142667ms)
✔ missing comparison interval is explained in Chinese without inventing a date (0.678417ms)
✔ special diagnostics identify each A indicator witness rather than the price witness (0.324625ms)
✔ nonstandard DEA axis gate remains explicit without an improvement requirement (0.175583ms)
✔ DEA tolerance discloses research threshold, precise deviation and near-zero fallback (0.230709ms)
✔ wave evidence separates effective A from original wave and local pivots (1.191833ms)
✔ rounded equal line extrema disclose the precise failed values and witness times (0.148083ms)
✔ comparisons are explicitly research only and preserve B/C axis checks (0.114ms)
✔ unformed candidate shows Chinese gates, two-decimal values and rejection dates (0.111208ms)
✔ new nonstandard audit explicitly uses full A and first-formed reverse evidence explains gaps (0.532292ms)
ℹ tests 262
ℹ suites 0
ℹ pass 262
ℹ fail 0
ℹ cancelled 0
ℹ skipped 0
ℹ todo 0
ℹ duration_ms 1121.4055
→ 打包中…
→ 运行测试…
京东方评级: D 分数: 34.3
维度明细: 卡玛比率=22.7, 最大回撤=27.5, 胜率=33.5, 利润因子=34.1, 夏普比率=41.5, 波动率=50.1
否决: 利润因子 1.11 接近 1，仅勉强盈亏平衡
长线优质策略评级: B 分数: 64.5
维度权重: 卡玛比率=28%, 最大回撤=26%, 胜率=0%, 利润因子=0%, 夏普比率=23%, 波动率=23%
优质案例评级: A 分数: 83.9
寻优点评级: A 74
组合重算指标: { '年化': '20.83%', '回撤': '0.80%', '夏普': '5.27', '卡玛': '26.03' }
稳定上涨组合评级: S 91.8
波动组合重算: { '回撤': '44.15%', '夏普': '-2.64', '持续': 60 }
波动组合评级: D 18.5
✔ 新版组合评级使用后端采样，不按图表柱数重新日线年化 (1.990125ms)
✔ 必要风险指标缺失不能展示为零风险或正常评级 (0.353959ms)
✔ 无穷比率不等于满分，真实零利润因子仍按亏损判断 (0.145916ms)
✔ 京东方回测必须评为 D 档（用户核心诉求验证点） (0.511042ms)
✔ 京东方评分应在 30-43 区间（C 与 D 的边界） (0.105959ms)
✔ 低利润因子触发系统亏损否决 (0.070875ms)
✔ 样本不足（< 10 笔交易）降权但不否决整个评级 (0.136333ms)
✔ 用户实测场景：6年6笔交易 + 高夏普 → 应得 A/B（核心回归测试） (0.146333ms)
✔ 深回撤 > 60% 触发直接 D 否决 (0.115625ms)
✔ 优质回测应得 A 或 S 档 (0.210375ms)
✔ 高回撤但收益高 → 最高 B（一票否决 cap） (0.097667ms)
✔ 插值函数：边界值取端点分数 (0.057458ms)
✔ 插值函数：中间值线性插值 (0.135083ms)
✔ 寻优评级：4 维度降级版 (0.1635ms)
✔ 寻优评级：网格点交易太少 → 降权但评级照常 (0.063666ms)
✔ 组合评级：稳定上涨净值应得 A 或 S (1.628958ms)
✔ 组合评级：高波动深回撤净值 → 低档 (0.568ms)
✔ combinedMetrics：单点净值返回全 0（兜底） (0.048166ms)
✔ 历史组合仅保留原值，不从曲线推断日线或重算评级 (0.470375ms)
✔ v1-v4、未知版本及不完整依据不伪装为新版结果 (0.534083ms)
✔ 新版结果使用已记录指标，真实 999 和零不被当作历史哨兵 (0.072209ms)
✔ 指标状态缺失或与数值冲突不能产出评级，包括被降权维度 (0.089916ms)
✔ 低交易样本的真实不可用逐笔指标仍可降权，不误拦截可用净值评级 (0.083375ms)
✔ 寻优逐行核验新版采样与候选状态，输入范围不替代候选证据 (0.101708ms)
✔ 完整快照保留精度、真实 0/999、全部指标及版本且不关联可变输入 (0.786166ms)
✔ 策略保存接受真实 Vue 响应式结果，不因 Proxy 无法 structuredClone 而失败 (0.733333ms)
✔ 再次保存历史指标不补造新版计算或评级依据 (0.098541ms)
✔ 对比展示原值并指出版本、周期、范围与利率差异，不自动重算 (0.259667ms)
ℹ tests 28
ℹ suites 0
ℹ pass 28
ℹ fail 0
ℹ cancelled 0
ℹ skipped 0
ℹ todo 0
ℹ duration_ms 99.646125
