### Page
- Page URL: http://127.0.0.1:8768/account
- Page Title: 股票分析 · Analysis Studio
- Console: 1 errors, 0 warnings
### Snapshot
```yaml
- generic [ref=e61]:
  - generic [ref=e62]:
    - button "打开导航" [ref=e63] [cursor=pointer]: ☰
    - heading "个人账户" [level=1] [ref=e65]
    - generic [ref=e66]:
      - link "个人账户" [ref=e67]:
        - /url: /account
        - generic [ref=e68]: F
      - button "退出登录" [ref=e69] [cursor=pointer]
  - main [ref=e72]:
    - generic [ref=e73]:
      - generic [ref=e74]:
        - generic [ref=e75]: F
        - generic [ref=e76]:
          - paragraph [ref=e77]: PERSONAL DATA
          - heading "factor-qa" [level=2] [ref=e78]
          - paragraph [ref=e79]: 你的策略、扫描信号和偏好设置均与此账户关联。
        - generic [ref=e80]: 管理员
      - region "账户概况" [ref=e81]:
        - article [ref=e82]:
          - generic [ref=e83]: 已保存策略
          - strong [ref=e84]: "0"
          - generic [ref=e85]: 仅你可见
        - article [ref=e86]:
          - generic [ref=e87]: 账户状态
          - strong [ref=e88]: 正常
          - generic [ref=e89]: 数据持续保存
        - article [ref=e90]:
          - generic [ref=e91]: 上次登录
          - strong [ref=e92]: 2026年10月10日 00:47
          - generic [ref=e93]: 服务器时间记录
      - group [ref=e94]:
        - generic "› 账户云存档 手动保存 · 跨设备查看" [active] [ref=e95] [cursor=pointer]:
          - text: ›
          - strong [ref=e96]: 账户云存档
          - generic [ref=e97]: 手动保存 · 跨设备查看
        - generic [ref=e98]:
          - paragraph [ref=e99]: 仅本人账户可访问；保存原始行情、参数及分析结果，不自动重算。云端与本地副本独立，刷新目录不会覆盖当前研究。
          - region "本地快照迁移" [ref=e100]:
            - generic [ref=e101]:
              - generic [ref=e102]:
                - heading "本地快照迁移" [level=4] [ref=e103]
                - paragraph [ref=e104]: 检查当前账户在此浏览器保存的图表快照，选择后复制到云端。
              - button "检查本地快照" [ref=e105] [cursor=pointer]
          - generic [ref=e106]:
            - generic [ref=e107]:
              - button "导入研究备份" [ref=e108] [cursor=pointer]
              - button "刷新云目录" [ref=e109] [cursor=pointer]
              - button "回收站" [ref=e110] [cursor=pointer]
            - alert [ref=e111]: 研究资源租约已失效，请重新提交
            - list
      - group [ref=e112]:
        - generic "活动记录与隐私" [ref=e113] [cursor=pointer]
      - generic [ref=e114]:
        - generic [ref=e115]:
          - paragraph [ref=e116]: SECURITY
          - heading "修改密码" [level=3] [ref=e117]
          - paragraph [ref=e118]: 设置新密码后，除当前浏览器外的既有会话将失效。
        - generic [ref=e119]:
          - generic [ref=e120]:
            - generic [ref=e121]: 当前密码
            - textbox "当前密码" [ref=e122]
          - generic [ref=e123]:
            - generic [ref=e124]: 新密码
            - textbox "新密码" [ref=e125]
          - generic [ref=e126]:
            - generic [ref=e127]: 确认新密码
            - textbox "确认新密码" [ref=e128]
          - button "保存新密码" [ref=e129] [cursor=pointer]
      - region [ref=e130]:
        - generic [ref=e131]:
          - generic [ref=e132]:
            - heading "后台计算" [level=3] [ref=e133]
            - paragraph [ref=e134]: 仅显示你的最近 20 个任务；页面可见时每 5 秒更新。
          - button "刷新" [ref=e135] [cursor=pointer]
        - paragraph [ref=e136]: 当前使用临时内存记录，服务重启后不保留。
        - paragraph [ref=e137]: 暂无后台任务
      - region [ref=e138]:
        - generic [ref=e139]:
          - heading "登录会话" [level=3] [ref=e140]
          - paragraph [ref=e141]: 退出所有浏览器与设备的登录，已保存的数据不会删除。
        - button "退出全部设备" [ref=e142] [cursor=pointer]
```
### Events
- New console entries: .playwright-cli/console-2026-10-09T16-46-39-927Z.log#L1
