
> web-ui@0.0.0 test
> node scripts/run-tests.mjs

✔ tracking is restricted to active administrators and explicitly authorized users (0.405542ms)
✔ presence requires visible focused recent interaction and never negative elapsed time (0.106917ms)
✔ admin query descriptions label metadata and disclose truncated targets (0.179208ms)
✔ all current chart inspector evidence stays readable without altering original nested data (10.477167ms)
✔ reject malformed fields reachable from overlays, popovers and every inspector section with exact paths (25.210125ms)
✔ optional old fields and empty failure checkpoints remain readable, no missing-state invention (0.15625ms)
✔ archive calendar validation rejects normalized impossible dates and illegal clock/offset values (8.614167ms)
✔ bar validation compares actual instants, retains raw strings, rejects equal instants and malformed volume (0.797875ms)
✔ existing frozen matrix bar sources remain readable without mutation (20.584125ms)
✔ legacy local migration keeps original payload, precision, versions and unknown fields without upgrading (3.675708ms)
✔ cloud exports use latest metadata but retain the original immutable payload, not old cloud ID/revision (1.370583ms)
✔ study import preserves successful and failed periods plus original warmup and primary metadata (5.570416ms)
✔ unknown, incomplete, oversized and nonfinite backups are rejected, never uploaded as summaries (369.145166ms)
✔ migration IDs survive rescanning/reload, preserve precision and isolate owners and changed content (21.423875ms)
✔ migration rejects missing owners, foreign archives and malformed inputs before upload (3.107166ms)
✔ post-inspection changes never upload under a previously confirmed identity (6.503583ms)
✔ lost response retries the same immutable body and id, without automatic retry or local deletion (3.845833ms)
✔ stop or account changes before/after read and upload discard stale results (1.739209ms)
✔ deleted cloud copies are not restored, purged copies and wrong response IDs are not treated as success (3.441125ms)
✔ chart plan freezes original data and uses original identity/window, not current selection (15.787667ms)
✔ missing volume/time/parameters and unsupported length never silently become a smaller/default study (7.764ms)
✔ study plan preserves actual research settings and saved time labels (0.194042ms)
✔ unrounded path diff distinguishes null, missing, structure, empty arrays, and ordering (0.253542ms)
✔ response must match request, instrument, version, scope and period identities (0.5025ms)
✔ new archive retains original bars/lineage but never relabels frozen old indicators as recomputed (0.355958ms)
✔ study without saved input retains an explicit uncomputed row, never pretends all periods succeeded (0.186125ms)
✔ original valid study rows retain precision, unknown fields, true zero and no recomputation (8.01125ms)
✔ invalid nested fields become explicit per-period errors, not silently missing rows (3.897458ms)
✔ strict pen fields reject coercion and preserve historical source errors without reading their invalid nested fields (0.543167ms)
✔ duplicates are not cherry-picked and malformed or future rows remain in original-record entries (0.151375ms)
✔ trade lookup keeps the exact minute across separators, precision and days (0.645542ms)
✔ date-only values cannot choose the midnight bar of an ambiguous day (0.074833ms)
✔ daily and duplicate exact timestamps keep first positional matches (0.067917ms)
✔ nanoseconds and timezone text are not truncated into a false match (0.080459ms)
✔ date labels preserve useful precision without local timezone conversion (0.078958ms)
✔ higher sources resolve actual records and separate original from current review time (1.122875ms)
✔ base sources and foreign witness rejection have distinct Chinese descriptions (0.094792ms)
✔ inconsistent candidate has no replay evidence: unknown reason (0.078334ms)
✔ inconsistent candidate has no replay evidence: prototype key (0.059916ms)
✔ inconsistent candidate has no replay evidence: future version (0.05225ms)
✔ inconsistent candidate has no replay evidence: future completion (0.045208ms)
✔ inconsistent candidate has no replay evidence: missing time (0.045416ms)
✔ inconsistent candidate has no replay evidence: empty source (0.566792ms)
✔ inconsistent candidate has no replay evidence: duplicate source (0.058333ms)
✔ inconsistent candidate has no replay evidence: unknown source (0.09725ms)
✔ inconsistent candidate has no replay evidence: mixed levels (0.06175ms)
✔ inconsistent candidate has no replay evidence: future child (0.053334ms)
✔ inconsistent candidate has no replay evidence: wrong child level (0.045625ms)
✔ inconsistent candidate has no replay evidence: duplicate record (10.023541ms)
✔ inconsistent candidate has no replay evidence: empty record range (0.524541ms)
✔ inconsistent candidate has no replay evidence: gap (5.189625ms)
✔ inconsistent candidate has no replay evidence: wrong parent range (0.099917ms)
✔ inconsistent candidate has no replay evidence: reversed sources (0.099375ms)
✔ inconsistent candidate has no replay evidence: unsafe base number (2.587208ms)
✔ 80 percent transparency is 20 percent alpha, for both candle directions (0.823292ms)
✔ transparency stays finite, integer, and bounded (0.120333ms)
✔ body is symmetric around the unchanged wick across widths and fractional positions (58.510291ms)
✔ horizontal candles preserve every price coordinate (0.149084ms)
✔ missing or non-finite candle layouts are left untouched (1.174167ms)
✔ native ECharts layout remains centred after resize, zoom and data replacement (266.208583ms)
✔ zooming out of large-data line mode restores centred candle bodies (33.600666ms)
✔ structure widths retain existing defaults and hover appearance (1.693333ms)
✔ manual values stay finite, bounded, and at two decimal places (0.472708ms)
✔ raw index overrides rounded dates, including zero (0.471959ms)
✔ legacy intraday dates never fall back to the first bar of the day (0.108958ms)
✔ duplicate formatted times fail safely without a raw index (0.074834ms)
✔ padding keeps the 23px marker plus radius inside the price pane (0.128958ms)
✔ flat, zero and negative ranges get finite padding; invalid extents do not (0.077125ms)
✔ single-bar time link is a thin line limited to each actual plot (0.872917ms)
✔ multi-bar time link has no border and clips to plot, never clamps offscreen data to an edge (0.103583ms)
✔ time links map daily coverage to all minute bars, not a matching ordinal (0.16575ms)
✔ weekly and monthly end-labelled bars cover earlier constituent dates without changing data (1.357ms)
✔ nearest marker wins regardless of signal family, only co-located points share chooser (0.554125ms)
✔ immutable request cache deduplicates pending work, isolates payload keys and retries errors (0.738958ms)
✔ all six structural types keep extrema and confirmation separate with original evidence (1.382959ms)
✔ legacy records do not invent confirmation or structural sources (0.28225ms)
✔ M1 keeps independent MACD source and original direction, never a structural type (0.671583ms)
✔ all chart layers override independent animation and progressive rendering (6.196917ms)
✔ archive tooltip labels and evidence remain text, not active HTML (0.456083ms)
✔ rejects invalid saved zooms (0.813833ms)
✔ same-snapshot redraw keeps current manually chosen view (0.111042ms)
✔ focus redraw keeps manual zoom; clearing restores pre-focus view (0.08625ms)
✔ switching focus preserves the original return view (0.071875ms)
✔ new snapshot resets saved focus view and never revives old zoom (0.073917ms)
✔ default inactive; moving does not show cards and leaving does not deactivate (5.171041ms)
✔ object previews can read date-card activation without activating it (0.40475ms)
✔ click selects a point; outside click closes; inside click is not dismissed (5.758917ms)
✔ activated cards follow movement until outside dismissal, then require another click (0.158208ms)
✔ zoom clears stale coordinates but preserves activation (0.09125ms)
✔ data reset and Escape deactivate; teardown removes all handlers (0.124542ms)
✔ archive requests bind current owner and bypass browser cache (16.510333ms)
✔ cloud directory validates all rows, quotas and identities without dropping broken entries (8.194041ms)
✔ original detail requires an object payload but action receipts may omit it (0.352458ms)
✔ account change discards delayed success and delayed errors (0.238583ms)
✔ unauthenticated archive requests do not reach server; structured conflicts remain actionable (0.181ms)
✔ upload retries retain immutable captured body and all numerical precision (0.225875ms)
✔ directed centre chain is candidate evidence, not completion (2.29375ms)
✔ touching, opposing, future, overlapping or malformed chains fail closed (0.273625ms)
✔ single-centre and legacy components remain readable (0.06975ms)
✔ inside, border, reversed y and overlapping rectangles resolve newest first (1.72525ms)
✔ invalid or missing render coordinates cannot create hits (0.111916ms)
✔ popup stays within narrow viewport and near-edge right click (0.099167ms)
✔ roles are Chinese and unknown roles never claim completion (0.638292ms)
✔ source ranges keep one-based indices without disguising gaps (0.32975ms)
✔ coverage checks counts, repeats and missing IDs (0.593458ms)
✔ missing, empty and rejected suffix are explicit (0.34925ms)
✔ invalid counts and empty blocks cannot pass the coverage audit (0.37075ms)
✔ uses raw indices, allows shared endpoints and bounds zoom padding (0.875542ms)
✔ does not invent a B interval or infer indices from formatted dates (0.4385ms)
✔ rejects partial, reversed, overlapping and out-of-snapshot evidence (0.169375ms)
✔ allows inspection of historical failed evidence without reviving it (0.137958ms)
✔ local proof draws frozen exact endpoints only after its actual confirmation (0.180208ms)
✔ dual-line divergence uses two exact raw indices, never artificial ABC ranges (0.096541ms)
✔ dual-line focus rejects missing, duplicate, reversed and out-of-range points (0.103042ms)
✔ special wave focus uses AB and its extreme without inventing C (0.13275ms)
✔ direction, family and lifecycle have independent marker styles (0.602167ms)
✔ no-C dual-line remains a circle and fills only on first reverse-pen confirmation (3.322334ms)
✔ M1 is restricted to confirmed waves with a later actual confirmation (0.208ms)
✔ four families retain independent records and nonstandard uses a triangle (0.226917ms)
✔ October 4 marker matrix uses shape for family and colour only for direction (0.131166ms)
✔ special AB evidence separates A line extrema from both price anchors and legacy pivots (0.136625ms)
✔ history is opt-in, inactive stays grey hollow, never creates M1 (0.128333ms)
✔ every historical shape uses a continuous hollow contour, including on hover (0.122208ms)
✔ new nonstandard evidence relaxes prices only and records each subtype (0.115958ms)
✔ new dual rule cannot fill without recorded later local confirmation (0.09725ms)
✔ historical engineering match retains original timing without claiming regrouping completion (0.976417ms)
✔ future, stale, mismatched or incomplete evidence fails closed (0.289416ms)
✔ older snapshots and unmatched parts keep existing natural audit available (0.062834ms)
✔ engineering provenance uses the same one-based numbering as other inspectors (0.527125ms)
✔ mixed recursion distinguishes consolidation and trend from the old trend view (1.274834ms)
✔ unknown or reversed provenance is not presented as a completed trend (0.088292ms)
✔ indicator and price values use two decimals without inventing missing evidence (0.083667ms)
✔ recursive centre relations never call extension candidates completed types (0.092084ms)
✔ admissions distinguish unit confirmation from later failed-return admission (0.059542ms)
✔ display fields retain all text including dates, provenance, and secondary colons (0.762458ms)
✔ narrative, missing evidence, and timestamp headings remain whole (0.091375ms)
✔ selects the exact source without replacing missing comparison periods with the primary (0.404833ms)
✔ prefix audit preserves original warmup snapshot and its own instrument and period (0.410958ms)
✔ rejects invalid positions, missing identity and explicitly unclosed prefix data (0.183041ms)
✔ all candidate states distinguish eligibility from completed natural types (0.491584ms)
✔ opposite geometry identifies reused next-part evidence, including nonzero source IDs (0.537416ms)
✔ external opposite geometry is not added to candidate membership (0.096834ms)
✔ missing, stale, misattributed or future opposite geometry is not displayed as matched (0.137917ms)
✔ preferred endpoints are never called completed types; conflicts are retained (0.078083ms)
✔ opposite base turn is not same-level completion (0.097667ms)
✔ price formatting preserves zero and boundary contact, guards non-finite values (0.169416ms)
✔ candidate audit joins by identity, not response order (0.075333ms)
✔ part audit must match ordinal AND exact raw source IDs, including shifted IDs (0.12775ms)
✔ locates the three raw ranges without relabelling them as MACD or confirmed centres (0.9925ms)
✔ candidate must already be observable at the CURRENT replay prefix (0.174084ms)
✔ no incomplete, waiting or unsupported candidate is given a fabricated range (0.110209ms)
✔ raw bar boundaries must be contiguous and inside the visible window (0.142958ms)
✔ source partitions must cover every original segment once, preserving nonzero IDs (0.1135ms)
✔ conflicting geometric fallback remains viewable for manual audit (0.067333ms)
✔ clearing a regrouping focus restores original zoom; a new replay snapshot does not (0.119125ms)
✔ membership labels distinguish source confirmation from later admission (1.4395ms)
✔ admission witness distinguishes confirmation dependency from geometric membership (0.097458ms)
✔ old or malformed evidence never invents an admission witness (0.072416ms)
✔ factor glossary accepts standard abbreviations with spaces or underscores (0.505958ms)
✔ factor missing values never become valid zero (0.090917ms)
✔ factor ranking is stable, non-mutating and missing-last in both directions (7.514917ms)
✔ menus stay inside phone, keyboard and landscape viewports (0.58625ms)
✔ near-bottom controls open upwards without changing ordinary desktop width (0.093834ms)
✔ freeze all supported indicator outputs, warmup holes, volume averages and exact numerical precision (15.587917ms)
✔ frozen playback keeps captured values despite different current prices and never queries APIs (1.122917ms)
✔ malformed or mismatched frozen values fail closed, never fall back to recomputation (0.605833ms)
✔ marker hit uses signed stacking offset for both directions, not candle position (1.6895ms)
✔ symbol size and invalid render positions are handled safely (0.105ms)
✔ aborted late response cannot publish metadata even if transport ignores abort (33.696083ms)
✔ missing provenance or silently changed adjustment never reaches research (0.147417ms)
✔ reported gaps do not falsely label suspension or prevent inspecting valid candles (0.109ms)
✔ history fetch consumes one verified range and publishes complete metadata only after validation (0.537667ms)
✔ unclosed response never updates provenance or reaches the backtest (0.523041ms)
✔ null, true zero, infinities and real 999 are distinct after JSON roundtrip (0.455459ms)
✔ single, saved and comparison results retain authoritative metric basis (0.420458ms)
✔ whole proof validated without mutation, and cross-role ownership remains visible (5.150667ms)
✔ stale, future, duplicated, incomplete, falsely completed and mismatched sources rejected (2.693ms)
✔ base runs cannot masquerade as proofs or own multiple provisional regions (0.106709ms)
✔ blocked covers show full conflicts, never fabricated flattened blocks (0.106458ms)
✔ labels retain provisional scope (0.071541ms)
✔ all seven MA presets are available but only MA5 and MA10 start visible (0.745333ms)
✔ each chart session gets independent editable settings without changing presets (0.079625ms)
✔ MA presets retain the requested yellow, white, purple, green, cyan, orange, red palette (0.08675ms)
✔ legend retains every MA choice and explicit hidden states override stale chart selection (0.100667ms)
✔ cross-boundary details resolve actual input and nested ownership records (1.306292ms)
✔ unowned reverse evidence stays explicitly unowned for boundary rejection (0.110667ms)
✔ foreign witness can be shown for an otherwise single-owner candidate (0.099458ms)
✔ legacy candidates do not invent missing conflict details (0.103625ms)
✔ damaged detail is not presented: mismatched candidate sources (0.085375ms)
✔ damaged detail is not presented: wrong layer (0.860125ms)
✔ damaged detail is not presented: unknown reverse input (0.379458ms)
✔ damaged detail is not presented: wrong reverse range (0.188958ms)
✔ damaged detail is not presented: reverse overlaps prices (0.166542ms)
✔ damaged detail is not presented: future reverse confirmation (0.251292ms)
✔ damaged detail is not presented: wrong reverse time (0.168375ms)
✔ damaged detail is not presented: incomplete domain list (0.228375ms)
✔ damaged detail is not presented: duplicate domains (0.158334ms)
✔ damaged detail is not presented: noncontinuous domain (0.110708ms)
✔ damaged detail is not presented: foreign domain misses witness (0.116ms)
✔ damaged detail is not presented: false unowned witness (0.119ms)
✔ damaged detail is not presented: missing nested record (0.120959ms)
✔ damaged detail is not presented: wrong reason (0.127708ms)
✔ only current owner revisions form the displayed ownership set (0.849ms)
✔ internal provenance remains distinct and validates enclosing ownership (0.333917ms)
✔ parent-covered history is not labeled as an additional effective input (0.074625ms)
✔ nested provenance validates containment and strictly increasing input levels (0.17775ms)
✔ current owner labels are distinct from creation IDs and tolerate old snapshots (0.100542ms)
✔ summary mode lists every historical address, not just current versions (0.716417ms)
✔ full and missing legacy snapshots stay readable without inventing history (0.077667ms)
✔ all four analysis paths explicitly request summary delivery without changing input (0.35175ms)
✔ complete lifecycle stays chronological, does not mutate input, and uses Chinese labels (1.2355ms)
✔ legacy or future history is not invented (0.11775ms)
✔ dangling, reordered, duplicated, miscounted and conflicting histories fail closed (5.252584ms)
✔ equal counts cannot hide swapped source identities (0.891875ms)
✔ intermediate event boundaries must equal actual inherited and added sources (0.141125ms)
✔ input evidence must exist at the correct level and be available at admission (0.217209ms)
✔ invalid domain sources, membership and parent context fail closed (0.177667ms)
✔ leftward growth, shifted sources and newly filled merge gaps remain valid (0.153833ms)
✔ both periods exclude future and open candles while retaining original warm-up start (8.774625ms)
✔ snapshot observation time caps cutoff; bar start before cutoff is not enough (0.123ms)
✔ no timeframe fallback or fabricated candles when historical minute range is unavailable (0.086333ms)
✔ index and board snapshots retain NONE adjustment, mismatch is rejected (2.542041ms)
✔ missing completion evidence, timezone timestamps and unordered bars fail explicitly (0.194375ms)
✔ week/month completion boundary comes from provider annotation, not day label (0.121083ms)
✔ matrix defaults to exactly the five requested periods in image order and six information columns (0.940542ms)
✔ does not turn current reversal observation into a confirmed opposite pen (0.165875ms)
✔ keeps true zero distinct from missing, and numerical display never overwrites original axis judgment (0.120458ms)
✔ keeps divergence family, extrema and actual confirmation separate; never drops records (23.945542ms)
✔ missing pen and divergence are bounded claims; quality limitations stay visible (0.1665ms)
✔ forming candles preserve OHLC and use dashed empty outlines (2.396583ms)
✔ forming volume and signed MACD columns preserve values and direction (0.102666ms)
✔ query defaults to system, manual intent is synchronous and explicit (2.787375ms)
✔ pending manual requests do not mark concurrent automatic work or async continuations (0.4655ms)
✔ API dispatch tags manual queries but excludes automatic name lookup and task polling (27.727583ms)
✔ radar review captures row adjustment, exact minute, strategy and original cutoff (0.97425ms)
✔ invalid or legacy reviews fail explicitly without guessing data or adjustment (1.159333ms)
✔ exchange-local dates validate without browser timezone conversion (0.397ms)
✔ review excludes future and unclosed bars, resets derived fingerprint and reports actual range without mutating source (5.247375ms)
✔ radar cache is owner scoped and malformed/legacy records never enter the UI (0.425417ms)
✔ late messages, close and errors from an old socket cannot affect replacement (1.026ms)
✔ invalid messages and control responses never become ticks; close reason retained (0.157083ms)
✔ matching versions are selected by case identity without mutation (1.337875ms)
✔ future snapshots, wrong rules, incomplete chains and duplicate cases are rejected (0.225875ms)
✔ labels never confuse endpoint consistency or higher-centre proof with completion (0.15ms)
✔ v2 keeps the detached prefix and v1 remains readable (0.314417ms)
✔ v3 supports trend search while retaining the same ownership guards (0.10975ms)
✔ missing, duplicated, misattributed or silently completed prefix is rejected (0.300666ms)
✔ reincorporation is recorded explicitly instead of erasing detached history (2.203458ms)
✔ accepts bounded history and empty verified batches (0.5255ms)
✔ rejects wrong batch, future indices, broken sources and contradictory state (0.231958ms)
✔ research labels distinguish absence, release, retained and internal (0.0795ms)
✔ late old responses cannot own a newer research request (0.449875ms)
✔ submission fields are captured values, not mutable form references (0.398875ms)
✔ snapshot import keeps original data and normalizes optional display metadata (3.438708ms)
✔ reject invalid schema, periods, oversized arrays and impossible candle prices (0.936ms)
✔ cloud archives retain larger frozen windows and all supported distinct periods (11.109375ms)
✔ import keeps valid frozen outputs and rejects mismatched frozen data instead of recomputing (0.4175ms)
✔ window is exchange local and bounded by the snapshot cutoff (0.537625ms)
✔ missing numbers and candidate status are never promoted (0.084ms)
✔ amber projection resolves daily and minute labels, ignores open candle (0.592834ms)
✔ three workspaces are keyboard traversable without dropping an existing mode (0.838ms)
✔ mobile comparison shows exactly the selected snapshot; desktop shows both (0.312917ms)
✔ inactive research never starts automatic work, valid active research does (0.208ms)
✔ audit description translates permissions and never renders arbitrary detail fields (0.483875ms)
✔ audit time is explicitly Shanghai time and invalid data remains readable (47.235083ms)
✔ audit API preserves bounded pagination/filter state and authenticated credentials (21.77525ms)
✔ distinguishes no candidate, failed current audit, and actual invalidation without promoting legacy state (2.616291ms)
✔ filters independent families and directions without merging special and local dual-line evidence (1.793584ms)
✔ searches lifecycle dates and failure reasons with all terms required, retaining original source objects (0.125083ms)
✔ searches diagnostic rejection history without silently reviving historical candidates (0.368792ms)
✔ all excludes bc false, preserves input order and records, and does not infer missing direction (0.130459ms)
✔ legacy diagnostic family is standard, and empty diagnostics do not invent rejection records (0.098083ms)
✔ structural points retain their own confirmation and evidence, never deriving them from a MACD source (0.288375ms)
✔ M1 uses exact existing gates and remains a separate view of its original standard event (0.203459ms)
✔ combined date query finds independent point, prompt and event records without deduplication or additive counts (0.115666ms)
✔ chart date matches structured lifecycle timestamps, not coincidental prose dates (0.260833ms)
✔ minute evidence uses exact exchange-local minute, accepting T/space and refusing missing time (0.245167ms)
✔ chart date includes diagnostic ABC and rejection coverage without inventing open or reversed intervals (1.189959ms)
✔ date scope combines with all filters for structural points and original M1 sources (0.33125ms)
✔ new standard evidence explains price, old blocker and independent special lifecycle (1.555833ms)
✔ new gates include counts, boundary and dates without undefined placeholder (0.263417ms)
✔ legacy comparisons retain old detected confirmed and invalidated dates (0.201ms)
✔ structure dates remove midnight noise without changing intraday precision (0.551042ms)
✔ centre evidence distinguishes fixed core, outer range and candidate expansion (0.654708ms)
✔ segment evidence includes source prices and reverse proof with one-based labels (0.16ms)
✔ missing legacy evidence does not invent confirmation (0.096708ms)
✔ special inclusion explains boundary exception without labelling it an ordinary fractal (0.063959ms)
✔ centre relation history distinguishes current candidate from original separation (0.100209ms)
✔ confirmation replay translates raw indices without date matching (0.072ms)
✔ unknown, invalid or out-of-snapshot confirmations have no replay target (0.079208ms)
✔ connection badge validates shared time, price and alternating direction (0.122042ms)
✔ reverse preview uses observed extreme, not last close or a future target (5.115041ms)
✔ mirrored lows produce an upward reference (0.132ms)
✔ no invented reference for missing, ambiguous, extending, or invalid inputs (0.104084ms)
✔ replay prefix cannot use a later extreme; ties retain first occurrence (0.101542ms)
✔ ongoing consolidation differs by color, line pattern, and fill (0.098792ms)
✔ task list rejects malformed responses instead of replacing records with undefined (28.079959ms)
✔ cancelling is not terminal and elapsed values remain readable (0.401583ms)
✔ runBacktestWithPolling waits through cancelling and returns cancelled (6.96725ms)
✔ runBacktestWithPolling waits through cancelling and returns timed_out (1.403041ms)
✔ runSignalScanWithPolling waits through cancelling and returns cancelled (1.095041ms)
✔ runSignalScanWithPolling waits through cancelling and returns timed_out (4.217584ms)
✔ cancel API uses POST, and partial cancelled scan results are never accepted (0.284542ms)
✔ persistent recovery and version mismatch are distinct from completion (0.275625ms)
✔ terminal task deletion handles empty 204 and encodes identity (0.1545ms)
✔ checkpoint presence is not confused with verified reuse or task completion (0.305541ms)
✔ cached completed submission is retrieved rather than shown as running (0.307666ms)
✔ network failures are localized across WebKit, Chromium and Firefox (0.210083ms)
✔ tracking identity separates asset types, exchanges and board catalogues (0.740458ms)
✔ cloud book validates without silently dropping corrupt groups or duplicate entries (0.590792ms)
✔ expansion preserves every member and all board/direct sources, not a 200-row display page (1.849416ms)
✔ membership failure is explicit and malformed partial membership is never accepted (0.2575ms)
✔ batch runs sequentially, keeps partial errors and continues after a failed target (9.008167ms)
✔ cancellation marks in-flight and unstarted rows, ignoring a late success (0.183958ms)
✔ group breadth counts only available periods, never treats failed targets as neutral evidence (0.19875ms)
✔ exact current revision accepts only its own evidence without mutation (1.074292ms)
✔ old partition, stale version, future evidence and false completion are rejected (0.270125ms)
✔ historical audit cannot import a later opposite segment (0.085417ms)
✔ empty partitions and higher-proof priority retain explicit blockers (0.072792ms)
✔ new blockers use Chinese labels without calling prerequisites completion (0.133834ms)
✔ missing comparison interval is explained in Chinese without inventing a date (1.625125ms)
✔ special diagnostics identify each A indicator witness rather than the price witness (0.386542ms)
✔ nonstandard DEA axis gate remains explicit without an improvement requirement (0.308791ms)
✔ DEA tolerance discloses research threshold, precise deviation and near-zero fallback (0.36575ms)
✔ wave evidence separates effective A from original wave and local pivots (1.421958ms)
✔ rounded equal line extrema disclose the precise failed values and witness times (0.340875ms)
✔ comparisons are explicitly research only and preserve B/C axis checks (0.243791ms)
✔ unformed candidate shows Chinese gates, two-decimal values and rejection dates (0.242166ms)
✔ new nonstandard audit explicitly uses full A and first-formed reverse evidence explains gaps (0.246875ms)
ℹ tests 329
ℹ suites 0
ℹ pass 329
ℹ fail 0
ℹ cancelled 0
ℹ skipped 0
ℹ todo 0
ℹ duration_ms 1468.445958
→ 打包中…
→ 运行测试…
京东方评级: D 分数: 34.3
维度明细: 卡玛比率=22.7, 最大回撤=27.5, 胜率=33.5, 利润因子=34.1, 夏普比率=41.5, 波动率=50.1
否决: 利润因子 1.11 接近 1，仅勉强盈亏平衡
长线优质策略评级: B 分数: 64.5
维度权重: 卡玛比率=28%, 最大回撤=26%, 胜率=0%, 利润因子=0%, 夏普比率=23%, 波动率=23%
优质案例评级: A 分数: 83.9
寻优点评级: A 74
组合重算指标: { '年化': '20.83%', '回撤': '0.80%', '夏普': '5.27', '卡玛': '26.03' }
稳定上涨组合评级: S 91.8
波动组合重算: { '回撤': '44.15%', '夏普': '-2.64', '持续': 60 }
波动组合评级: D 18.5
✔ 新版组合评级使用后端采样，不按图表柱数重新日线年化 (1.681292ms)
✔ 必要风险指标缺失不能展示为零风险或正常评级 (0.295125ms)
✔ 无穷比率不等于满分，真实零利润因子仍按亏损判断 (0.150208ms)
✔ 京东方回测必须评为 D 档（用户核心诉求验证点） (0.476625ms)
✔ 京东方评分应在 30-43 区间（C 与 D 的边界） (0.102625ms)
✔ 低利润因子触发系统亏损否决 (0.066666ms)
✔ 样本不足（< 10 笔交易）降权但不否决整个评级 (0.1255ms)
✔ 用户实测场景：6年6笔交易 + 高夏普 → 应得 A/B（核心回归测试） (0.145083ms)
✔ 深回撤 > 60% 触发直接 D 否决 (0.099042ms)
✔ 优质回测应得 A 或 S 档 (0.13525ms)
✔ 高回撤但收益高 → 最高 B（一票否决 cap） (0.079458ms)
✔ 插值函数：边界值取端点分数 (0.058292ms)
✔ 插值函数：中间值线性插值 (0.045916ms)
✔ 寻优评级：4 维度降级版 (0.083625ms)
✔ 寻优评级：网格点交易太少 → 降权但评级照常 (0.05125ms)
✔ 组合评级：稳定上涨净值应得 A 或 S (1.603333ms)
✔ 组合评级：高波动深回撤净值 → 低档 (0.607125ms)
✔ combinedMetrics：单点净值返回全 0（兜底） (0.067375ms)
✔ 历史组合仅保留原值，不从曲线推断日线或重算评级 (0.476333ms)
✔ v1-v4、未知版本及不完整依据不伪装为新版结果 (0.54725ms)
✔ 新版结果使用已记录指标，真实 999 和零不被当作历史哨兵 (0.07425ms)
✔ 指标状态缺失或与数值冲突不能产出评级，包括被降权维度 (0.092583ms)
✔ 低交易样本的真实不可用逐笔指标仍可降权，不误拦截可用净值评级 (0.081042ms)
✔ 寻优逐行核验新版采样与候选状态，输入范围不替代候选证据 (0.505709ms)
✔ 完整快照保留精度、真实 0/999、全部指标及版本且不关联可变输入 (0.182792ms)
✔ 策略保存接受真实 Vue 响应式结果，不因 Proxy 无法 structuredClone 而失败 (0.484667ms)
✔ 再次保存历史指标不补造新版计算或评级依据 (0.087292ms)
✔ 对比展示原值并指出版本、周期、范围与利率差异，不自动重算 (0.4285ms)
ℹ tests 28
ℹ suites 0
ℹ pass 28
ℹ fail 0
ℹ cancelled 0
ℹ skipped 0
ℹ todo 0
ℹ duration_ms 100.440917
