
> web-ui@0.0.0 test
> node scripts/run-tests.mjs

✔ tracking is restricted to active administrators and explicitly authorized users (0.440458ms)
✔ presence requires visible focused recent interaction and never negative elapsed time (0.118708ms)
✔ admin query descriptions label metadata and disclose truncated targets (0.193167ms)
✔ all current chart inspector evidence stays readable without altering original nested data (10.541583ms)
✔ reject malformed fields reachable from overlays, popovers and every inspector section with exact paths (8.385334ms)
✔ optional old fields and empty failure checkpoints remain readable, no missing-state invention (0.351417ms)
✔ archive calendar validation rejects normalized impossible dates and illegal clock/offset values (1.474333ms)
✔ bar validation compares actual instants, retains raw strings, rejects equal instants and malformed volume (0.376542ms)
✔ existing frozen matrix bar sources remain readable without mutation (37.135333ms)
✔ event lists and evidence-set reordering never imply new or changed signals; originals remain intact (14.604667ms)
✔ state, lifecycle times and unrounded evidence are classified separately on the same identity (1.790667ms)
✔ same date across families and sides remains independent; true event additions/removals are distinct (1.35875ms)
✔ duplicate identities preserve all records and are never paired arbitrarily (1.062958ms)
✔ missing identity does not cause false removals or additions in its collection (0.869292ms)
✔ missing source/list is unknown, not empty or proof of no events (1.69775ms)
✔ never-candidate diagnostics match without A or reference, including special B-only records (1.172791ms)
✔ A trimming changes evidence not identity; original wave anchors and reference changes distinguish bases (1.770708ms)
✔ date normalization preserves intraday, microsecond and timezone distinctions (2.652042ms)
✔ source differences and unknown fields/ordered evidence are retained (2.373292ms)
✔ different instruments, periods or study results are not matched (0.302625ms)
✔ structure divergences are supported without inventing MACD wave anchors (0.766667ms)
✔ legacy local migration keeps original payload, precision, versions and unknown fields without upgrading (4.038166ms)
✔ cloud exports use latest metadata but retain the original immutable payload, not old cloud ID/revision (0.77425ms)
✔ study import preserves successful and failed periods plus original warmup and primary metadata (0.740541ms)
✔ unknown, incomplete, oversized and nonfinite backups are rejected, never uploaded as summaries (526.097ms)
✔ all supported chart outputs preserve full precision, null warmups, style and instance order (13.604375ms)
✔ migration IDs survive rescanning/reload, preserve precision and isolate owners and changed content (66.227ms)
✔ migration rejects missing owners, foreign archives and malformed inputs before upload (0.908833ms)
✔ post-inspection changes never upload under a previously confirmed identity (48.710792ms)
✔ lost response retries the same immutable body and id, without automatic retry or local deletion (3.577583ms)
✔ stop or account changes before/after read and upload discard stale results (1.162208ms)
✔ deleted cloud copies are not restored, purged copies and wrong response IDs are not treated as success (1.13775ms)
✔ chart plan freezes original data and uses original identity/window, not current selection (5.435875ms)
✔ missing volume/time/parameters and unsupported length never silently become a smaller/default study (11.64275ms)
✔ study plan preserves actual research settings and saved time labels (0.225583ms)
✔ unrounded path diff distinguishes null, missing, structure, empty arrays, and ordering (0.666291ms)
✔ response must match request, instrument, version, scope and period identities (0.694417ms)
✔ new archive retains original bars/lineage but never relabels frozen old indicators as recomputed (0.387125ms)
✔ study without saved input retains an explicit uncomputed row, never pretends all periods succeeded (0.207458ms)
✔ complete indicator recompute preserves saved settings, checks response and saves only new values (1.745708ms)
✔ missing or unknown saved indicator parameters cannot borrow current defaults (2.085375ms)
✔ original valid study rows retain precision, unknown fields, true zero and no recomputation (2.965166ms)
✔ invalid nested fields become explicit per-period errors, not silently missing rows (0.841459ms)
✔ strict pen fields reject coercion and preserve historical source errors without reading their invalid nested fields (3.130541ms)
✔ duplicates are not cherry-picked and malformed or future rows remain in original-record entries (0.178125ms)
✔ full backtest file and cloud envelope retain all fields; no implicit Chanlun recompute (2.865583ms)
✔ invalid cash cannot become a readable archive (0.097583ms)
✔ invalid params cannot become a readable archive (0.070625ms)
✔ invalid adjust cannot become a readable archive (0.086792ms)
✔ invalid null lineage cannot become a readable archive (0.117041ms)
✔ invalid net value cannot become a readable archive (0.097583ms)
✔ invalid future trade cannot become a readable archive (0.079541ms)
✔ invalid duplicate date cannot become a readable archive (0.077083ms)
✔ invalid missing metrics cannot become a readable archive (0.079334ms)
✔ invalid nested infinity cannot become a readable archive (0.142208ms)
✔ invalid coerced rejected cannot become a readable archive (0.095084ms)
✔ actual store freezes submitted input and result separately from later source mutation (198.9555ms)
✔ actual store rejects stale or failed owner run and clears prior archive (78.500792ms)
✔ actual store rejects stale or failed input run and clears prior archive (50.195958ms)
✔ actual store rejects stale or failed clear run and clears prior archive (21.471209ms)
✔ actual store rejects stale or failed failure run and clears prior archive (18.197625ms)
✔ trade lookup keeps the exact minute across separators, precision and days (0.739042ms)
✔ date-only values cannot choose the midnight bar of an ambiguous day (0.084125ms)
✔ daily and duplicate exact timestamps keep first positional matches (0.094167ms)
✔ nanoseconds and timezone text are not truncated into a false match (0.074084ms)
✔ date labels preserve useful precision without local timezone conversion (0.100542ms)
✔ higher sources resolve actual records and separate original from current review time (3.522792ms)
✔ base sources and foreign witness rejection have distinct Chinese descriptions (0.121708ms)
✔ inconsistent candidate has no replay evidence: unknown reason (0.158125ms)
✔ inconsistent candidate has no replay evidence: prototype key (0.066542ms)
✔ inconsistent candidate has no replay evidence: future version (1.691208ms)
✔ inconsistent candidate has no replay evidence: future completion (0.100333ms)
✔ inconsistent candidate has no replay evidence: missing time (0.064ms)
✔ inconsistent candidate has no replay evidence: empty source (0.878209ms)
✔ inconsistent candidate has no replay evidence: duplicate source (0.199292ms)
✔ inconsistent candidate has no replay evidence: unknown source (0.257959ms)
✔ inconsistent candidate has no replay evidence: mixed levels (0.151917ms)
✔ inconsistent candidate has no replay evidence: future child (0.128625ms)
✔ inconsistent candidate has no replay evidence: wrong child level (0.112334ms)
✔ inconsistent candidate has no replay evidence: duplicate record (0.109834ms)
✔ inconsistent candidate has no replay evidence: empty record range (0.114875ms)
✔ inconsistent candidate has no replay evidence: gap (0.148625ms)
✔ inconsistent candidate has no replay evidence: wrong parent range (0.192209ms)
✔ inconsistent candidate has no replay evidence: reversed sources (0.092417ms)
✔ inconsistent candidate has no replay evidence: unsafe base number (0.067667ms)
✔ 80 percent transparency is 20 percent alpha, for both candle directions (1.278291ms)
✔ transparency stays finite, integer, and bounded (0.2525ms)
✔ body is symmetric around the unchanged wick across widths and fractional positions (1.749666ms)
✔ horizontal candles preserve every price coordinate (0.13425ms)
✔ missing or non-finite candle layouts are left untouched (0.180083ms)
✔ native ECharts layout remains centred after resize, zoom and data replacement (291.9055ms)
✔ zooming out of large-data line mode restores centred candle bodies (55.118666ms)
✔ structure widths retain existing defaults and hover appearance (0.9295ms)
✔ manual values stay finite, bounded, and at two decimal places (0.152209ms)
✔ raw index overrides rounded dates, including zero (1.539458ms)
✔ legacy intraday dates never fall back to the first bar of the day (0.272167ms)
✔ duplicate formatted times fail safely without a raw index (0.182708ms)
✔ padding keeps the 23px marker plus radius inside the price pane (0.324542ms)
✔ flat, zero and negative ranges get finite padding; invalid extents do not (0.217791ms)
✔ single-bar time link is a thin line limited to each actual plot (1.325375ms)
✔ multi-bar time link has no border and clips to plot, never clamps offscreen data to an edge (0.111625ms)
✔ time links map daily coverage to all minute bars, not a matching ordinal (0.171791ms)
✔ weekly and monthly end-labelled bars cover earlier constituent dates without changing data (0.918875ms)
✔ nearest marker wins regardless of signal family, only co-located points share chooser (0.21475ms)
✔ immutable request cache deduplicates pending work, isolates payload keys and retries errors (0.325542ms)
✔ all six structural types keep extrema and confirmation separate with original evidence (1.1795ms)
✔ legacy records do not invent confirmation or structural sources (0.134875ms)
✔ M1 keeps independent MACD source and original direction, never a structural type (0.321291ms)
✔ all chart layers override independent animation and progressive rendering (1.054792ms)
✔ archive tooltip labels and evidence remain text, not active HTML (1.137417ms)
✔ rejects invalid saved zooms (0.910042ms)
✔ same-snapshot redraw keeps current manually chosen view (0.112458ms)
✔ focus redraw keeps manual zoom; clearing restores pre-focus view (0.077167ms)
✔ switching focus preserves the original return view (0.756708ms)
✔ new snapshot resets saved focus view and never revives old zoom (0.0895ms)
✔ default inactive; moving does not show cards and leaving does not deactivate (7.655667ms)
✔ object previews can read date-card activation without activating it (0.174708ms)
✔ click selects a point; outside click closes; inside click is not dismissed (0.109291ms)
✔ activated cards follow movement until outside dismissal, then require another click (0.114208ms)
✔ zoom clears stale coordinates but preserves activation (0.076208ms)
✔ data reset and Escape deactivate; teardown removes all handlers (0.099375ms)
✔ archive requests bind current owner and bypass browser cache (19.310542ms)
✔ cloud directory validates all rows, quotas and identities without dropping broken entries (7.037292ms)
✔ original detail requires an object payload but action receipts may omit it (0.897667ms)
✔ account change discards delayed success and delayed errors (0.557375ms)
✔ unauthenticated archive requests do not reach server; structured conflicts remain actionable (0.460459ms)
✔ upload retries retain immutable captured body and all numerical precision (0.542125ms)
✔ directed centre chain is candidate evidence, not completion (2.126292ms)
✔ touching, opposing, future, overlapping or malformed chains fail closed (0.611083ms)
✔ single-centre and legacy components remain readable (0.149167ms)
✔ inside, border, reversed y and overlapping rectangles resolve newest first (0.77625ms)
✔ invalid or missing render coordinates cannot create hits (0.30125ms)
✔ popup stays within narrow viewport and near-edge right click (0.12425ms)
✔ roles are Chinese and unknown roles never claim completion (0.4215ms)
✔ source ranges keep one-based indices without disguising gaps (0.095291ms)
✔ coverage checks counts, repeats and missing IDs (0.205ms)
✔ missing, empty and rejected suffix are explicit (0.070709ms)
✔ invalid counts and empty blocks cannot pass the coverage audit (0.074417ms)
✔ uses raw indices, allows shared endpoints and bounds zoom padding (2.631417ms)
✔ does not invent a B interval or infer indices from formatted dates (0.11975ms)
✔ rejects partial, reversed, overlapping and out-of-snapshot evidence (0.125417ms)
✔ allows inspection of historical failed evidence without reviving it (0.258917ms)
✔ local proof draws frozen exact endpoints only after its actual confirmation (0.207125ms)
✔ dual-line divergence uses two exact raw indices, never artificial ABC ranges (0.103959ms)
✔ dual-line focus rejects missing, duplicate, reversed and out-of-range points (0.0985ms)
✔ special wave focus uses AB and its extreme without inventing C (0.101916ms)
✔ direction, family and lifecycle have independent marker styles (0.612167ms)
✔ no-C dual-line remains a circle and fills only on first reverse-pen confirmation (2.798417ms)
✔ M1 is restricted to confirmed waves with a later actual confirmation (0.409083ms)
✔ four families retain independent records and nonstandard uses a triangle (0.425458ms)
✔ October 4 marker matrix uses shape for family and colour only for direction (0.283125ms)
✔ special AB evidence separates A line extrema from both price anchors and legacy pivots (0.294042ms)
✔ history is opt-in, inactive stays grey hollow, never creates M1 (0.481208ms)
✔ every historical shape uses a continuous hollow contour, including on hover (0.859042ms)
✔ new nonstandard evidence relaxes prices only and records each subtype (0.358ms)
✔ new dual rule cannot fill without recorded later local confirmation (0.148959ms)
✔ historical engineering match retains original timing without claiming regrouping completion (2.192209ms)
✔ future, stale, mismatched or incomplete evidence fails closed (0.524167ms)
✔ older snapshots and unmatched parts keep existing natural audit available (0.22075ms)
✔ engineering provenance uses the same one-based numbering as other inspectors (0.534958ms)
✔ mixed recursion distinguishes consolidation and trend from the old trend view (0.147083ms)
✔ unknown or reversed provenance is not presented as a completed trend (0.066583ms)
✔ indicator and price values use two decimals without inventing missing evidence (0.069541ms)
✔ recursive centre relations never call extension candidates completed types (0.066625ms)
✔ admissions distinguish unit confirmation from later failed-return admission (0.05475ms)
✔ display fields retain all text including dates, provenance, and secondary colons (1.518166ms)
✔ narrative, missing evidence, and timestamp headings remain whole (0.102375ms)
✔ selects the exact source without replacing missing comparison periods with the primary (0.478542ms)
✔ prefix audit preserves original warmup snapshot and its own instrument and period (4.695334ms)
✔ rejects invalid positions, missing identity and explicitly unclosed prefix data (0.743542ms)
✔ optimization carries full execution and identity without live defaults (32.980458ms)
✔ malformed, mixed, missing or conflicting optimization context never silently defaults (0.872333ms)
✔ multi original replay preserves costs, slots and adjustment; extend changes only end dates (2.788417ms)
✔ multi rejects corrupt and incompatible slots without dropping or repairing any (0.326375ms)
✔ legacy missing settings are disclosed with deterministic defaults, explicit invalid values rejected (0.146375ms)
✔ combining equal-account singles preserves per-slot cash and costs; conflicts rejected not rewritten (0.939917ms)
✔ all candidate states distinguish eligibility from completed natural types (9.37625ms)
✔ opposite geometry identifies reused next-part evidence, including nonzero source IDs (0.756208ms)
✔ external opposite geometry is not added to candidate membership (0.103417ms)
✔ missing, stale, misattributed or future opposite geometry is not displayed as matched (0.141083ms)
✔ preferred endpoints are never called completed types; conflicts are retained (0.077208ms)
✔ opposite base turn is not same-level completion (0.1245ms)
✔ price formatting preserves zero and boundary contact, guards non-finite values (0.298667ms)
✔ candidate audit joins by identity, not response order (0.2775ms)
✔ part audit must match ordinal AND exact raw source IDs, including shifted IDs (4.132291ms)
✔ locates the three raw ranges without relabelling them as MACD or confirmed centres (14.650208ms)
✔ candidate must already be observable at the CURRENT replay prefix (0.708708ms)
✔ no incomplete, waiting or unsupported candidate is given a fabricated range (1.707ms)
✔ raw bar boundaries must be contiguous and inside the visible window (0.222416ms)
✔ source partitions must cover every original segment once, preserving nonzero IDs (0.619625ms)
✔ conflicting geometric fallback remains viewable for manual audit (0.149208ms)
✔ clearing a regrouping focus restores original zoom; a new replay snapshot does not (0.163208ms)
✔ membership labels distinguish source confirmation from later admission (2.657958ms)
✔ admission witness distinguishes confirmation dependency from geometric membership (17.786333ms)
✔ old or malformed evidence never invents an admission witness (0.165125ms)
✔ factor glossary accepts standard abbreviations with spaces or underscores (4.399875ms)
✔ factor missing values never become valid zero (0.400208ms)
✔ factor ranking is stable, non-mutating and missing-last in both directions (69.889042ms)
✔ menus stay inside phone, keyboard and landscape viewports (1.768583ms)
✔ near-bottom controls open upwards without changing ordinary desktop width (0.305291ms)
✔ warmup null, missing and invalid indicator values never become invented zeroes (0.984042ms)
✔ freeze all supported indicator outputs, warmup holes, volume averages and exact numerical precision (42.168167ms)
✔ frozen playback keeps captured values despite different current prices and never queries APIs (0.696166ms)
✔ malformed or mismatched frozen values fail closed, never fall back to recomputation (9.1165ms)
✔ marker hit uses signed stacking offset for both directions, not candle position (0.776083ms)
✔ symbol size and invalid render positions are handled safely (0.104709ms)
✔ market tab changes discard old success and cannot stop the new spinner (406.421417ms)
✔ market late failure after filter cannot resurrect an error (90.6955ms)
✔ market late failure after owner cannot resurrect an error (27.912334ms)
✔ market late failure after unmount cannot resurrect an error (111.0805ms)
✔ directory count failure preserves valid rows; late totals cannot cross markets (25.19675ms)
✔ board selection clears old details and ignores slower preceding member responses (86.354334ms)
✔ board list filter changes invalidate pending member requests and prevent old auto-selection (66.650542ms)
✔ default board preload remains system-origin after manual list refresh (38.68225ms)
✔ belonging response after stock cannot change results or stock history (22.910458ms)
✔ belonging response after owner cannot change results or stock history (25.910334ms)
✔ belonging response after unmount cannot change results or stock history (107.679958ms)
✔ current belonging success records captured stock; concurrent member failure has separate feedback (91.927083ms)
✔ market selection uses loaded market, clears on filters, and distinguishes shared stock/index codes (6.711833ms)
✔ board analysis uses result classification; members require their own market (116.114542ms)
✔ aborted late response cannot publish metadata even if transport ignores abort (26.322459ms)
✔ missing provenance or silently changed adjustment never reaches research (0.174584ms)
✔ reported gaps do not falsely label suspension or prevent inspecting valid candles (2.185083ms)
✔ history fetch consumes one verified range and publishes complete metadata only after validation (1.019291ms)
✔ unclosed response never updates provenance or reaches the backtest (0.298208ms)
✔ null, true zero, infinities and real 999 are distinct after JSON roundtrip (0.446209ms)
✔ single, saved and comparison results retain authoritative metric basis (0.429583ms)
✔ whole proof validated without mutation, and cross-role ownership remains visible (1.030792ms)
✔ stale, future, duplicated, incomplete, falsely completed and mismatched sources rejected (0.324083ms)
✔ base runs cannot masquerade as proofs or own multiple provisional regions (0.074334ms)
✔ blocked covers show full conflicts, never fabricated flattened blocks (0.097875ms)
✔ labels retain provisional scope (0.067042ms)
✔ all seven MA presets are available but only MA5 and MA10 start visible (0.797416ms)
✔ each chart session gets independent editable settings without changing presets (0.284083ms)
✔ MA presets retain the requested yellow, white, purple, green, cyan, orange, red palette (0.3035ms)
✔ legend retains every MA choice and explicit hidden states override stale chart selection (0.221083ms)
✔ cross-boundary details resolve actual input and nested ownership records (3.407625ms)
✔ unowned reverse evidence stays explicitly unowned for boundary rejection (0.11225ms)
✔ foreign witness can be shown for an otherwise single-owner candidate (0.098ms)
✔ legacy candidates do not invent missing conflict details (0.107584ms)
✔ damaged detail is not presented: mismatched candidate sources (0.085417ms)
✔ damaged detail is not presented: wrong layer (1.344709ms)
✔ damaged detail is not presented: unknown reverse input (0.226709ms)
✔ damaged detail is not presented: wrong reverse range (0.165ms)
✔ damaged detail is not presented: reverse overlaps prices (0.178208ms)
✔ damaged detail is not presented: future reverse confirmation (0.429833ms)
✔ damaged detail is not presented: wrong reverse time (0.19975ms)
✔ damaged detail is not presented: incomplete domain list (0.166292ms)
✔ damaged detail is not presented: duplicate domains (0.148375ms)
✔ damaged detail is not presented: noncontinuous domain (0.116708ms)
✔ damaged detail is not presented: foreign domain misses witness (0.132166ms)
✔ damaged detail is not presented: false unowned witness (0.107834ms)
✔ damaged detail is not presented: missing nested record (0.120667ms)
✔ damaged detail is not presented: wrong reason (0.111417ms)
✔ only current owner revisions form the displayed ownership set (1.510541ms)
✔ internal provenance remains distinct and validates enclosing ownership (0.346417ms)
✔ parent-covered history is not labeled as an additional effective input (0.074375ms)
✔ nested provenance validates containment and strictly increasing input levels (0.161208ms)
✔ current owner labels are distinct from creation IDs and tolerate old snapshots (0.091667ms)
✔ summary mode lists every historical address, not just current versions (0.8265ms)
✔ full and missing legacy snapshots stay readable without inventing history (0.08525ms)
✔ all four analysis paths explicitly request summary delivery without changing input (0.372125ms)
✔ complete lifecycle stays chronological, does not mutate input, and uses Chinese labels (4.805625ms)
✔ legacy or future history is not invented (0.130916ms)
✔ dangling, reordered, duplicated, miscounted and conflicting histories fail closed (2.445542ms)
✔ equal counts cannot hide swapped source identities (0.104042ms)
✔ intermediate event boundaries must equal actual inherited and added sources (0.071917ms)
✔ input evidence must exist at the correct level and be available at admission (0.2185ms)
✔ invalid domain sources, membership and parent context fail closed (0.162625ms)
✔ leftward growth, shifted sources and newly filled merge gaps remain valid (18.2205ms)
✔ both periods exclude future and open candles while retaining original warm-up start (1.760417ms)
✔ snapshot observation time caps cutoff; bar start before cutoff is not enough (0.091833ms)
✔ no timeframe fallback or fabricated candles when historical minute range is unavailable (0.222291ms)
✔ index and board snapshots retain NONE adjustment, mismatch is rejected (0.923042ms)
✔ missing completion evidence, timezone timestamps and unordered bars fail explicitly (0.234375ms)
✔ week/month completion boundary comes from provider annotation, not day label (0.155708ms)
✔ matrix defaults to exactly the five requested periods in image order and six information columns (10.789042ms)
✔ does not turn current reversal observation into a confirmed opposite pen (0.260417ms)
✔ keeps true zero distinct from missing, and numerical display never overwrites original axis judgment (0.134084ms)
✔ keeps divergence family, extrema and actual confirmation separate; never drops records (19.772667ms)
✔ missing pen and divergence are bounded claims; quality limitations stay visible (0.219834ms)
✔ portfolio: all original values survive import and cloud envelope; no Chanlun recompute (3.832875ms)
✔ portfolio: actual component fetches only explicitly, binds owner/request/result and freezes capture (45.735875ms)
✔ portfolio: late receipt discarded after owner (1.014167ms)
✔ portfolio: late receipt discarded after request (0.949375ms)
✔ portfolio: late receipt discarded after task (1.476209ms)
✔ portfolio: late receipt discarded after result (0.894792ms)
✔ portfolio: late receipt discarded after busy (0.756458ms)
✔ portfolio: late receipt discarded after unmount (0.725667ms)
✔ portfolio: invalid missing rejected (0.327959ms)
✔ portfolio: invalid allocation rejected (0.826458ms)
✔ portfolio: invalid metadata rejected (0.388125ms)
✔ portfolio: invalid date rejected (0.304667ms)
✔ portfolio: invalid precision rejected (0.469292ms)
✔ portfolio: invalid curve rejected (0.42175ms)
✔ portfolio: invalid request rejected (0.190292ms)
✔ portfolio: invalid trade rejected (0.490667ms)
✔ portfolio: unavailable or different task never falls back to fetching data (3.561792ms)
✔ multi_strategy: all original values survive import and cloud envelope; no Chanlun recompute (0.973625ms)
✔ multi_strategy: actual component fetches only explicitly, binds owner/request/result and freezes capture (3.672417ms)
✔ multi_strategy: late receipt discarded after owner (2.005625ms)
✔ multi_strategy: late receipt discarded after request (1.268875ms)
✔ multi_strategy: late receipt discarded after task (1.299208ms)
✔ multi_strategy: late receipt discarded after result (1.357458ms)
✔ multi_strategy: late receipt discarded after busy (0.848208ms)
✔ multi_strategy: late receipt discarded after unmount (0.82625ms)
✔ multi_strategy: invalid missing rejected (0.125292ms)
✔ multi_strategy: invalid allocation rejected (0.209583ms)
✔ multi_strategy: invalid metadata rejected (0.099334ms)
✔ multi_strategy: invalid date rejected (0.089084ms)
✔ multi_strategy: invalid precision rejected (0.18025ms)
✔ multi_strategy: invalid curve rejected (0.1625ms)
✔ multi_strategy: invalid request rejected (0.14025ms)
✔ multi_strategy: invalid trade rejected (0.140334ms)
✔ multi_strategy: unavailable or different task never falls back to fetching data (2.355917ms)
✔ normalized server defaults may extend but not alter submitted parameters (0.073834ms)
✔ library original/extended multi replay uses saved costs despite global preference changes (469.442292ms)
✔ portfolio load -> actual store task lifecycle -> save uses identical context and all costs (211.05025ms)
✔ portfolio catalog-stage input is isolated before saved fetch (64.640959ms)
✔ portfolio catalog-stage params is isolated before saved fetch (114.041209ms)
✔ portfolio catalog-stage owner is isolated before saved fetch (120.765417ms)
✔ portfolio catalog-stage failure is isolated before saved fetch (54.32525ms)
✔ portfolio catalog-stage empty is isolated before saved fetch (94.082625ms)
✔ pending portfolio cannot survive input (33.603ms)
✔ pending portfolio cannot survive owner (23.327625ms)
✔ pending portfolio cannot survive unmount (39.31325ms)
✔ store account epoch clears completed results in all four task families (21.949458ms)
✔ runPortfolio old account error is ignored even after switching back (22.279375ms)
✔ runMultiStrategy old account error is ignored even after switching back (28.140791ms)
✔ runOptimize old account error is ignored even after switching back (21.403083ms)
✔ runOptimizeAll old account error is ignored even after switching back (17.887959ms)
✔ optimizer takes an input snapshot before awaiting bars and hands off the result strategy/adjustment (29.991875ms)
✔ portfolio late save cannot close or annotate newly changed configuration (18.476375ms)
✔ library name lookup cannot mix later input or account into a save (85.544833ms)
✔ library saves a multi result with submitted adjustment, not the later global preference (24.650958ms)
✔ late library list cannot replace a newly created record and owner change clears all personal rows (24.376625ms)
✔ portfolio identity rejects mixed markets, repeats and invalid lengths (0.270875ms)
✔ late preference response cannot revert a newer adjustment; queued patch is captured (260.527334ms)
✔ account switch drops old queue, permits new account immediately and ignores late response (22.591167ms)
✔ same-account logout/login does not accept response from prior session epoch (75.731125ms)
✔ failed saves reject caller, do not wedge queue or restore stale role permissions (41.9955ms)
✔ mismatched response owner and logged-out saves are rejected (31.017125ms)
✔ market preference watcher survives the first route unmount and follows owner changes (32.577875ms)
✔ late name hydration cannot write across accounts; new owner hydrates independently (109.534875ms)
✔ sidebar hydration never writes, old-owner timers cancel, failures are handled (166.903167ms)
✔ forming candles preserve OHLC and use dashed empty outlines (0.427041ms)
✔ forming volume and signed MACD columns preserve values and direction (0.094875ms)
✔ query defaults to system, manual intent is synchronous and explicit (0.896458ms)
✔ direct bar snapshot fetch preserves explicit intent, including failed requests (56.759125ms)
✔ pending manual requests do not mark concurrent automatic work or async continuations (0.383ms)
✔ API dispatch tags manual queries but excludes automatic name lookup and task polling (1.986875ms)
✔ save keeps original full input separate from replay prefix, fully detached from live state (4.326667ms)
✔ same-bar opposite signals remain distinct; source survives JSON import without task or network (4.288958ms)
✔ recompute uses only saved chart prefix, keeps original scan signals and version unchanged (3.180834ms)
✔ reject wrong target before saving; never silently drop invalid lineage (1.015375ms)
✔ reject board target before saving; never silently drop invalid lineage (0.496125ms)
✔ reject wrong market before saving; never silently drop invalid lineage (0.264166ms)
✔ reject reference before saving; never silently drop invalid lineage (8.915792ms)
✔ reject invalid date type before saving; never silently drop invalid lineage (1.930708ms)
✔ reject noncanonical cutoff before saving; never silently drop invalid lineage (13.241625ms)
✔ reject row summary before saving; never silently drop invalid lineage (1.7455ms)
✔ reject row last date before saving; never silently drop invalid lineage (0.320708ms)
✔ reject outside signal window before saving; never silently drop invalid lineage (0.223333ms)
✔ reject row source before saving; never silently drop invalid lineage (0.214917ms)
✔ reject row requested adjust before saving; never silently drop invalid lineage (0.193ms)
✔ reject row quality before saving; never silently drop invalid lineage (0.221375ms)
✔ reject open candle before saving; never silently drop invalid lineage (0.126541ms)
✔ reject unsupported storage before saving; never silently drop invalid lineage (0.112083ms)
✔ legacy snapshot without original input still opens without invented source (0.131959ms)
✔ original task references round-trip and legacy references remain distinguishable (1.125625ms)
✔ cache receipt must be a real ID string, never coerced or inherited from another owner (0.324333ms)
✔ all frozen bars and precision survive; changed code is disclosed, not represented as old execution (1.603792ms)
✔ invalid original receipt task stops instead of substituting live data (0.373292ms)
✔ invalid original receipt row stops instead of substituting live data (0.271625ms)
✔ invalid original receipt market stops instead of substituting live data (0.160791ms)
✔ invalid original receipt symbol stops instead of substituting live data (0.159959ms)
✔ invalid original receipt params stops instead of substituting live data (0.136958ms)
✔ invalid original receipt strategy stops instead of substituting live data (0.168916ms)
✔ invalid original receipt fingerprint stops instead of substituting live data (0.234666ms)
✔ invalid original receipt adjust stops instead of substituting live data (0.286625ms)
✔ invalid original receipt signal stops instead of substituting live data (0.217458ms)
✔ invalid original receipt malformed signals stops instead of substituting live data (0.143416ms)
✔ invalid original receipt row error stops instead of substituting live data (0.69725ms)
✔ invalid original receipt storage stops instead of substituting live data (0.159291ms)
✔ invalid original receipt version stops instead of substituting live data (0.15175ms)
✔ invalid original receipt missing bars stops instead of substituting live data (0.09ms)
✔ invalid original receipt null bar stops instead of substituting live data (0.16925ms)
✔ invalid original receipt order stops instead of substituting live data (0.090792ms)
✔ invalid original receipt open bar stops instead of substituting live data (0.078916ms)
✔ invalid original receipt future stops instead of substituting live data (0.063917ms)
✔ invalid original receipt negative duration stops instead of substituting live data (0.074125ms)
✔ invalid original receipt missing cutoff stops instead of substituting live data (0.059041ms)
✔ invalid original receipt number string stops instead of substituting live data (0.063667ms)
✔ invalid original receipt NaN stops instead of substituting live data (0.052458ms)
✔ invalid original receipt bad low stops instead of substituting live data (0.054667ms)
✔ invalid original receipt negative volume stops instead of substituting live data (0.070292ms)
✔ API sends owner and abort signal with no-store; unavailable receipt never calls a live feed (19.966125ms)
✔ radar submits captured owner with manual intent, polls as system, and preserves old cache adjustment (46.707042ms)
✔ late submit after adjust cannot become a scan result or cache (19.217ms)
✔ late submit after window cannot become a scan result or cache (3.392542ms)
✔ late submit after owner cannot become a scan result or cache (5.121083ms)
✔ late submit after roundtrip cannot become a scan result or cache (2.080417ms)
✔ late submit after unmount cannot become a scan result or cache (2.142833ms)
✔ late poll after adjust cannot become a scan result or cache (2.5075ms)
✔ late poll after window cannot become a scan result or cache (2.415083ms)
✔ late poll after owner cannot become a scan result or cache (1.305375ms)
✔ late poll after roundtrip cannot become a scan result or cache (2.092458ms)
✔ late poll after unmount cannot become a scan result or cache (1.85575ms)
✔ a failed new scan cannot re-display or replace old success; explicit retry is independent (2.879125ms)
✔ invalid result rows is never cached (1.057417ms)
✔ invalid result counts is never cached (1.437084ms)
✔ invalid result id is never cached (1.216792ms)
✔ storage denial preserves valid live results with an explicit notice (0.690416ms)
✔ actual picker loads the original complete warmup and stores actual dates, not form defaults (4.317125ms)
✔ failed original input does not fall back to newly fetched prices (11.420708ms)
✔ pending original input cannot commit after owner (28.415125ms)
✔ pending original input cannot commit after code (2.039542ms)
✔ pending original input cannot commit after unmount (3.26275ms)
✔ radar review captures row adjustment, exact minute, strategy and original cutoff (0.859875ms)
✔ invalid or legacy reviews fail explicitly without guessing data or adjustment (0.885791ms)
✔ exchange-local dates validate without browser timezone conversion (0.08475ms)
✔ review excludes future and unclosed bars, resets derived fingerprint and reports actual range without mutating source (0.404417ms)
✔ radar cache is owner scoped and malformed/legacy records never enter the UI (0.732167ms)
✔ late messages, close and errors from an old socket cannot affect replacement (1.416583ms)
✔ invalid messages and control responses never become ticks; close reason retained (0.168125ms)
✔ matching versions are selected by case identity without mutation (4.019417ms)
✔ future snapshots, wrong rules, incomplete chains and duplicate cases are rejected (0.911958ms)
✔ labels never confuse endpoint consistency or higher-centre proof with completion (0.379708ms)
✔ v2 keeps the detached prefix and v1 remains readable (0.34725ms)
✔ v3 supports trend search while retaining the same ownership guards (0.1675ms)
✔ missing, duplicated, misattributed or silently completed prefix is rejected (0.325959ms)
✔ reincorporation is recorded explicitly instead of erasing detached history (1.012083ms)
✔ accepts bounded history and empty verified batches (1.070459ms)
✔ rejects wrong batch, future indices, broken sources and contradictory state (1.091792ms)
✔ research labels distinguish absence, release, retained and internal (0.098084ms)
✔ late old responses cannot own a newer research request (0.47ms)
✔ submission fields are captured values, not mutable form references (0.41825ms)
✔ navigation preserves explicit stock/index/fund/board identity and parameters without auto run (3.834417ms)
✔ ambiguous identity is rejected rather than guessed or numeric code padded (0.15175ms)
✔ query parser rejects incomplete, duplicate, incompatible and mixed-context values (1.133625ms)
✔ snapshot import keeps original data and normalizes optional display metadata (2.615417ms)
✔ reject invalid schema, periods, oversized arrays and impossible candle prices (0.402458ms)
✔ cloud archives retain larger frozen windows and all supported distinct periods (9.450042ms)
✔ import keeps valid frozen outputs and rejects mismatched frozen data instead of recomputing (0.438333ms)
✔ window is exchange local and bounded by the snapshot cutoff (0.493542ms)
✔ missing numbers and candidate status are never promoted (0.076041ms)
✔ amber projection resolves daily and minute labels, ignores open candle (0.264292ms)
✔ three workspaces are keyboard traversable without dropping an existing mode (1.048958ms)
✔ mobile comparison shows exactly the selected snapshot; desktop shows both (0.32275ms)
✔ inactive research never starts automatic work, valid active research does (0.216792ms)
✔ saved single strategy restores market, period, adjustment and all execution costs exactly (3.719ms)
✔ missing legacy fields disclose supplied defaults instead of claiming complete restoration (0.260917ms)
✔ explicit contradictory market and unsupported instruments are not silently rewritten (0.784083ms)
✔ invalid present fields are errors, not fallback defaults (0.303875ms)
✔ saved links identify records only and cannot inject alternate execution context (0.183541ms)
✔ market entry preserves local dates and strategy, runs only on explicit request (30.161042ms)
✔ boards entry preserves local dates and strategy, runs only on explicit request (4.384875ms)
✔ mixed market context blocks all loading and computation: savedStrategyId (2.7995ms)
✔ mixed market context blocks all loading and computation: optimizationContext (1.069542ms)
✔ mixed market context blocks all loading and computation: autoRun (0.981583ms)
✔ mixed market context blocks all loading and computation: unexpected (6.861083ms)
✔ slow catalog cannot overwrite input with a market entry (10.445959ms)
✔ slow catalog cannot overwrite owner with a market entry (3.646542ms)
✔ catalog-stage input cannot restore saved inputs or dispatch a task (4.228416ms)
✔ catalog-stage params cannot restore saved inputs or dispatch a task (3.7585ms)
✔ catalog-stage owner cannot restore saved inputs or dispatch a task (2.686333ms)
✔ catalog-stage failure cannot restore saved inputs or dispatch a task (18.728542ms)
✔ optimization context restores every execution field and malformed context blocks dispatch (8.095125ms)
✔ actual backtest view loads exact saved context without running, then saves the configuration used (4.578208ms)
✔ saving original radar warmup uses loaded input dates, not hidden form defaults (4.137459ms)
✔ late saved record cannot overwrite owner (1.836834ms)
✔ late saved record cannot overwrite route (1.22275ms)
✔ late saved record cannot overwrite input (1.325292ms)
✔ late saved record cannot overwrite unmount (2.452166ms)
✔ invalid saved context blocks run, while legacy missing fields disclose fallback (7.056ms)
✔ every execution input invalidates the old result before it can be saved (16.439166ms)
✔ editing a cost while bars are pending never runs the new form on the old request (1.009125ms)
✔ save completion after owner cannot write into a different page or account (2.53825ms)
✔ save completion after route cannot write into a different page or account (2.947125ms)
✔ save completion after unmount cannot write into a different page or account (1.527417ms)
✔ audit description translates permissions and never renders arbitrary detail fields (1.0705ms)
✔ audit time is explicitly Shanghai time and invalid data remains readable (77.535542ms)
✔ audit API preserves bounded pagination/filter state and authenticated credentials (78.200833ms)
✔ distinguishes no candidate, failed current audit, and actual invalidation without promoting legacy state (2.033958ms)
✔ filters independent families and directions without merging special and local dual-line evidence (1.863167ms)
✔ searches lifecycle dates and failure reasons with all terms required, retaining original source objects (0.130917ms)
✔ searches diagnostic rejection history without silently reviving historical candidates (0.392125ms)
✔ all excludes bc false, preserves input order and records, and does not infer missing direction (0.28875ms)
✔ legacy diagnostic family is standard, and empty diagnostics do not invent rejection records (0.130625ms)
✔ structural points retain their own confirmation and evidence, never deriving them from a MACD source (0.328125ms)
✔ M1 uses exact existing gates and remains a separate view of its original standard event (0.208292ms)
✔ combined date query finds independent point, prompt and event records without deduplication or additive counts (0.11725ms)
✔ chart date matches structured lifecycle timestamps, not coincidental prose dates (0.242792ms)
✔ minute evidence uses exact exchange-local minute, accepting T/space and refusing missing time (0.09725ms)
✔ chart date includes diagnostic ABC and rejection coverage without inventing open or reversed intervals (0.209584ms)
✔ date scope combines with all filters for structural points and original M1 sources (0.107ms)
✔ new standard evidence explains price, old blocker and independent special lifecycle (1.088791ms)
✔ new gates include counts, boundary and dates without undefined placeholder (0.21125ms)
✔ legacy comparisons retain old detected confirmed and invalidated dates (0.14525ms)
✔ initial schema and refreshed catalog preserve supplied parameters; strategy change alone resets (8.380875ms)
✔ late catalog defaults are suspended until route validation and then fill only missing fields (2.519791ms)
✔ structure dates remove midnight noise without changing intraday precision (2.879125ms)
✔ centre evidence distinguishes fixed core, outer range and candidate expansion (0.560958ms)
✔ segment evidence includes source prices and reverse proof with one-based labels (1.037083ms)
✔ missing legacy evidence does not invent confirmation (0.170584ms)
✔ special inclusion explains boundary exception without labelling it an ordinary fractal (0.084917ms)
✔ centre relation history distinguishes current candidate from original separation (0.109875ms)
✔ confirmation replay translates raw indices without date matching (0.076292ms)
✔ unknown, invalid or out-of-snapshot confirmations have no replay target (0.074584ms)
✔ connection badge validates shared time, price and alternating direction (0.107167ms)
✔ reverse preview uses observed extreme, not last close or a future target (0.920708ms)
✔ mirrored lows produce an upward reference (0.110125ms)
✔ no invented reference for missing, ambiguous, extending, or invalid inputs (0.098333ms)
✔ replay prefix cannot use a later extreme; ties retain first occurrence (0.096709ms)
✔ ongoing consolidation differs by color, line pattern, and fill (0.100375ms)
✔ actual component captures every selected period and failure; automatic work stays system-origin (22.180084ms)
✔ all collection failures are exportable reports, never empty success or recomputable invented bars (1.68675ms)
✔ missing response rows are retained as explicit errors; unexpected rows or cutoff cannot enter a saved result (9.16825ms)
✔ late study response cannot be saved after account (0.902708ms)
✔ late study response cannot be saved after input (0.847667ms)
✔ late study response cannot be saved after unmount (0.761ms)
✔ invalid collection coverage cannot silently omit a period during import (1.572042ms)
✔ actual study freezes independent radar lineage, preserves it through import and recompute, and refuses foreign source (5.472958ms)
✔ task stores detached actual inputs, user submission and system polling (12.24825ms)
✔ invalidated submit resolve cannot revive result/error/spinner (25.5505ms)
✔ invalidated submit reject cannot revive result/error/spinner (5.303334ms)
✔ invalidated poll resolve cannot revive result/error/spinner (3.446792ms)
✔ invalidated poll reject cannot revive result/error/spinner (0.806625ms)
✔ earlier request completion cannot stop a newer task or replace its context (2.976625ms)
✔ owner change stops polling and cannot attribute prior account result to the new account (0.662917ms)
✔ failed remains failure, never successful completion (0.190209ms)
✔ cancelled remains failure, never successful completion (0.094958ms)
✔ timed_out remains failure, never successful completion (0.635125ms)
✔ cancelling is not completed; wrong ID, malformed result and unknown status fail closed (1.8745ms)
✔ deadline aborts polling and explicitly says the server may still be running (17.295666ms)
✔ task API sends captured owner and abort signal; old callers remain compatible (36.903875ms)
✔ task list rejects malformed responses instead of replacing records with undefined (32.709083ms)
✔ cancelling is not terminal and elapsed values remain readable (0.377375ms)
✔ runBacktestWithPolling waits through cancelling and returns cancelled (16.715167ms)
✔ runBacktestWithPolling waits through cancelling and returns timed_out (36.777042ms)
✔ runSignalScanWithPolling waits through cancelling and returns cancelled (8.872334ms)
✔ runSignalScanWithPolling waits through cancelling and returns timed_out (7.540625ms)
✔ cancel API uses POST, and partial cancelled scan results are never accepted (0.354875ms)
✔ persistent recovery and version mismatch are distinct from completion (0.305333ms)
✔ terminal task deletion handles empty 204 and encodes identity (0.148792ms)
✔ checkpoint presence is not confused with verified reuse or task completion (5.018ms)
✔ cached completed submission is retrieved rather than shown as running (14.109375ms)
✔ network failures are localized across WebKit, Chromium and Firefox (0.284458ms)
✔ tracking identity separates asset types, exchanges and board catalogues (0.871167ms)
✔ cloud book validates without silently dropping corrupt groups or duplicate entries (0.656416ms)
✔ expansion preserves every member and all board/direct sources, not a 200-row display page (3.002542ms)
✔ membership failure is explicit and malformed partial membership is never accepted (0.7145ms)
✔ batch runs sequentially, keeps partial errors and continues after a failed target (23.91ms)
✔ cancellation marks in-flight and unstarted rows, ignoring a late success (4.429875ms)
✔ group breadth counts only available periods, never treats failed targets as neutral evidence (3.855125ms)
✔ exact current revision accepts only its own evidence without mutation (7.951917ms)
✔ old partition, stale version, future evidence and false completion are rejected (0.284208ms)
✔ historical audit cannot import a later opposite segment (0.082125ms)
✔ empty partitions and higher-proof priority retain explicit blockers (0.07ms)
✔ new blockers use Chinese labels without calling prerequisites completion (0.214667ms)
✔ missing comparison interval is explained in Chinese without inventing a date (1.297083ms)
✔ special diagnostics identify each A indicator witness rather than the price witness (1.838708ms)
✔ nonstandard DEA axis gate remains explicit without an improvement requirement (2.289791ms)
✔ DEA tolerance discloses research threshold, precise deviation and near-zero fallback (0.238291ms)
✔ wave evidence separates effective A from original wave and local pivots (1.011541ms)
✔ rounded equal line extrema disclose the precise failed values and witness times (0.134208ms)
✔ comparisons are explicitly research only and preserve B/C axis checks (0.111333ms)
✔ unformed candidate shows Chinese gates, two-decimal values and rejection dates (0.106917ms)
✔ new nonstandard audit explicitly uses full A and first-formed reverse evidence explains gaps (17.990958ms)
ℹ tests 569
ℹ suites 0
ℹ pass 569
ℹ fail 0
ℹ cancelled 0
ℹ skipped 0
ℹ todo 0
ℹ duration_ms 4854.8825
→ 打包中…
→ 运行测试…
京东方评级: D 分数: 34.3
维度明细: 卡玛比率=22.7, 最大回撤=27.5, 胜率=33.5, 利润因子=34.1, 夏普比率=41.5, 波动率=50.1
否决: 利润因子 1.11 接近 1，仅勉强盈亏平衡
长线优质策略评级: B 分数: 64.5
维度权重: 卡玛比率=28%, 最大回撤=26%, 胜率=0%, 利润因子=0%, 夏普比率=23%, 波动率=23%
优质案例评级: A 分数: 83.9
寻优点评级: A 74
组合重算指标: { '年化': '20.83%', '回撤': '0.80%', '夏普': '5.27', '卡玛': '26.03' }
稳定上涨组合评级: S 91.8
波动组合重算: { '回撤': '44.15%', '夏普': '-2.64', '持续': 60 }
波动组合评级: D 18.5
✔ 新版组合评级使用后端采样，不按图表柱数重新日线年化 (1.365958ms)
✔ 必要风险指标缺失不能展示为零风险或正常评级 (0.212958ms)
✔ 无穷比率不等于满分，真实零利润因子仍按亏损判断 (0.127333ms)
✔ 京东方回测必须评为 D 档（用户核心诉求验证点） (0.445291ms)
✔ 京东方评分应在 30-43 区间（C 与 D 的边界） (0.096792ms)
✔ 低利润因子触发系统亏损否决 (0.064ms)
✔ 样本不足（< 10 笔交易）降权但不否决整个评级 (0.122375ms)
✔ 用户实测场景：6年6笔交易 + 高夏普 → 应得 A/B（核心回归测试） (0.124166ms)
✔ 深回撤 > 60% 触发直接 D 否决 (0.094667ms)
✔ 优质回测应得 A 或 S 档 (0.127041ms)
✔ 高回撤但收益高 → 最高 B（一票否决 cap） (0.075958ms)
✔ 插值函数：边界值取端点分数 (0.053958ms)
✔ 插值函数：中间值线性插值 (0.0435ms)
✔ 寻优评级：4 维度降级版 (0.084458ms)
✔ 寻优评级：网格点交易太少 → 降权但评级照常 (0.083959ms)
✔ 组合评级：稳定上涨净值应得 A 或 S (1.431584ms)
✔ 组合评级：高波动深回撤净值 → 低档 (0.487042ms)
✔ combinedMetrics：单点净值返回全 0（兜底） (0.039958ms)
✔ 历史组合仅保留原值，不从曲线推断日线或重算评级 (0.44025ms)
✔ v1-v4、未知版本及不完整依据不伪装为新版结果 (0.7955ms)
✔ 新版结果使用已记录指标，真实 999 和零不被当作历史哨兵 (0.116875ms)
✔ 指标状态缺失或与数值冲突不能产出评级，包括被降权维度 (0.278083ms)
✔ 低交易样本的真实不可用逐笔指标仍可降权，不误拦截可用净值评级 (0.098875ms)
✔ 寻优逐行核验新版采样与候选状态，输入范围不替代候选证据 (0.319708ms)
✔ 完整快照保留精度、真实 0/999、全部指标及版本且不关联可变输入 (0.714542ms)
✔ 策略保存接受真实 Vue 响应式结果，不因 Proxy 无法 structuredClone 而失败 (0.516833ms)
✔ 再次保存历史指标不补造新版计算或评级依据 (0.088959ms)
✔ 对比展示原值并指出版本、周期、范围与利率差异，不自动重算 (0.228292ms)
ℹ tests 28
ℹ suites 0
ℹ pass 28
ℹ fail 0
ℹ cancelled 0
ℹ skipped 0
ℹ todo 0
ℹ duration_ms 97.633792
