
> web-ui@0.0.0 test
> node scripts/run-tests.mjs

✔ tracking is restricted to active administrators and explicitly authorized users (0.442667ms)
✔ presence requires visible focused recent interaction and never negative elapsed time (0.587375ms)
✔ admin query descriptions label metadata and disclose truncated targets (0.563167ms)
✔ all current chart inspector evidence stays readable without altering original nested data (7.009083ms)
✔ reject malformed fields reachable from overlays, popovers and every inspector section with exact paths (5.723792ms)
✔ optional old fields and empty failure checkpoints remain readable, no missing-state invention (0.133ms)
✔ archive calendar validation rejects normalized impossible dates and illegal clock/offset values (2.355167ms)
✔ bar validation compares actual instants, retains raw strings, rejects equal instants and malformed volume (0.746417ms)
✔ existing frozen matrix bar sources remain readable without mutation (25.462875ms)
✔ legacy local migration keeps original payload, precision, versions and unknown fields without upgrading (2.943083ms)
✔ cloud exports use latest metadata but retain the original immutable payload, not old cloud ID/revision (0.600166ms)
✔ study import preserves successful and failed periods plus original warmup and primary metadata (0.841791ms)
✔ unknown, incomplete, oversized and nonfinite backups are rejected, never uploaded as summaries (219.950333ms)
✔ migration IDs survive rescanning/reload, preserve precision and isolate owners and changed content (17.430917ms)
✔ migration rejects missing owners, foreign archives and malformed inputs before upload (0.8785ms)
✔ post-inspection changes never upload under a previously confirmed identity (2.026917ms)
✔ lost response retries the same immutable body and id, without automatic retry or local deletion (2.967959ms)
✔ stop or account changes before/after read and upload discard stale results (1.036708ms)
✔ deleted cloud copies are not restored, purged copies and wrong response IDs are not treated as success (1.787708ms)
✔ original valid study rows retain precision, unknown fields, true zero and no recomputation (2.107375ms)
✔ invalid nested fields become explicit per-period errors, not silently missing rows (0.499417ms)
✔ strict pen fields reject coercion and preserve historical source errors without reading their invalid nested fields (6.929333ms)
✔ duplicates are not cherry-picked and malformed or future rows remain in original-record entries (0.189333ms)
✔ trade lookup keeps the exact minute across separators, precision and days (1.448334ms)
✔ date-only values cannot choose the midnight bar of an ambiguous day (0.20925ms)
✔ daily and duplicate exact timestamps keep first positional matches (0.172916ms)
✔ nanoseconds and timezone text are not truncated into a false match (0.197459ms)
✔ date labels preserve useful precision without local timezone conversion (0.167ms)
✔ higher sources resolve actual records and separate original from current review time (1.058458ms)
✔ base sources and foreign witness rejection have distinct Chinese descriptions (0.0955ms)
✔ inconsistent candidate has no replay evidence: unknown reason (0.142ms)
✔ inconsistent candidate has no replay evidence: prototype key (0.135625ms)
✔ inconsistent candidate has no replay evidence: future version (0.081791ms)
✔ inconsistent candidate has no replay evidence: future completion (0.057083ms)
✔ inconsistent candidate has no replay evidence: missing time (0.45075ms)
✔ inconsistent candidate has no replay evidence: empty source (0.052042ms)
✔ inconsistent candidate has no replay evidence: duplicate source (0.058667ms)
✔ inconsistent candidate has no replay evidence: unknown source (0.106125ms)
✔ inconsistent candidate has no replay evidence: mixed levels (0.064166ms)
✔ inconsistent candidate has no replay evidence: future child (0.055625ms)
✔ inconsistent candidate has no replay evidence: wrong child level (0.050125ms)
✔ inconsistent candidate has no replay evidence: duplicate record (0.04375ms)
✔ inconsistent candidate has no replay evidence: empty record range (0.048375ms)
✔ inconsistent candidate has no replay evidence: gap (0.046292ms)
✔ inconsistent candidate has no replay evidence: wrong parent range (0.041375ms)
✔ inconsistent candidate has no replay evidence: reversed sources (0.044459ms)
✔ inconsistent candidate has no replay evidence: unsafe base number (0.0655ms)
✔ 80 percent transparency is 20 percent alpha, for both candle directions (0.481ms)
✔ transparency stays finite, integer, and bounded (0.082958ms)
✔ body is symmetric around the unchanged wick across widths and fractional positions (19.403208ms)
✔ horizontal candles preserve every price coordinate (0.110583ms)
✔ missing or non-finite candle layouts are left untouched (0.127ms)
✔ native ECharts layout remains centred after resize, zoom and data replacement (268.105667ms)
✔ zooming out of large-data line mode restores centred candle bodies (31.144625ms)
✔ structure widths retain existing defaults and hover appearance (0.73725ms)
✔ manual values stay finite, bounded, and at two decimal places (0.133375ms)
✔ raw index overrides rounded dates, including zero (1.016458ms)
✔ legacy intraday dates never fall back to the first bar of the day (0.243959ms)
✔ duplicate formatted times fail safely without a raw index (0.147875ms)
✔ padding keeps the 23px marker plus radius inside the price pane (0.25475ms)
✔ flat, zero and negative ranges get finite padding; invalid extents do not (0.1755ms)
✔ single-bar time link is a thin line limited to each actual plot (0.788625ms)
✔ multi-bar time link has no border and clips to plot, never clamps offscreen data to an edge (0.100167ms)
✔ time links map daily coverage to all minute bars, not a matching ordinal (0.154125ms)
✔ weekly and monthly end-labelled bars cover earlier constituent dates without changing data (1.216042ms)
✔ nearest marker wins regardless of signal family, only co-located points share chooser (0.230667ms)
✔ immutable request cache deduplicates pending work, isolates payload keys and retries errors (0.717792ms)
✔ all six structural types keep extrema and confirmation separate with original evidence (0.600542ms)
✔ legacy records do not invent confirmation or structural sources (0.121125ms)
✔ M1 keeps independent MACD source and original direction, never a structural type (0.311ms)
✔ all chart layers override independent animation and progressive rendering (1.264375ms)
✔ archive tooltip labels and evidence remain text, not active HTML (0.469ms)
✔ rejects invalid saved zooms (2.114417ms)
✔ same-snapshot redraw keeps current manually chosen view (0.226667ms)
✔ focus redraw keeps manual zoom; clearing restores pre-focus view (0.10225ms)
✔ switching focus preserves the original return view (0.073667ms)
✔ new snapshot resets saved focus view and never revives old zoom (0.071125ms)
✔ default inactive; moving does not show cards and leaving does not deactivate (0.812208ms)
✔ object previews can read date-card activation without activating it (0.425333ms)
✔ click selects a point; outside click closes; inside click is not dismissed (0.129375ms)
✔ activated cards follow movement until outside dismissal, then require another click (0.117291ms)
✔ zoom clears stale coordinates but preserves activation (0.744625ms)
✔ data reset and Escape deactivate; teardown removes all handlers (0.157583ms)
✔ archive requests bind current owner and bypass browser cache (28.762375ms)
✔ cloud directory validates all rows, quotas and identities without dropping broken entries (9.239417ms)
✔ original detail requires an object payload but action receipts may omit it (0.427958ms)
✔ account change discards delayed success and delayed errors (0.333917ms)
✔ unauthenticated archive requests do not reach server; structured conflicts remain actionable (0.276208ms)
✔ upload retries retain immutable captured body and all numerical precision (0.196042ms)
✔ directed centre chain is candidate evidence, not completion (0.941209ms)
✔ touching, opposing, future, overlapping or malformed chains fail closed (0.654042ms)
✔ single-centre and legacy components remain readable (0.103708ms)
✔ inside, border, reversed y and overlapping rectangles resolve newest first (1.133709ms)
✔ invalid or missing render coordinates cannot create hits (0.087458ms)
✔ popup stays within narrow viewport and near-edge right click (0.092ms)
✔ roles are Chinese and unknown roles never claim completion (1.488458ms)
✔ source ranges keep one-based indices without disguising gaps (0.152834ms)
✔ coverage checks counts, repeats and missing IDs (0.264917ms)
✔ missing, empty and rejected suffix are explicit (0.0915ms)
✔ invalid counts and empty blocks cannot pass the coverage audit (0.082917ms)
✔ uses raw indices, allows shared endpoints and bounds zoom padding (1.163959ms)
✔ does not invent a B interval or infer indices from formatted dates (0.089041ms)
✔ rejects partial, reversed, overlapping and out-of-snapshot evidence (0.122417ms)
✔ allows inspection of historical failed evidence without reviving it (0.103416ms)
✔ local proof draws frozen exact endpoints only after its actual confirmation (0.157ms)
✔ dual-line divergence uses two exact raw indices, never artificial ABC ranges (0.086041ms)
✔ dual-line focus rejects missing, duplicate, reversed and out-of-range points (0.081541ms)
✔ special wave focus uses AB and its extreme without inventing C (0.086334ms)
✔ direction, family and lifecycle have independent marker styles (0.58125ms)
✔ no-C dual-line remains a circle and fills only on first reverse-pen confirmation (2.013791ms)
✔ M1 is restricted to confirmed waves with a later actual confirmation (2.073959ms)
✔ four families retain independent records and nonstandard uses a triangle (0.214208ms)
✔ October 4 marker matrix uses shape for family and colour only for direction (0.1385ms)
✔ special AB evidence separates A line extrema from both price anchors and legacy pivots (0.131666ms)
✔ history is opt-in, inactive stays grey hollow, never creates M1 (0.131417ms)
✔ every historical shape uses a continuous hollow contour, including on hover (0.128041ms)
✔ new nonstandard evidence relaxes prices only and records each subtype (0.109ms)
✔ new dual rule cannot fill without recorded later local confirmation (0.099125ms)
✔ historical engineering match retains original timing without claiming regrouping completion (2.841125ms)
✔ future, stale, mismatched or incomplete evidence fails closed (0.653ms)
✔ older snapshots and unmatched parts keep existing natural audit available (0.075667ms)
✔ engineering provenance uses the same one-based numbering as other inspectors (6.076417ms)
✔ mixed recursion distinguishes consolidation and trend from the old trend view (0.370791ms)
✔ unknown or reversed provenance is not presented as a completed trend (0.166792ms)
✔ indicator and price values use two decimals without inventing missing evidence (0.177125ms)
✔ recursive centre relations never call extension candidates completed types (0.172167ms)
✔ admissions distinguish unit confirmation from later failed-return admission (0.138125ms)
✔ display fields retain all text including dates, provenance, and secondary colons (1.816042ms)
✔ narrative, missing evidence, and timestamp headings remain whole (0.309792ms)
✔ selects the exact source without replacing missing comparison periods with the primary (5.499042ms)
✔ prefix audit preserves original warmup snapshot and its own instrument and period (1.303459ms)
✔ rejects invalid positions, missing identity and explicitly unclosed prefix data (0.71675ms)
✔ all candidate states distinguish eligibility from completed natural types (0.731125ms)
✔ opposite geometry identifies reused next-part evidence, including nonzero source IDs (0.614833ms)
✔ external opposite geometry is not added to candidate membership (0.105916ms)
✔ missing, stale, misattributed or future opposite geometry is not displayed as matched (0.151834ms)
✔ preferred endpoints are never called completed types; conflicts are retained (0.078458ms)
✔ opposite base turn is not same-level completion (0.092167ms)
✔ price formatting preserves zero and boundary contact, guards non-finite values (0.105375ms)
✔ candidate audit joins by identity, not response order (0.074083ms)
✔ part audit must match ordinal AND exact raw source IDs, including shifted IDs (0.128875ms)
✔ locates the three raw ranges without relabelling them as MACD or confirmed centres (0.945333ms)
✔ candidate must already be observable at the CURRENT replay prefix (0.161625ms)
✔ no incomplete, waiting or unsupported candidate is given a fabricated range (0.094541ms)
✔ raw bar boundaries must be contiguous and inside the visible window (0.138291ms)
✔ source partitions must cover every original segment once, preserving nonzero IDs (0.118292ms)
✔ conflicting geometric fallback remains viewable for manual audit (0.074167ms)
✔ clearing a regrouping focus restores original zoom; a new replay snapshot does not (0.114875ms)
✔ membership labels distinguish source confirmation from later admission (0.528166ms)
✔ admission witness distinguishes confirmation dependency from geometric membership (0.0855ms)
✔ old or malformed evidence never invents an admission witness (0.088667ms)
✔ factor glossary accepts standard abbreviations with spaces or underscores (1.190458ms)
✔ factor missing values never become valid zero (0.137667ms)
✔ factor ranking is stable, non-mutating and missing-last in both directions (8.406083ms)
✔ menus stay inside phone, keyboard and landscape viewports (1.229292ms)
✔ near-bottom controls open upwards without changing ordinary desktop width (0.121ms)
✔ freeze all supported indicator outputs, warmup holes, volume averages and exact numerical precision (28.395583ms)
✔ frozen playback keeps captured values despite different current prices and never queries APIs (0.681666ms)
✔ malformed or mismatched frozen values fail closed, never fall back to recomputation (0.629584ms)
✔ marker hit uses signed stacking offset for both directions, not candle position (0.420417ms)
✔ symbol size and invalid render positions are handled safely (0.078416ms)
✔ aborted late response cannot publish metadata even if transport ignores abort (14.240542ms)
✔ missing provenance or silently changed adjustment never reaches research (0.144791ms)
✔ reported gaps do not falsely label suspension or prevent inspecting valid candles (0.105083ms)
✔ history fetch consumes one verified range and publishes complete metadata only after validation (0.505125ms)
✔ unclosed response never updates provenance or reaches the backtest (0.22525ms)
✔ null, true zero, infinities and real 999 are distinct after JSON roundtrip (0.447167ms)
✔ single, saved and comparison results retain authoritative metric basis (0.587166ms)
✔ whole proof validated without mutation, and cross-role ownership remains visible (1.025291ms)
✔ stale, future, duplicated, incomplete, falsely completed and mismatched sources rejected (0.289375ms)
✔ base runs cannot masquerade as proofs or own multiple provisional regions (0.072666ms)
✔ blocked covers show full conflicts, never fabricated flattened blocks (0.092791ms)
✔ labels retain provisional scope (0.074167ms)
✔ all seven MA presets are available but only MA5 and MA10 start visible (0.761333ms)
✔ each chart session gets independent editable settings without changing presets (0.077125ms)
✔ MA presets retain the requested yellow, white, purple, green, cyan, orange, red palette (0.069875ms)
✔ legend retains every MA choice and explicit hidden states override stale chart selection (0.095042ms)
✔ cross-boundary details resolve actual input and nested ownership records (2.23675ms)
✔ unowned reverse evidence stays explicitly unowned for boundary rejection (0.105833ms)
✔ foreign witness can be shown for an otherwise single-owner candidate (0.098209ms)
✔ legacy candidates do not invent missing conflict details (0.769834ms)
✔ damaged detail is not presented: mismatched candidate sources (0.213417ms)
✔ damaged detail is not presented: wrong layer (0.076291ms)
✔ damaged detail is not presented: unknown reverse input (0.087292ms)
✔ damaged detail is not presented: wrong reverse range (0.37125ms)
✔ damaged detail is not presented: reverse overlaps prices (0.090167ms)
✔ damaged detail is not presented: future reverse confirmation (0.119875ms)
✔ damaged detail is not presented: wrong reverse time (0.072375ms)
✔ damaged detail is not presented: incomplete domain list (0.067541ms)
✔ damaged detail is not presented: duplicate domains (0.049583ms)
✔ damaged detail is not presented: noncontinuous domain (0.042083ms)
✔ damaged detail is not presented: foreign domain misses witness (0.973833ms)
✔ damaged detail is not presented: false unowned witness (0.065417ms)
✔ damaged detail is not presented: missing nested record (0.060375ms)
✔ damaged detail is not presented: wrong reason (0.052958ms)
✔ only current owner revisions form the displayed ownership set (0.764208ms)
✔ internal provenance remains distinct and validates enclosing ownership (0.307583ms)
✔ parent-covered history is not labeled as an additional effective input (0.06975ms)
✔ nested provenance validates containment and strictly increasing input levels (0.167375ms)
✔ current owner labels are distinct from creation IDs and tolerate old snapshots (0.092833ms)
✔ summary mode lists every historical address, not just current versions (6.475208ms)
✔ full and missing legacy snapshots stay readable without inventing history (0.092083ms)
✔ all four analysis paths explicitly request summary delivery without changing input (0.396666ms)
✔ complete lifecycle stays chronological, does not mutate input, and uses Chinese labels (1.355375ms)
✔ legacy or future history is not invented (0.417417ms)
✔ dangling, reordered, duplicated, miscounted and conflicting histories fail closed (2.2605ms)
✔ equal counts cannot hide swapped source identities (0.17725ms)
✔ intermediate event boundaries must equal actual inherited and added sources (0.15975ms)
✔ input evidence must exist at the correct level and be available at admission (0.585542ms)
✔ invalid domain sources, membership and parent context fail closed (0.233375ms)
✔ leftward growth, shifted sources and newly filled merge gaps remain valid (0.160125ms)
✔ both periods exclude future and open candles while retaining original warm-up start (0.658917ms)
✔ snapshot observation time caps cutoff; bar start before cutoff is not enough (0.114417ms)
✔ no timeframe fallback or fabricated candles when historical minute range is unavailable (0.067791ms)
✔ index and board snapshots retain NONE adjustment, mismatch is rejected (0.23125ms)
✔ missing completion evidence, timezone timestamps and unordered bars fail explicitly (0.142583ms)
✔ week/month completion boundary comes from provider annotation, not day label (0.098625ms)
✔ matrix defaults to exactly the five requested periods in image order and six information columns (0.921792ms)
✔ does not turn current reversal observation into a confirmed opposite pen (0.171333ms)
✔ keeps true zero distinct from missing, and numerical display never overwrites original axis judgment (0.122875ms)
✔ keeps divergence family, extrema and actual confirmation separate; never drops records (8.985625ms)
✔ missing pen and divergence are bounded claims; quality limitations stay visible (0.164542ms)
✔ forming candles preserve OHLC and use dashed empty outlines (0.430583ms)
✔ forming volume and signed MACD columns preserve values and direction (0.099333ms)
✔ query defaults to system, manual intent is synchronous and explicit (1.0405ms)
✔ pending manual requests do not mark concurrent automatic work or async continuations (0.428042ms)
✔ API dispatch tags manual queries but excludes automatic name lookup and task polling (18.106541ms)
✔ radar review captures row adjustment, exact minute, strategy and original cutoff (1.910291ms)
✔ invalid or legacy reviews fail explicitly without guessing data or adjustment (1.250791ms)
✔ exchange-local dates validate without browser timezone conversion (0.18875ms)
✔ review excludes future and unclosed bars, resets derived fingerprint and reports actual range without mutating source (1.151375ms)
✔ radar cache is owner scoped and malformed/legacy records never enter the UI (0.406708ms)
✔ late messages, close and errors from an old socket cannot affect replacement (15.288375ms)
✔ invalid messages and control responses never become ticks; close reason retained (0.18225ms)
✔ matching versions are selected by case identity without mutation (1.615292ms)
✔ future snapshots, wrong rules, incomplete chains and duplicate cases are rejected (0.287958ms)
✔ labels never confuse endpoint consistency or higher-centre proof with completion (0.184875ms)
✔ v2 keeps the detached prefix and v1 remains readable (0.388792ms)
✔ v3 supports trend search while retaining the same ownership guards (0.177ms)
✔ missing, duplicated, misattributed or silently completed prefix is rejected (0.483042ms)
✔ reincorporation is recorded explicitly instead of erasing detached history (0.146375ms)
✔ accepts bounded history and empty verified batches (0.498541ms)
✔ rejects wrong batch, future indices, broken sources and contradictory state (0.230292ms)
✔ research labels distinguish absence, release, retained and internal (0.080125ms)
✔ late old responses cannot own a newer research request (0.537417ms)
✔ submission fields are captured values, not mutable form references (0.425833ms)
✔ snapshot import keeps original data and normalizes optional display metadata (6.507125ms)
✔ reject invalid schema, periods, oversized arrays and impossible candle prices (0.376917ms)
✔ cloud archives retain larger frozen windows and all supported distinct periods (8.892333ms)
✔ import keeps valid frozen outputs and rejects mismatched frozen data instead of recomputing (0.440375ms)
✔ window is exchange local and bounded by the snapshot cutoff (0.489375ms)
✔ missing numbers and candidate status are never promoted (0.0805ms)
✔ amber projection resolves daily and minute labels, ignores open candle (0.26325ms)
✔ three workspaces are keyboard traversable without dropping an existing mode (0.875167ms)
✔ mobile comparison shows exactly the selected snapshot; desktop shows both (0.102375ms)
✔ inactive research never starts automatic work, valid active research does (0.098375ms)
✔ audit description translates permissions and never renders arbitrary detail fields (4.571125ms)
✔ audit time is explicitly Shanghai time and invalid data remains readable (20.081833ms)
✔ audit API preserves bounded pagination/filter state and authenticated credentials (21.536417ms)
✔ distinguishes no candidate, failed current audit, and actual invalidation without promoting legacy state (0.541167ms)
✔ filters independent families and directions without merging special and local dual-line evidence (5.775667ms)
✔ searches lifecycle dates and failure reasons with all terms required, retaining original source objects (0.132ms)
✔ searches diagnostic rejection history without silently reviving historical candidates (0.373375ms)
✔ all excludes bc false, preserves input order and records, and does not infer missing direction (0.139125ms)
✔ legacy diagnostic family is standard, and empty diagnostics do not invent rejection records (0.096291ms)
✔ structural points retain their own confirmation and evidence, never deriving them from a MACD source (0.25325ms)
✔ M1 uses exact existing gates and remains a separate view of its original standard event (0.195667ms)
✔ combined date query finds independent point, prompt and event records without deduplication or additive counts (0.117334ms)
✔ chart date matches structured lifecycle timestamps, not coincidental prose dates (0.229708ms)
✔ minute evidence uses exact exchange-local minute, accepting T/space and refusing missing time (0.09925ms)
✔ chart date includes diagnostic ABC and rejection coverage without inventing open or reversed intervals (0.199167ms)
✔ date scope combines with all filters for structural points and original M1 sources (0.105667ms)
✔ new standard evidence explains price, old blocker and independent special lifecycle (1.466667ms)
✔ new gates include counts, boundary and dates without undefined placeholder (0.237833ms)
✔ legacy comparisons retain old detected confirmed and invalidated dates (0.155166ms)
✔ structure dates remove midnight noise without changing intraday precision (0.538291ms)
✔ centre evidence distinguishes fixed core, outer range and candidate expansion (4.831416ms)
✔ segment evidence includes source prices and reverse proof with one-based labels (0.467916ms)
✔ missing legacy evidence does not invent confirmation (0.174ms)
✔ special inclusion explains boundary exception without labelling it an ordinary fractal (0.076625ms)
✔ centre relation history distinguishes current candidate from original separation (0.114375ms)
✔ confirmation replay translates raw indices without date matching (0.070833ms)
✔ unknown, invalid or out-of-snapshot confirmations have no replay target (0.076834ms)
✔ connection badge validates shared time, price and alternating direction (0.104667ms)
✔ reverse preview uses observed extreme, not last close or a future target (1.127458ms)
✔ mirrored lows produce an upward reference (0.099875ms)
✔ no invented reference for missing, ambiguous, extending, or invalid inputs (0.113334ms)
✔ replay prefix cannot use a later extreme; ties retain first occurrence (0.093833ms)
✔ ongoing consolidation differs by color, line pattern, and fill (0.105875ms)
✔ task list rejects malformed responses instead of replacing records with undefined (20.993958ms)
✔ cancelling is not terminal and elapsed values remain readable (0.153208ms)
✔ runBacktestWithPolling waits through cancelling and returns cancelled (2.410209ms)
✔ runBacktestWithPolling waits through cancelling and returns timed_out (1.883083ms)
✔ runSignalScanWithPolling waits through cancelling and returns cancelled (1.759792ms)
✔ runSignalScanWithPolling waits through cancelling and returns timed_out (2.189834ms)
✔ cancel API uses POST, and partial cancelled scan results are never accepted (0.248583ms)
✔ persistent recovery and version mismatch are distinct from completion (0.25975ms)
✔ terminal task deletion handles empty 204 and encodes identity (0.261792ms)
✔ checkpoint presence is not confused with verified reuse or task completion (0.466709ms)
✔ cached completed submission is retrieved rather than shown as running (0.40225ms)
✔ network failures are localized across WebKit, Chromium and Firefox (0.371292ms)
✔ tracking identity separates asset types, exchanges and board catalogues (0.777333ms)
✔ cloud book validates without silently dropping corrupt groups or duplicate entries (0.615542ms)
✔ expansion preserves every member and all board/direct sources, not a 200-row display page (1.171708ms)
✔ membership failure is explicit and malformed partial membership is never accepted (0.209667ms)
✔ batch runs sequentially, keeps partial errors and continues after a failed target (7.627ms)
✔ cancellation marks in-flight and unstarted rows, ignoring a late success (0.15025ms)
✔ group breadth counts only available periods, never treats failed targets as neutral evidence (0.179708ms)
✔ exact current revision accepts only its own evidence without mutation (1.19675ms)
✔ old partition, stale version, future evidence and false completion are rejected (0.264ms)
✔ historical audit cannot import a later opposite segment (0.080125ms)
✔ empty partitions and higher-proof priority retain explicit blockers (0.066375ms)
✔ new blockers use Chinese labels without calling prerequisites completion (0.134208ms)
✔ missing comparison interval is explained in Chinese without inventing a date (0.880958ms)
✔ special diagnostics identify each A indicator witness rather than the price witness (0.200625ms)
✔ nonstandard DEA axis gate remains explicit without an improvement requirement (0.189292ms)
✔ DEA tolerance discloses research threshold, precise deviation and near-zero fallback (0.185416ms)
✔ wave evidence separates effective A from original wave and local pivots (0.32275ms)
✔ rounded equal line extrema disclose the precise failed values and witness times (0.114667ms)
✔ comparisons are explicitly research only and preserve B/C axis checks (0.098583ms)
✔ unformed candidate shows Chinese gates, two-decimal values and rejection dates (0.105541ms)
✔ new nonstandard audit explicitly uses full A and first-formed reverse evidence explains gaps (0.115542ms)
ℹ tests 322
ℹ suites 0
ℹ pass 322
ℹ fail 0
ℹ cancelled 0
ℹ skipped 0
ℹ todo 0
ℹ duration_ms 1246.873125
→ 打包中…
→ 运行测试…
京东方评级: D 分数: 34.3
维度明细: 卡玛比率=22.7, 最大回撤=27.5, 胜率=33.5, 利润因子=34.1, 夏普比率=41.5, 波动率=50.1
否决: 利润因子 1.11 接近 1，仅勉强盈亏平衡
长线优质策略评级: B 分数: 64.5
维度权重: 卡玛比率=28%, 最大回撤=26%, 胜率=0%, 利润因子=0%, 夏普比率=23%, 波动率=23%
优质案例评级: A 分数: 83.9
寻优点评级: A 74
组合重算指标: { '年化': '20.83%', '回撤': '0.80%', '夏普': '5.27', '卡玛': '26.03' }
稳定上涨组合评级: S 91.8
波动组合重算: { '回撤': '44.15%', '夏普': '-2.64', '持续': 60 }
波动组合评级: D 18.5
✔ 新版组合评级使用后端采样，不按图表柱数重新日线年化 (1.579291ms)
✔ 必要风险指标缺失不能展示为零风险或正常评级 (0.231167ms)
✔ 无穷比率不等于满分，真实零利润因子仍按亏损判断 (0.131083ms)
✔ 京东方回测必须评为 D 档（用户核心诉求验证点） (0.466958ms)
✔ 京东方评分应在 30-43 区间（C 与 D 的边界） (0.099666ms)
✔ 低利润因子触发系统亏损否决 (0.066542ms)
✔ 样本不足（< 10 笔交易）降权但不否决整个评级 (0.127542ms)
✔ 用户实测场景：6年6笔交易 + 高夏普 → 应得 A/B（核心回归测试） (0.136416ms)
✔ 深回撤 > 60% 触发直接 D 否决 (0.088542ms)
✔ 优质回测应得 A 或 S 档 (0.147667ms)
✔ 高回撤但收益高 → 最高 B（一票否决 cap） (0.078625ms)
✔ 插值函数：边界值取端点分数 (0.055666ms)
✔ 插值函数：中间值线性插值 (0.058083ms)
✔ 寻优评级：4 维度降级版 (0.093166ms)
✔ 寻优评级：网格点交易太少 → 降权但评级照常 (0.061875ms)
✔ 组合评级：稳定上涨净值应得 A 或 S (1.523417ms)
✔ 组合评级：高波动深回撤净值 → 低档 (0.493583ms)
✔ combinedMetrics：单点净值返回全 0（兜底） (0.046833ms)
✔ 历史组合仅保留原值，不从曲线推断日线或重算评级 (0.462708ms)
✔ v1-v4、未知版本及不完整依据不伪装为新版结果 (0.517916ms)
✔ 新版结果使用已记录指标，真实 999 和零不被当作历史哨兵 (0.068875ms)
✔ 指标状态缺失或与数值冲突不能产出评级，包括被降权维度 (0.085166ms)
✔ 低交易样本的真实不可用逐笔指标仍可降权，不误拦截可用净值评级 (0.074625ms)
✔ 寻优逐行核验新版采样与候选状态，输入范围不替代候选证据 (0.103916ms)
✔ 完整快照保留精度、真实 0/999、全部指标及版本且不关联可变输入 (0.547833ms)
✔ 策略保存接受真实 Vue 响应式结果，不因 Proxy 无法 structuredClone 而失败 (0.50175ms)
✔ 再次保存历史指标不补造新版计算或评级依据 (0.08975ms)
✔ 对比展示原值并指出版本、周期、范围与利率差异，不自动重算 (0.300459ms)
ℹ tests 28
ℹ suites 0
ℹ pass 28
ℹ fail 0
ℹ cancelled 0
ℹ skipped 0
ℹ todo 0
ℹ duration_ms 150.774417
