
> web-ui@0.0.0 test
> node scripts/run-tests.mjs

✔ tracking is restricted to active administrators and explicitly authorized users (0.406666ms)
✔ presence requires visible focused recent interaction and never negative elapsed time (2.72375ms)
✔ admin query descriptions label metadata and disclose truncated targets (0.254375ms)
✔ all current chart inspector evidence stays readable without altering original nested data (24.402666ms)
✔ reject malformed fields reachable from overlays, popovers and every inspector section with exact paths (25.95625ms)
✔ optional old fields and empty failure checkpoints remain readable, no missing-state invention (0.136958ms)
✔ archive calendar validation rejects normalized impossible dates and illegal clock/offset values (5.54775ms)
✔ bar validation compares actual instants, retains raw strings, rejects equal instants and malformed volume (0.36675ms)
✔ existing frozen matrix bar sources remain readable without mutation (31.993958ms)
✔ event lists and evidence-set reordering never imply new or changed signals; originals remain intact (12.837541ms)
✔ state, lifecycle times and unrounded evidence are classified separately on the same identity (1.034459ms)
✔ same date across families and sides remains independent; true event additions/removals are distinct (0.375833ms)
✔ duplicate identities preserve all records and are never paired arbitrarily (0.4275ms)
✔ missing identity does not cause false removals or additions in its collection (0.323292ms)
✔ missing source/list is unknown, not empty or proof of no events (0.312667ms)
✔ never-candidate diagnostics match without A or reference, including special B-only records (38.505ms)
✔ A trimming changes evidence not identity; original wave anchors and reference changes distinguish bases (2.08725ms)
✔ date normalization preserves intraday, microsecond and timezone distinctions (7.362459ms)
✔ source differences and unknown fields/ordered evidence are retained (4.826791ms)
✔ different instruments, periods or study results are not matched (0.125083ms)
✔ structure divergences are supported without inventing MACD wave anchors (0.301333ms)
✔ legacy local migration keeps original payload, precision, versions and unknown fields without upgrading (7.415708ms)
✔ cloud exports use latest metadata but retain the original immutable payload, not old cloud ID/revision (1.788375ms)
✔ study import preserves successful and failed periods plus original warmup and primary metadata (1.749125ms)
✔ unknown, incomplete, oversized and nonfinite backups are rejected, never uploaded as summaries (207.426417ms)
✔ all supported chart outputs preserve full precision, null warmups, style and instance order (13.897584ms)
✔ migration IDs survive rescanning/reload, preserve precision and isolate owners and changed content (40.294ms)
✔ migration rejects missing owners, foreign archives and malformed inputs before upload (1.424625ms)
✔ post-inspection changes never upload under a previously confirmed identity (4.511541ms)
✔ lost response retries the same immutable body and id, without automatic retry or local deletion (0.901ms)
✔ stop or account changes before/after read and upload discard stale results (1.136875ms)
✔ deleted cloud copies are not restored, purged copies and wrong response IDs are not treated as success (1.945ms)
✔ chart plan freezes original data and uses original identity/window, not current selection (5.998291ms)
✔ missing volume/time/parameters and unsupported length never silently become a smaller/default study (9.976667ms)
✔ study plan preserves actual research settings and saved time labels (0.189791ms)
✔ unrounded path diff distinguishes null, missing, structure, empty arrays, and ordering (0.246167ms)
✔ response must match request, instrument, version, scope and period identities (0.513333ms)
✔ new archive retains original bars/lineage but never relabels frozen old indicators as recomputed (0.353709ms)
✔ study without saved input retains an explicit uncomputed row, never pretends all periods succeeded (0.187542ms)
✔ complete indicator recompute preserves saved settings, checks response and saves only new values (2.988417ms)
✔ missing or unknown saved indicator parameters cannot borrow current defaults (0.355208ms)
✔ original valid study rows retain precision, unknown fields, true zero and no recomputation (3.516583ms)
✔ invalid nested fields become explicit per-period errors, not silently missing rows (2.127416ms)
✔ strict pen fields reject coercion and preserve historical source errors without reading their invalid nested fields (1.02875ms)
✔ duplicates are not cherry-picked and malformed or future rows remain in original-record entries (0.491ms)
✔ trade lookup keeps the exact minute across separators, precision and days (1.659958ms)
✔ date-only values cannot choose the midnight bar of an ambiguous day (0.193416ms)
✔ daily and duplicate exact timestamps keep first positional matches (0.156834ms)
✔ nanoseconds and timezone text are not truncated into a false match (0.222542ms)
✔ date labels preserve useful precision without local timezone conversion (0.2015ms)
✔ higher sources resolve actual records and separate original from current review time (1.03475ms)
✔ base sources and foreign witness rejection have distinct Chinese descriptions (0.092959ms)
✔ inconsistent candidate has no replay evidence: unknown reason (0.074459ms)
✔ inconsistent candidate has no replay evidence: prototype key (0.058ms)
✔ inconsistent candidate has no replay evidence: future version (0.054917ms)
✔ inconsistent candidate has no replay evidence: future completion (0.046625ms)
✔ inconsistent candidate has no replay evidence: missing time (0.534291ms)
✔ inconsistent candidate has no replay evidence: empty source (0.070292ms)
✔ inconsistent candidate has no replay evidence: duplicate source (0.063208ms)
✔ inconsistent candidate has no replay evidence: unknown source (0.101042ms)
✔ inconsistent candidate has no replay evidence: mixed levels (0.061167ms)
✔ inconsistent candidate has no replay evidence: future child (0.054333ms)
✔ inconsistent candidate has no replay evidence: wrong child level (0.044708ms)
✔ inconsistent candidate has no replay evidence: duplicate record (0.039959ms)
✔ inconsistent candidate has no replay evidence: empty record range (0.044291ms)
✔ inconsistent candidate has no replay evidence: gap (0.042917ms)
✔ inconsistent candidate has no replay evidence: wrong parent range (0.034834ms)
✔ inconsistent candidate has no replay evidence: reversed sources (0.036917ms)
✔ inconsistent candidate has no replay evidence: unsafe base number (0.043125ms)
✔ 80 percent transparency is 20 percent alpha, for both candle directions (0.443083ms)
✔ transparency stays finite, integer, and bounded (0.082292ms)
✔ body is symmetric around the unchanged wick across widths and fractional positions (5.026084ms)
✔ horizontal candles preserve every price coordinate (0.132083ms)
✔ missing or non-finite candle layouts are left untouched (0.131208ms)
✔ native ECharts layout remains centred after resize, zoom and data replacement (164.310125ms)
✔ zooming out of large-data line mode restores centred candle bodies (43.324167ms)
✔ structure widths retain existing defaults and hover appearance (0.715334ms)
✔ manual values stay finite, bounded, and at two decimal places (0.134959ms)
✔ raw index overrides rounded dates, including zero (0.434208ms)
✔ legacy intraday dates never fall back to the first bar of the day (0.106125ms)
✔ duplicate formatted times fail safely without a raw index (0.071458ms)
✔ padding keeps the 23px marker plus radius inside the price pane (0.122834ms)
✔ flat, zero and negative ranges get finite padding; invalid extents do not (0.108416ms)
✔ single-bar time link is a thin line limited to each actual plot (0.812334ms)
✔ multi-bar time link has no border and clips to plot, never clamps offscreen data to an edge (0.088833ms)
✔ time links map daily coverage to all minute bars, not a matching ordinal (0.152583ms)
✔ weekly and monthly end-labelled bars cover earlier constituent dates without changing data (2.578041ms)
✔ nearest marker wins regardless of signal family, only co-located points share chooser (0.209417ms)
✔ immutable request cache deduplicates pending work, isolates payload keys and retries errors (0.30425ms)
✔ all six structural types keep extrema and confirmation separate with original evidence (0.568083ms)
✔ legacy records do not invent confirmation or structural sources (0.122917ms)
✔ M1 keeps independent MACD source and original direction, never a structural type (0.320958ms)
✔ all chart layers override independent animation and progressive rendering (0.846792ms)
✔ archive tooltip labels and evidence remain text, not active HTML (0.462208ms)
✔ rejects invalid saved zooms (0.759791ms)
✔ same-snapshot redraw keeps current manually chosen view (0.107708ms)
✔ focus redraw keeps manual zoom; clearing restores pre-focus view (0.069ms)
✔ switching focus preserves the original return view (0.061542ms)
✔ new snapshot resets saved focus view and never revives old zoom (0.063208ms)
✔ default inactive; moving does not show cards and leaving does not deactivate (0.845458ms)
✔ object previews can read date-card activation without activating it (0.159125ms)
✔ click selects a point; outside click closes; inside click is not dismissed (0.109375ms)
✔ activated cards follow movement until outside dismissal, then require another click (0.104292ms)
✔ zoom clears stale coordinates but preserves activation (0.077417ms)
✔ data reset and Escape deactivate; teardown removes all handlers (0.10275ms)
✔ archive requests bind current owner and bypass browser cache (24.891583ms)
✔ cloud directory validates all rows, quotas and identities without dropping broken entries (8.046584ms)
✔ original detail requires an object payload but action receipts may omit it (11.50475ms)
✔ account change discards delayed success and delayed errors (0.260667ms)
✔ unauthenticated archive requests do not reach server; structured conflicts remain actionable (0.180042ms)
✔ upload retries retain immutable captured body and all numerical precision (0.200959ms)
✔ directed centre chain is candidate evidence, not completion (1.009958ms)
✔ touching, opposing, future, overlapping or malformed chains fail closed (0.264417ms)
✔ single-centre and legacy components remain readable (0.068208ms)
✔ inside, border, reversed y and overlapping rectangles resolve newest first (0.786875ms)
✔ invalid or missing render coordinates cannot create hits (0.078417ms)
✔ popup stays within narrow viewport and near-edge right click (0.087959ms)
✔ roles are Chinese and unknown roles never claim completion (0.435167ms)
✔ source ranges keep one-based indices without disguising gaps (0.104125ms)
✔ coverage checks counts, repeats and missing IDs (0.200125ms)
✔ missing, empty and rejected suffix are explicit (0.079125ms)
✔ invalid counts and empty blocks cannot pass the coverage audit (0.077541ms)
✔ uses raw indices, allows shared endpoints and bounds zoom padding (2.583458ms)
✔ does not invent a B interval or infer indices from formatted dates (0.250458ms)
✔ rejects partial, reversed, overlapping and out-of-snapshot evidence (0.254583ms)
✔ allows inspection of historical failed evidence without reviving it (0.257166ms)
✔ local proof draws frozen exact endpoints only after its actual confirmation (3.482583ms)
✔ dual-line divergence uses two exact raw indices, never artificial ABC ranges (0.260667ms)
✔ dual-line focus rejects missing, duplicate, reversed and out-of-range points (0.21375ms)
✔ special wave focus uses AB and its extreme without inventing C (0.318333ms)
✔ direction, family and lifecycle have independent marker styles (0.591ms)
✔ no-C dual-line remains a circle and fills only on first reverse-pen confirmation (0.933083ms)
✔ M1 is restricted to confirmed waves with a later actual confirmation (0.223459ms)
✔ four families retain independent records and nonstandard uses a triangle (0.232416ms)
✔ October 4 marker matrix uses shape for family and colour only for direction (0.155208ms)
✔ special AB evidence separates A line extrema from both price anchors and legacy pivots (0.140083ms)
✔ history is opt-in, inactive stays grey hollow, never creates M1 (0.116917ms)
✔ every historical shape uses a continuous hollow contour, including on hover (0.125583ms)
✔ new nonstandard evidence relaxes prices only and records each subtype (0.16325ms)
✔ new dual rule cannot fill without recorded later local confirmation (0.102875ms)
✔ historical engineering match retains original timing without claiming regrouping completion (0.951792ms)
✔ future, stale, mismatched or incomplete evidence fails closed (0.307667ms)
✔ older snapshots and unmatched parts keep existing natural audit available (0.0645ms)
✔ engineering provenance uses the same one-based numbering as other inspectors (0.534208ms)
✔ mixed recursion distinguishes consolidation and trend from the old trend view (0.139958ms)
✔ unknown or reversed provenance is not presented as a completed trend (0.071542ms)
✔ indicator and price values use two decimals without inventing missing evidence (0.159958ms)
✔ recursive centre relations never call extension candidates completed types (0.068125ms)
✔ admissions distinguish unit confirmation from later failed-return admission (0.0595ms)
✔ display fields retain all text including dates, provenance, and secondary colons (0.763709ms)
✔ narrative, missing evidence, and timestamp headings remain whole (0.094625ms)
✔ selects the exact source without replacing missing comparison periods with the primary (0.397833ms)
✔ prefix audit preserves original warmup snapshot and its own instrument and period (0.397708ms)
✔ rejects invalid positions, missing identity and explicitly unclosed prefix data (0.195792ms)
✔ optimization carries full execution and identity without live defaults (13.102ms)
✔ malformed, mixed, missing or conflicting optimization context never silently defaults (2.57ms)
✔ multi original replay preserves costs, slots and adjustment; extend changes only end dates (0.37325ms)
✔ multi rejects corrupt and incompatible slots without dropping or repairing any (3.211542ms)
✔ legacy missing settings are disclosed with deterministic defaults, explicit invalid values rejected (0.392542ms)
✔ combining equal-account singles preserves per-slot cash and costs; conflicts rejected not rewritten (0.978375ms)
✔ all candidate states distinguish eligibility from completed natural types (0.558291ms)
✔ opposite geometry identifies reused next-part evidence, including nonzero source IDs (0.540167ms)
✔ external opposite geometry is not added to candidate membership (0.0945ms)
✔ missing, stale, misattributed or future opposite geometry is not displayed as matched (0.193917ms)
✔ preferred endpoints are never called completed types; conflicts are retained (0.091375ms)
✔ opposite base turn is not same-level completion (0.097875ms)
✔ price formatting preserves zero and boundary contact, guards non-finite values (0.104708ms)
✔ candidate audit joins by identity, not response order (0.081ms)
✔ part audit must match ordinal AND exact raw source IDs, including shifted IDs (0.147333ms)
✔ locates the three raw ranges without relabelling them as MACD or confirmed centres (0.968ms)
✔ candidate must already be observable at the CURRENT replay prefix (0.165458ms)
✔ no incomplete, waiting or unsupported candidate is given a fabricated range (0.10325ms)
✔ raw bar boundaries must be contiguous and inside the visible window (0.138666ms)
✔ source partitions must cover every original segment once, preserving nonzero IDs (0.120708ms)
✔ conflicting geometric fallback remains viewable for manual audit (0.076375ms)
✔ clearing a regrouping focus restores original zoom; a new replay snapshot does not (0.112416ms)
✔ membership labels distinguish source confirmation from later admission (0.454333ms)
✔ admission witness distinguishes confirmation dependency from geometric membership (0.082ms)
✔ old or malformed evidence never invents an admission witness (0.070625ms)
✔ factor glossary accepts standard abbreviations with spaces or underscores (0.515125ms)
✔ factor missing values never become valid zero (0.088708ms)
✔ factor ranking is stable, non-mutating and missing-last in both directions (23.099042ms)
✔ menus stay inside phone, keyboard and landscape viewports (0.790042ms)
✔ near-bottom controls open upwards without changing ordinary desktop width (0.464166ms)
✔ warmup null, missing and invalid indicator values never become invented zeroes (0.9185ms)
✔ freeze all supported indicator outputs, warmup holes, volume averages and exact numerical precision (8.399083ms)
✔ frozen playback keeps captured values despite different current prices and never queries APIs (0.603416ms)
✔ malformed or mismatched frozen values fail closed, never fall back to recomputation (0.57825ms)
✔ marker hit uses signed stacking offset for both directions, not candle position (0.446917ms)
✔ symbol size and invalid render positions are handled safely (0.0835ms)
✔ market tab changes discard old success and cannot stop the new spinner (266.267958ms)
✔ market late failure after filter cannot resurrect an error (23.24825ms)
✔ market late failure after owner cannot resurrect an error (24.978625ms)
✔ market late failure after unmount cannot resurrect an error (25.420375ms)
✔ directory count failure preserves valid rows; late totals cannot cross markets (53.082792ms)
✔ board selection clears old details and ignores slower preceding member responses (20.209792ms)
✔ board list filter changes invalidate pending member requests and prevent old auto-selection (70.613334ms)
✔ default board preload remains system-origin after manual list refresh (39.24525ms)
✔ belonging response after stock cannot change results or stock history (29.930708ms)
✔ belonging response after owner cannot change results or stock history (52.339167ms)
✔ belonging response after unmount cannot change results or stock history (15.447833ms)
✔ current belonging success records captured stock; concurrent member failure has separate feedback (19.2855ms)
✔ market selection uses loaded market, clears on filters, and distinguishes shared stock/index codes (19.257875ms)
✔ board analysis uses result classification; members require their own market (49.775125ms)
✔ aborted late response cannot publish metadata even if transport ignores abort (53.559916ms)
✔ missing provenance or silently changed adjustment never reaches research (0.149917ms)
✔ reported gaps do not falsely label suspension or prevent inspecting valid candles (0.109625ms)
✔ history fetch consumes one verified range and publishes complete metadata only after validation (5.725166ms)
✔ unclosed response never updates provenance or reaches the backtest (0.402584ms)
✔ null, true zero, infinities and real 999 are distinct after JSON roundtrip (4.532666ms)
✔ single, saved and comparison results retain authoritative metric basis (0.45ms)
✔ whole proof validated without mutation, and cross-role ownership remains visible (2.54675ms)
✔ stale, future, duplicated, incomplete, falsely completed and mismatched sources rejected (0.293ms)
✔ base runs cannot masquerade as proofs or own multiple provisional regions (0.073ms)
✔ blocked covers show full conflicts, never fabricated flattened blocks (0.087042ms)
✔ labels retain provisional scope (0.06425ms)
✔ all seven MA presets are available but only MA5 and MA10 start visible (1.84375ms)
✔ each chart session gets independent editable settings without changing presets (0.132958ms)
✔ MA presets retain the requested yellow, white, purple, green, cyan, orange, red palette (0.077416ms)
✔ legend retains every MA choice and explicit hidden states override stale chart selection (0.101917ms)
✔ cross-boundary details resolve actual input and nested ownership records (1.338958ms)
✔ unowned reverse evidence stays explicitly unowned for boundary rejection (0.114084ms)
✔ foreign witness can be shown for an otherwise single-owner candidate (0.100833ms)
✔ legacy candidates do not invent missing conflict details (0.107834ms)
✔ damaged detail is not presented: mismatched candidate sources (0.083ms)
✔ damaged detail is not presented: wrong layer (0.060125ms)
✔ damaged detail is not presented: unknown reverse input (0.066417ms)
✔ damaged detail is not presented: wrong reverse range (0.065375ms)
✔ damaged detail is not presented: reverse overlaps prices (0.0775ms)
✔ damaged detail is not presented: future reverse confirmation (0.109084ms)
✔ damaged detail is not presented: wrong reverse time (0.065709ms)
✔ damaged detail is not presented: incomplete domain list (0.065584ms)
✔ damaged detail is not presented: duplicate domains (0.047833ms)
✔ damaged detail is not presented: noncontinuous domain (0.039708ms)
✔ damaged detail is not presented: foreign domain misses witness (0.044625ms)
✔ damaged detail is not presented: false unowned witness (0.050625ms)
✔ damaged detail is not presented: missing nested record (0.051458ms)
✔ damaged detail is not presented: wrong reason (0.054792ms)
✔ only current owner revisions form the displayed ownership set (0.816542ms)
✔ internal provenance remains distinct and validates enclosing ownership (0.443292ms)
✔ parent-covered history is not labeled as an additional effective input (0.076375ms)
✔ nested provenance validates containment and strictly increasing input levels (0.35325ms)
✔ current owner labels are distinct from creation IDs and tolerate old snapshots (0.098708ms)
✔ summary mode lists every historical address, not just current versions (1.92175ms)
✔ full and missing legacy snapshots stay readable without inventing history (0.09125ms)
✔ all four analysis paths explicitly request summary delivery without changing input (0.377833ms)
✔ complete lifecycle stays chronological, does not mutate input, and uses Chinese labels (2.019042ms)
✔ legacy or future history is not invented (0.144792ms)
✔ dangling, reordered, duplicated, miscounted and conflicting histories fail closed (1.10875ms)
✔ equal counts cannot hide swapped source identities (0.078666ms)
✔ intermediate event boundaries must equal actual inherited and added sources (0.06975ms)
✔ input evidence must exist at the correct level and be available at admission (0.187291ms)
✔ invalid domain sources, membership and parent context fail closed (5.227416ms)
✔ leftward growth, shifted sources and newly filled merge gaps remain valid (0.238083ms)
✔ both periods exclude future and open candles while retaining original warm-up start (1.436792ms)
✔ snapshot observation time caps cutoff; bar start before cutoff is not enough (0.205ms)
✔ no timeframe fallback or fabricated candles when historical minute range is unavailable (0.2505ms)
✔ index and board snapshots retain NONE adjustment, mismatch is rejected (0.556708ms)
✔ missing completion evidence, timezone timestamps and unordered bars fail explicitly (0.345416ms)
✔ week/month completion boundary comes from provider annotation, not day label (0.245333ms)
✔ matrix defaults to exactly the five requested periods in image order and six information columns (2.131583ms)
✔ does not turn current reversal observation into a confirmed opposite pen (0.39675ms)
✔ keeps true zero distinct from missing, and numerical display never overwrites original axis judgment (0.19975ms)
✔ keeps divergence family, extrema and actual confirmation separate; never drops records (10.488125ms)
✔ missing pen and divergence are bounded claims; quality limitations stay visible (0.471125ms)
✔ library original/extended multi replay uses saved costs despite global preference changes (248.317584ms)
✔ portfolio load -> actual store task lifecycle -> save uses identical context and all costs (59.78975ms)
✔ portfolio catalog-stage input is isolated before saved fetch (52.863792ms)
✔ portfolio catalog-stage params is isolated before saved fetch (40.575833ms)
✔ portfolio catalog-stage owner is isolated before saved fetch (23.906292ms)
✔ portfolio catalog-stage failure is isolated before saved fetch (21.004875ms)
✔ portfolio catalog-stage empty is isolated before saved fetch (17.869583ms)
✔ pending portfolio cannot survive input (18.261959ms)
✔ pending portfolio cannot survive owner (16.52725ms)
✔ pending portfolio cannot survive unmount (20.764541ms)
✔ store account epoch clears completed results in all four task families (13.758584ms)
✔ runPortfolio old account error is ignored even after switching back (13.7545ms)
✔ runMultiStrategy old account error is ignored even after switching back (16.785792ms)
✔ runOptimize old account error is ignored even after switching back (13.307625ms)
✔ runOptimizeAll old account error is ignored even after switching back (13.135792ms)
✔ optimizer takes an input snapshot before awaiting bars and hands off the result strategy/adjustment (18.376458ms)
✔ portfolio late save cannot close or annotate newly changed configuration (14.499292ms)
✔ library name lookup cannot mix later input or account into a save (56.21375ms)
✔ library saves a multi result with submitted adjustment, not the later global preference (18.7025ms)
✔ late library list cannot replace a newly created record and owner change clears all personal rows (18.00575ms)
✔ portfolio identity rejects mixed markets, repeats and invalid lengths (0.248291ms)
✔ late preference response cannot revert a newer adjustment; queued patch is captured (197.760541ms)
✔ account switch drops old queue, permits new account immediately and ignores late response (51.171917ms)
✔ same-account logout/login does not accept response from prior session epoch (11.645666ms)
✔ failed saves reject caller, do not wedge queue or restore stale role permissions (11.528208ms)
✔ mismatched response owner and logged-out saves are rejected (6.244625ms)
✔ market preference watcher survives the first route unmount and follows owner changes (11.340375ms)
✔ late name hydration cannot write across accounts; new owner hydrates independently (84.516416ms)
✔ sidebar hydration never writes, old-owner timers cancel, failures are handled (73.611333ms)
✔ forming candles preserve OHLC and use dashed empty outlines (5.084208ms)
✔ forming volume and signed MACD columns preserve values and direction (0.168959ms)
✔ query defaults to system, manual intent is synchronous and explicit (0.522958ms)
✔ direct bar snapshot fetch preserves explicit intent, including failed requests (24.86175ms)
✔ pending manual requests do not mark concurrent automatic work or async continuations (0.160917ms)
✔ API dispatch tags manual queries but excludes automatic name lookup and task polling (1.034416ms)
✔ save keeps original full input separate from replay prefix, fully detached from live state (6.817917ms)
✔ same-bar opposite signals remain distinct; source survives JSON import without task or network (1.228458ms)
✔ recompute uses only saved chart prefix, keeps original scan signals and version unchanged (1.169375ms)
✔ reject wrong target before saving; never silently drop invalid lineage (0.396458ms)
✔ reject board target before saving; never silently drop invalid lineage (0.267292ms)
✔ reject wrong market before saving; never silently drop invalid lineage (0.243208ms)
✔ reject reference before saving; never silently drop invalid lineage (0.137584ms)
✔ reject invalid date type before saving; never silently drop invalid lineage (0.123208ms)
✔ reject noncanonical cutoff before saving; never silently drop invalid lineage (0.14275ms)
✔ reject row summary before saving; never silently drop invalid lineage (0.276583ms)
✔ reject row last date before saving; never silently drop invalid lineage (0.215584ms)
✔ reject outside signal window before saving; never silently drop invalid lineage (0.215167ms)
✔ reject row source before saving; never silently drop invalid lineage (0.2ms)
✔ reject row requested adjust before saving; never silently drop invalid lineage (0.989875ms)
✔ reject row quality before saving; never silently drop invalid lineage (2.138375ms)
✔ reject open candle before saving; never silently drop invalid lineage (0.489416ms)
✔ reject unsupported storage before saving; never silently drop invalid lineage (1.504916ms)
✔ legacy snapshot without original input still opens without invented source (0.18425ms)
✔ original task references round-trip and legacy references remain distinguishable (2.446917ms)
✔ cache receipt must be a real ID string, never coerced or inherited from another owner (0.832917ms)
✔ all frozen bars and precision survive; changed code is disclosed, not represented as old execution (1.756291ms)
✔ invalid original receipt task stops instead of substituting live data (0.176791ms)
✔ invalid original receipt row stops instead of substituting live data (0.080667ms)
✔ invalid original receipt market stops instead of substituting live data (0.065833ms)
✔ invalid original receipt symbol stops instead of substituting live data (0.060875ms)
✔ invalid original receipt params stops instead of substituting live data (0.055584ms)
✔ invalid original receipt strategy stops instead of substituting live data (0.071583ms)
✔ invalid original receipt fingerprint stops instead of substituting live data (0.104709ms)
✔ invalid original receipt adjust stops instead of substituting live data (0.087959ms)
✔ invalid original receipt signal stops instead of substituting live data (3.624208ms)
✔ invalid original receipt malformed signals stops instead of substituting live data (17.330791ms)
✔ invalid original receipt row error stops instead of substituting live data (0.136416ms)
✔ invalid original receipt storage stops instead of substituting live data (0.089667ms)
✔ invalid original receipt version stops instead of substituting live data (0.06575ms)
✔ invalid original receipt missing bars stops instead of substituting live data (0.06625ms)
✔ invalid original receipt null bar stops instead of substituting live data (0.059041ms)
✔ invalid original receipt order stops instead of substituting live data (0.076167ms)
✔ invalid original receipt open bar stops instead of substituting live data (0.092166ms)
✔ invalid original receipt future stops instead of substituting live data (0.062291ms)
✔ invalid original receipt negative duration stops instead of substituting live data (0.068542ms)
✔ invalid original receipt missing cutoff stops instead of substituting live data (0.049292ms)
✔ invalid original receipt number string stops instead of substituting live data (0.058917ms)
✔ invalid original receipt NaN stops instead of substituting live data (0.051208ms)
✔ invalid original receipt bad low stops instead of substituting live data (0.064625ms)
✔ invalid original receipt negative volume stops instead of substituting live data (0.054875ms)
✔ API sends owner and abort signal with no-store; unavailable receipt never calls a live feed (65.723542ms)
✔ actual picker loads the original complete warmup and stores actual dates, not form defaults (3.40975ms)
✔ failed original input does not fall back to newly fetched prices (0.767334ms)
✔ pending original input cannot commit after owner (11.584417ms)
✔ pending original input cannot commit after code (1.380666ms)
✔ pending original input cannot commit after unmount (12.0235ms)
✔ radar review captures row adjustment, exact minute, strategy and original cutoff (0.867542ms)
✔ invalid or legacy reviews fail explicitly without guessing data or adjustment (1.60825ms)
✔ exchange-local dates validate without browser timezone conversion (0.224ms)
✔ review excludes future and unclosed bars, resets derived fingerprint and reports actual range without mutating source (1.008875ms)
✔ radar cache is owner scoped and malformed/legacy records never enter the UI (0.837333ms)
✔ late messages, close and errors from an old socket cannot affect replacement (0.822375ms)
✔ invalid messages and control responses never become ticks; close reason retained (0.1555ms)
✔ matching versions are selected by case identity without mutation (0.894667ms)
✔ future snapshots, wrong rules, incomplete chains and duplicate cases are rejected (0.214709ms)
✔ labels never confuse endpoint consistency or higher-centre proof with completion (0.13625ms)
✔ v2 keeps the detached prefix and v1 remains readable (0.299666ms)
✔ v3 supports trend search while retaining the same ownership guards (0.109833ms)
✔ missing, duplicated, misattributed or silently completed prefix is rejected (1.332458ms)
✔ reincorporation is recorded explicitly instead of erasing detached history (0.624625ms)
✔ accepts bounded history and empty verified batches (1.216917ms)
✔ rejects wrong batch, future indices, broken sources and contradictory state (0.551167ms)
✔ research labels distinguish absence, release, retained and internal (0.221708ms)
✔ late old responses cannot own a newer research request (0.460917ms)
✔ submission fields are captured values, not mutable form references (0.404875ms)
✔ navigation preserves explicit stock/index/fund/board identity and parameters without auto run (1.52125ms)
✔ ambiguous identity is rejected rather than guessed or numeric code padded (0.129416ms)
✔ query parser rejects incomplete, duplicate, incompatible and mixed-context values (0.527583ms)
✔ snapshot import keeps original data and normalizes optional display metadata (11.616583ms)
✔ reject invalid schema, periods, oversized arrays and impossible candle prices (0.38975ms)
✔ cloud archives retain larger frozen windows and all supported distinct periods (19.45375ms)
✔ import keeps valid frozen outputs and rejects mismatched frozen data instead of recomputing (0.512625ms)
✔ window is exchange local and bounded by the snapshot cutoff (0.463417ms)
✔ missing numbers and candidate status are never promoted (0.086584ms)
✔ amber projection resolves daily and minute labels, ignores open candle (0.25475ms)
✔ three workspaces are keyboard traversable without dropping an existing mode (1.699292ms)
✔ mobile comparison shows exactly the selected snapshot; desktop shows both (0.310833ms)
✔ inactive research never starts automatic work, valid active research does (0.238584ms)
✔ saved single strategy restores market, period, adjustment and all execution costs exactly (2.802416ms)
✔ missing legacy fields disclose supplied defaults instead of claiming complete restoration (0.254208ms)
✔ explicit contradictory market and unsupported instruments are not silently rewritten (0.337541ms)
✔ invalid present fields are errors, not fallback defaults (0.893708ms)
✔ saved links identify records only and cannot inject alternate execution context (0.451875ms)
✔ catalog-stage input cannot restore saved inputs or dispatch a task (8.009958ms)
✔ catalog-stage params cannot restore saved inputs or dispatch a task (3.154875ms)
✔ catalog-stage owner cannot restore saved inputs or dispatch a task (3.385208ms)
✔ catalog-stage failure cannot restore saved inputs or dispatch a task (1.83675ms)
✔ optimization context restores every execution field and malformed context blocks dispatch (1.932875ms)
✔ actual backtest view loads exact saved context without running, then saves the configuration used (1.716667ms)
✔ saving original radar warmup uses loaded input dates, not hidden form defaults (1.41775ms)
✔ late saved record cannot overwrite owner (1.848334ms)
✔ late saved record cannot overwrite route (1.795125ms)
✔ late saved record cannot overwrite input (1.332583ms)
✔ late saved record cannot overwrite unmount (1.098375ms)
✔ invalid saved context blocks run, while legacy missing fields disclose fallback (3.796ms)
✔ every execution input invalidates the old result before it can be saved (13.493625ms)
✔ editing a cost while bars are pending never runs the new form on the old request (1.452791ms)
✔ save completion after owner cannot write into a different page or account (1.077042ms)
✔ save completion after route cannot write into a different page or account (1.029083ms)
✔ save completion after unmount cannot write into a different page or account (0.966167ms)
✔ audit description translates permissions and never renders arbitrary detail fields (0.524625ms)
✔ audit time is explicitly Shanghai time and invalid data remains readable (25.901208ms)
✔ audit API preserves bounded pagination/filter state and authenticated credentials (16.838542ms)
✔ distinguishes no candidate, failed current audit, and actual invalidation without promoting legacy state (0.525709ms)
✔ filters independent families and directions without merging special and local dual-line evidence (4.771042ms)
✔ searches lifecycle dates and failure reasons with all terms required, retaining original source objects (0.196667ms)
✔ searches diagnostic rejection history without silently reviving historical candidates (0.411ms)
✔ all excludes bc false, preserves input order and records, and does not infer missing direction (0.136333ms)
✔ legacy diagnostic family is standard, and empty diagnostics do not invent rejection records (0.103208ms)
✔ structural points retain their own confirmation and evidence, never deriving them from a MACD source (0.28725ms)
✔ M1 uses exact existing gates and remains a separate view of its original standard event (0.204958ms)
✔ combined date query finds independent point, prompt and event records without deduplication or additive counts (0.115959ms)
✔ chart date matches structured lifecycle timestamps, not coincidental prose dates (0.235084ms)
✔ minute evidence uses exact exchange-local minute, accepting T/space and refusing missing time (0.093875ms)
✔ chart date includes diagnostic ABC and rejection coverage without inventing open or reversed intervals (0.205709ms)
✔ date scope combines with all filters for structural points and original M1 sources (0.095958ms)
✔ new standard evidence explains price, old blocker and independent special lifecycle (1.054291ms)
✔ new gates include counts, boundary and dates without undefined placeholder (0.2055ms)
✔ legacy comparisons retain old detected confirmed and invalidated dates (0.137625ms)
✔ initial schema and refreshed catalog preserve supplied parameters; strategy change alone resets (4.389292ms)
✔ late catalog defaults are suspended until route validation and then fill only missing fields (0.692709ms)
✔ structure dates remove midnight noise without changing intraday precision (0.708291ms)
✔ centre evidence distinguishes fixed core, outer range and candidate expansion (0.590875ms)
✔ segment evidence includes source prices and reverse proof with one-based labels (0.1615ms)
✔ missing legacy evidence does not invent confirmation (0.098959ms)
✔ special inclusion explains boundary exception without labelling it an ordinary fractal (0.067125ms)
✔ centre relation history distinguishes current candidate from original separation (0.09675ms)
✔ confirmation replay translates raw indices without date matching (0.069959ms)
✔ unknown, invalid or out-of-snapshot confirmations have no replay target (0.080166ms)
✔ connection badge validates shared time, price and alternating direction (0.116708ms)
✔ reverse preview uses observed extreme, not last close or a future target (1.093791ms)
✔ mirrored lows produce an upward reference (0.104709ms)
✔ no invented reference for missing, ambiguous, extending, or invalid inputs (0.120334ms)
✔ replay prefix cannot use a later extreme; ties retain first occurrence (0.098166ms)
✔ ongoing consolidation differs by color, line pattern, and fill (0.107708ms)
✔ actual component captures every selected period and failure; automatic work stays system-origin (16.184458ms)
✔ all collection failures are exportable reports, never empty success or recomputable invented bars (1.927416ms)
✔ missing response rows are retained as explicit errors; unexpected rows or cutoff cannot enter a saved result (5.875709ms)
✔ late study response cannot be saved after account (0.927875ms)
✔ late study response cannot be saved after input (0.872125ms)
✔ late study response cannot be saved after unmount (0.799375ms)
✔ invalid collection coverage cannot silently omit a period during import (1.522084ms)
✔ actual study freezes independent radar lineage, preserves it through import and recompute, and refuses foreign source (2.944666ms)
✔ task stores detached actual inputs, user submission and system polling (1.685375ms)
✔ invalidated submit resolve cannot revive result/error/spinner (1.820833ms)
✔ invalidated submit reject cannot revive result/error/spinner (0.850958ms)
✔ invalidated poll resolve cannot revive result/error/spinner (1.353375ms)
✔ invalidated poll reject cannot revive result/error/spinner (0.367459ms)
✔ earlier request completion cannot stop a newer task or replace its context (0.890084ms)
✔ owner change stops polling and cannot attribute prior account result to the new account (0.525292ms)
✔ failed remains failure, never successful completion (0.182208ms)
✔ cancelled remains failure, never successful completion (0.081625ms)
✔ timed_out remains failure, never successful completion (0.090417ms)
✔ cancelling is not completed; wrong ID, malformed result and unknown status fail closed (21.253417ms)
✔ deadline aborts polling and explicitly says the server may still be running (31.943375ms)
✔ task API sends captured owner and abort signal; old callers remain compatible (21.293042ms)
✔ task list rejects malformed responses instead of replacing records with undefined (26.054917ms)
✔ cancelling is not terminal and elapsed values remain readable (0.141417ms)
✔ runBacktestWithPolling waits through cancelling and returns cancelled (2.147417ms)
✔ runBacktestWithPolling waits through cancelling and returns timed_out (5.009833ms)
✔ runSignalScanWithPolling waits through cancelling and returns cancelled (2.107584ms)
✔ runSignalScanWithPolling waits through cancelling and returns timed_out (2.083584ms)
✔ cancel API uses POST, and partial cancelled scan results are never accepted (0.786375ms)
✔ persistent recovery and version mismatch are distinct from completion (0.32225ms)
✔ terminal task deletion handles empty 204 and encodes identity (0.173208ms)
✔ checkpoint presence is not confused with verified reuse or task completion (0.312875ms)
✔ cached completed submission is retrieved rather than shown as running (0.19575ms)
✔ network failures are localized across WebKit, Chromium and Firefox (0.166875ms)
✔ tracking identity separates asset types, exchanges and board catalogues (0.785042ms)
✔ cloud book validates without silently dropping corrupt groups or duplicate entries (0.646ms)
✔ expansion preserves every member and all board/direct sources, not a 200-row display page (2.484875ms)
✔ membership failure is explicit and malformed partial membership is never accepted (0.375291ms)
✔ batch runs sequentially, keeps partial errors and continues after a failed target (8.055792ms)
✔ cancellation marks in-flight and unstarted rows, ignoring a late success (0.222041ms)
✔ group breadth counts only available periods, never treats failed targets as neutral evidence (0.215333ms)
✔ exact current revision accepts only its own evidence without mutation (1.058208ms)
✔ old partition, stale version, future evidence and false completion are rejected (0.283125ms)
✔ historical audit cannot import a later opposite segment (0.083083ms)
✔ empty partitions and higher-proof priority retain explicit blockers (0.075041ms)
✔ new blockers use Chinese labels without calling prerequisites completion (0.136209ms)
✔ missing comparison interval is explained in Chinese without inventing a date (0.590333ms)
✔ special diagnostics identify each A indicator witness rather than the price witness (0.164958ms)
✔ nonstandard DEA axis gate remains explicit without an improvement requirement (0.137333ms)
✔ DEA tolerance discloses research threshold, precise deviation and near-zero fallback (1.199333ms)
✔ wave evidence separates effective A from original wave and local pivots (0.328791ms)
✔ rounded equal line extrema disclose the precise failed values and witness times (0.166542ms)
✔ comparisons are explicitly research only and preserve B/C axis checks (0.153ms)
✔ unformed candidate shows Chinese gates, two-decimal values and rejection dates (0.110833ms)
✔ new nonstandard audit explicitly uses full A and first-formed reverse evidence explains gaps (0.114875ms)
ℹ tests 494
ℹ suites 0
ℹ pass 494
ℹ fail 0
ℹ cancelled 0
ℹ skipped 0
ℹ todo 0
ℹ duration_ms 2677.344834
→ 打包中…
→ 运行测试…
京东方评级: D 分数: 34.3
维度明细: 卡玛比率=22.7, 最大回撤=27.5, 胜率=33.5, 利润因子=34.1, 夏普比率=41.5, 波动率=50.1
否决: 利润因子 1.11 接近 1，仅勉强盈亏平衡
长线优质策略评级: B 分数: 64.5
维度权重: 卡玛比率=28%, 最大回撤=26%, 胜率=0%, 利润因子=0%, 夏普比率=23%, 波动率=23%
优质案例评级: A 分数: 83.9
寻优点评级: A 74
组合重算指标: { '年化': '20.83%', '回撤': '0.80%', '夏普': '5.27', '卡玛': '26.03' }
稳定上涨组合评级: S 91.8
波动组合重算: { '回撤': '44.15%', '夏普': '-2.64', '持续': 60 }
波动组合评级: D 18.5
✔ 新版组合评级使用后端采样，不按图表柱数重新日线年化 (1.283417ms)
✔ 必要风险指标缺失不能展示为零风险或正常评级 (0.204792ms)
✔ 无穷比率不等于满分，真实零利润因子仍按亏损判断 (0.1225ms)
✔ 京东方回测必须评为 D 档（用户核心诉求验证点） (0.647583ms)
✔ 京东方评分应在 30-43 区间（C 与 D 的边界） (0.13275ms)
✔ 低利润因子触发系统亏损否决 (0.083625ms)
✔ 样本不足（< 10 笔交易）降权但不否决整个评级 (0.159792ms)
✔ 用户实测场景：6年6笔交易 + 高夏普 → 应得 A/B（核心回归测试） (0.149083ms)
✔ 深回撤 > 60% 触发直接 D 否决 (0.116958ms)
✔ 优质回测应得 A 或 S 档 (0.147625ms)
✔ 高回撤但收益高 → 最高 B（一票否决 cap） (0.078792ms)
✔ 插值函数：边界值取端点分数 (0.075541ms)
✔ 插值函数：中间值线性插值 (0.051417ms)
✔ 寻优评级：4 维度降级版 (0.088125ms)
✔ 寻优评级：网格点交易太少 → 降权但评级照常 (0.07175ms)
✔ 组合评级：稳定上涨净值应得 A 或 S (1.602708ms)
✔ 组合评级：高波动深回撤净值 → 低档 (0.509583ms)
✔ combinedMetrics：单点净值返回全 0（兜底） (0.051833ms)
✔ 历史组合仅保留原值，不从曲线推断日线或重算评级 (0.46525ms)
✔ v1-v4、未知版本及不完整依据不伪装为新版结果 (0.531958ms)
✔ 新版结果使用已记录指标，真实 999 和零不被当作历史哨兵 (0.072625ms)
✔ 指标状态缺失或与数值冲突不能产出评级，包括被降权维度 (0.09925ms)
✔ 低交易样本的真实不可用逐笔指标仍可降权，不误拦截可用净值评级 (0.076708ms)
✔ 寻优逐行核验新版采样与候选状态，输入范围不替代候选证据 (0.101625ms)
✔ 完整快照保留精度、真实 0/999、全部指标及版本且不关联可变输入 (0.645166ms)
✔ 策略保存接受真实 Vue 响应式结果，不因 Proxy 无法 structuredClone 而失败 (0.558333ms)
✔ 再次保存历史指标不补造新版计算或评级依据 (0.10725ms)
✔ 对比展示原值并指出版本、周期、范围与利率差异，不自动重算 (0.248083ms)
ℹ tests 28
ℹ suites 0
ℹ pass 28
ℹ fail 0
ℹ cancelled 0
ℹ skipped 0
ℹ todo 0
ℹ duration_ms 91.23325
