
> web-ui@0.0.0 build
> vue-tsc -b && vite build

vite v8.1.3 building client environment for production...
[2Ktransforming...✓ 990 modules transformed.
rendering chunks...
computing gzip size...
dist/index.html                                      0.65 kB │ gzip:   0.44 kB
dist/assets/KlineChart-CB8YVHs-.css                  0.28 kB │ gzip:   0.19 kB
dist/assets/AdjustPicker-D00KpYkY.css                0.38 kB │ gzip:   0.20 kB
dist/assets/ChanlunTargetPicker-D-d8ErAX.css         0.42 kB │ gzip:   0.22 kB
dist/assets/StockQueryField-DZM9BaFv.css             0.51 kB │ gzip:   0.31 kB
dist/assets/SymbolPicker-DLb5uyL6.css                0.56 kB │ gzip:   0.30 kB
dist/assets/PortfolioSummaryTable-Mpax1D9i.css       0.62 kB │ gzip:   0.27 kB
dist/assets/MetricStateNotes-Ds5ln-hd.css            0.65 kB │ gzip:   0.32 kB
dist/assets/MetricTable-C8YU7S37.css                 0.67 kB │ gzip:   0.31 kB
dist/assets/StocksPicker-DtZSuV36.css                0.87 kB │ gzip:   0.36 kB
dist/assets/PerformanceContextNote-B1O3ZqFf.css      1.09 kB │ gzip:   0.51 kB
dist/assets/RadarReviewContext-CPdL_EKk.css          1.22 kB │ gzip:   0.46 kB
dist/assets/DataGrid-CaL60_Lc.css                    1.51 kB │ gzip:   0.63 kB
dist/assets/DataProvenance-rwYj3IKj.css              1.71 kB │ gzip:   0.60 kB
dist/assets/NumberStepper-8K7Mvx4I.css               1.78 kB │ gzip:   0.66 kB
dist/assets/StrategyPicker-DUptAOq2.css              1.95 kB │ gzip:   0.65 kB
dist/assets/CompareView-BlFR-tV5.css                 2.53 kB │ gzip:   0.75 kB
dist/assets/MultiPeriodOverviewTable-BvTcnRGq.css    2.53 kB │ gzip:   0.87 kB
dist/assets/MarketCenterView-CFKfqN20.css            2.71 kB │ gzip:   0.86 kB
dist/assets/ServerSettingsView-Dr8cBAAI.css          2.99 kB │ gzip:   0.85 kB
dist/assets/ChartFrame-DpbssJ_h.css                  3.16 kB │ gzip:   0.82 kB
dist/assets/BoardResearchView-D1m12FMA.css           3.19 kB │ gzip:   0.96 kB
dist/assets/ExtendedMarketView-DmyMqztu.css          3.27 kB │ gzip:   0.97 kB
dist/assets/IntradayResearchView-Dozupkkc.css        3.44 kB │ gzip:   1.06 kB
dist/assets/PortfolioView-nmEIKVib.css               3.56 kB │ gzip:   0.89 kB
dist/assets/MacSelect-8VETZDy2.css                   3.64 kB │ gzip:   1.12 kB
dist/assets/AdminDataCenterView-CxKBhypf.css         4.03 kB │ gzip:   1.09 kB
dist/assets/StockHistoryMenu-BZAt5rDk.css            4.53 kB │ gzip:   1.28 kB
dist/assets/backtest-VGZlEwbn.css                    4.77 kB │ gzip:   1.33 kB
dist/assets/BacktestView-BgPmLX3a.css                5.55 kB │ gzip:   1.44 kB
dist/assets/OptimizeView-BXwBa1qG.css                6.61 kB │ gzip:   1.78 kB
dist/assets/TrackingView-DE8HSi9j.css                7.25 kB │ gzip:   1.73 kB
dist/assets/LoginView-C6otUSAi.css                   7.39 kB │ gzip:   2.13 kB
dist/assets/AccountView-DFlKvEz4.css                 7.47 kB │ gzip:   1.75 kB
dist/assets/TechnicalIndicatorPicker-DK8CWXik.css    8.24 kB │ gzip:   2.02 kB
dist/assets/StrategiesView-Brd0IHJR.css             10.63 kB │ gzip:   2.30 kB
dist/assets/CloudResearchArchives-CrOTL1K_.css      12.66 kB │ gzip:   2.88 kB
dist/assets/SignalRadarView-EzyoOOkl.css            12.89 kB │ gzip:   2.91 kB
dist/assets/AdminAccountsView-BSr7g-GH.css          13.81 kB │ gzip:   3.06 kB
dist/assets/QuantResearchView-B1Z5DIrl.css          18.13 kB │ gzip:   3.64 kB
dist/assets/CompanyResearchView-BVn318qQ.css        22.45 kB │ gzip:   4.10 kB
dist/assets/index-BVSB2M49.css                      28.67 kB │ gzip:   6.64 kB
dist/assets/ChanlunView-CpW9FRJm.css               117.43 kB │ gzip:  18.50 kB
dist/assets/format-BbMv5Yas.js                       0.08 kB │ gzip:   0.10 kB
dist/assets/mobile-settings-BirNWhr7.js              0.18 kB │ gzip:   0.17 kB
dist/assets/market-0_OJ8xZw.js                       0.24 kB │ gzip:   0.20 kB
dist/assets/chart-resize-KMv_bWjq.js                 0.33 kB │ gzip:   0.22 kB
dist/assets/market-preferences-CYagQlGS.js           0.65 kB │ gzip:   0.48 kB
dist/assets/AdjustPicker-BP_2bQ2N.js                 0.78 kB │ gzip:   0.56 kB
dist/assets/bar-time-CQCKboTN.js                     0.90 kB │ gzip:   0.48 kB
dist/assets/StockQueryField-BJJ58gys.js              1.06 kB │ gzip:   0.67 kB
dist/assets/period-comparison-BOYUmVhF.js            1.15 kB │ gzip:   0.70 kB
dist/assets/StocksPicker-BZ6ngnJt.js                 1.69 kB │ gzip:   1.01 kB
dist/assets/PerformanceContextNote-DKFM40P1.js       1.77 kB │ gzip:   1.06 kB
dist/assets/RadarReviewContext-BPPc-e7R.js           1.99 kB │ gzip:   1.19 kB
dist/assets/NumberStepper-BZkf7Naz.js                2.51 kB │ gzip:   1.20 kB
dist/assets/MetricTable-nMq97BDL.js                  2.80 kB │ gzip:   1.15 kB
dist/assets/PortfolioSummaryTable-CrPKKMJh.js        2.92 kB │ gzip:   1.55 kB
dist/assets/DataProvenance-CLLIo9ls.js               3.31 kB │ gzip:   1.45 kB
dist/assets/DataGrid-CxQA-HPH.js                     3.44 kB │ gzip:   1.92 kB
dist/assets/AdminDataCenterView-s4U0C_do.js          3.73 kB │ gzip:   1.92 kB
dist/assets/ServerSettingsView-S37ceJLs.js           4.00 kB │ gzip:   1.97 kB
dist/assets/SymbolPicker-DOhgD6No.js                 4.20 kB │ gzip:   2.09 kB
dist/assets/MetricStateNotes-DJTDEkdM.js             4.58 kB │ gzip:   2.43 kB
dist/assets/radar-review-BIkZis93.js                 5.12 kB │ gzip:   2.36 kB
dist/assets/MacSelect-CFm0LUaZ.js                    5.27 kB │ gzip:   2.20 kB
dist/assets/LoginView-BZcU6t5M.js                    5.39 kB │ gzip:   2.50 kB
dist/assets/ExtendedMarketView-D25zFaiC.js           5.68 kB │ gzip:   2.64 kB
dist/assets/MultiPeriodOverviewTable-Bq7RvOYH.js     5.76 kB │ gzip:   3.09 kB
dist/assets/StrategyPicker-BW72vSiF.js               5.96 kB │ gzip:   2.70 kB
dist/assets/MarketCenterView-sB2_dHx1.js             6.08 kB │ gzip:   2.60 kB
dist/assets/KlineChart-Da7xS-5z.js                   6.14 kB │ gzip:   2.78 kB
dist/assets/StockHistoryMenu-CfsX5Dvf.js             6.17 kB │ gzip:   2.85 kB
dist/assets/CompareView-BJjVZRby.js                  6.31 kB │ gzip:   2.92 kB
dist/assets/BoardResearchView-hKJWN0oS.js            7.94 kB │ gzip:   3.37 kB
dist/assets/ChanlunTargetPicker-zYAFkI9g.js          8.62 kB │ gzip:   3.79 kB
dist/assets/AccountView-PtLjJw2r.js                  9.09 kB │ gzip:   3.93 kB
dist/assets/IntradayResearchView-D4y_uPSj.js         9.36 kB │ gzip:   4.31 kB
dist/assets/PortfolioView-CHu8deIp.js                9.86 kB │ gzip:   4.01 kB
dist/assets/SignalRadarView-CRMvQ9iK.js             10.39 kB │ gzip:   4.57 kB
dist/assets/BacktestView-BDIcC7Bq.js                13.39 kB │ gzip:   5.89 kB
dist/assets/TechnicalIndicatorPicker-CC5Nnvt8.js    14.73 kB │ gzip:   6.61 kB
dist/assets/backtest-BjuKj542.js                    18.26 kB │ gzip:   6.68 kB
dist/assets/TrackingView-BNAYWUAS.js                18.70 kB │ gzip:   7.64 kB
dist/assets/AdminAccountsView-CrW37qre.js           20.42 kB │ gzip:   8.00 kB
dist/assets/StrategiesView-Bwh1tJUP.js              22.04 kB │ gzip:   8.37 kB
dist/assets/OptimizeView-CcDGU_lS.js                26.91 kB │ gzip:  10.75 kB
dist/assets/QuantResearchView-D014oPyD.js           31.81 kB │ gzip:  12.22 kB
dist/assets/CompanyResearchView-C--FeFdu.js         99.06 kB │ gzip:  33.67 kB
dist/assets/CloudResearchArchives-CpkXvRn0.js      110.62 kB │ gzip:  39.25 kB
dist/assets/index-C5ahqZTo.js                      147.37 kB │ gzip:  56.32 kB
dist/assets/ChanlunView-d9yT_U4g.js                228.00 kB │ gzip:  69.67 kB
dist/assets/ChartFrame-Bv0EcP-p.js                 682.14 kB │ gzip: 227.98 kB

[plugin builtin:vite-reporter] 
(!) Some chunks are larger than 500 kB after minification. Consider:
- Using dynamic import() to code-split the application
- Use build.rolldownOptions.output.codeSplitting to improve chunking: https://rolldown.rs/reference/OutputOptions.codeSplitting
- Adjust chunk size limit for this warning via build.chunkSizeWarningLimit.
✓ built in 702ms
