
> web-ui@0.0.0 test
> node scripts/run-tests.mjs

✔ tracking is restricted to active administrators and explicitly authorized users (0.940917ms)
✔ presence requires visible focused recent interaction and never negative elapsed time (0.424042ms)
✔ admin query descriptions label metadata and disclose truncated targets (0.325334ms)
✔ all current chart inspector evidence stays readable without altering original nested data (4.869917ms)
✔ reject malformed fields reachable from overlays, popovers and every inspector section with exact paths (6.864458ms)
✔ optional old fields and empty failure checkpoints remain readable, no missing-state invention (0.1185ms)
✔ archive calendar validation rejects normalized impossible dates and illegal clock/offset values (2.903375ms)
✔ bar validation compares actual instants, retains raw strings, rejects equal instants and malformed volume (0.42075ms)
✔ existing frozen matrix bar sources remain readable without mutation (27.025084ms)
✔ legacy local migration keeps original payload, precision, versions and unknown fields without upgrading (4.135584ms)
✔ cloud exports use latest metadata but retain the original immutable payload, not old cloud ID/revision (1.370542ms)
✔ study import preserves successful and failed periods plus original warmup and primary metadata (1.5035ms)
✔ unknown, incomplete, oversized and nonfinite backups are rejected, never uploaded as summaries (264.615083ms)
✔ original valid study rows retain precision, unknown fields, true zero and no recomputation (2.945833ms)
✔ invalid nested fields become explicit per-period errors, not silently missing rows (2.444917ms)
✔ strict pen fields reject coercion and preserve historical source errors without reading their invalid nested fields (0.449167ms)
✔ duplicates are not cherry-picked and malformed or future rows remain in original-record entries (0.141125ms)
✔ trade lookup keeps the exact minute across separators, precision and days (2.360833ms)
✔ date-only values cannot choose the midnight bar of an ambiguous day (0.093834ms)
✔ daily and duplicate exact timestamps keep first positional matches (0.078458ms)
✔ nanoseconds and timezone text are not truncated into a false match (0.085375ms)
✔ date labels preserve useful precision without local timezone conversion (0.103917ms)
✔ higher sources resolve actual records and separate original from current review time (2.039958ms)
✔ base sources and foreign witness rejection have distinct Chinese descriptions (0.14675ms)
✔ inconsistent candidate has no replay evidence: unknown reason (0.097375ms)
✔ inconsistent candidate has no replay evidence: prototype key (0.070167ms)
✔ inconsistent candidate has no replay evidence: future version (0.066583ms)
✔ inconsistent candidate has no replay evidence: future completion (0.058666ms)
✔ inconsistent candidate has no replay evidence: missing time (0.053917ms)
✔ inconsistent candidate has no replay evidence: empty source (0.710791ms)
✔ inconsistent candidate has no replay evidence: duplicate source (0.210083ms)
✔ inconsistent candidate has no replay evidence: unknown source (0.541667ms)
✔ inconsistent candidate has no replay evidence: mixed levels (0.168625ms)
✔ inconsistent candidate has no replay evidence: future child (0.131083ms)
✔ inconsistent candidate has no replay evidence: wrong child level (0.117666ms)
✔ inconsistent candidate has no replay evidence: duplicate record (0.098709ms)
✔ inconsistent candidate has no replay evidence: empty record range (0.115625ms)
✔ inconsistent candidate has no replay evidence: gap (0.114625ms)
✔ inconsistent candidate has no replay evidence: wrong parent range (0.096334ms)
✔ inconsistent candidate has no replay evidence: reversed sources (0.095583ms)
✔ inconsistent candidate has no replay evidence: unsafe base number (0.103416ms)
✔ 80 percent transparency is 20 percent alpha, for both candle directions (2.070458ms)
✔ transparency stays finite, integer, and bounded (0.216833ms)
✔ body is symmetric around the unchanged wick across widths and fractional positions (1.787792ms)
✔ horizontal candles preserve every price coordinate (0.143292ms)
✔ missing or non-finite candle layouts are left untouched (0.132083ms)
✔ native ECharts layout remains centred after resize, zoom and data replacement (222.971375ms)
✔ zooming out of large-data line mode restores centred candle bodies (87.92825ms)
✔ structure widths retain existing defaults and hover appearance (1.399084ms)
✔ manual values stay finite, bounded, and at two decimal places (0.291ms)
✔ raw index overrides rounded dates, including zero (0.460625ms)
✔ legacy intraday dates never fall back to the first bar of the day (0.102ms)
✔ duplicate formatted times fail safely without a raw index (0.070542ms)
✔ padding keeps the 23px marker plus radius inside the price pane (0.15375ms)
✔ flat, zero and negative ranges get finite padding; invalid extents do not (0.078375ms)
✔ single-bar time link is a thin line limited to each actual plot (2.834458ms)
✔ multi-bar time link has no border and clips to plot, never clamps offscreen data to an edge (0.122208ms)
✔ time links map daily coverage to all minute bars, not a matching ordinal (0.17175ms)
✔ weekly and monthly end-labelled bars cover earlier constituent dates without changing data (2.087917ms)
✔ nearest marker wins regardless of signal family, only co-located points share chooser (0.205ms)
✔ immutable request cache deduplicates pending work, isolates payload keys and retries errors (0.298958ms)
✔ all six structural types keep extrema and confirmation separate with original evidence (0.691833ms)
✔ legacy records do not invent confirmation or structural sources (0.121541ms)
✔ M1 keeps independent MACD source and original direction, never a structural type (0.438417ms)
✔ all chart layers override independent animation and progressive rendering (2.091834ms)
✔ archive tooltip labels and evidence remain text, not active HTML (1.266333ms)
✔ rejects invalid saved zooms (0.767833ms)
✔ same-snapshot redraw keeps current manually chosen view (0.1005ms)
✔ focus redraw keeps manual zoom; clearing restores pre-focus view (0.076792ms)
✔ switching focus preserves the original return view (0.07875ms)
✔ new snapshot resets saved focus view and never revives old zoom (0.067041ms)
✔ default inactive; moving does not show cards and leaving does not deactivate (2.265334ms)
✔ object previews can read date-card activation without activating it (3.441542ms)
✔ click selects a point; outside click closes; inside click is not dismissed (0.161333ms)
✔ activated cards follow movement until outside dismissal, then require another click (1.421583ms)
✔ zoom clears stale coordinates but preserves activation (0.107667ms)
✔ data reset and Escape deactivate; teardown removes all handlers (0.16075ms)
✔ archive requests bind current owner and bypass browser cache (24.214125ms)
✔ cloud directory validates all rows, quotas and identities without dropping broken entries (8.632708ms)
✔ original detail requires an object payload but action receipts may omit it (0.342916ms)
✔ account change discards delayed success and delayed errors (0.206416ms)
✔ unauthenticated archive requests do not reach server; structured conflicts remain actionable (0.176417ms)
✔ upload retries retain immutable captured body and all numerical precision (0.155792ms)
✔ directed centre chain is candidate evidence, not completion (1.0165ms)
✔ touching, opposing, future, overlapping or malformed chains fail closed (0.280125ms)
✔ single-centre and legacy components remain readable (0.068209ms)
✔ inside, border, reversed y and overlapping rectangles resolve newest first (0.858791ms)
✔ invalid or missing render coordinates cannot create hits (0.083167ms)
✔ popup stays within narrow viewport and near-edge right click (0.084958ms)
✔ roles are Chinese and unknown roles never claim completion (1.069917ms)
✔ source ranges keep one-based indices without disguising gaps (0.232708ms)
✔ coverage checks counts, repeats and missing IDs (0.426292ms)
✔ missing, empty and rejected suffix are explicit (0.189292ms)
✔ invalid counts and empty blocks cannot pass the coverage audit (0.168208ms)
✔ uses raw indices, allows shared endpoints and bounds zoom padding (0.881958ms)
✔ does not invent a B interval or infer indices from formatted dates (0.085708ms)
✔ rejects partial, reversed, overlapping and out-of-snapshot evidence (0.118417ms)
✔ allows inspection of historical failed evidence without reviving it (0.103875ms)
✔ local proof draws frozen exact endpoints only after its actual confirmation (0.159958ms)
✔ dual-line divergence uses two exact raw indices, never artificial ABC ranges (0.088666ms)
✔ dual-line focus rejects missing, duplicate, reversed and out-of-range points (0.083167ms)
✔ special wave focus uses AB and its extreme without inventing C (0.083083ms)
✔ direction, family and lifecycle have independent marker styles (0.62625ms)
✔ no-C dual-line remains a circle and fills only on first reverse-pen confirmation (1.398833ms)
✔ M1 is restricted to confirmed waves with a later actual confirmation (0.155333ms)
✔ four families retain independent records and nonstandard uses a triangle (0.185959ms)
✔ October 4 marker matrix uses shape for family and colour only for direction (0.12125ms)
✔ special AB evidence separates A line extrema from both price anchors and legacy pivots (0.129792ms)
✔ history is opt-in, inactive stays grey hollow, never creates M1 (0.115083ms)
✔ every historical shape uses a continuous hollow contour, including on hover (0.113916ms)
✔ new nonstandard evidence relaxes prices only and records each subtype (0.102667ms)
✔ new dual rule cannot fill without recorded later local confirmation (0.10075ms)
✔ historical engineering match retains original timing without claiming regrouping completion (6.469917ms)
✔ future, stale, mismatched or incomplete evidence fails closed (1.333333ms)
✔ older snapshots and unmatched parts keep existing natural audit available (0.067125ms)
✔ engineering provenance uses the same one-based numbering as other inspectors (0.507333ms)
✔ mixed recursion distinguishes consolidation and trend from the old trend view (0.136792ms)
✔ unknown or reversed provenance is not presented as a completed trend (0.074042ms)
✔ indicator and price values use two decimals without inventing missing evidence (0.080041ms)
✔ recursive centre relations never call extension candidates completed types (0.09875ms)
✔ admissions distinguish unit confirmation from later failed-return admission (0.066083ms)
✔ display fields retain all text including dates, provenance, and secondary colons (1.085916ms)
✔ narrative, missing evidence, and timestamp headings remain whole (0.120959ms)
✔ selects the exact source without replacing missing comparison periods with the primary (0.829875ms)
✔ prefix audit preserves original warmup snapshot and its own instrument and period (0.474042ms)
✔ rejects invalid positions, missing identity and explicitly unclosed prefix data (0.201167ms)
✔ all candidate states distinguish eligibility from completed natural types (0.510458ms)
✔ opposite geometry identifies reused next-part evidence, including nonzero source IDs (3.387209ms)
✔ external opposite geometry is not added to candidate membership (2.347917ms)
✔ missing, stale, misattributed or future opposite geometry is not displayed as matched (2.277333ms)
✔ preferred endpoints are never called completed types; conflicts are retained (0.131166ms)
✔ opposite base turn is not same-level completion (0.107917ms)
✔ price formatting preserves zero and boundary contact, guards non-finite values (0.120459ms)
✔ candidate audit joins by identity, not response order (0.087584ms)
✔ part audit must match ordinal AND exact raw source IDs, including shifted IDs (0.149959ms)
✔ locates the three raw ranges without relabelling them as MACD or confirmed centres (2.662916ms)
✔ candidate must already be observable at the CURRENT replay prefix (0.175834ms)
✔ no incomplete, waiting or unsupported candidate is given a fabricated range (0.097167ms)
✔ raw bar boundaries must be contiguous and inside the visible window (0.129084ms)
✔ source partitions must cover every original segment once, preserving nonzero IDs (0.110166ms)
✔ conflicting geometric fallback remains viewable for manual audit (0.068209ms)
✔ clearing a regrouping focus restores original zoom; a new replay snapshot does not (0.648416ms)
✔ membership labels distinguish source confirmation from later admission (0.469125ms)
✔ admission witness distinguishes confirmation dependency from geometric membership (0.0855ms)
✔ old or malformed evidence never invents an admission witness (0.074666ms)
✔ factor glossary accepts standard abbreviations with spaces or underscores (0.499667ms)
✔ factor missing values never become valid zero (2.090083ms)
✔ factor ranking is stable, non-mutating and missing-last in both directions (43.281708ms)
✔ menus stay inside phone, keyboard and landscape viewports (1.434583ms)
✔ near-bottom controls open upwards without changing ordinary desktop width (0.136041ms)
✔ freeze all supported indicator outputs, warmup holes, volume averages and exact numerical precision (17.572458ms)
✔ frozen playback keeps captured values despite different current prices and never queries APIs (0.578625ms)
✔ malformed or mismatched frozen values fail closed, never fall back to recomputation (0.61125ms)
✔ marker hit uses signed stacking offset for both directions, not candle position (0.41925ms)
✔ symbol size and invalid render positions are handled safely (0.078375ms)
✔ aborted late response cannot publish metadata even if transport ignores abort (26.120708ms)
✔ missing provenance or silently changed adjustment never reaches research (0.208583ms)
✔ reported gaps do not falsely label suspension or prevent inspecting valid candles (0.469708ms)
✔ history fetch consumes one verified range and publishes complete metadata only after validation (0.608917ms)
✔ unclosed response never updates provenance or reaches the backtest (0.260667ms)
✔ null, true zero, infinities and real 999 are distinct after JSON roundtrip (0.465375ms)
✔ single, saved and comparison results retain authoritative metric basis (0.508041ms)
✔ whole proof validated without mutation, and cross-role ownership remains visible (5.997833ms)
✔ stale, future, duplicated, incomplete, falsely completed and mismatched sources rejected (1.550875ms)
✔ base runs cannot masquerade as proofs or own multiple provisional regions (0.08775ms)
✔ blocked covers show full conflicts, never fabricated flattened blocks (0.099167ms)
✔ labels retain provisional scope (0.070125ms)
✔ all seven MA presets are available but only MA5 and MA10 start visible (0.765125ms)
✔ each chart session gets independent editable settings without changing presets (0.073ms)
✔ MA presets retain the requested yellow, white, purple, green, cyan, orange, red palette (0.067042ms)
✔ legend retains every MA choice and explicit hidden states override stale chart selection (0.092666ms)
✔ cross-boundary details resolve actual input and nested ownership records (2.725459ms)
✔ unowned reverse evidence stays explicitly unowned for boundary rejection (0.127667ms)
✔ foreign witness can be shown for an otherwise single-owner candidate (0.099916ms)
✔ legacy candidates do not invent missing conflict details (0.111209ms)
✔ damaged detail is not presented: mismatched candidate sources (0.088459ms)
✔ damaged detail is not presented: wrong layer (0.059458ms)
✔ damaged detail is not presented: unknown reverse input (2.480583ms)
✔ damaged detail is not presented: wrong reverse range (0.25075ms)
✔ damaged detail is not presented: reverse overlaps prices (0.198041ms)
✔ damaged detail is not presented: future reverse confirmation (0.471875ms)
✔ damaged detail is not presented: wrong reverse time (0.199083ms)
✔ damaged detail is not presented: incomplete domain list (0.165083ms)
✔ damaged detail is not presented: duplicate domains (0.113917ms)
✔ damaged detail is not presented: noncontinuous domain (0.099208ms)
✔ damaged detail is not presented: foreign domain misses witness (0.153125ms)
✔ damaged detail is not presented: false unowned witness (0.121375ms)
✔ damaged detail is not presented: missing nested record (0.127042ms)
✔ damaged detail is not presented: wrong reason (0.121583ms)
✔ only current owner revisions form the displayed ownership set (0.82375ms)
✔ internal provenance remains distinct and validates enclosing ownership (3.975542ms)
✔ parent-covered history is not labeled as an additional effective input (0.088125ms)
✔ nested provenance validates containment and strictly increasing input levels (0.178833ms)
✔ current owner labels are distinct from creation IDs and tolerate old snapshots (0.10325ms)
✔ summary mode lists every historical address, not just current versions (1.681541ms)
✔ full and missing legacy snapshots stay readable without inventing history (0.108958ms)
✔ all four analysis paths explicitly request summary delivery without changing input (0.368833ms)
✔ complete lifecycle stays chronological, does not mutate input, and uses Chinese labels (1.308625ms)
✔ legacy or future history is not invented (0.120167ms)
✔ dangling, reordered, duplicated, miscounted and conflicting histories fail closed (0.987ms)
✔ equal counts cannot hide swapped source identities (0.071417ms)
✔ intermediate event boundaries must equal actual inherited and added sources (0.065834ms)
✔ input evidence must exist at the correct level and be available at admission (0.209792ms)
✔ invalid domain sources, membership and parent context fail closed (0.156958ms)
✔ leftward growth, shifted sources and newly filled merge gaps remain valid (0.142292ms)
✔ both periods exclude future and open candles while retaining original warm-up start (0.593917ms)
✔ snapshot observation time caps cutoff; bar start before cutoff is not enough (0.079167ms)
✔ no timeframe fallback or fabricated candles when historical minute range is unavailable (0.06375ms)
✔ index and board snapshots retain NONE adjustment, mismatch is rejected (0.229ms)
✔ missing completion evidence, timezone timestamps and unordered bars fail explicitly (0.13975ms)
✔ week/month completion boundary comes from provider annotation, not day label (0.096375ms)
✔ matrix defaults to exactly the five requested periods in image order and six information columns (2.415292ms)
✔ does not turn current reversal observation into a confirmed opposite pen (0.165583ms)
✔ keeps true zero distinct from missing, and numerical display never overwrites original axis judgment (0.119042ms)
✔ keeps divergence family, extrema and actual confirmation separate; never drops records (29.214958ms)
✔ missing pen and divergence are bounded claims; quality limitations stay visible (0.167333ms)
✔ forming candles preserve OHLC and use dashed empty outlines (0.670166ms)
✔ forming volume and signed MACD columns preserve values and direction (0.108833ms)
✔ query defaults to system, manual intent is synchronous and explicit (9.57075ms)
✔ pending manual requests do not mark concurrent automatic work or async continuations (0.933333ms)
✔ API dispatch tags manual queries but excludes automatic name lookup and task polling (28.450917ms)
✔ radar review captures row adjustment, exact minute, strategy and original cutoff (0.94475ms)
✔ invalid or legacy reviews fail explicitly without guessing data or adjustment (1.00025ms)
✔ exchange-local dates validate without browser timezone conversion (0.117375ms)
✔ review excludes future and unclosed bars, resets derived fingerprint and reports actual range without mutating source (2.191333ms)
✔ radar cache is owner scoped and malformed/legacy records never enter the UI (0.458708ms)
✔ late messages, close and errors from an old socket cannot affect replacement (0.783291ms)
✔ invalid messages and control responses never become ticks; close reason retained (0.14875ms)
✔ matching versions are selected by case identity without mutation (0.937542ms)
✔ future snapshots, wrong rules, incomplete chains and duplicate cases are rejected (0.216208ms)
✔ labels never confuse endpoint consistency or higher-centre proof with completion (0.137375ms)
✔ v2 keeps the detached prefix and v1 remains readable (0.305459ms)
✔ v3 supports trend search while retaining the same ownership guards (0.110792ms)
✔ missing, duplicated, misattributed or silently completed prefix is rejected (0.319083ms)
✔ reincorporation is recorded explicitly instead of erasing detached history (1.240541ms)
✔ accepts bounded history and empty verified batches (0.508ms)
✔ rejects wrong batch, future indices, broken sources and contradictory state (0.218ms)
✔ research labels distinguish absence, release, retained and internal (0.074125ms)
✔ late old responses cannot own a newer research request (1.454458ms)
✔ submission fields are captured values, not mutable form references (0.48925ms)
✔ snapshot import keeps original data and normalizes optional display metadata (6.120667ms)
✔ reject invalid schema, periods, oversized arrays and impossible candle prices (7.115834ms)
✔ cloud archives retain larger frozen windows and all supported distinct periods (22.672708ms)
✔ import keeps valid frozen outputs and rejects mismatched frozen data instead of recomputing (1.162625ms)
✔ window is exchange local and bounded by the snapshot cutoff (1.174625ms)
✔ missing numbers and candidate status are never promoted (0.085ms)
✔ amber projection resolves daily and minute labels, ignores open candle (0.26825ms)
✔ three workspaces are keyboard traversable without dropping an existing mode (7.70025ms)
✔ mobile comparison shows exactly the selected snapshot; desktop shows both (0.149167ms)
✔ inactive research never starts automatic work, valid active research does (0.167792ms)
✔ audit description translates permissions and never renders arbitrary detail fields (0.809542ms)
✔ audit time is explicitly Shanghai time and invalid data remains readable (51.930042ms)
✔ audit API preserves bounded pagination/filter state and authenticated credentials (37.585208ms)
✔ distinguishes no candidate, failed current audit, and actual invalidation without promoting legacy state (2.333041ms)
✔ filters independent families and directions without merging special and local dual-line evidence (2.214417ms)
✔ searches lifecycle dates and failure reasons with all terms required, retaining original source objects (0.433625ms)
✔ searches diagnostic rejection history without silently reviving historical candidates (0.50475ms)
✔ all excludes bc false, preserves input order and records, and does not infer missing direction (0.155708ms)
✔ legacy diagnostic family is standard, and empty diagnostics do not invent rejection records (0.109875ms)
✔ structural points retain their own confirmation and evidence, never deriving them from a MACD source (0.305584ms)
✔ M1 uses exact existing gates and remains a separate view of its original standard event (0.217292ms)
✔ combined date query finds independent point, prompt and event records without deduplication or additive counts (0.116208ms)
✔ chart date matches structured lifecycle timestamps, not coincidental prose dates (0.238459ms)
✔ minute evidence uses exact exchange-local minute, accepting T/space and refusing missing time (0.092833ms)
✔ chart date includes diagnostic ABC and rejection coverage without inventing open or reversed intervals (0.200459ms)
✔ date scope combines with all filters for structural points and original M1 sources (0.09475ms)
✔ new standard evidence explains price, old blocker and independent special lifecycle (1.047541ms)
✔ new gates include counts, boundary and dates without undefined placeholder (0.245916ms)
✔ legacy comparisons retain old detected confirmed and invalidated dates (0.152875ms)
✔ structure dates remove midnight noise without changing intraday precision (1.799042ms)
✔ centre evidence distinguishes fixed core, outer range and candidate expansion (0.575ms)
✔ segment evidence includes source prices and reverse proof with one-based labels (0.154958ms)
✔ missing legacy evidence does not invent confirmation (0.098458ms)
✔ special inclusion explains boundary exception without labelling it an ordinary fractal (0.06325ms)
✔ centre relation history distinguishes current candidate from original separation (0.091ms)
✔ confirmation replay translates raw indices without date matching (0.068542ms)
✔ unknown, invalid or out-of-snapshot confirmations have no replay target (0.067667ms)
✔ connection badge validates shared time, price and alternating direction (0.101417ms)
✔ reverse preview uses observed extreme, not last close or a future target (0.950583ms)
✔ mirrored lows produce an upward reference (0.111917ms)
✔ no invented reference for missing, ambiguous, extending, or invalid inputs (0.1005ms)
✔ replay prefix cannot use a later extreme; ties retain first occurrence (0.093375ms)
✔ ongoing consolidation differs by color, line pattern, and fill (0.104375ms)
✔ task list rejects malformed responses instead of replacing records with undefined (52.154875ms)
✔ cancelling is not terminal and elapsed values remain readable (0.152125ms)
✔ runBacktestWithPolling waits through cancelling and returns cancelled (2.795125ms)
✔ runBacktestWithPolling waits through cancelling and returns timed_out (3.054208ms)
✔ runSignalScanWithPolling waits through cancelling and returns cancelled (1.823959ms)
✔ runSignalScanWithPolling waits through cancelling and returns timed_out (1.011ms)
✔ cancel API uses POST, and partial cancelled scan results are never accepted (0.23825ms)
✔ persistent recovery and version mismatch are distinct from completion (0.263667ms)
✔ terminal task deletion handles empty 204 and encodes identity (0.135792ms)
✔ checkpoint presence is not confused with verified reuse or task completion (0.300084ms)
✔ cached completed submission is retrieved rather than shown as running (0.14675ms)
✔ network failures are localized across WebKit, Chromium and Firefox (0.160042ms)
✔ tracking identity separates asset types, exchanges and board catalogues (0.74725ms)
✔ cloud book validates without silently dropping corrupt groups or duplicate entries (0.606958ms)
✔ expansion preserves every member and all board/direct sources, not a 200-row display page (1.98375ms)
✔ membership failure is explicit and malformed partial membership is never accepted (0.559542ms)
✔ batch runs sequentially, keeps partial errors and continues after a failed target (8.036958ms)
✔ cancellation marks in-flight and unstarted rows, ignoring a late success (0.161667ms)
✔ group breadth counts only available periods, never treats failed targets as neutral evidence (0.194459ms)
✔ exact current revision accepts only its own evidence without mutation (1.011417ms)
✔ old partition, stale version, future evidence and false completion are rejected (0.265167ms)
✔ historical audit cannot import a later opposite segment (0.083125ms)
✔ empty partitions and higher-proof priority retain explicit blockers (0.070042ms)
✔ new blockers use Chinese labels without calling prerequisites completion (0.129417ms)
✔ missing comparison interval is explained in Chinese without inventing a date (1.582667ms)
✔ special diagnostics identify each A indicator witness rather than the price witness (0.209375ms)
✔ nonstandard DEA axis gate remains explicit without an improvement requirement (0.149667ms)
✔ DEA tolerance discloses research threshold, precise deviation and near-zero fallback (0.829417ms)
✔ wave evidence separates effective A from original wave and local pivots (0.632834ms)
✔ rounded equal line extrema disclose the precise failed values and witness times (0.152875ms)
✔ comparisons are explicitly research only and preserve B/C axis checks (0.150708ms)
✔ unformed candidate shows Chinese gates, two-decimal values and rejection dates (0.104958ms)
✔ new nonstandard audit explicitly uses full A and first-formed reverse evidence explains gaps (0.124875ms)
ℹ tests 316
ℹ suites 0
ℹ pass 316
ℹ fail 0
ℹ cancelled 0
ℹ skipped 0
ℹ todo 0
ℹ duration_ms 1293.727
→ 打包中…
→ 运行测试…
京东方评级: D 分数: 34.3
维度明细: 卡玛比率=22.7, 最大回撤=27.5, 胜率=33.5, 利润因子=34.1, 夏普比率=41.5, 波动率=50.1
否决: 利润因子 1.11 接近 1，仅勉强盈亏平衡
长线优质策略评级: B 分数: 64.5
维度权重: 卡玛比率=28%, 最大回撤=26%, 胜率=0%, 利润因子=0%, 夏普比率=23%, 波动率=23%
优质案例评级: A 分数: 83.9
寻优点评级: A 74
组合重算指标: { '年化': '20.83%', '回撤': '0.80%', '夏普': '5.27', '卡玛': '26.03' }
稳定上涨组合评级: S 91.8
波动组合重算: { '回撤': '44.15%', '夏普': '-2.64', '持续': 60 }
波动组合评级: D 18.5
✔ 新版组合评级使用后端采样，不按图表柱数重新日线年化 (1.45375ms)
✔ 必要风险指标缺失不能展示为零风险或正常评级 (0.254291ms)
✔ 无穷比率不等于满分，真实零利润因子仍按亏损判断 (0.144166ms)
✔ 京东方回测必须评为 D 档（用户核心诉求验证点） (0.488667ms)
✔ 京东方评分应在 30-43 区间（C 与 D 的边界） (0.094375ms)
✔ 低利润因子触发系统亏损否决 (0.062667ms)
✔ 样本不足（< 10 笔交易）降权但不否决整个评级 (0.1225ms)
✔ 用户实测场景：6年6笔交易 + 高夏普 → 应得 A/B（核心回归测试） (0.129708ms)
✔ 深回撤 > 60% 触发直接 D 否决 (0.112125ms)
✔ 优质回测应得 A 或 S 档 (0.133167ms)
✔ 高回撤但收益高 → 最高 B（一票否决 cap） (0.078459ms)
✔ 插值函数：边界值取端点分数 (0.074ms)
✔ 插值函数：中间值线性插值 (0.050833ms)
✔ 寻优评级：4 维度降级版 (0.098167ms)
✔ 寻优评级：网格点交易太少 → 降权但评级照常 (0.066417ms)
✔ 组合评级：稳定上涨净值应得 A 或 S (1.669875ms)
✔ 组合评级：高波动深回撤净值 → 低档 (0.624958ms)
✔ combinedMetrics：单点净值返回全 0（兜底） (0.057375ms)
✔ 历史组合仅保留原值，不从曲线推断日线或重算评级 (0.485084ms)
✔ v1-v4、未知版本及不完整依据不伪装为新版结果 (0.59375ms)
✔ 新版结果使用已记录指标，真实 999 和零不被当作历史哨兵 (0.070958ms)
✔ 指标状态缺失或与数值冲突不能产出评级，包括被降权维度 (0.092458ms)
✔ 低交易样本的真实不可用逐笔指标仍可降权，不误拦截可用净值评级 (0.08625ms)
✔ 寻优逐行核验新版采样与候选状态，输入范围不替代候选证据 (0.114416ms)
✔ 完整快照保留精度、真实 0/999、全部指标及版本且不关联可变输入 (0.602625ms)
✔ 策略保存接受真实 Vue 响应式结果，不因 Proxy 无法 structuredClone 而失败 (0.486375ms)
✔ 再次保存历史指标不补造新版计算或评级依据 (0.090958ms)
✔ 对比展示原值并指出版本、周期、范围与利率差异，不自动重算 (0.227833ms)
ℹ tests 28
ℹ suites 0
ℹ pass 28
ℹ fail 0
ℹ cancelled 0
ℹ skipped 0
ℹ todo 0
ℹ duration_ms 93.628208
