.........FFF.FFF.......                                                  [100%]
=================================== FAILURES ===================================
________________ test_seventh_metadata_parameter_and_scope[32] _________________
tests/unit/test_alpha101_seventh.py:168: in test_seventh_metadata_parameter_and_scope
    assert FactorEngine().compute_matrix({"s": sample(40)["S0"]}, factor).isna().all().all()
src/easy_tdx/factor/engine.py:52: in compute_matrix
    raise ValueError("整池截面因子至少需要 2 个明确标的，不能使用单股替代")
E   ValueError: 整池截面因子至少需要 2 个明确标的，不能使用单股替代
________________ test_seventh_metadata_parameter_and_scope[57] _________________
tests/unit/test_alpha101_seventh.py:168: in test_seventh_metadata_parameter_and_scope
    assert FactorEngine().compute_matrix({"s": sample(40)["S0"]}, factor).isna().all().all()
src/easy_tdx/factor/engine.py:52: in compute_matrix
    raise ValueError("整池截面因子至少需要 2 个明确标的，不能使用单股替代")
E   ValueError: 整池截面因子至少需要 2 个明确标的，不能使用单股替代
________________ test_seventh_metadata_parameter_and_scope[60] _________________
tests/unit/test_alpha101_seventh.py:168: in test_seventh_metadata_parameter_and_scope
    assert FactorEngine().compute_matrix({"s": sample(40)["S0"]}, factor).isna().all().all()
src/easy_tdx/factor/engine.py:52: in compute_matrix
    raise ValueError("整池截面因子至少需要 2 个明确标的，不能使用单股替代")
E   ValueError: 整池截面因子至少需要 2 个明确标的，不能使用单股替代
_____________ test_seventh_real_frozen_default_pool_and_minute[32] _____________
tests/unit/test_alpha101_seventh.py:220: in test_seventh_real_frozen_default_pool_and_minute
    assert FactorEngine().compute_matrix({"real": minute}, factor).isna().all().all()
src/easy_tdx/factor/engine.py:52: in compute_matrix
    raise ValueError("整池截面因子至少需要 2 个明确标的，不能使用单股替代")
E   ValueError: 整池截面因子至少需要 2 个明确标的，不能使用单股替代
_____________ test_seventh_real_frozen_default_pool_and_minute[57] _____________
tests/unit/test_alpha101_seventh.py:220: in test_seventh_real_frozen_default_pool_and_minute
    assert FactorEngine().compute_matrix({"real": minute}, factor).isna().all().all()
src/easy_tdx/factor/engine.py:52: in compute_matrix
    raise ValueError("整池截面因子至少需要 2 个明确标的，不能使用单股替代")
E   ValueError: 整池截面因子至少需要 2 个明确标的，不能使用单股替代
_____________ test_seventh_real_frozen_default_pool_and_minute[60] _____________
tests/unit/test_alpha101_seventh.py:220: in test_seventh_real_frozen_default_pool_and_minute
    assert FactorEngine().compute_matrix({"real": minute}, factor).isna().all().all()
src/easy_tdx/factor/engine.py:52: in compute_matrix
    raise ValueError("整池截面因子至少需要 2 个明确标的，不能使用单股替代")
E   ValueError: 整池截面因子至少需要 2 个明确标的，不能使用单股替代
=============================== warnings summary ===============================
.venv/lib/python3.10/site-packages/starlette/testclient.py:37
  /Users/bowen/Documents/Python/Google/TDX-work/.venv/lib/python3.10/site-packages/starlette/testclient.py:37: DeprecationWarning: The anyio.abc.BlockingPortal alias is deprecated, use anyio.from_thread.BlockingPortal instead.
    _PortalFactoryType = typing.Callable[[], typing.ContextManager[anyio.abc.BlockingPortal]]

-- Docs: https://docs.pytest.org/en/stable/how-to/capture-warnings.html
=========================== short test summary info ============================
FAILED tests/unit/test_alpha101_seventh.py::test_seventh_metadata_parameter_and_scope[32]
FAILED tests/unit/test_alpha101_seventh.py::test_seventh_metadata_parameter_and_scope[57]
FAILED tests/unit/test_alpha101_seventh.py::test_seventh_metadata_parameter_and_scope[60]
FAILED tests/unit/test_alpha101_seventh.py::test_seventh_real_frozen_default_pool_and_minute[32]
FAILED tests/unit/test_alpha101_seventh.py::test_seventh_real_frozen_default_pool_and_minute[57]
FAILED tests/unit/test_alpha101_seventh.py::test_seventh_real_frozen_default_pool_and_minute[60]
6 failed, 17 passed, 1 warning in 6.61s
