
> web-ui@0.0.0 test
> node scripts/run-tests.mjs

✔ tracking is restricted to active administrators and explicitly authorized users (0.412625ms)
✔ presence requires visible focused recent interaction and never negative elapsed time (0.109209ms)
✔ admin query descriptions label metadata and disclose truncated targets (0.178708ms)
✔ code labels use market-qualified identities and visible missing-name fallback (0.535667ms)
✔ name hydration is automatic, market-separated, bounded, and abort-aware (36.272167ms)
✔ all current chart inspector evidence stays readable without altering original nested data (6.347042ms)
✔ reject malformed fields reachable from overlays, popovers and every inspector section with exact paths (11.806292ms)
✔ optional old fields and empty failure checkpoints remain readable, no missing-state invention (0.1405ms)
✔ archive calendar validation rejects normalized impossible dates and illegal clock/offset values (4.397125ms)
✔ bar validation compares actual instants, retains raw strings, rejects equal instants and malformed volume (0.417625ms)
✔ existing frozen matrix bar sources remain readable without mutation (15.940333ms)
✔ event lists and evidence-set reordering never imply new or changed signals; originals remain intact (10.002333ms)
✔ state, lifecycle times and unrounded evidence are classified separately on the same identity (0.625417ms)
✔ same date across families and sides remains independent; true event additions/removals are distinct (0.388666ms)
✔ duplicate identities preserve all records and are never paired arbitrarily (7.686583ms)
✔ missing identity does not cause false removals or additions in its collection (0.371708ms)
✔ missing source/list is unknown, not empty or proof of no events (0.296083ms)
✔ never-candidate diagnostics match without A or reference, including special B-only records (12.350833ms)
✔ A trimming changes evidence not identity; original wave anchors and reference changes distinguish bases (6.305417ms)
✔ date normalization preserves intraday, microsecond and timezone distinctions (2.982916ms)
✔ source differences and unknown fields/ordered evidence are retained (0.644208ms)
✔ different instruments, periods or study results are not matched (1.378875ms)
✔ structure divergences are supported without inventing MACD wave anchors (0.801833ms)
✔ legacy local migration keeps original payload, precision, versions and unknown fields without upgrading (6.028792ms)
✔ cloud exports use latest metadata but retain the original immutable payload, not old cloud ID/revision (0.676958ms)
✔ study import preserves successful and failed periods plus original warmup and primary metadata (0.680042ms)
✔ unknown, incomplete, oversized and nonfinite backups are rejected, never uploaded as summaries (251.807084ms)
✔ all supported chart outputs preserve full precision, null warmups, style and instance order (5.6725ms)
✔ migration IDs survive rescanning/reload, preserve precision and isolate owners and changed content (11.334833ms)
✔ migration rejects missing owners, foreign archives and malformed inputs before upload (0.416917ms)
✔ post-inspection changes never upload under a previously confirmed identity (1.220958ms)
✔ lost response retries the same immutable body and id, without automatic retry or local deletion (38.792416ms)
✔ stop or account changes before/after read and upload discard stale results (2.666375ms)
✔ deleted cloud copies are not restored, purged copies and wrong response IDs are not treated as success (13.563667ms)
✔ chart plan freezes original data and uses original identity/window, not current selection (4.670375ms)
✔ missing volume/time/parameters and unsupported length never silently become a smaller/default study (8.033542ms)
✔ study plan preserves actual research settings and saved time labels (0.837333ms)
✔ saved structural settings survive chart and study archive replay; mismatch is rejected (1.340917ms)
✔ unrounded path diff distinguishes null, missing, structure, empty arrays, and ordering (0.645958ms)
✔ response must match request, instrument, version, scope and period identities (0.855333ms)
✔ new archive retains original bars/lineage but never relabels frozen old indicators as recomputed (0.819209ms)
✔ study without saved input retains an explicit uncomputed row, never pretends all periods succeeded (0.421291ms)
✔ complete indicator recompute preserves saved settings, checks response and saves only new values (2.128583ms)
✔ missing or unknown saved indicator parameters cannot borrow current defaults (0.871083ms)
✔ original valid study rows retain precision, unknown fields, true zero and no recomputation (2.172208ms)
✔ invalid nested fields become explicit per-period errors, not silently missing rows (0.537792ms)
✔ strict pen fields reject coercion and preserve historical source errors without reading their invalid nested fields (1.038917ms)
✔ duplicates are not cherry-picked and malformed or future rows remain in original-record entries (0.161708ms)
✔ full backtest file and cloud envelope retain all fields; no implicit Chanlun recompute (3.148375ms)
✔ invalid cash cannot become a readable archive (0.105333ms)
✔ invalid params cannot become a readable archive (0.077541ms)
✔ invalid adjust cannot become a readable archive (0.0935ms)
✔ invalid null lineage cannot become a readable archive (0.119625ms)
✔ invalid net value cannot become a readable archive (0.087792ms)
✔ invalid future trade cannot become a readable archive (0.0795ms)
✔ invalid duplicate date cannot become a readable archive (0.073458ms)
✔ invalid missing metrics cannot become a readable archive (0.073875ms)
✔ invalid nested infinity cannot become a readable archive (0.144167ms)
✔ invalid coerced rejected cannot become a readable archive (0.091583ms)
✔ actual store freezes submitted input and result separately from later source mutation (172.414167ms)
✔ actual store rejects stale or failed owner run and clears prior archive (118.427375ms)
✔ actual store rejects stale or failed input run and clears prior archive (17.467667ms)
✔ actual store rejects stale or failed clear run and clears prior archive (19.121667ms)
✔ actual store rejects stale or failed failure run and clears prior archive (53.823833ms)
✔ trade lookup keeps the exact minute across separators, precision and days (0.845834ms)
✔ date-only values cannot choose the midnight bar of an ambiguous day (0.077042ms)
✔ daily and duplicate exact timestamps keep first positional matches (0.08475ms)
✔ nanoseconds and timezone text are not truncated into a false match (0.070083ms)
✔ date labels preserve useful precision without local timezone conversion (0.085ms)
✔ higher sources resolve actual records and separate original from current review time (3.443166ms)
✔ base sources and foreign witness rejection have distinct Chinese descriptions (0.1255ms)
✔ inconsistent candidate has no replay evidence: unknown reason (0.09025ms)
✔ inconsistent candidate has no replay evidence: prototype key (0.073625ms)
✔ inconsistent candidate has no replay evidence: future version (0.05825ms)
✔ inconsistent candidate has no replay evidence: future completion (0.11125ms)
✔ inconsistent candidate has no replay evidence: missing time (0.069667ms)
✔ inconsistent candidate has no replay evidence: empty source (0.051833ms)
✔ inconsistent candidate has no replay evidence: duplicate source (0.062208ms)
✔ inconsistent candidate has no replay evidence: unknown source (0.1115ms)
✔ inconsistent candidate has no replay evidence: mixed levels (0.065291ms)
✔ inconsistent candidate has no replay evidence: future child (0.056417ms)
✔ inconsistent candidate has no replay evidence: wrong child level (0.053667ms)
✔ inconsistent candidate has no replay evidence: duplicate record (0.044167ms)
✔ inconsistent candidate has no replay evidence: empty record range (0.048167ms)
✔ inconsistent candidate has no replay evidence: gap (0.05475ms)
✔ inconsistent candidate has no replay evidence: wrong parent range (0.03725ms)
✔ inconsistent candidate has no replay evidence: reversed sources (0.042875ms)
✔ inconsistent candidate has no replay evidence: unsafe base number (0.045709ms)
✔ 80 percent transparency is 20 percent alpha, for both candle directions (0.909334ms)
✔ transparency stays finite, integer, and bounded (0.34375ms)
✔ body is symmetric around the unchanged wick across widths and fractional positions (1.743708ms)
✔ horizontal candles preserve every price coordinate (0.098333ms)
✔ missing or non-finite candle layouts are left untouched (0.102292ms)
✔ native ECharts layout remains centred after resize, zoom and data replacement (374.974166ms)
✔ zooming out of large-data line mode restores centred candle bodies (11.399583ms)
✔ structure widths retain existing defaults and hover appearance (0.729458ms)
✔ manual values stay finite, bounded, and at two decimal places (0.136208ms)
✔ raw index overrides rounded dates, including zero (0.483542ms)
✔ legacy intraday dates never fall back to the first bar of the day (0.10625ms)
✔ duplicate formatted times fail safely without a raw index (0.072334ms)
✔ padding keeps the 23px marker plus radius inside the price pane (0.130208ms)
✔ flat, zero and negative ranges get finite padding; invalid extents do not (0.272916ms)
✔ single-bar time link is a thin line limited to each actual plot (1.627959ms)
✔ multi-bar time link has no border and clips to plot, never clamps offscreen data to an edge (0.271958ms)
✔ time links map daily coverage to all minute bars, not a matching ordinal (0.466291ms)
✔ weekly and monthly end-labelled bars cover earlier constituent dates without changing data (1.161542ms)
✔ nearest marker wins regardless of signal family, only co-located points share chooser (0.526792ms)
✔ immutable request cache deduplicates pending work, isolates payload keys and retries errors (0.724875ms)
✔ all six structural types keep extrema and confirmation separate with original evidence (1.06675ms)
✔ legacy records do not invent confirmation or structural sources (0.194792ms)
✔ M1 keeps independent MACD source and original direction, never a structural type (0.489334ms)
✔ all chart layers override independent animation and progressive rendering (0.819375ms)
✔ archive tooltip labels and evidence remain text, not active HTML (1.744917ms)
✔ rejects invalid saved zooms (0.808834ms)
✔ same-snapshot redraw keeps current manually chosen view (0.120292ms)
✔ focus redraw keeps manual zoom; clearing restores pre-focus view (0.096667ms)
✔ switching focus preserves the original return view (0.066166ms)
✔ new snapshot resets saved focus view and never revives old zoom (0.069792ms)
✔ default inactive; moving does not show cards and leaving does not deactivate (1.517166ms)
✔ object previews can read date-card activation without activating it (0.40425ms)
✔ click selects a point; outside click closes; inside click is not dismissed (0.232917ms)
✔ activated cards follow movement until outside dismissal, then require another click (0.240125ms)
✔ zoom clears stale coordinates but preserves activation (0.184416ms)
✔ data reset and Escape deactivate; teardown removes all handlers (0.25575ms)
✔ archive requests bind current owner and bypass browser cache (22.477834ms)
✔ cloud directory validates all rows, quotas and identities without dropping broken entries (5.133541ms)
✔ original detail requires an object payload but action receipts may omit it (0.802708ms)
✔ account change discards delayed success and delayed errors (0.480917ms)
✔ unauthenticated archive requests do not reach server; structured conflicts remain actionable (0.398875ms)
✔ upload retries retain immutable captured body and all numerical precision (0.177125ms)
✔ directed centre chain is candidate evidence, not completion (0.919792ms)
✔ touching, opposing, future, overlapping or malformed chains fail closed (0.250375ms)
✔ single-centre and legacy components remain readable (0.073625ms)
✔ inside, border, reversed y and overlapping rectangles resolve newest first (1.11075ms)
✔ invalid or missing render coordinates cannot create hits (0.084916ms)
✔ popup stays within narrow viewport and near-edge right click (0.084959ms)
✔ roles are Chinese and unknown roles never claim completion (0.418833ms)
✔ source ranges keep one-based indices without disguising gaps (0.099292ms)
✔ coverage checks counts, repeats and missing IDs (0.191334ms)
✔ missing, empty and rejected suffix are explicit (0.082333ms)
✔ invalid counts and empty blocks cannot pass the coverage audit (0.075041ms)
✔ uses raw indices, allows shared endpoints and bounds zoom padding (2.071709ms)
✔ does not invent a B interval or infer indices from formatted dates (0.218583ms)
✔ rejects partial, reversed, overlapping and out-of-snapshot evidence (0.272ms)
✔ allows inspection of historical failed evidence without reviving it (0.240792ms)
✔ local proof draws frozen exact endpoints only after its actual confirmation (0.398334ms)
✔ dual-line divergence uses two exact raw indices, never artificial ABC ranges (0.20225ms)
✔ dual-line focus rejects missing, duplicate, reversed and out-of-range points (0.203834ms)
✔ special wave focus uses AB and its extreme without inventing C (0.223417ms)
✔ direction, family and lifecycle have independent marker styles (0.587542ms)
✔ no-C dual-line remains a circle and fills only on first reverse-pen confirmation (3.428292ms)
✔ M1 is restricted to confirmed waves with a later actual confirmation (0.725542ms)
✔ four families retain independent records and nonstandard uses a triangle (0.20025ms)
✔ October 4 marker matrix uses shape for family and colour only for direction (0.128292ms)
✔ special AB evidence separates A line extrema from both price anchors and legacy pivots (0.126583ms)
✔ history is opt-in, inactive stays grey hollow, never creates M1 (0.104083ms)
✔ every historical shape uses a continuous hollow contour, including on hover (0.133209ms)
✔ new nonstandard evidence relaxes prices only and records each subtype (0.112625ms)
✔ new dual rule cannot fill without recorded later local confirmation (0.101291ms)
✔ historical engineering match retains original timing without claiming regrouping completion (1.428875ms)
✔ future, stale, mismatched or incomplete evidence fails closed (2.139417ms)
✔ older snapshots and unmatched parts keep existing natural audit available (0.342125ms)
✔ engineering provenance uses the same one-based numbering as other inspectors (0.520167ms)
✔ mixed recursion distinguishes consolidation and trend from the old trend view (0.143541ms)
✔ unknown or reversed provenance is not presented as a completed trend (0.070333ms)
✔ indicator and price values use two decimals without inventing missing evidence (0.072917ms)
✔ recursive centre relations never call extension candidates completed types (0.086375ms)
✔ admissions distinguish unit confirmation from later failed-return admission (0.054833ms)
✔ display fields retain all text including dates, provenance, and secondary colons (2.076625ms)
✔ narrative, missing evidence, and timestamp headings remain whole (0.298166ms)
✔ selects the exact source without replacing missing comparison periods with the primary (0.7335ms)
✔ prefix audit preserves original warmup snapshot and its own instrument and period (0.4595ms)
✔ rejects invalid positions, missing identity and explicitly unclosed prefix data (0.619042ms)
✔ optimization carries full execution and identity without live defaults (5.9105ms)
✔ malformed, mixed, missing or conflicting optimization context never silently defaults (0.99925ms)
✔ multi original replay preserves costs, slots and adjustment; extend changes only end dates (0.362166ms)
✔ multi rejects corrupt and incompatible slots without dropping or repairing any (0.302083ms)
✔ legacy missing settings are disclosed with deterministic defaults, explicit invalid values rejected (0.13925ms)
✔ combining equal-account singles preserves per-slot cash and costs; conflicts rejected not rewritten (0.333542ms)
✔ all candidate states distinguish eligibility from completed natural types (2.172375ms)
✔ opposite geometry identifies reused next-part evidence, including nonzero source IDs (1.532792ms)
✔ external opposite geometry is not added to candidate membership (0.268583ms)
✔ missing, stale, misattributed or future opposite geometry is not displayed as matched (0.327ms)
✔ preferred endpoints are never called completed types; conflicts are retained (0.184958ms)
✔ opposite base turn is not same-level completion (0.2205ms)
✔ price formatting preserves zero and boundary contact, guards non-finite values (0.253ms)
✔ candidate audit joins by identity, not response order (0.176333ms)
✔ part audit must match ordinal AND exact raw source IDs, including shifted IDs (0.618625ms)
✔ locates the three raw ranges without relabelling them as MACD or confirmed centres (0.931875ms)
✔ candidate must already be observable at the CURRENT replay prefix (0.1655ms)
✔ no incomplete, waiting or unsupported candidate is given a fabricated range (0.096333ms)
✔ raw bar boundaries must be contiguous and inside the visible window (0.13675ms)
✔ source partitions must cover every original segment once, preserving nonzero IDs (0.116083ms)
✔ conflicting geometric fallback remains viewable for manual audit (0.068833ms)
✔ clearing a regrouping focus restores original zoom; a new replay snapshot does not (0.107833ms)
✔ membership labels distinguish source confirmation from later admission (0.468041ms)
✔ admission witness distinguishes confirmation dependency from geometric membership (0.08475ms)
✔ old or malformed evidence never invents an admission witness (0.072666ms)
✔ real frozen result archives preserve every input, missing tag, precision and failed factor (39.83625ms)
✔ factor cloud envelope imports as independent copy without original identity (17.758084ms)
✔ partial or incompatible archives fail explicitly, not repaired from the current catalog (386.847792ms)
✔ read-only renderer has no execution or market API imports; explicit replay is separate (3.526084ms)
✔ same-account profile refresh preserves replay state; identity changes invalidate synchronously (1.066458ms)
✔ benchmark dependency uses declared input not a guessed name (0.453292ms)
✔ pool rejects mixed frozen index versions, allowing different stock calendars (3.372875ms)
✔ frozen exact pairing retains absent date and rejects silent fill or replacement (0.3035ms)
✔ failed auxiliary fetch must be explicitly recorded for both fields; legacy needs none (0.093375ms)
✔ UI exposes benchmark conditionally and invalidates both research paths (2.8305ms)
✔ evaluation keeps exact-search aliases until query-aware browsing (4.002875ms)
✔ library navigation and Chinese/identifier/family search preserve full matching set (0.465083ms)
✔ availability is evaluated by adjustment and period without mutating selections (1.647833ms)
✔ single and multi-track axes share compact large units and distinct small ticks (0.793792ms)
✔ correlation uses its mathematical range; raw factors keep their own scale (0.116792ms)
✔ tiny values remain visible and tooltip raw precision is not rounded (0.092958ms)
✔ percentage is presentation only, gaps and source values are preserved (0.42225ms)
✔ disabled combination does not add implicit weights; enabled selection is explicit (0.858916ms)
✔ actual Python report preserves the combination through export and read-only reopen (34.121875ms)
✔ incomplete or contradictory composition archive is rejected, never repaired (65.229208ms)
✔ horizon selection is bounded, canonical and never silently amended (1.043375ms)
✔ horizon view uses frozen results without changing configuration or primary report (48.455375ms)
✔ all horizons survive draft/export/import and old single archives still read (27.954041ms)
✔ missing windows, wrong labels and disagreement with primary reports fail closed (28.715084ms)
✔ request selection invalidates immediately; display-only switching does not (1.766667ms)
✔ multiple horizons dispatch one explicitly manual request with complete selection (114.255333ms)
✔ dimensionless exponents are not presented as bar counts (0.462959ms)
✔ filtered sample windows are never labelled as calendar periods (0.332875ms)
✔ Alpha101 cross-library aliases normalize parameter keys and order (13.071291ms)
✔ Alpha101 curvature threshold identity and warmup are declared (0.905542ms)
✔ Alpha101 short custom mean still retains fixed price-lag dependency (0.910916ms)
✔ named GTJA dependency paths use maximum chain and all edited windows (0.943084ms)
✔ GTJA compound windows and cross-library identical mean ratios are explicit (0.158792ms)
✔ parameter selection copies only active settings without mutating cached settings (0.139042ms)
✔ builtin decimal multiplier, ordering, effective identity and actual labels (0.150167ms)
✔ reset only one parameter, retain other overrides without mutating input (0.1325ms)
✔ history warning uses full effective warmup, not all parameters as rolling windows (0.125375ms)
✔ names and validation use actual windows; equivalent formula choices rejected (0.129167ms)
✔ recompute task request binds owner, source revision and manual intent; polling stays automatic (87.223292ms)
✔ history retains the complete recompute envelope, not just numerical results (16.451625ms)
✔ replay uses shared task invalidation and archive saving preserves replay metadata (1.144666ms)
✔ statistics version is frozen provenance, never inferred as the current version (9.085208ms)
✔ factor glossary accepts standard abbreviations with spaces or underscores (0.387917ms)
✔ factor missing values never become valid zero (0.211333ms)
✔ factor ranking is stable, non-mutating and missing-last in both directions (44.806834ms)
✔ small factor values do not round to fake zeros; raw precision keeps original number (0.104709ms)
✔ compatibility aliases are only shown for exact legacy lookup or active selection (0.574542ms)
✔ series automatic initialization is system intent, only deliberate task submission is a query (97.06875ms)
✔ saved series task reopens as series without lookup, all diagnostics and original inputs survive (5.625792ms)
✔ cleared series execution cannot publish an old stock result (0.219917ms)
✔ live series and history use shared tasks, invalidate on input/account/route and never treat as trading backtest (1.307292ms)
✔ late catalog never submits after unmount, input/account/tab changes, or manual run (0.232417ms)
✔ failed catalog does not silently start default research or publish after leaving (1.292625ms)
✔ favorite IDs are bounded, deduplicated and malformed saved preferences never get overwritten (10.528541ms)
✔ favorites use acknowledgment and only patch their own key; same-session writes serialize (7.712292ms)
✔ failed favorite updates do not pretend success and can retry (0.317291ms)
✔ other preference acknowledgment exposing pending patch cannot fake a saved favorite (1.9145ms)
✔ owner switch clears state immediately and old failure cannot affect new save (6.837958ms)
✔ series compare shares all x axes but preserves independent raw values, scales, gaps and tooltip precision (1.672583ms)
✔ future appending leaves prior plotted values unchanged, missing is never replaced by zero (0.316625ms)
✔ multi-factor comparison is reused in live and read-only views, favorites do not change research settings (1.318417ms)
✔ factor submission marks only explicit dispatch, preserves owner/signal, polling/cancel stay automatic (131.443ms)
✔ cancel acknowledged during pending poll cannot regress UI or publish partial result (17.195625ms)
✔ late cancellation cannot revive cleared or changed-account task UI (3.867375ms)
✔ unconfirmed cancellation keeps polling; successful task remains recoverable (0.987125ms)
✔ factor panel uses shared execution and distinguishes cancel from detach (0.810875ms)
✔ explicit stock-only finite latest selection; missing and fund/index stay unavailable (0.982125ms)
✔ origin and precision survive JSON and later group membership edits (1.47425ms)
✔ only explicit action writes owner assertion and source revision, never sends computed score (46.577625ms)
✔ late owner response rejected; permission denial and source mismatch not successful (3.057917ms)
✔ time modes construct explicit configs without random dates or implied training (9.933042ms)
✔ invalid dates, hidden shrinkage and numeric coercion are rejected (0.360375ms)
✔ full frozen time results survive import, draft and readonly validation unchanged (28.787042ms)
✔ missing, mismatched and nonfinite temporal archive results fail explicitly (6.55375ms)
✔ changes invalidate synchronously; same-account profile refresh does not change split (1.594ms)
✔ menus stay inside phone, keyboard and landscape viewports (1.365084ms)
✔ near-bottom controls open upwards without changing ordinary desktop width (0.126333ms)
✔ warmup null, missing and invalid indicator values never become invented zeroes (2.848916ms)
✔ freeze all supported indicator outputs, warmup holes, volume averages and exact numerical precision (18.259166ms)
✔ frozen playback keeps captured values despite different current prices and never queries APIs (0.746125ms)
✔ malformed or mismatched frozen values fail closed, never fall back to recomputation (0.608709ms)
✔ marker hit uses signed stacking offset for both directions, not candle position (0.446833ms)
✔ symbol size and invalid render positions are handled safely (0.0825ms)
✔ market tab changes discard old success and cannot stop the new spinner (259.238125ms)
✔ market late failure after filter cannot resurrect an error (63.084791ms)
✔ market late failure after owner cannot resurrect an error (12.336458ms)
✔ market late failure after unmount cannot resurrect an error (15.460875ms)
✔ directory count failure preserves valid rows; late totals cannot cross markets (32.911708ms)
✔ board selection clears old details and ignores slower preceding member responses (51.083791ms)
✔ board list filter changes invalidate pending member requests and prevent old auto-selection (50.06125ms)
✔ default board preload remains system-origin after manual list refresh (63.53475ms)
✔ belonging response after stock cannot change results or stock history (18.412167ms)
✔ belonging response after owner cannot change results or stock history (17.332833ms)
✔ belonging response after unmount cannot change results or stock history (8.646625ms)
✔ current belonging success records captured stock; concurrent member failure has separate feedback (33.797166ms)
✔ market selection uses loaded market, clears on filters, and distinguishes shared stock/index codes (20.57975ms)
✔ board analysis uses result classification; members require their own market (10.546375ms)
✔ aborted late response cannot publish metadata even if transport ignores abort (12.479542ms)
✔ missing provenance or silently changed adjustment never reaches research (0.144458ms)
✔ reported gaps do not falsely label suspension or prevent inspecting valid candles (0.8795ms)
✔ history fetch consumes one verified range and publishes complete metadata only after validation (0.522542ms)
✔ unclosed response never updates provenance or reaches the backtest (0.231041ms)
✔ null, true zero, infinities and real 999 are distinct after JSON roundtrip (1.408917ms)
✔ single, saved and comparison results retain authoritative metric basis (0.4655ms)
✔ whole proof validated without mutation, and cross-role ownership remains visible (0.955875ms)
✔ stale, future, duplicated, incomplete, falsely completed and mismatched sources rejected (0.315083ms)
✔ base runs cannot masquerade as proofs or own multiple provisional regions (0.07875ms)
✔ blocked covers show full conflicts, never fabricated flattened blocks (0.090667ms)
✔ labels retain provisional scope (0.063334ms)
✔ all seven MA presets are available but only MA5 and MA10 start visible (1.840708ms)
✔ each chart session gets independent editable settings without changing presets (0.24425ms)
✔ MA presets retain the requested yellow, white, purple, green, cyan, orange, red palette (0.429125ms)
✔ legend retains every MA choice and explicit hidden states override stale chart selection (0.122125ms)
✔ cross-boundary details resolve actual input and nested ownership records (3.380875ms)
✔ unowned reverse evidence stays explicitly unowned for boundary rejection (0.267292ms)
✔ foreign witness can be shown for an otherwise single-owner candidate (0.456708ms)
✔ legacy candidates do not invent missing conflict details (0.332791ms)
✔ damaged detail is not presented: mismatched candidate sources (0.290792ms)
✔ damaged detail is not presented: wrong layer (0.168083ms)
✔ damaged detail is not presented: unknown reverse input (0.884791ms)
✔ damaged detail is not presented: wrong reverse range (0.113125ms)
✔ damaged detail is not presented: reverse overlaps prices (0.555334ms)
✔ damaged detail is not presented: future reverse confirmation (0.328834ms)
✔ damaged detail is not presented: wrong reverse time (0.217709ms)
✔ damaged detail is not presented: incomplete domain list (0.295875ms)
✔ damaged detail is not presented: duplicate domains (0.194542ms)
✔ damaged detail is not presented: noncontinuous domain (0.103125ms)
✔ damaged detail is not presented: foreign domain misses witness (0.383625ms)
✔ damaged detail is not presented: false unowned witness (0.145667ms)
✔ damaged detail is not presented: missing nested record (0.13725ms)
✔ damaged detail is not presented: wrong reason (0.125292ms)
✔ only current owner revisions form the displayed ownership set (1.721167ms)
✔ internal provenance remains distinct and validates enclosing ownership (1.033666ms)
✔ parent-covered history is not labeled as an additional effective input (0.135875ms)
✔ nested provenance validates containment and strictly increasing input levels (0.172ms)
✔ current owner labels are distinct from creation IDs and tolerate old snapshots (0.094167ms)
✔ summary mode lists every historical address, not just current versions (0.758208ms)
✔ full and missing legacy snapshots stay readable without inventing history (0.081583ms)
✔ all four analysis paths explicitly request summary delivery without changing input (0.360541ms)
✔ complete lifecycle stays chronological, does not mutate input, and uses Chinese labels (2.882167ms)
✔ legacy or future history is not invented (0.290458ms)
✔ dangling, reordered, duplicated, miscounted and conflicting histories fail closed (2.248959ms)
✔ equal counts cannot hide swapped source identities (0.086417ms)
✔ intermediate event boundaries must equal actual inherited and added sources (0.077458ms)
✔ input evidence must exist at the correct level and be available at admission (0.47625ms)
✔ invalid domain sources, membership and parent context fail closed (0.172084ms)
✔ leftward growth, shifted sources and newly filled merge gaps remain valid (0.170792ms)
✔ both periods exclude future and open candles while retaining original warm-up start (0.576125ms)
✔ snapshot observation time caps cutoff; bar start before cutoff is not enough (0.080084ms)
✔ no timeframe fallback or fabricated candles when historical minute range is unavailable (0.072541ms)
✔ index and board snapshots retain NONE adjustment, mismatch is rejected (0.212416ms)
✔ missing completion evidence, timezone timestamps and unordered bars fail explicitly (0.135125ms)
✔ week/month completion boundary comes from provider annotation, not day label (0.096667ms)
✔ matrix defaults to five requested periods and includes separate buy/sell evidence column (2.225292ms)
✔ does not turn current reversal observation into a confirmed opposite pen (0.214584ms)
✔ keeps true zero distinct from missing, and numerical display never overwrites original axis judgment (0.124458ms)
✔ keeps divergence family, extrema and actual confirmation separate; never drops records (6.975292ms)
✔ missing pen and divergence are bounded claims; quality limitations stay visible (0.134875ms)
✔ buy/sell evidence distinguishes missing old archives, no points, structure and M1 (0.182416ms)
✔ portfolio: all original values survive import and cloud envelope; no Chanlun recompute (10.1105ms)
✔ portfolio: actual component fetches only explicitly, binds owner/request/result and freezes capture (76.622333ms)
✔ portfolio: late receipt discarded after owner (1.157958ms)
✔ portfolio: late receipt discarded after request (1.068916ms)
✔ portfolio: late receipt discarded after task (0.81225ms)
✔ portfolio: late receipt discarded after result (1.607459ms)
✔ portfolio: late receipt discarded after busy (2.484792ms)
✔ portfolio: late receipt discarded after unmount (2.566166ms)
✔ portfolio: invalid missing rejected (0.48ms)
✔ portfolio: invalid allocation rejected (0.664459ms)
✔ portfolio: invalid metadata rejected (0.172334ms)
✔ portfolio: invalid date rejected (0.131375ms)
✔ portfolio: invalid precision rejected (0.281958ms)
✔ portfolio: invalid curve rejected (0.209834ms)
✔ portfolio: invalid request rejected (0.088625ms)
✔ portfolio: invalid trade rejected (0.125917ms)
✔ portfolio: unavailable or different task never falls back to fetching data (2.565541ms)
✔ multi_strategy: all original values survive import and cloud envelope; no Chanlun recompute (0.943708ms)
✔ multi_strategy: actual component fetches only explicitly, binds owner/request/result and freezes capture (1.679125ms)
✔ multi_strategy: late receipt discarded after owner (0.781ms)
✔ multi_strategy: late receipt discarded after request (0.699625ms)
✔ multi_strategy: late receipt discarded after task (0.72225ms)
✔ multi_strategy: late receipt discarded after result (0.679084ms)
✔ multi_strategy: late receipt discarded after busy (0.65425ms)
✔ multi_strategy: late receipt discarded after unmount (0.682625ms)
✔ multi_strategy: invalid missing rejected (0.094667ms)
✔ multi_strategy: invalid allocation rejected (0.17525ms)
✔ multi_strategy: invalid metadata rejected (0.082916ms)
✔ multi_strategy: invalid date rejected (0.090667ms)
✔ multi_strategy: invalid precision rejected (0.172958ms)
✔ multi_strategy: invalid curve rejected (0.159625ms)
✔ multi_strategy: invalid request rejected (0.079375ms)
✔ multi_strategy: invalid trade rejected (0.105042ms)
✔ multi_strategy: unavailable or different task never falls back to fetching data (1.924416ms)
✔ normalized server defaults may extend but not alter submitted parameters (0.059ms)
✔ library original/extended multi replay uses saved costs despite global preference changes (218.21075ms)
✔ portfolio load -> actual store task lifecycle -> save uses identical context and all costs (135.575917ms)
✔ portfolio catalog-stage input is isolated before saved fetch (92.39425ms)
✔ portfolio catalog-stage params is isolated before saved fetch (85.255833ms)
✔ portfolio catalog-stage owner is isolated before saved fetch (80.235125ms)
✔ portfolio catalog-stage failure is isolated before saved fetch (128.940042ms)
✔ portfolio catalog-stage empty is isolated before saved fetch (40.654ms)
✔ pending portfolio cannot survive input (54.588667ms)
✔ pending portfolio cannot survive owner (40.527ms)
✔ pending portfolio cannot survive unmount (51.332584ms)
✔ store account epoch clears completed results in all four task families (24.18175ms)
✔ runPortfolio old account error is ignored even after switching back (76.109334ms)
✔ runMultiStrategy old account error is ignored even after switching back (28.3685ms)
✔ runOptimize old account error is ignored even after switching back (19.6265ms)
✔ runOptimizeAll old account error is ignored even after switching back (20.964292ms)
✔ optimizer takes an input snapshot before awaiting bars and hands off the result strategy/adjustment (22.538375ms)
✔ portfolio late save cannot close or annotate newly changed configuration (18.417ms)
✔ library name lookup cannot mix later input or account into a save (73.944375ms)
✔ library saves a multi result with submitted adjustment, not the later global preference (23.464292ms)
✔ late library list cannot replace a newly created record and owner change clears all personal rows (18.772292ms)
✔ portfolio identity rejects mixed markets, repeats and invalid lengths (0.313584ms)
✔ late preference response cannot revert a newer adjustment; queued patch is captured (182.140333ms)
✔ account switch drops old queue, permits new account immediately and ignores late response (69.996542ms)
✔ same-account logout/login does not accept response from prior session epoch (11.613709ms)
✔ failed saves reject caller, do not wedge queue or restore stale role permissions (20.391833ms)
✔ mismatched response owner and logged-out saves are rejected (14.123333ms)
✔ market preference watcher survives the first route unmount and follows owner changes (10.745084ms)
✔ tracking ownership watcher survives route scope disposal and clears on revocation or logout (286.694792ms)
✔ late name hydration cannot write across accounts; new owner hydrates independently (20.345667ms)
✔ sidebar hydration never writes, old-owner timers cancel, failures are handled (135.210208ms)
✔ forming candles preserve OHLC and use dashed empty outlines (1.413666ms)
✔ forming volume and signed MACD columns preserve values and direction (0.268458ms)
✔ query defaults to system, manual intent is synchronous and explicit (0.559916ms)
✔ direct bar snapshot fetch preserves explicit intent, including failed requests (24.406167ms)
✔ pending manual requests do not mark concurrent automatic work or async continuations (0.125ms)
✔ API dispatch tags manual queries but excludes automatic name lookup and task polling (0.956292ms)
✔ save keeps original full input separate from replay prefix, fully detached from live state (4.014709ms)
✔ same-bar opposite signals remain distinct; source survives JSON import without task or network (1.104ms)
✔ recompute uses only saved chart prefix, keeps original scan signals and version unchanged (1.163709ms)
✔ reject wrong target before saving; never silently drop invalid lineage (0.420042ms)
✔ reject board target before saving; never silently drop invalid lineage (0.26075ms)
✔ reject wrong market before saving; never silently drop invalid lineage (0.264042ms)
✔ reject reference before saving; never silently drop invalid lineage (0.134375ms)
✔ reject invalid date type before saving; never silently drop invalid lineage (0.122375ms)
✔ reject noncanonical cutoff before saving; never silently drop invalid lineage (0.142ms)
✔ reject row summary before saving; never silently drop invalid lineage (0.271875ms)
✔ reject row last date before saving; never silently drop invalid lineage (0.220125ms)
✔ reject outside signal window before saving; never silently drop invalid lineage (0.229416ms)
✔ reject row source before saving; never silently drop invalid lineage (0.1995ms)
✔ reject row requested adjust before saving; never silently drop invalid lineage (0.202417ms)
✔ reject row quality before saving; never silently drop invalid lineage (0.20975ms)
✔ reject open candle before saving; never silently drop invalid lineage (7.325833ms)
✔ reject unsupported storage before saving; never silently drop invalid lineage (0.854208ms)
✔ legacy snapshot without original input still opens without invented source (0.58425ms)
✔ original task references round-trip and legacy references remain distinguishable (1.0925ms)
✔ cache receipt must be a real ID string, never coerced or inherited from another owner (0.326625ms)
✔ all frozen bars and precision survive; changed code is disclosed, not represented as old execution (0.593833ms)
✔ invalid original receipt task stops instead of substituting live data (0.150041ms)
✔ invalid original receipt row stops instead of substituting live data (0.071792ms)
✔ invalid original receipt market stops instead of substituting live data (0.062ms)
✔ invalid original receipt symbol stops instead of substituting live data (0.063875ms)
✔ invalid original receipt params stops instead of substituting live data (0.058458ms)
✔ invalid original receipt strategy stops instead of substituting live data (0.077667ms)
✔ invalid original receipt fingerprint stops instead of substituting live data (0.1115ms)
✔ invalid original receipt adjust stops instead of substituting live data (0.0935ms)
✔ invalid original receipt signal stops instead of substituting live data (0.084041ms)
✔ invalid original receipt malformed signals stops instead of substituting live data (0.06ms)
✔ invalid original receipt row error stops instead of substituting live data (0.052916ms)
✔ invalid original receipt storage stops instead of substituting live data (0.052125ms)
✔ invalid original receipt version stops instead of substituting live data (0.054584ms)
✔ invalid original receipt missing bars stops instead of substituting live data (0.068208ms)
✔ invalid original receipt null bar stops instead of substituting live data (0.053375ms)
✔ invalid original receipt order stops instead of substituting live data (0.072ms)
✔ invalid original receipt open bar stops instead of substituting live data (0.053833ms)
✔ invalid original receipt future stops instead of substituting live data (0.059708ms)
✔ invalid original receipt negative duration stops instead of substituting live data (0.061417ms)
✔ invalid original receipt missing cutoff stops instead of substituting live data (0.046583ms)
✔ invalid original receipt number string stops instead of substituting live data (0.066708ms)
✔ invalid original receipt NaN stops instead of substituting live data (0.066541ms)
✔ invalid original receipt bad low stops instead of substituting live data (0.056834ms)
✔ invalid original receipt negative volume stops instead of substituting live data (0.050292ms)
✔ API sends owner and abort signal with no-store; unavailable receipt never calls a live feed (33.038792ms)
✔ radar submits captured owner with manual intent, polls as system, and preserves old cache adjustment (25.060459ms)
✔ late submit after adjust cannot become a scan result or cache (9.932208ms)
✔ late submit after window cannot become a scan result or cache (1.166125ms)
✔ late submit after owner cannot become a scan result or cache (1.218584ms)
✔ late submit after roundtrip cannot become a scan result or cache (1.896083ms)
✔ late submit after unmount cannot become a scan result or cache (1.112583ms)
✔ late poll after adjust cannot become a scan result or cache (0.939167ms)
✔ late poll after window cannot become a scan result or cache (2.189875ms)
✔ late poll after owner cannot become a scan result or cache (1.022542ms)
✔ late poll after roundtrip cannot become a scan result or cache (1.223208ms)
✔ late poll after unmount cannot become a scan result or cache (2.068917ms)
✔ a failed new scan cannot re-display or replace old success; explicit retry is independent (2.292417ms)
✔ invalid result rows is never cached (1.777625ms)
✔ invalid result counts is never cached (1.354125ms)
✔ invalid result id is never cached (0.927333ms)
✔ storage denial preserves valid live results with an explicit notice (1.558458ms)
✔ actual picker loads the original complete warmup and stores actual dates, not form defaults (5.416209ms)
✔ failed original input does not fall back to newly fetched prices (7.271125ms)
✔ pending original input cannot commit after owner (10.970042ms)
✔ pending original input cannot commit after code (20.064208ms)
✔ pending original input cannot commit after unmount (4.042917ms)
✔ radar review captures row adjustment, exact minute, strategy and original cutoff (0.839167ms)
✔ invalid or legacy reviews fail explicitly without guessing data or adjustment (0.43525ms)
✔ exchange-local dates validate without browser timezone conversion (0.085958ms)
✔ review excludes future and unclosed bars, resets derived fingerprint and reports actual range without mutating source (0.869292ms)
✔ radar cache is owner scoped and malformed/legacy records never enter the UI (0.495625ms)
✔ late messages, close and errors from an old socket cannot affect replacement (5.486375ms)
✔ invalid messages and control responses never become ticks; close reason retained (0.681375ms)
✔ matching versions are selected by case identity without mutation (3.439708ms)
✔ future snapshots, wrong rules, incomplete chains and duplicate cases are rejected (0.279084ms)
✔ labels never confuse endpoint consistency or higher-centre proof with completion (0.149667ms)
✔ v2 keeps the detached prefix and v1 remains readable (0.327917ms)
✔ v3 supports trend search while retaining the same ownership guards (0.404083ms)
✔ missing, duplicated, misattributed or silently completed prefix is rejected (2.844625ms)
✔ reincorporation is recorded explicitly instead of erasing detached history (0.226125ms)
✔ accepts bounded history and empty verified batches (0.525458ms)
✔ rejects wrong batch, future indices, broken sources and contradictory state (0.223459ms)
✔ research labels distinguish absence, release, retained and internal (0.074416ms)
✔ late old responses cannot own a newer research request (0.996584ms)
✔ submission fields are captured values, not mutable form references (1.057041ms)
✔ navigation preserves explicit stock/index/fund/board identity and parameters without auto run (1.707ms)
✔ ambiguous identity is rejected rather than guessed or numeric code padded (0.120584ms)
✔ query parser rejects incomplete, duplicate, incompatible and mixed-context values (1.043542ms)
✔ snapshot import keeps original data and normalizes optional display metadata (2.779042ms)
✔ reject invalid schema, periods, oversized arrays and impossible candle prices (1.103541ms)
✔ cloud archives retain larger frozen windows and all supported distinct periods (9.603125ms)
✔ import keeps valid frozen outputs and rejects mismatched frozen data instead of recomputing (0.447875ms)
✔ window is exchange local and bounded by the snapshot cutoff (1.382042ms)
✔ missing numbers and candidate status are never promoted (0.285167ms)
✔ amber projection resolves daily and minute labels, ignores open candle (0.653041ms)
✔ three workspaces are keyboard traversable without dropping an existing mode (0.82475ms)
✔ mobile comparison shows exactly the selected snapshot; desktop shows both (0.098166ms)
✔ inactive research never starts automatic work, valid active research does (0.08325ms)
✔ saved single strategy restores market, period, adjustment and all execution costs exactly (5.27925ms)
✔ missing legacy fields disclose supplied defaults instead of claiming complete restoration (0.565542ms)
✔ explicit contradictory market and unsupported instruments are not silently rewritten (0.412875ms)
✔ invalid present fields are errors, not fallback defaults (0.305416ms)
✔ saved links identify records only and cannot inject alternate execution context (0.235375ms)
✔ market entry preserves local dates and strategy, runs only on explicit request (11.326167ms)
✔ boards entry preserves local dates and strategy, runs only on explicit request (4.383ms)
✔ mixed market context blocks all loading and computation: savedStrategyId (1.760333ms)
✔ mixed market context blocks all loading and computation: optimizationContext (0.963417ms)
✔ mixed market context blocks all loading and computation: autoRun (0.97475ms)
✔ mixed market context blocks all loading and computation: unexpected (0.92125ms)
✔ slow catalog cannot overwrite input with a market entry (3.977458ms)
✔ slow catalog cannot overwrite owner with a market entry (1.786ms)
✔ catalog-stage input cannot restore saved inputs or dispatch a task (3.718958ms)
✔ catalog-stage params cannot restore saved inputs or dispatch a task (2.592375ms)
✔ catalog-stage owner cannot restore saved inputs or dispatch a task (2.248541ms)
✔ catalog-stage failure cannot restore saved inputs or dispatch a task (1.561834ms)
✔ optimization context restores every execution field and malformed context blocks dispatch (1.589375ms)
✔ actual backtest view loads exact saved context without running, then saves the configuration used (1.196291ms)
✔ saving original radar warmup uses loaded input dates, not hidden form defaults (1.458959ms)
✔ late saved record cannot overwrite owner (1.822875ms)
✔ late saved record cannot overwrite route (1.290625ms)
✔ late saved record cannot overwrite input (1.234ms)
✔ late saved record cannot overwrite unmount (1.118833ms)
✔ invalid saved context blocks run, while legacy missing fields disclose fallback (6.575916ms)
✔ every execution input invalidates the old result before it can be saved (17.71675ms)
✔ editing a cost while bars are pending never runs the new form on the old request (0.942625ms)
✔ save completion after owner cannot write into a different page or account (1.065042ms)
✔ save completion after route cannot write into a different page or account (0.985583ms)
✔ save completion after unmount cannot write into a different page or account (0.969084ms)
✔ audit description translates permissions and never renders arbitrary detail fields (1.451916ms)
✔ audit time is explicitly Shanghai time and invalid data remains readable (25.144209ms)
✔ audit API preserves bounded pagination/filter state and authenticated credentials (20.419917ms)
✔ distinguishes no candidate, failed current audit, and actual invalidation without promoting legacy state (1.502417ms)
✔ filters independent families and directions without merging special and local dual-line evidence (0.979334ms)
✔ searches lifecycle dates and failure reasons with all terms required, retaining original source objects (0.722833ms)
✔ searches diagnostic rejection history without silently reviving historical candidates (0.570208ms)
✔ all excludes bc false, preserves input order and records, and does not infer missing direction (0.16025ms)
✔ legacy diagnostic family is standard, and empty diagnostics do not invent rejection records (0.103875ms)
✔ structural points retain their own confirmation and evidence, never deriving them from a MACD source (0.299125ms)
✔ M1 uses exact existing gates and remains a separate view of its original standard event (0.208958ms)
✔ combined date query finds independent point, prompt and event records without deduplication or additive counts (0.118875ms)
✔ chart date matches structured lifecycle timestamps, not coincidental prose dates (0.230208ms)
✔ minute evidence uses exact exchange-local minute, accepting T/space and refusing missing time (0.089625ms)
✔ chart date includes diagnostic ABC and rejection coverage without inventing open or reversed intervals (0.20075ms)
✔ date scope combines with all filters for structural points and original M1 sources (0.092709ms)
✔ new standard evidence explains price, old blocker and independent special lifecycle (1.066292ms)
✔ new gates include counts, boundary and dates without undefined placeholder (0.20775ms)
✔ legacy comparisons retain old detected confirmed and invalidated dates (0.145625ms)
✔ initial schema and refreshed catalog preserve supplied parameters; strategy change alone resets (2.636333ms)
✔ late catalog defaults are suspended until route validation and then fill only missing fields (1.003666ms)
✔ structure dates remove midnight noise without changing intraday precision (2.272917ms)
✔ centre evidence distinguishes fixed core, outer range and candidate expansion (0.564916ms)
✔ segment evidence includes source prices and reverse proof with one-based labels (0.186375ms)
✔ missing legacy evidence does not invent confirmation (0.1065ms)
✔ special inclusion explains boundary exception without labelling it an ordinary fractal (0.072792ms)
✔ centre relation history distinguishes current candidate from original separation (0.098834ms)
✔ confirmation replay translates raw indices without date matching (0.074167ms)
✔ unknown, invalid or out-of-snapshot confirmations have no replay target (0.079542ms)
✔ connection badge validates shared time, price and alternating direction (0.112916ms)
✔ reverse preview uses observed extreme, not last close or a future target (0.911167ms)
✔ mirrored lows produce an upward reference (0.099875ms)
✔ no invented reference for missing, ambiguous, extending, or invalid inputs (0.099875ms)
✔ replay prefix cannot use a later extreme; ties retain first occurrence (0.099875ms)
✔ ongoing consolidation differs by color, line pattern, and fill (0.094041ms)
✔ defaults and bounded settings never expose strict price overrides (1.1215ms)
✔ evidence replay uses its own frozen period settings (0.107334ms)
✔ settings disclosure is closed by default and reuses existing controls (1.260958ms)
✔ actual component captures every selected period and failure; automatic work stays system-origin (20.669084ms)
✔ all collection failures are exportable reports, never empty success or recomputable invented bars (1.631916ms)
✔ missing response rows are retained as explicit errors; unexpected rows or cutoff cannot enter a saved result (3.44525ms)
✔ late study response cannot be saved after account (1.030792ms)
✔ late study response cannot be saved after input (1.748292ms)
✔ late study response cannot be saved after unmount (0.836917ms)
✔ invalid collection coverage cannot silently omit a period during import (1.592625ms)
✔ actual study freezes independent radar lineage, preserves it through import and recompute, and refuses foreign source (3.162917ms)
✔ task stores detached actual inputs, user submission and system polling (1.705125ms)
✔ invalidated submit resolve cannot revive result/error/spinner (22.564416ms)
✔ invalidated submit reject cannot revive result/error/spinner (1.326791ms)
✔ invalidated poll resolve cannot revive result/error/spinner (1.039334ms)
✔ invalidated poll reject cannot revive result/error/spinner (1.026ms)
✔ earlier request completion cannot stop a newer task or replace its context (24.361ms)
✔ owner change stops polling and cannot attribute prior account result to the new account (5.075708ms)
✔ failed remains failure, never successful completion (0.60325ms)
✔ cancelled remains failure, never successful completion (0.549583ms)
✔ timed_out remains failure, never successful completion (0.255167ms)
✔ cancelling is not completed; wrong ID, malformed result and unknown status fail closed (2.483209ms)
✔ deadline aborts polling and explicitly says the server may still be running (21.544625ms)
✔ task API sends captured owner and abort signal; old callers remain compatible (12.676375ms)
✔ progress is bounded, readable work units rather than inferred total percent (1.127791ms)
✔ factor result review freezes complete task data without lookup or recomputation (63.306042ms)
✔ completed phase never publishes result while task is still running (18.8715ms)
✔ untrusted progress cannot be used to publish an apparently completed task (2.547041ms)
✔ historical review uses owner-bound read-only fetch and account invalidation (1.454875ms)
✔ task list rejects malformed responses instead of replacing records with undefined (25.268375ms)
✔ cancelling is not terminal and elapsed values remain readable (0.142708ms)
✔ runBacktestWithPolling waits through cancelling and returns cancelled (17.027584ms)
✔ runBacktestWithPolling waits through cancelling and returns timed_out (1.377834ms)
✔ runSignalScanWithPolling waits through cancelling and returns cancelled (4.983875ms)
✔ runSignalScanWithPolling waits through cancelling and returns timed_out (1.802584ms)
✔ cancel API uses POST, and partial cancelled scan results are never accepted (0.308541ms)
✔ persistent recovery and version mismatch are distinct from completion (0.331166ms)
✔ terminal task deletion handles empty 204 and encodes identity (0.131333ms)
✔ checkpoint presence is not confused with verified reuse or task completion (0.292875ms)
✔ cached completed submission is retrieved rather than shown as running (0.165208ms)
✔ network failures are localized across WebKit, Chromium and Firefox (0.364084ms)
✔ tracking archive preserves raw input, precision, rules and can import read-only (2.640666ms)
✔ missing raw input (0.212833ms)
✔ wrong adjustment (0.095875ms)
✔ wrong period (0.115583ms)
✔ duplicate target (0.12025ms)
✔ false success (0.10325ms)
✔ unknown state (0.067709ms)
✔ cancelled empty expansion and partially completed batches retain actual states (0.106542ms)
✔ failed upload retries same identity and frozen payload, independent new batch gets a new identity (44.01225ms)
✔ late previous-owner save is discarded and never retried as the next account (0.380917ms)
✔ non-finite result stays unsaved rather than converting to null (0.164041ms)
✔ empty selections include every row, including incomplete results (0.447542ms)
✔ same period/column selections are OR, other columns and periods are AND (0.167541ms)
✔ total selection does not bypass other criteria; missing periods never count as neutral signals (0.075417ms)
✔ toggle/removal preserves all other selections and never mutates input (0.399416ms)
✔ status selection uses OR with empty meaning all; can combine with breadth (0.084ms)
✔ route consumer can unmount and remount while the one sequential analysis continues (16.037916ms)
✔ explicit stop retains completed rows and marks running/unstarted rows cancelled (0.352792ms)
✔ owner change or revoked access clears results and rejects late old publications (0.269417ms)
✔ background completion includes per-target failure and expansion failure without false success (0.273667ms)
✔ cancel during board expansion cannot publish late entries (0.185042ms)
✔ tracking transport binds owner, stops on permission failure and does not relabel name/market requests (11.781042ms)
✔ late auth error on an already-cancelled old transport never stops the next job (0.220708ms)
✔ route delegates lifetime and owns bounded vertical scrolling; application binds ownership (0.969417ms)
✔ finished batches emit independent history even without a route consumer (0.453625ms)
✔ tracking identity separates asset types, exchanges and board catalogues (1.407125ms)
✔ cloud book validates without silently dropping corrupt groups or duplicate entries (0.656416ms)
✔ expansion preserves every member and all board/direct sources, not a 200-row display page (1.335875ms)
✔ membership failure is explicit and malformed partial membership is never accepted (0.256584ms)
✔ batch runs sequentially, keeps partial errors and continues after a failed target (9.148417ms)
✔ cancellation marks in-flight and unstarted rows, ignoring a late success (0.177791ms)
✔ group breadth counts only available periods, never treats failed targets as neutral evidence (0.23825ms)
✔ every clickable breadth count equals matching target count; periods and point families stay independent (0.204042ms)
✔ exact current revision accepts only its own evidence without mutation (0.991875ms)
✔ old partition, stale version, future evidence and false completion are rejected (0.249291ms)
✔ historical audit cannot import a later opposite segment (0.07825ms)
✔ empty partitions and higher-proof priority retain explicit blockers (0.074333ms)
✔ new blockers use Chinese labels without calling prerequisites completion (0.14325ms)
✔ missing comparison interval is explained in Chinese without inventing a date (0.62175ms)
✔ special diagnostics identify each A indicator witness rather than the price witness (0.175917ms)
✔ nonstandard DEA axis gate remains explicit without an improvement requirement (0.136417ms)
✔ DEA tolerance discloses research threshold, precise deviation and near-zero fallback (0.970833ms)
✔ wave evidence separates effective A from original wave and local pivots (0.331833ms)
✔ rounded equal line extrema disclose the precise failed values and witness times (0.129375ms)
✔ comparisons are explicitly research only and preserve B/C axis checks (0.107083ms)
✔ unformed candidate shows Chinese gates, two-decimal values and rejection dates (0.105167ms)
✔ new nonstandard audit explicitly uses full A and first-formed reverse evidence explains gaps (0.1145ms)
ℹ tests 680
ℹ suites 0
ℹ pass 680
ℹ fail 0
ℹ cancelled 0
ℹ skipped 0
ℹ todo 0
ℹ duration_ms 8357.057042
→ 打包中…
→ 运行测试…
京东方评级: D 分数: 34.3
维度明细: 卡玛比率=22.7, 最大回撤=27.5, 胜率=33.5, 利润因子=34.1, 夏普比率=41.5, 波动率=50.1
否决: 利润因子 1.11 接近 1，仅勉强盈亏平衡
长线优质策略评级: B 分数: 64.5
维度权重: 卡玛比率=28%, 最大回撤=26%, 胜率=0%, 利润因子=0%, 夏普比率=23%, 波动率=23%
优质案例评级: A 分数: 83.9
寻优点评级: A 74
组合重算指标: { '年化': '20.83%', '回撤': '0.80%', '夏普': '5.27', '卡玛': '26.03' }
稳定上涨组合评级: S 91.8
波动组合重算: { '回撤': '44.15%', '夏普': '-2.64', '持续': 60 }
波动组合评级: D 18.5
✔ 新版组合评级使用后端采样，不按图表柱数重新日线年化 (1.416334ms)
✔ 必要风险指标缺失不能展示为零风险或正常评级 (0.265916ms)
✔ 无穷比率不等于满分，真实零利润因子仍按亏损判断 (0.151041ms)
✔ 京东方回测必须评为 D 档（用户核心诉求验证点） (0.483667ms)
✔ 京东方评分应在 30-43 区间（C 与 D 的边界） (0.098416ms)
✔ 低利润因子触发系统亏损否决 (0.066625ms)
✔ 样本不足（< 10 笔交易）降权但不否决整个评级 (0.210667ms)
✔ 用户实测场景：6年6笔交易 + 高夏普 → 应得 A/B（核心回归测试） (0.234542ms)
✔ 深回撤 > 60% 触发直接 D 否决 (0.138125ms)
✔ 优质回测应得 A 或 S 档 (0.150708ms)
✔ 高回撤但收益高 → 最高 B（一票否决 cap） (0.084708ms)
✔ 插值函数：边界值取端点分数 (0.067042ms)
✔ 插值函数：中间值线性插值 (0.045ms)
✔ 寻优评级：4 维度降级版 (0.096583ms)
✔ 寻优评级：网格点交易太少 → 降权但评级照常 (0.070583ms)
✔ 组合评级：稳定上涨净值应得 A 或 S (1.429417ms)
✔ 组合评级：高波动深回撤净值 → 低档 (0.510542ms)
✔ combinedMetrics：单点净值返回全 0（兜底） (0.050208ms)
✔ 历史组合仅保留原值，不从曲线推断日线或重算评级 (0.446083ms)
✔ v1-v4、未知版本及不完整依据不伪装为新版结果 (0.586375ms)
✔ 新版结果使用已记录指标，真实 999 和零不被当作历史哨兵 (0.08225ms)
✔ 指标状态缺失或与数值冲突不能产出评级，包括被降权维度 (0.098625ms)
✔ 低交易样本的真实不可用逐笔指标仍可降权，不误拦截可用净值评级 (0.086875ms)
✔ 寻优逐行核验新版采样与候选状态，输入范围不替代候选证据 (0.117375ms)
✔ 完整快照保留精度、真实 0/999、全部指标及版本且不关联可变输入 (0.600625ms)
✔ 策略保存接受真实 Vue 响应式结果，不因 Proxy 无法 structuredClone 而失败 (0.5345ms)
✔ 再次保存历史指标不补造新版计算或评级依据 (0.099458ms)
✔ 对比展示原值并指出版本、周期、范围与利率差异，不自动重算 (0.236167ms)
ℹ tests 28
ℹ suites 0
ℹ pass 28
ℹ fail 0
ℹ cancelled 0
ℹ skipped 0
ℹ todo 0
ℹ duration_ms 89.545375
