
> web-ui@0.0.0 test
> node scripts/run-tests.mjs

✔ tracking is restricted to active administrators and explicitly authorized users (0.716084ms)
✔ presence requires visible focused recent interaction and never negative elapsed time (0.130042ms)
✔ admin query descriptions label metadata and disclose truncated targets (9.3565ms)
✔ code labels use market-qualified identities and visible missing-name fallback (0.458041ms)
✔ name hydration is automatic, market-separated, bounded, and abort-aware (39.723875ms)
✔ all current chart inspector evidence stays readable without altering original nested data (22.678583ms)
✔ reject malformed fields reachable from overlays, popovers and every inspector section with exact paths (14.044375ms)
✔ optional old fields and empty failure checkpoints remain readable, no missing-state invention (0.162791ms)
✔ archive calendar validation rejects normalized impossible dates and illegal clock/offset values (7.215417ms)
✔ bar validation compares actual instants, retains raw strings, rejects equal instants and malformed volume (12.725041ms)
✔ existing frozen matrix bar sources remain readable without mutation (61.063375ms)
✔ event lists and evidence-set reordering never imply new or changed signals; originals remain intact (13.982875ms)
✔ state, lifecycle times and unrounded evidence are classified separately on the same identity (0.704917ms)
✔ same date across families and sides remains independent; true event additions/removals are distinct (20.664667ms)
✔ duplicate identities preserve all records and are never paired arbitrarily (2.633875ms)
✔ missing identity does not cause false removals or additions in its collection (1.115834ms)
✔ missing source/list is unknown, not empty or proof of no events (0.37875ms)
✔ never-candidate diagnostics match without A or reference, including special B-only records (0.902ms)
✔ A trimming changes evidence not identity; original wave anchors and reference changes distinguish bases (31.328667ms)
✔ date normalization preserves intraday, microsecond and timezone distinctions (3.580708ms)
✔ source differences and unknown fields/ordered evidence are retained (1.254166ms)
✔ different instruments, periods or study results are not matched (8.961584ms)
✔ structure divergences are supported without inventing MACD wave anchors (2.076ms)
✔ legacy local migration keeps original payload, precision, versions and unknown fields without upgrading (3.584167ms)
✔ cloud exports use latest metadata but retain the original immutable payload, not old cloud ID/revision (0.690833ms)
✔ study import preserves successful and failed periods plus original warmup and primary metadata (0.851042ms)
✔ unknown, incomplete, oversized and nonfinite backups are rejected, never uploaded as summaries (328.723291ms)
✔ all supported chart outputs preserve full precision, null warmups, style and instance order (8.197542ms)
✔ migration IDs survive rescanning/reload, preserve precision and isolate owners and changed content (16.258625ms)
✔ migration rejects missing owners, foreign archives and malformed inputs before upload (0.429083ms)
✔ post-inspection changes never upload under a previously confirmed identity (1.873584ms)
✔ lost response retries the same immutable body and id, without automatic retry or local deletion (1.980791ms)
✔ stop or account changes before/after read and upload discard stale results (0.735583ms)
✔ deleted cloud copies are not restored, purged copies and wrong response IDs are not treated as success (0.680583ms)
✔ chart plan freezes original data and uses original identity/window, not current selection (5.341166ms)
✔ missing volume/time/parameters and unsupported length never silently become a smaller/default study (12.306125ms)
✔ study plan preserves actual research settings and saved time labels (0.2195ms)
✔ saved structural settings survive chart and study archive replay; mismatch is rejected (4.75375ms)
✔ unrounded path diff distinguishes null, missing, structure, empty arrays, and ordering (0.2805ms)
✔ response must match request, instrument, version, scope and period identities (1.711042ms)
✔ new archive retains original bars/lineage but never relabels frozen old indicators as recomputed (0.422708ms)
✔ study without saved input retains an explicit uncomputed row, never pretends all periods succeeded (0.192958ms)
✔ complete indicator recompute preserves saved settings, checks response and saves only new values (1.362625ms)
✔ missing or unknown saved indicator parameters cannot borrow current defaults (0.343292ms)
✔ original valid study rows retain precision, unknown fields, true zero and no recomputation (3.996208ms)
✔ invalid nested fields become explicit per-period errors, not silently missing rows (2.090041ms)
✔ strict pen fields reject coercion and preserve historical source errors without reading their invalid nested fields (0.557833ms)
✔ duplicates are not cherry-picked and malformed or future rows remain in original-record entries (0.243417ms)
✔ full backtest file and cloud envelope retain all fields; no implicit Chanlun recompute (6.491291ms)
✔ invalid cash cannot become a readable archive (0.14975ms)
✔ invalid params cannot become a readable archive (0.0915ms)
✔ invalid adjust cannot become a readable archive (0.203375ms)
✔ invalid null lineage cannot become a readable archive (0.146459ms)
✔ invalid net value cannot become a readable archive (0.095ms)
✔ invalid future trade cannot become a readable archive (0.085458ms)
✔ invalid duplicate date cannot become a readable archive (0.085167ms)
✔ invalid missing metrics cannot become a readable archive (0.075542ms)
✔ invalid nested infinity cannot become a readable archive (0.156042ms)
✔ invalid coerced rejected cannot become a readable archive (0.156208ms)
✔ actual store freezes submitted input and result separately from later source mutation (323.66125ms)
✔ actual store rejects stale or failed owner run and clears prior archive (27.657542ms)
✔ actual store rejects stale or failed input run and clears prior archive (28.201709ms)
✔ actual store rejects stale or failed clear run and clears prior archive (84.76475ms)
✔ actual store rejects stale or failed failure run and clears prior archive (11.529667ms)
✔ trade lookup keeps the exact minute across separators, precision and days (1.015625ms)
✔ date-only values cannot choose the midnight bar of an ambiguous day (0.264041ms)
✔ daily and duplicate exact timestamps keep first positional matches (0.196917ms)
✔ nanoseconds and timezone text are not truncated into a false match (0.220125ms)
✔ date labels preserve useful precision without local timezone conversion (0.454583ms)
✔ higher sources resolve actual records and separate original from current review time (1.243875ms)
✔ base sources and foreign witness rejection have distinct Chinese descriptions (0.101ms)
✔ inconsistent candidate has no replay evidence: unknown reason (0.081125ms)
✔ inconsistent candidate has no replay evidence: prototype key (0.065583ms)
✔ inconsistent candidate has no replay evidence: future version (0.053167ms)
✔ inconsistent candidate has no replay evidence: future completion (0.048125ms)
✔ inconsistent candidate has no replay evidence: missing time (0.78825ms)
✔ inconsistent candidate has no replay evidence: empty source (0.090291ms)
✔ inconsistent candidate has no replay evidence: duplicate source (0.074334ms)
✔ inconsistent candidate has no replay evidence: unknown source (0.176167ms)
✔ inconsistent candidate has no replay evidence: mixed levels (0.075542ms)
✔ inconsistent candidate has no replay evidence: future child (0.064708ms)
✔ inconsistent candidate has no replay evidence: wrong child level (0.054042ms)
✔ inconsistent candidate has no replay evidence: duplicate record (0.047291ms)
✔ inconsistent candidate has no replay evidence: empty record range (0.0505ms)
✔ inconsistent candidate has no replay evidence: gap (0.051083ms)
✔ inconsistent candidate has no replay evidence: wrong parent range (0.040834ms)
✔ inconsistent candidate has no replay evidence: reversed sources (0.040583ms)
✔ inconsistent candidate has no replay evidence: unsafe base number (0.045583ms)
✔ 80 percent transparency is 20 percent alpha, for both candle directions (0.464958ms)
✔ transparency stays finite, integer, and bounded (0.084666ms)
✔ body is symmetric around the unchanged wick across widths and fractional positions (25.611083ms)
✔ horizontal candles preserve every price coordinate (0.221958ms)
✔ missing or non-finite candle layouts are left untouched (0.144041ms)
✔ native ECharts layout remains centred after resize, zoom and data replacement (312.290959ms)
✔ zooming out of large-data line mode restores centred candle bodies (69.498625ms)
✔ structure widths retain existing defaults and hover appearance (7.116167ms)
✔ manual values stay finite, bounded, and at two decimal places (0.378458ms)
✔ raw index overrides rounded dates, including zero (20.108958ms)
✔ legacy intraday dates never fall back to the first bar of the day (0.159333ms)
✔ duplicate formatted times fail safely without a raw index (0.081333ms)
✔ padding keeps the 23px marker plus radius inside the price pane (0.125375ms)
✔ flat, zero and negative ranges get finite padding; invalid extents do not (0.102917ms)
✔ single-bar time link is a thin line limited to each actual plot (0.825125ms)
✔ multi-bar time link has no border and clips to plot, never clamps offscreen data to an edge (0.092ms)
✔ time links map daily coverage to all minute bars, not a matching ordinal (0.158584ms)
✔ weekly and monthly end-labelled bars cover earlier constituent dates without changing data (12.386375ms)
✔ nearest marker wins regardless of signal family, only co-located points share chooser (0.631791ms)
✔ immutable request cache deduplicates pending work, isolates payload keys and retries errors (0.7525ms)
✔ all six structural types keep extrema and confirmation separate with original evidence (0.625791ms)
✔ legacy records do not invent confirmation or structural sources (0.1285ms)
✔ M1 keeps independent MACD source and original direction, never a structural type (0.319208ms)
✔ all chart layers override independent animation and progressive rendering (0.840959ms)
✔ archive tooltip labels and evidence remain text, not active HTML (0.9715ms)
✔ rejects invalid saved zooms (0.7505ms)
✔ same-snapshot redraw keeps current manually chosen view (0.096166ms)
✔ focus redraw keeps manual zoom; clearing restores pre-focus view (0.072041ms)
✔ switching focus preserves the original return view (0.061875ms)
✔ new snapshot resets saved focus view and never revives old zoom (0.065083ms)
✔ default inactive; moving does not show cards and leaving does not deactivate (0.831542ms)
✔ object previews can read date-card activation without activating it (0.154708ms)
✔ click selects a point; outside click closes; inside click is not dismissed (0.110875ms)
✔ activated cards follow movement until outside dismissal, then require another click (0.115125ms)
✔ zoom clears stale coordinates but preserves activation (0.077208ms)
✔ data reset and Escape deactivate; teardown removes all handlers (0.11175ms)
✔ archive requests bind current owner and bypass browser cache (51.659542ms)
✔ cloud directory validates all rows, quotas and identities without dropping broken entries (10.571292ms)
✔ original detail requires an object payload but action receipts may omit it (0.332417ms)
✔ account change discards delayed success and delayed errors (15.842375ms)
✔ unauthenticated archive requests do not reach server; structured conflicts remain actionable (3.3185ms)
✔ upload retries retain immutable captured body and all numerical precision (2.029875ms)
✔ directed centre chain is candidate evidence, not completion (2.307542ms)
✔ touching, opposing, future, overlapping or malformed chains fail closed (0.27475ms)
✔ single-centre and legacy components remain readable (0.133458ms)
✔ inside, border, reversed y and overlapping rectangles resolve newest first (0.775ms)
✔ invalid or missing render coordinates cannot create hits (0.080875ms)
✔ popup stays within narrow viewport and near-edge right click (0.081584ms)
✔ roles are Chinese and unknown roles never claim completion (0.849625ms)
✔ source ranges keep one-based indices without disguising gaps (1.749833ms)
✔ coverage checks counts, repeats and missing IDs (0.238834ms)
✔ missing, empty and rejected suffix are explicit (1.370958ms)
✔ invalid counts and empty blocks cannot pass the coverage audit (0.342333ms)
✔ uses raw indices, allows shared endpoints and bounds zoom padding (0.912167ms)
✔ does not invent a B interval or infer indices from formatted dates (0.087ms)
✔ rejects partial, reversed, overlapping and out-of-snapshot evidence (0.12ms)
✔ allows inspection of historical failed evidence without reviving it (0.105166ms)
✔ local proof draws frozen exact endpoints only after its actual confirmation (0.157584ms)
✔ dual-line divergence uses two exact raw indices, never artificial ABC ranges (0.0825ms)
✔ dual-line focus rejects missing, duplicate, reversed and out-of-range points (15.649666ms)
✔ special wave focus uses AB and its extreme without inventing C (0.14325ms)
✔ direction, family and lifecycle have independent marker styles (1.512583ms)
✔ no-C dual-line remains a circle and fills only on first reverse-pen confirmation (1.920167ms)
✔ M1 is restricted to confirmed waves with a later actual confirmation (0.30525ms)
✔ four families retain independent records and nonstandard uses a triangle (0.270041ms)
✔ October 4 marker matrix uses shape for family and colour only for direction (0.141666ms)
✔ special AB evidence separates A line extrema from both price anchors and legacy pivots (0.13725ms)
✔ history is opt-in, inactive stays grey hollow, never creates M1 (0.126375ms)
✔ every historical shape uses a continuous hollow contour, including on hover (0.126333ms)
✔ new nonstandard evidence relaxes prices only and records each subtype (0.112916ms)
✔ new dual rule cannot fill without recorded later local confirmation (0.096916ms)
✔ historical engineering match retains original timing without claiming regrouping completion (1.009625ms)
✔ future, stale, mismatched or incomplete evidence fails closed (0.308875ms)
✔ older snapshots and unmatched parts keep existing natural audit available (0.064375ms)
✔ engineering provenance uses the same one-based numbering as other inspectors (0.573292ms)
✔ mixed recursion distinguishes consolidation and trend from the old trend view (0.157333ms)
✔ unknown or reversed provenance is not presented as a completed trend (0.077833ms)
✔ indicator and price values use two decimals without inventing missing evidence (0.092042ms)
✔ recursive centre relations never call extension candidates completed types (0.102167ms)
✔ admissions distinguish unit confirmation from later failed-return admission (0.075584ms)
✔ display fields retain all text including dates, provenance, and secondary colons (3.977333ms)
✔ narrative, missing evidence, and timestamp headings remain whole (0.456333ms)
✔ selects the exact source without replacing missing comparison periods with the primary (0.537375ms)
✔ prefix audit preserves original warmup snapshot and its own instrument and period (0.461375ms)
✔ rejects invalid positions, missing identity and explicitly unclosed prefix data (0.188458ms)
✔ optimization carries full execution and identity without live defaults (3.83075ms)
✔ malformed, mixed, missing or conflicting optimization context never silently defaults (1.087875ms)
✔ multi original replay preserves costs, slots and adjustment; extend changes only end dates (0.591583ms)
✔ multi rejects corrupt and incompatible slots without dropping or repairing any (0.31125ms)
✔ legacy missing settings are disclosed with deterministic defaults, explicit invalid values rejected (0.14525ms)
✔ combining equal-account singles preserves per-slot cash and costs; conflicts rejected not rewritten (0.341584ms)
✔ all candidate states distinguish eligibility from completed natural types (1.75825ms)
✔ opposite geometry identifies reused next-part evidence, including nonzero source IDs (0.593833ms)
✔ external opposite geometry is not added to candidate membership (0.105166ms)
✔ missing, stale, misattributed or future opposite geometry is not displayed as matched (0.13825ms)
✔ preferred endpoints are never called completed types; conflicts are retained (0.081459ms)
✔ opposite base turn is not same-level completion (0.103375ms)
✔ price formatting preserves zero and boundary contact, guards non-finite values (0.116708ms)
✔ candidate audit joins by identity, not response order (0.076292ms)
✔ part audit must match ordinal AND exact raw source IDs, including shifted IDs (0.137959ms)
✔ locates the three raw ranges without relabelling them as MACD or confirmed centres (6.866417ms)
✔ candidate must already be observable at the CURRENT replay prefix (0.487917ms)
✔ no incomplete, waiting or unsupported candidate is given a fabricated range (0.240084ms)
✔ raw bar boundaries must be contiguous and inside the visible window (0.327041ms)
✔ source partitions must cover every original segment once, preserving nonzero IDs (0.288625ms)
✔ conflicting geometric fallback remains viewable for manual audit (0.219834ms)
✔ clearing a regrouping focus restores original zoom; a new replay snapshot does not (0.37175ms)
✔ membership labels distinguish source confirmation from later admission (1.214292ms)
✔ admission witness distinguishes confirmation dependency from geometric membership (0.156208ms)
✔ old or malformed evidence never invents an admission witness (0.139167ms)
✔ real frozen result archives preserve every input, missing tag, precision and failed factor (101.700834ms)
✔ factor cloud envelope imports as independent copy without original identity (1.725625ms)
✔ partial or incompatible archives fail explicitly, not repaired from the current catalog (494.032917ms)
✔ read-only renderer has no execution or market API imports; explicit replay is separate (5.024792ms)
✔ same-account profile refresh preserves replay state; identity changes invalidate synchronously (6.37425ms)
✔ benchmark dependency uses declared input not a guessed name (0.841834ms)
✔ pool rejects mixed frozen index versions, allowing different stock calendars (2.745125ms)
✔ frozen exact pairing retains absent date and rejects silent fill or replacement (0.344458ms)
✔ failed auxiliary fetch must be explicitly recorded for both fields; legacy needs none (0.092334ms)
✔ UI exposes benchmark conditionally and invalidates both research paths (6.939875ms)
✔ library navigation and Chinese/identifier/family search preserve full matching set (0.595875ms)
✔ availability is evaluated by adjustment and period without mutating selections (1.366583ms)
✔ single and multi-track axes share compact large units and distinct small ticks (4.020042ms)
✔ correlation uses its mathematical range; raw factors keep their own scale (0.36225ms)
✔ tiny values remain visible and tooltip raw precision is not rounded (1.683667ms)
✔ percentage is presentation only, gaps and source values are preserved (2.397208ms)
✔ disabled combination does not add implicit weights; enabled selection is explicit (1.017959ms)
✔ actual Python report preserves the combination through export and read-only reopen (36.607833ms)
✔ incomplete or contradictory composition archive is rejected, never repaired (68.135125ms)
✔ horizon selection is bounded, canonical and never silently amended (0.864875ms)
✔ horizon view uses frozen results without changing configuration or primary report (108.50025ms)
✔ all horizons survive draft/export/import and old single archives still read (76.674333ms)
✔ missing windows, wrong labels and disagreement with primary reports fail closed (57.953083ms)
✔ request selection invalidates immediately; display-only switching does not (2.4695ms)
✔ multiple horizons dispatch one explicitly manual request with complete selection (136.555875ms)
✔ dimensionless exponents are not presented as bar counts (1.294667ms)
✔ filtered sample windows are never labelled as calendar periods (0.847875ms)
✔ named GTJA dependency paths use maximum chain and all edited windows (3.704125ms)
✔ GTJA compound windows and cross-library identical mean ratios are explicit (0.75325ms)
✔ parameter selection copies only active settings without mutating cached settings (0.549334ms)
✔ builtin decimal multiplier, ordering, effective identity and actual labels (0.228875ms)
✔ reset only one parameter, retain other overrides without mutating input (3.660458ms)
✔ history warning uses full effective warmup, not all parameters as rolling windows (0.467959ms)
✔ names and validation use actual windows; equivalent formula choices rejected (0.203125ms)
✔ recompute task request binds owner, source revision and manual intent; polling stays automatic (125.729125ms)
✔ history retains the complete recompute envelope, not just numerical results (76.5795ms)
✔ replay uses shared task invalidation and archive saving preserves replay metadata (2.95275ms)
✔ statistics version is frozen provenance, never inferred as the current version (1.424167ms)
✔ factor glossary accepts standard abbreviations with spaces or underscores (0.185583ms)
✔ factor missing values never become valid zero (0.317125ms)
✔ factor ranking is stable, non-mutating and missing-last in both directions (10.898375ms)
✔ small factor values do not round to fake zeros; raw precision keeps original number (0.111667ms)
✔ compatibility aliases are only shown for exact legacy lookup or active selection (0.111833ms)
✔ series automatic initialization is system intent, only deliberate task submission is a query (141.716833ms)
✔ saved series task reopens as series without lookup, all diagnostics and original inputs survive (5.162833ms)
✔ cleared series execution cannot publish an old stock result (0.219833ms)
✔ live series and history use shared tasks, invalidate on input/account/route and never treat as trading backtest (1.023125ms)
✔ late catalog never submits after unmount, input/account/tab changes, or manual run (0.267417ms)
✔ failed catalog does not silently start default research or publish after leaving (0.147041ms)
✔ favorite IDs are bounded, deduplicated and malformed saved preferences never get overwritten (7.476875ms)
✔ favorites use acknowledgment and only patch their own key; same-session writes serialize (0.583708ms)
✔ failed favorite updates do not pretend success and can retry (0.264042ms)
✔ other preference acknowledgment exposing pending patch cannot fake a saved favorite (0.391834ms)
✔ owner switch clears state immediately and old failure cannot affect new save (0.868917ms)
✔ series compare shares all x axes but preserves independent raw values, scales, gaps and tooltip precision (0.770292ms)
✔ future appending leaves prior plotted values unchanged, missing is never replaced by zero (0.167209ms)
✔ multi-factor comparison is reused in live and read-only views, favorites do not change research settings (23.520792ms)
✔ factor submission marks only explicit dispatch, preserves owner/signal, polling/cancel stay automatic (39.17175ms)
✔ cancel acknowledged during pending poll cannot regress UI or publish partial result (16.63175ms)
✔ late cancellation cannot revive cleared or changed-account task UI (1.121417ms)
✔ unconfirmed cancellation keeps polling; successful task remains recoverable (0.644375ms)
✔ factor panel uses shared execution and distinguishes cancel from detach (0.6775ms)
✔ explicit stock-only finite latest selection; missing and fund/index stay unavailable (1.450083ms)
✔ origin and precision survive JSON and later group membership edits (1.463875ms)
✔ only explicit action writes owner assertion and source revision, never sends computed score (21.322042ms)
✔ late owner response rejected; permission denial and source mismatch not successful (0.652709ms)
✔ time modes construct explicit configs without random dates or implied training (5.545417ms)
✔ invalid dates, hidden shrinkage and numeric coercion are rejected (0.785ms)
✔ full frozen time results survive import, draft and readonly validation unchanged (7.596125ms)
✔ missing, mismatched and nonfinite temporal archive results fail explicitly (89.073875ms)
✔ changes invalidate synchronously; same-account profile refresh does not change split (18.943042ms)
✔ menus stay inside phone, keyboard and landscape viewports (0.589625ms)
✔ near-bottom controls open upwards without changing ordinary desktop width (0.0965ms)
✔ warmup null, missing and invalid indicator values never become invented zeroes (0.994291ms)
✔ freeze all supported indicator outputs, warmup holes, volume averages and exact numerical precision (26.880625ms)
✔ frozen playback keeps captured values despite different current prices and never queries APIs (8.001166ms)
✔ malformed or mismatched frozen values fail closed, never fall back to recomputation (0.628625ms)
✔ marker hit uses signed stacking offset for both directions, not candle position (0.447917ms)
✔ symbol size and invalid render positions are handled safely (0.086916ms)
✔ market tab changes discard old success and cannot stop the new spinner (359.757334ms)
✔ market late failure after filter cannot resurrect an error (42.426292ms)
✔ market late failure after owner cannot resurrect an error (48.714291ms)
✔ market late failure after unmount cannot resurrect an error (22.192583ms)
✔ directory count failure preserves valid rows; late totals cannot cross markets (38.891791ms)
✔ board selection clears old details and ignores slower preceding member responses (175.147125ms)
✔ board list filter changes invalidate pending member requests and prevent old auto-selection (60.265084ms)
✔ default board preload remains system-origin after manual list refresh (75.831792ms)
✔ belonging response after stock cannot change results or stock history (12.484417ms)
✔ belonging response after owner cannot change results or stock history (70.478917ms)
✔ belonging response after unmount cannot change results or stock history (45.40675ms)
✔ current belonging success records captured stock; concurrent member failure has separate feedback (67.242625ms)
✔ market selection uses loaded market, clears on filters, and distinguishes shared stock/index codes (133.851292ms)
✔ board analysis uses result classification; members require their own market (107.045667ms)
✔ aborted late response cannot publish metadata even if transport ignores abort (81.98175ms)
✔ missing provenance or silently changed adjustment never reaches research (1.757625ms)
✔ reported gaps do not falsely label suspension or prevent inspecting valid candles (0.724292ms)
✔ history fetch consumes one verified range and publishes complete metadata only after validation (0.636917ms)
✔ unclosed response never updates provenance or reaches the backtest (0.269208ms)
✔ null, true zero, infinities and real 999 are distinct after JSON roundtrip (0.518667ms)
✔ single, saved and comparison results retain authoritative metric basis (1.032ms)
✔ whole proof validated without mutation, and cross-role ownership remains visible (1.566833ms)
✔ stale, future, duplicated, incomplete, falsely completed and mismatched sources rejected (0.335417ms)
✔ base runs cannot masquerade as proofs or own multiple provisional regions (0.078042ms)
✔ blocked covers show full conflicts, never fabricated flattened blocks (0.091708ms)
✔ labels retain provisional scope (0.061625ms)
✔ all seven MA presets are available but only MA5 and MA10 start visible (0.760084ms)
✔ each chart session gets independent editable settings without changing presets (0.073375ms)
✔ MA presets retain the requested yellow, white, purple, green, cyan, orange, red palette (0.07175ms)
✔ legend retains every MA choice and explicit hidden states override stale chart selection (0.100417ms)
✔ cross-boundary details resolve actual input and nested ownership records (1.460125ms)
✔ unowned reverse evidence stays explicitly unowned for boundary rejection (0.1225ms)
✔ foreign witness can be shown for an otherwise single-owner candidate (0.104042ms)
✔ legacy candidates do not invent missing conflict details (0.107584ms)
✔ damaged detail is not presented: mismatched candidate sources (0.082375ms)
✔ damaged detail is not presented: wrong layer (0.854209ms)
✔ damaged detail is not presented: unknown reverse input (0.429458ms)
✔ damaged detail is not presented: wrong reverse range (0.286834ms)
✔ damaged detail is not presented: reverse overlaps prices (0.292625ms)
✔ damaged detail is not presented: future reverse confirmation (0.345917ms)
✔ damaged detail is not presented: wrong reverse time (0.116084ms)
✔ damaged detail is not presented: incomplete domain list (0.179125ms)
✔ damaged detail is not presented: duplicate domains (0.201166ms)
✔ damaged detail is not presented: noncontinuous domain (0.072542ms)
✔ damaged detail is not presented: foreign domain misses witness (0.060375ms)
✔ damaged detail is not presented: false unowned witness (0.051667ms)
✔ damaged detail is not presented: missing nested record (0.054667ms)
✔ damaged detail is not presented: wrong reason (0.059959ms)
✔ only current owner revisions form the displayed ownership set (1.598875ms)
✔ internal provenance remains distinct and validates enclosing ownership (1.656125ms)
✔ parent-covered history is not labeled as an additional effective input (0.341125ms)
✔ nested provenance validates containment and strictly increasing input levels (0.254292ms)
✔ current owner labels are distinct from creation IDs and tolerate old snapshots (0.114916ms)
✔ summary mode lists every historical address, not just current versions (0.757833ms)
✔ full and missing legacy snapshots stay readable without inventing history (0.082542ms)
✔ all four analysis paths explicitly request summary delivery without changing input (0.363291ms)
✔ complete lifecycle stays chronological, does not mutate input, and uses Chinese labels (24.546583ms)
✔ legacy or future history is not invented (0.168667ms)
✔ dangling, reordered, duplicated, miscounted and conflicting histories fail closed (1.854875ms)
✔ equal counts cannot hide swapped source identities (0.439708ms)
✔ intermediate event boundaries must equal actual inherited and added sources (0.25075ms)
✔ input evidence must exist at the correct level and be available at admission (1.132125ms)
✔ invalid domain sources, membership and parent context fail closed (0.406708ms)
✔ leftward growth, shifted sources and newly filled merge gaps remain valid (0.161167ms)
✔ both periods exclude future and open candles while retaining original warm-up start (0.765875ms)
✔ snapshot observation time caps cutoff; bar start before cutoff is not enough (0.122333ms)
✔ no timeframe fallback or fabricated candles when historical minute range is unavailable (0.222167ms)
✔ index and board snapshots retain NONE adjustment, mismatch is rejected (0.791166ms)
✔ missing completion evidence, timezone timestamps and unordered bars fail explicitly (0.431125ms)
✔ week/month completion boundary comes from provider annotation, not day label (0.282833ms)
✔ matrix defaults to five requested periods and includes separate buy/sell evidence column (2.327416ms)
✔ does not turn current reversal observation into a confirmed opposite pen (0.315375ms)
✔ keeps true zero distinct from missing, and numerical display never overwrites original axis judgment (0.185625ms)
✔ keeps divergence family, extrema and actual confirmation separate; never drops records (12.84475ms)
✔ missing pen and divergence are bounded claims; quality limitations stay visible (1.489ms)
✔ buy/sell evidence distinguishes missing old archives, no points, structure and M1 (0.258958ms)
✔ portfolio: all original values survive import and cloud envelope; no Chanlun recompute (24.041ms)
✔ portfolio: actual component fetches only explicitly, binds owner/request/result and freezes capture (121.386208ms)
✔ portfolio: late receipt discarded after owner (1.385709ms)
✔ portfolio: late receipt discarded after request (1.597875ms)
✔ portfolio: late receipt discarded after task (1.000166ms)
✔ portfolio: late receipt discarded after result (1.06875ms)
✔ portfolio: late receipt discarded after busy (2.386208ms)
✔ portfolio: late receipt discarded after unmount (0.845333ms)
✔ portfolio: invalid missing rejected (0.192917ms)
✔ portfolio: invalid allocation rejected (0.258917ms)
✔ portfolio: invalid metadata rejected (0.102291ms)
✔ portfolio: invalid date rejected (0.099125ms)
✔ portfolio: invalid precision rejected (0.249209ms)
✔ portfolio: invalid curve rejected (0.158834ms)
✔ portfolio: invalid request rejected (0.076541ms)
✔ portfolio: invalid trade rejected (0.122ms)
✔ portfolio: unavailable or different task never falls back to fetching data (9.779042ms)
✔ multi_strategy: all original values survive import and cloud envelope; no Chanlun recompute (2.169041ms)
✔ multi_strategy: actual component fetches only explicitly, binds owner/request/result and freezes capture (3.563708ms)
✔ multi_strategy: late receipt discarded after owner (1.102542ms)
✔ multi_strategy: late receipt discarded after request (1.640833ms)
✔ multi_strategy: late receipt discarded after task (1.823167ms)
✔ multi_strategy: late receipt discarded after result (1.09375ms)
✔ multi_strategy: late receipt discarded after busy (1.31825ms)
✔ multi_strategy: late receipt discarded after unmount (1.309166ms)
✔ multi_strategy: invalid missing rejected (0.3805ms)
✔ multi_strategy: invalid allocation rejected (0.493708ms)
✔ multi_strategy: invalid metadata rejected (0.111917ms)
✔ multi_strategy: invalid date rejected (0.100041ms)
✔ multi_strategy: invalid precision rejected (0.193291ms)
✔ multi_strategy: invalid curve rejected (0.153292ms)
✔ multi_strategy: invalid request rejected (0.085708ms)
✔ multi_strategy: invalid trade rejected (0.109375ms)
✔ multi_strategy: unavailable or different task never falls back to fetching data (2.260833ms)
✔ normalized server defaults may extend but not alter submitted parameters (0.073458ms)
✔ library original/extended multi replay uses saved costs despite global preference changes (696.395125ms)
✔ portfolio load -> actual store task lifecycle -> save uses identical context and all costs (99.760542ms)
✔ portfolio catalog-stage input is isolated before saved fetch (151.514791ms)
✔ portfolio catalog-stage params is isolated before saved fetch (148.239083ms)
✔ portfolio catalog-stage owner is isolated before saved fetch (78.368625ms)
✔ portfolio catalog-stage failure is isolated before saved fetch (39.343417ms)
✔ portfolio catalog-stage empty is isolated before saved fetch (61.3905ms)
✔ pending portfolio cannot survive input (105.975834ms)
✔ pending portfolio cannot survive owner (35.728917ms)
✔ pending portfolio cannot survive unmount (126.858167ms)
✔ store account epoch clears completed results in all four task families (38.973167ms)
✔ runPortfolio old account error is ignored even after switching back (111.373959ms)
✔ runMultiStrategy old account error is ignored even after switching back (44.156417ms)
✔ runOptimize old account error is ignored even after switching back (37.533625ms)
✔ runOptimizeAll old account error is ignored even after switching back (29.355916ms)
✔ optimizer takes an input snapshot before awaiting bars and hands off the result strategy/adjustment (37.215459ms)
✔ portfolio late save cannot close or annotate newly changed configuration (29.043917ms)
✔ library name lookup cannot mix later input or account into a save (106.747667ms)
✔ library saves a multi result with submitted adjustment, not the later global preference (55.769291ms)
✔ late library list cannot replace a newly created record and owner change clears all personal rows (32.5445ms)
✔ portfolio identity rejects mixed markets, repeats and invalid lengths (0.364ms)
✔ late preference response cannot revert a newer adjustment; queued patch is captured (299.724209ms)
✔ account switch drops old queue, permits new account immediately and ignores late response (113.422042ms)
✔ same-account logout/login does not accept response from prior session epoch (13.24725ms)
✔ failed saves reject caller, do not wedge queue or restore stale role permissions (20.108584ms)
✔ mismatched response owner and logged-out saves are rejected (115.8945ms)
✔ market preference watcher survives the first route unmount and follows owner changes (32.053291ms)
✔ tracking ownership watcher survives route scope disposal and clears on revocation or logout (450.697708ms)
✔ late name hydration cannot write across accounts; new owner hydrates independently (63.664708ms)
✔ sidebar hydration never writes, old-owner timers cancel, failures are handled (109.175833ms)
✔ forming candles preserve OHLC and use dashed empty outlines (0.489875ms)
✔ forming volume and signed MACD columns preserve values and direction (0.101542ms)
✔ query defaults to system, manual intent is synchronous and explicit (2.738708ms)
✔ direct bar snapshot fetch preserves explicit intent, including failed requests (105.904459ms)
✔ pending manual requests do not mark concurrent automatic work or async continuations (4.340208ms)
✔ API dispatch tags manual queries but excludes automatic name lookup and task polling (2.597083ms)
✔ save keeps original full input separate from replay prefix, fully detached from live state (5.480583ms)
✔ same-bar opposite signals remain distinct; source survives JSON import without task or network (2.205166ms)
✔ recompute uses only saved chart prefix, keeps original scan signals and version unchanged (1.316958ms)
✔ reject wrong target before saving; never silently drop invalid lineage (0.433875ms)
✔ reject board target before saving; never silently drop invalid lineage (0.266875ms)
✔ reject wrong market before saving; never silently drop invalid lineage (0.259417ms)
✔ reject reference before saving; never silently drop invalid lineage (0.141542ms)
✔ reject invalid date type before saving; never silently drop invalid lineage (0.128375ms)
✔ reject noncanonical cutoff before saving; never silently drop invalid lineage (0.131584ms)
✔ reject row summary before saving; never silently drop invalid lineage (0.281167ms)
✔ reject row last date before saving; never silently drop invalid lineage (0.221042ms)
✔ reject outside signal window before saving; never silently drop invalid lineage (0.2175ms)
✔ reject row source before saving; never silently drop invalid lineage (0.222833ms)
✔ reject row requested adjust before saving; never silently drop invalid lineage (0.231583ms)
✔ reject row quality before saving; never silently drop invalid lineage (0.216083ms)
✔ reject open candle before saving; never silently drop invalid lineage (1.634834ms)
✔ reject unsupported storage before saving; never silently drop invalid lineage (0.332834ms)
✔ legacy snapshot without original input still opens without invented source (0.148833ms)
✔ original task references round-trip and legacy references remain distinguishable (1.218458ms)
✔ cache receipt must be a real ID string, never coerced or inherited from another owner (0.3285ms)
✔ all frozen bars and precision survive; changed code is disclosed, not represented as old execution (0.614834ms)
✔ invalid original receipt task stops instead of substituting live data (0.154375ms)
✔ invalid original receipt row stops instead of substituting live data (0.076625ms)
✔ invalid original receipt market stops instead of substituting live data (0.062542ms)
✔ invalid original receipt symbol stops instead of substituting live data (0.063583ms)
✔ invalid original receipt params stops instead of substituting live data (0.058916ms)
✔ invalid original receipt strategy stops instead of substituting live data (0.087875ms)
✔ invalid original receipt fingerprint stops instead of substituting live data (0.109042ms)
✔ invalid original receipt adjust stops instead of substituting live data (0.6015ms)
✔ invalid original receipt signal stops instead of substituting live data (0.151083ms)
✔ invalid original receipt malformed signals stops instead of substituting live data (0.072959ms)
✔ invalid original receipt row error stops instead of substituting live data (0.068209ms)
✔ invalid original receipt storage stops instead of substituting live data (0.055667ms)
✔ invalid original receipt version stops instead of substituting live data (0.052042ms)
✔ invalid original receipt missing bars stops instead of substituting live data (0.061833ms)
✔ invalid original receipt null bar stops instead of substituting live data (0.088ms)
✔ invalid original receipt order stops instead of substituting live data (0.100083ms)
✔ invalid original receipt open bar stops instead of substituting live data (0.076125ms)
✔ invalid original receipt future stops instead of substituting live data (0.059625ms)
✔ invalid original receipt negative duration stops instead of substituting live data (0.061958ms)
✔ invalid original receipt missing cutoff stops instead of substituting live data (0.04625ms)
✔ invalid original receipt number string stops instead of substituting live data (0.057166ms)
✔ invalid original receipt NaN stops instead of substituting live data (0.052959ms)
✔ invalid original receipt bad low stops instead of substituting live data (0.096542ms)
✔ invalid original receipt negative volume stops instead of substituting live data (0.050209ms)
✔ API sends owner and abort signal with no-store; unavailable receipt never calls a live feed (26.133917ms)
✔ radar submits captured owner with manual intent, polls as system, and preserves old cache adjustment (43.346875ms)
✔ late submit after adjust cannot become a scan result or cache (9.766125ms)
✔ late submit after window cannot become a scan result or cache (0.997291ms)
✔ late submit after owner cannot become a scan result or cache (1.3155ms)
✔ late submit after roundtrip cannot become a scan result or cache (2.017167ms)
✔ late submit after unmount cannot become a scan result or cache (0.893083ms)
✔ late poll after adjust cannot become a scan result or cache (1.999667ms)
✔ late poll after window cannot become a scan result or cache (1.865667ms)
✔ late poll after owner cannot become a scan result or cache (1.9205ms)
✔ late poll after roundtrip cannot become a scan result or cache (1.186417ms)
✔ late poll after unmount cannot become a scan result or cache (2.16875ms)
✔ a failed new scan cannot re-display or replace old success; explicit retry is independent (0.97725ms)
✔ invalid result rows is never cached (0.65425ms)
✔ invalid result counts is never cached (0.559792ms)
✔ invalid result id is never cached (1.241208ms)
✔ storage denial preserves valid live results with an explicit notice (0.873292ms)
✔ actual picker loads the original complete warmup and stores actual dates, not form defaults (43.189958ms)
✔ failed original input does not fall back to newly fetched prices (8.717583ms)
✔ pending original input cannot commit after owner (17.496166ms)
✔ pending original input cannot commit after code (10.872625ms)
✔ pending original input cannot commit after unmount (5.508875ms)
✔ radar review captures row adjustment, exact minute, strategy and original cutoff (1.17275ms)
✔ invalid or legacy reviews fail explicitly without guessing data or adjustment (0.523292ms)
✔ exchange-local dates validate without browser timezone conversion (0.205125ms)
✔ review excludes future and unclosed bars, resets derived fingerprint and reports actual range without mutating source (0.5095ms)
✔ radar cache is owner scoped and malformed/legacy records never enter the UI (0.5015ms)
✔ late messages, close and errors from an old socket cannot affect replacement (3.114125ms)
✔ invalid messages and control responses never become ticks; close reason retained (0.584083ms)
✔ matching versions are selected by case identity without mutation (0.931542ms)
✔ future snapshots, wrong rules, incomplete chains and duplicate cases are rejected (0.209709ms)
✔ labels never confuse endpoint consistency or higher-centre proof with completion (0.139709ms)
✔ v2 keeps the detached prefix and v1 remains readable (0.31175ms)
✔ v3 supports trend search while retaining the same ownership guards (0.119625ms)
✔ missing, duplicated, misattributed or silently completed prefix is rejected (0.311958ms)
✔ reincorporation is recorded explicitly instead of erasing detached history (0.510959ms)
✔ accepts bounded history and empty verified batches (1.871416ms)
✔ rejects wrong batch, future indices, broken sources and contradictory state (0.250792ms)
✔ research labels distinguish absence, release, retained and internal (0.077959ms)
✔ late old responses cannot own a newer research request (3.43625ms)
✔ submission fields are captured values, not mutable form references (3.667208ms)
✔ navigation preserves explicit stock/index/fund/board identity and parameters without auto run (1.779333ms)
✔ ambiguous identity is rejected rather than guessed or numeric code padded (0.139ms)
✔ query parser rejects incomplete, duplicate, incompatible and mixed-context values (3.451708ms)
✔ snapshot import keeps original data and normalizes optional display metadata (4.290584ms)
✔ reject invalid schema, periods, oversized arrays and impossible candle prices (0.616875ms)
✔ cloud archives retain larger frozen windows and all supported distinct periods (11.002708ms)
✔ import keeps valid frozen outputs and rejects mismatched frozen data instead of recomputing (0.463084ms)
✔ window is exchange local and bounded by the snapshot cutoff (0.496375ms)
✔ missing numbers and candidate status are never promoted (0.078459ms)
✔ amber projection resolves daily and minute labels, ignores open candle (0.289292ms)
✔ three workspaces are keyboard traversable without dropping an existing mode (1.647417ms)
✔ mobile comparison shows exactly the selected snapshot; desktop shows both (0.113666ms)
✔ inactive research never starts automatic work, valid active research does (0.086792ms)
✔ saved single strategy restores market, period, adjustment and all execution costs exactly (6.21825ms)
✔ missing legacy fields disclose supplied defaults instead of claiming complete restoration (2.179292ms)
✔ explicit contradictory market and unsupported instruments are not silently rewritten (1.732458ms)
✔ invalid present fields are errors, not fallback defaults (1.053917ms)
✔ saved links identify records only and cannot inject alternate execution context (0.440167ms)
✔ market entry preserves local dates and strategy, runs only on explicit request (6.392166ms)
✔ boards entry preserves local dates and strategy, runs only on explicit request (1.440667ms)
✔ mixed market context blocks all loading and computation: savedStrategyId (2.425875ms)
✔ mixed market context blocks all loading and computation: optimizationContext (0.996333ms)
✔ mixed market context blocks all loading and computation: autoRun (1.559875ms)
✔ mixed market context blocks all loading and computation: unexpected (10.491ms)
✔ slow catalog cannot overwrite input with a market entry (5.565334ms)
✔ slow catalog cannot overwrite owner with a market entry (1.866666ms)
✔ catalog-stage input cannot restore saved inputs or dispatch a task (5.009834ms)
✔ catalog-stage params cannot restore saved inputs or dispatch a task (4.273667ms)
✔ catalog-stage owner cannot restore saved inputs or dispatch a task (4.950916ms)
✔ catalog-stage failure cannot restore saved inputs or dispatch a task (3.397167ms)
✔ optimization context restores every execution field and malformed context blocks dispatch (2.438417ms)
✔ actual backtest view loads exact saved context without running, then saves the configuration used (3.224916ms)
✔ saving original radar warmup uses loaded input dates, not hidden form defaults (3.814ms)
✔ late saved record cannot overwrite owner (4.542917ms)
✔ late saved record cannot overwrite route (2.811292ms)
✔ late saved record cannot overwrite input (2.393125ms)
✔ late saved record cannot overwrite unmount (1.20875ms)
✔ invalid saved context blocks run, while legacy missing fields disclose fallback (9.20725ms)
✔ every execution input invalidates the old result before it can be saved (26.791791ms)
✔ editing a cost while bars are pending never runs the new form on the old request (2.469542ms)
✔ save completion after owner cannot write into a different page or account (4.170166ms)
✔ save completion after route cannot write into a different page or account (2.392208ms)
✔ save completion after unmount cannot write into a different page or account (1.073292ms)
✔ audit description translates permissions and never renders arbitrary detail fields (1.312209ms)
✔ audit time is explicitly Shanghai time and invalid data remains readable (49.726625ms)
✔ audit API preserves bounded pagination/filter state and authenticated credentials (98.119667ms)
✔ distinguishes no candidate, failed current audit, and actual invalidation without promoting legacy state (3.148791ms)
✔ filters independent families and directions without merging special and local dual-line evidence (2.952334ms)
✔ searches lifecycle dates and failure reasons with all terms required, retaining original source objects (0.138209ms)
✔ searches diagnostic rejection history without silently reviving historical candidates (1.570959ms)
✔ all excludes bc false, preserves input order and records, and does not infer missing direction (0.20725ms)
✔ legacy diagnostic family is standard, and empty diagnostics do not invent rejection records (0.121917ms)
✔ structural points retain their own confirmation and evidence, never deriving them from a MACD source (1.261125ms)
✔ M1 uses exact existing gates and remains a separate view of its original standard event (0.62875ms)
✔ combined date query finds independent point, prompt and event records without deduplication or additive counts (0.174458ms)
✔ chart date matches structured lifecycle timestamps, not coincidental prose dates (0.284709ms)
✔ minute evidence uses exact exchange-local minute, accepting T/space and refusing missing time (0.100375ms)
✔ chart date includes diagnostic ABC and rejection coverage without inventing open or reversed intervals (0.521625ms)
✔ date scope combines with all filters for structural points and original M1 sources (0.121833ms)
✔ new standard evidence explains price, old blocker and independent special lifecycle (1.500666ms)
✔ new gates include counts, boundary and dates without undefined placeholder (0.230458ms)
✔ legacy comparisons retain old detected confirmed and invalidated dates (0.146208ms)
✔ initial schema and refreshed catalog preserve supplied parameters; strategy change alone resets (3.411125ms)
✔ late catalog defaults are suspended until route validation and then fill only missing fields (0.708791ms)
✔ structure dates remove midnight noise without changing intraday precision (1.825459ms)
✔ centre evidence distinguishes fixed core, outer range and candidate expansion (1.492959ms)
✔ segment evidence includes source prices and reverse proof with one-based labels (0.885958ms)
✔ missing legacy evidence does not invent confirmation (0.118584ms)
✔ special inclusion explains boundary exception without labelling it an ordinary fractal (0.073167ms)
✔ centre relation history distinguishes current candidate from original separation (0.1735ms)
✔ confirmation replay translates raw indices without date matching (0.122583ms)
✔ unknown, invalid or out-of-snapshot confirmations have no replay target (0.092916ms)
✔ connection badge validates shared time, price and alternating direction (0.118708ms)
✔ reverse preview uses observed extreme, not last close or a future target (2.054458ms)
✔ mirrored lows produce an upward reference (0.157666ms)
✔ no invented reference for missing, ambiguous, extending, or invalid inputs (0.128417ms)
✔ replay prefix cannot use a later extreme; ties retain first occurrence (0.098459ms)
✔ ongoing consolidation differs by color, line pattern, and fill (0.109458ms)
✔ defaults and bounded settings never expose strict price overrides (1.024292ms)
✔ evidence replay uses its own frozen period settings (0.09825ms)
✔ settings disclosure is closed by default and reuses existing controls (0.379833ms)
✔ actual component captures every selected period and failure; automatic work stays system-origin (32.104625ms)
✔ all collection failures are exportable reports, never empty success or recomputable invented bars (6.681208ms)
✔ missing response rows are retained as explicit errors; unexpected rows or cutoff cannot enter a saved result (6.464416ms)
✔ late study response cannot be saved after account (1.289083ms)
✔ late study response cannot be saved after input (0.960417ms)
✔ late study response cannot be saved after unmount (0.904042ms)
✔ invalid collection coverage cannot silently omit a period during import (3.135541ms)
✔ actual study freezes independent radar lineage, preserves it through import and recompute, and refuses foreign source (3.880334ms)
✔ task stores detached actual inputs, user submission and system polling (1.743375ms)
✔ invalidated submit resolve cannot revive result/error/spinner (1.780625ms)
✔ invalidated submit reject cannot revive result/error/spinner (1.131959ms)
✔ invalidated poll resolve cannot revive result/error/spinner (2.068458ms)
✔ invalidated poll reject cannot revive result/error/spinner (0.976292ms)
✔ earlier request completion cannot stop a newer task or replace its context (2.079834ms)
✔ owner change stops polling and cannot attribute prior account result to the new account (0.909666ms)
✔ failed remains failure, never successful completion (0.20925ms)
✔ cancelled remains failure, never successful completion (0.107916ms)
✔ timed_out remains failure, never successful completion (0.096917ms)
✔ cancelling is not completed; wrong ID, malformed result and unknown status fail closed (1.980375ms)
✔ deadline aborts polling and explicitly says the server may still be running (17.084833ms)
✔ task API sends captured owner and abort signal; old callers remain compatible (14.79125ms)
✔ progress is bounded, readable work units rather than inferred total percent (1.99275ms)
✔ factor result review freezes complete task data without lookup or recomputation (76.489ms)
✔ completed phase never publishes result while task is still running (18.099584ms)
✔ untrusted progress cannot be used to publish an apparently completed task (1.642167ms)
✔ historical review uses owner-bound read-only fetch and account invalidation (0.511459ms)
✔ task list rejects malformed responses instead of replacing records with undefined (59.841583ms)
✔ cancelling is not terminal and elapsed values remain readable (0.16225ms)
✔ runBacktestWithPolling waits through cancelling and returns cancelled (2.101458ms)
✔ runBacktestWithPolling waits through cancelling and returns timed_out (9.377334ms)
✔ runSignalScanWithPolling waits through cancelling and returns cancelled (17.34475ms)
✔ runSignalScanWithPolling waits through cancelling and returns timed_out (9.153958ms)
✔ cancel API uses POST, and partial cancelled scan results are never accepted (0.695459ms)
✔ persistent recovery and version mismatch are distinct from completion (0.671209ms)
✔ terminal task deletion handles empty 204 and encodes identity (1.214417ms)
✔ checkpoint presence is not confused with verified reuse or task completion (0.579125ms)
✔ cached completed submission is retrieved rather than shown as running (0.573833ms)
✔ network failures are localized across WebKit, Chromium and Firefox (0.208625ms)
✔ tracking archive preserves raw input, precision, rules and can import read-only (4.963375ms)
✔ missing raw input (0.237625ms)
✔ wrong adjustment (0.102125ms)
✔ wrong period (0.119167ms)
✔ duplicate target (0.100708ms)
✔ false success (0.099542ms)
✔ unknown state (0.066166ms)
✔ cancelled empty expansion and partially completed batches retain actual states (0.115625ms)
✔ failed upload retries same identity and frozen payload, independent new batch gets a new identity (20.372458ms)
✔ late previous-owner save is discarded and never retried as the next account (0.405292ms)
✔ non-finite result stays unsaved rather than converting to null (0.166458ms)
✔ empty selections include every row, including incomplete results (0.504875ms)
✔ same period/column selections are OR, other columns and periods are AND (0.166583ms)
✔ total selection does not bypass other criteria; missing periods never count as neutral signals (0.073042ms)
✔ toggle/removal preserves all other selections and never mutates input (0.509292ms)
✔ status selection uses OR with empty meaning all; can combine with breadth (1.086625ms)
✔ route consumer can unmount and remount while the one sequential analysis continues (3.575833ms)
✔ explicit stop retains completed rows and marks running/unstarted rows cancelled (0.336292ms)
✔ owner change or revoked access clears results and rejects late old publications (0.258209ms)
✔ background completion includes per-target failure and expansion failure without false success (0.265417ms)
✔ cancel during board expansion cannot publish late entries (0.186583ms)
✔ tracking transport binds owner, stops on permission failure and does not relabel name/market requests (89.58425ms)
✔ late auth error on an already-cancelled old transport never stops the next job (0.261333ms)
✔ route delegates lifetime and owns bounded vertical scrolling; application binds ownership (1.783292ms)
✔ finished batches emit independent history even without a route consumer (0.486375ms)
✔ tracking identity separates asset types, exchanges and board catalogues (0.796292ms)
✔ cloud book validates without silently dropping corrupt groups or duplicate entries (0.672209ms)
✔ expansion preserves every member and all board/direct sources, not a 200-row display page (1.726792ms)
✔ membership failure is explicit and malformed partial membership is never accepted (1.463667ms)
✔ batch runs sequentially, keeps partial errors and continues after a failed target (11.198458ms)
✔ cancellation marks in-flight and unstarted rows, ignoring a late success (1.163625ms)
✔ group breadth counts only available periods, never treats failed targets as neutral evidence (0.663208ms)
✔ every clickable breadth count equals matching target count; periods and point families stay independent (0.775209ms)
✔ exact current revision accepts only its own evidence without mutation (1.20425ms)
✔ old partition, stale version, future evidence and false completion are rejected (0.299125ms)
✔ historical audit cannot import a later opposite segment (0.084708ms)
✔ empty partitions and higher-proof priority retain explicit blockers (0.076875ms)
✔ new blockers use Chinese labels without calling prerequisites completion (0.14275ms)
✔ missing comparison interval is explained in Chinese without inventing a date (0.776167ms)
✔ special diagnostics identify each A indicator witness rather than the price witness (0.2025ms)
✔ nonstandard DEA axis gate remains explicit without an improvement requirement (0.146167ms)
✔ DEA tolerance discloses research threshold, precise deviation and near-zero fallback (0.1645ms)
✔ wave evidence separates effective A from original wave and local pivots (0.354834ms)
✔ rounded equal line extrema disclose the precise failed values and witness times (0.141458ms)
✔ comparisons are explicitly research only and preserve B/C axis checks (0.111125ms)
✔ unformed candidate shows Chinese gates, two-decimal values and rejection dates (0.110875ms)
✔ new nonstandard audit explicitly uses full A and first-formed reverse evidence explains gaps (0.113542ms)
ℹ tests 676
ℹ suites 0
ℹ pass 676
ℹ fail 0
ℹ cancelled 0
ℹ skipped 0
ℹ todo 0
ℹ duration_ms 12922.688583
→ 打包中…
→ 运行测试…
京东方评级: D 分数: 34.3
维度明细: 卡玛比率=22.7, 最大回撤=27.5, 胜率=33.5, 利润因子=34.1, 夏普比率=41.5, 波动率=50.1
否决: 利润因子 1.11 接近 1，仅勉强盈亏平衡
长线优质策略评级: B 分数: 64.5
维度权重: 卡玛比率=28%, 最大回撤=26%, 胜率=0%, 利润因子=0%, 夏普比率=23%, 波动率=23%
优质案例评级: A 分数: 83.9
寻优点评级: A 74
组合重算指标: { '年化': '20.83%', '回撤': '0.80%', '夏普': '5.27', '卡玛': '26.03' }
稳定上涨组合评级: S 91.8
波动组合重算: { '回撤': '44.15%', '夏普': '-2.64', '持续': 60 }
波动组合评级: D 18.5
✔ 新版组合评级使用后端采样，不按图表柱数重新日线年化 (1.587166ms)
✔ 必要风险指标缺失不能展示为零风险或正常评级 (0.243791ms)
✔ 无穷比率不等于满分，真实零利润因子仍按亏损判断 (0.129209ms)
✔ 京东方回测必须评为 D 档（用户核心诉求验证点） (0.485834ms)
✔ 京东方评分应在 30-43 区间（C 与 D 的边界） (0.10725ms)
✔ 低利润因子触发系统亏损否决 (0.069ms)
✔ 样本不足（< 10 笔交易）降权但不否决整个评级 (0.219ms)
✔ 用户实测场景：6年6笔交易 + 高夏普 → 应得 A/B（核心回归测试） (0.1935ms)
✔ 深回撤 > 60% 触发直接 D 否决 (0.111833ms)
✔ 优质回测应得 A 或 S 档 (0.1405ms)
✔ 高回撤但收益高 → 最高 B（一票否决 cap） (0.080083ms)
✔ 插值函数：边界值取端点分数 (0.071084ms)
✔ 插值函数：中间值线性插值 (0.047458ms)
✔ 寻优评级：4 维度降级版 (0.08675ms)
✔ 寻优评级：网格点交易太少 → 降权但评级照常 (0.050541ms)
✔ 组合评级：稳定上涨净值应得 A 或 S (1.685291ms)
✔ 组合评级：高波动深回撤净值 → 低档 (0.540833ms)
✔ combinedMetrics：单点净值返回全 0（兜底） (0.044042ms)
✔ 历史组合仅保留原值，不从曲线推断日线或重算评级 (0.455917ms)
✔ v1-v4、未知版本及不完整依据不伪装为新版结果 (0.55575ms)
✔ 新版结果使用已记录指标，真实 999 和零不被当作历史哨兵 (0.069042ms)
✔ 指标状态缺失或与数值冲突不能产出评级，包括被降权维度 (0.090458ms)
✔ 低交易样本的真实不可用逐笔指标仍可降权，不误拦截可用净值评级 (0.077625ms)
✔ 寻优逐行核验新版采样与候选状态，输入范围不替代候选证据 (0.105375ms)
✔ 完整快照保留精度、真实 0/999、全部指标及版本且不关联可变输入 (0.613167ms)
✔ 策略保存接受真实 Vue 响应式结果，不因 Proxy 无法 structuredClone 而失败 (0.512375ms)
✔ 再次保存历史指标不补造新版计算或评级依据 (0.089167ms)
✔ 对比展示原值并指出版本、周期、范围与利率差异，不自动重算 (0.27525ms)
ℹ tests 28
ℹ suites 0
ℹ pass 28
ℹ fail 0
ℹ cancelled 0
ℹ skipped 0
ℹ todo 0
ℹ duration_ms 93.672667
