
> web-ui@0.0.0 test
> node scripts/run-tests.mjs

✔ tracking is restricted to active administrators and explicitly authorized users (0.444167ms)
✔ presence requires visible focused recent interaction and never negative elapsed time (0.111125ms)
✔ admin query descriptions label metadata and disclose truncated targets (0.183417ms)
✔ code labels use market-qualified identities and visible missing-name fallback (0.474292ms)
✔ name hydration is automatic, market-separated, bounded, and abort-aware (33.869042ms)
✔ all current chart inspector evidence stays readable without altering original nested data (21.64675ms)
✔ reject malformed fields reachable from overlays, popovers and every inspector section with exact paths (31.109542ms)
✔ optional old fields and empty failure checkpoints remain readable, no missing-state invention (0.147042ms)
✔ archive calendar validation rejects normalized impossible dates and illegal clock/offset values (3.703125ms)
✔ bar validation compares actual instants, retains raw strings, rejects equal instants and malformed volume (2.56475ms)
✔ existing frozen matrix bar sources remain readable without mutation (80.743459ms)
✔ event lists and evidence-set reordering never imply new or changed signals; originals remain intact (11.373167ms)
✔ state, lifecycle times and unrounded evidence are classified separately on the same identity (0.736666ms)
✔ same date across families and sides remains independent; true event additions/removals are distinct (0.883041ms)
✔ duplicate identities preserve all records and are never paired arbitrarily (0.896792ms)
✔ missing identity does not cause false removals or additions in its collection (0.327542ms)
✔ missing source/list is unknown, not empty or proof of no events (0.389166ms)
✔ never-candidate diagnostics match without A or reference, including special B-only records (0.494709ms)
✔ A trimming changes evidence not identity; original wave anchors and reference changes distinguish bases (0.882625ms)
✔ date normalization preserves intraday, microsecond and timezone distinctions (1.802542ms)
✔ source differences and unknown fields/ordered evidence are retained (0.711375ms)
✔ different instruments, periods or study results are not matched (0.087875ms)
✔ structure divergences are supported without inventing MACD wave anchors (0.255375ms)
✔ legacy local migration keeps original payload, precision, versions and unknown fields without upgrading (3.764709ms)
✔ cloud exports use latest metadata but retain the original immutable payload, not old cloud ID/revision (0.651709ms)
✔ study import preserves successful and failed periods plus original warmup and primary metadata (1.686458ms)
✔ unknown, incomplete, oversized and nonfinite backups are rejected, never uploaded as summaries (265.287ms)
✔ all supported chart outputs preserve full precision, null warmups, style and instance order (19.143041ms)
✔ migration IDs survive rescanning/reload, preserve precision and isolate owners and changed content (21.37675ms)
✔ migration rejects missing owners, foreign archives and malformed inputs before upload (0.405584ms)
✔ post-inspection changes never upload under a previously confirmed identity (1.414917ms)
✔ lost response retries the same immutable body and id, without automatic retry or local deletion (3.605542ms)
✔ stop or account changes before/after read and upload discard stale results (1.146416ms)
✔ deleted cloud copies are not restored, purged copies and wrong response IDs are not treated as success (1.795541ms)
✔ chart plan freezes original data and uses original identity/window, not current selection (8.937208ms)
✔ missing volume/time/parameters and unsupported length never silently become a smaller/default study (9.208167ms)
✔ study plan preserves actual research settings and saved time labels (0.210834ms)
✔ saved structural settings survive chart and study archive replay; mismatch is rejected (0.5585ms)
✔ unrounded path diff distinguishes null, missing, structure, empty arrays, and ordering (0.238375ms)
✔ response must match request, instrument, version, scope and period identities (0.319791ms)
✔ new archive retains original bars/lineage but never relabels frozen old indicators as recomputed (0.362208ms)
✔ study without saved input retains an explicit uncomputed row, never pretends all periods succeeded (0.186541ms)
✔ complete indicator recompute preserves saved settings, checks response and saves only new values (1.399334ms)
✔ missing or unknown saved indicator parameters cannot borrow current defaults (0.366792ms)
✔ original valid study rows retain precision, unknown fields, true zero and no recomputation (3.834625ms)
✔ invalid nested fields become explicit per-period errors, not silently missing rows (0.565459ms)
✔ strict pen fields reject coercion and preserve historical source errors without reading their invalid nested fields (1.15725ms)
✔ duplicates are not cherry-picked and malformed or future rows remain in original-record entries (0.143958ms)
✔ full backtest file and cloud envelope retain all fields; no implicit Chanlun recompute (3.158083ms)
✔ invalid cash cannot become a readable archive (0.149417ms)
✔ invalid params cannot become a readable archive (0.075583ms)
✔ invalid adjust cannot become a readable archive (0.084708ms)
✔ invalid null lineage cannot become a readable archive (0.122833ms)
✔ invalid net value cannot become a readable archive (0.092541ms)
✔ invalid future trade cannot become a readable archive (0.096708ms)
✔ invalid duplicate date cannot become a readable archive (0.074959ms)
✔ invalid missing metrics cannot become a readable archive (0.080042ms)
✔ invalid nested infinity cannot become a readable archive (0.148083ms)
✔ invalid coerced rejected cannot become a readable archive (0.084875ms)
✔ actual store freezes submitted input and result separately from later source mutation (977.645333ms)
✔ actual store rejects stale or failed owner run and clears prior archive (130.990041ms)
✔ actual store rejects stale or failed input run and clears prior archive (86.199209ms)
✔ actual store rejects stale or failed clear run and clears prior archive (29.655208ms)
✔ actual store rejects stale or failed failure run and clears prior archive (13.630208ms)
✔ trade lookup keeps the exact minute across separators, precision and days (0.659333ms)
✔ date-only values cannot choose the midnight bar of an ambiguous day (0.076542ms)
✔ daily and duplicate exact timestamps keep first positional matches (0.085125ms)
✔ nanoseconds and timezone text are not truncated into a false match (0.067625ms)
✔ date labels preserve useful precision without local timezone conversion (0.079166ms)
✔ higher sources resolve actual records and separate original from current review time (1.014542ms)
✔ base sources and foreign witness rejection have distinct Chinese descriptions (0.09025ms)
✔ inconsistent candidate has no replay evidence: unknown reason (0.073916ms)
✔ inconsistent candidate has no replay evidence: prototype key (0.058834ms)
✔ inconsistent candidate has no replay evidence: future version (0.051958ms)
✔ inconsistent candidate has no replay evidence: future completion (0.045084ms)
✔ inconsistent candidate has no replay evidence: missing time (0.591416ms)
✔ inconsistent candidate has no replay evidence: empty source (0.047042ms)
✔ inconsistent candidate has no replay evidence: duplicate source (0.053458ms)
✔ inconsistent candidate has no replay evidence: unknown source (0.094791ms)
✔ inconsistent candidate has no replay evidence: mixed levels (0.056958ms)
✔ inconsistent candidate has no replay evidence: future child (0.054542ms)
✔ inconsistent candidate has no replay evidence: wrong child level (0.047709ms)
✔ inconsistent candidate has no replay evidence: duplicate record (0.044125ms)
✔ inconsistent candidate has no replay evidence: empty record range (0.053667ms)
✔ inconsistent candidate has no replay evidence: gap (0.045ms)
✔ inconsistent candidate has no replay evidence: wrong parent range (0.0365ms)
✔ inconsistent candidate has no replay evidence: reversed sources (0.04825ms)
✔ inconsistent candidate has no replay evidence: unsafe base number (0.046583ms)
✔ 80 percent transparency is 20 percent alpha, for both candle directions (0.462458ms)
✔ transparency stays finite, integer, and bounded (0.085333ms)
✔ body is symmetric around the unchanged wick across widths and fractional positions (119.172833ms)
✔ horizontal candles preserve every price coordinate (0.607959ms)
✔ missing or non-finite candle layouts are left untouched (0.474ms)
✔ native ECharts layout remains centred after resize, zoom and data replacement (401.377084ms)
✔ zooming out of large-data line mode restores centred candle bodies (14.609917ms)
✔ structure widths retain existing defaults and hover appearance (1.478291ms)
✔ manual values stay finite, bounded, and at two decimal places (0.138042ms)
✔ raw index overrides rounded dates, including zero (0.581708ms)
✔ legacy intraday dates never fall back to the first bar of the day (0.109375ms)
✔ duplicate formatted times fail safely without a raw index (0.075625ms)
✔ padding keeps the 23px marker plus radius inside the price pane (0.126334ms)
✔ flat, zero and negative ranges get finite padding; invalid extents do not (0.076375ms)
✔ single-bar time link is a thin line limited to each actual plot (4.446708ms)
✔ multi-bar time link has no border and clips to plot, never clamps offscreen data to an edge (0.242167ms)
✔ time links map daily coverage to all minute bars, not a matching ordinal (0.289166ms)
✔ weekly and monthly end-labelled bars cover earlier constituent dates without changing data (1.121ms)
✔ nearest marker wins regardless of signal family, only co-located points share chooser (0.487167ms)
✔ immutable request cache deduplicates pending work, isolates payload keys and retries errors (0.358709ms)
✔ all six structural types keep extrema and confirmation separate with original evidence (1.818167ms)
✔ legacy records do not invent confirmation or structural sources (0.37975ms)
✔ M1 keeps independent MACD source and original direction, never a structural type (0.690375ms)
✔ all chart layers override independent animation and progressive rendering (0.794375ms)
✔ archive tooltip labels and evidence remain text, not active HTML (0.488417ms)
✔ rejects invalid saved zooms (0.856583ms)
✔ same-snapshot redraw keeps current manually chosen view (0.115958ms)
✔ focus redraw keeps manual zoom; clearing restores pre-focus view (0.07275ms)
✔ switching focus preserves the original return view (0.078ms)
✔ new snapshot resets saved focus view and never revives old zoom (0.065167ms)
✔ default inactive; moving does not show cards and leaving does not deactivate (1.957875ms)
✔ object previews can read date-card activation without activating it (0.361125ms)
✔ click selects a point; outside click closes; inside click is not dismissed (0.344959ms)
✔ activated cards follow movement until outside dismissal, then require another click (0.418917ms)
✔ zoom clears stale coordinates but preserves activation (0.104084ms)
✔ data reset and Escape deactivate; teardown removes all handlers (0.121583ms)
✔ archive requests bind current owner and bypass browser cache (17.064417ms)
✔ cloud directory validates all rows, quotas and identities without dropping broken entries (9.426041ms)
✔ original detail requires an object payload but action receipts may omit it (0.526167ms)
✔ account change discards delayed success and delayed errors (0.338542ms)
✔ unauthenticated archive requests do not reach server; structured conflicts remain actionable (0.2435ms)
✔ upload retries retain immutable captured body and all numerical precision (0.195958ms)
✔ directed centre chain is candidate evidence, not completion (2.502084ms)
✔ touching, opposing, future, overlapping or malformed chains fail closed (0.5935ms)
✔ single-centre and legacy components remain readable (0.190083ms)
✔ inside, border, reversed y and overlapping rectangles resolve newest first (1.375292ms)
✔ invalid or missing render coordinates cannot create hits (0.229042ms)
✔ popup stays within narrow viewport and near-edge right click (0.233625ms)
✔ roles are Chinese and unknown roles never claim completion (0.520042ms)
✔ source ranges keep one-based indices without disguising gaps (0.213417ms)
✔ coverage checks counts, repeats and missing IDs (0.718958ms)
✔ missing, empty and rejected suffix are explicit (0.096417ms)
✔ invalid counts and empty blocks cannot pass the coverage audit (0.087334ms)
✔ uses raw indices, allows shared endpoints and bounds zoom padding (0.977292ms)
✔ does not invent a B interval or infer indices from formatted dates (0.413333ms)
✔ rejects partial, reversed, overlapping and out-of-snapshot evidence (0.35225ms)
✔ allows inspection of historical failed evidence without reviving it (0.170125ms)
✔ local proof draws frozen exact endpoints only after its actual confirmation (0.483542ms)
✔ dual-line divergence uses two exact raw indices, never artificial ABC ranges (0.246834ms)
✔ dual-line focus rejects missing, duplicate, reversed and out-of-range points (0.197291ms)
✔ special wave focus uses AB and its extreme without inventing C (0.135041ms)
✔ direction, family and lifecycle have independent marker styles (1.422292ms)
✔ no-C dual-line remains a circle and fills only on first reverse-pen confirmation (2.236125ms)
✔ M1 is restricted to confirmed waves with a later actual confirmation (3.645667ms)
✔ four families retain independent records and nonstandard uses a triangle (0.793167ms)
✔ October 4 marker matrix uses shape for family and colour only for direction (0.197583ms)
✔ special AB evidence separates A line extrema from both price anchors and legacy pivots (0.168916ms)
✔ history is opt-in, inactive stays grey hollow, never creates M1 (0.3195ms)
✔ every historical shape uses a continuous hollow contour, including on hover (0.288792ms)
✔ new nonstandard evidence relaxes prices only and records each subtype (0.147375ms)
✔ new dual rule cannot fill without recorded later local confirmation (0.115542ms)
✔ historical engineering match retains original timing without claiming regrouping completion (1.10225ms)
✔ future, stale, mismatched or incomplete evidence fails closed (0.32375ms)
✔ older snapshots and unmatched parts keep existing natural audit available (0.064833ms)
✔ engineering provenance uses the same one-based numbering as other inspectors (0.86725ms)
✔ mixed recursion distinguishes consolidation and trend from the old trend view (0.470542ms)
✔ unknown or reversed provenance is not presented as a completed trend (0.217541ms)
✔ indicator and price values use two decimals without inventing missing evidence (0.1795ms)
✔ recursive centre relations never call extension candidates completed types (0.15975ms)
✔ admissions distinguish unit confirmation from later failed-return admission (0.135ms)
✔ display fields retain all text including dates, provenance, and secondary colons (0.798958ms)
✔ narrative, missing evidence, and timestamp headings remain whole (0.092833ms)
✔ selects the exact source without replacing missing comparison periods with the primary (1.015917ms)
✔ prefix audit preserves original warmup snapshot and its own instrument and period (0.461541ms)
✔ rejects invalid positions, missing identity and explicitly unclosed prefix data (0.203583ms)
✔ optimization carries full execution and identity without live defaults (2.808708ms)
✔ malformed, mixed, missing or conflicting optimization context never silently defaults (0.871125ms)
✔ multi original replay preserves costs, slots and adjustment; extend changes only end dates (0.370958ms)
✔ multi rejects corrupt and incompatible slots without dropping or repairing any (0.292083ms)
✔ legacy missing settings are disclosed with deterministic defaults, explicit invalid values rejected (0.137375ms)
✔ combining equal-account singles preserves per-slot cash and costs; conflicts rejected not rewritten (0.351041ms)
✔ all candidate states distinguish eligibility from completed natural types (0.536292ms)
✔ opposite geometry identifies reused next-part evidence, including nonzero source IDs (0.533958ms)
✔ external opposite geometry is not added to candidate membership (0.094792ms)
✔ missing, stale, misattributed or future opposite geometry is not displayed as matched (0.129792ms)
✔ preferred endpoints are never called completed types; conflicts are retained (0.071708ms)
✔ opposite base turn is not same-level completion (0.087833ms)
✔ price formatting preserves zero and boundary contact, guards non-finite values (0.10675ms)
✔ candidate audit joins by identity, not response order (0.072042ms)
✔ part audit must match ordinal AND exact raw source IDs, including shifted IDs (0.126125ms)
✔ locates the three raw ranges without relabelling them as MACD or confirmed centres (1.158ms)
✔ candidate must already be observable at the CURRENT replay prefix (0.1845ms)
✔ no incomplete, waiting or unsupported candidate is given a fabricated range (0.097959ms)
✔ raw bar boundaries must be contiguous and inside the visible window (0.143541ms)
✔ source partitions must cover every original segment once, preserving nonzero IDs (0.1245ms)
✔ conflicting geometric fallback remains viewable for manual audit (0.082416ms)
✔ clearing a regrouping focus restores original zoom; a new replay snapshot does not (0.1165ms)
✔ membership labels distinguish source confirmation from later admission (0.520333ms)
✔ admission witness distinguishes confirmation dependency from geometric membership (0.091916ms)
✔ old or malformed evidence never invents an admission witness (0.080042ms)
✔ real frozen result archives preserve every input, missing tag, precision and failed factor (14.13275ms)
✔ factor cloud envelope imports as independent copy without original identity (2.187458ms)
✔ partial or incompatible archives fail explicitly, not repaired from the current catalog (1083.185083ms)
✔ read-only renderer has no execution or market API imports; explicit replay is separate (7.036208ms)
✔ same-account profile refresh preserves replay state; identity changes invalidate synchronously (2.455667ms)
✔ benchmark dependency uses declared input not a guessed name (1.291125ms)
✔ pool rejects mixed frozen index versions, allowing different stock calendars (1.98975ms)
✔ frozen exact pairing retains absent date and rejects silent fill or replacement (0.30725ms)
✔ failed auxiliary fetch must be explicitly recorded for both fields; legacy needs none (0.088041ms)
✔ UI exposes benchmark conditionally and invalidates both research paths (2.648167ms)
✔ evaluation keeps exact-search aliases until query-aware browsing (2.076417ms)
✔ library navigation and Chinese/identifier/family search preserve full matching set (0.666667ms)
✔ availability is evaluated by adjustment and period without mutating selections (0.398417ms)
✔ single and multi-track axes share compact large units and distinct small ticks (0.793208ms)
✔ correlation uses its mathematical range; raw factors keep their own scale (0.110333ms)
✔ tiny values remain visible and tooltip raw precision is not rounded (0.085125ms)
✔ percentage is presentation only, gaps and source values are preserved (0.4125ms)
✔ disabled combination does not add implicit weights; enabled selection is explicit (0.969958ms)
✔ actual Python report preserves the combination through export and read-only reopen (35.35225ms)
✔ incomplete or contradictory composition archive is rejected, never repaired (72.343833ms)
✔ horizon selection is bounded, canonical and never silently amended (0.988584ms)
✔ horizon view uses frozen results without changing configuration or primary report (13.081417ms)
✔ all horizons survive draft/export/import and old single archives still read (63.283ms)
✔ missing windows, wrong labels and disagreement with primary reports fail closed (40.425458ms)
✔ request selection invalidates immediately; display-only switching does not (2.905125ms)
✔ multiple horizons dispatch one explicitly manual request with complete selection (31.0215ms)
✔ dimensionless exponents are not presented as bar counts (0.490333ms)
✔ filtered sample windows are never labelled as calendar periods (0.533334ms)
✔ Alpha101 cross-library aliases normalize parameter keys and order (13.690083ms)
✔ Alpha101 curvature threshold identity and warmup are declared (0.254916ms)
✔ Alpha101 short custom mean still retains fixed price-lag dependency (2.021417ms)
✔ named GTJA dependency paths use maximum chain and all edited windows (0.942125ms)
✔ GTJA compound windows and cross-library identical mean ratios are explicit (0.163041ms)
✔ parameter selection copies only active settings without mutating cached settings (0.144167ms)
✔ builtin decimal multiplier, ordering, effective identity and actual labels (0.15675ms)
✔ reset only one parameter, retain other overrides without mutating input (0.121209ms)
✔ history warning uses full effective warmup, not all parameters as rolling windows (0.127083ms)
✔ names and validation use actual windows; equivalent formula choices rejected (0.140041ms)
✔ recompute task request binds owner, source revision and manual intent; polling stays automatic (60.411ms)
✔ history retains the complete recompute envelope, not just numerical results (24.727417ms)
✔ replay uses shared task invalidation and archive saving preserves replay metadata (2.699125ms)
✔ statistics version is frozen provenance, never inferred as the current version (8.502417ms)
✔ factor glossary accepts standard abbreviations with spaces or underscores (2.515375ms)
✔ factor missing values never become valid zero (0.921458ms)
✔ factor ranking is stable, non-mutating and missing-last in both directions (91.957917ms)
✔ small factor values do not round to fake zeros; raw precision keeps original number (1.041958ms)
✔ compatibility aliases are only shown for exact legacy lookup or active selection (1.744791ms)
✔ series automatic initialization is system intent, only deliberate task submission is a query (71.964833ms)
✔ saved series task reopens as series without lookup, all diagnostics and original inputs survive (13.628166ms)
✔ cleared series execution cannot publish an old stock result (0.629625ms)
✔ live series and history use shared tasks, invalidate on input/account/route and never treat as trading backtest (1.915208ms)
✔ late catalog never submits after unmount, input/account/tab changes, or manual run (0.451416ms)
✔ failed catalog does not silently start default research or publish after leaving (0.586958ms)
✔ favorite IDs are bounded, deduplicated and malformed saved preferences never get overwritten (3.141084ms)
✔ favorites use acknowledgment and only patch their own key; same-session writes serialize (0.48075ms)
✔ failed favorite updates do not pretend success and can retry (0.244667ms)
✔ other preference acknowledgment exposing pending patch cannot fake a saved favorite (0.197917ms)
✔ owner switch clears state immediately and old failure cannot affect new save (1.039417ms)
✔ series compare shares all x axes but preserves independent raw values, scales, gaps and tooltip precision (0.610084ms)
✔ future appending leaves prior plotted values unchanged, missing is never replaced by zero (0.159ms)
✔ multi-factor comparison is reused in live and read-only views, favorites do not change research settings (3.744792ms)
✔ factor submission marks only explicit dispatch, preserves owner/signal, polling/cancel stay automatic (101.631625ms)
✔ cancel acknowledged during pending poll cannot regress UI or publish partial result (14.219458ms)
✔ late cancellation cannot revive cleared or changed-account task UI (1.81975ms)
✔ unconfirmed cancellation keeps polling; successful task remains recoverable (1.088125ms)
✔ factor panel uses shared execution and distinguishes cancel from detach (0.869291ms)
✔ explicit stock-only finite latest selection; missing and fund/index stay unavailable (1.193833ms)
✔ origin and precision survive JSON and later group membership edits (3.779708ms)
✔ only explicit action writes owner assertion and source revision, never sends computed score (44.944459ms)
✔ late owner response rejected; permission denial and source mismatch not successful (0.795667ms)
✔ time modes construct explicit configs without random dates or implied training (2.648125ms)
✔ invalid dates, hidden shrinkage and numeric coercion are rejected (2.598833ms)
✔ full frozen time results survive import, draft and readonly validation unchanged (19.918125ms)
✔ missing, mismatched and nonfinite temporal archive results fail explicitly (8.711625ms)
✔ changes invalidate synchronously; same-account profile refresh does not change split (1.596416ms)
✔ menus stay inside phone, keyboard and landscape viewports (1.69275ms)
✔ near-bottom controls open upwards without changing ordinary desktop width (0.12475ms)
✔ warmup null, missing and invalid indicator values never become invented zeroes (0.91375ms)
✔ freeze all supported indicator outputs, warmup holes, volume averages and exact numerical precision (13.49025ms)
✔ frozen playback keeps captured values despite different current prices and never queries APIs (3.581958ms)
✔ malformed or mismatched frozen values fail closed, never fall back to recomputation (2.614292ms)
✔ marker hit uses signed stacking offset for both directions, not candle position (1.09075ms)
✔ symbol size and invalid render positions are handled safely (0.260791ms)
✔ market tab changes discard old success and cannot stop the new spinner (203.174ms)
✔ market late failure after filter cannot resurrect an error (25.967708ms)
✔ market late failure after owner cannot resurrect an error (31.297ms)
✔ market late failure after unmount cannot resurrect an error (37.07675ms)
✔ directory count failure preserves valid rows; late totals cannot cross markets (29.218542ms)
✔ board selection clears old details and ignores slower preceding member responses (39.451041ms)
✔ board list filter changes invalidate pending member requests and prevent old auto-selection (22.3155ms)
✔ default board preload remains system-origin after manual list refresh (29.888333ms)
✔ belonging response after stock cannot change results or stock history (54.457875ms)
✔ belonging response after owner cannot change results or stock history (13.387ms)
✔ belonging response after unmount cannot change results or stock history (16.521083ms)
✔ current belonging success records captured stock; concurrent member failure has separate feedback (18.659459ms)
✔ market selection uses loaded market, clears on filters, and distinguishes shared stock/index codes (10.030333ms)
✔ board analysis uses result classification; members require their own market (38.565833ms)
✔ aborted late response cannot publish metadata even if transport ignores abort (79.828875ms)
✔ missing provenance or silently changed adjustment never reaches research (0.654958ms)
✔ reported gaps do not falsely label suspension or prevent inspecting valid candles (0.763583ms)
✔ history fetch consumes one verified range and publishes complete metadata only after validation (1.8365ms)
✔ unclosed response never updates provenance or reaches the backtest (0.316458ms)
✔ null, true zero, infinities and real 999 are distinct after JSON roundtrip (1.102584ms)
✔ single, saved and comparison results retain authoritative metric basis (2.116792ms)
✔ whole proof validated without mutation, and cross-role ownership remains visible (4.659333ms)
✔ stale, future, duplicated, incomplete, falsely completed and mismatched sources rejected (0.331834ms)
✔ base runs cannot masquerade as proofs or own multiple provisional regions (0.076291ms)
✔ blocked covers show full conflicts, never fabricated flattened blocks (0.089792ms)
✔ labels retain provisional scope (0.068125ms)
✔ all seven MA presets are available but only MA5 and MA10 start visible (4.39975ms)
✔ each chart session gets independent editable settings without changing presets (0.0905ms)
✔ MA presets retain the requested yellow, white, purple, green, cyan, orange, red palette (0.085167ms)
✔ legend retains every MA choice and explicit hidden states override stale chart selection (0.169625ms)
✔ cross-boundary details resolve actual input and nested ownership records (1.346ms)
✔ unowned reverse evidence stays explicitly unowned for boundary rejection (0.115375ms)
✔ foreign witness can be shown for an otherwise single-owner candidate (0.105375ms)
✔ legacy candidates do not invent missing conflict details (0.108208ms)
✔ damaged detail is not presented: mismatched candidate sources (0.084292ms)
✔ damaged detail is not presented: wrong layer (0.05675ms)
✔ damaged detail is not presented: unknown reverse input (1.012084ms)
✔ damaged detail is not presented: wrong reverse range (0.278292ms)
✔ damaged detail is not presented: reverse overlaps prices (0.193625ms)
✔ damaged detail is not presented: future reverse confirmation (0.301125ms)
✔ damaged detail is not presented: wrong reverse time (0.224042ms)
✔ damaged detail is not presented: incomplete domain list (0.209541ms)
✔ damaged detail is not presented: duplicate domains (0.161583ms)
✔ damaged detail is not presented: noncontinuous domain (0.052125ms)
✔ damaged detail is not presented: foreign domain misses witness (0.049208ms)
✔ damaged detail is not presented: false unowned witness (0.049083ms)
✔ damaged detail is not presented: missing nested record (0.052167ms)
✔ damaged detail is not presented: wrong reason (0.056583ms)
✔ only current owner revisions form the displayed ownership set (15.317417ms)
✔ internal provenance remains distinct and validates enclosing ownership (0.356166ms)
✔ parent-covered history is not labeled as an additional effective input (0.074834ms)
✔ nested provenance validates containment and strictly increasing input levels (0.175125ms)
✔ current owner labels are distinct from creation IDs and tolerate old snapshots (0.091709ms)
✔ summary mode lists every historical address, not just current versions (0.774333ms)
✔ full and missing legacy snapshots stay readable without inventing history (0.081042ms)
✔ all four analysis paths explicitly request summary delivery without changing input (0.368167ms)
✔ complete lifecycle stays chronological, does not mutate input, and uses Chinese labels (4.2995ms)
✔ legacy or future history is not invented (0.175416ms)
✔ dangling, reordered, duplicated, miscounted and conflicting histories fail closed (3.127792ms)
✔ equal counts cannot hide swapped source identities (0.086083ms)
✔ intermediate event boundaries must equal actual inherited and added sources (0.072917ms)
✔ input evidence must exist at the correct level and be available at admission (0.20075ms)
✔ invalid domain sources, membership and parent context fail closed (0.162625ms)
✔ leftward growth, shifted sources and newly filled merge gaps remain valid (0.133458ms)
✔ both periods exclude future and open candles while retaining original warm-up start (0.686625ms)
✔ snapshot observation time caps cutoff; bar start before cutoff is not enough (0.089334ms)
✔ no timeframe fallback or fabricated candles when historical minute range is unavailable (0.072ms)
✔ index and board snapshots retain NONE adjustment, mismatch is rejected (0.23625ms)
✔ missing completion evidence, timezone timestamps and unordered bars fail explicitly (0.147708ms)
✔ week/month completion boundary comes from provider annotation, not day label (0.108125ms)
✔ matrix defaults to five requested periods and includes separate buy/sell evidence column (1.064875ms)
✔ does not turn current reversal observation into a confirmed opposite pen (0.175292ms)
✔ keeps true zero distinct from missing, and numerical display never overwrites original axis judgment (0.121792ms)
✔ keeps divergence family, extrema and actual confirmation separate; never drops records (8.742083ms)
✔ missing pen and divergence are bounded claims; quality limitations stay visible (0.380708ms)
✔ buy/sell evidence distinguishes missing old archives, no points, structure and M1 (0.218292ms)
✔ portfolio: all original values survive import and cloud envelope; no Chanlun recompute (18.674833ms)
✔ portfolio: actual component fetches only explicitly, binds owner/request/result and freezes capture (19.541792ms)
✔ portfolio: late receipt discarded after owner (1.255917ms)
✔ portfolio: late receipt discarded after request (1.151ms)
✔ portfolio: late receipt discarded after task (1.402875ms)
✔ portfolio: late receipt discarded after result (4.755791ms)
✔ portfolio: late receipt discarded after busy (1.45375ms)
✔ portfolio: late receipt discarded after unmount (0.820583ms)
✔ portfolio: invalid missing rejected (0.184625ms)
✔ portfolio: invalid allocation rejected (0.228875ms)
✔ portfolio: invalid metadata rejected (0.103875ms)
✔ portfolio: invalid date rejected (0.099083ms)
✔ portfolio: invalid precision rejected (0.197ms)
✔ portfolio: invalid curve rejected (0.1575ms)
✔ portfolio: invalid request rejected (0.071208ms)
✔ portfolio: invalid trade rejected (0.11725ms)
✔ portfolio: unavailable or different task never falls back to fetching data (2.283958ms)
✔ multi_strategy: all original values survive import and cloud envelope; no Chanlun recompute (0.944375ms)
✔ multi_strategy: actual component fetches only explicitly, binds owner/request/result and freezes capture (1.715ms)
✔ multi_strategy: late receipt discarded after owner (1.047375ms)
✔ multi_strategy: late receipt discarded after request (4.307416ms)
✔ multi_strategy: late receipt discarded after task (13.030083ms)
✔ multi_strategy: late receipt discarded after result (1.049666ms)
✔ multi_strategy: late receipt discarded after busy (0.848375ms)
✔ multi_strategy: late receipt discarded after unmount (0.746125ms)
✔ multi_strategy: invalid missing rejected (0.116167ms)
✔ multi_strategy: invalid allocation rejected (0.195417ms)
✔ multi_strategy: invalid metadata rejected (2.258458ms)
✔ multi_strategy: invalid date rejected (0.2345ms)
✔ multi_strategy: invalid precision rejected (0.488458ms)
✔ multi_strategy: invalid curve rejected (0.434625ms)
✔ multi_strategy: invalid request rejected (0.1445ms)
✔ multi_strategy: invalid trade rejected (0.133667ms)
✔ multi_strategy: unavailable or different task never falls back to fetching data (2.51725ms)
✔ normalized server defaults may extend but not alter submitted parameters (0.083709ms)
✔ library original/extended multi replay uses saved costs despite global preference changes (196.183417ms)
✔ portfolio load -> actual store task lifecycle -> save uses identical context and all costs (102.4105ms)
✔ portfolio catalog-stage input is isolated before saved fetch (100.254333ms)
✔ portfolio catalog-stage params is isolated before saved fetch (123.097792ms)
✔ portfolio catalog-stage owner is isolated before saved fetch (74.739583ms)
✔ portfolio catalog-stage failure is isolated before saved fetch (58.3595ms)
✔ portfolio catalog-stage empty is isolated before saved fetch (58.722542ms)
✔ pending portfolio cannot survive input (50.69025ms)
✔ pending portfolio cannot survive owner (33.842208ms)
✔ pending portfolio cannot survive unmount (24.462375ms)
✔ store account epoch clears completed results in all four task families (22.577458ms)
✔ runPortfolio old account error is ignored even after switching back (29.950666ms)
✔ runMultiStrategy old account error is ignored even after switching back (20.714958ms)
✔ runOptimize old account error is ignored even after switching back (18.860167ms)
✔ runOptimizeAll old account error is ignored even after switching back (18.714292ms)
✔ optimizer takes an input snapshot before awaiting bars and hands off the result strategy/adjustment (23.718125ms)
✔ portfolio late save cannot close or annotate newly changed configuration (16.527916ms)
✔ library name lookup cannot mix later input or account into a save (69.50025ms)
✔ library saves a multi result with submitted adjustment, not the later global preference (20.310333ms)
✔ late library list cannot replace a newly created record and owner change clears all personal rows (19.831458ms)
✔ portfolio identity rejects mixed markets, repeats and invalid lengths (0.287ms)
✔ late preference response cannot revert a newer adjustment; queued patch is captured (169.999541ms)
✔ account switch drops old queue, permits new account immediately and ignores late response (12.531959ms)
✔ same-account logout/login does not accept response from prior session epoch (35.608875ms)
✔ failed saves reject caller, do not wedge queue or restore stale role permissions (15.373709ms)
✔ mismatched response owner and logged-out saves are rejected (13.772375ms)
✔ market preference watcher survives the first route unmount and follows owner changes (7.235084ms)
✔ tracking ownership watcher survives route scope disposal and clears on revocation or logout (194.115167ms)
✔ late name hydration cannot write across accounts; new owner hydrates independently (21.73225ms)
✔ sidebar hydration never writes, old-owner timers cancel, failures are handled (118.37525ms)
✔ forming candles preserve OHLC and use dashed empty outlines (0.509084ms)
✔ forming volume and signed MACD columns preserve values and direction (0.278625ms)
✔ query defaults to system, manual intent is synchronous and explicit (0.543459ms)
✔ direct bar snapshot fetch preserves explicit intent, including failed requests (30.8285ms)
✔ pending manual requests do not mark concurrent automatic work or async continuations (0.278042ms)
✔ API dispatch tags manual queries but excludes automatic name lookup and task polling (1.800833ms)
✔ save keeps original full input separate from replay prefix, fully detached from live state (14.618459ms)
✔ same-bar opposite signals remain distinct; source survives JSON import without task or network (1.249791ms)
✔ recompute uses only saved chart prefix, keeps original scan signals and version unchanged (1.255208ms)
✔ reject wrong target before saving; never silently drop invalid lineage (0.398417ms)
✔ reject board target before saving; never silently drop invalid lineage (0.270791ms)
✔ reject wrong market before saving; never silently drop invalid lineage (0.226667ms)
✔ reject reference before saving; never silently drop invalid lineage (0.144333ms)
✔ reject invalid date type before saving; never silently drop invalid lineage (15.954708ms)
✔ reject noncanonical cutoff before saving; never silently drop invalid lineage (0.637ms)
✔ reject row summary before saving; never silently drop invalid lineage (0.370583ms)
✔ reject row last date before saving; never silently drop invalid lineage (0.26325ms)
✔ reject outside signal window before saving; never silently drop invalid lineage (3.873833ms)
✔ reject row source before saving; never silently drop invalid lineage (0.66075ms)
✔ reject row requested adjust before saving; never silently drop invalid lineage (0.242709ms)
✔ reject row quality before saving; never silently drop invalid lineage (9.897ms)
✔ reject open candle before saving; never silently drop invalid lineage (0.19375ms)
✔ reject unsupported storage before saving; never silently drop invalid lineage (0.126375ms)
✔ legacy snapshot without original input still opens without invented source (0.130667ms)
✔ original task references round-trip and legacy references remain distinguishable (18.213042ms)
✔ cache receipt must be a real ID string, never coerced or inherited from another owner (0.460042ms)
✔ all frozen bars and precision survive; changed code is disclosed, not represented as old execution (16.797541ms)
✔ invalid original receipt task stops instead of substituting live data (0.907125ms)
✔ invalid original receipt row stops instead of substituting live data (0.196667ms)
✔ invalid original receipt market stops instead of substituting live data (0.454167ms)
✔ invalid original receipt symbol stops instead of substituting live data (0.1795ms)
✔ invalid original receipt params stops instead of substituting live data (0.543792ms)
✔ invalid original receipt strategy stops instead of substituting live data (0.352208ms)
✔ invalid original receipt fingerprint stops instead of substituting live data (0.610541ms)
✔ invalid original receipt adjust stops instead of substituting live data (0.088791ms)
✔ invalid original receipt signal stops instead of substituting live data (0.100667ms)
✔ invalid original receipt malformed signals stops instead of substituting live data (0.056958ms)
✔ invalid original receipt row error stops instead of substituting live data (0.053542ms)
✔ invalid original receipt storage stops instead of substituting live data (0.050083ms)
✔ invalid original receipt version stops instead of substituting live data (0.049ms)
✔ invalid original receipt missing bars stops instead of substituting live data (0.060792ms)
✔ invalid original receipt null bar stops instead of substituting live data (0.051916ms)
✔ invalid original receipt order stops instead of substituting live data (3.432292ms)
✔ invalid original receipt open bar stops instead of substituting live data (0.627208ms)
✔ invalid original receipt future stops instead of substituting live data (0.349917ms)
✔ invalid original receipt negative duration stops instead of substituting live data (0.253916ms)
✔ invalid original receipt missing cutoff stops instead of substituting live data (0.132584ms)
✔ invalid original receipt number string stops instead of substituting live data (0.158834ms)
✔ invalid original receipt NaN stops instead of substituting live data (0.419ms)
✔ invalid original receipt bad low stops instead of substituting live data (0.240333ms)
✔ invalid original receipt negative volume stops instead of substituting live data (0.23ms)
✔ API sends owner and abort signal with no-store; unavailable receipt never calls a live feed (22.852209ms)
✔ radar submits captured owner with manual intent, polls as system, and preserves old cache adjustment (38.969458ms)
✔ late submit after adjust cannot become a scan result or cache (11.652625ms)
✔ late submit after window cannot become a scan result or cache (19.195792ms)
✔ late submit after owner cannot become a scan result or cache (8.244084ms)
✔ late submit after roundtrip cannot become a scan result or cache (2.382875ms)
✔ late submit after unmount cannot become a scan result or cache (1.252292ms)
✔ late poll after adjust cannot become a scan result or cache (17.236375ms)
✔ late poll after window cannot become a scan result or cache (3.748625ms)
✔ late poll after owner cannot become a scan result or cache (7.2505ms)
✔ late poll after roundtrip cannot become a scan result or cache (4.523ms)
✔ late poll after unmount cannot become a scan result or cache (2.155875ms)
✔ a failed new scan cannot re-display or replace old success; explicit retry is independent (1.57825ms)
✔ invalid result rows is never cached (0.654458ms)
✔ invalid result counts is never cached (0.518084ms)
✔ invalid result id is never cached (0.479417ms)
✔ storage denial preserves valid live results with an explicit notice (4.321875ms)
✔ actual picker loads the original complete warmup and stores actual dates, not form defaults (3.496125ms)
✔ failed original input does not fall back to newly fetched prices (2.571083ms)
✔ pending original input cannot commit after owner (21.528125ms)
✔ pending original input cannot commit after code (7.152708ms)
✔ pending original input cannot commit after unmount (1.260333ms)
✔ radar review captures row adjustment, exact minute, strategy and original cutoff (1.526209ms)
✔ invalid or legacy reviews fail explicitly without guessing data or adjustment (0.59375ms)
✔ exchange-local dates validate without browser timezone conversion (0.089917ms)
✔ review excludes future and unclosed bars, resets derived fingerprint and reports actual range without mutating source (1.111041ms)
✔ radar cache is owner scoped and malformed/legacy records never enter the UI (0.54475ms)
✔ late messages, close and errors from an old socket cannot affect replacement (3.149042ms)
✔ invalid messages and control responses never become ticks; close reason retained (0.255416ms)
✔ matching versions are selected by case identity without mutation (0.860167ms)
✔ future snapshots, wrong rules, incomplete chains and duplicate cases are rejected (0.215625ms)
✔ labels never confuse endpoint consistency or higher-centre proof with completion (0.126625ms)
✔ v2 keeps the detached prefix and v1 remains readable (0.293875ms)
✔ v3 supports trend search while retaining the same ownership guards (0.108458ms)
✔ missing, duplicated, misattributed or silently completed prefix is rejected (0.303833ms)
✔ reincorporation is recorded explicitly instead of erasing detached history (0.12675ms)
✔ accepts bounded history and empty verified batches (0.612584ms)
✔ rejects wrong batch, future indices, broken sources and contradictory state (0.228916ms)
✔ research labels distinguish absence, release, retained and internal (0.077292ms)
✔ late old responses cannot own a newer research request (0.507125ms)
✔ submission fields are captured values, not mutable form references (0.516833ms)
✔ navigation preserves explicit stock/index/fund/board identity and parameters without auto run (1.522125ms)
✔ ambiguous identity is rejected rather than guessed or numeric code padded (0.118209ms)
✔ query parser rejects incomplete, duplicate, incompatible and mixed-context values (4.538125ms)
✔ snapshot import keeps original data and normalizes optional display metadata (1.739959ms)
✔ reject invalid schema, periods, oversized arrays and impossible candle prices (0.348417ms)
✔ cloud archives retain larger frozen windows and all supported distinct periods (11.753916ms)
✔ import keeps valid frozen outputs and rejects mismatched frozen data instead of recomputing (0.429917ms)
✔ window is exchange local and bounded by the snapshot cutoff (0.528542ms)
✔ missing numbers and candidate status are never promoted (0.081917ms)
✔ amber projection resolves daily and minute labels, ignores open candle (0.440208ms)
✔ three workspaces are keyboard traversable without dropping an existing mode (1.007292ms)
✔ mobile comparison shows exactly the selected snapshot; desktop shows both (0.10475ms)
✔ inactive research never starts automatic work, valid active research does (0.084417ms)
✔ saved single strategy restores market, period, adjustment and all execution costs exactly (5.687666ms)
✔ missing legacy fields disclose supplied defaults instead of claiming complete restoration (0.243666ms)
✔ explicit contradictory market and unsupported instruments are not silently rewritten (0.813292ms)
✔ invalid present fields are errors, not fallback defaults (0.400833ms)
✔ saved links identify records only and cannot inject alternate execution context (0.228792ms)
✔ market entry preserves local dates and strategy, runs only on explicit request (9.598958ms)
✔ boards entry preserves local dates and strategy, runs only on explicit request (1.436ms)
✔ mixed market context blocks all loading and computation: savedStrategyId (1.166083ms)
✔ mixed market context blocks all loading and computation: optimizationContext (1.526375ms)
✔ mixed market context blocks all loading and computation: autoRun (1.017167ms)
✔ mixed market context blocks all loading and computation: unexpected (0.911208ms)
✔ slow catalog cannot overwrite input with a market entry (3.524459ms)
✔ slow catalog cannot overwrite owner with a market entry (1.345334ms)
✔ catalog-stage input cannot restore saved inputs or dispatch a task (2.261042ms)
✔ catalog-stage params cannot restore saved inputs or dispatch a task (2.275875ms)
✔ catalog-stage owner cannot restore saved inputs or dispatch a task (1.332291ms)
✔ catalog-stage failure cannot restore saved inputs or dispatch a task (1.064875ms)
✔ optimization context restores every execution field and malformed context blocks dispatch (1.373583ms)
✔ actual backtest view loads exact saved context without running, then saves the configuration used (1.149292ms)
✔ saving original radar warmup uses loaded input dates, not hidden form defaults (1.147959ms)
✔ late saved record cannot overwrite owner (1.54325ms)
✔ late saved record cannot overwrite route (1.302125ms)
✔ late saved record cannot overwrite input (1.290375ms)
✔ late saved record cannot overwrite unmount (1.423417ms)
✔ invalid saved context blocks run, while legacy missing fields disclose fallback (4.509833ms)
✔ every execution input invalidates the old result before it can be saved (15.268125ms)
✔ editing a cost while bars are pending never runs the new form on the old request (1.331958ms)
✔ save completion after owner cannot write into a different page or account (1.201334ms)
✔ save completion after route cannot write into a different page or account (1.060542ms)
✔ save completion after unmount cannot write into a different page or account (1.036ms)
✔ audit description translates permissions and never renders arbitrary detail fields (0.809958ms)
✔ audit time is explicitly Shanghai time and invalid data remains readable (21.279375ms)
✔ audit API preserves bounded pagination/filter state and authenticated credentials (28.110667ms)
✔ distinguishes no candidate, failed current audit, and actual invalidation without promoting legacy state (1.190375ms)
✔ filters independent families and directions without merging special and local dual-line evidence (1.480042ms)
✔ searches lifecycle dates and failure reasons with all terms required, retaining original source objects (0.123125ms)
✔ searches diagnostic rejection history without silently reviving historical candidates (0.361458ms)
✔ all excludes bc false, preserves input order and records, and does not infer missing direction (0.136583ms)
✔ legacy diagnostic family is standard, and empty diagnostics do not invent rejection records (0.090541ms)
✔ structural points retain their own confirmation and evidence, never deriving them from a MACD source (0.269459ms)
✔ M1 uses exact existing gates and remains a separate view of its original standard event (0.207125ms)
✔ combined date query finds independent point, prompt and event records without deduplication or additive counts (0.110417ms)
✔ chart date matches structured lifecycle timestamps, not coincidental prose dates (0.219875ms)
✔ minute evidence uses exact exchange-local minute, accepting T/space and refusing missing time (0.091292ms)
✔ chart date includes diagnostic ABC and rejection coverage without inventing open or reversed intervals (0.199791ms)
✔ date scope combines with all filters for structural points and original M1 sources (0.0925ms)
✔ new standard evidence explains price, old blocker and independent special lifecycle (1.143417ms)
✔ new gates include counts, boundary and dates without undefined placeholder (0.258583ms)
✔ legacy comparisons retain old detected confirmed and invalidated dates (0.156625ms)
✔ initial schema and refreshed catalog preserve supplied parameters; strategy change alone resets (4.589ms)
✔ late catalog defaults are suspended until route validation and then fill only missing fields (0.66425ms)
✔ structure dates remove midnight noise without changing intraday precision (0.496583ms)
✔ centre evidence distinguishes fixed core, outer range and candidate expansion (0.595625ms)
✔ segment evidence includes source prices and reverse proof with one-based labels (0.2125ms)
✔ missing legacy evidence does not invent confirmation (0.189583ms)
✔ special inclusion explains boundary exception without labelling it an ordinary fractal (0.068125ms)
✔ centre relation history distinguishes current candidate from original separation (0.106042ms)
✔ confirmation replay translates raw indices without date matching (0.125042ms)
✔ unknown, invalid or out-of-snapshot confirmations have no replay target (0.099209ms)
✔ connection badge validates shared time, price and alternating direction (0.121833ms)
✔ reverse preview uses observed extreme, not last close or a future target (0.893125ms)
✔ mirrored lows produce an upward reference (0.097291ms)
✔ no invented reference for missing, ambiguous, extending, or invalid inputs (0.118041ms)
✔ replay prefix cannot use a later extreme; ties retain first occurrence (0.094833ms)
✔ ongoing consolidation differs by color, line pattern, and fill (0.104875ms)
✔ defaults and bounded settings never expose strict price overrides (1.482292ms)
✔ evidence replay uses its own frozen period settings (0.10925ms)
✔ settings disclosure is closed by default and reuses existing controls (0.406666ms)
✔ actual component captures every selected period and failure; automatic work stays system-origin (19.126542ms)
✔ all collection failures are exportable reports, never empty success or recomputable invented bars (1.653375ms)
✔ missing response rows are retained as explicit errors; unexpected rows or cutoff cannot enter a saved result (4.28475ms)
✔ late study response cannot be saved after account (0.926292ms)
✔ late study response cannot be saved after input (0.93625ms)
✔ late study response cannot be saved after unmount (1.122208ms)
✔ invalid collection coverage cannot silently omit a period during import (1.749208ms)
✔ actual study freezes independent radar lineage, preserves it through import and recompute, and refuses foreign source (3.105917ms)
✔ task stores detached actual inputs, user submission and system polling (1.849666ms)
✔ invalidated submit resolve cannot revive result/error/spinner (2.590709ms)
✔ invalidated submit reject cannot revive result/error/spinner (1.554708ms)
✔ invalidated poll resolve cannot revive result/error/spinner (1.571708ms)
✔ invalidated poll reject cannot revive result/error/spinner (0.289625ms)
✔ earlier request completion cannot stop a newer task or replace its context (2.151708ms)
✔ owner change stops polling and cannot attribute prior account result to the new account (2.185041ms)
✔ failed remains failure, never successful completion (1.146833ms)
✔ cancelled remains failure, never successful completion (1.825791ms)
✔ timed_out remains failure, never successful completion (0.116667ms)
✔ cancelling is not completed; wrong ID, malformed result and unknown status fail closed (2.917042ms)
✔ deadline aborts polling and explicitly says the server may still be running (17.091375ms)
✔ task API sends captured owner and abort signal; old callers remain compatible (39.356917ms)
✔ progress is bounded, readable work units rather than inferred total percent (1.107875ms)
✔ factor result review freezes complete task data without lookup or recomputation (46.069916ms)
✔ completed phase never publishes result while task is still running (16.052542ms)
✔ untrusted progress cannot be used to publish an apparently completed task (0.968625ms)
✔ historical review uses owner-bound read-only fetch and account invalidation (1.388541ms)
✔ task list rejects malformed responses instead of replacing records with undefined (27.34325ms)
✔ cancelling is not terminal and elapsed values remain readable (0.2575ms)
✔ runBacktestWithPolling waits through cancelling and returns cancelled (2.121709ms)
✔ runBacktestWithPolling waits through cancelling and returns timed_out (2.648125ms)
✔ runSignalScanWithPolling waits through cancelling and returns cancelled (1.786375ms)
✔ runSignalScanWithPolling waits through cancelling and returns timed_out (2.02525ms)
✔ cancel API uses POST, and partial cancelled scan results are never accepted (0.874458ms)
✔ persistent recovery and version mismatch are distinct from completion (0.386375ms)
✔ terminal task deletion handles empty 204 and encodes identity (0.148417ms)
✔ checkpoint presence is not confused with verified reuse or task completion (0.359875ms)
✔ cached completed submission is retrieved rather than shown as running (0.483125ms)
✔ network failures are localized across WebKit, Chromium and Firefox (0.507041ms)
✔ tracking archive preserves raw input, precision, rules and can import read-only (12.314833ms)
✔ missing raw input (0.699792ms)
✔ wrong adjustment (0.14425ms)
✔ wrong period (0.789042ms)
✔ duplicate target (0.800542ms)
✔ false success (0.383416ms)
✔ unknown state (0.876416ms)
✔ cancelled empty expansion and partially completed batches retain actual states (0.313292ms)
✔ failed upload retries same identity and frozen payload, independent new batch gets a new identity (29.857541ms)
✔ late previous-owner save is discarded and never retried as the next account (0.383833ms)
✔ non-finite result stays unsaved rather than converting to null (0.16ms)
✔ empty selections include every row, including incomplete results (0.468375ms)
✔ same period/column selections are OR, other columns and periods are AND (0.175458ms)
✔ total selection does not bypass other criteria; missing periods never count as neutral signals (0.078125ms)
✔ toggle/removal preserves all other selections and never mutates input (0.679458ms)
✔ status selection uses OR with empty meaning all; can combine with breadth (0.554375ms)
✔ route consumer can unmount and remount while the one sequential analysis continues (3.440958ms)
✔ explicit stop retains completed rows and marks running/unstarted rows cancelled (0.325792ms)
✔ owner change or revoked access clears results and rejects late old publications (0.26525ms)
✔ background completion includes per-target failure and expansion failure without false success (0.261041ms)
✔ cancel during board expansion cannot publish late entries (0.179167ms)
✔ tracking transport binds owner, stops on permission failure and does not relabel name/market requests (15.465708ms)
✔ late auth error on an already-cancelled old transport never stops the next job (0.233917ms)
✔ route delegates lifetime and owns bounded vertical scrolling; application binds ownership (0.792791ms)
✔ finished batches emit independent history even without a route consumer (0.473ms)
✔ tracking identity separates asset types, exchanges and board catalogues (0.821958ms)
✔ cloud book validates without silently dropping corrupt groups or duplicate entries (0.661292ms)
✔ expansion preserves every member and all board/direct sources, not a 200-row display page (1.282209ms)
✔ membership failure is explicit and malformed partial membership is never accepted (0.292625ms)
✔ batch runs sequentially, keeps partial errors and continues after a failed target (14.66675ms)
✔ cancellation marks in-flight and unstarted rows, ignoring a late success (0.21475ms)
✔ group breadth counts only available periods, never treats failed targets as neutral evidence (0.23975ms)
✔ every clickable breadth count equals matching target count; periods and point families stay independent (0.208167ms)
✔ exact current revision accepts only its own evidence without mutation (5.329667ms)
✔ old partition, stale version, future evidence and false completion are rejected (0.271792ms)
✔ historical audit cannot import a later opposite segment (0.09125ms)
✔ empty partitions and higher-proof priority retain explicit blockers (0.074541ms)
✔ new blockers use Chinese labels without calling prerequisites completion (0.139917ms)
✔ missing comparison interval is explained in Chinese without inventing a date (0.637958ms)
✔ special diagnostics identify each A indicator witness rather than the price witness (0.174ms)
✔ nonstandard DEA axis gate remains explicit without an improvement requirement (0.137167ms)
✔ DEA tolerance discloses research threshold, precise deviation and near-zero fallback (0.722ms)
✔ wave evidence separates effective A from original wave and local pivots (0.293792ms)
✔ rounded equal line extrema disclose the precise failed values and witness times (0.11925ms)
✔ comparisons are explicitly research only and preserve B/C axis checks (0.099625ms)
✔ unformed candidate shows Chinese gates, two-decimal values and rejection dates (0.512042ms)
✔ new nonstandard audit explicitly uses full A and first-formed reverse evidence explains gaps (3.395792ms)
ℹ tests 680
ℹ suites 0
ℹ pass 680
ℹ fail 0
ℹ cancelled 0
ℹ skipped 0
ℹ todo 0
ℹ duration_ms 9271.364625
→ 打包中…
→ 运行测试…
京东方评级: D 分数: 34.3
维度明细: 卡玛比率=22.7, 最大回撤=27.5, 胜率=33.5, 利润因子=34.1, 夏普比率=41.5, 波动率=50.1
否决: 利润因子 1.11 接近 1，仅勉强盈亏平衡
长线优质策略评级: B 分数: 64.5
维度权重: 卡玛比率=28%, 最大回撤=26%, 胜率=0%, 利润因子=0%, 夏普比率=23%, 波动率=23%
优质案例评级: A 分数: 83.9
寻优点评级: A 74
组合重算指标: { '年化': '20.83%', '回撤': '0.80%', '夏普': '5.27', '卡玛': '26.03' }
稳定上涨组合评级: S 91.8
波动组合重算: { '回撤': '44.15%', '夏普': '-2.64', '持续': 60 }
波动组合评级: D 18.5
✔ 新版组合评级使用后端采样，不按图表柱数重新日线年化 (1.475708ms)
✔ 必要风险指标缺失不能展示为零风险或正常评级 (0.236833ms)
✔ 无穷比率不等于满分，真实零利润因子仍按亏损判断 (0.129708ms)
✔ 京东方回测必须评为 D 档（用户核心诉求验证点） (0.505667ms)
✔ 京东方评分应在 30-43 区间（C 与 D 的边界） (0.152458ms)
✔ 低利润因子触发系统亏损否决 (0.103125ms)
✔ 样本不足（< 10 笔交易）降权但不否决整个评级 (0.143416ms)
✔ 用户实测场景：6年6笔交易 + 高夏普 → 应得 A/B（核心回归测试） (0.165416ms)
✔ 深回撤 > 60% 触发直接 D 否决 (0.111833ms)
✔ 优质回测应得 A 或 S 档 (0.152209ms)
✔ 高回撤但收益高 → 最高 B（一票否决 cap） (0.083125ms)
✔ 插值函数：边界值取端点分数 (0.069ms)
✔ 插值函数：中间值线性插值 (0.041708ms)
✔ 寻优评级：4 维度降级版 (0.09225ms)
✔ 寻优评级：网格点交易太少 → 降权但评级照常 (0.055917ms)
✔ 组合评级：稳定上涨净值应得 A 或 S (1.599ms)
✔ 组合评级：高波动深回撤净值 → 低档 (0.658875ms)
✔ combinedMetrics：单点净值返回全 0（兜底） (0.056875ms)
✔ 历史组合仅保留原值，不从曲线推断日线或重算评级 (0.458917ms)
✔ v1-v4、未知版本及不完整依据不伪装为新版结果 (0.558917ms)
✔ 新版结果使用已记录指标，真实 999 和零不被当作历史哨兵 (0.071167ms)
✔ 指标状态缺失或与数值冲突不能产出评级，包括被降权维度 (0.098333ms)
✔ 低交易样本的真实不可用逐笔指标仍可降权，不误拦截可用净值评级 (0.083459ms)
✔ 寻优逐行核验新版采样与候选状态，输入范围不替代候选证据 (0.114417ms)
✔ 完整快照保留精度、真实 0/999、全部指标及版本且不关联可变输入 (0.662584ms)
✔ 策略保存接受真实 Vue 响应式结果，不因 Proxy 无法 structuredClone 而失败 (0.545667ms)
✔ 再次保存历史指标不补造新版计算或评级依据 (0.087792ms)
✔ 对比展示原值并指出版本、周期、范围与利率差异，不自动重算 (0.229625ms)
ℹ tests 28
ℹ suites 0
ℹ pass 28
ℹ fail 0
ℹ cancelled 0
ℹ skipped 0
ℹ todo 0
ℹ duration_ms 92.926708
