........................................................................ [  6%]
........................................................................ [ 12%]
........................................................................ [ 19%]
........................................................................ [ 25%]
........................................................................ [ 32%]
........................................................................ [ 38%]
........................................................................ [ 45%]
........................................................................ [ 51%]
........................................................................ [ 57%]
........................................................................ [ 64%]
........................................................................ [ 70%]
........................................................................ [ 77%]
........................................................................ [ 83%]
........................................................................ [ 90%]
........................................................................ [ 96%]
.......................................                                  [100%]
=============================== warnings summary ===============================
.venv/lib/python3.10/site-packages/starlette/testclient.py:37
  /Users/bowen/Documents/Python/Google/TDX-work/.venv/lib/python3.10/site-packages/starlette/testclient.py:37: DeprecationWarning: The anyio.abc.BlockingPortal alias is deprecated, use anyio.from_thread.BlockingPortal instead.
    _PortalFactoryType = typing.Callable[[], typing.ContextManager[anyio.abc.BlockingPortal]]

-- Docs: https://docs.pytest.org/en/stable/how-to/capture-warnings.html
1119 passed, 1 warning in 177.00s (0:02:56)
