
> web-ui@0.0.0 test
> node scripts/run-tests.mjs

✔ tracking is restricted to active administrators and explicitly authorized users (1.138541ms)
✔ presence requires visible focused recent interaction and never negative elapsed time (0.28475ms)
✔ admin query descriptions label metadata and disclose truncated targets (0.598375ms)
✔ code labels use market-qualified identities and visible missing-name fallback (0.912584ms)
✔ name hydration is automatic, market-separated, bounded, and abort-aware (46.170375ms)
✔ all current chart inspector evidence stays readable without altering original nested data (10.91725ms)
✔ reject malformed fields reachable from overlays, popovers and every inspector section with exact paths (36.08725ms)
✔ optional old fields and empty failure checkpoints remain readable, no missing-state invention (0.128417ms)
✔ archive calendar validation rejects normalized impossible dates and illegal clock/offset values (1.476125ms)
✔ bar validation compares actual instants, retains raw strings, rejects equal instants and malformed volume (0.405417ms)
✔ existing frozen matrix bar sources remain readable without mutation (25.612917ms)
✔ event lists and evidence-set reordering never imply new or changed signals; originals remain intact (37.768166ms)
✔ state, lifecycle times and unrounded evidence are classified separately on the same identity (6.822417ms)
✔ same date across families and sides remains independent; true event additions/removals are distinct (0.46275ms)
✔ duplicate identities preserve all records and are never paired arbitrarily (3.388458ms)
✔ missing identity does not cause false removals or additions in its collection (0.332334ms)
✔ missing source/list is unknown, not empty or proof of no events (0.299583ms)
✔ never-candidate diagnostics match without A or reference, including special B-only records (1.279125ms)
✔ A trimming changes evidence not identity; original wave anchors and reference changes distinguish bases (2.190541ms)
✔ date normalization preserves intraday, microsecond and timezone distinctions (3.055917ms)
✔ source differences and unknown fields/ordered evidence are retained (1.416917ms)
✔ different instruments, periods or study results are not matched (0.194458ms)
✔ structure divergences are supported without inventing MACD wave anchors (0.735458ms)
✔ legacy local migration keeps original payload, precision, versions and unknown fields without upgrading (34.887625ms)
✔ cloud exports use latest metadata but retain the original immutable payload, not old cloud ID/revision (13.56475ms)
✔ study import preserves successful and failed periods plus original warmup and primary metadata (2.074833ms)
✔ unknown, incomplete, oversized and nonfinite backups are rejected, never uploaded as summaries (148.197458ms)
✔ all supported chart outputs preserve full precision, null warmups, style and instance order (9.428ms)
✔ migration IDs survive rescanning/reload, preserve precision and isolate owners and changed content (19.403375ms)
✔ migration rejects missing owners, foreign archives and malformed inputs before upload (0.429125ms)
✔ post-inspection changes never upload under a previously confirmed identity (4.798708ms)
✔ lost response retries the same immutable body and id, without automatic retry or local deletion (2.977958ms)
✔ stop or account changes before/after read and upload discard stale results (3.46775ms)
✔ deleted cloud copies are not restored, purged copies and wrong response IDs are not treated as success (5.047333ms)
✔ chart plan freezes original data and uses original identity/window, not current selection (4.514542ms)
✔ missing volume/time/parameters and unsupported length never silently become a smaller/default study (9.062125ms)
✔ study plan preserves actual research settings and saved time labels (0.533458ms)
✔ saved structural settings survive chart and study archive replay; mismatch is rejected (1.258542ms)
✔ unrounded path diff distinguishes null, missing, structure, empty arrays, and ordering (0.681ms)
✔ response must match request, instrument, version, scope and period identities (1.017792ms)
✔ new archive retains original bars/lineage but never relabels frozen old indicators as recomputed (0.980916ms)
✔ study without saved input retains an explicit uncomputed row, never pretends all periods succeeded (0.486916ms)
✔ complete indicator recompute preserves saved settings, checks response and saves only new values (3.378458ms)
✔ missing or unknown saved indicator parameters cannot borrow current defaults (0.741334ms)
✔ original valid study rows retain precision, unknown fields, true zero and no recomputation (3.306ms)
✔ invalid nested fields become explicit per-period errors, not silently missing rows (2.299375ms)
✔ strict pen fields reject coercion and preserve historical source errors without reading their invalid nested fields (1.059542ms)
✔ duplicates are not cherry-picked and malformed or future rows remain in original-record entries (0.353458ms)
✔ full backtest file and cloud envelope retain all fields; no implicit Chanlun recompute (4.39925ms)
✔ invalid cash cannot become a readable archive (0.110917ms)
✔ invalid params cannot become a readable archive (0.079209ms)
✔ invalid adjust cannot become a readable archive (0.477334ms)
✔ invalid null lineage cannot become a readable archive (0.16125ms)
✔ invalid net value cannot become a readable archive (0.1215ms)
✔ invalid future trade cannot become a readable archive (0.088542ms)
✔ invalid duplicate date cannot become a readable archive (0.078125ms)
✔ invalid missing metrics cannot become a readable archive (0.077791ms)
✔ invalid nested infinity cannot become a readable archive (0.215333ms)
✔ invalid coerced rejected cannot become a readable archive (0.112209ms)
✔ actual store freezes submitted input and result separately from later source mutation (239.329666ms)
✔ actual store rejects stale or failed owner run and clears prior archive (70.020167ms)
✔ actual store rejects stale or failed input run and clears prior archive (39.470042ms)
✔ actual store rejects stale or failed clear run and clears prior archive (8.507333ms)
✔ actual store rejects stale or failed failure run and clears prior archive (7.545875ms)
✔ trade lookup keeps the exact minute across separators, precision and days (0.662791ms)
✔ date-only values cannot choose the midnight bar of an ambiguous day (0.257167ms)
✔ daily and duplicate exact timestamps keep first positional matches (8.558625ms)
✔ nanoseconds and timezone text are not truncated into a false match (0.532125ms)
✔ date labels preserve useful precision without local timezone conversion (2.321167ms)
✔ higher sources resolve actual records and separate original from current review time (1.933959ms)
✔ base sources and foreign witness rejection have distinct Chinese descriptions (0.121583ms)
✔ inconsistent candidate has no replay evidence: unknown reason (0.086834ms)
✔ inconsistent candidate has no replay evidence: prototype key (0.073542ms)
✔ inconsistent candidate has no replay evidence: future version (0.05825ms)
✔ inconsistent candidate has no replay evidence: future completion (0.048791ms)
✔ inconsistent candidate has no replay evidence: missing time (0.052625ms)
✔ inconsistent candidate has no replay evidence: empty source (2.792125ms)
✔ inconsistent candidate has no replay evidence: duplicate source (0.080958ms)
✔ inconsistent candidate has no replay evidence: unknown source (0.107875ms)
✔ inconsistent candidate has no replay evidence: mixed levels (0.0625ms)
✔ inconsistent candidate has no replay evidence: future child (0.054666ms)
✔ inconsistent candidate has no replay evidence: wrong child level (0.049583ms)
✔ inconsistent candidate has no replay evidence: duplicate record (0.043166ms)
✔ inconsistent candidate has no replay evidence: empty record range (0.049042ms)
✔ inconsistent candidate has no replay evidence: gap (0.048708ms)
✔ inconsistent candidate has no replay evidence: wrong parent range (0.037417ms)
✔ inconsistent candidate has no replay evidence: reversed sources (0.040083ms)
✔ inconsistent candidate has no replay evidence: unsafe base number (0.047416ms)
✔ 80 percent transparency is 20 percent alpha, for both candle directions (0.436209ms)
✔ transparency stays finite, integer, and bounded (0.286708ms)
✔ body is symmetric around the unchanged wick across widths and fractional positions (2.07575ms)
✔ horizontal candles preserve every price coordinate (0.105083ms)
✔ missing or non-finite candle layouts are left untouched (0.694834ms)
✔ native ECharts layout remains centred after resize, zoom and data replacement (255.72ms)
✔ zooming out of large-data line mode restores centred candle bodies (16.463042ms)
✔ structure widths retain existing defaults and hover appearance (0.756083ms)
✔ manual values stay finite, bounded, and at two decimal places (0.145583ms)
✔ raw index overrides rounded dates, including zero (0.765875ms)
✔ legacy intraday dates never fall back to the first bar of the day (0.100167ms)
✔ duplicate formatted times fail safely without a raw index (0.069125ms)
✔ padding keeps the 23px marker plus radius inside the price pane (0.114083ms)
✔ flat, zero and negative ranges get finite padding; invalid extents do not (0.220291ms)
✔ single-bar time link is a thin line limited to each actual plot (0.850375ms)
✔ multi-bar time link has no border and clips to plot, never clamps offscreen data to an edge (0.107959ms)
✔ time links map daily coverage to all minute bars, not a matching ordinal (0.156208ms)
✔ weekly and monthly end-labelled bars cover earlier constituent dates without changing data (1.218584ms)
✔ nearest marker wins regardless of signal family, only co-located points share chooser (1.727208ms)
✔ immutable request cache deduplicates pending work, isolates payload keys and retries errors (0.744416ms)
✔ all six structural types keep extrema and confirmation separate with original evidence (0.58125ms)
✔ legacy records do not invent confirmation or structural sources (0.118416ms)
✔ M1 keeps independent MACD source and original direction, never a structural type (0.322542ms)
✔ all chart layers override independent animation and progressive rendering (10.258959ms)
✔ archive tooltip labels and evidence remain text, not active HTML (0.457625ms)
✔ rejects invalid saved zooms (0.737167ms)
✔ same-snapshot redraw keeps current manually chosen view (0.098958ms)
✔ focus redraw keeps manual zoom; clearing restores pre-focus view (0.08475ms)
✔ switching focus preserves the original return view (0.061458ms)
✔ new snapshot resets saved focus view and never revives old zoom (0.102167ms)
✔ default inactive; moving does not show cards and leaving does not deactivate (0.964291ms)
✔ object previews can read date-card activation without activating it (0.153875ms)
✔ click selects a point; outside click closes; inside click is not dismissed (0.739584ms)
✔ activated cards follow movement until outside dismissal, then require another click (0.528792ms)
✔ zoom clears stale coordinates but preserves activation (0.211666ms)
✔ data reset and Escape deactivate; teardown removes all handlers (0.7495ms)
✔ archive requests bind current owner and bypass browser cache (20.112958ms)
✔ cloud directory validates all rows, quotas and identities without dropping broken entries (11.011959ms)
✔ original detail requires an object payload but action receipts may omit it (0.364ms)
✔ account change discards delayed success and delayed errors (0.2645ms)
✔ unauthenticated archive requests do not reach server; structured conflicts remain actionable (0.232792ms)
✔ upload retries retain immutable captured body and all numerical precision (0.179167ms)
✔ directed centre chain is candidate evidence, not completion (0.947083ms)
✔ touching, opposing, future, overlapping or malformed chains fail closed (0.239875ms)
✔ single-centre and legacy components remain readable (0.0685ms)
✔ inside, border, reversed y and overlapping rectangles resolve newest first (0.779916ms)
✔ invalid or missing render coordinates cannot create hits (0.083958ms)
✔ popup stays within narrow viewport and near-edge right click (0.086584ms)
✔ roles are Chinese and unknown roles never claim completion (0.46175ms)
✔ source ranges keep one-based indices without disguising gaps (0.106083ms)
✔ coverage checks counts, repeats and missing IDs (0.208292ms)
✔ missing, empty and rejected suffix are explicit (0.085292ms)
✔ invalid counts and empty blocks cannot pass the coverage audit (0.078042ms)
✔ uses raw indices, allows shared endpoints and bounds zoom padding (0.875625ms)
✔ does not invent a B interval or infer indices from formatted dates (0.086458ms)
✔ rejects partial, reversed, overlapping and out-of-snapshot evidence (0.121542ms)
✔ allows inspection of historical failed evidence without reviving it (0.104708ms)
✔ local proof draws frozen exact endpoints only after its actual confirmation (0.155ms)
✔ dual-line divergence uses two exact raw indices, never artificial ABC ranges (0.08025ms)
✔ dual-line focus rejects missing, duplicate, reversed and out-of-range points (0.086375ms)
✔ special wave focus uses AB and its extreme without inventing C (0.089792ms)
✔ direction, family and lifecycle have independent marker styles (0.679792ms)
✔ no-C dual-line remains a circle and fills only on first reverse-pen confirmation (0.842708ms)
✔ M1 is restricted to confirmed waves with a later actual confirmation (0.159583ms)
✔ four families retain independent records and nonstandard uses a triangle (0.184292ms)
✔ October 4 marker matrix uses shape for family and colour only for direction (0.121167ms)
✔ special AB evidence separates A line extrema from both price anchors and legacy pivots (0.126708ms)
✔ history is opt-in, inactive stays grey hollow, never creates M1 (0.108416ms)
✔ every historical shape uses a continuous hollow contour, including on hover (8.166375ms)
✔ new nonstandard evidence relaxes prices only and records each subtype (0.213917ms)
✔ new dual rule cannot fill without recorded later local confirmation (0.1225ms)
✔ historical engineering match retains original timing without claiming regrouping completion (0.963625ms)
✔ future, stale, mismatched or incomplete evidence fails closed (0.321375ms)
✔ older snapshots and unmatched parts keep existing natural audit available (0.065875ms)
✔ engineering provenance uses the same one-based numbering as other inspectors (0.650833ms)
✔ mixed recursion distinguishes consolidation and trend from the old trend view (0.148333ms)
✔ unknown or reversed provenance is not presented as a completed trend (9.987125ms)
✔ indicator and price values use two decimals without inventing missing evidence (0.113333ms)
✔ recursive centre relations never call extension candidates completed types (0.113959ms)
✔ admissions distinguish unit confirmation from later failed-return admission (0.069667ms)
✔ display fields retain all text including dates, provenance, and secondary colons (7.133708ms)
✔ narrative, missing evidence, and timestamp headings remain whole (10.342292ms)
✔ selects the exact source without replacing missing comparison periods with the primary (0.425625ms)
✔ prefix audit preserves original warmup snapshot and its own instrument and period (0.836083ms)
✔ rejects invalid positions, missing identity and explicitly unclosed prefix data (0.204708ms)
✔ optimization carries full execution and identity without live defaults (4.328041ms)
✔ malformed, mixed, missing or conflicting optimization context never silently defaults (0.546083ms)
✔ multi original replay preserves costs, slots and adjustment; extend changes only end dates (0.330292ms)
✔ multi rejects corrupt and incompatible slots without dropping or repairing any (0.267917ms)
✔ legacy missing settings are disclosed with deterministic defaults, explicit invalid values rejected (0.13075ms)
✔ combining equal-account singles preserves per-slot cash and costs; conflicts rejected not rewritten (0.323333ms)
✔ all candidate states distinguish eligibility from completed natural types (0.511125ms)
✔ opposite geometry identifies reused next-part evidence, including nonzero source IDs (0.524167ms)
✔ external opposite geometry is not added to candidate membership (0.094209ms)
✔ missing, stale, misattributed or future opposite geometry is not displayed as matched (0.129209ms)
✔ preferred endpoints are never called completed types; conflicts are retained (0.077375ms)
✔ opposite base turn is not same-level completion (0.096541ms)
✔ price formatting preserves zero and boundary contact, guards non-finite values (0.106292ms)
✔ candidate audit joins by identity, not response order (0.079834ms)
✔ part audit must match ordinal AND exact raw source IDs, including shifted IDs (0.141375ms)
✔ locates the three raw ranges without relabelling them as MACD or confirmed centres (0.943ms)
✔ candidate must already be observable at the CURRENT replay prefix (0.160834ms)
✔ no incomplete, waiting or unsupported candidate is given a fabricated range (0.092375ms)
✔ raw bar boundaries must be contiguous and inside the visible window (0.128792ms)
✔ source partitions must cover every original segment once, preserving nonzero IDs (0.108541ms)
✔ conflicting geometric fallback remains viewable for manual audit (0.069083ms)
✔ clearing a regrouping focus restores original zoom; a new replay snapshot does not (0.117583ms)
✔ membership labels distinguish source confirmation from later admission (1.342041ms)
✔ admission witness distinguishes confirmation dependency from geometric membership (0.29625ms)
✔ old or malformed evidence never invents an admission witness (0.119583ms)
✔ real frozen result archives preserve every input, missing tag, precision and failed factor (44.372584ms)
✔ factor cloud envelope imports as independent copy without original identity (1.939541ms)
✔ partial or incompatible archives fail explicitly, not repaired from the current catalog (341.055291ms)
✔ read-only renderer has no execution or market API imports; explicit replay is separate (2.918208ms)
✔ same-account profile refresh preserves replay state; identity changes invalidate synchronously (1.423833ms)
✔ benchmark dependency uses declared input not a guessed name (0.520667ms)
✔ pool rejects mixed frozen index versions, allowing different stock calendars (10.063708ms)
✔ frozen exact pairing retains absent date and rejects silent fill or replacement (0.759458ms)
✔ failed auxiliary fetch must be explicitly recorded for both fields; legacy needs none (0.102084ms)
✔ UI exposes benchmark conditionally and invalidates both research paths (2.730959ms)
✔ evaluation keeps exact-search aliases until query-aware browsing (1.440375ms)
✔ library navigation and Chinese/identifier/family search preserve full matching set (0.422916ms)
✔ availability is evaluated by adjustment and period without mutating selections (0.365917ms)
✔ single and multi-track axes share compact large units and distinct small ticks (1.841708ms)
✔ correlation uses its mathematical range; raw factors keep their own scale (0.962958ms)
✔ tiny values remain visible and tooltip raw precision is not rounded (0.255875ms)
✔ percentage is presentation only, gaps and source values are preserved (3.327667ms)
✔ disabled combination does not add implicit weights; enabled selection is explicit (0.944958ms)
✔ actual Python report preserves the combination through export and read-only reopen (35.377708ms)
✔ incomplete or contradictory composition archive is rejected, never repaired (78.78375ms)
✔ horizon selection is bounded, canonical and never silently amended (1.868167ms)
✔ horizon view uses frozen results without changing configuration or primary report (46.160875ms)
✔ all horizons survive draft/export/import and old single archives still read (67.461167ms)
✔ missing windows, wrong labels and disagreement with primary reports fail closed (24.924333ms)
✔ request selection invalidates immediately; display-only switching does not (2.043ms)
✔ multiple horizons dispatch one explicitly manual request with complete selection (125.72825ms)
✔ dimensionless exponents are not presented as bar counts (2.704417ms)
✔ filtered sample windows are never labelled as calendar periods (22.5105ms)
✔ Alpha101 cross-library aliases normalize parameter keys and order (10.777292ms)
✔ Alpha101 curvature threshold identity and warmup are declared (0.228958ms)
✔ Alpha101 short custom mean still retains fixed price-lag dependency (0.422333ms)
✔ named GTJA dependency paths use maximum chain and all edited windows (4.208875ms)
✔ GTJA compound windows and cross-library identical mean ratios are explicit (0.799583ms)
✔ parameter selection copies only active settings without mutating cached settings (0.170958ms)
✔ builtin decimal multiplier, ordering, effective identity and actual labels (0.184875ms)
✔ reset only one parameter, retain other overrides without mutating input (0.134958ms)
✔ history warning uses full effective warmup, not all parameters as rolling windows (0.134084ms)
✔ names and validation use actual windows; equivalent formula choices rejected (0.136833ms)
✔ recompute task request binds owner, source revision and manual intent; polling stays automatic (23.493209ms)
✔ history retains the complete recompute envelope, not just numerical results (7.929209ms)
✔ replay uses shared task invalidation and archive saving preserves replay metadata (1.888959ms)
✔ statistics version is frozen provenance, never inferred as the current version (1.489625ms)
✔ factor glossary accepts standard abbreviations with spaces or underscores (0.425958ms)
✔ factor missing values never become valid zero (0.775917ms)
✔ factor ranking is stable, non-mutating and missing-last in both directions (40.957166ms)
✔ small factor values do not round to fake zeros; raw precision keeps original number (0.101292ms)
✔ compatibility aliases are only shown for exact legacy lookup or active selection (0.0995ms)
✔ series automatic initialization is system intent, only deliberate task submission is a query (79.83125ms)
✔ saved series task reopens as series without lookup, all diagnostics and original inputs survive (8.951334ms)
✔ cleared series execution cannot publish an old stock result (0.498416ms)
✔ live series and history use shared tasks, invalidate on input/account/route and never treat as trading backtest (1.469292ms)
✔ late catalog never submits after unmount, input/account/tab changes, or manual run (0.24575ms)
✔ failed catalog does not silently start default research or publish after leaving (0.140667ms)
✔ favorite IDs are bounded, deduplicated and malformed saved preferences never get overwritten (3.166417ms)
✔ favorites use acknowledgment and only patch their own key; same-session writes serialize (0.490833ms)
✔ failed favorite updates do not pretend success and can retry (0.259959ms)
✔ other preference acknowledgment exposing pending patch cannot fake a saved favorite (0.208375ms)
✔ owner switch clears state immediately and old failure cannot affect new save (0.324583ms)
✔ series compare shares all x axes but preserves independent raw values, scales, gaps and tooltip precision (1.203583ms)
✔ future appending leaves prior plotted values unchanged, missing is never replaced by zero (0.250208ms)
✔ multi-factor comparison is reused in live and read-only views, favorites do not change research settings (3.015208ms)
✔ factor submission marks only explicit dispatch, preserves owner/signal, polling/cancel stay automatic (28.637417ms)
✔ cancel acknowledged during pending poll cannot regress UI or publish partial result (15.585375ms)
✔ late cancellation cannot revive cleared or changed-account task UI (0.572458ms)
✔ unconfirmed cancellation keeps polling; successful task remains recoverable (0.388292ms)
✔ factor panel uses shared execution and distinguishes cancel from detach (0.325541ms)
✔ explicit stock-only finite latest selection; missing and fund/index stay unavailable (1.57825ms)
✔ origin and precision survive JSON and later group membership edits (2.293459ms)
✔ only explicit action writes owner assertion and source revision, never sends computed score (30.082208ms)
✔ late owner response rejected; permission denial and source mismatch not successful (0.616667ms)
✔ time modes construct explicit configs without random dates or implied training (5.126166ms)
✔ invalid dates, hidden shrinkage and numeric coercion are rejected (0.377709ms)
✔ full frozen time results survive import, draft and readonly validation unchanged (23.413666ms)
✔ missing, mismatched and nonfinite temporal archive results fail explicitly (9.659416ms)
✔ changes invalidate synchronously; same-account profile refresh does not change split (3.0895ms)
✔ menus stay inside phone, keyboard and landscape viewports (0.57775ms)
✔ near-bottom controls open upwards without changing ordinary desktop width (0.098208ms)
✔ warmup null, missing and invalid indicator values never become invented zeroes (0.845292ms)
✔ freeze all supported indicator outputs, warmup holes, volume averages and exact numerical precision (9.161291ms)
✔ frozen playback keeps captured values despite different current prices and never queries APIs (1.198ms)
✔ malformed or mismatched frozen values fail closed, never fall back to recomputation (0.62975ms)
✔ marker hit uses signed stacking offset for both directions, not candle position (0.447084ms)
✔ symbol size and invalid render positions are handled safely (0.079709ms)
✔ market tab changes discard old success and cannot stop the new spinner (240.132542ms)
✔ market late failure after filter cannot resurrect an error (29.505416ms)
✔ market late failure after owner cannot resurrect an error (26.598458ms)
✔ market late failure after unmount cannot resurrect an error (75.661583ms)
✔ directory count failure preserves valid rows; late totals cannot cross markets (40.96825ms)
✔ board selection clears old details and ignores slower preceding member responses (33.092ms)
✔ board list filter changes invalidate pending member requests and prevent old auto-selection (60.451917ms)
✔ default board preload remains system-origin after manual list refresh (14.683375ms)
✔ belonging response after stock cannot change results or stock history (45.626167ms)
✔ belonging response after owner cannot change results or stock history (23.344959ms)
✔ belonging response after unmount cannot change results or stock history (21.220541ms)
✔ current belonging success records captured stock; concurrent member failure has separate feedback (19.198667ms)
✔ market selection uses loaded market, clears on filters, and distinguishes shared stock/index codes (18.567042ms)
✔ board analysis uses result classification; members require their own market (56.055041ms)
✔ aborted late response cannot publish metadata even if transport ignores abort (12.200625ms)
✔ missing provenance or silently changed adjustment never reaches research (0.449667ms)
✔ reported gaps do not falsely label suspension or prevent inspecting valid candles (0.22825ms)
✔ history fetch consumes one verified range and publishes complete metadata only after validation (0.853ms)
✔ unclosed response never updates provenance or reaches the backtest (1.310958ms)
✔ null, true zero, infinities and real 999 are distinct after JSON roundtrip (2.458167ms)
✔ single, saved and comparison results retain authoritative metric basis (0.450292ms)
✔ whole proof validated without mutation, and cross-role ownership remains visible (3.656375ms)
✔ stale, future, duplicated, incomplete, falsely completed and mismatched sources rejected (0.326625ms)
✔ base runs cannot masquerade as proofs or own multiple provisional regions (0.072959ms)
✔ blocked covers show full conflicts, never fabricated flattened blocks (0.093792ms)
✔ labels retain provisional scope (0.062917ms)
✔ all seven MA presets are available but only MA5 and MA10 start visible (0.764292ms)
✔ each chart session gets independent editable settings without changing presets (0.247625ms)
✔ MA presets retain the requested yellow, white, purple, green, cyan, orange, red palette (0.189417ms)
✔ legend retains every MA choice and explicit hidden states override stale chart selection (0.258833ms)
✔ cross-boundary details resolve actual input and nested ownership records (1.322333ms)
✔ unowned reverse evidence stays explicitly unowned for boundary rejection (0.11975ms)
✔ foreign witness can be shown for an otherwise single-owner candidate (0.479666ms)
✔ legacy candidates do not invent missing conflict details (0.341542ms)
✔ damaged detail is not presented: mismatched candidate sources (0.268916ms)
✔ damaged detail is not presented: wrong layer (0.967666ms)
✔ damaged detail is not presented: unknown reverse input (0.081084ms)
✔ damaged detail is not presented: wrong reverse range (0.062167ms)
✔ damaged detail is not presented: reverse overlaps prices (0.069125ms)
✔ damaged detail is not presented: future reverse confirmation (0.108625ms)
✔ damaged detail is not presented: wrong reverse time (0.066875ms)
✔ damaged detail is not presented: incomplete domain list (0.069167ms)
✔ damaged detail is not presented: duplicate domains (0.049167ms)
✔ damaged detail is not presented: noncontinuous domain (0.04275ms)
✔ damaged detail is not presented: foreign domain misses witness (0.053125ms)
✔ damaged detail is not presented: false unowned witness (0.048125ms)
✔ damaged detail is not presented: missing nested record (0.057208ms)
✔ damaged detail is not presented: wrong reason (0.056625ms)
✔ only current owner revisions form the displayed ownership set (0.806833ms)
✔ internal provenance remains distinct and validates enclosing ownership (0.398625ms)
✔ parent-covered history is not labeled as an additional effective input (0.076625ms)
✔ nested provenance validates containment and strictly increasing input levels (0.201042ms)
✔ current owner labels are distinct from creation IDs and tolerate old snapshots (0.321916ms)
✔ summary mode lists every historical address, not just current versions (1.533ms)
✔ full and missing legacy snapshots stay readable without inventing history (0.088166ms)
✔ all four analysis paths explicitly request summary delivery without changing input (0.859292ms)
✔ complete lifecycle stays chronological, does not mutate input, and uses Chinese labels (1.220917ms)
✔ legacy or future history is not invented (0.116416ms)
✔ dangling, reordered, duplicated, miscounted and conflicting histories fail closed (1.879167ms)
✔ equal counts cannot hide swapped source identities (0.28475ms)
✔ intermediate event boundaries must equal actual inherited and added sources (0.188542ms)
✔ input evidence must exist at the correct level and be available at admission (1.913209ms)
✔ invalid domain sources, membership and parent context fail closed (0.337875ms)
✔ leftward growth, shifted sources and newly filled merge gaps remain valid (0.173791ms)
✔ both periods exclude future and open candles while retaining original warm-up start (4.347166ms)
✔ snapshot observation time caps cutoff; bar start before cutoff is not enough (0.109209ms)
✔ no timeframe fallback or fabricated candles when historical minute range is unavailable (0.070875ms)
✔ index and board snapshots retain NONE adjustment, mismatch is rejected (0.240709ms)
✔ missing completion evidence, timezone timestamps and unordered bars fail explicitly (0.145375ms)
✔ week/month completion boundary comes from provider annotation, not day label (0.0975ms)
✔ matrix defaults to five requested periods and includes separate buy/sell evidence column (0.936084ms)
✔ does not turn current reversal observation into a confirmed opposite pen (0.1625ms)
✔ keeps true zero distinct from missing, and numerical display never overwrites original axis judgment (0.123167ms)
✔ keeps divergence family, extrema and actual confirmation separate; never drops records (11.777125ms)
✔ missing pen and divergence are bounded claims; quality limitations stay visible (0.173459ms)
✔ buy/sell evidence distinguishes missing old archives, no points, structure and M1 (0.1775ms)
✔ portfolio: all original values survive import and cloud envelope; no Chanlun recompute (51.546417ms)
✔ portfolio: actual component fetches only explicitly, binds owner/request/result and freezes capture (30.530917ms)
✔ portfolio: late receipt discarded after owner (3.340584ms)
✔ portfolio: late receipt discarded after request (5.139042ms)
✔ portfolio: late receipt discarded after task (0.872084ms)
✔ portfolio: late receipt discarded after result (37.933875ms)
✔ portfolio: late receipt discarded after busy (5.839ms)
✔ portfolio: late receipt discarded after unmount (0.90475ms)
✔ portfolio: invalid missing rejected (0.202209ms)
✔ portfolio: invalid allocation rejected (0.236375ms)
✔ portfolio: invalid metadata rejected (0.100584ms)
✔ portfolio: invalid date rejected (0.116709ms)
✔ portfolio: invalid precision rejected (1.784708ms)
✔ portfolio: invalid curve rejected (0.836791ms)
✔ portfolio: invalid request rejected (0.128625ms)
✔ portfolio: invalid trade rejected (0.710375ms)
✔ portfolio: unavailable or different task never falls back to fetching data (20.921833ms)
✔ multi_strategy: all original values survive import and cloud envelope; no Chanlun recompute (1.345791ms)
✔ multi_strategy: actual component fetches only explicitly, binds owner/request/result and freezes capture (12.233375ms)
✔ multi_strategy: late receipt discarded after owner (1.491834ms)
✔ multi_strategy: late receipt discarded after request (0.810667ms)
✔ multi_strategy: late receipt discarded after task (1.003583ms)
✔ multi_strategy: late receipt discarded after result (1.102125ms)
✔ multi_strategy: late receipt discarded after busy (0.729625ms)
✔ multi_strategy: late receipt discarded after unmount (0.717542ms)
✔ multi_strategy: invalid missing rejected (0.114625ms)
✔ multi_strategy: invalid allocation rejected (0.199291ms)
✔ multi_strategy: invalid metadata rejected (0.090375ms)
✔ multi_strategy: invalid date rejected (0.09175ms)
✔ multi_strategy: invalid precision rejected (0.181458ms)
✔ multi_strategy: invalid curve rejected (0.152875ms)
✔ multi_strategy: invalid request rejected (0.089292ms)
✔ multi_strategy: invalid trade rejected (0.106875ms)
✔ multi_strategy: unavailable or different task never falls back to fetching data (26.591875ms)
✔ normalized server defaults may extend but not alter submitted parameters (3.475583ms)
✔ library original/extended multi replay uses saved costs despite global preference changes (227.648667ms)
✔ portfolio load -> actual store task lifecycle -> save uses identical context and all costs (147.354584ms)
✔ portfolio catalog-stage input is isolated before saved fetch (102.003542ms)
✔ portfolio catalog-stage params is isolated before saved fetch (94.537375ms)
✔ portfolio catalog-stage owner is isolated before saved fetch (80.506292ms)
✔ portfolio catalog-stage failure is isolated before saved fetch (74.241709ms)
✔ portfolio catalog-stage empty is isolated before saved fetch (78.930458ms)
✔ pending portfolio cannot survive input (41.698ms)
✔ pending portfolio cannot survive owner (52.938584ms)
✔ pending portfolio cannot survive unmount (68.9845ms)
✔ store account epoch clears completed results in all four task families (20.025166ms)
✔ runPortfolio old account error is ignored even after switching back (37.327875ms)
✔ runMultiStrategy old account error is ignored even after switching back (17.287833ms)
✔ runOptimize old account error is ignored even after switching back (45.587667ms)
✔ runOptimizeAll old account error is ignored even after switching back (21.925792ms)
✔ optimizer takes an input snapshot before awaiting bars and hands off the result strategy/adjustment (21.77525ms)
✔ portfolio late save cannot close or annotate newly changed configuration (15.530292ms)
✔ library name lookup cannot mix later input or account into a save (92.161ms)
✔ library saves a multi result with submitted adjustment, not the later global preference (24.402667ms)
✔ late library list cannot replace a newly created record and owner change clears all personal rows (18.454041ms)
✔ portfolio identity rejects mixed markets, repeats and invalid lengths (0.551875ms)
✔ late preference response cannot revert a newer adjustment; queued patch is captured (185.176333ms)
✔ account switch drops old queue, permits new account immediately and ignores late response (77.937917ms)
✔ same-account logout/login does not accept response from prior session epoch (48.250084ms)
✔ failed saves reject caller, do not wedge queue or restore stale role permissions (8.049875ms)
✔ mismatched response owner and logged-out saves are rejected (11.985958ms)
✔ market preference watcher survives the first route unmount and follows owner changes (22.925875ms)
✔ tracking ownership watcher survives route scope disposal and clears on revocation or logout (191.914ms)
✔ late name hydration cannot write across accounts; new owner hydrates independently (42.544875ms)
✔ sidebar hydration never writes, old-owner timers cancel, failures are handled (102.766958ms)
✔ forming candles preserve OHLC and use dashed empty outlines (0.47175ms)
✔ forming volume and signed MACD columns preserve values and direction (0.103459ms)
✔ query defaults to system, manual intent is synchronous and explicit (0.534958ms)
✔ direct bar snapshot fetch preserves explicit intent, including failed requests (42.789958ms)
✔ pending manual requests do not mark concurrent automatic work or async continuations (0.126208ms)
✔ API dispatch tags manual queries but excludes automatic name lookup and task polling (2.679417ms)
✔ save keeps original full input separate from replay prefix, fully detached from live state (5.469583ms)
✔ same-bar opposite signals remain distinct; source survives JSON import without task or network (2.019791ms)
✔ recompute uses only saved chart prefix, keeps original scan signals and version unchanged (3.183541ms)
✔ reject wrong target before saving; never silently drop invalid lineage (1.126584ms)
✔ reject board target before saving; never silently drop invalid lineage (1.031625ms)
✔ reject wrong market before saving; never silently drop invalid lineage (0.880084ms)
✔ reject reference before saving; never silently drop invalid lineage (1.88675ms)
✔ reject invalid date type before saving; never silently drop invalid lineage (4.806875ms)
✔ reject noncanonical cutoff before saving; never silently drop invalid lineage (2.257333ms)
✔ reject row summary before saving; never silently drop invalid lineage (0.530375ms)
✔ reject row last date before saving; never silently drop invalid lineage (0.263834ms)
✔ reject outside signal window before saving; never silently drop invalid lineage (0.217125ms)
✔ reject row source before saving; never silently drop invalid lineage (0.226583ms)
✔ reject row requested adjust before saving; never silently drop invalid lineage (0.207458ms)
✔ reject row quality before saving; never silently drop invalid lineage (3.77175ms)
✔ reject open candle before saving; never silently drop invalid lineage (0.192458ms)
✔ reject unsupported storage before saving; never silently drop invalid lineage (0.287292ms)
✔ legacy snapshot without original input still opens without invented source (0.4815ms)
✔ original task references round-trip and legacy references remain distinguishable (4.503083ms)
✔ cache receipt must be a real ID string, never coerced or inherited from another owner (0.33075ms)
✔ all frozen bars and precision survive; changed code is disclosed, not represented as old execution (0.647792ms)
✔ invalid original receipt task stops instead of substituting live data (0.160041ms)
✔ invalid original receipt row stops instead of substituting live data (0.077125ms)
✔ invalid original receipt market stops instead of substituting live data (0.070166ms)
✔ invalid original receipt symbol stops instead of substituting live data (0.064375ms)
✔ invalid original receipt params stops instead of substituting live data (0.479583ms)
✔ invalid original receipt strategy stops instead of substituting live data (1.221791ms)
✔ invalid original receipt fingerprint stops instead of substituting live data (0.153875ms)
✔ invalid original receipt adjust stops instead of substituting live data (0.097583ms)
✔ invalid original receipt signal stops instead of substituting live data (0.092ms)
✔ invalid original receipt malformed signals stops instead of substituting live data (0.063709ms)
✔ invalid original receipt row error stops instead of substituting live data (0.062209ms)
✔ invalid original receipt storage stops instead of substituting live data (0.055958ms)
✔ invalid original receipt version stops instead of substituting live data (0.082583ms)
✔ invalid original receipt missing bars stops instead of substituting live data (0.078709ms)
✔ invalid original receipt null bar stops instead of substituting live data (0.05725ms)
✔ invalid original receipt order stops instead of substituting live data (0.066667ms)
✔ invalid original receipt open bar stops instead of substituting live data (0.073708ms)
✔ invalid original receipt future stops instead of substituting live data (0.061208ms)
✔ invalid original receipt negative duration stops instead of substituting live data (0.062792ms)
✔ invalid original receipt missing cutoff stops instead of substituting live data (0.042167ms)
✔ invalid original receipt number string stops instead of substituting live data (0.054625ms)
✔ invalid original receipt NaN stops instead of substituting live data (0.052708ms)
✔ invalid original receipt bad low stops instead of substituting live data (0.053583ms)
✔ invalid original receipt negative volume stops instead of substituting live data (0.050584ms)
✔ API sends owner and abort signal with no-store; unavailable receipt never calls a live feed (68.08875ms)
✔ radar submits captured owner with manual intent, polls as system, and preserves old cache adjustment (32.837041ms)
✔ late submit after adjust cannot become a scan result or cache (31.0615ms)
✔ late submit after window cannot become a scan result or cache (1.124458ms)
✔ late submit after owner cannot become a scan result or cache (2.497458ms)
✔ late submit after roundtrip cannot become a scan result or cache (7.115125ms)
✔ late submit after unmount cannot become a scan result or cache (5.098292ms)
✔ late poll after adjust cannot become a scan result or cache (1.402458ms)
✔ late poll after window cannot become a scan result or cache (1.405792ms)
✔ late poll after owner cannot become a scan result or cache (1.870875ms)
✔ late poll after roundtrip cannot become a scan result or cache (1.08625ms)
✔ late poll after unmount cannot become a scan result or cache (0.854625ms)
✔ a failed new scan cannot re-display or replace old success; explicit retry is independent (3.311625ms)
✔ invalid result rows is never cached (2.367458ms)
✔ invalid result counts is never cached (8.410833ms)
✔ invalid result id is never cached (0.599042ms)
✔ storage denial preserves valid live results with an explicit notice (0.614834ms)
✔ actual picker loads the original complete warmup and stores actual dates, not form defaults (3.235375ms)
✔ failed original input does not fall back to newly fetched prices (0.764166ms)
✔ pending original input cannot commit after owner (17.186625ms)
✔ pending original input cannot commit after code (10.639125ms)
✔ pending original input cannot commit after unmount (4.936625ms)
✔ radar review captures row adjustment, exact minute, strategy and original cutoff (0.949042ms)
✔ invalid or legacy reviews fail explicitly without guessing data or adjustment (0.450042ms)
✔ exchange-local dates validate without browser timezone conversion (0.087125ms)
✔ review excludes future and unclosed bars, resets derived fingerprint and reports actual range without mutating source (2.130167ms)
✔ radar cache is owner scoped and malformed/legacy records never enter the UI (1.266875ms)
✔ late messages, close and errors from an old socket cannot affect replacement (0.996666ms)
✔ invalid messages and control responses never become ticks; close reason retained (0.486583ms)
✔ matching versions are selected by case identity without mutation (0.894042ms)
✔ future snapshots, wrong rules, incomplete chains and duplicate cases are rejected (0.214084ms)
✔ labels never confuse endpoint consistency or higher-centre proof with completion (0.153083ms)
✔ v2 keeps the detached prefix and v1 remains readable (0.304917ms)
✔ v3 supports trend search while retaining the same ownership guards (0.106083ms)
✔ missing, duplicated, misattributed or silently completed prefix is rejected (0.311167ms)
✔ reincorporation is recorded explicitly instead of erasing detached history (0.125458ms)
✔ accepts bounded history and empty verified batches (0.500333ms)
✔ rejects wrong batch, future indices, broken sources and contradictory state (0.224209ms)
✔ research labels distinguish absence, release, retained and internal (0.080208ms)
✔ late old responses cannot own a newer research request (0.995ms)
✔ submission fields are captured values, not mutable form references (0.488042ms)
✔ navigation preserves explicit stock/index/fund/board identity and parameters without auto run (1.60625ms)
✔ ambiguous identity is rejected rather than guessed or numeric code padded (0.118833ms)
✔ query parser rejects incomplete, duplicate, incompatible and mixed-context values (1.454375ms)
✔ snapshot import keeps original data and normalizes optional display metadata (2.426625ms)
✔ reject invalid schema, periods, oversized arrays and impossible candle prices (0.718625ms)
✔ cloud archives retain larger frozen windows and all supported distinct periods (12.503166ms)
✔ import keeps valid frozen outputs and rejects mismatched frozen data instead of recomputing (0.930416ms)
✔ window is exchange local and bounded by the snapshot cutoff (0.501917ms)
✔ missing numbers and candidate status are never promoted (0.080375ms)
✔ amber projection resolves daily and minute labels, ignores open candle (0.254667ms)
✔ three workspaces are keyboard traversable without dropping an existing mode (0.765875ms)
✔ mobile comparison shows exactly the selected snapshot; desktop shows both (0.102042ms)
✔ inactive research never starts automatic work, valid active research does (0.085208ms)
✔ saved single strategy restores market, period, adjustment and all execution costs exactly (2.842584ms)
✔ missing legacy fields disclose supplied defaults instead of claiming complete restoration (0.683583ms)
✔ explicit contradictory market and unsupported instruments are not silently rewritten (0.316375ms)
✔ invalid present fields are errors, not fallback defaults (0.281667ms)
✔ saved links identify records only and cannot inject alternate execution context (0.161792ms)
✔ market entry preserves local dates and strategy, runs only on explicit request (9.40625ms)
✔ boards entry preserves local dates and strategy, runs only on explicit request (1.891625ms)
✔ mixed market context blocks all loading and computation: savedStrategyId (1.082625ms)
✔ mixed market context blocks all loading and computation: optimizationContext (0.933917ms)
✔ mixed market context blocks all loading and computation: autoRun (0.926625ms)
✔ mixed market context blocks all loading and computation: unexpected (0.8955ms)
✔ slow catalog cannot overwrite input with a market entry (3.602167ms)
✔ slow catalog cannot overwrite owner with a market entry (2.479833ms)
✔ catalog-stage input cannot restore saved inputs or dispatch a task (3.517958ms)
✔ catalog-stage params cannot restore saved inputs or dispatch a task (2.1615ms)
✔ catalog-stage owner cannot restore saved inputs or dispatch a task (1.26175ms)
✔ catalog-stage failure cannot restore saved inputs or dispatch a task (1.033208ms)
✔ optimization context restores every execution field and malformed context blocks dispatch (1.312209ms)
✔ actual backtest view loads exact saved context without running, then saves the configuration used (1.143416ms)
✔ saving original radar warmup uses loaded input dates, not hidden form defaults (1.054ms)
✔ late saved record cannot overwrite owner (2.5455ms)
✔ late saved record cannot overwrite route (1.786708ms)
✔ late saved record cannot overwrite input (1.449916ms)
✔ late saved record cannot overwrite unmount (1.498542ms)
✔ invalid saved context blocks run, while legacy missing fields disclose fallback (5.5585ms)
✔ every execution input invalidates the old result before it can be saved (22.110583ms)
✔ editing a cost while bars are pending never runs the new form on the old request (0.991792ms)
✔ save completion after owner cannot write into a different page or account (0.998833ms)
✔ save completion after route cannot write into a different page or account (0.965042ms)
✔ save completion after unmount cannot write into a different page or account (4.955ms)
✔ audit description translates permissions and never renders arbitrary detail fields (0.468583ms)
✔ audit time is explicitly Shanghai time and invalid data remains readable (17.854584ms)
✔ audit API preserves bounded pagination/filter state and authenticated credentials (27.902375ms)
✔ distinguishes no candidate, failed current audit, and actual invalidation without promoting legacy state (0.556709ms)
✔ filters independent families and directions without merging special and local dual-line evidence (2.059583ms)
✔ searches lifecycle dates and failure reasons with all terms required, retaining original source objects (0.145958ms)
✔ searches diagnostic rejection history without silently reviving historical candidates (0.984833ms)
✔ all excludes bc false, preserves input order and records, and does not infer missing direction (0.508708ms)
✔ legacy diagnostic family is standard, and empty diagnostics do not invent rejection records (0.273542ms)
✔ structural points retain their own confirmation and evidence, never deriving them from a MACD source (0.926083ms)
✔ M1 uses exact existing gates and remains a separate view of its original standard event (0.654375ms)
✔ combined date query finds independent point, prompt and event records without deduplication or additive counts (0.181291ms)
✔ chart date matches structured lifecycle timestamps, not coincidental prose dates (0.28275ms)
✔ minute evidence uses exact exchange-local minute, accepting T/space and refusing missing time (0.100375ms)
✔ chart date includes diagnostic ABC and rejection coverage without inventing open or reversed intervals (0.214375ms)
✔ date scope combines with all filters for structural points and original M1 sources (0.099542ms)
✔ new standard evidence explains price, old blocker and independent special lifecycle (1.377417ms)
✔ new gates include counts, boundary and dates without undefined placeholder (0.244834ms)
✔ legacy comparisons retain old detected confirmed and invalidated dates (0.170917ms)
✔ initial schema and refreshed catalog preserve supplied parameters; strategy change alone resets (2.731041ms)
✔ late catalog defaults are suspended until route validation and then fill only missing fields (0.634792ms)
✔ structure dates remove midnight noise without changing intraday precision (0.474709ms)
✔ centre evidence distinguishes fixed core, outer range and candidate expansion (0.562833ms)
✔ segment evidence includes source prices and reverse proof with one-based labels (0.155958ms)
✔ missing legacy evidence does not invent confirmation (0.096458ms)
✔ special inclusion explains boundary exception without labelling it an ordinary fractal (0.062417ms)
✔ centre relation history distinguishes current candidate from original separation (0.097542ms)
✔ confirmation replay translates raw indices without date matching (0.066833ms)
✔ unknown, invalid or out-of-snapshot confirmations have no replay target (0.079666ms)
✔ connection badge validates shared time, price and alternating direction (0.113959ms)
✔ reverse preview uses observed extreme, not last close or a future target (0.981916ms)
✔ mirrored lows produce an upward reference (0.110125ms)
✔ no invented reference for missing, ambiguous, extending, or invalid inputs (0.124708ms)
✔ replay prefix cannot use a later extreme; ties retain first occurrence (0.103125ms)
✔ ongoing consolidation differs by color, line pattern, and fill (0.107292ms)
✔ defaults and bounded settings never expose strict price overrides (1.037458ms)
✔ evidence replay uses its own frozen period settings (0.100417ms)
✔ settings disclosure is closed by default and reuses existing controls (1.393125ms)
✔ actual component captures every selected period and failure; automatic work stays system-origin (18.105167ms)
✔ all collection failures are exportable reports, never empty success or recomputable invented bars (1.912084ms)
✔ missing response rows are retained as explicit errors; unexpected rows or cutoff cannot enter a saved result (3.549916ms)
✔ late study response cannot be saved after account (0.853834ms)
✔ late study response cannot be saved after input (0.795708ms)
✔ late study response cannot be saved after unmount (0.784875ms)
✔ invalid collection coverage cannot silently omit a period during import (1.549792ms)
✔ actual study freezes independent radar lineage, preserves it through import and recompute, and refuses foreign source (2.99175ms)
✔ task stores detached actual inputs, user submission and system polling (1.688125ms)
✔ invalidated submit resolve cannot revive result/error/spinner (1.764ms)
✔ invalidated submit reject cannot revive result/error/spinner (14.304ms)
✔ invalidated poll resolve cannot revive result/error/spinner (13.326083ms)
✔ invalidated poll reject cannot revive result/error/spinner (3.134584ms)
✔ earlier request completion cannot stop a newer task or replace its context (2.407625ms)
✔ owner change stops polling and cannot attribute prior account result to the new account (3.431458ms)
✔ failed remains failure, never successful completion (0.21825ms)
✔ cancelled remains failure, never successful completion (0.095917ms)
✔ timed_out remains failure, never successful completion (0.10425ms)
✔ cancelling is not completed; wrong ID, malformed result and unknown status fail closed (0.913334ms)
✔ deadline aborts polling and explicitly says the server may still be running (16.559084ms)
✔ task API sends captured owner and abort signal; old callers remain compatible (13.72025ms)
✔ progress is bounded, readable work units rather than inferred total percent (1.366208ms)
✔ factor result review freezes complete task data without lookup or recomputation (32.124459ms)
✔ completed phase never publishes result while task is still running (18.759333ms)
✔ untrusted progress cannot be used to publish an apparently completed task (0.259792ms)
✔ historical review uses owner-bound read-only fetch and account invalidation (0.929ms)
✔ task list rejects malformed responses instead of replacing records with undefined (28.790208ms)
✔ cancelling is not terminal and elapsed values remain readable (0.142208ms)
✔ runBacktestWithPolling waits through cancelling and returns cancelled (2.052042ms)
✔ runBacktestWithPolling waits through cancelling and returns timed_out (0.459583ms)
✔ runSignalScanWithPolling waits through cancelling and returns cancelled (1.934167ms)
✔ runSignalScanWithPolling waits through cancelling and returns timed_out (2.134583ms)
✔ cancel API uses POST, and partial cancelled scan results are never accepted (0.687917ms)
✔ persistent recovery and version mismatch are distinct from completion (0.599917ms)
✔ terminal task deletion handles empty 204 and encodes identity (0.323542ms)
✔ checkpoint presence is not confused with verified reuse or task completion (0.675084ms)
✔ cached completed submission is retrieved rather than shown as running (0.432125ms)
✔ network failures are localized across WebKit, Chromium and Firefox (0.380125ms)
✔ tracking archive preserves raw input, precision, rules and can import read-only (14.678791ms)
✔ missing raw input (0.29525ms)
✔ wrong adjustment (0.108084ms)
✔ wrong period (0.104583ms)
✔ duplicate target (0.117958ms)
✔ false success (0.095375ms)
✔ unknown state (0.062166ms)
✔ cancelled empty expansion and partially completed batches retain actual states (0.114458ms)
✔ failed upload retries same identity and frozen payload, independent new batch gets a new identity (25.8765ms)
✔ late previous-owner save is discarded and never retried as the next account (0.397458ms)
✔ non-finite result stays unsaved rather than converting to null (0.164375ms)
✔ empty selections include every row, including incomplete results (0.436375ms)
✔ same period/column selections are OR, other columns and periods are AND (0.171625ms)
✔ total selection does not bypass other criteria; missing periods never count as neutral signals (0.075417ms)
✔ toggle/removal preserves all other selections and never mutates input (0.393708ms)
✔ status selection uses OR with empty meaning all; can combine with breadth (0.092292ms)
✔ route consumer can unmount and remount while the one sequential analysis continues (5.679291ms)
✔ explicit stop retains completed rows and marks running/unstarted rows cancelled (0.366416ms)
✔ owner change or revoked access clears results and rejects late old publications (0.279625ms)
✔ background completion includes per-target failure and expansion failure without false success (0.287417ms)
✔ cancel during board expansion cannot publish late entries (0.196334ms)
✔ tracking transport binds owner, stops on permission failure and does not relabel name/market requests (16.147917ms)
✔ late auth error on an already-cancelled old transport never stops the next job (0.237667ms)
✔ route delegates lifetime and owns bounded vertical scrolling; application binds ownership (1.787208ms)
✔ finished batches emit independent history even without a route consumer (0.471792ms)
✔ tracking identity separates asset types, exchanges and board catalogues (0.92375ms)
✔ cloud book validates without silently dropping corrupt groups or duplicate entries (9.093416ms)
✔ expansion preserves every member and all board/direct sources, not a 200-row display page (6.551ms)
✔ membership failure is explicit and malformed partial membership is never accepted (0.271916ms)
✔ batch runs sequentially, keeps partial errors and continues after a failed target (8.71825ms)
✔ cancellation marks in-flight and unstarted rows, ignoring a late success (0.197292ms)
✔ group breadth counts only available periods, never treats failed targets as neutral evidence (0.424375ms)
✔ every clickable breadth count equals matching target count; periods and point families stay independent (0.256ms)
✔ exact current revision accepts only its own evidence without mutation (2.314917ms)
✔ old partition, stale version, future evidence and false completion are rejected (0.597666ms)
✔ historical audit cannot import a later opposite segment (0.163917ms)
✔ empty partitions and higher-proof priority retain explicit blockers (0.164417ms)
✔ new blockers use Chinese labels without calling prerequisites completion (0.560042ms)
✔ missing comparison interval is explained in Chinese without inventing a date (0.618625ms)
✔ special diagnostics identify each A indicator witness rather than the price witness (0.173958ms)
✔ nonstandard DEA axis gate remains explicit without an improvement requirement (0.138042ms)
✔ DEA tolerance discloses research threshold, precise deviation and near-zero fallback (1.350583ms)
✔ wave evidence separates effective A from original wave and local pivots (0.441666ms)
✔ rounded equal line extrema disclose the precise failed values and witness times (0.144209ms)
✔ comparisons are explicitly research only and preserve B/C axis checks (0.110125ms)
✔ unformed candidate shows Chinese gates, two-decimal values and rejection dates (0.101208ms)
✔ new nonstandard audit explicitly uses full A and first-formed reverse evidence explains gaps (0.110166ms)
ℹ tests 680
ℹ suites 0
ℹ pass 680
ℹ fail 0
ℹ cancelled 0
ℹ skipped 0
ℹ todo 0
ℹ duration_ms 8712.168
→ 打包中…
→ 运行测试…
京东方评级: D 分数: 34.3
维度明细: 卡玛比率=22.7, 最大回撤=27.5, 胜率=33.5, 利润因子=34.1, 夏普比率=41.5, 波动率=50.1
否决: 利润因子 1.11 接近 1，仅勉强盈亏平衡
长线优质策略评级: B 分数: 64.5
维度权重: 卡玛比率=28%, 最大回撤=26%, 胜率=0%, 利润因子=0%, 夏普比率=23%, 波动率=23%
优质案例评级: A 分数: 83.9
寻优点评级: A 74
组合重算指标: { '年化': '20.83%', '回撤': '0.80%', '夏普': '5.27', '卡玛': '26.03' }
稳定上涨组合评级: S 91.8
波动组合重算: { '回撤': '44.15%', '夏普': '-2.64', '持续': 60 }
波动组合评级: D 18.5
✔ 新版组合评级使用后端采样，不按图表柱数重新日线年化 (1.329792ms)
✔ 必要风险指标缺失不能展示为零风险或正常评级 (0.211291ms)
✔ 无穷比率不等于满分，真实零利润因子仍按亏损判断 (0.137875ms)
✔ 京东方回测必须评为 D 档（用户核心诉求验证点） (0.434041ms)
✔ 京东方评分应在 30-43 区间（C 与 D 的边界） (0.097833ms)
✔ 低利润因子触发系统亏损否决 (0.064875ms)
✔ 样本不足（< 10 笔交易）降权但不否决整个评级 (0.123667ms)
✔ 用户实测场景：6年6笔交易 + 高夏普 → 应得 A/B（核心回归测试） (0.216375ms)
✔ 深回撤 > 60% 触发直接 D 否决 (0.13425ms)
✔ 优质回测应得 A 或 S 档 (0.143542ms)
✔ 高回撤但收益高 → 最高 B（一票否决 cap） (0.085ms)
✔ 插值函数：边界值取端点分数 (0.069125ms)
✔ 插值函数：中间值线性插值 (0.05075ms)
✔ 寻优评级：4 维度降级版 (0.086625ms)
✔ 寻优评级：网格点交易太少 → 降权但评级照常 (0.052791ms)
✔ 组合评级：稳定上涨净值应得 A 或 S (1.543542ms)
✔ 组合评级：高波动深回撤净值 → 低档 (0.511917ms)
✔ combinedMetrics：单点净值返回全 0（兜底） (0.048667ms)
✔ 历史组合仅保留原值，不从曲线推断日线或重算评级 (0.554625ms)
✔ v1-v4、未知版本及不完整依据不伪装为新版结果 (0.655ms)
✔ 新版结果使用已记录指标，真实 999 和零不被当作历史哨兵 (0.08425ms)
✔ 指标状态缺失或与数值冲突不能产出评级，包括被降权维度 (0.095666ms)
✔ 低交易样本的真实不可用逐笔指标仍可降权，不误拦截可用净值评级 (0.088917ms)
✔ 寻优逐行核验新版采样与候选状态，输入范围不替代候选证据 (0.110375ms)
✔ 完整快照保留精度、真实 0/999、全部指标及版本且不关联可变输入 (0.704667ms)
✔ 策略保存接受真实 Vue 响应式结果，不因 Proxy 无法 structuredClone 而失败 (0.558625ms)
✔ 再次保存历史指标不补造新版计算或评级依据 (0.165917ms)
✔ 对比展示原值并指出版本、周期、范围与利率差异，不自动重算 (0.264458ms)
ℹ tests 28
ℹ suites 0
ℹ pass 28
ℹ fail 0
ℹ cancelled 0
ℹ skipped 0
ℹ todo 0
ℹ duration_ms 102.163833
