.......................FF...............................                 [100%]
=================================== FAILURES ===================================
_________ test_fourth_metadata_limits_empty_scope_and_no_mutation[45] __________
tests/unit/test_alpha101_fourth.py:238: in test_fourth_metadata_limits_empty_scope_and_no_mutation
    with pytest.raises(ValueError):
E   Failed: DID NOT RAISE ValueError
__________ test_fourth_exact_nested_ties_extreme_scale_and_boundaries __________
tests/unit/test_alpha101_fourth.py:275: in test_fourth_exact_nested_ties_extreme_scale_and_boundaries
    np.testing.assert_allclose(out.iloc[-1], [Fraction(1, 3), Fraction(2, 3), 1.0])
.venv/lib/python3.10/site-packages/numpy/testing/_private/utils.py:1710: in compare
    return np._core.numeric.isclose(x, y, rtol=rtol, atol=atol,
.venv/lib/python3.10/site-packages/numpy/_core/numeric.py:2448: in isclose
    & isfinite(y)
E   TypeError: ufunc 'isfinite' not supported for the input types, and the inputs could not be safely coerced to any supported types according to the casting rule ''safe''
=============================== warnings summary ===============================
.venv/lib/python3.10/site-packages/starlette/testclient.py:37
  /Users/bowen/Documents/Python/Google/TDX-work/.venv/lib/python3.10/site-packages/starlette/testclient.py:37: DeprecationWarning: The anyio.abc.BlockingPortal alias is deprecated, use anyio.from_thread.BlockingPortal instead.
    _PortalFactoryType = typing.Callable[[], typing.ContextManager[anyio.abc.BlockingPortal]]

-- Docs: https://docs.pytest.org/en/stable/how-to/capture-warnings.html
=========================== short test summary info ============================
FAILED tests/unit/test_alpha101_fourth.py::test_fourth_metadata_limits_empty_scope_and_no_mutation[45]
FAILED tests/unit/test_alpha101_fourth.py::test_fourth_exact_nested_ties_extreme_scale_and_boundaries
2 failed, 54 passed, 1 warning in 31.01s
