........................................................................ [  5%]
........................................................................ [ 11%]
........................................................................ [ 17%]
........................................................................ [ 23%]
........................................................................ [ 28%]
........................................................................ [ 34%]
........................................................................ [ 40%]
........................................................................ [ 46%]
........................................................................ [ 52%]
........................................................................ [ 57%]
........................................................................ [ 63%]
........................................................................ [ 69%]
........................................................................ [ 75%]
........................................................................ [ 80%]
........................................................................ [ 86%]
........................................................................ [ 92%]
........................................................................ [ 98%]
......................                                                   [100%]
=============================== warnings summary ===============================
.venv/lib/python3.10/site-packages/starlette/testclient.py:37
  /Users/bowen/Documents/Python/Google/TDX-work/.venv/lib/python3.10/site-packages/starlette/testclient.py:37: DeprecationWarning: The anyio.abc.BlockingPortal alias is deprecated, use anyio.from_thread.BlockingPortal instead.
    _PortalFactoryType = typing.Callable[[], typing.ContextManager[anyio.abc.BlockingPortal]]

-- Docs: https://docs.pytest.org/en/stable/how-to/capture-warnings.html
1246 passed, 1 warning in 357.93s (0:05:57)
