
> web-ui@0.0.0 test
> node scripts/run-tests.mjs

✔ tracking is restricted to active administrators and explicitly authorized users (1.564834ms)
✔ presence requires visible focused recent interaction and never negative elapsed time (0.328083ms)
✔ admin query descriptions label metadata and disclose truncated targets (0.5415ms)
✔ code labels use market-qualified identities and visible missing-name fallback (0.976042ms)
✔ name hydration is automatic, market-separated, bounded, and abort-aware (42.71475ms)
✔ all current chart inspector evidence stays readable without altering original nested data (7.886375ms)
✔ reject malformed fields reachable from overlays, popovers and every inspector section with exact paths (10.358625ms)
✔ optional old fields and empty failure checkpoints remain readable, no missing-state invention (0.149041ms)
✔ archive calendar validation rejects normalized impossible dates and illegal clock/offset values (2.757625ms)
✔ bar validation compares actual instants, retains raw strings, rejects equal instants and malformed volume (0.595792ms)
✔ existing frozen matrix bar sources remain readable without mutation (26.627375ms)
✔ event lists and evidence-set reordering never imply new or changed signals; originals remain intact (11.288542ms)
✔ state, lifecycle times and unrounded evidence are classified separately on the same identity (0.747917ms)
✔ same date across families and sides remains independent; true event additions/removals are distinct (0.396875ms)
✔ duplicate identities preserve all records and are never paired arbitrarily (1.181333ms)
✔ missing identity does not cause false removals or additions in its collection (0.335042ms)
✔ missing source/list is unknown, not empty or proof of no events (51.0265ms)
✔ never-candidate diagnostics match without A or reference, including special B-only records (17.836917ms)
✔ A trimming changes evidence not identity; original wave anchors and reference changes distinguish bases (14.719375ms)
✔ date normalization preserves intraday, microsecond and timezone distinctions (6.068416ms)
✔ source differences and unknown fields/ordered evidence are retained (19.933333ms)
✔ different instruments, periods or study results are not matched (0.550542ms)
✔ structure divergences are supported without inventing MACD wave anchors (1.868083ms)
✔ legacy local migration keeps original payload, precision, versions and unknown fields without upgrading (7.671209ms)
✔ cloud exports use latest metadata but retain the original immutable payload, not old cloud ID/revision (0.667333ms)
✔ study import preserves successful and failed periods plus original warmup and primary metadata (0.686583ms)
✔ unknown, incomplete, oversized and nonfinite backups are rejected, never uploaded as summaries (632.271459ms)
✔ all supported chart outputs preserve full precision, null warmups, style and instance order (10.213833ms)
✔ migration IDs survive rescanning/reload, preserve precision and isolate owners and changed content (31.370542ms)
✔ migration rejects missing owners, foreign archives and malformed inputs before upload (1.150542ms)
✔ post-inspection changes never upload under a previously confirmed identity (2.019458ms)
✔ lost response retries the same immutable body and id, without automatic retry or local deletion (1.202083ms)
✔ stop or account changes before/after read and upload discard stale results (1.351375ms)
✔ deleted cloud copies are not restored, purged copies and wrong response IDs are not treated as success (2.59375ms)
✔ chart plan freezes original data and uses original identity/window, not current selection (2.481041ms)
✔ missing volume/time/parameters and unsupported length never silently become a smaller/default study (9.043ms)
✔ study plan preserves actual research settings and saved time labels (1.099333ms)
✔ saved structural settings survive chart and study archive replay; mismatch is rejected (3.429917ms)
✔ unrounded path diff distinguishes null, missing, structure, empty arrays, and ordering (0.685875ms)
✔ response must match request, instrument, version, scope and period identities (0.820167ms)
✔ new archive retains original bars/lineage but never relabels frozen old indicators as recomputed (0.4845ms)
✔ study without saved input retains an explicit uncomputed row, never pretends all periods succeeded (0.231459ms)
✔ complete indicator recompute preserves saved settings, checks response and saves only new values (2.677125ms)
✔ missing or unknown saved indicator parameters cannot borrow current defaults (19.0625ms)
✔ original valid study rows retain precision, unknown fields, true zero and no recomputation (4.306375ms)
✔ invalid nested fields become explicit per-period errors, not silently missing rows (2.269709ms)
✔ strict pen fields reject coercion and preserve historical source errors without reading their invalid nested fields (0.827667ms)
✔ duplicates are not cherry-picked and malformed or future rows remain in original-record entries (0.176792ms)
✔ full backtest file and cloud envelope retain all fields; no implicit Chanlun recompute (2.981833ms)
✔ invalid cash cannot become a readable archive (0.105917ms)
✔ invalid params cannot become a readable archive (0.124917ms)
✔ invalid adjust cannot become a readable archive (0.096041ms)
✔ invalid null lineage cannot become a readable archive (0.12275ms)
✔ invalid net value cannot become a readable archive (0.095416ms)
✔ invalid future trade cannot become a readable archive (0.089459ms)
✔ invalid duplicate date cannot become a readable archive (0.079709ms)
✔ invalid missing metrics cannot become a readable archive (0.082125ms)
✔ invalid nested infinity cannot become a readable archive (0.148334ms)
✔ invalid coerced rejected cannot become a readable archive (0.266834ms)
✔ actual store freezes submitted input and result separately from later source mutation (415.507958ms)
✔ actual store rejects stale or failed owner run and clears prior archive (20.175542ms)
✔ actual store rejects stale or failed input run and clears prior archive (107.157958ms)
✔ actual store rejects stale or failed clear run and clears prior archive (15.025458ms)
✔ actual store rejects stale or failed failure run and clears prior archive (64.300666ms)
✔ trade lookup keeps the exact minute across separators, precision and days (0.699958ms)
✔ date-only values cannot choose the midnight bar of an ambiguous day (0.079791ms)
✔ daily and duplicate exact timestamps keep first positional matches (0.091333ms)
✔ nanoseconds and timezone text are not truncated into a false match (0.073458ms)
✔ date labels preserve useful precision without local timezone conversion (0.089541ms)
✔ higher sources resolve actual records and separate original from current review time (1.176917ms)
✔ base sources and foreign witness rejection have distinct Chinese descriptions (0.107208ms)
✔ inconsistent candidate has no replay evidence: unknown reason (0.083875ms)
✔ inconsistent candidate has no replay evidence: prototype key (0.072334ms)
✔ inconsistent candidate has no replay evidence: future version (0.056167ms)
✔ inconsistent candidate has no replay evidence: future completion (0.050834ms)
✔ inconsistent candidate has no replay evidence: missing time (0.827375ms)
✔ inconsistent candidate has no replay evidence: empty source (0.074458ms)
✔ inconsistent candidate has no replay evidence: duplicate source (0.068833ms)
✔ inconsistent candidate has no replay evidence: unknown source (0.109875ms)
✔ inconsistent candidate has no replay evidence: mixed levels (0.064625ms)
✔ inconsistent candidate has no replay evidence: future child (0.056959ms)
✔ inconsistent candidate has no replay evidence: wrong child level (0.049416ms)
✔ inconsistent candidate has no replay evidence: duplicate record (0.043625ms)
✔ inconsistent candidate has no replay evidence: empty record range (0.047416ms)
✔ inconsistent candidate has no replay evidence: gap (0.048958ms)
✔ inconsistent candidate has no replay evidence: wrong parent range (0.039708ms)
✔ inconsistent candidate has no replay evidence: reversed sources (0.040708ms)
✔ inconsistent candidate has no replay evidence: unsafe base number (0.059042ms)
✔ 80 percent transparency is 20 percent alpha, for both candle directions (0.4835ms)
✔ transparency stays finite, integer, and bounded (0.084708ms)
✔ body is symmetric around the unchanged wick across widths and fractional positions (1.453ms)
✔ horizontal candles preserve every price coordinate (0.207916ms)
✔ missing or non-finite candle layouts are left untouched (0.144542ms)
✔ native ECharts layout remains centred after resize, zoom and data replacement (375.653042ms)
✔ zooming out of large-data line mode restores centred candle bodies (60.248292ms)
✔ structure widths retain existing defaults and hover appearance (0.730666ms)
✔ manual values stay finite, bounded, and at two decimal places (0.131792ms)
✔ raw index overrides rounded dates, including zero (0.48625ms)
✔ legacy intraday dates never fall back to the first bar of the day (0.674917ms)
✔ duplicate formatted times fail safely without a raw index (0.439458ms)
✔ padding keeps the 23px marker plus radius inside the price pane (0.528834ms)
✔ flat, zero and negative ranges get finite padding; invalid extents do not (0.2605ms)
✔ single-bar time link is a thin line limited to each actual plot (0.818292ms)
✔ multi-bar time link has no border and clips to plot, never clamps offscreen data to an edge (0.105375ms)
✔ time links map daily coverage to all minute bars, not a matching ordinal (0.159916ms)
✔ weekly and monthly end-labelled bars cover earlier constituent dates without changing data (2.928541ms)
✔ nearest marker wins regardless of signal family, only co-located points share chooser (0.611458ms)
✔ immutable request cache deduplicates pending work, isolates payload keys and retries errors (0.704542ms)
✔ all six structural types keep extrema and confirmation separate with original evidence (0.6795ms)
✔ legacy records do not invent confirmation or structural sources (0.143041ms)
✔ M1 keeps independent MACD source and original direction, never a structural type (0.335708ms)
✔ all chart layers override independent animation and progressive rendering (9.315209ms)
✔ archive tooltip labels and evidence remain text, not active HTML (0.592417ms)
✔ rejects invalid saved zooms (0.791458ms)
✔ same-snapshot redraw keeps current manually chosen view (2.512208ms)
✔ focus redraw keeps manual zoom; clearing restores pre-focus view (0.0975ms)
✔ switching focus preserves the original return view (0.087542ms)
✔ new snapshot resets saved focus view and never revives old zoom (0.070458ms)
✔ default inactive; moving does not show cards and leaving does not deactivate (3.2ms)
✔ object previews can read date-card activation without activating it (0.195666ms)
✔ click selects a point; outside click closes; inside click is not dismissed (0.139083ms)
✔ activated cards follow movement until outside dismissal, then require another click (0.116167ms)
✔ zoom clears stale coordinates but preserves activation (0.083ms)
✔ data reset and Escape deactivate; teardown removes all handlers (0.112916ms)
✔ archive requests bind current owner and bypass browser cache (82.5625ms)
✔ cloud directory validates all rows, quotas and identities without dropping broken entries (26.057875ms)
✔ original detail requires an object payload but action receipts may omit it (0.341334ms)
✔ account change discards delayed success and delayed errors (0.228667ms)
✔ unauthenticated archive requests do not reach server; structured conflicts remain actionable (0.253209ms)
✔ upload retries retain immutable captured body and all numerical precision (0.1605ms)
✔ directed centre chain is candidate evidence, not completion (2.166584ms)
✔ touching, opposing, future, overlapping or malformed chains fail closed (1.031083ms)
✔ single-centre and legacy components remain readable (0.295167ms)
✔ inside, border, reversed y and overlapping rectangles resolve newest first (0.812333ms)
✔ invalid or missing render coordinates cannot create hits (0.0825ms)
✔ popup stays within narrow viewport and near-edge right click (0.089708ms)
✔ roles are Chinese and unknown roles never claim completion (0.457583ms)
✔ source ranges keep one-based indices without disguising gaps (0.103875ms)
✔ coverage checks counts, repeats and missing IDs (0.252875ms)
✔ missing, empty and rejected suffix are explicit (0.080375ms)
✔ invalid counts and empty blocks cannot pass the coverage audit (0.081959ms)
✔ uses raw indices, allows shared endpoints and bounds zoom padding (2.066625ms)
✔ does not invent a B interval or infer indices from formatted dates (0.296792ms)
✔ rejects partial, reversed, overlapping and out-of-snapshot evidence (0.293166ms)
✔ allows inspection of historical failed evidence without reviving it (0.251584ms)
✔ local proof draws frozen exact endpoints only after its actual confirmation (0.361792ms)
✔ dual-line divergence uses two exact raw indices, never artificial ABC ranges (0.846167ms)
✔ dual-line focus rejects missing, duplicate, reversed and out-of-range points (0.126875ms)
✔ special wave focus uses AB and its extreme without inventing C (0.105042ms)
✔ direction, family and lifecycle have independent marker styles (0.558875ms)
✔ no-C dual-line remains a circle and fills only on first reverse-pen confirmation (1.5435ms)
✔ M1 is restricted to confirmed waves with a later actual confirmation (0.51325ms)
✔ four families retain independent records and nonstandard uses a triangle (0.550917ms)
✔ October 4 marker matrix uses shape for family and colour only for direction (0.336042ms)
✔ special AB evidence separates A line extrema from both price anchors and legacy pivots (0.314709ms)
✔ history is opt-in, inactive stays grey hollow, never creates M1 (0.299208ms)
✔ every historical shape uses a continuous hollow contour, including on hover (0.302292ms)
✔ new nonstandard evidence relaxes prices only and records each subtype (0.256375ms)
✔ new dual rule cannot fill without recorded later local confirmation (0.238125ms)
✔ historical engineering match retains original timing without claiming regrouping completion (0.934709ms)
✔ future, stale, mismatched or incomplete evidence fails closed (0.305667ms)
✔ older snapshots and unmatched parts keep existing natural audit available (0.061625ms)
✔ engineering provenance uses the same one-based numbering as other inspectors (1.660542ms)
✔ mixed recursion distinguishes consolidation and trend from the old trend view (0.441ms)
✔ unknown or reversed provenance is not presented as a completed trend (0.091709ms)
✔ indicator and price values use two decimals without inventing missing evidence (0.083208ms)
✔ recursive centre relations never call extension candidates completed types (0.080042ms)
✔ admissions distinguish unit confirmation from later failed-return admission (0.062959ms)
✔ display fields retain all text including dates, provenance, and secondary colons (17.66325ms)
✔ narrative, missing evidence, and timestamp headings remain whole (0.244334ms)
✔ selects the exact source without replacing missing comparison periods with the primary (0.480125ms)
✔ prefix audit preserves original warmup snapshot and its own instrument and period (0.445458ms)
✔ rejects invalid positions, missing identity and explicitly unclosed prefix data (0.189375ms)
✔ optimization carries full execution and identity without live defaults (4.460584ms)
✔ malformed, mixed, missing or conflicting optimization context never silently defaults (0.813542ms)
✔ multi original replay preserves costs, slots and adjustment; extend changes only end dates (0.360458ms)
✔ multi rejects corrupt and incompatible slots without dropping or repairing any (0.301333ms)
✔ legacy missing settings are disclosed with deterministic defaults, explicit invalid values rejected (0.148333ms)
✔ combining equal-account singles preserves per-slot cash and costs; conflicts rejected not rewritten (0.343125ms)
✔ all candidate states distinguish eligibility from completed natural types (0.530625ms)
✔ opposite geometry identifies reused next-part evidence, including nonzero source IDs (0.534708ms)
✔ external opposite geometry is not added to candidate membership (0.093083ms)
✔ missing, stale, misattributed or future opposite geometry is not displayed as matched (0.139792ms)
✔ preferred endpoints are never called completed types; conflicts are retained (0.07275ms)
✔ opposite base turn is not same-level completion (0.090208ms)
✔ price formatting preserves zero and boundary contact, guards non-finite values (0.107333ms)
✔ candidate audit joins by identity, not response order (0.079042ms)
✔ part audit must match ordinal AND exact raw source IDs, including shifted IDs (0.142084ms)
✔ locates the three raw ranges without relabelling them as MACD or confirmed centres (1.496833ms)
✔ candidate must already be observable at the CURRENT replay prefix (0.183167ms)
✔ no incomplete, waiting or unsupported candidate is given a fabricated range (0.1055ms)
✔ raw bar boundaries must be contiguous and inside the visible window (0.144667ms)
✔ source partitions must cover every original segment once, preserving nonzero IDs (0.124166ms)
✔ conflicting geometric fallback remains viewable for manual audit (0.117917ms)
✔ clearing a regrouping focus restores original zoom; a new replay snapshot does not (0.144833ms)
✔ membership labels distinguish source confirmation from later admission (0.456625ms)
✔ admission witness distinguishes confirmation dependency from geometric membership (0.084916ms)
✔ old or malformed evidence never invents an admission witness (0.068583ms)
✔ real frozen result archives preserve every input, missing tag, precision and failed factor (95.3465ms)
✔ factor cloud envelope imports as independent copy without original identity (9.289917ms)
✔ partial or incompatible archives fail explicitly, not repaired from the current catalog (475.85575ms)
✔ read-only renderer has no execution or market API imports; explicit replay is separate (20.549417ms)
✔ same-account profile refresh preserves replay state; identity changes invalidate synchronously (1.132792ms)
✔ benchmark dependency uses declared input not a guessed name (1.22075ms)
✔ pool rejects mixed frozen index versions, allowing different stock calendars (12.926833ms)
✔ frozen exact pairing retains absent date and rejects silent fill or replacement (2.488208ms)
✔ failed auxiliary fetch must be explicitly recorded for both fields; legacy needs none (0.11125ms)
✔ UI exposes benchmark conditionally and invalidates both research paths (2.601333ms)
✔ library navigation and Chinese/identifier/family search preserve full matching set (0.851583ms)
✔ availability is evaluated by adjustment and period without mutating selections (1.111875ms)
✔ single and multi-track axes share compact large units and distinct small ticks (2.123083ms)
✔ correlation uses its mathematical range; raw factors keep their own scale (0.13875ms)
✔ tiny values remain visible and tooltip raw precision is not rounded (0.096667ms)
✔ percentage is presentation only, gaps and source values are preserved (0.968625ms)
✔ disabled combination does not add implicit weights; enabled selection is explicit (0.922708ms)
✔ actual Python report preserves the combination through export and read-only reopen (35.996167ms)
✔ incomplete or contradictory composition archive is rejected, never repaired (68.141208ms)
✔ horizon selection is bounded, canonical and never silently amended (0.869542ms)
✔ horizon view uses frozen results without changing configuration or primary report (43.999209ms)
✔ all horizons survive draft/export/import and old single archives still read (91.347ms)
✔ missing windows, wrong labels and disagreement with primary reports fail closed (116.649625ms)
✔ request selection invalidates immediately; display-only switching does not (12.370209ms)
✔ multiple horizons dispatch one explicitly manual request with complete selection (68.729917ms)
✔ dimensionless exponents are not presented as bar counts (0.462708ms)
✔ filtered sample windows are never labelled as calendar periods (0.300667ms)
✔ Alpha101 short custom mean still retains fixed price-lag dependency (0.487625ms)
✔ named GTJA dependency paths use maximum chain and all edited windows (0.397416ms)
✔ GTJA compound windows and cross-library identical mean ratios are explicit (0.583209ms)
✔ parameter selection copies only active settings without mutating cached settings (0.165625ms)
✔ builtin decimal multiplier, ordering, effective identity and actual labels (1.153ms)
✔ reset only one parameter, retain other overrides without mutating input (0.0925ms)
✔ history warning uses full effective warmup, not all parameters as rolling windows (0.146709ms)
✔ names and validation use actual windows; equivalent formula choices rejected (0.2ms)
✔ recompute task request binds owner, source revision and manual intent; polling stays automatic (46.19375ms)
✔ history retains the complete recompute envelope, not just numerical results (32.392167ms)
✔ replay uses shared task invalidation and archive saving preserves replay metadata (1.451666ms)
✔ statistics version is frozen provenance, never inferred as the current version (0.489375ms)
✔ factor glossary accepts standard abbreviations with spaces or underscores (0.156792ms)
✔ factor missing values never become valid zero (0.092833ms)
✔ factor ranking is stable, non-mutating and missing-last in both directions (58.403875ms)
✔ small factor values do not round to fake zeros; raw precision keeps original number (0.175792ms)
✔ compatibility aliases are only shown for exact legacy lookup or active selection (0.16575ms)
✔ series automatic initialization is system intent, only deliberate task submission is a query (52.715458ms)
✔ saved series task reopens as series without lookup, all diagnostics and original inputs survive (3.454958ms)
✔ cleared series execution cannot publish an old stock result (0.225541ms)
✔ live series and history use shared tasks, invalidate on input/account/route and never treat as trading backtest (1.571084ms)
✔ late catalog never submits after unmount, input/account/tab changes, or manual run (0.211291ms)
✔ failed catalog does not silently start default research or publish after leaving (1.079333ms)
✔ favorite IDs are bounded, deduplicated and malformed saved preferences never get overwritten (5.673208ms)
✔ favorites use acknowledgment and only patch their own key; same-session writes serialize (3.403084ms)
✔ failed favorite updates do not pretend success and can retry (48.807ms)
✔ other preference acknowledgment exposing pending patch cannot fake a saved favorite (0.287333ms)
✔ owner switch clears state immediately and old failure cannot affect new save (5.103417ms)
✔ series compare shares all x axes but preserves independent raw values, scales, gaps and tooltip precision (2.034917ms)
✔ future appending leaves prior plotted values unchanged, missing is never replaced by zero (0.567958ms)
✔ multi-factor comparison is reused in live and read-only views, favorites do not change research settings (3.429167ms)
✔ factor submission marks only explicit dispatch, preserves owner/signal, polling/cancel stay automatic (25.974208ms)
✔ cancel acknowledged during pending poll cannot regress UI or publish partial result (103.477875ms)
✔ late cancellation cannot revive cleared or changed-account task UI (35.955917ms)
✔ unconfirmed cancellation keeps polling; successful task remains recoverable (0.566708ms)
✔ factor panel uses shared execution and distinguishes cancel from detach (9.264708ms)
✔ explicit stock-only finite latest selection; missing and fund/index stay unavailable (7.669833ms)
✔ origin and precision survive JSON and later group membership edits (5.367333ms)
✔ only explicit action writes owner assertion and source revision, never sends computed score (29.009209ms)
✔ late owner response rejected; permission denial and source mismatch not successful (0.743667ms)
✔ time modes construct explicit configs without random dates or implied training (13.81975ms)
✔ invalid dates, hidden shrinkage and numeric coercion are rejected (1.129208ms)
✔ full frozen time results survive import, draft and readonly validation unchanged (21.778291ms)
✔ missing, mismatched and nonfinite temporal archive results fail explicitly (15.080375ms)
✔ changes invalidate synchronously; same-account profile refresh does not change split (3.6615ms)
✔ menus stay inside phone, keyboard and landscape viewports (0.569458ms)
✔ near-bottom controls open upwards without changing ordinary desktop width (0.096416ms)
✔ warmup null, missing and invalid indicator values never become invented zeroes (22.946833ms)
✔ freeze all supported indicator outputs, warmup holes, volume averages and exact numerical precision (51.797292ms)
✔ frozen playback keeps captured values despite different current prices and never queries APIs (0.62575ms)
✔ malformed or mismatched frozen values fail closed, never fall back to recomputation (0.596708ms)
✔ marker hit uses signed stacking offset for both directions, not candle position (0.73825ms)
✔ symbol size and invalid render positions are handled safely (0.105667ms)
✔ market tab changes discard old success and cannot stop the new spinner (291.382209ms)
✔ market late failure after filter cannot resurrect an error (74.303125ms)
✔ market late failure after owner cannot resurrect an error (19.378625ms)
✔ market late failure after unmount cannot resurrect an error (70.481625ms)
✔ directory count failure preserves valid rows; late totals cannot cross markets (36.156667ms)
✔ board selection clears old details and ignores slower preceding member responses (118.762291ms)
✔ board list filter changes invalidate pending member requests and prevent old auto-selection (18.464792ms)
✔ default board preload remains system-origin after manual list refresh (43.573167ms)
✔ belonging response after stock cannot change results or stock history (66.743208ms)
✔ belonging response after owner cannot change results or stock history (20.60925ms)
✔ belonging response after unmount cannot change results or stock history (44.43525ms)
✔ current belonging success records captured stock; concurrent member failure has separate feedback (8.95575ms)
✔ market selection uses loaded market, clears on filters, and distinguishes shared stock/index codes (65.496292ms)
✔ board analysis uses result classification; members require their own market (21.021ms)
✔ aborted late response cannot publish metadata even if transport ignores abort (64.126375ms)
✔ missing provenance or silently changed adjustment never reaches research (0.181917ms)
✔ reported gaps do not falsely label suspension or prevent inspecting valid candles (0.513542ms)
✔ history fetch consumes one verified range and publishes complete metadata only after validation (0.92375ms)
✔ unclosed response never updates provenance or reaches the backtest (0.416791ms)
✔ null, true zero, infinities and real 999 are distinct after JSON roundtrip (0.504667ms)
✔ single, saved and comparison results retain authoritative metric basis (0.474459ms)
✔ whole proof validated without mutation, and cross-role ownership remains visible (2.239333ms)
✔ stale, future, duplicated, incomplete, falsely completed and mismatched sources rejected (1.43725ms)
✔ base runs cannot masquerade as proofs or own multiple provisional regions (0.218916ms)
✔ blocked covers show full conflicts, never fabricated flattened blocks (0.186625ms)
✔ labels retain provisional scope (0.080416ms)
✔ all seven MA presets are available but only MA5 and MA10 start visible (1.2955ms)
✔ each chart session gets independent editable settings without changing presets (0.109417ms)
✔ MA presets retain the requested yellow, white, purple, green, cyan, orange, red palette (0.085208ms)
✔ legend retains every MA choice and explicit hidden states override stale chart selection (0.167625ms)
✔ cross-boundary details resolve actual input and nested ownership records (2.671667ms)
✔ unowned reverse evidence stays explicitly unowned for boundary rejection (0.117167ms)
✔ foreign witness can be shown for an otherwise single-owner candidate (0.098333ms)
✔ legacy candidates do not invent missing conflict details (0.103042ms)
✔ damaged detail is not presented: mismatched candidate sources (0.090584ms)
✔ damaged detail is not presented: wrong layer (0.067958ms)
✔ damaged detail is not presented: unknown reverse input (0.058667ms)
✔ damaged detail is not presented: wrong reverse range (0.14325ms)
✔ damaged detail is not presented: reverse overlaps prices (4.029458ms)
✔ damaged detail is not presented: future reverse confirmation (0.157709ms)
✔ damaged detail is not presented: wrong reverse time (0.068083ms)
✔ damaged detail is not presented: incomplete domain list (0.069708ms)
✔ damaged detail is not presented: duplicate domains (0.0485ms)
✔ damaged detail is not presented: noncontinuous domain (0.042208ms)
✔ damaged detail is not presented: foreign domain misses witness (0.04775ms)
✔ damaged detail is not presented: false unowned witness (0.043958ms)
✔ damaged detail is not presented: missing nested record (0.049417ms)
✔ damaged detail is not presented: wrong reason (0.048292ms)
✔ only current owner revisions form the displayed ownership set (0.886917ms)
✔ internal provenance remains distinct and validates enclosing ownership (0.341458ms)
✔ parent-covered history is not labeled as an additional effective input (0.074334ms)
✔ nested provenance validates containment and strictly increasing input levels (2.200625ms)
✔ current owner labels are distinct from creation IDs and tolerate old snapshots (0.115208ms)
✔ summary mode lists every historical address, not just current versions (8.360583ms)
✔ full and missing legacy snapshots stay readable without inventing history (0.129791ms)
✔ all four analysis paths explicitly request summary delivery without changing input (1.450458ms)
✔ complete lifecycle stays chronological, does not mutate input, and uses Chinese labels (1.251208ms)
✔ legacy or future history is not invented (0.120875ms)
✔ dangling, reordered, duplicated, miscounted and conflicting histories fail closed (1.803916ms)
✔ equal counts cannot hide swapped source identities (0.201542ms)
✔ intermediate event boundaries must equal actual inherited and added sources (0.169042ms)
✔ input evidence must exist at the correct level and be available at admission (0.652209ms)
✔ invalid domain sources, membership and parent context fail closed (0.508875ms)
✔ leftward growth, shifted sources and newly filled merge gaps remain valid (0.381958ms)
✔ both periods exclude future and open candles while retaining original warm-up start (0.729667ms)
✔ snapshot observation time caps cutoff; bar start before cutoff is not enough (0.101958ms)
✔ no timeframe fallback or fabricated candles when historical minute range is unavailable (0.069459ms)
✔ index and board snapshots retain NONE adjustment, mismatch is rejected (0.233792ms)
✔ missing completion evidence, timezone timestamps and unordered bars fail explicitly (0.155042ms)
✔ week/month completion boundary comes from provider annotation, not day label (0.112917ms)
✔ matrix defaults to five requested periods and includes separate buy/sell evidence column (1.21025ms)
✔ does not turn current reversal observation into a confirmed opposite pen (1.125709ms)
✔ keeps true zero distinct from missing, and numerical display never overwrites original axis judgment (1.058291ms)
✔ keeps divergence family, extrema and actual confirmation separate; never drops records (20.806583ms)
✔ missing pen and divergence are bounded claims; quality limitations stay visible (0.290291ms)
✔ buy/sell evidence distinguishes missing old archives, no points, structure and M1 (0.273917ms)
✔ portfolio: all original values survive import and cloud envelope; no Chanlun recompute (23.650208ms)
✔ portfolio: actual component fetches only explicitly, binds owner/request/result and freezes capture (25.642958ms)
✔ portfolio: late receipt discarded after owner (1.054875ms)
✔ portfolio: late receipt discarded after request (0.951333ms)
✔ portfolio: late receipt discarded after task (0.776916ms)
✔ portfolio: late receipt discarded after result (1.079333ms)
✔ portfolio: late receipt discarded after busy (1.891625ms)
✔ portfolio: late receipt discarded after unmount (2.60075ms)
✔ portfolio: invalid missing rejected (0.431ms)
✔ portfolio: invalid allocation rejected (4.074666ms)
✔ portfolio: invalid metadata rejected (0.386458ms)
✔ portfolio: invalid date rejected (8.404917ms)
✔ portfolio: invalid precision rejected (0.89525ms)
✔ portfolio: invalid curve rejected (0.791334ms)
✔ portfolio: invalid request rejected (0.109041ms)
✔ portfolio: invalid trade rejected (0.146125ms)
✔ portfolio: unavailable or different task never falls back to fetching data (2.497958ms)
✔ multi_strategy: all original values survive import and cloud envelope; no Chanlun recompute (2.996209ms)
✔ multi_strategy: actual component fetches only explicitly, binds owner/request/result and freezes capture (5.465917ms)
✔ multi_strategy: late receipt discarded after owner (0.922042ms)
✔ multi_strategy: late receipt discarded after request (1.4765ms)
✔ multi_strategy: late receipt discarded after task (0.89025ms)
✔ multi_strategy: late receipt discarded after result (0.761166ms)
✔ multi_strategy: late receipt discarded after busy (0.785125ms)
✔ multi_strategy: late receipt discarded after unmount (1.673958ms)
✔ multi_strategy: invalid missing rejected (0.164625ms)
✔ multi_strategy: invalid allocation rejected (0.200167ms)
✔ multi_strategy: invalid metadata rejected (0.390083ms)
✔ multi_strategy: invalid date rejected (0.474541ms)
✔ multi_strategy: invalid precision rejected (0.275792ms)
✔ multi_strategy: invalid curve rejected (0.179583ms)
✔ multi_strategy: invalid request rejected (0.099959ms)
✔ multi_strategy: invalid trade rejected (0.121042ms)
✔ multi_strategy: unavailable or different task never falls back to fetching data (2.218833ms)
✔ normalized server defaults may extend but not alter submitted parameters (0.082416ms)
✔ library original/extended multi replay uses saved costs despite global preference changes (322.486042ms)
✔ portfolio load -> actual store task lifecycle -> save uses identical context and all costs (96.326875ms)
✔ portfolio catalog-stage input is isolated before saved fetch (94.792583ms)
✔ portfolio catalog-stage params is isolated before saved fetch (74.721834ms)
✔ portfolio catalog-stage owner is isolated before saved fetch (95.107375ms)
✔ portfolio catalog-stage failure is isolated before saved fetch (58.734542ms)
✔ portfolio catalog-stage empty is isolated before saved fetch (54.683542ms)
✔ pending portfolio cannot survive input (76.182833ms)
✔ pending portfolio cannot survive owner (65.456791ms)
✔ pending portfolio cannot survive unmount (61.2495ms)
✔ store account epoch clears completed results in all four task families (37.60575ms)
✔ runPortfolio old account error is ignored even after switching back (54.84025ms)
✔ runMultiStrategy old account error is ignored even after switching back (35.44275ms)
✔ runOptimize old account error is ignored even after switching back (34.624625ms)
✔ runOptimizeAll old account error is ignored even after switching back (32.994625ms)
✔ optimizer takes an input snapshot before awaiting bars and hands off the result strategy/adjustment (22.522375ms)
✔ portfolio late save cannot close or annotate newly changed configuration (17.889375ms)
✔ library name lookup cannot mix later input or account into a save (76.4415ms)
✔ library saves a multi result with submitted adjustment, not the later global preference (21.888209ms)
✔ late library list cannot replace a newly created record and owner change clears all personal rows (27.548375ms)
✔ portfolio identity rejects mixed markets, repeats and invalid lengths (0.272792ms)
✔ late preference response cannot revert a newer adjustment; queued patch is captured (248.79925ms)
✔ account switch drops old queue, permits new account immediately and ignores late response (72.371584ms)
✔ same-account logout/login does not accept response from prior session epoch (8.2785ms)
✔ failed saves reject caller, do not wedge queue or restore stale role permissions (12.065959ms)
✔ mismatched response owner and logged-out saves are rejected (34.762042ms)
✔ market preference watcher survives the first route unmount and follows owner changes (52.124125ms)
✔ tracking ownership watcher survives route scope disposal and clears on revocation or logout (284.311875ms)
✔ late name hydration cannot write across accounts; new owner hydrates independently (25.216584ms)
✔ sidebar hydration never writes, old-owner timers cancel, failures are handled (246.093417ms)
✔ forming candles preserve OHLC and use dashed empty outlines (0.422125ms)
✔ forming volume and signed MACD columns preserve values and direction (0.097334ms)
✔ query defaults to system, manual intent is synchronous and explicit (0.506ms)
✔ direct bar snapshot fetch preserves explicit intent, including failed requests (12.727584ms)
✔ pending manual requests do not mark concurrent automatic work or async continuations (0.675ms)
✔ API dispatch tags manual queries but excludes automatic name lookup and task polling (2.790292ms)
✔ save keeps original full input separate from replay prefix, fully detached from live state (4.340042ms)
✔ same-bar opposite signals remain distinct; source survives JSON import without task or network (1.675958ms)
✔ recompute uses only saved chart prefix, keeps original scan signals and version unchanged (1.286291ms)
✔ reject wrong target before saving; never silently drop invalid lineage (0.404ms)
✔ reject board target before saving; never silently drop invalid lineage (0.261458ms)
✔ reject wrong market before saving; never silently drop invalid lineage (0.368792ms)
✔ reject reference before saving; never silently drop invalid lineage (0.161625ms)
✔ reject invalid date type before saving; never silently drop invalid lineage (0.139458ms)
✔ reject noncanonical cutoff before saving; never silently drop invalid lineage (0.219917ms)
✔ reject row summary before saving; never silently drop invalid lineage (0.342458ms)
✔ reject row last date before saving; never silently drop invalid lineage (0.233042ms)
✔ reject outside signal window before saving; never silently drop invalid lineage (0.601958ms)
✔ reject row source before saving; never silently drop invalid lineage (0.209333ms)
✔ reject row requested adjust before saving; never silently drop invalid lineage (0.803958ms)
✔ reject row quality before saving; never silently drop invalid lineage (0.959708ms)
✔ reject open candle before saving; never silently drop invalid lineage (1.590542ms)
✔ reject unsupported storage before saving; never silently drop invalid lineage (0.171916ms)
✔ legacy snapshot without original input still opens without invented source (0.133208ms)
✔ original task references round-trip and legacy references remain distinguishable (3.452083ms)
✔ cache receipt must be a real ID string, never coerced or inherited from another owner (0.43575ms)
✔ all frozen bars and precision survive; changed code is disclosed, not represented as old execution (1.175ms)
✔ invalid original receipt task stops instead of substituting live data (0.179917ms)
✔ invalid original receipt row stops instead of substituting live data (0.081291ms)
✔ invalid original receipt market stops instead of substituting live data (0.067458ms)
✔ invalid original receipt symbol stops instead of substituting live data (0.064791ms)
✔ invalid original receipt params stops instead of substituting live data (0.055542ms)
✔ invalid original receipt strategy stops instead of substituting live data (0.078167ms)
✔ invalid original receipt fingerprint stops instead of substituting live data (0.109209ms)
✔ invalid original receipt adjust stops instead of substituting live data (0.092084ms)
✔ invalid original receipt signal stops instead of substituting live data (0.083959ms)
✔ invalid original receipt malformed signals stops instead of substituting live data (7.563917ms)
✔ invalid original receipt row error stops instead of substituting live data (0.5385ms)
✔ invalid original receipt storage stops instead of substituting live data (0.099417ms)
✔ invalid original receipt version stops instead of substituting live data (6.825625ms)
✔ invalid original receipt missing bars stops instead of substituting live data (0.796834ms)
✔ invalid original receipt null bar stops instead of substituting live data (0.070708ms)
✔ invalid original receipt order stops instead of substituting live data (0.074541ms)
✔ invalid original receipt open bar stops instead of substituting live data (0.075583ms)
✔ invalid original receipt future stops instead of substituting live data (0.228041ms)
✔ invalid original receipt negative duration stops instead of substituting live data (0.105209ms)
✔ invalid original receipt missing cutoff stops instead of substituting live data (0.056083ms)
✔ invalid original receipt number string stops instead of substituting live data (0.073292ms)
✔ invalid original receipt NaN stops instead of substituting live data (0.059208ms)
✔ invalid original receipt bad low stops instead of substituting live data (0.344917ms)
✔ invalid original receipt negative volume stops instead of substituting live data (0.108ms)
✔ API sends owner and abort signal with no-store; unavailable receipt never calls a live feed (44.3965ms)
✔ radar submits captured owner with manual intent, polls as system, and preserves old cache adjustment (49.787208ms)
✔ late submit after adjust cannot become a scan result or cache (9.834083ms)
✔ late submit after window cannot become a scan result or cache (1.274917ms)
✔ late submit after owner cannot become a scan result or cache (1.197542ms)
✔ late submit after roundtrip cannot become a scan result or cache (2.213959ms)
✔ late submit after unmount cannot become a scan result or cache (2.094125ms)
✔ late poll after adjust cannot become a scan result or cache (34.29725ms)
✔ late poll after window cannot become a scan result or cache (6.1475ms)
✔ late poll after owner cannot become a scan result or cache (1.9185ms)
✔ late poll after roundtrip cannot become a scan result or cache (3.252666ms)
✔ late poll after unmount cannot become a scan result or cache (0.89875ms)
✔ a failed new scan cannot re-display or replace old success; explicit retry is independent (1.994792ms)
✔ invalid result rows is never cached (3.42825ms)
✔ invalid result counts is never cached (2.567875ms)
✔ invalid result id is never cached (1.764542ms)
✔ storage denial preserves valid live results with an explicit notice (0.715208ms)
✔ actual picker loads the original complete warmup and stores actual dates, not form defaults (6.477ms)
✔ failed original input does not fall back to newly fetched prices (2.244292ms)
✔ pending original input cannot commit after owner (16.899958ms)
✔ pending original input cannot commit after code (9.522833ms)
✔ pending original input cannot commit after unmount (12.512709ms)
✔ radar review captures row adjustment, exact minute, strategy and original cutoff (1.583ms)
✔ invalid or legacy reviews fail explicitly without guessing data or adjustment (1.110958ms)
✔ exchange-local dates validate without browser timezone conversion (0.093375ms)
✔ review excludes future and unclosed bars, resets derived fingerprint and reports actual range without mutating source (0.436667ms)
✔ radar cache is owner scoped and malformed/legacy records never enter the UI (0.472833ms)
✔ late messages, close and errors from an old socket cannot affect replacement (1.942334ms)
✔ invalid messages and control responses never become ticks; close reason retained (0.388083ms)
✔ matching versions are selected by case identity without mutation (1.260416ms)
✔ future snapshots, wrong rules, incomplete chains and duplicate cases are rejected (0.216167ms)
✔ labels never confuse endpoint consistency or higher-centre proof with completion (0.134583ms)
✔ v2 keeps the detached prefix and v1 remains readable (0.313ms)
✔ v3 supports trend search while retaining the same ownership guards (0.104042ms)
✔ missing, duplicated, misattributed or silently completed prefix is rejected (0.319834ms)
✔ reincorporation is recorded explicitly instead of erasing detached history (1.161792ms)
✔ accepts bounded history and empty verified batches (0.538958ms)
✔ rejects wrong batch, future indices, broken sources and contradictory state (0.222667ms)
✔ research labels distinguish absence, release, retained and internal (0.0815ms)
✔ late old responses cannot own a newer research request (0.470375ms)
✔ submission fields are captured values, not mutable form references (0.409375ms)
✔ navigation preserves explicit stock/index/fund/board identity and parameters without auto run (4.670542ms)
✔ ambiguous identity is rejected rather than guessed or numeric code padded (0.404ms)
✔ query parser rejects incomplete, duplicate, incompatible and mixed-context values (2.959542ms)
✔ snapshot import keeps original data and normalizes optional display metadata (5.768709ms)
✔ reject invalid schema, periods, oversized arrays and impossible candle prices (0.461125ms)
✔ cloud archives retain larger frozen windows and all supported distinct periods (11.761ms)
✔ import keeps valid frozen outputs and rejects mismatched frozen data instead of recomputing (0.441958ms)
✔ window is exchange local and bounded by the snapshot cutoff (0.485959ms)
✔ missing numbers and candidate status are never promoted (0.078625ms)
✔ amber projection resolves daily and minute labels, ignores open candle (0.254166ms)
✔ three workspaces are keyboard traversable without dropping an existing mode (3.580417ms)
✔ mobile comparison shows exactly the selected snapshot; desktop shows both (0.109417ms)
✔ inactive research never starts automatic work, valid active research does (0.087833ms)
✔ saved single strategy restores market, period, adjustment and all execution costs exactly (39.029667ms)
✔ missing legacy fields disclose supplied defaults instead of claiming complete restoration (0.330875ms)
✔ explicit contradictory market and unsupported instruments are not silently rewritten (0.356708ms)
✔ invalid present fields are errors, not fallback defaults (0.285625ms)
✔ saved links identify records only and cannot inject alternate execution context (0.166125ms)
✔ market entry preserves local dates and strategy, runs only on explicit request (6.792208ms)
✔ boards entry preserves local dates and strategy, runs only on explicit request (1.377083ms)
✔ mixed market context blocks all loading and computation: savedStrategyId (1.069708ms)
✔ mixed market context blocks all loading and computation: optimizationContext (0.99925ms)
✔ mixed market context blocks all loading and computation: autoRun (0.954125ms)
✔ mixed market context blocks all loading and computation: unexpected (0.9245ms)
✔ slow catalog cannot overwrite input with a market entry (6.763417ms)
✔ slow catalog cannot overwrite owner with a market entry (3.2645ms)
✔ catalog-stage input cannot restore saved inputs or dispatch a task (5.3315ms)
✔ catalog-stage params cannot restore saved inputs or dispatch a task (1.919292ms)
✔ catalog-stage owner cannot restore saved inputs or dispatch a task (1.878459ms)
✔ catalog-stage failure cannot restore saved inputs or dispatch a task (2.744083ms)
✔ optimization context restores every execution field and malformed context blocks dispatch (2.171083ms)
✔ actual backtest view loads exact saved context without running, then saves the configuration used (4.345375ms)
✔ saving original radar warmup uses loaded input dates, not hidden form defaults (2.643917ms)
✔ late saved record cannot overwrite owner (2.113208ms)
✔ late saved record cannot overwrite route (1.262291ms)
✔ late saved record cannot overwrite input (1.283916ms)
✔ late saved record cannot overwrite unmount (1.715375ms)
✔ invalid saved context blocks run, while legacy missing fields disclose fallback (3.872875ms)
✔ every execution input invalidates the old result before it can be saved (20.970208ms)
✔ editing a cost while bars are pending never runs the new form on the old request (1.026ms)
✔ save completion after owner cannot write into a different page or account (1.393291ms)
✔ save completion after route cannot write into a different page or account (1.248209ms)
✔ save completion after unmount cannot write into a different page or account (2.158291ms)
✔ audit description translates permissions and never renders arbitrary detail fields (0.473792ms)
✔ audit time is explicitly Shanghai time and invalid data remains readable (30.205459ms)
✔ audit API preserves bounded pagination/filter state and authenticated credentials (45.842166ms)
✔ distinguishes no candidate, failed current audit, and actual invalidation without promoting legacy state (2.404458ms)
✔ filters independent families and directions without merging special and local dual-line evidence (3.133292ms)
✔ searches lifecycle dates and failure reasons with all terms required, retaining original source objects (0.328542ms)
✔ searches diagnostic rejection history without silently reviving historical candidates (0.854375ms)
✔ all excludes bc false, preserves input order and records, and does not infer missing direction (0.401375ms)
✔ legacy diagnostic family is standard, and empty diagnostics do not invent rejection records (0.223584ms)
✔ structural points retain their own confirmation and evidence, never deriving them from a MACD source (0.750625ms)
✔ M1 uses exact existing gates and remains a separate view of its original standard event (0.483ms)
✔ combined date query finds independent point, prompt and event records without deduplication or additive counts (0.270333ms)
✔ chart date matches structured lifecycle timestamps, not coincidental prose dates (0.563916ms)
✔ minute evidence uses exact exchange-local minute, accepting T/space and refusing missing time (0.284ms)
✔ chart date includes diagnostic ABC and rejection coverage without inventing open or reversed intervals (0.315917ms)
✔ date scope combines with all filters for structural points and original M1 sources (0.116458ms)
✔ new standard evidence explains price, old blocker and independent special lifecycle (1.081084ms)
✔ new gates include counts, boundary and dates without undefined placeholder (0.222042ms)
✔ legacy comparisons retain old detected confirmed and invalidated dates (0.148333ms)
✔ initial schema and refreshed catalog preserve supplied parameters; strategy change alone resets (2.823042ms)
✔ late catalog defaults are suspended until route validation and then fill only missing fields (0.631791ms)
✔ structure dates remove midnight noise without changing intraday precision (0.512333ms)
✔ centre evidence distinguishes fixed core, outer range and candidate expansion (1.279083ms)
✔ segment evidence includes source prices and reverse proof with one-based labels (0.200458ms)
✔ missing legacy evidence does not invent confirmation (0.111334ms)
✔ special inclusion explains boundary exception without labelling it an ordinary fractal (0.07ms)
✔ centre relation history distinguishes current candidate from original separation (0.109333ms)
✔ confirmation replay translates raw indices without date matching (0.078917ms)
✔ unknown, invalid or out-of-snapshot confirmations have no replay target (0.091375ms)
✔ connection badge validates shared time, price and alternating direction (0.112792ms)
✔ reverse preview uses observed extreme, not last close or a future target (1.363166ms)
✔ mirrored lows produce an upward reference (0.164583ms)
✔ no invented reference for missing, ambiguous, extending, or invalid inputs (0.22175ms)
✔ replay prefix cannot use a later extreme; ties retain first occurrence (0.174333ms)
✔ ongoing consolidation differs by color, line pattern, and fill (0.121ms)
✔ defaults and bounded settings never expose strict price overrides (0.998958ms)
✔ evidence replay uses its own frozen period settings (0.159875ms)
✔ settings disclosure is closed by default and reuses existing controls (0.73475ms)
✔ actual component captures every selected period and failure; automatic work stays system-origin (15.760417ms)
✔ all collection failures are exportable reports, never empty success or recomputable invented bars (4.572208ms)
✔ missing response rows are retained as explicit errors; unexpected rows or cutoff cannot enter a saved result (3.672625ms)
✔ late study response cannot be saved after account (0.863042ms)
✔ late study response cannot be saved after input (0.841042ms)
✔ late study response cannot be saved after unmount (1.318209ms)
✔ invalid collection coverage cannot silently omit a period during import (1.814125ms)
✔ actual study freezes independent radar lineage, preserves it through import and recompute, and refuses foreign source (3.370875ms)
✔ task stores detached actual inputs, user submission and system polling (1.852708ms)
✔ invalidated submit resolve cannot revive result/error/spinner (1.816333ms)
✔ invalidated submit reject cannot revive result/error/spinner (0.55375ms)
✔ invalidated poll resolve cannot revive result/error/spinner (0.859209ms)
✔ invalidated poll reject cannot revive result/error/spinner (0.733667ms)
✔ earlier request completion cannot stop a newer task or replace its context (0.87875ms)
✔ owner change stops polling and cannot attribute prior account result to the new account (1.025584ms)
✔ failed remains failure, never successful completion (0.487333ms)
✔ cancelled remains failure, never successful completion (0.26225ms)
✔ timed_out remains failure, never successful completion (0.210875ms)
✔ cancelling is not completed; wrong ID, malformed result and unknown status fail closed (1.603417ms)
✔ deadline aborts polling and explicitly says the server may still be running (38.035542ms)
✔ task API sends captured owner and abort signal; old callers remain compatible (21.415459ms)
✔ progress is bounded, readable work units rather than inferred total percent (0.81325ms)
✔ factor result review freezes complete task data without lookup or recomputation (53.053292ms)
✔ completed phase never publishes result while task is still running (16.778792ms)
✔ untrusted progress cannot be used to publish an apparently completed task (0.582417ms)
✔ historical review uses owner-bound read-only fetch and account invalidation (1.508917ms)
✔ task list rejects malformed responses instead of replacing records with undefined (22.223542ms)
✔ cancelling is not terminal and elapsed values remain readable (0.164292ms)
✔ runBacktestWithPolling waits through cancelling and returns cancelled (2.142ms)
✔ runBacktestWithPolling waits through cancelling and returns timed_out (1.125083ms)
✔ runSignalScanWithPolling waits through cancelling and returns cancelled (2.172167ms)
✔ runSignalScanWithPolling waits through cancelling and returns timed_out (3.348041ms)
✔ cancel API uses POST, and partial cancelled scan results are never accepted (0.28125ms)
✔ persistent recovery and version mismatch are distinct from completion (0.271458ms)
✔ terminal task deletion handles empty 204 and encodes identity (0.13925ms)
✔ checkpoint presence is not confused with verified reuse or task completion (0.30925ms)
✔ cached completed submission is retrieved rather than shown as running (0.161833ms)
✔ network failures are localized across WebKit, Chromium and Firefox (0.164208ms)
✔ tracking archive preserves raw input, precision, rules and can import read-only (3.004833ms)
✔ missing raw input (0.243458ms)
✔ wrong adjustment (0.102583ms)
✔ wrong period (0.106875ms)
✔ duplicate target (2.304375ms)
✔ false success (0.131709ms)
✔ unknown state (0.077584ms)
✔ cancelled empty expansion and partially completed batches retain actual states (0.127959ms)
✔ failed upload retries same identity and frozen payload, independent new batch gets a new identity (53.894541ms)
✔ late previous-owner save is discarded and never retried as the next account (0.502542ms)
✔ non-finite result stays unsaved rather than converting to null (0.182541ms)
✔ empty selections include every row, including incomplete results (0.427208ms)
✔ same period/column selections are OR, other columns and periods are AND (0.159042ms)
✔ total selection does not bypass other criteria; missing periods never count as neutral signals (0.076958ms)
✔ toggle/removal preserves all other selections and never mutates input (0.437084ms)
✔ status selection uses OR with empty meaning all; can combine with breadth (0.091167ms)
✔ route consumer can unmount and remount while the one sequential analysis continues (6.783334ms)
✔ explicit stop retains completed rows and marks running/unstarted rows cancelled (0.359541ms)
✔ owner change or revoked access clears results and rejects late old publications (0.273458ms)
✔ background completion includes per-target failure and expansion failure without false success (0.845334ms)
✔ cancel during board expansion cannot publish late entries (0.238875ms)
✔ tracking transport binds owner, stops on permission failure and does not relabel name/market requests (15.140541ms)
✔ late auth error on an already-cancelled old transport never stops the next job (0.241666ms)
✔ route delegates lifetime and owns bounded vertical scrolling; application binds ownership (0.884208ms)
✔ finished batches emit independent history even without a route consumer (0.444584ms)
✔ tracking identity separates asset types, exchanges and board catalogues (0.785042ms)
✔ cloud book validates without silently dropping corrupt groups or duplicate entries (1.337834ms)
✔ expansion preserves every member and all board/direct sources, not a 200-row display page (2.346042ms)
✔ membership failure is explicit and malformed partial membership is never accepted (0.318708ms)
✔ batch runs sequentially, keeps partial errors and continues after a failed target (8.892ms)
✔ cancellation marks in-flight and unstarted rows, ignoring a late success (0.720208ms)
✔ group breadth counts only available periods, never treats failed targets as neutral evidence (0.5055ms)
✔ every clickable breadth count equals matching target count; periods and point families stay independent (0.46775ms)
✔ exact current revision accepts only its own evidence without mutation (2.374667ms)
✔ old partition, stale version, future evidence and false completion are rejected (0.615292ms)
✔ historical audit cannot import a later opposite segment (0.315666ms)
✔ empty partitions and higher-proof priority retain explicit blockers (0.214541ms)
✔ new blockers use Chinese labels without calling prerequisites completion (0.346208ms)
✔ missing comparison interval is explained in Chinese without inventing a date (0.623834ms)
✔ special diagnostics identify each A indicator witness rather than the price witness (0.17ms)
✔ nonstandard DEA axis gate remains explicit without an improvement requirement (0.135375ms)
✔ DEA tolerance discloses research threshold, precise deviation and near-zero fallback (0.169291ms)
✔ wave evidence separates effective A from original wave and local pivots (1.211667ms)
✔ rounded equal line extrema disclose the precise failed values and witness times (0.284583ms)
✔ comparisons are explicitly research only and preserve B/C axis checks (0.181458ms)
✔ unformed candidate shows Chinese gates, two-decimal values and rejection dates (0.113917ms)
✔ new nonstandard audit explicitly uses full A and first-formed reverse evidence explains gaps (0.138625ms)
ℹ tests 677
ℹ suites 0
ℹ pass 677
ℹ fail 0
ℹ cancelled 0
ℹ skipped 0
ℹ todo 0
ℹ duration_ms 9984.332709
→ 打包中…
→ 运行测试…
京东方评级: D 分数: 34.3
维度明细: 卡玛比率=22.7, 最大回撤=27.5, 胜率=33.5, 利润因子=34.1, 夏普比率=41.5, 波动率=50.1
否决: 利润因子 1.11 接近 1，仅勉强盈亏平衡
长线优质策略评级: B 分数: 64.5
维度权重: 卡玛比率=28%, 最大回撤=26%, 胜率=0%, 利润因子=0%, 夏普比率=23%, 波动率=23%
优质案例评级: A 分数: 83.9
寻优点评级: A 74
组合重算指标: { '年化': '20.83%', '回撤': '0.80%', '夏普': '5.27', '卡玛': '26.03' }
稳定上涨组合评级: S 91.8
波动组合重算: { '回撤': '44.15%', '夏普': '-2.64', '持续': 60 }
波动组合评级: D 18.5
✔ 新版组合评级使用后端采样，不按图表柱数重新日线年化 (1.941292ms)
✔ 必要风险指标缺失不能展示为零风险或正常评级 (3.179667ms)
✔ 无穷比率不等于满分，真实零利润因子仍按亏损判断 (0.865459ms)
✔ 京东方回测必须评为 D 档（用户核心诉求验证点） (0.756833ms)
✔ 京东方评分应在 30-43 区间（C 与 D 的边界） (0.730791ms)
✔ 低利润因子触发系统亏损否决 (0.080292ms)
✔ 样本不足（< 10 笔交易）降权但不否决整个评级 (0.229292ms)
✔ 用户实测场景：6年6笔交易 + 高夏普 → 应得 A/B（核心回归测试） (0.254834ms)
✔ 深回撤 > 60% 触发直接 D 否决 (0.250083ms)
✔ 优质回测应得 A 或 S 档 (0.284583ms)
✔ 高回撤但收益高 → 最高 B（一票否决 cap） (0.118916ms)
✔ 插值函数：边界值取端点分数 (0.058708ms)
✔ 插值函数：中间值线性插值 (0.077541ms)
✔ 寻优评级：4 维度降级版 (0.090709ms)
✔ 寻优评级：网格点交易太少 → 降权但评级照常 (1.2705ms)
✔ 组合评级：稳定上涨净值应得 A 或 S (26.901333ms)
✔ 组合评级：高波动深回撤净值 → 低档 (2.002458ms)
✔ combinedMetrics：单点净值返回全 0（兜底） (0.20375ms)
✔ 历史组合仅保留原值，不从曲线推断日线或重算评级 (0.613958ms)
✔ v1-v4、未知版本及不完整依据不伪装为新版结果 (0.621333ms)
✔ 新版结果使用已记录指标，真实 999 和零不被当作历史哨兵 (0.086042ms)
✔ 指标状态缺失或与数值冲突不能产出评级，包括被降权维度 (0.10425ms)
✔ 低交易样本的真实不可用逐笔指标仍可降权，不误拦截可用净值评级 (0.086917ms)
✔ 寻优逐行核验新版采样与候选状态，输入范围不替代候选证据 (0.116125ms)
✔ 完整快照保留精度、真实 0/999、全部指标及版本且不关联可变输入 (0.776834ms)
✔ 策略保存接受真实 Vue 响应式结果，不因 Proxy 无法 structuredClone 而失败 (0.612791ms)
✔ 再次保存历史指标不补造新版计算或评级依据 (0.118667ms)
✔ 对比展示原值并指出版本、周期、范围与利率差异，不自动重算 (0.253416ms)
ℹ tests 28
ℹ suites 0
ℹ pass 28
ℹ fail 0
ℹ cancelled 0
ℹ skipped 0
ℹ todo 0
ℹ duration_ms 166.175334
