
> web-ui@0.0.0 test
> node scripts/run-tests.mjs

✔ tracking is restricted to active administrators and explicitly authorized users (0.899167ms)
✔ presence requires visible focused recent interaction and never negative elapsed time (0.138209ms)
✔ admin query descriptions label metadata and disclose truncated targets (0.191875ms)
✔ code labels use market-qualified identities and visible missing-name fallback (0.922375ms)
✔ name hydration is automatic, market-separated, bounded, and abort-aware (50.129333ms)
✔ all current chart inspector evidence stays readable without altering original nested data (8.7535ms)
✔ reject malformed fields reachable from overlays, popovers and every inspector section with exact paths (8.363667ms)
✔ optional old fields and empty failure checkpoints remain readable, no missing-state invention (0.131542ms)
✔ archive calendar validation rejects normalized impossible dates and illegal clock/offset values (11.295333ms)
✔ bar validation compares actual instants, retains raw strings, rejects equal instants and malformed volume (10.5415ms)
✔ existing frozen matrix bar sources remain readable without mutation (52.174959ms)
✔ event lists and evidence-set reordering never imply new or changed signals; originals remain intact (14.098875ms)
✔ state, lifecycle times and unrounded evidence are classified separately on the same identity (0.767042ms)
✔ same date across families and sides remains independent; true event additions/removals are distinct (0.473709ms)
✔ duplicate identities preserve all records and are never paired arbitrarily (11.9415ms)
✔ missing identity does not cause false removals or additions in its collection (4.294125ms)
✔ missing source/list is unknown, not empty or proof of no events (5.283542ms)
✔ never-candidate diagnostics match without A or reference, including special B-only records (1.061417ms)
✔ A trimming changes evidence not identity; original wave anchors and reference changes distinguish bases (2.553333ms)
✔ date normalization preserves intraday, microsecond and timezone distinctions (2.154833ms)
✔ source differences and unknown fields/ordered evidence are retained (0.627959ms)
✔ different instruments, periods or study results are not matched (0.3095ms)
✔ structure divergences are supported without inventing MACD wave anchors (0.854416ms)
✔ legacy local migration keeps original payload, precision, versions and unknown fields without upgrading (20.966333ms)
✔ cloud exports use latest metadata but retain the original immutable payload, not old cloud ID/revision (0.66475ms)
✔ study import preserves successful and failed periods plus original warmup and primary metadata (0.684042ms)
✔ unknown, incomplete, oversized and nonfinite backups are rejected, never uploaded as summaries (153.539166ms)
✔ all supported chart outputs preserve full precision, null warmups, style and instance order (18.526625ms)
✔ migration IDs survive rescanning/reload, preserve precision and isolate owners and changed content (11.217458ms)
✔ migration rejects missing owners, foreign archives and malformed inputs before upload (1.311709ms)
✔ post-inspection changes never upload under a previously confirmed identity (4.416833ms)
✔ lost response retries the same immutable body and id, without automatic retry or local deletion (1.916125ms)
✔ stop or account changes before/after read and upload discard stale results (0.588958ms)
✔ deleted cloud copies are not restored, purged copies and wrong response IDs are not treated as success (0.727083ms)
✔ chart plan freezes original data and uses original identity/window, not current selection (4.567125ms)
✔ missing volume/time/parameters and unsupported length never silently become a smaller/default study (12.084584ms)
✔ study plan preserves actual research settings and saved time labels (0.254ms)
✔ saved structural settings survive chart and study archive replay; mismatch is rejected (1.053667ms)
✔ unrounded path diff distinguishes null, missing, structure, empty arrays, and ordering (0.300125ms)
✔ response must match request, instrument, version, scope and period identities (0.332ms)
✔ new archive retains original bars/lineage but never relabels frozen old indicators as recomputed (0.360708ms)
✔ study without saved input retains an explicit uncomputed row, never pretends all periods succeeded (0.191084ms)
✔ complete indicator recompute preserves saved settings, checks response and saves only new values (3.370875ms)
✔ missing or unknown saved indicator parameters cannot borrow current defaults (0.424875ms)
✔ original valid study rows retain precision, unknown fields, true zero and no recomputation (3.20975ms)
✔ invalid nested fields become explicit per-period errors, not silently missing rows (1.906417ms)
✔ strict pen fields reject coercion and preserve historical source errors without reading their invalid nested fields (1.49425ms)
✔ duplicates are not cherry-picked and malformed or future rows remain in original-record entries (0.150333ms)
✔ full backtest file and cloud envelope retain all fields; no implicit Chanlun recompute (5.763542ms)
✔ invalid cash cannot become a readable archive (0.150917ms)
✔ invalid params cannot become a readable archive (0.088625ms)
✔ invalid adjust cannot become a readable archive (0.09125ms)
✔ invalid null lineage cannot become a readable archive (0.131459ms)
✔ invalid net value cannot become a readable archive (0.093208ms)
✔ invalid future trade cannot become a readable archive (0.094709ms)
✔ invalid duplicate date cannot become a readable archive (0.076917ms)
✔ invalid missing metrics cannot become a readable archive (0.079042ms)
✔ invalid nested infinity cannot become a readable archive (0.15ms)
✔ invalid coerced rejected cannot become a readable archive (0.084875ms)
✔ actual store freezes submitted input and result separately from later source mutation (270.868916ms)
✔ actual store rejects stale or failed owner run and clears prior archive (14.464208ms)
✔ actual store rejects stale or failed input run and clears prior archive (16.286125ms)
✔ actual store rejects stale or failed clear run and clears prior archive (15.854167ms)
✔ actual store rejects stale or failed failure run and clears prior archive (10.329459ms)
✔ trade lookup keeps the exact minute across separators, precision and days (0.718083ms)
✔ date-only values cannot choose the midnight bar of an ambiguous day (0.491166ms)
✔ daily and duplicate exact timestamps keep first positional matches (0.100875ms)
✔ nanoseconds and timezone text are not truncated into a false match (0.079583ms)
✔ date labels preserve useful precision without local timezone conversion (0.13575ms)
✔ higher sources resolve actual records and separate original from current review time (1.08625ms)
✔ base sources and foreign witness rejection have distinct Chinese descriptions (0.0985ms)
✔ inconsistent candidate has no replay evidence: unknown reason (0.07525ms)
✔ inconsistent candidate has no replay evidence: prototype key (0.061875ms)
✔ inconsistent candidate has no replay evidence: future version (0.056875ms)
✔ inconsistent candidate has no replay evidence: future completion (0.05ms)
✔ inconsistent candidate has no replay evidence: missing time (0.047666ms)
✔ inconsistent candidate has no replay evidence: empty source (0.8185ms)
✔ inconsistent candidate has no replay evidence: duplicate source (0.062625ms)
✔ inconsistent candidate has no replay evidence: unknown source (0.1005ms)
✔ inconsistent candidate has no replay evidence: mixed levels (0.060542ms)
✔ inconsistent candidate has no replay evidence: future child (0.056791ms)
✔ inconsistent candidate has no replay evidence: wrong child level (0.052917ms)
✔ inconsistent candidate has no replay evidence: duplicate record (0.044708ms)
✔ inconsistent candidate has no replay evidence: empty record range (0.048916ms)
✔ inconsistent candidate has no replay evidence: gap (0.048708ms)
✔ inconsistent candidate has no replay evidence: wrong parent range (0.038375ms)
✔ inconsistent candidate has no replay evidence: reversed sources (0.043542ms)
✔ inconsistent candidate has no replay evidence: unsafe base number (0.048917ms)
✔ 80 percent transparency is 20 percent alpha, for both candle directions (0.509417ms)
✔ transparency stays finite, integer, and bounded (0.082917ms)
✔ body is symmetric around the unchanged wick across widths and fractional positions (15.489792ms)
✔ horizontal candles preserve every price coordinate (0.13375ms)
✔ missing or non-finite candle layouts are left untouched (0.14ms)
✔ native ECharts layout remains centred after resize, zoom and data replacement (159.876125ms)
✔ zooming out of large-data line mode restores centred candle bodies (62.066458ms)
✔ structure widths retain existing defaults and hover appearance (2.577916ms)
✔ manual values stay finite, bounded, and at two decimal places (0.175208ms)
✔ raw index overrides rounded dates, including zero (1.461541ms)
✔ legacy intraday dates never fall back to the first bar of the day (0.461667ms)
✔ duplicate formatted times fail safely without a raw index (0.188625ms)
✔ padding keeps the 23px marker plus radius inside the price pane (1.297417ms)
✔ flat, zero and negative ranges get finite padding; invalid extents do not (0.115416ms)
✔ single-bar time link is a thin line limited to each actual plot (2.398167ms)
✔ multi-bar time link has no border and clips to plot, never clamps offscreen data to an edge (0.120542ms)
✔ time links map daily coverage to all minute bars, not a matching ordinal (0.182125ms)
✔ weekly and monthly end-labelled bars cover earlier constituent dates without changing data (1.932958ms)
✔ nearest marker wins regardless of signal family, only co-located points share chooser (0.295542ms)
✔ immutable request cache deduplicates pending work, isolates payload keys and retries errors (0.3515ms)
✔ all six structural types keep extrema and confirmation separate with original evidence (1.577125ms)
✔ legacy records do not invent confirmation or structural sources (0.164958ms)
✔ M1 keeps independent MACD source and original direction, never a structural type (0.335084ms)
✔ all chart layers override independent animation and progressive rendering (0.835083ms)
✔ archive tooltip labels and evidence remain text, not active HTML (1.577458ms)
✔ rejects invalid saved zooms (0.841042ms)
✔ same-snapshot redraw keeps current manually chosen view (0.110708ms)
✔ focus redraw keeps manual zoom; clearing restores pre-focus view (0.072291ms)
✔ switching focus preserves the original return view (0.067458ms)
✔ new snapshot resets saved focus view and never revives old zoom (0.062542ms)
✔ default inactive; moving does not show cards and leaving does not deactivate (0.848458ms)
✔ object previews can read date-card activation without activating it (0.1645ms)
✔ click selects a point; outside click closes; inside click is not dismissed (0.125ms)
✔ activated cards follow movement until outside dismissal, then require another click (0.106042ms)
✔ zoom clears stale coordinates but preserves activation (0.082584ms)
✔ data reset and Escape deactivate; teardown removes all handlers (0.108666ms)
✔ archive requests bind current owner and bypass browser cache (26.884ms)
✔ cloud directory validates all rows, quotas and identities without dropping broken entries (9.152083ms)
✔ original detail requires an object payload but action receipts may omit it (0.655458ms)
✔ account change discards delayed success and delayed errors (0.240542ms)
✔ unauthenticated archive requests do not reach server; structured conflicts remain actionable (0.572417ms)
✔ upload retries retain immutable captured body and all numerical precision (0.384875ms)
✔ directed centre chain is candidate evidence, not completion (0.887834ms)
✔ touching, opposing, future, overlapping or malformed chains fail closed (0.231708ms)
✔ single-centre and legacy components remain readable (0.071209ms)
✔ inside, border, reversed y and overlapping rectangles resolve newest first (1.829959ms)
✔ invalid or missing render coordinates cannot create hits (0.19575ms)
✔ popup stays within narrow viewport and near-edge right click (0.18875ms)
✔ roles are Chinese and unknown roles never claim completion (1.003125ms)
✔ source ranges keep one-based indices without disguising gaps (0.264042ms)
✔ coverage checks counts, repeats and missing IDs (0.380458ms)
✔ missing, empty and rejected suffix are explicit (0.097125ms)
✔ invalid counts and empty blocks cannot pass the coverage audit (0.09ms)
✔ uses raw indices, allows shared endpoints and bounds zoom padding (1.262166ms)
✔ does not invent a B interval or infer indices from formatted dates (0.088791ms)
✔ rejects partial, reversed, overlapping and out-of-snapshot evidence (0.114666ms)
✔ allows inspection of historical failed evidence without reviving it (0.106625ms)
✔ local proof draws frozen exact endpoints only after its actual confirmation (0.157917ms)
✔ dual-line divergence uses two exact raw indices, never artificial ABC ranges (0.081ms)
✔ dual-line focus rejects missing, duplicate, reversed and out-of-range points (0.084416ms)
✔ special wave focus uses AB and its extreme without inventing C (0.08675ms)
✔ direction, family and lifecycle have independent marker styles (0.558792ms)
✔ no-C dual-line remains a circle and fills only on first reverse-pen confirmation (1.52825ms)
✔ M1 is restricted to confirmed waves with a later actual confirmation (0.240792ms)
✔ four families retain independent records and nonstandard uses a triangle (0.578583ms)
✔ October 4 marker matrix uses shape for family and colour only for direction (0.4375ms)
✔ special AB evidence separates A line extrema from both price anchors and legacy pivots (0.368375ms)
✔ history is opt-in, inactive stays grey hollow, never creates M1 (0.299625ms)
✔ every historical shape uses a continuous hollow contour, including on hover (0.561708ms)
✔ new nonstandard evidence relaxes prices only and records each subtype (0.191375ms)
✔ new dual rule cannot fill without recorded later local confirmation (0.122291ms)
✔ historical engineering match retains original timing without claiming regrouping completion (5.378167ms)
✔ future, stale, mismatched or incomplete evidence fails closed (0.305542ms)
✔ older snapshots and unmatched parts keep existing natural audit available (0.064125ms)
✔ engineering provenance uses the same one-based numbering as other inspectors (1.006125ms)
✔ mixed recursion distinguishes consolidation and trend from the old trend view (0.428584ms)
✔ unknown or reversed provenance is not presented as a completed trend (0.18725ms)
✔ indicator and price values use two decimals without inventing missing evidence (0.205708ms)
✔ recursive centre relations never call extension candidates completed types (0.172167ms)
✔ admissions distinguish unit confirmation from later failed-return admission (0.138125ms)
✔ display fields retain all text including dates, provenance, and secondary colons (2.066667ms)
✔ narrative, missing evidence, and timestamp headings remain whole (0.259959ms)
✔ selects the exact source without replacing missing comparison periods with the primary (0.406667ms)
✔ prefix audit preserves original warmup snapshot and its own instrument and period (0.410459ms)
✔ rejects invalid positions, missing identity and explicitly unclosed prefix data (0.177417ms)
✔ optimization carries full execution and identity without live defaults (3.917208ms)
✔ malformed, mixed, missing or conflicting optimization context never silently defaults (1.220917ms)
✔ multi original replay preserves costs, slots and adjustment; extend changes only end dates (0.732ms)
✔ multi rejects corrupt and incompatible slots without dropping or repairing any (0.698ms)
✔ legacy missing settings are disclosed with deterministic defaults, explicit invalid values rejected (0.74875ms)
✔ combining equal-account singles preserves per-slot cash and costs; conflicts rejected not rewritten (0.884875ms)
✔ all candidate states distinguish eligibility from completed natural types (0.528875ms)
✔ opposite geometry identifies reused next-part evidence, including nonzero source IDs (0.523583ms)
✔ external opposite geometry is not added to candidate membership (0.094792ms)
✔ missing, stale, misattributed or future opposite geometry is not displayed as matched (0.131167ms)
✔ preferred endpoints are never called completed types; conflicts are retained (0.080041ms)
✔ opposite base turn is not same-level completion (0.099834ms)
✔ price formatting preserves zero and boundary contact, guards non-finite values (0.107792ms)
✔ candidate audit joins by identity, not response order (0.087ms)
✔ part audit must match ordinal AND exact raw source IDs, including shifted IDs (0.128542ms)
✔ locates the three raw ranges without relabelling them as MACD or confirmed centres (1.094875ms)
✔ candidate must already be observable at the CURRENT replay prefix (0.172458ms)
✔ no incomplete, waiting or unsupported candidate is given a fabricated range (0.098583ms)
✔ raw bar boundaries must be contiguous and inside the visible window (0.137458ms)
✔ source partitions must cover every original segment once, preserving nonzero IDs (0.12525ms)
✔ conflicting geometric fallback remains viewable for manual audit (0.07975ms)
✔ clearing a regrouping focus restores original zoom; a new replay snapshot does not (0.125875ms)
✔ membership labels distinguish source confirmation from later admission (0.518459ms)
✔ admission witness distinguishes confirmation dependency from geometric membership (0.103667ms)
✔ old or malformed evidence never invents an admission witness (0.09ms)
✔ real frozen result archives preserve every input, missing tag, precision and failed factor (22.870792ms)
✔ factor cloud envelope imports as independent copy without original identity (5.723167ms)
✔ partial or incompatible archives fail explicitly, not repaired from the current catalog (335.565083ms)
✔ read-only renderer has no execution or market API imports; explicit replay is separate (6.717375ms)
✔ same-account profile refresh preserves replay state; identity changes invalidate synchronously (1.096041ms)
✔ benchmark dependency uses declared input not a guessed name (0.470583ms)
✔ pool rejects mixed frozen index versions, allowing different stock calendars (7.168625ms)
✔ frozen exact pairing retains absent date and rejects silent fill or replacement (0.455584ms)
✔ failed auxiliary fetch must be explicitly recorded for both fields; legacy needs none (0.106542ms)
✔ UI exposes benchmark conditionally and invalidates both research paths (2.703542ms)
✔ library navigation and Chinese/identifier/family search preserve full matching set (8.546375ms)
✔ availability is evaluated by adjustment and period without mutating selections (2.132125ms)
✔ single and multi-track axes share compact large units and distinct small ticks (0.81475ms)
✔ correlation uses its mathematical range; raw factors keep their own scale (0.116709ms)
✔ tiny values remain visible and tooltip raw precision is not rounded (0.09225ms)
✔ percentage is presentation only, gaps and source values are preserved (0.449208ms)
✔ disabled combination does not add implicit weights; enabled selection is explicit (0.885666ms)
✔ actual Python report preserves the combination through export and read-only reopen (34.93775ms)
✔ incomplete or contradictory composition archive is rejected, never repaired (65.306625ms)
✔ horizon selection is bounded, canonical and never silently amended (1.320917ms)
✔ horizon view uses frozen results without changing configuration or primary report (61.634ms)
✔ all horizons survive draft/export/import and old single archives still read (52.527917ms)
✔ missing windows, wrong labels and disagreement with primary reports fail closed (52.762667ms)
✔ request selection invalidates immediately; display-only switching does not (51.01825ms)
✔ multiple horizons dispatch one explicitly manual request with complete selection (33.314583ms)
✔ dimensionless exponents are not presented as bar counts (1.257333ms)
✔ filtered sample windows are never labelled as calendar periods (1.095709ms)
✔ Alpha101 cross-library aliases normalize parameter keys and order (17.16325ms)
✔ Alpha101 curvature threshold identity and warmup are declared (0.2595ms)
✔ Alpha101 short custom mean still retains fixed price-lag dependency (0.453042ms)
✔ named GTJA dependency paths use maximum chain and all edited windows (0.909041ms)
✔ GTJA compound windows and cross-library identical mean ratios are explicit (0.148458ms)
✔ parameter selection copies only active settings without mutating cached settings (0.138417ms)
✔ builtin decimal multiplier, ordering, effective identity and actual labels (0.147666ms)
✔ reset only one parameter, retain other overrides without mutating input (0.121459ms)
✔ history warning uses full effective warmup, not all parameters as rolling windows (0.119875ms)
✔ names and validation use actual windows; equivalent formula choices rejected (0.133125ms)
✔ recompute task request binds owner, source revision and manual intent; polling stays automatic (63.790209ms)
✔ history retains the complete recompute envelope, not just numerical results (32.008458ms)
✔ replay uses shared task invalidation and archive saving preserves replay metadata (1.787417ms)
✔ statistics version is frozen provenance, never inferred as the current version (0.489167ms)
✔ factor glossary accepts standard abbreviations with spaces or underscores (0.15425ms)
✔ factor missing values never become valid zero (0.090791ms)
✔ factor ranking is stable, non-mutating and missing-last in both directions (22.232584ms)
✔ small factor values do not round to fake zeros; raw precision keeps original number (0.093208ms)
✔ compatibility aliases are only shown for exact legacy lookup or active selection (0.095667ms)
✔ series automatic initialization is system intent, only deliberate task submission is a query (97.016375ms)
✔ saved series task reopens as series without lookup, all diagnostics and original inputs survive (11.426041ms)
✔ cleared series execution cannot publish an old stock result (1.122791ms)
✔ live series and history use shared tasks, invalidate on input/account/route and never treat as trading backtest (2.853083ms)
✔ late catalog never submits after unmount, input/account/tab changes, or manual run (0.235167ms)
✔ failed catalog does not silently start default research or publish after leaving (0.305209ms)
✔ favorite IDs are bounded, deduplicated and malformed saved preferences never get overwritten (4.436208ms)
✔ favorites use acknowledgment and only patch their own key; same-session writes serialize (0.519ms)
✔ failed favorite updates do not pretend success and can retry (0.256166ms)
✔ other preference acknowledgment exposing pending patch cannot fake a saved favorite (0.206041ms)
✔ owner switch clears state immediately and old failure cannot affect new save (1.347041ms)
✔ series compare shares all x axes but preserves independent raw values, scales, gaps and tooltip precision (0.700041ms)
✔ future appending leaves prior plotted values unchanged, missing is never replaced by zero (0.18025ms)
✔ multi-factor comparison is reused in live and read-only views, favorites do not change research settings (3.36475ms)
✔ factor submission marks only explicit dispatch, preserves owner/signal, polling/cancel stay automatic (25.0905ms)
✔ cancel acknowledged during pending poll cannot regress UI or publish partial result (14.663ms)
✔ late cancellation cannot revive cleared or changed-account task UI (1.293917ms)
✔ unconfirmed cancellation keeps polling; successful task remains recoverable (1.527083ms)
✔ factor panel uses shared execution and distinguishes cancel from detach (1.169833ms)
✔ explicit stock-only finite latest selection; missing and fund/index stay unavailable (7.634334ms)
✔ origin and precision survive JSON and later group membership edits (2.164833ms)
✔ only explicit action writes owner assertion and source revision, never sends computed score (32.655709ms)
✔ late owner response rejected; permission denial and source mismatch not successful (0.658292ms)
✔ time modes construct explicit configs without random dates or implied training (4.827084ms)
✔ invalid dates, hidden shrinkage and numeric coercion are rejected (0.341917ms)
✔ full frozen time results survive import, draft and readonly validation unchanged (8.207709ms)
✔ missing, mismatched and nonfinite temporal archive results fail explicitly (59.59525ms)
✔ changes invalidate synchronously; same-account profile refresh does not change split (3.771791ms)
✔ menus stay inside phone, keyboard and landscape viewports (0.552542ms)
✔ near-bottom controls open upwards without changing ordinary desktop width (0.096375ms)
✔ warmup null, missing and invalid indicator values never become invented zeroes (0.89025ms)
✔ freeze all supported indicator outputs, warmup holes, volume averages and exact numerical precision (7.383625ms)
✔ frozen playback keeps captured values despite different current prices and never queries APIs (0.563167ms)
✔ malformed or mismatched frozen values fail closed, never fall back to recomputation (0.581875ms)
✔ marker hit uses signed stacking offset for both directions, not candle position (0.892209ms)
✔ symbol size and invalid render positions are handled safely (0.084625ms)
✔ market tab changes discard old success and cannot stop the new spinner (325.514834ms)
✔ market late failure after filter cannot resurrect an error (27.151834ms)
✔ market late failure after owner cannot resurrect an error (10.265916ms)
✔ market late failure after unmount cannot resurrect an error (20.245917ms)
✔ directory count failure preserves valid rows; late totals cannot cross markets (59.131541ms)
✔ board selection clears old details and ignores slower preceding member responses (47.136334ms)
✔ board list filter changes invalidate pending member requests and prevent old auto-selection (75.667459ms)
✔ default board preload remains system-origin after manual list refresh (36.35075ms)
✔ belonging response after stock cannot change results or stock history (26.77025ms)
✔ belonging response after owner cannot change results or stock history (38.782208ms)
✔ belonging response after unmount cannot change results or stock history (19.643542ms)
✔ current belonging success records captured stock; concurrent member failure has separate feedback (17.884541ms)
✔ market selection uses loaded market, clears on filters, and distinguishes shared stock/index codes (25.289417ms)
✔ board analysis uses result classification; members require their own market (16.0745ms)
✔ aborted late response cannot publish metadata even if transport ignores abort (36.3855ms)
✔ missing provenance or silently changed adjustment never reaches research (0.147959ms)
✔ reported gaps do not falsely label suspension or prevent inspecting valid candles (0.10925ms)
✔ history fetch consumes one verified range and publishes complete metadata only after validation (3.2665ms)
✔ unclosed response never updates provenance or reaches the backtest (1.359167ms)
✔ null, true zero, infinities and real 999 are distinct after JSON roundtrip (0.524667ms)
✔ single, saved and comparison results retain authoritative metric basis (0.443459ms)
✔ whole proof validated without mutation, and cross-role ownership remains visible (1.655125ms)
✔ stale, future, duplicated, incomplete, falsely completed and mismatched sources rejected (0.328458ms)
✔ base runs cannot masquerade as proofs or own multiple provisional regions (0.07525ms)
✔ blocked covers show full conflicts, never fabricated flattened blocks (0.09375ms)
✔ labels retain provisional scope (0.063584ms)
✔ all seven MA presets are available but only MA5 and MA10 start visible (0.797041ms)
✔ each chart session gets independent editable settings without changing presets (0.083333ms)
✔ MA presets retain the requested yellow, white, purple, green, cyan, orange, red palette (0.075125ms)
✔ legend retains every MA choice and explicit hidden states override stale chart selection (0.10725ms)
✔ cross-boundary details resolve actual input and nested ownership records (1.363416ms)
✔ unowned reverse evidence stays explicitly unowned for boundary rejection (0.115208ms)
✔ foreign witness can be shown for an otherwise single-owner candidate (0.101167ms)
✔ legacy candidates do not invent missing conflict details (0.107958ms)
✔ damaged detail is not presented: mismatched candidate sources (0.087917ms)
✔ damaged detail is not presented: wrong layer (0.060667ms)
✔ damaged detail is not presented: unknown reverse input (0.997875ms)
✔ damaged detail is not presented: wrong reverse range (0.089125ms)
✔ damaged detail is not presented: reverse overlaps prices (0.0785ms)
✔ damaged detail is not presented: future reverse confirmation (0.13775ms)
✔ damaged detail is not presented: wrong reverse time (0.071333ms)
✔ damaged detail is not presented: incomplete domain list (0.073ms)
✔ damaged detail is not presented: duplicate domains (0.052333ms)
✔ damaged detail is not presented: noncontinuous domain (0.044625ms)
✔ damaged detail is not presented: foreign domain misses witness (0.051292ms)
✔ damaged detail is not presented: false unowned witness (0.0515ms)
✔ damaged detail is not presented: missing nested record (0.055292ms)
✔ damaged detail is not presented: wrong reason (0.059917ms)
✔ only current owner revisions form the displayed ownership set (1.321ms)
✔ internal provenance remains distinct and validates enclosing ownership (0.334292ms)
✔ parent-covered history is not labeled as an additional effective input (0.069375ms)
✔ nested provenance validates containment and strictly increasing input levels (0.162417ms)
✔ current owner labels are distinct from creation IDs and tolerate old snapshots (0.088917ms)
✔ summary mode lists every historical address, not just current versions (0.731125ms)
✔ full and missing legacy snapshots stay readable without inventing history (0.078625ms)
✔ all four analysis paths explicitly request summary delivery without changing input (0.369208ms)
✔ complete lifecycle stays chronological, does not mutate input, and uses Chinese labels (1.314791ms)
✔ legacy or future history is not invented (0.1195ms)
✔ dangling, reordered, duplicated, miscounted and conflicting histories fail closed (0.889083ms)
✔ equal counts cannot hide swapped source identities (0.074667ms)
✔ intermediate event boundaries must equal actual inherited and added sources (0.066583ms)
✔ input evidence must exist at the correct level and be available at admission (0.175958ms)
✔ invalid domain sources, membership and parent context fail closed (0.181167ms)
✔ leftward growth, shifted sources and newly filled merge gaps remain valid (0.142708ms)
✔ both periods exclude future and open candles while retaining original warm-up start (3.094ms)
✔ snapshot observation time caps cutoff; bar start before cutoff is not enough (0.128625ms)
✔ no timeframe fallback or fabricated candles when historical minute range is unavailable (0.066167ms)
✔ index and board snapshots retain NONE adjustment, mismatch is rejected (0.239583ms)
✔ missing completion evidence, timezone timestamps and unordered bars fail explicitly (0.148917ms)
✔ week/month completion boundary comes from provider annotation, not day label (0.143333ms)
✔ matrix defaults to five requested periods and includes separate buy/sell evidence column (3.255333ms)
✔ does not turn current reversal observation into a confirmed opposite pen (0.204375ms)
✔ keeps true zero distinct from missing, and numerical display never overwrites original axis judgment (1.548834ms)
✔ keeps divergence family, extrema and actual confirmation separate; never drops records (14.441291ms)
✔ missing pen and divergence are bounded claims; quality limitations stay visible (0.175167ms)
✔ buy/sell evidence distinguishes missing old archives, no points, structure and M1 (0.222125ms)
✔ portfolio: all original values survive import and cloud envelope; no Chanlun recompute (34.338333ms)
✔ portfolio: actual component fetches only explicitly, binds owner/request/result and freezes capture (66.950417ms)
✔ portfolio: late receipt discarded after owner (1.056834ms)
✔ portfolio: late receipt discarded after request (4.790708ms)
✔ portfolio: late receipt discarded after task (14.481583ms)
✔ portfolio: late receipt discarded after result (3.587708ms)
✔ portfolio: late receipt discarded after busy (0.901334ms)
✔ portfolio: late receipt discarded after unmount (0.738083ms)
✔ portfolio: invalid missing rejected (0.19675ms)
✔ portfolio: invalid allocation rejected (0.235917ms)
✔ portfolio: invalid metadata rejected (0.09925ms)
✔ portfolio: invalid date rejected (0.094875ms)
✔ portfolio: invalid precision rejected (0.194584ms)
✔ portfolio: invalid curve rejected (0.14875ms)
✔ portfolio: invalid request rejected (0.072417ms)
✔ portfolio: invalid trade rejected (0.126875ms)
✔ portfolio: unavailable or different task never falls back to fetching data (2.221709ms)
✔ multi_strategy: all original values survive import and cloud envelope; no Chanlun recompute (0.921875ms)
✔ multi_strategy: actual component fetches only explicitly, binds owner/request/result and freezes capture (9.911583ms)
✔ multi_strategy: late receipt discarded after owner (2.338166ms)
✔ multi_strategy: late receipt discarded after request (0.833042ms)
✔ multi_strategy: late receipt discarded after task (2.422417ms)
✔ multi_strategy: late receipt discarded after result (1.995584ms)
✔ multi_strategy: late receipt discarded after busy (2.453875ms)
✔ multi_strategy: late receipt discarded after unmount (1.383333ms)
✔ multi_strategy: invalid missing rejected (0.130542ms)
✔ multi_strategy: invalid allocation rejected (0.202209ms)
✔ multi_strategy: invalid metadata rejected (0.0915ms)
✔ multi_strategy: invalid date rejected (0.112125ms)
✔ multi_strategy: invalid precision rejected (0.487833ms)
✔ multi_strategy: invalid curve rejected (0.984917ms)
✔ multi_strategy: invalid request rejected (0.308375ms)
✔ multi_strategy: invalid trade rejected (0.324625ms)
✔ multi_strategy: unavailable or different task never falls back to fetching data (3.123917ms)
✔ normalized server defaults may extend but not alter submitted parameters (0.189334ms)
✔ library original/extended multi replay uses saved costs despite global preference changes (279.039ms)
✔ portfolio load -> actual store task lifecycle -> save uses identical context and all costs (62.354666ms)
✔ portfolio catalog-stage input is isolated before saved fetch (94.487542ms)
✔ portfolio catalog-stage params is isolated before saved fetch (103.812792ms)
✔ portfolio catalog-stage owner is isolated before saved fetch (60.312708ms)
✔ portfolio catalog-stage failure is isolated before saved fetch (46.731917ms)
✔ portfolio catalog-stage empty is isolated before saved fetch (34.940791ms)
✔ pending portfolio cannot survive input (17.518333ms)
✔ pending portfolio cannot survive owner (38.012666ms)
✔ pending portfolio cannot survive unmount (121.123084ms)
✔ store account epoch clears completed results in all four task families (34.659208ms)
✔ runPortfolio old account error is ignored even after switching back (26.488416ms)
✔ runMultiStrategy old account error is ignored even after switching back (28.340291ms)
✔ runOptimize old account error is ignored even after switching back (23.750291ms)
✔ runOptimizeAll old account error is ignored even after switching back (25.456833ms)
✔ optimizer takes an input snapshot before awaiting bars and hands off the result strategy/adjustment (28.090208ms)
✔ portfolio late save cannot close or annotate newly changed configuration (20.404542ms)
✔ library name lookup cannot mix later input or account into a save (75.396667ms)
✔ library saves a multi result with submitted adjustment, not the later global preference (23.609416ms)
✔ late library list cannot replace a newly created record and owner change clears all personal rows (19.992917ms)
✔ portfolio identity rejects mixed markets, repeats and invalid lengths (0.2685ms)
✔ late preference response cannot revert a newer adjustment; queued patch is captured (209.095917ms)
✔ account switch drops old queue, permits new account immediately and ignores late response (12.089666ms)
✔ same-account logout/login does not accept response from prior session epoch (7.940291ms)
✔ failed saves reject caller, do not wedge queue or restore stale role permissions (8.917ms)
✔ mismatched response owner and logged-out saves are rejected (5.733291ms)
✔ market preference watcher survives the first route unmount and follows owner changes (28.470042ms)
✔ tracking ownership watcher survives route scope disposal and clears on revocation or logout (281.469875ms)
✔ late name hydration cannot write across accounts; new owner hydrates independently (77.960708ms)
✔ sidebar hydration never writes, old-owner timers cancel, failures are handled (80.885959ms)
✔ forming candles preserve OHLC and use dashed empty outlines (0.71075ms)
✔ forming volume and signed MACD columns preserve values and direction (0.100458ms)
✔ query defaults to system, manual intent is synchronous and explicit (0.653291ms)
✔ direct bar snapshot fetch preserves explicit intent, including failed requests (16.210333ms)
✔ pending manual requests do not mark concurrent automatic work or async continuations (1.090917ms)
✔ API dispatch tags manual queries but excludes automatic name lookup and task polling (1.399916ms)
✔ save keeps original full input separate from replay prefix, fully detached from live state (6.67225ms)
✔ same-bar opposite signals remain distinct; source survives JSON import without task or network (1.106125ms)
✔ recompute uses only saved chart prefix, keeps original scan signals and version unchanged (1.224917ms)
✔ reject wrong target before saving; never silently drop invalid lineage (0.402416ms)
✔ reject board target before saving; never silently drop invalid lineage (0.25075ms)
✔ reject wrong market before saving; never silently drop invalid lineage (0.233708ms)
✔ reject reference before saving; never silently drop invalid lineage (0.1275ms)
✔ reject invalid date type before saving; never silently drop invalid lineage (0.124084ms)
✔ reject noncanonical cutoff before saving; never silently drop invalid lineage (0.132167ms)
✔ reject row summary before saving; never silently drop invalid lineage (0.258375ms)
✔ reject row last date before saving; never silently drop invalid lineage (0.204875ms)
✔ reject outside signal window before saving; never silently drop invalid lineage (0.201959ms)
✔ reject row source before saving; never silently drop invalid lineage (0.197833ms)
✔ reject row requested adjust before saving; never silently drop invalid lineage (0.189542ms)
✔ reject row quality before saving; never silently drop invalid lineage (0.212875ms)
✔ reject open candle before saving; never silently drop invalid lineage (0.260833ms)
✔ reject unsupported storage before saving; never silently drop invalid lineage (0.942458ms)
✔ legacy snapshot without original input still opens without invented source (0.294ms)
✔ original task references round-trip and legacy references remain distinguishable (1.098292ms)
✔ cache receipt must be a real ID string, never coerced or inherited from another owner (0.326291ms)
✔ all frozen bars and precision survive; changed code is disclosed, not represented as old execution (0.598125ms)
✔ invalid original receipt task stops instead of substituting live data (0.14925ms)
✔ invalid original receipt row stops instead of substituting live data (0.074458ms)
✔ invalid original receipt market stops instead of substituting live data (0.061833ms)
✔ invalid original receipt symbol stops instead of substituting live data (0.062708ms)
✔ invalid original receipt params stops instead of substituting live data (0.055416ms)
✔ invalid original receipt strategy stops instead of substituting live data (0.074208ms)
✔ invalid original receipt fingerprint stops instead of substituting live data (0.126667ms)
✔ invalid original receipt adjust stops instead of substituting live data (0.071125ms)
✔ invalid original receipt signal stops instead of substituting live data (0.080959ms)
✔ invalid original receipt malformed signals stops instead of substituting live data (0.057875ms)
✔ invalid original receipt row error stops instead of substituting live data (0.055792ms)
✔ invalid original receipt storage stops instead of substituting live data (0.056625ms)
✔ invalid original receipt version stops instead of substituting live data (0.062916ms)
✔ invalid original receipt missing bars stops instead of substituting live data (0.091917ms)
✔ invalid original receipt null bar stops instead of substituting live data (0.074083ms)
✔ invalid original receipt order stops instead of substituting live data (0.075459ms)
✔ invalid original receipt open bar stops instead of substituting live data (0.055625ms)
✔ invalid original receipt future stops instead of substituting live data (0.064042ms)
✔ invalid original receipt negative duration stops instead of substituting live data (0.063292ms)
✔ invalid original receipt missing cutoff stops instead of substituting live data (0.051125ms)
✔ invalid original receipt number string stops instead of substituting live data (0.054375ms)
✔ invalid original receipt NaN stops instead of substituting live data (0.047166ms)
✔ invalid original receipt bad low stops instead of substituting live data (0.048ms)
✔ invalid original receipt negative volume stops instead of substituting live data (0.058875ms)
✔ API sends owner and abort signal with no-store; unavailable receipt never calls a live feed (41.029792ms)
✔ radar submits captured owner with manual intent, polls as system, and preserves old cache adjustment (36.090709ms)
✔ late submit after adjust cannot become a scan result or cache (11.782542ms)
✔ late submit after window cannot become a scan result or cache (1.064583ms)
✔ late submit after owner cannot become a scan result or cache (2.468291ms)
✔ late submit after roundtrip cannot become a scan result or cache (2.442208ms)
✔ late submit after unmount cannot become a scan result or cache (2.246584ms)
✔ late poll after adjust cannot become a scan result or cache (4.770959ms)
✔ late poll after window cannot become a scan result or cache (7.220375ms)
✔ late poll after owner cannot become a scan result or cache (12.297125ms)
✔ late poll after roundtrip cannot become a scan result or cache (6.476125ms)
✔ late poll after unmount cannot become a scan result or cache (20.667625ms)
✔ a failed new scan cannot re-display or replace old success; explicit retry is independent (1.297875ms)
✔ invalid result rows is never cached (1.151417ms)
✔ invalid result counts is never cached (0.911666ms)
✔ invalid result id is never cached (4.41925ms)
✔ storage denial preserves valid live results with an explicit notice (0.742584ms)
✔ actual picker loads the original complete warmup and stores actual dates, not form defaults (51.652375ms)
✔ failed original input does not fall back to newly fetched prices (0.996959ms)
✔ pending original input cannot commit after owner (72.939916ms)
✔ pending original input cannot commit after code (2.911375ms)
✔ pending original input cannot commit after unmount (5.292542ms)
✔ radar review captures row adjustment, exact minute, strategy and original cutoff (2.127708ms)
✔ invalid or legacy reviews fail explicitly without guessing data or adjustment (0.921833ms)
✔ exchange-local dates validate without browser timezone conversion (0.092958ms)
✔ review excludes future and unclosed bars, resets derived fingerprint and reports actual range without mutating source (0.702334ms)
✔ radar cache is owner scoped and malformed/legacy records never enter the UI (0.483625ms)
✔ late messages, close and errors from an old socket cannot affect replacement (0.87875ms)
✔ invalid messages and control responses never become ticks; close reason retained (0.167166ms)
✔ matching versions are selected by case identity without mutation (2.183833ms)
✔ future snapshots, wrong rules, incomplete chains and duplicate cases are rejected (0.302583ms)
✔ labels never confuse endpoint consistency or higher-centre proof with completion (0.165292ms)
✔ v2 keeps the detached prefix and v1 remains readable (0.347041ms)
✔ v3 supports trend search while retaining the same ownership guards (0.119291ms)
✔ missing, duplicated, misattributed or silently completed prefix is rejected (1.018625ms)
✔ reincorporation is recorded explicitly instead of erasing detached history (0.579ms)
✔ accepts bounded history and empty verified batches (1.50225ms)
✔ rejects wrong batch, future indices, broken sources and contradictory state (0.264ms)
✔ research labels distinguish absence, release, retained and internal (0.082583ms)
✔ late old responses cannot own a newer research request (0.476333ms)
✔ submission fields are captured values, not mutable form references (0.946375ms)
✔ navigation preserves explicit stock/index/fund/board identity and parameters without auto run (2.2285ms)
✔ ambiguous identity is rejected rather than guessed or numeric code padded (0.148666ms)
✔ query parser rejects incomplete, duplicate, incompatible and mixed-context values (2.00475ms)
✔ snapshot import keeps original data and normalizes optional display metadata (4.103ms)
✔ reject invalid schema, periods, oversized arrays and impossible candle prices (0.700792ms)
✔ cloud archives retain larger frozen windows and all supported distinct periods (13.196834ms)
✔ import keeps valid frozen outputs and rejects mismatched frozen data instead of recomputing (0.435542ms)
✔ window is exchange local and bounded by the snapshot cutoff (1.016875ms)
✔ missing numbers and candidate status are never promoted (0.2285ms)
✔ amber projection resolves daily and minute labels, ignores open candle (0.341375ms)
✔ three workspaces are keyboard traversable without dropping an existing mode (0.791208ms)
✔ mobile comparison shows exactly the selected snapshot; desktop shows both (0.141917ms)
✔ inactive research never starts automatic work, valid active research does (0.0945ms)
✔ saved single strategy restores market, period, adjustment and all execution costs exactly (3.058791ms)
✔ missing legacy fields disclose supplied defaults instead of claiming complete restoration (0.257042ms)
✔ explicit contradictory market and unsupported instruments are not silently rewritten (2.052959ms)
✔ invalid present fields are errors, not fallback defaults (0.374583ms)
✔ saved links identify records only and cannot inject alternate execution context (0.501667ms)
✔ market entry preserves local dates and strategy, runs only on explicit request (17.329084ms)
✔ boards entry preserves local dates and strategy, runs only on explicit request (1.413292ms)
✔ mixed market context blocks all loading and computation: savedStrategyId (1.062542ms)
✔ mixed market context blocks all loading and computation: optimizationContext (2.293667ms)
✔ mixed market context blocks all loading and computation: autoRun (2.802708ms)
✔ mixed market context blocks all loading and computation: unexpected (2.240083ms)
✔ slow catalog cannot overwrite input with a market entry (7.843917ms)
✔ slow catalog cannot overwrite owner with a market entry (2.3295ms)
✔ catalog-stage input cannot restore saved inputs or dispatch a task (3.379333ms)
✔ catalog-stage params cannot restore saved inputs or dispatch a task (4.765959ms)
✔ catalog-stage owner cannot restore saved inputs or dispatch a task (1.639875ms)
✔ catalog-stage failure cannot restore saved inputs or dispatch a task (1.2105ms)
✔ optimization context restores every execution field and malformed context blocks dispatch (4.098334ms)
✔ actual backtest view loads exact saved context without running, then saves the configuration used (1.315208ms)
✔ saving original radar warmup uses loaded input dates, not hidden form defaults (1.174083ms)
✔ late saved record cannot overwrite owner (2.362ms)
✔ late saved record cannot overwrite route (2.136125ms)
✔ late saved record cannot overwrite input (3.5525ms)
✔ late saved record cannot overwrite unmount (1.627916ms)
✔ invalid saved context blocks run, while legacy missing fields disclose fallback (3.779625ms)
✔ every execution input invalidates the old result before it can be saved (14.490917ms)
✔ editing a cost while bars are pending never runs the new form on the old request (1.530125ms)
✔ save completion after owner cannot write into a different page or account (3.002167ms)
✔ save completion after route cannot write into a different page or account (2.321709ms)
✔ save completion after unmount cannot write into a different page or account (2.020125ms)
✔ audit description translates permissions and never renders arbitrary detail fields (0.501083ms)
✔ audit time is explicitly Shanghai time and invalid data remains readable (105.463625ms)
✔ audit API preserves bounded pagination/filter state and authenticated credentials (25.116ms)
✔ distinguishes no candidate, failed current audit, and actual invalidation without promoting legacy state (2.682375ms)
✔ filters independent families and directions without merging special and local dual-line evidence (4.013459ms)
✔ searches lifecycle dates and failure reasons with all terms required, retaining original source objects (0.154083ms)
✔ searches diagnostic rejection history without silently reviving historical candidates (0.403083ms)
✔ all excludes bc false, preserves input order and records, and does not infer missing direction (0.133417ms)
✔ legacy diagnostic family is standard, and empty diagnostics do not invent rejection records (0.096333ms)
✔ structural points retain their own confirmation and evidence, never deriving them from a MACD source (0.262875ms)
✔ M1 uses exact existing gates and remains a separate view of its original standard event (0.195208ms)
✔ combined date query finds independent point, prompt and event records without deduplication or additive counts (0.117167ms)
✔ chart date matches structured lifecycle timestamps, not coincidental prose dates (0.231083ms)
✔ minute evidence uses exact exchange-local minute, accepting T/space and refusing missing time (0.096125ms)
✔ chart date includes diagnostic ABC and rejection coverage without inventing open or reversed intervals (0.197917ms)
✔ date scope combines with all filters for structural points and original M1 sources (0.095334ms)
✔ new standard evidence explains price, old blocker and independent special lifecycle (5.31075ms)
✔ new gates include counts, boundary and dates without undefined placeholder (0.274167ms)
✔ legacy comparisons retain old detected confirmed and invalidated dates (0.170583ms)
✔ initial schema and refreshed catalog preserve supplied parameters; strategy change alone resets (3.776333ms)
✔ late catalog defaults are suspended until route validation and then fill only missing fields (0.635292ms)
✔ structure dates remove midnight noise without changing intraday precision (0.710917ms)
✔ centre evidence distinguishes fixed core, outer range and candidate expansion (1.45925ms)
✔ segment evidence includes source prices and reverse proof with one-based labels (0.400791ms)
✔ missing legacy evidence does not invent confirmation (0.351625ms)
✔ special inclusion explains boundary exception without labelling it an ordinary fractal (0.095125ms)
✔ centre relation history distinguishes current candidate from original separation (0.128ms)
✔ confirmation replay translates raw indices without date matching (0.079125ms)
✔ unknown, invalid or out-of-snapshot confirmations have no replay target (0.092834ms)
✔ connection badge validates shared time, price and alternating direction (0.113583ms)
✔ reverse preview uses observed extreme, not last close or a future target (2.158083ms)
✔ mirrored lows produce an upward reference (0.293458ms)
✔ no invented reference for missing, ambiguous, extending, or invalid inputs (0.281333ms)
✔ replay prefix cannot use a later extreme; ties retain first occurrence (0.215166ms)
✔ ongoing consolidation differs by color, line pattern, and fill (0.237167ms)
✔ defaults and bounded settings never expose strict price overrides (0.997667ms)
✔ evidence replay uses its own frozen period settings (0.097167ms)
✔ settings disclosure is closed by default and reuses existing controls (1.431792ms)
✔ actual component captures every selected period and failure; automatic work stays system-origin (18.065333ms)
✔ all collection failures are exportable reports, never empty success or recomputable invented bars (1.695667ms)
✔ missing response rows are retained as explicit errors; unexpected rows or cutoff cannot enter a saved result (4.065334ms)
✔ late study response cannot be saved after account (1.070666ms)
✔ late study response cannot be saved after input (0.95ms)
✔ late study response cannot be saved after unmount (0.833041ms)
✔ invalid collection coverage cannot silently omit a period during import (1.564292ms)
✔ actual study freezes independent radar lineage, preserves it through import and recompute, and refuses foreign source (3.3625ms)
✔ task stores detached actual inputs, user submission and system polling (4.509084ms)
✔ invalidated submit resolve cannot revive result/error/spinner (2.075625ms)
✔ invalidated submit reject cannot revive result/error/spinner (1.050125ms)
✔ invalidated poll resolve cannot revive result/error/spinner (1.120458ms)
✔ invalidated poll reject cannot revive result/error/spinner (0.386958ms)
✔ earlier request completion cannot stop a newer task or replace its context (0.726959ms)
✔ owner change stops polling and cannot attribute prior account result to the new account (4.914667ms)
✔ failed remains failure, never successful completion (1.973875ms)
✔ cancelled remains failure, never successful completion (0.115458ms)
✔ timed_out remains failure, never successful completion (1.404542ms)
✔ cancelling is not completed; wrong ID, malformed result and unknown status fail closed (1.153708ms)
✔ deadline aborts polling and explicitly says the server may still be running (18.617125ms)
✔ task API sends captured owner and abort signal; old callers remain compatible (26.927792ms)
✔ progress is bounded, readable work units rather than inferred total percent (2.871709ms)
✔ factor result review freezes complete task data without lookup or recomputation (15.896208ms)
✔ completed phase never publishes result while task is still running (17.826208ms)
✔ untrusted progress cannot be used to publish an apparently completed task (0.548208ms)
✔ historical review uses owner-bound read-only fetch and account invalidation (1.618667ms)
✔ task list rejects malformed responses instead of replacing records with undefined (58.6455ms)
✔ cancelling is not terminal and elapsed values remain readable (0.189875ms)
✔ runBacktestWithPolling waits through cancelling and returns cancelled (2.403584ms)
✔ runBacktestWithPolling waits through cancelling and returns timed_out (1.2775ms)
✔ runSignalScanWithPolling waits through cancelling and returns cancelled (3.259625ms)
✔ runSignalScanWithPolling waits through cancelling and returns timed_out (1.853167ms)
✔ cancel API uses POST, and partial cancelled scan results are never accepted (1.417958ms)
✔ persistent recovery and version mismatch are distinct from completion (0.343375ms)
✔ terminal task deletion handles empty 204 and encodes identity (0.157958ms)
✔ checkpoint presence is not confused with verified reuse or task completion (0.301125ms)
✔ cached completed submission is retrieved rather than shown as running (0.175459ms)
✔ network failures are localized across WebKit, Chromium and Firefox (0.158375ms)
✔ tracking archive preserves raw input, precision, rules and can import read-only (8.021458ms)
✔ missing raw input (0.647667ms)
✔ wrong adjustment (0.243166ms)
✔ wrong period (0.284542ms)
✔ duplicate target (0.244416ms)
✔ false success (0.228625ms)
✔ unknown state (0.167958ms)
✔ cancelled empty expansion and partially completed batches retain actual states (0.2385ms)
✔ failed upload retries same identity and frozen payload, independent new batch gets a new identity (34.804708ms)
✔ late previous-owner save is discarded and never retried as the next account (1.283042ms)
✔ non-finite result stays unsaved rather than converting to null (8.816459ms)
✔ empty selections include every row, including incomplete results (0.456666ms)
✔ same period/column selections are OR, other columns and periods are AND (0.174291ms)
✔ total selection does not bypass other criteria; missing periods never count as neutral signals (0.079292ms)
✔ toggle/removal preserves all other selections and never mutates input (0.661458ms)
✔ status selection uses OR with empty meaning all; can combine with breadth (0.315792ms)
✔ route consumer can unmount and remount while the one sequential analysis continues (4.793125ms)
✔ explicit stop retains completed rows and marks running/unstarted rows cancelled (0.811417ms)
✔ owner change or revoked access clears results and rejects late old publications (0.685041ms)
✔ background completion includes per-target failure and expansion failure without false success (0.684417ms)
✔ cancel during board expansion cannot publish late entries (0.248416ms)
✔ tracking transport binds owner, stops on permission failure and does not relabel name/market requests (18.671958ms)
✔ late auth error on an already-cancelled old transport never stops the next job (0.247083ms)
✔ route delegates lifetime and owns bounded vertical scrolling; application binds ownership (1.825584ms)
✔ finished batches emit independent history even without a route consumer (0.452834ms)
✔ tracking identity separates asset types, exchanges and board catalogues (1.359042ms)
✔ cloud book validates without silently dropping corrupt groups or duplicate entries (0.72425ms)
✔ expansion preserves every member and all board/direct sources, not a 200-row display page (2.047375ms)
✔ membership failure is explicit and malformed partial membership is never accepted (0.301709ms)
✔ batch runs sequentially, keeps partial errors and continues after a failed target (9.942042ms)
✔ cancellation marks in-flight and unstarted rows, ignoring a late success (1.80025ms)
✔ group breadth counts only available periods, never treats failed targets as neutral evidence (0.256584ms)
✔ every clickable breadth count equals matching target count; periods and point families stay independent (0.211458ms)
✔ exact current revision accepts only its own evidence without mutation (1.033ms)
✔ old partition, stale version, future evidence and false completion are rejected (0.432292ms)
✔ historical audit cannot import a later opposite segment (0.100625ms)
✔ empty partitions and higher-proof priority retain explicit blockers (0.082333ms)
✔ new blockers use Chinese labels without calling prerequisites completion (0.152292ms)
✔ missing comparison interval is explained in Chinese without inventing a date (0.603833ms)
✔ special diagnostics identify each A indicator witness rather than the price witness (0.16575ms)
✔ nonstandard DEA axis gate remains explicit without an improvement requirement (0.134375ms)
✔ DEA tolerance discloses research threshold, precise deviation and near-zero fallback (0.165167ms)
✔ wave evidence separates effective A from original wave and local pivots (0.419ms)
✔ rounded equal line extrema disclose the precise failed values and witness times (0.1385ms)
✔ comparisons are explicitly research only and preserve B/C axis checks (0.110958ms)
✔ unformed candidate shows Chinese gates, two-decimal values and rejection dates (0.109292ms)
✔ new nonstandard audit explicitly uses full A and first-formed reverse evidence explains gaps (0.117958ms)
ℹ tests 679
ℹ suites 0
ℹ pass 679
ℹ fail 0
ℹ cancelled 0
ℹ skipped 0
ℹ todo 0
ℹ duration_ms 8846.533292
→ 打包中…
→ 运行测试…
京东方评级: D 分数: 34.3
维度明细: 卡玛比率=22.7, 最大回撤=27.5, 胜率=33.5, 利润因子=34.1, 夏普比率=41.5, 波动率=50.1
否决: 利润因子 1.11 接近 1，仅勉强盈亏平衡
长线优质策略评级: B 分数: 64.5
维度权重: 卡玛比率=28%, 最大回撤=26%, 胜率=0%, 利润因子=0%, 夏普比率=23%, 波动率=23%
优质案例评级: A 分数: 83.9
寻优点评级: A 74
组合重算指标: { '年化': '20.83%', '回撤': '0.80%', '夏普': '5.27', '卡玛': '26.03' }
稳定上涨组合评级: S 91.8
波动组合重算: { '回撤': '44.15%', '夏普': '-2.64', '持续': 60 }
波动组合评级: D 18.5
✔ 新版组合评级使用后端采样，不按图表柱数重新日线年化 (1.425875ms)
✔ 必要风险指标缺失不能展示为零风险或正常评级 (0.220917ms)
✔ 无穷比率不等于满分，真实零利润因子仍按亏损判断 (0.1275ms)
✔ 京东方回测必须评为 D 档（用户核心诉求验证点） (0.454625ms)
✔ 京东方评分应在 30-43 区间（C 与 D 的边界） (0.097458ms)
✔ 低利润因子触发系统亏损否决 (0.06525ms)
✔ 样本不足（< 10 笔交易）降权但不否决整个评级 (0.124833ms)
✔ 用户实测场景：6年6笔交易 + 高夏普 → 应得 A/B（核心回归测试） (0.138084ms)
✔ 深回撤 > 60% 触发直接 D 否决 (0.105042ms)
✔ 优质回测应得 A 或 S 档 (0.372584ms)
✔ 高回撤但收益高 → 最高 B（一票否决 cap） (0.146833ms)
✔ 插值函数：边界值取端点分数 (0.080709ms)
✔ 插值函数：中间值线性插值 (0.0475ms)
✔ 寻优评级：4 维度降级版 (0.155ms)
✔ 寻优评级：网格点交易太少 → 降权但评级照常 (0.138959ms)
✔ 组合评级：稳定上涨净值应得 A 或 S (1.657375ms)
✔ 组合评级：高波动深回撤净值 → 低档 (0.660417ms)
✔ combinedMetrics：单点净值返回全 0（兜底） (0.048458ms)
✔ 历史组合仅保留原值，不从曲线推断日线或重算评级 (0.495875ms)
✔ v1-v4、未知版本及不完整依据不伪装为新版结果 (0.584167ms)
✔ 新版结果使用已记录指标，真实 999 和零不被当作历史哨兵 (0.071208ms)
✔ 指标状态缺失或与数值冲突不能产出评级，包括被降权维度 (0.093875ms)
✔ 低交易样本的真实不可用逐笔指标仍可降权，不误拦截可用净值评级 (0.08625ms)
✔ 寻优逐行核验新版采样与候选状态，输入范围不替代候选证据 (0.112125ms)
✔ 完整快照保留精度、真实 0/999、全部指标及版本且不关联可变输入 (0.671583ms)
✔ 策略保存接受真实 Vue 响应式结果，不因 Proxy 无法 structuredClone 而失败 (0.6005ms)
✔ 再次保存历史指标不补造新版计算或评级依据 (0.1015ms)
✔ 对比展示原值并指出版本、周期、范围与利率差异，不自动重算 (0.296792ms)
ℹ tests 28
ℹ suites 0
ℹ pass 28
ℹ fail 0
ℹ cancelled 0
ℹ skipped 0
ℹ todo 0
ℹ duration_ms 92.258167
