
> web-ui@0.0.0 test
> node scripts/run-tests.mjs

✔ tracking is restricted to active administrators and explicitly authorized users (0.414167ms)
✔ presence requires visible focused recent interaction and never negative elapsed time (0.105208ms)
✔ admin query descriptions label metadata and disclose truncated targets (0.178167ms)
✔ code labels use market-qualified identities and visible missing-name fallback (0.932417ms)
✔ name hydration is automatic, market-separated, bounded, and abort-aware (31.253541ms)
✔ all current chart inspector evidence stays readable without altering original nested data (12.335ms)
✔ reject malformed fields reachable from overlays, popovers and every inspector section with exact paths (10.785709ms)
✔ optional old fields and empty failure checkpoints remain readable, no missing-state invention (0.148333ms)
✔ archive calendar validation rejects normalized impossible dates and illegal clock/offset values (12.904959ms)
✔ bar validation compares actual instants, retains raw strings, rejects equal instants and malformed volume (0.428416ms)
✔ existing frozen matrix bar sources remain readable without mutation (25.602834ms)
✔ event lists and evidence-set reordering never imply new or changed signals; originals remain intact (10.252708ms)
✔ state, lifecycle times and unrounded evidence are classified separately on the same identity (1.461167ms)
✔ same date across families and sides remains independent; true event additions/removals are distinct (0.424875ms)
✔ duplicate identities preserve all records and are never paired arbitrarily (1.29375ms)
✔ missing identity does not cause false removals or additions in its collection (0.873584ms)
✔ missing source/list is unknown, not empty or proof of no events (1.5025ms)
✔ never-candidate diagnostics match without A or reference, including special B-only records (1.41925ms)
✔ A trimming changes evidence not identity; original wave anchors and reference changes distinguish bases (1.408ms)
✔ date normalization preserves intraday, microsecond and timezone distinctions (3.082083ms)
✔ source differences and unknown fields/ordered evidence are retained (0.8385ms)
✔ different instruments, periods or study results are not matched (0.088625ms)
✔ structure divergences are supported without inventing MACD wave anchors (0.268208ms)
✔ legacy local migration keeps original payload, precision, versions and unknown fields without upgrading (2.208416ms)
✔ cloud exports use latest metadata but retain the original immutable payload, not old cloud ID/revision (1.487708ms)
✔ study import preserves successful and failed periods plus original warmup and primary metadata (1.455083ms)
✔ unknown, incomplete, oversized and nonfinite backups are rejected, never uploaded as summaries (271.3915ms)
✔ all supported chart outputs preserve full precision, null warmups, style and instance order (16.308292ms)
✔ migration IDs survive rescanning/reload, preserve precision and isolate owners and changed content (66.997167ms)
✔ migration rejects missing owners, foreign archives and malformed inputs before upload (1.678666ms)
✔ post-inspection changes never upload under a previously confirmed identity (4.324375ms)
✔ lost response retries the same immutable body and id, without automatic retry or local deletion (0.838917ms)
✔ stop or account changes before/after read and upload discard stale results (0.79575ms)
✔ deleted cloud copies are not restored, purged copies and wrong response IDs are not treated as success (6.754833ms)
✔ chart plan freezes original data and uses original identity/window, not current selection (3.777291ms)
✔ missing volume/time/parameters and unsupported length never silently become a smaller/default study (5.352084ms)
✔ study plan preserves actual research settings and saved time labels (0.157541ms)
✔ saved structural settings survive chart and study archive replay; mismatch is rejected (0.506542ms)
✔ unrounded path diff distinguishes null, missing, structure, empty arrays, and ordering (0.217708ms)
✔ response must match request, instrument, version, scope and period identities (0.302666ms)
✔ new archive retains original bars/lineage but never relabels frozen old indicators as recomputed (0.345917ms)
✔ study without saved input retains an explicit uncomputed row, never pretends all periods succeeded (0.181541ms)
✔ complete indicator recompute preserves saved settings, checks response and saves only new values (1.356834ms)
✔ missing or unknown saved indicator parameters cannot borrow current defaults (0.376333ms)
✔ original valid study rows retain precision, unknown fields, true zero and no recomputation (3.900833ms)
✔ invalid nested fields become explicit per-period errors, not silently missing rows (1.684958ms)
✔ strict pen fields reject coercion and preserve historical source errors without reading their invalid nested fields (0.827292ms)
✔ duplicates are not cherry-picked and malformed or future rows remain in original-record entries (0.17675ms)
✔ full backtest file and cloud envelope retain all fields; no implicit Chanlun recompute (2.780292ms)
✔ invalid cash cannot become a readable archive (0.110125ms)
✔ invalid params cannot become a readable archive (0.121ms)
✔ invalid adjust cannot become a readable archive (0.087666ms)
✔ invalid null lineage cannot become a readable archive (0.126209ms)
✔ invalid net value cannot become a readable archive (0.0945ms)
✔ invalid future trade cannot become a readable archive (0.098417ms)
✔ invalid duplicate date cannot become a readable archive (0.079458ms)
✔ invalid missing metrics cannot become a readable archive (0.083125ms)
✔ invalid nested infinity cannot become a readable archive (0.159917ms)
✔ invalid coerced rejected cannot become a readable archive (0.087834ms)
✔ actual store freezes submitted input and result separately from later source mutation (193.651708ms)
✔ actual store rejects stale or failed owner run and clears prior archive (31.051584ms)
✔ actual store rejects stale or failed input run and clears prior archive (46.167417ms)
✔ actual store rejects stale or failed clear run and clears prior archive (12.31775ms)
✔ actual store rejects stale or failed failure run and clears prior archive (16.811167ms)
✔ trade lookup keeps the exact minute across separators, precision and days (0.865292ms)
✔ date-only values cannot choose the midnight bar of an ambiguous day (0.0875ms)
✔ daily and duplicate exact timestamps keep first positional matches (0.661667ms)
✔ nanoseconds and timezone text are not truncated into a false match (0.11325ms)
✔ date labels preserve useful precision without local timezone conversion (0.105709ms)
✔ higher sources resolve actual records and separate original from current review time (1.086584ms)
✔ base sources and foreign witness rejection have distinct Chinese descriptions (0.0985ms)
✔ inconsistent candidate has no replay evidence: unknown reason (0.078333ms)
✔ inconsistent candidate has no replay evidence: prototype key (0.059416ms)
✔ inconsistent candidate has no replay evidence: future version (0.051083ms)
✔ inconsistent candidate has no replay evidence: future completion (0.600541ms)
✔ inconsistent candidate has no replay evidence: missing time (0.153083ms)
✔ inconsistent candidate has no replay evidence: empty source (0.060333ms)
✔ inconsistent candidate has no replay evidence: duplicate source (0.063667ms)
✔ inconsistent candidate has no replay evidence: unknown source (0.109209ms)
✔ inconsistent candidate has no replay evidence: mixed levels (1.206834ms)
✔ inconsistent candidate has no replay evidence: future child (0.097708ms)
✔ inconsistent candidate has no replay evidence: wrong child level (0.057708ms)
✔ inconsistent candidate has no replay evidence: duplicate record (0.313583ms)
✔ inconsistent candidate has no replay evidence: empty record range (0.516083ms)
✔ inconsistent candidate has no replay evidence: gap (0.155458ms)
✔ inconsistent candidate has no replay evidence: wrong parent range (0.095416ms)
✔ inconsistent candidate has no replay evidence: reversed sources (0.274541ms)
✔ inconsistent candidate has no replay evidence: unsafe base number (0.150208ms)
✔ 80 percent transparency is 20 percent alpha, for both candle directions (4.225708ms)
✔ transparency stays finite, integer, and bounded (0.119375ms)
✔ body is symmetric around the unchanged wick across widths and fractional positions (1.419333ms)
✔ horizontal candles preserve every price coordinate (0.09175ms)
✔ missing or non-finite candle layouts are left untouched (0.093083ms)
✔ native ECharts layout remains centred after resize, zoom and data replacement (337.098583ms)
✔ zooming out of large-data line mode restores centred candle bodies (36.6785ms)
✔ structure widths retain existing defaults and hover appearance (0.757125ms)
✔ manual values stay finite, bounded, and at two decimal places (0.137833ms)
✔ raw index overrides rounded dates, including zero (1.377292ms)
✔ legacy intraday dates never fall back to the first bar of the day (0.337667ms)
✔ duplicate formatted times fail safely without a raw index (0.100834ms)
✔ padding keeps the 23px marker plus radius inside the price pane (0.124625ms)
✔ flat, zero and negative ranges get finite padding; invalid extents do not (0.498292ms)
✔ single-bar time link is a thin line limited to each actual plot (4.249208ms)
✔ multi-bar time link has no border and clips to plot, never clamps offscreen data to an edge (0.1205ms)
✔ time links map daily coverage to all minute bars, not a matching ordinal (0.170958ms)
✔ weekly and monthly end-labelled bars cover earlier constituent dates without changing data (2.221125ms)
✔ nearest marker wins regardless of signal family, only co-located points share chooser (0.52925ms)
✔ immutable request cache deduplicates pending work, isolates payload keys and retries errors (1.4005ms)
✔ all six structural types keep extrema and confirmation separate with original evidence (0.567ms)
✔ legacy records do not invent confirmation or structural sources (0.121583ms)
✔ M1 keeps independent MACD source and original direction, never a structural type (0.333166ms)
✔ all chart layers override independent animation and progressive rendering (0.830125ms)
✔ archive tooltip labels and evidence remain text, not active HTML (0.742125ms)
✔ rejects invalid saved zooms (0.796208ms)
✔ same-snapshot redraw keeps current manually chosen view (0.200375ms)
✔ focus redraw keeps manual zoom; clearing restores pre-focus view (0.125375ms)
✔ switching focus preserves the original return view (0.757583ms)
✔ new snapshot resets saved focus view and never revives old zoom (0.164083ms)
✔ default inactive; moving does not show cards and leaving does not deactivate (2.137584ms)
✔ object previews can read date-card activation without activating it (0.190125ms)
✔ click selects a point; outside click closes; inside click is not dismissed (0.176291ms)
✔ activated cards follow movement until outside dismissal, then require another click (0.145583ms)
✔ zoom clears stale coordinates but preserves activation (0.132583ms)
✔ data reset and Escape deactivate; teardown removes all handlers (0.124208ms)
✔ archive requests bind current owner and bypass browser cache (23.589084ms)
✔ cloud directory validates all rows, quotas and identities without dropping broken entries (8.29ms)
✔ original detail requires an object payload but action receipts may omit it (0.412375ms)
✔ account change discards delayed success and delayed errors (0.253667ms)
✔ unauthenticated archive requests do not reach server; structured conflicts remain actionable (0.187417ms)
✔ upload retries retain immutable captured body and all numerical precision (0.159083ms)
✔ directed centre chain is candidate evidence, not completion (0.916584ms)
✔ touching, opposing, future, overlapping or malformed chains fail closed (0.227292ms)
✔ single-centre and legacy components remain readable (0.064958ms)
✔ inside, border, reversed y and overlapping rectangles resolve newest first (0.796ms)
✔ invalid or missing render coordinates cannot create hits (0.083542ms)
✔ popup stays within narrow viewport and near-edge right click (0.081625ms)
✔ roles are Chinese and unknown roles never claim completion (0.422334ms)
✔ source ranges keep one-based indices without disguising gaps (0.098208ms)
✔ coverage checks counts, repeats and missing IDs (0.198208ms)
✔ missing, empty and rejected suffix are explicit (0.078583ms)
✔ invalid counts and empty blocks cannot pass the coverage audit (0.0745ms)
✔ uses raw indices, allows shared endpoints and bounds zoom padding (1.520667ms)
✔ does not invent a B interval or infer indices from formatted dates (0.114917ms)
✔ rejects partial, reversed, overlapping and out-of-snapshot evidence (0.315ms)
✔ allows inspection of historical failed evidence without reviving it (0.1175ms)
✔ local proof draws frozen exact endpoints only after its actual confirmation (0.167625ms)
✔ dual-line divergence uses two exact raw indices, never artificial ABC ranges (4.725667ms)
✔ dual-line focus rejects missing, duplicate, reversed and out-of-range points (0.280417ms)
✔ special wave focus uses AB and its extreme without inventing C (0.256917ms)
✔ direction, family and lifecycle have independent marker styles (0.582667ms)
✔ no-C dual-line remains a circle and fills only on first reverse-pen confirmation (0.777958ms)
✔ M1 is restricted to confirmed waves with a later actual confirmation (0.2385ms)
✔ four families retain independent records and nonstandard uses a triangle (0.221083ms)
✔ October 4 marker matrix uses shape for family and colour only for direction (0.132833ms)
✔ special AB evidence separates A line extrema from both price anchors and legacy pivots (0.133333ms)
✔ history is opt-in, inactive stays grey hollow, never creates M1 (0.115958ms)
✔ every historical shape uses a continuous hollow contour, including on hover (0.129333ms)
✔ new nonstandard evidence relaxes prices only and records each subtype (0.117416ms)
✔ new dual rule cannot fill without recorded later local confirmation (0.098458ms)
✔ historical engineering match retains original timing without claiming regrouping completion (0.911459ms)
✔ future, stale, mismatched or incomplete evidence fails closed (0.303417ms)
✔ older snapshots and unmatched parts keep existing natural audit available (0.070209ms)
✔ engineering provenance uses the same one-based numbering as other inspectors (0.5985ms)
✔ mixed recursion distinguishes consolidation and trend from the old trend view (0.131958ms)
✔ unknown or reversed provenance is not presented as a completed trend (0.067208ms)
✔ indicator and price values use two decimals without inventing missing evidence (0.071209ms)
✔ recursive centre relations never call extension candidates completed types (0.07725ms)
✔ admissions distinguish unit confirmation from later failed-return admission (0.054208ms)
✔ display fields retain all text including dates, provenance, and secondary colons (1.252167ms)
✔ narrative, missing evidence, and timestamp headings remain whole (0.107417ms)
✔ selects the exact source without replacing missing comparison periods with the primary (0.410292ms)
✔ prefix audit preserves original warmup snapshot and its own instrument and period (0.407041ms)
✔ rejects invalid positions, missing identity and explicitly unclosed prefix data (0.182208ms)
✔ optimization carries full execution and identity without live defaults (8.263417ms)
✔ malformed, mixed, missing or conflicting optimization context never silently defaults (0.838625ms)
✔ multi original replay preserves costs, slots and adjustment; extend changes only end dates (0.433291ms)
✔ multi rejects corrupt and incompatible slots without dropping or repairing any (0.46ms)
✔ legacy missing settings are disclosed with deterministic defaults, explicit invalid values rejected (0.165584ms)
✔ combining equal-account singles preserves per-slot cash and costs; conflicts rejected not rewritten (0.649959ms)
✔ all candidate states distinguish eligibility from completed natural types (1.662958ms)
✔ opposite geometry identifies reused next-part evidence, including nonzero source IDs (0.565ms)
✔ external opposite geometry is not added to candidate membership (0.099833ms)
✔ missing, stale, misattributed or future opposite geometry is not displayed as matched (0.137417ms)
✔ preferred endpoints are never called completed types; conflicts are retained (0.075875ms)
✔ opposite base turn is not same-level completion (0.091792ms)
✔ price formatting preserves zero and boundary contact, guards non-finite values (0.112792ms)
✔ candidate audit joins by identity, not response order (0.07875ms)
✔ part audit must match ordinal AND exact raw source IDs, including shifted IDs (0.135291ms)
✔ locates the three raw ranges without relabelling them as MACD or confirmed centres (0.953ms)
✔ candidate must already be observable at the CURRENT replay prefix (0.169834ms)
✔ no incomplete, waiting or unsupported candidate is given a fabricated range (0.095125ms)
✔ raw bar boundaries must be contiguous and inside the visible window (0.131125ms)
✔ source partitions must cover every original segment once, preserving nonzero IDs (0.123416ms)
✔ conflicting geometric fallback remains viewable for manual audit (0.816292ms)
✔ clearing a regrouping focus restores original zoom; a new replay snapshot does not (0.556375ms)
✔ membership labels distinguish source confirmation from later admission (1.091625ms)
✔ admission witness distinguishes confirmation dependency from geometric membership (0.123ms)
✔ old or malformed evidence never invents an admission witness (0.080167ms)
✔ real frozen result archives preserve every input, missing tag, precision and failed factor (15.063125ms)
✔ factor cloud envelope imports as independent copy without original identity (1.635417ms)
✔ partial or incompatible archives fail explicitly, not repaired from the current catalog (307.608458ms)
✔ read-only renderer has no execution or market API imports; explicit replay is separate (3.986084ms)
✔ same-account profile refresh preserves replay state; identity changes invalidate synchronously (1.08875ms)
✔ benchmark dependency uses declared input not a guessed name (0.495167ms)
✔ pool rejects mixed frozen index versions, allowing different stock calendars (2.470875ms)
✔ frozen exact pairing retains absent date and rejects silent fill or replacement (0.43725ms)
✔ failed auxiliary fetch must be explicitly recorded for both fields; legacy needs none (0.106708ms)
✔ UI exposes benchmark conditionally and invalidates both research paths (1.782584ms)
✔ evaluation keeps exact-search aliases until query-aware browsing (0.80625ms)
✔ library navigation and Chinese/identifier/family search preserve full matching set (0.178209ms)
✔ availability is evaluated by adjustment and period without mutating selections (0.160959ms)
✔ single and multi-track axes share compact large units and distinct small ticks (1.771333ms)
✔ correlation uses its mathematical range; raw factors keep their own scale (0.292125ms)
✔ tiny values remain visible and tooltip raw precision is not rounded (0.2005ms)
✔ percentage is presentation only, gaps and source values are preserved (2.012708ms)
✔ disabled combination does not add implicit weights; enabled selection is explicit (0.9275ms)
✔ actual Python report preserves the combination through export and read-only reopen (34.322583ms)
✔ incomplete or contradictory composition archive is rejected, never repaired (63.891167ms)
✔ horizon selection is bounded, canonical and never silently amended (0.845625ms)
✔ horizon view uses frozen results without changing configuration or primary report (11.195875ms)
✔ all horizons survive draft/export/import and old single archives still read (137.79425ms)
✔ missing windows, wrong labels and disagreement with primary reports fail closed (63.776ms)
✔ request selection invalidates immediately; display-only switching does not (6.031958ms)
✔ multiple horizons dispatch one explicitly manual request with complete selection (32.773709ms)
✔ dimensionless exponents are not presented as bar counts (0.495208ms)
✔ filtered sample windows are never labelled as calendar periods (0.298458ms)
✔ Alpha101 cross-library aliases normalize parameter keys and order (7.14725ms)
✔ Alpha101 curvature threshold identity and warmup are declared (0.213584ms)
✔ Alpha101 short custom mean still retains fixed price-lag dependency (3.8175ms)
✔ named GTJA dependency paths use maximum chain and all edited windows (1.649ms)
✔ GTJA compound windows and cross-library identical mean ratios are explicit (0.181791ms)
✔ parameter selection copies only active settings without mutating cached settings (0.142708ms)
✔ builtin decimal multiplier, ordering, effective identity and actual labels (0.156083ms)
✔ reset only one parameter, retain other overrides without mutating input (0.124583ms)
✔ history warning uses full effective warmup, not all parameters as rolling windows (0.12825ms)
✔ names and validation use actual windows; equivalent formula choices rejected (0.139833ms)
✔ recompute task request binds owner, source revision and manual intent; polling stays automatic (21.242667ms)
✔ history retains the complete recompute envelope, not just numerical results (17.277917ms)
✔ replay uses shared task invalidation and archive saving preserves replay metadata (2.207083ms)
✔ statistics version is frozen provenance, never inferred as the current version (2.274875ms)
✔ factor glossary accepts standard abbreviations with spaces or underscores (0.149792ms)
✔ factor missing values never become valid zero (0.47875ms)
✔ factor ranking is stable, non-mutating and missing-last in both directions (17.256125ms)
✔ small factor values do not round to fake zeros; raw precision keeps original number (0.100416ms)
✔ compatibility aliases are only shown for exact legacy lookup or active selection (0.098709ms)
✔ series automatic initialization is system intent, only deliberate task submission is a query (26.247917ms)
✔ saved series task reopens as series without lookup, all diagnostics and original inputs survive (4.373375ms)
✔ cleared series execution cannot publish an old stock result (0.209833ms)
✔ live series and history use shared tasks, invalidate on input/account/route and never treat as trading backtest (0.693042ms)
✔ late catalog never submits after unmount, input/account/tab changes, or manual run (0.193541ms)
✔ failed catalog does not silently start default research or publish after leaving (0.122125ms)
✔ favorite IDs are bounded, deduplicated and malformed saved preferences never get overwritten (6.090917ms)
✔ favorites use acknowledgment and only patch their own key; same-session writes serialize (0.49625ms)
✔ failed favorite updates do not pretend success and can retry (0.244209ms)
✔ other preference acknowledgment exposing pending patch cannot fake a saved favorite (0.197375ms)
✔ owner switch clears state immediately and old failure cannot affect new save (1.192833ms)
✔ series compare shares all x axes but preserves independent raw values, scales, gaps and tooltip precision (1.201584ms)
✔ future appending leaves prior plotted values unchanged, missing is never replaced by zero (0.172458ms)
✔ multi-factor comparison is reused in live and read-only views, favorites do not change research settings (1.967334ms)
✔ factor submission marks only explicit dispatch, preserves owner/signal, polling/cancel stay automatic (51.67775ms)
✔ cancel acknowledged during pending poll cannot regress UI or publish partial result (18.259ms)
✔ late cancellation cannot revive cleared or changed-account task UI (1.27225ms)
✔ unconfirmed cancellation keeps polling; successful task remains recoverable (0.581458ms)
✔ factor panel uses shared execution and distinguishes cancel from detach (0.315333ms)
✔ explicit stock-only finite latest selection; missing and fund/index stay unavailable (2.760417ms)
✔ origin and precision survive JSON and later group membership edits (2.687042ms)
✔ only explicit action writes owner assertion and source revision, never sends computed score (28.307125ms)
✔ late owner response rejected; permission denial and source mismatch not successful (0.595375ms)
✔ time modes construct explicit configs without random dates or implied training (2.214209ms)
✔ invalid dates, hidden shrinkage and numeric coercion are rejected (0.78475ms)
✔ full frozen time results survive import, draft and readonly validation unchanged (10.550459ms)
✔ missing, mismatched and nonfinite temporal archive results fail explicitly (21.41825ms)
✔ changes invalidate synchronously; same-account profile refresh does not change split (1.569ms)
✔ menus stay inside phone, keyboard and landscape viewports (1.270334ms)
✔ near-bottom controls open upwards without changing ordinary desktop width (0.204625ms)
✔ warmup null, missing and invalid indicator values never become invented zeroes (0.87375ms)
✔ freeze all supported indicator outputs, warmup holes, volume averages and exact numerical precision (15.546834ms)
✔ frozen playback keeps captured values despite different current prices and never queries APIs (0.676666ms)
✔ malformed or mismatched frozen values fail closed, never fall back to recomputation (1.56125ms)
✔ marker hit uses signed stacking offset for both directions, not candle position (0.42225ms)
✔ symbol size and invalid render positions are handled safely (0.080417ms)
✔ market tab changes discard old success and cannot stop the new spinner (221.403792ms)
✔ market late failure after filter cannot resurrect an error (27.409917ms)
✔ market late failure after owner cannot resurrect an error (15.593708ms)
✔ market late failure after unmount cannot resurrect an error (74.602375ms)
✔ directory count failure preserves valid rows; late totals cannot cross markets (27.807917ms)
✔ board selection clears old details and ignores slower preceding member responses (46.261792ms)
✔ board list filter changes invalidate pending member requests and prevent old auto-selection (19.335208ms)
✔ default board preload remains system-origin after manual list refresh (11.57225ms)
✔ belonging response after stock cannot change results or stock history (27.982917ms)
✔ belonging response after owner cannot change results or stock history (27.909125ms)
✔ belonging response after unmount cannot change results or stock history (10.006167ms)
✔ current belonging success records captured stock; concurrent member failure has separate feedback (10.847291ms)
✔ market selection uses loaded market, clears on filters, and distinguishes shared stock/index codes (19.232333ms)
✔ board analysis uses result classification; members require their own market (91.553125ms)
✔ aborted late response cannot publish metadata even if transport ignores abort (16.837667ms)
✔ missing provenance or silently changed adjustment never reaches research (0.140042ms)
✔ reported gaps do not falsely label suspension or prevent inspecting valid candles (0.104709ms)
✔ history fetch consumes one verified range and publishes complete metadata only after validation (3.354167ms)
✔ unclosed response never updates provenance or reaches the backtest (0.2765ms)
✔ null, true zero, infinities and real 999 are distinct after JSON roundtrip (0.460625ms)
✔ single, saved and comparison results retain authoritative metric basis (0.431416ms)
✔ whole proof validated without mutation, and cross-role ownership remains visible (3.555208ms)
✔ stale, future, duplicated, incomplete, falsely completed and mismatched sources rejected (0.785875ms)
✔ base runs cannot masquerade as proofs or own multiple provisional regions (4.173291ms)
✔ blocked covers show full conflicts, never fabricated flattened blocks (0.317291ms)
✔ labels retain provisional scope (0.187542ms)
✔ all seven MA presets are available but only MA5 and MA10 start visible (1.90525ms)
✔ each chart session gets independent editable settings without changing presets (0.235333ms)
✔ MA presets retain the requested yellow, white, purple, green, cyan, orange, red palette (0.127833ms)
✔ legend retains every MA choice and explicit hidden states override stale chart selection (0.122542ms)
✔ cross-boundary details resolve actual input and nested ownership records (5.345041ms)
✔ unowned reverse evidence stays explicitly unowned for boundary rejection (1.217042ms)
✔ foreign witness can be shown for an otherwise single-owner candidate (0.287375ms)
✔ legacy candidates do not invent missing conflict details (1.006708ms)
✔ damaged detail is not presented: mismatched candidate sources (0.384583ms)
✔ damaged detail is not presented: wrong layer (0.163292ms)
✔ damaged detail is not presented: unknown reverse input (3.960875ms)
✔ damaged detail is not presented: wrong reverse range (0.78325ms)
✔ damaged detail is not presented: reverse overlaps prices (0.085ms)
✔ damaged detail is not presented: future reverse confirmation (0.114542ms)
✔ damaged detail is not presented: wrong reverse time (0.064ms)
✔ damaged detail is not presented: incomplete domain list (0.0675ms)
✔ damaged detail is not presented: duplicate domains (0.0525ms)
✔ damaged detail is not presented: noncontinuous domain (0.040167ms)
✔ damaged detail is not presented: foreign domain misses witness (0.044167ms)
✔ damaged detail is not presented: false unowned witness (0.046083ms)
✔ damaged detail is not presented: missing nested record (0.054166ms)
✔ damaged detail is not presented: wrong reason (0.05275ms)
✔ only current owner revisions form the displayed ownership set (0.7655ms)
✔ internal provenance remains distinct and validates enclosing ownership (0.318458ms)
✔ parent-covered history is not labeled as an additional effective input (0.070083ms)
✔ nested provenance validates containment and strictly increasing input levels (0.169209ms)
✔ current owner labels are distinct from creation IDs and tolerate old snapshots (0.092458ms)
✔ summary mode lists every historical address, not just current versions (1.085791ms)
✔ full and missing legacy snapshots stay readable without inventing history (0.092667ms)
✔ all four analysis paths explicitly request summary delivery without changing input (0.516625ms)
✔ complete lifecycle stays chronological, does not mutate input, and uses Chinese labels (1.254375ms)
✔ legacy or future history is not invented (0.116541ms)
✔ dangling, reordered, duplicated, miscounted and conflicting histories fail closed (1.276958ms)
✔ equal counts cannot hide swapped source identities (0.074375ms)
✔ intermediate event boundaries must equal actual inherited and added sources (0.064417ms)
✔ input evidence must exist at the correct level and be available at admission (0.174833ms)
✔ invalid domain sources, membership and parent context fail closed (0.153583ms)
✔ leftward growth, shifted sources and newly filled merge gaps remain valid (0.138792ms)
✔ both periods exclude future and open candles while retaining original warm-up start (1.079084ms)
✔ snapshot observation time caps cutoff; bar start before cutoff is not enough (0.096917ms)
✔ no timeframe fallback or fabricated candles when historical minute range is unavailable (0.089459ms)
✔ index and board snapshots retain NONE adjustment, mismatch is rejected (0.223459ms)
✔ missing completion evidence, timezone timestamps and unordered bars fail explicitly (0.143708ms)
✔ week/month completion boundary comes from provider annotation, not day label (0.100375ms)
✔ matrix defaults to five requested periods and includes separate buy/sell evidence column (0.969958ms)
✔ does not turn current reversal observation into a confirmed opposite pen (3.618ms)
✔ keeps true zero distinct from missing, and numerical display never overwrites original axis judgment (2.516042ms)
✔ keeps divergence family, extrema and actual confirmation separate; never drops records (12.771208ms)
✔ missing pen and divergence are bounded claims; quality limitations stay visible (0.172083ms)
✔ buy/sell evidence distinguishes missing old archives, no points, structure and M1 (0.1995ms)
✔ portfolio: all original values survive import and cloud envelope; no Chanlun recompute (11.004583ms)
✔ portfolio: actual component fetches only explicitly, binds owner/request/result and freezes capture (46.061209ms)
✔ portfolio: late receipt discarded after owner (1.094375ms)
✔ portfolio: late receipt discarded after request (0.955625ms)
✔ portfolio: late receipt discarded after task (0.764166ms)
✔ portfolio: late receipt discarded after result (0.801416ms)
✔ portfolio: late receipt discarded after busy (0.748167ms)
✔ portfolio: late receipt discarded after unmount (0.695834ms)
✔ portfolio: invalid missing rejected (0.172959ms)
✔ portfolio: invalid allocation rejected (0.344375ms)
✔ portfolio: invalid metadata rejected (0.512666ms)
✔ portfolio: invalid date rejected (0.338042ms)
✔ portfolio: invalid precision rejected (0.518958ms)
✔ portfolio: invalid curve rejected (0.20625ms)
✔ portfolio: invalid request rejected (0.102125ms)
✔ portfolio: invalid trade rejected (0.127542ms)
✔ portfolio: unavailable or different task never falls back to fetching data (2.837709ms)
✔ multi_strategy: all original values survive import and cloud envelope; no Chanlun recompute (0.962541ms)
✔ multi_strategy: actual component fetches only explicitly, binds owner/request/result and freezes capture (1.837334ms)
✔ multi_strategy: late receipt discarded after owner (2.132541ms)
✔ multi_strategy: late receipt discarded after request (1.559792ms)
✔ multi_strategy: late receipt discarded after task (2.1335ms)
✔ multi_strategy: late receipt discarded after result (1.972917ms)
✔ multi_strategy: late receipt discarded after busy (1.978625ms)
✔ multi_strategy: late receipt discarded after unmount (2.095292ms)
✔ multi_strategy: invalid missing rejected (0.360708ms)
✔ multi_strategy: invalid allocation rejected (0.481459ms)
✔ multi_strategy: invalid metadata rejected (0.381583ms)
✔ multi_strategy: invalid date rejected (0.226125ms)
✔ multi_strategy: invalid precision rejected (0.396791ms)
✔ multi_strategy: invalid curve rejected (0.20775ms)
✔ multi_strategy: invalid request rejected (0.112791ms)
✔ multi_strategy: invalid trade rejected (0.138083ms)
✔ multi_strategy: unavailable or different task never falls back to fetching data (2.160916ms)
✔ normalized server defaults may extend but not alter submitted parameters (0.069708ms)
✔ library original/extended multi replay uses saved costs despite global preference changes (220.263917ms)
✔ portfolio load -> actual store task lifecycle -> save uses identical context and all costs (116.572125ms)
✔ portfolio catalog-stage input is isolated before saved fetch (77.265875ms)
✔ portfolio catalog-stage params is isolated before saved fetch (120.151208ms)
✔ portfolio catalog-stage owner is isolated before saved fetch (70.108625ms)
✔ portfolio catalog-stage failure is isolated before saved fetch (16.505042ms)
✔ portfolio catalog-stage empty is isolated before saved fetch (32.387125ms)
✔ pending portfolio cannot survive input (68.806958ms)
✔ pending portfolio cannot survive owner (75.361792ms)
✔ pending portfolio cannot survive unmount (41.28175ms)
✔ store account epoch clears completed results in all four task families (43.660542ms)
✔ runPortfolio old account error is ignored even after switching back (37.727083ms)
✔ runMultiStrategy old account error is ignored even after switching back (34.770084ms)
✔ runOptimize old account error is ignored even after switching back (19.269084ms)
✔ runOptimizeAll old account error is ignored even after switching back (22.587084ms)
✔ optimizer takes an input snapshot before awaiting bars and hands off the result strategy/adjustment (29.063416ms)
✔ portfolio late save cannot close or annotate newly changed configuration (15.396583ms)
✔ library name lookup cannot mix later input or account into a save (72.940958ms)
✔ library saves a multi result with submitted adjustment, not the later global preference (18.487667ms)
✔ late library list cannot replace a newly created record and owner change clears all personal rows (17.52125ms)
✔ portfolio identity rejects mixed markets, repeats and invalid lengths (0.24475ms)
✔ late preference response cannot revert a newer adjustment; queued patch is captured (196.242166ms)
✔ account switch drops old queue, permits new account immediately and ignores late response (28.350416ms)
✔ same-account logout/login does not accept response from prior session epoch (35.609292ms)
✔ failed saves reject caller, do not wedge queue or restore stale role permissions (25.247666ms)
✔ mismatched response owner and logged-out saves are rejected (7.050209ms)
✔ market preference watcher survives the first route unmount and follows owner changes (8.519417ms)
✔ tracking ownership watcher survives route scope disposal and clears on revocation or logout (157.820125ms)
✔ late name hydration cannot write across accounts; new owner hydrates independently (21.195333ms)
✔ sidebar hydration never writes, old-owner timers cancel, failures are handled (214.057416ms)
✔ forming candles preserve OHLC and use dashed empty outlines (0.431458ms)
✔ forming volume and signed MACD columns preserve values and direction (0.096167ms)
✔ query defaults to system, manual intent is synchronous and explicit (0.518167ms)
✔ direct bar snapshot fetch preserves explicit intent, including failed requests (20.741792ms)
✔ pending manual requests do not mark concurrent automatic work or async continuations (0.20475ms)
✔ API dispatch tags manual queries but excludes automatic name lookup and task polling (8.311958ms)
✔ save keeps original full input separate from replay prefix, fully detached from live state (4.455959ms)
✔ same-bar opposite signals remain distinct; source survives JSON import without task or network (1.226208ms)
✔ recompute uses only saved chart prefix, keeps original scan signals and version unchanged (1.272292ms)
✔ reject wrong target before saving; never silently drop invalid lineage (0.4545ms)
✔ reject board target before saving; never silently drop invalid lineage (0.268458ms)
✔ reject wrong market before saving; never silently drop invalid lineage (0.251541ms)
✔ reject reference before saving; never silently drop invalid lineage (0.134334ms)
✔ reject invalid date type before saving; never silently drop invalid lineage (0.122209ms)
✔ reject noncanonical cutoff before saving; never silently drop invalid lineage (0.13925ms)
✔ reject row summary before saving; never silently drop invalid lineage (0.273292ms)
✔ reject row last date before saving; never silently drop invalid lineage (0.211917ms)
✔ reject outside signal window before saving; never silently drop invalid lineage (0.597708ms)
✔ reject row source before saving; never silently drop invalid lineage (0.239791ms)
✔ reject row requested adjust before saving; never silently drop invalid lineage (0.203958ms)
✔ reject row quality before saving; never silently drop invalid lineage (0.212292ms)
✔ reject open candle before saving; never silently drop invalid lineage (0.858708ms)
✔ reject unsupported storage before saving; never silently drop invalid lineage (0.116875ms)
✔ legacy snapshot without original input still opens without invented source (0.110916ms)
✔ original task references round-trip and legacy references remain distinguishable (1.100875ms)
✔ cache receipt must be a real ID string, never coerced or inherited from another owner (0.324333ms)
✔ all frozen bars and precision survive; changed code is disclosed, not represented as old execution (0.592084ms)
✔ invalid original receipt task stops instead of substituting live data (0.151708ms)
✔ invalid original receipt row stops instead of substituting live data (0.072792ms)
✔ invalid original receipt market stops instead of substituting live data (0.06475ms)
✔ invalid original receipt symbol stops instead of substituting live data (0.069041ms)
✔ invalid original receipt params stops instead of substituting live data (0.073209ms)
✔ invalid original receipt strategy stops instead of substituting live data (0.084708ms)
✔ invalid original receipt fingerprint stops instead of substituting live data (0.113209ms)
✔ invalid original receipt adjust stops instead of substituting live data (0.073209ms)
✔ invalid original receipt signal stops instead of substituting live data (0.079542ms)
✔ invalid original receipt malformed signals stops instead of substituting live data (0.05475ms)
✔ invalid original receipt row error stops instead of substituting live data (0.052458ms)
✔ invalid original receipt storage stops instead of substituting live data (0.0565ms)
✔ invalid original receipt version stops instead of substituting live data (0.053125ms)
✔ invalid original receipt missing bars stops instead of substituting live data (0.080958ms)
✔ invalid original receipt null bar stops instead of substituting live data (0.060125ms)
✔ invalid original receipt order stops instead of substituting live data (0.061875ms)
✔ invalid original receipt open bar stops instead of substituting live data (0.050584ms)
✔ invalid original receipt future stops instead of substituting live data (0.058542ms)
✔ invalid original receipt negative duration stops instead of substituting live data (0.056334ms)
✔ invalid original receipt missing cutoff stops instead of substituting live data (0.036ms)
✔ invalid original receipt number string stops instead of substituting live data (0.135666ms)
✔ invalid original receipt NaN stops instead of substituting live data (0.18475ms)
✔ invalid original receipt bad low stops instead of substituting live data (0.161666ms)
✔ invalid original receipt negative volume stops instead of substituting live data (0.07775ms)
✔ API sends owner and abort signal with no-store; unavailable receipt never calls a live feed (21.175916ms)
✔ radar submits captured owner with manual intent, polls as system, and preserves old cache adjustment (33.867625ms)
✔ late submit after adjust cannot become a scan result or cache (8.615042ms)
✔ late submit after window cannot become a scan result or cache (2.255708ms)
✔ late submit after owner cannot become a scan result or cache (1.957042ms)
✔ late submit after roundtrip cannot become a scan result or cache (3.359708ms)
✔ late submit after unmount cannot become a scan result or cache (1.226125ms)
✔ late poll after adjust cannot become a scan result or cache (2.167833ms)
✔ late poll after window cannot become a scan result or cache (3.744375ms)
✔ late poll after owner cannot become a scan result or cache (1.329625ms)
✔ late poll after roundtrip cannot become a scan result or cache (2.06525ms)
✔ late poll after unmount cannot become a scan result or cache (1.905125ms)
✔ a failed new scan cannot re-display or replace old success; explicit retry is independent (1.496209ms)
✔ invalid result rows is never cached (0.629208ms)
✔ invalid result counts is never cached (0.496333ms)
✔ invalid result id is never cached (0.450875ms)
✔ storage denial preserves valid live results with an explicit notice (0.518292ms)
✔ actual picker loads the original complete warmup and stores actual dates, not form defaults (3.416167ms)
✔ failed original input does not fall back to newly fetched prices (0.782333ms)
✔ pending original input cannot commit after owner (15.602334ms)
✔ pending original input cannot commit after code (5.874083ms)
✔ pending original input cannot commit after unmount (4.226459ms)
✔ radar review captures row adjustment, exact minute, strategy and original cutoff (0.900875ms)
✔ invalid or legacy reviews fail explicitly without guessing data or adjustment (0.428666ms)
✔ exchange-local dates validate without browser timezone conversion (0.081417ms)
✔ review excludes future and unclosed bars, resets derived fingerprint and reports actual range without mutating source (2.762042ms)
✔ radar cache is owner scoped and malformed/legacy records never enter the UI (1.473166ms)
✔ late messages, close and errors from an old socket cannot affect replacement (1.919583ms)
✔ invalid messages and control responses never become ticks; close reason retained (0.195875ms)
✔ matching versions are selected by case identity without mutation (0.890583ms)
✔ future snapshots, wrong rules, incomplete chains and duplicate cases are rejected (0.215833ms)
✔ labels never confuse endpoint consistency or higher-centre proof with completion (0.139125ms)
✔ v2 keeps the detached prefix and v1 remains readable (0.298375ms)
✔ v3 supports trend search while retaining the same ownership guards (0.113125ms)
✔ missing, duplicated, misattributed or silently completed prefix is rejected (0.323834ms)
✔ reincorporation is recorded explicitly instead of erasing detached history (0.727708ms)
✔ accepts bounded history and empty verified batches (0.542375ms)
✔ rejects wrong batch, future indices, broken sources and contradictory state (0.229667ms)
✔ research labels distinguish absence, release, retained and internal (0.080292ms)
✔ late old responses cannot own a newer research request (0.45875ms)
✔ submission fields are captured values, not mutable form references (0.411041ms)
✔ navigation preserves explicit stock/index/fund/board identity and parameters without auto run (1.473083ms)
✔ ambiguous identity is rejected rather than guessed or numeric code padded (0.11375ms)
✔ query parser rejects incomplete, duplicate, incompatible and mixed-context values (1.000792ms)
✔ snapshot import keeps original data and normalizes optional display metadata (1.609292ms)
✔ reject invalid schema, periods, oversized arrays and impossible candle prices (0.36375ms)
✔ cloud archives retain larger frozen windows and all supported distinct periods (9.282917ms)
✔ import keeps valid frozen outputs and rejects mismatched frozen data instead of recomputing (0.977417ms)
✔ window is exchange local and bounded by the snapshot cutoff (0.474334ms)
✔ missing numbers and candidate status are never promoted (0.197542ms)
✔ amber projection resolves daily and minute labels, ignores open candle (0.319875ms)
✔ three workspaces are keyboard traversable without dropping an existing mode (1.91ms)
✔ mobile comparison shows exactly the selected snapshot; desktop shows both (0.468292ms)
✔ inactive research never starts automatic work, valid active research does (0.111625ms)
✔ saved single strategy restores market, period, adjustment and all execution costs exactly (3.467375ms)
✔ missing legacy fields disclose supplied defaults instead of claiming complete restoration (0.382166ms)
✔ explicit contradictory market and unsupported instruments are not silently rewritten (1.655708ms)
✔ invalid present fields are errors, not fallback defaults (0.844625ms)
✔ saved links identify records only and cannot inject alternate execution context (0.200708ms)
✔ market entry preserves local dates and strategy, runs only on explicit request (8.9875ms)
✔ boards entry preserves local dates and strategy, runs only on explicit request (2.859625ms)
✔ mixed market context blocks all loading and computation: savedStrategyId (1.127459ms)
✔ mixed market context blocks all loading and computation: optimizationContext (0.985ms)
✔ mixed market context blocks all loading and computation: autoRun (1.132459ms)
✔ mixed market context blocks all loading and computation: unexpected (1.106667ms)
✔ slow catalog cannot overwrite input with a market entry (16.532417ms)
✔ slow catalog cannot overwrite owner with a market entry (9.397209ms)
✔ catalog-stage input cannot restore saved inputs or dispatch a task (9.336667ms)
✔ catalog-stage params cannot restore saved inputs or dispatch a task (2.180625ms)
✔ catalog-stage owner cannot restore saved inputs or dispatch a task (1.734167ms)
✔ catalog-stage failure cannot restore saved inputs or dispatch a task (2.50675ms)
✔ optimization context restores every execution field and malformed context blocks dispatch (1.410916ms)
✔ actual backtest view loads exact saved context without running, then saves the configuration used (1.159125ms)
✔ saving original radar warmup uses loaded input dates, not hidden form defaults (1.104541ms)
✔ late saved record cannot overwrite owner (1.353375ms)
✔ late saved record cannot overwrite route (1.574ms)
✔ late saved record cannot overwrite input (2.844542ms)
✔ late saved record cannot overwrite unmount (1.476041ms)
✔ invalid saved context blocks run, while legacy missing fields disclose fallback (12.370708ms)
✔ every execution input invalidates the old result before it can be saved (14.098584ms)
✔ editing a cost while bars are pending never runs the new form on the old request (0.930083ms)
✔ save completion after owner cannot write into a different page or account (1.003917ms)
✔ save completion after route cannot write into a different page or account (0.986791ms)
✔ save completion after unmount cannot write into a different page or account (1.578083ms)
✔ audit description translates permissions and never renders arbitrary detail fields (0.46925ms)
✔ audit time is explicitly Shanghai time and invalid data remains readable (39.603208ms)
✔ audit API preserves bounded pagination/filter state and authenticated credentials (14.436125ms)
✔ distinguishes no candidate, failed current audit, and actual invalidation without promoting legacy state (1.021541ms)
✔ filters independent families and directions without merging special and local dual-line evidence (2.565042ms)
✔ searches lifecycle dates and failure reasons with all terms required, retaining original source objects (0.129417ms)
✔ searches diagnostic rejection history without silently reviving historical candidates (0.646833ms)
✔ all excludes bc false, preserves input order and records, and does not infer missing direction (0.145209ms)
✔ legacy diagnostic family is standard, and empty diagnostics do not invent rejection records (0.106083ms)
✔ structural points retain their own confirmation and evidence, never deriving them from a MACD source (0.716583ms)
✔ M1 uses exact existing gates and remains a separate view of its original standard event (0.453959ms)
✔ combined date query finds independent point, prompt and event records without deduplication or additive counts (0.1405ms)
✔ chart date matches structured lifecycle timestamps, not coincidental prose dates (0.264125ms)
✔ minute evidence uses exact exchange-local minute, accepting T/space and refusing missing time (0.099917ms)
✔ chart date includes diagnostic ABC and rejection coverage without inventing open or reversed intervals (0.21475ms)
✔ date scope combines with all filters for structural points and original M1 sources (0.095459ms)
✔ new standard evidence explains price, old blocker and independent special lifecycle (1.215083ms)
✔ new gates include counts, boundary and dates without undefined placeholder (0.246667ms)
✔ legacy comparisons retain old detected confirmed and invalidated dates (0.174791ms)
✔ initial schema and refreshed catalog preserve supplied parameters; strategy change alone resets (2.758208ms)
✔ late catalog defaults are suspended until route validation and then fill only missing fields (2.61725ms)
✔ structure dates remove midnight noise without changing intraday precision (0.475666ms)
✔ centre evidence distinguishes fixed core, outer range and candidate expansion (0.63375ms)
✔ segment evidence includes source prices and reverse proof with one-based labels (0.17375ms)
✔ missing legacy evidence does not invent confirmation (0.102417ms)
✔ special inclusion explains boundary exception without labelling it an ordinary fractal (0.065667ms)
✔ centre relation history distinguishes current candidate from original separation (0.096167ms)
✔ confirmation replay translates raw indices without date matching (0.068834ms)
✔ unknown, invalid or out-of-snapshot confirmations have no replay target (0.075542ms)
✔ connection badge validates shared time, price and alternating direction (0.108875ms)
✔ reverse preview uses observed extreme, not last close or a future target (2.205375ms)
✔ mirrored lows produce an upward reference (0.231458ms)
✔ no invented reference for missing, ambiguous, extending, or invalid inputs (0.227208ms)
✔ replay prefix cannot use a later extreme; ties retain first occurrence (0.211458ms)
✔ ongoing consolidation differs by color, line pattern, and fill (0.312167ms)
✔ defaults and bounded settings never expose strict price overrides (1.013042ms)
✔ evidence replay uses its own frozen period settings (0.099375ms)
✔ settings disclosure is closed by default and reuses existing controls (1.221834ms)
✔ actual component captures every selected period and failure; automatic work stays system-origin (19.362459ms)
✔ all collection failures are exportable reports, never empty success or recomputable invented bars (1.59875ms)
✔ missing response rows are retained as explicit errors; unexpected rows or cutoff cannot enter a saved result (3.3905ms)
✔ late study response cannot be saved after account (0.999959ms)
✔ late study response cannot be saved after input (1.310791ms)
✔ late study response cannot be saved after unmount (0.902ms)
✔ invalid collection coverage cannot silently omit a period during import (2.508209ms)
✔ actual study freezes independent radar lineage, preserves it through import and recompute, and refuses foreign source (3.41275ms)
✔ task stores detached actual inputs, user submission and system polling (2.261583ms)
✔ invalidated submit resolve cannot revive result/error/spinner (2.187709ms)
✔ invalidated submit reject cannot revive result/error/spinner (0.493625ms)
✔ invalidated poll resolve cannot revive result/error/spinner (0.937333ms)
✔ invalidated poll reject cannot revive result/error/spinner (0.909208ms)
✔ earlier request completion cannot stop a newer task or replace its context (1.045167ms)
✔ owner change stops polling and cannot attribute prior account result to the new account (0.785125ms)
✔ failed remains failure, never successful completion (0.53175ms)
✔ cancelled remains failure, never successful completion (0.268625ms)
✔ timed_out remains failure, never successful completion (0.375333ms)
✔ cancelling is not completed; wrong ID, malformed result and unknown status fail closed (1.790458ms)
✔ deadline aborts polling and explicitly says the server may still be running (16.722292ms)
✔ task API sends captured owner and abort signal; old callers remain compatible (18.325208ms)
✔ progress is bounded, readable work units rather than inferred total percent (0.787541ms)
✔ factor result review freezes complete task data without lookup or recomputation (90.833ms)
✔ completed phase never publishes result while task is still running (19.937291ms)
✔ untrusted progress cannot be used to publish an apparently completed task (5.006125ms)
✔ historical review uses owner-bound read-only fetch and account invalidation (0.956125ms)
✔ task list rejects malformed responses instead of replacing records with undefined (16.833042ms)
✔ cancelling is not terminal and elapsed values remain readable (0.161458ms)
✔ runBacktestWithPolling waits through cancelling and returns cancelled (3.393375ms)
✔ runBacktestWithPolling waits through cancelling and returns timed_out (2.330666ms)
✔ runSignalScanWithPolling waits through cancelling and returns cancelled (2.15275ms)
✔ runSignalScanWithPolling waits through cancelling and returns timed_out (2.872875ms)
✔ cancel API uses POST, and partial cancelled scan results are never accepted (0.294875ms)
✔ persistent recovery and version mismatch are distinct from completion (0.269208ms)
✔ terminal task deletion handles empty 204 and encodes identity (0.128166ms)
✔ checkpoint presence is not confused with verified reuse or task completion (0.28725ms)
✔ cached completed submission is retrieved rather than shown as running (0.154958ms)
✔ network failures are localized across WebKit, Chromium and Firefox (0.156708ms)
✔ tracking archive preserves raw input, precision, rules and can import read-only (11.072917ms)
✔ missing raw input (1.139792ms)
✔ wrong adjustment (0.321459ms)
✔ wrong period (0.1235ms)
✔ duplicate target (0.110959ms)
✔ false success (0.099542ms)
✔ unknown state (0.067833ms)
✔ cancelled empty expansion and partially completed batches retain actual states (0.109125ms)
✔ failed upload retries same identity and frozen payload, independent new batch gets a new identity (27.97125ms)
✔ late previous-owner save is discarded and never retried as the next account (0.375542ms)
✔ non-finite result stays unsaved rather than converting to null (1.602792ms)
✔ empty selections include every row, including incomplete results (1.03975ms)
✔ same period/column selections are OR, other columns and periods are AND (0.380709ms)
✔ total selection does not bypass other criteria; missing periods never count as neutral signals (0.155375ms)
✔ toggle/removal preserves all other selections and never mutates input (0.711458ms)
✔ status selection uses OR with empty meaning all; can combine with breadth (0.111459ms)
✔ route consumer can unmount and remount while the one sequential analysis continues (4.102917ms)
✔ explicit stop retains completed rows and marks running/unstarted rows cancelled (0.323833ms)
✔ owner change or revoked access clears results and rejects late old publications (0.268458ms)
✔ background completion includes per-target failure and expansion failure without false success (0.27025ms)
✔ cancel during board expansion cannot publish late entries (0.190959ms)
✔ tracking transport binds owner, stops on permission failure and does not relabel name/market requests (36.527167ms)
✔ late auth error on an already-cancelled old transport never stops the next job (0.319875ms)
✔ route delegates lifetime and owns bounded vertical scrolling; application binds ownership (0.695209ms)
✔ finished batches emit independent history even without a route consumer (0.630708ms)
✔ tracking identity separates asset types, exchanges and board catalogues (0.734916ms)
✔ cloud book validates without silently dropping corrupt groups or duplicate entries (0.612333ms)
✔ expansion preserves every member and all board/direct sources, not a 200-row display page (1.819042ms)
✔ membership failure is explicit and malformed partial membership is never accepted (0.267917ms)
✔ batch runs sequentially, keeps partial errors and continues after a failed target (14.915125ms)
✔ cancellation marks in-flight and unstarted rows, ignoring a late success (0.188375ms)
✔ group breadth counts only available periods, never treats failed targets as neutral evidence (0.229792ms)
✔ every clickable breadth count equals matching target count; periods and point families stay independent (0.816625ms)
✔ exact current revision accepts only its own evidence without mutation (1.088667ms)
✔ old partition, stale version, future evidence and false completion are rejected (0.2585ms)
✔ historical audit cannot import a later opposite segment (0.079584ms)
✔ empty partitions and higher-proof priority retain explicit blockers (0.070416ms)
✔ new blockers use Chinese labels without calling prerequisites completion (0.137916ms)
✔ missing comparison interval is explained in Chinese without inventing a date (0.615583ms)
✔ special diagnostics identify each A indicator witness rather than the price witness (0.183083ms)
✔ nonstandard DEA axis gate remains explicit without an improvement requirement (0.139959ms)
✔ DEA tolerance discloses research threshold, precise deviation and near-zero fallback (0.886167ms)
✔ wave evidence separates effective A from original wave and local pivots (0.46125ms)
✔ rounded equal line extrema disclose the precise failed values and witness times (0.1405ms)
✔ comparisons are explicitly research only and preserve B/C axis checks (0.113833ms)
✔ unformed candidate shows Chinese gates, two-decimal values and rejection dates (0.111875ms)
✔ new nonstandard audit explicitly uses full A and first-formed reverse evidence explains gaps (0.115958ms)
ℹ tests 680
ℹ suites 0
ℹ pass 680
ℹ fail 0
ℹ cancelled 0
ℹ skipped 0
ℹ todo 0
ℹ duration_ms 8366.378541
→ 打包中…
→ 运行测试…
京东方评级: D 分数: 34.3
维度明细: 卡玛比率=22.7, 最大回撤=27.5, 胜率=33.5, 利润因子=34.1, 夏普比率=41.5, 波动率=50.1
否决: 利润因子 1.11 接近 1，仅勉强盈亏平衡
长线优质策略评级: B 分数: 64.5
维度权重: 卡玛比率=28%, 最大回撤=26%, 胜率=0%, 利润因子=0%, 夏普比率=23%, 波动率=23%
优质案例评级: A 分数: 83.9
寻优点评级: A 74
组合重算指标: { '年化': '20.83%', '回撤': '0.80%', '夏普': '5.27', '卡玛': '26.03' }
稳定上涨组合评级: S 91.8
波动组合重算: { '回撤': '44.15%', '夏普': '-2.64', '持续': 60 }
波动组合评级: D 18.5
✔ 新版组合评级使用后端采样，不按图表柱数重新日线年化 (1.344ms)
✔ 必要风险指标缺失不能展示为零风险或正常评级 (0.280083ms)
✔ 无穷比率不等于满分，真实零利润因子仍按亏损判断 (0.136459ms)
✔ 京东方回测必须评为 D 档（用户核心诉求验证点） (0.472ms)
✔ 京东方评分应在 30-43 区间（C 与 D 的边界） (0.105916ms)
✔ 低利润因子触发系统亏损否决 (0.072125ms)
✔ 样本不足（< 10 笔交易）降权但不否决整个评级 (0.131417ms)
✔ 用户实测场景：6年6笔交易 + 高夏普 → 应得 A/B（核心回归测试） (0.137541ms)
✔ 深回撤 > 60% 触发直接 D 否决 (0.110875ms)
✔ 优质回测应得 A 或 S 档 (0.148834ms)
✔ 高回撤但收益高 → 最高 B（一票否决 cap） (0.078375ms)
✔ 插值函数：边界值取端点分数 (0.060166ms)
✔ 插值函数：中间值线性插值 (0.050125ms)
✔ 寻优评级：4 维度降级版 (0.086208ms)
✔ 寻优评级：网格点交易太少 → 降权但评级照常 (0.069334ms)
✔ 组合评级：稳定上涨净值应得 A 或 S (1.627583ms)
✔ 组合评级：高波动深回撤净值 → 低档 (0.548375ms)
✔ combinedMetrics：单点净值返回全 0（兜底） (0.050625ms)
✔ 历史组合仅保留原值，不从曲线推断日线或重算评级 (0.454625ms)
✔ v1-v4、未知版本及不完整依据不伪装为新版结果 (0.5395ms)
✔ 新版结果使用已记录指标，真实 999 和零不被当作历史哨兵 (0.070958ms)
✔ 指标状态缺失或与数值冲突不能产出评级，包括被降权维度 (0.093333ms)
✔ 低交易样本的真实不可用逐笔指标仍可降权，不误拦截可用净值评级 (0.081208ms)
✔ 寻优逐行核验新版采样与候选状态，输入范围不替代候选证据 (0.104166ms)
✔ 完整快照保留精度、真实 0/999、全部指标及版本且不关联可变输入 (0.6195ms)
✔ 策略保存接受真实 Vue 响应式结果，不因 Proxy 无法 structuredClone 而失败 (0.527ms)
✔ 再次保存历史指标不补造新版计算或评级依据 (0.100292ms)
✔ 对比展示原值并指出版本、周期、范围与利率差异，不自动重算 (0.228083ms)
ℹ tests 28
ℹ suites 0
ℹ pass 28
ℹ fail 0
ℹ cancelled 0
ℹ skipped 0
ℹ todo 0
ℹ duration_ms 89.375042
