
> web-ui@0.0.0 test
> node scripts/run-tests.mjs

✔ tracking is restricted to active administrators and explicitly authorized users (1.492209ms)
✔ presence requires visible focused recent interaction and never negative elapsed time (0.605583ms)
✔ admin query descriptions label metadata and disclose truncated targets (3.197333ms)
✔ code labels use market-qualified identities and visible missing-name fallback (0.404959ms)
✔ name hydration is automatic, market-separated, bounded, and abort-aware (43.191958ms)
✔ all current chart inspector evidence stays readable without altering original nested data (19.287333ms)
✔ reject malformed fields reachable from overlays, popovers and every inspector section with exact paths (27.377917ms)
✔ optional old fields and empty failure checkpoints remain readable, no missing-state invention (0.133042ms)
✔ archive calendar validation rejects normalized impossible dates and illegal clock/offset values (11.909167ms)
✔ bar validation compares actual instants, retains raw strings, rejects equal instants and malformed volume (0.374834ms)
✔ existing frozen matrix bar sources remain readable without mutation (35.470334ms)
✔ event lists and evidence-set reordering never imply new or changed signals; originals remain intact (11.647917ms)
✔ state, lifecycle times and unrounded evidence are classified separately on the same identity (0.700917ms)
✔ same date across families and sides remains independent; true event additions/removals are distinct (0.393417ms)
✔ duplicate identities preserve all records and are never paired arbitrarily (1.341584ms)
✔ missing identity does not cause false removals or additions in its collection (0.314084ms)
✔ missing source/list is unknown, not empty or proof of no events (0.293625ms)
✔ never-candidate diagnostics match without A or reference, including special B-only records (1.625292ms)
✔ A trimming changes evidence not identity; original wave anchors and reference changes distinguish bases (16.770041ms)
✔ date normalization preserves intraday, microsecond and timezone distinctions (3.143917ms)
✔ source differences and unknown fields/ordered evidence are retained (0.64075ms)
✔ different instruments, periods or study results are not matched (0.086083ms)
✔ structure divergences are supported without inventing MACD wave anchors (0.261833ms)
✔ legacy local migration keeps original payload, precision, versions and unknown fields without upgrading (18.558167ms)
✔ cloud exports use latest metadata but retain the original immutable payload, not old cloud ID/revision (2.984208ms)
✔ study import preserves successful and failed periods plus original warmup and primary metadata (5.938583ms)
✔ unknown, incomplete, oversized and nonfinite backups are rejected, never uploaded as summaries (169.139416ms)
✔ all supported chart outputs preserve full precision, null warmups, style and instance order (12.692875ms)
✔ migration IDs survive rescanning/reload, preserve precision and isolate owners and changed content (10.369666ms)
✔ migration rejects missing owners, foreign archives and malformed inputs before upload (0.4115ms)
✔ post-inspection changes never upload under a previously confirmed identity (2.256583ms)
✔ lost response retries the same immutable body and id, without automatic retry or local deletion (2.706167ms)
✔ stop or account changes before/after read and upload discard stale results (0.707084ms)
✔ deleted cloud copies are not restored, purged copies and wrong response IDs are not treated as success (1.402625ms)
✔ chart plan freezes original data and uses original identity/window, not current selection (2.6545ms)
✔ missing volume/time/parameters and unsupported length never silently become a smaller/default study (8.67925ms)
✔ study plan preserves actual research settings and saved time labels (0.5645ms)
✔ saved structural settings survive chart and study archive replay; mismatch is rejected (0.784458ms)
✔ unrounded path diff distinguishes null, missing, structure, empty arrays, and ordering (0.255375ms)
✔ response must match request, instrument, version, scope and period identities (0.439417ms)
✔ new archive retains original bars/lineage but never relabels frozen old indicators as recomputed (1.277667ms)
✔ study without saved input retains an explicit uncomputed row, never pretends all periods succeeded (0.547208ms)
✔ complete indicator recompute preserves saved settings, checks response and saves only new values (2.797875ms)
✔ missing or unknown saved indicator parameters cannot borrow current defaults (0.37425ms)
✔ original valid study rows retain precision, unknown fields, true zero and no recomputation (2.651041ms)
✔ invalid nested fields become explicit per-period errors, not silently missing rows (0.549458ms)
✔ strict pen fields reject coercion and preserve historical source errors without reading their invalid nested fields (1.972167ms)
✔ duplicates are not cherry-picked and malformed or future rows remain in original-record entries (0.636917ms)
✔ full backtest file and cloud envelope retain all fields; no implicit Chanlun recompute (13.792167ms)
✔ invalid cash cannot become a readable archive (0.298542ms)
✔ invalid params cannot become a readable archive (0.189834ms)
✔ invalid adjust cannot become a readable archive (0.205042ms)
✔ invalid null lineage cannot become a readable archive (0.321166ms)
✔ invalid net value cannot become a readable archive (0.262542ms)
✔ invalid future trade cannot become a readable archive (0.376875ms)
✔ invalid duplicate date cannot become a readable archive (0.140666ms)
✔ invalid missing metrics cannot become a readable archive (0.107208ms)
✔ invalid nested infinity cannot become a readable archive (0.175125ms)
✔ invalid coerced rejected cannot become a readable archive (0.0995ms)
✔ actual store freezes submitted input and result separately from later source mutation (192.45375ms)
✔ actual store rejects stale or failed owner run and clears prior archive (55.736125ms)
✔ actual store rejects stale or failed input run and clears prior archive (13.491125ms)
✔ actual store rejects stale or failed clear run and clears prior archive (15.143ms)
✔ actual store rejects stale or failed failure run and clears prior archive (12.023292ms)
✔ trade lookup keeps the exact minute across separators, precision and days (1.978875ms)
✔ date-only values cannot choose the midnight bar of an ambiguous day (0.271417ms)
✔ daily and duplicate exact timestamps keep first positional matches (0.26775ms)
✔ nanoseconds and timezone text are not truncated into a false match (0.218416ms)
✔ date labels preserve useful precision without local timezone conversion (0.130417ms)
✔ higher sources resolve actual records and separate original from current review time (1.053125ms)
✔ base sources and foreign witness rejection have distinct Chinese descriptions (0.099ms)
✔ inconsistent candidate has no replay evidence: unknown reason (0.086542ms)
✔ inconsistent candidate has no replay evidence: prototype key (0.078041ms)
✔ inconsistent candidate has no replay evidence: future version (0.057375ms)
✔ inconsistent candidate has no replay evidence: future completion (0.04975ms)
✔ inconsistent candidate has no replay evidence: missing time (0.047792ms)
✔ inconsistent candidate has no replay evidence: empty source (0.735417ms)
✔ inconsistent candidate has no replay evidence: duplicate source (0.266667ms)
✔ inconsistent candidate has no replay evidence: unknown source (0.102666ms)
✔ inconsistent candidate has no replay evidence: mixed levels (0.061ms)
✔ inconsistent candidate has no replay evidence: future child (0.056084ms)
✔ inconsistent candidate has no replay evidence: wrong child level (0.046625ms)
✔ inconsistent candidate has no replay evidence: duplicate record (0.040834ms)
✔ inconsistent candidate has no replay evidence: empty record range (0.044917ms)
✔ inconsistent candidate has no replay evidence: gap (0.043ms)
✔ inconsistent candidate has no replay evidence: wrong parent range (0.034875ms)
✔ inconsistent candidate has no replay evidence: reversed sources (0.037833ms)
✔ inconsistent candidate has no replay evidence: unsafe base number (0.043209ms)
✔ 80 percent transparency is 20 percent alpha, for both candle directions (1.404584ms)
✔ transparency stays finite, integer, and bounded (0.105292ms)
✔ body is symmetric around the unchanged wick across widths and fractional positions (1.581834ms)
✔ horizontal candles preserve every price coordinate (0.124208ms)
✔ missing or non-finite candle layouts are left untouched (0.130833ms)
✔ native ECharts layout remains centred after resize, zoom and data replacement (318.797208ms)
✔ zooming out of large-data line mode restores centred candle bodies (61.314584ms)
✔ structure widths retain existing defaults and hover appearance (0.731917ms)
✔ manual values stay finite, bounded, and at two decimal places (0.135292ms)
✔ raw index overrides rounded dates, including zero (0.470417ms)
✔ legacy intraday dates never fall back to the first bar of the day (0.106833ms)
✔ duplicate formatted times fail safely without a raw index (0.07275ms)
✔ padding keeps the 23px marker plus radius inside the price pane (0.128ms)
✔ flat, zero and negative ranges get finite padding; invalid extents do not (0.076292ms)
✔ single-bar time link is a thin line limited to each actual plot (0.846042ms)
✔ multi-bar time link has no border and clips to plot, never clamps offscreen data to an edge (0.286792ms)
✔ time links map daily coverage to all minute bars, not a matching ordinal (0.383583ms)
✔ weekly and monthly end-labelled bars cover earlier constituent dates without changing data (3.25575ms)
✔ nearest marker wins regardless of signal family, only co-located points share chooser (0.763042ms)
✔ immutable request cache deduplicates pending work, isolates payload keys and retries errors (0.336916ms)
✔ all six structural types keep extrema and confirmation separate with original evidence (0.610542ms)
✔ legacy records do not invent confirmation or structural sources (0.125334ms)
✔ M1 keeps independent MACD source and original direction, never a structural type (0.307959ms)
✔ all chart layers override independent animation and progressive rendering (0.91375ms)
✔ archive tooltip labels and evidence remain text, not active HTML (1.678ms)
✔ rejects invalid saved zooms (1.502042ms)
✔ same-snapshot redraw keeps current manually chosen view (0.098834ms)
✔ focus redraw keeps manual zoom; clearing restores pre-focus view (0.094583ms)
✔ switching focus preserves the original return view (0.067917ms)
✔ new snapshot resets saved focus view and never revives old zoom (0.064292ms)
✔ default inactive; moving does not show cards and leaving does not deactivate (10.793542ms)
✔ object previews can read date-card activation without activating it (0.206583ms)
✔ click selects a point; outside click closes; inside click is not dismissed (0.126333ms)
✔ activated cards follow movement until outside dismissal, then require another click (0.111917ms)
✔ zoom clears stale coordinates but preserves activation (0.187583ms)
✔ data reset and Escape deactivate; teardown removes all handlers (0.154958ms)
✔ archive requests bind current owner and bypass browser cache (15.087375ms)
✔ cloud directory validates all rows, quotas and identities without dropping broken entries (6.90625ms)
✔ original detail requires an object payload but action receipts may omit it (1.136791ms)
✔ account change discards delayed success and delayed errors (0.281875ms)
✔ unauthenticated archive requests do not reach server; structured conflicts remain actionable (0.177667ms)
✔ upload retries retain immutable captured body and all numerical precision (0.17675ms)
✔ directed centre chain is candidate evidence, not completion (1.991083ms)
✔ touching, opposing, future, overlapping or malformed chains fail closed (0.262875ms)
✔ single-centre and legacy components remain readable (0.070708ms)
✔ inside, border, reversed y and overlapping rectangles resolve newest first (0.7765ms)
✔ invalid or missing render coordinates cannot create hits (0.082125ms)
✔ popup stays within narrow viewport and near-edge right click (0.086541ms)
✔ roles are Chinese and unknown roles never claim completion (0.462417ms)
✔ source ranges keep one-based indices without disguising gaps (0.4405ms)
✔ coverage checks counts, repeats and missing IDs (2.305167ms)
✔ missing, empty and rejected suffix are explicit (0.11975ms)
✔ invalid counts and empty blocks cannot pass the coverage audit (0.099458ms)
✔ uses raw indices, allows shared endpoints and bounds zoom padding (0.888333ms)
✔ does not invent a B interval or infer indices from formatted dates (0.084167ms)
✔ rejects partial, reversed, overlapping and out-of-snapshot evidence (0.119459ms)
✔ allows inspection of historical failed evidence without reviving it (0.104708ms)
✔ local proof draws frozen exact endpoints only after its actual confirmation (0.15775ms)
✔ dual-line divergence uses two exact raw indices, never artificial ABC ranges (0.084083ms)
✔ dual-line focus rejects missing, duplicate, reversed and out-of-range points (0.080541ms)
✔ special wave focus uses AB and its extreme without inventing C (0.085ms)
✔ direction, family and lifecycle have independent marker styles (0.561875ms)
✔ no-C dual-line remains a circle and fills only on first reverse-pen confirmation (0.762125ms)
✔ M1 is restricted to confirmed waves with a later actual confirmation (0.724292ms)
✔ four families retain independent records and nonstandard uses a triangle (0.204625ms)
✔ October 4 marker matrix uses shape for family and colour only for direction (0.119584ms)
✔ special AB evidence separates A line extrema from both price anchors and legacy pivots (0.127584ms)
✔ history is opt-in, inactive stays grey hollow, never creates M1 (0.1185ms)
✔ every historical shape uses a continuous hollow contour, including on hover (0.119167ms)
✔ new nonstandard evidence relaxes prices only and records each subtype (0.103041ms)
✔ new dual rule cannot fill without recorded later local confirmation (0.094166ms)
✔ historical engineering match retains original timing without claiming regrouping completion (1.663833ms)
✔ future, stale, mismatched or incomplete evidence fails closed (0.311708ms)
✔ older snapshots and unmatched parts keep existing natural audit available (0.06375ms)
✔ engineering provenance uses the same one-based numbering as other inspectors (1.469083ms)
✔ mixed recursion distinguishes consolidation and trend from the old trend view (0.330541ms)
✔ unknown or reversed provenance is not presented as a completed trend (0.157166ms)
✔ indicator and price values use two decimals without inventing missing evidence (0.220625ms)
✔ recursive centre relations never call extension candidates completed types (0.232209ms)
✔ admissions distinguish unit confirmation from later failed-return admission (0.08975ms)
✔ display fields retain all text including dates, provenance, and secondary colons (0.808417ms)
✔ narrative, missing evidence, and timestamp headings remain whole (0.345542ms)
✔ selects the exact source without replacing missing comparison periods with the primary (3.923792ms)
✔ prefix audit preserves original warmup snapshot and its own instrument and period (0.512833ms)
✔ rejects invalid positions, missing identity and explicitly unclosed prefix data (0.2045ms)
✔ optimization carries full execution and identity without live defaults (3.873541ms)
✔ malformed, mixed, missing or conflicting optimization context never silently defaults (1.590125ms)
✔ multi original replay preserves costs, slots and adjustment; extend changes only end dates (1.077292ms)
✔ multi rejects corrupt and incompatible slots without dropping or repairing any (0.727084ms)
✔ legacy missing settings are disclosed with deterministic defaults, explicit invalid values rejected (0.461875ms)
✔ combining equal-account singles preserves per-slot cash and costs; conflicts rejected not rewritten (0.948125ms)
✔ all candidate states distinguish eligibility from completed natural types (0.580375ms)
✔ opposite geometry identifies reused next-part evidence, including nonzero source IDs (0.544959ms)
✔ external opposite geometry is not added to candidate membership (0.096709ms)
✔ missing, stale, misattributed or future opposite geometry is not displayed as matched (0.139958ms)
✔ preferred endpoints are never called completed types; conflicts are retained (0.07875ms)
✔ opposite base turn is not same-level completion (0.102708ms)
✔ price formatting preserves zero and boundary contact, guards non-finite values (0.109917ms)
✔ candidate audit joins by identity, not response order (0.076292ms)
✔ part audit must match ordinal AND exact raw source IDs, including shifted IDs (0.132917ms)
✔ locates the three raw ranges without relabelling them as MACD or confirmed centres (2.735375ms)
✔ candidate must already be observable at the CURRENT replay prefix (0.430667ms)
✔ no incomplete, waiting or unsupported candidate is given a fabricated range (0.12025ms)
✔ raw bar boundaries must be contiguous and inside the visible window (0.196709ms)
✔ source partitions must cover every original segment once, preserving nonzero IDs (0.1185ms)
✔ conflicting geometric fallback remains viewable for manual audit (0.082ms)
✔ clearing a regrouping focus restores original zoom; a new replay snapshot does not (0.123375ms)
✔ membership labels distinguish source confirmation from later admission (2.308917ms)
✔ admission witness distinguishes confirmation dependency from geometric membership (0.131292ms)
✔ old or malformed evidence never invents an admission witness (0.075916ms)
✔ real frozen result archives preserve every input, missing tag, precision and failed factor (16.045167ms)
✔ factor cloud envelope imports as independent copy without original identity (3.032375ms)
✔ partial or incompatible archives fail explicitly, not repaired from the current catalog (349.465958ms)
✔ read-only renderer has no execution or market API imports; explicit replay is separate (0.696417ms)
✔ same-account profile refresh preserves replay state; identity changes invalidate synchronously (1.090333ms)
✔ benchmark dependency uses declared input not a guessed name (0.46ms)
✔ pool rejects mixed frozen index versions, allowing different stock calendars (5.154791ms)
✔ frozen exact pairing retains absent date and rejects silent fill or replacement (0.28275ms)
✔ failed auxiliary fetch must be explicitly recorded for both fields; legacy needs none (0.086ms)
✔ UI exposes benchmark conditionally and invalidates both research paths (6.431792ms)
✔ library navigation and Chinese/identifier/family search preserve full matching set (0.565917ms)
✔ availability is evaluated by adjustment and period without mutating selections (0.500542ms)
✔ single and multi-track axes share compact large units and distinct small ticks (1.920375ms)
✔ correlation uses its mathematical range; raw factors keep their own scale (0.126292ms)
✔ tiny values remain visible and tooltip raw precision is not rounded (0.096875ms)
✔ percentage is presentation only, gaps and source values are preserved (0.449375ms)
✔ disabled combination does not add implicit weights; enabled selection is explicit (0.948666ms)
✔ actual Python report preserves the combination through export and read-only reopen (35.609625ms)
✔ incomplete or contradictory composition archive is rejected, never repaired (65.728459ms)
✔ horizon selection is bounded, canonical and never silently amended (0.856667ms)
✔ horizon view uses frozen results without changing configuration or primary report (14.641333ms)
✔ all horizons survive draft/export/import and old single archives still read (36.266958ms)
✔ missing windows, wrong labels and disagreement with primary reports fail closed (85.912125ms)
✔ request selection invalidates immediately; display-only switching does not (1.957833ms)
✔ multiple horizons dispatch one explicitly manual request with complete selection (94.334083ms)
✔ dimensionless exponents are not presented as bar counts (1.101791ms)
✔ named GTJA dependency paths use maximum chain and all edited windows (0.91175ms)
✔ GTJA compound windows and cross-library identical mean ratios are explicit (0.149416ms)
✔ parameter selection copies only active settings without mutating cached settings (0.139041ms)
✔ builtin decimal multiplier, ordering, effective identity and actual labels (0.175792ms)
✔ reset only one parameter, retain other overrides without mutating input (0.082625ms)
✔ history warning uses full effective warmup, not all parameters as rolling windows (1.306958ms)
✔ names and validation use actual windows; equivalent formula choices rejected (0.161166ms)
✔ recompute task request binds owner, source revision and manual intent; polling stays automatic (61.1025ms)
✔ history retains the complete recompute envelope, not just numerical results (8.886458ms)
✔ replay uses shared task invalidation and archive saving preserves replay metadata (1.788708ms)
✔ statistics version is frozen provenance, never inferred as the current version (1.254416ms)
✔ factor glossary accepts standard abbreviations with spaces or underscores (1.407958ms)
✔ factor missing values never become valid zero (0.125209ms)
✔ factor ranking is stable, non-mutating and missing-last in both directions (24.642291ms)
✔ small factor values do not round to fake zeros; raw precision keeps original number (0.110125ms)
✔ compatibility aliases are only shown for exact legacy lookup or active selection (0.105042ms)
✔ series automatic initialization is system intent, only deliberate task submission is a query (25.653834ms)
✔ saved series task reopens as series without lookup, all diagnostics and original inputs survive (4.203833ms)
✔ cleared series execution cannot publish an old stock result (0.638083ms)
✔ live series and history use shared tasks, invalidate on input/account/route and never treat as trading backtest (1.389459ms)
✔ late catalog never submits after unmount, input/account/tab changes, or manual run (0.309ms)
✔ failed catalog does not silently start default research or publish after leaving (0.147542ms)
✔ favorite IDs are bounded, deduplicated and malformed saved preferences never get overwritten (9.66025ms)
✔ favorites use acknowledgment and only patch their own key; same-session writes serialize (0.595709ms)
✔ failed favorite updates do not pretend success and can retry (0.251166ms)
✔ other preference acknowledgment exposing pending patch cannot fake a saved favorite (0.197958ms)
✔ owner switch clears state immediately and old failure cannot affect new save (0.290209ms)
✔ series compare shares all x axes but preserves independent raw values, scales, gaps and tooltip precision (2.716709ms)
✔ future appending leaves prior plotted values unchanged, missing is never replaced by zero (0.22175ms)
✔ multi-factor comparison is reused in live and read-only views, favorites do not change research settings (2.403875ms)
✔ factor submission marks only explicit dispatch, preserves owner/signal, polling/cancel stay automatic (66.727458ms)
✔ cancel acknowledged during pending poll cannot regress UI or publish partial result (21.894667ms)
✔ late cancellation cannot revive cleared or changed-account task UI (4.617583ms)
✔ unconfirmed cancellation keeps polling; successful task remains recoverable (2.089625ms)
✔ factor panel uses shared execution and distinguishes cancel from detach (0.45275ms)
✔ explicit stock-only finite latest selection; missing and fund/index stay unavailable (8.520583ms)
✔ origin and precision survive JSON and later group membership edits (4.424208ms)
✔ only explicit action writes owner assertion and source revision, never sends computed score (16.423208ms)
✔ late owner response rejected; permission denial and source mismatch not successful (0.58725ms)
✔ time modes construct explicit configs without random dates or implied training (3.461833ms)
✔ invalid dates, hidden shrinkage and numeric coercion are rejected (0.391833ms)
✔ full frozen time results survive import, draft and readonly validation unchanged (7.633334ms)
✔ missing, mismatched and nonfinite temporal archive results fail explicitly (19.244709ms)
✔ changes invalidate synchronously; same-account profile refresh does not change split (6.947167ms)
✔ menus stay inside phone, keyboard and landscape viewports (0.886542ms)
✔ near-bottom controls open upwards without changing ordinary desktop width (9.895083ms)
✔ warmup null, missing and invalid indicator values never become invented zeroes (0.876667ms)
✔ freeze all supported indicator outputs, warmup holes, volume averages and exact numerical precision (24.473542ms)
✔ frozen playback keeps captured values despite different current prices and never queries APIs (0.656417ms)
✔ malformed or mismatched frozen values fail closed, never fall back to recomputation (0.640375ms)
✔ marker hit uses signed stacking offset for both directions, not candle position (1.385042ms)
✔ symbol size and invalid render positions are handled safely (0.085625ms)
✔ market tab changes discard old success and cannot stop the new spinner (292.248208ms)
✔ market late failure after filter cannot resurrect an error (20.309958ms)
✔ market late failure after owner cannot resurrect an error (31.205417ms)
✔ market late failure after unmount cannot resurrect an error (50.030083ms)
✔ directory count failure preserves valid rows; late totals cannot cross markets (57.741542ms)
✔ board selection clears old details and ignores slower preceding member responses (59.704666ms)
✔ board list filter changes invalidate pending member requests and prevent old auto-selection (66.996709ms)
✔ default board preload remains system-origin after manual list refresh (49.771375ms)
✔ belonging response after stock cannot change results or stock history (33.923833ms)
✔ belonging response after owner cannot change results or stock history (16.643917ms)
✔ belonging response after unmount cannot change results or stock history (50.442167ms)
✔ current belonging success records captured stock; concurrent member failure has separate feedback (15.130459ms)
✔ market selection uses loaded market, clears on filters, and distinguishes shared stock/index codes (47.318125ms)
✔ board analysis uses result classification; members require their own market (35.228208ms)
✔ aborted late response cannot publish metadata even if transport ignores abort (18.801917ms)
✔ missing provenance or silently changed adjustment never reaches research (0.137542ms)
✔ reported gaps do not falsely label suspension or prevent inspecting valid candles (0.108958ms)
✔ history fetch consumes one verified range and publishes complete metadata only after validation (2.359875ms)
✔ unclosed response never updates provenance or reaches the backtest (0.682584ms)
✔ null, true zero, infinities and real 999 are distinct after JSON roundtrip (3.676458ms)
✔ single, saved and comparison results retain authoritative metric basis (1.85425ms)
✔ whole proof validated without mutation, and cross-role ownership remains visible (1.001875ms)
✔ stale, future, duplicated, incomplete, falsely completed and mismatched sources rejected (0.295833ms)
✔ base runs cannot masquerade as proofs or own multiple provisional regions (0.074792ms)
✔ blocked covers show full conflicts, never fabricated flattened blocks (0.087ms)
✔ labels retain provisional scope (0.066959ms)
✔ all seven MA presets are available but only MA5 and MA10 start visible (0.756292ms)
✔ each chart session gets independent editable settings without changing presets (0.074625ms)
✔ MA presets retain the requested yellow, white, purple, green, cyan, orange, red palette (0.07625ms)
✔ legend retains every MA choice and explicit hidden states override stale chart selection (0.111ms)
✔ cross-boundary details resolve actual input and nested ownership records (2.780166ms)
✔ unowned reverse evidence stays explicitly unowned for boundary rejection (0.140333ms)
✔ foreign witness can be shown for an otherwise single-owner candidate (0.112708ms)
✔ legacy candidates do not invent missing conflict details (0.113666ms)
✔ damaged detail is not presented: mismatched candidate sources (0.092208ms)
✔ damaged detail is not presented: wrong layer (0.976792ms)
✔ damaged detail is not presented: unknown reverse input (0.189208ms)
✔ damaged detail is not presented: wrong reverse range (0.147ms)
✔ damaged detail is not presented: reverse overlaps prices (0.171958ms)
✔ damaged detail is not presented: future reverse confirmation (0.256167ms)
✔ damaged detail is not presented: wrong reverse time (0.147917ms)
✔ damaged detail is not presented: incomplete domain list (0.157042ms)
✔ damaged detail is not presented: duplicate domains (0.177583ms)
✔ damaged detail is not presented: noncontinuous domain (0.147875ms)
✔ damaged detail is not presented: foreign domain misses witness (0.244709ms)
✔ damaged detail is not presented: false unowned witness (0.143042ms)
✔ damaged detail is not presented: missing nested record (0.129167ms)
✔ damaged detail is not presented: wrong reason (0.143125ms)
✔ only current owner revisions form the displayed ownership set (4.786542ms)
✔ internal provenance remains distinct and validates enclosing ownership (0.662ms)
✔ parent-covered history is not labeled as an additional effective input (0.149375ms)
✔ nested provenance validates containment and strictly increasing input levels (0.342958ms)
✔ current owner labels are distinct from creation IDs and tolerate old snapshots (0.198209ms)
✔ summary mode lists every historical address, not just current versions (0.716125ms)
✔ full and missing legacy snapshots stay readable without inventing history (0.243667ms)
✔ all four analysis paths explicitly request summary delivery without changing input (0.765167ms)
✔ complete lifecycle stays chronological, does not mutate input, and uses Chinese labels (1.288167ms)
✔ legacy or future history is not invented (0.117042ms)
✔ dangling, reordered, duplicated, miscounted and conflicting histories fail closed (1.587917ms)
✔ equal counts cannot hide swapped source identities (0.223083ms)
✔ intermediate event boundaries must equal actual inherited and added sources (0.177542ms)
✔ input evidence must exist at the correct level and be available at admission (0.479625ms)
✔ invalid domain sources, membership and parent context fail closed (0.479125ms)
✔ leftward growth, shifted sources and newly filled merge gaps remain valid (0.333542ms)
✔ both periods exclude future and open candles while retaining original warm-up start (0.615792ms)
✔ snapshot observation time caps cutoff; bar start before cutoff is not enough (0.081792ms)
✔ no timeframe fallback or fabricated candles when historical minute range is unavailable (0.082083ms)
✔ index and board snapshots retain NONE adjustment, mismatch is rejected (0.219959ms)
✔ missing completion evidence, timezone timestamps and unordered bars fail explicitly (0.136166ms)
✔ week/month completion boundary comes from provider annotation, not day label (0.107375ms)
✔ matrix defaults to five requested periods and includes separate buy/sell evidence column (0.934666ms)
✔ does not turn current reversal observation into a confirmed opposite pen (0.162834ms)
✔ keeps true zero distinct from missing, and numerical display never overwrites original axis judgment (0.142583ms)
✔ keeps divergence family, extrema and actual confirmation separate; never drops records (10.987625ms)
✔ missing pen and divergence are bounded claims; quality limitations stay visible (0.18075ms)
✔ buy/sell evidence distinguishes missing old archives, no points, structure and M1 (0.186875ms)
✔ portfolio: all original values survive import and cloud envelope; no Chanlun recompute (15.649125ms)
✔ portfolio: actual component fetches only explicitly, binds owner/request/result and freezes capture (17.129667ms)
✔ portfolio: late receipt discarded after owner (1.031541ms)
✔ portfolio: late receipt discarded after request (17.270125ms)
✔ portfolio: late receipt discarded after task (0.921375ms)
✔ portfolio: late receipt discarded after result (0.861041ms)
✔ portfolio: late receipt discarded after busy (14.333375ms)
✔ portfolio: late receipt discarded after unmount (0.790625ms)
✔ portfolio: invalid missing rejected (0.185875ms)
✔ portfolio: invalid allocation rejected (0.255209ms)
✔ portfolio: invalid metadata rejected (0.110708ms)
✔ portfolio: invalid date rejected (0.103583ms)
✔ portfolio: invalid precision rejected (0.196917ms)
✔ portfolio: invalid curve rejected (0.156375ms)
✔ portfolio: invalid request rejected (0.074458ms)
✔ portfolio: invalid trade rejected (0.120709ms)
✔ portfolio: unavailable or different task never falls back to fetching data (6.5695ms)
✔ multi_strategy: all original values survive import and cloud envelope; no Chanlun recompute (0.95975ms)
✔ multi_strategy: actual component fetches only explicitly, binds owner/request/result and freezes capture (1.740709ms)
✔ multi_strategy: late receipt discarded after owner (2.670333ms)
✔ multi_strategy: late receipt discarded after request (6.452916ms)
✔ multi_strategy: late receipt discarded after task (3.115166ms)
✔ multi_strategy: late receipt discarded after result (2.166417ms)
✔ multi_strategy: late receipt discarded after busy (1.189583ms)
✔ multi_strategy: late receipt discarded after unmount (6.14175ms)
✔ multi_strategy: invalid missing rejected (0.142834ms)
✔ multi_strategy: invalid allocation rejected (0.212125ms)
✔ multi_strategy: invalid metadata rejected (0.092ms)
✔ multi_strategy: invalid date rejected (0.10125ms)
✔ multi_strategy: invalid precision rejected (0.181833ms)
✔ multi_strategy: invalid curve rejected (0.152208ms)
✔ multi_strategy: invalid request rejected (0.086084ms)
✔ multi_strategy: invalid trade rejected (0.107292ms)
✔ multi_strategy: unavailable or different task never falls back to fetching data (3.880042ms)
✔ normalized server defaults may extend but not alter submitted parameters (0.077125ms)
✔ library original/extended multi replay uses saved costs despite global preference changes (299.389834ms)
✔ portfolio load -> actual store task lifecycle -> save uses identical context and all costs (95.450708ms)
✔ portfolio catalog-stage input is isolated before saved fetch (108.936208ms)
✔ portfolio catalog-stage params is isolated before saved fetch (77.449083ms)
✔ portfolio catalog-stage owner is isolated before saved fetch (131.792666ms)
✔ portfolio catalog-stage failure is isolated before saved fetch (52.993167ms)
✔ portfolio catalog-stage empty is isolated before saved fetch (48.64525ms)
✔ pending portfolio cannot survive input (45.03825ms)
✔ pending portfolio cannot survive owner (33.57175ms)
✔ pending portfolio cannot survive unmount (111.047417ms)
✔ store account epoch clears completed results in all four task families (69.348375ms)
✔ runPortfolio old account error is ignored even after switching back (33.365417ms)
✔ runMultiStrategy old account error is ignored even after switching back (35.860209ms)
✔ runOptimize old account error is ignored even after switching back (26.594417ms)
✔ runOptimizeAll old account error is ignored even after switching back (26.553167ms)
✔ optimizer takes an input snapshot before awaiting bars and hands off the result strategy/adjustment (51.314208ms)
✔ portfolio late save cannot close or annotate newly changed configuration (32.805708ms)
✔ library name lookup cannot mix later input or account into a save (88.012041ms)
✔ library saves a multi result with submitted adjustment, not the later global preference (22.092417ms)
✔ late library list cannot replace a newly created record and owner change clears all personal rows (29.362583ms)
✔ portfolio identity rejects mixed markets, repeats and invalid lengths (0.286625ms)
✔ late preference response cannot revert a newer adjustment; queued patch is captured (257.688375ms)
✔ account switch drops old queue, permits new account immediately and ignores late response (35.476083ms)
✔ same-account logout/login does not accept response from prior session epoch (37.705875ms)
✔ failed saves reject caller, do not wedge queue or restore stale role permissions (29.381917ms)
✔ mismatched response owner and logged-out saves are rejected (11.306167ms)
✔ market preference watcher survives the first route unmount and follows owner changes (16.0585ms)
✔ tracking ownership watcher survives route scope disposal and clears on revocation or logout (211.417833ms)
✔ late name hydration cannot write across accounts; new owner hydrates independently (29.151459ms)
✔ sidebar hydration never writes, old-owner timers cancel, failures are handled (213.16775ms)
✔ forming candles preserve OHLC and use dashed empty outlines (1.019583ms)
✔ forming volume and signed MACD columns preserve values and direction (0.227542ms)
✔ query defaults to system, manual intent is synchronous and explicit (0.546209ms)
✔ direct bar snapshot fetch preserves explicit intent, including failed requests (12.251583ms)
✔ pending manual requests do not mark concurrent automatic work or async continuations (0.11175ms)
✔ API dispatch tags manual queries but excludes automatic name lookup and task polling (5.313375ms)
✔ save keeps original full input separate from replay prefix, fully detached from live state (9.613708ms)
✔ same-bar opposite signals remain distinct; source survives JSON import without task or network (1.098125ms)
✔ recompute uses only saved chart prefix, keeps original scan signals and version unchanged (4.002041ms)
✔ reject wrong target before saving; never silently drop invalid lineage (1.071833ms)
✔ reject board target before saving; never silently drop invalid lineage (0.303708ms)
✔ reject wrong market before saving; never silently drop invalid lineage (0.238417ms)
✔ reject reference before saving; never silently drop invalid lineage (0.134208ms)
✔ reject invalid date type before saving; never silently drop invalid lineage (0.138833ms)
✔ reject noncanonical cutoff before saving; never silently drop invalid lineage (0.135375ms)
✔ reject row summary before saving; never silently drop invalid lineage (0.264459ms)
✔ reject row last date before saving; never silently drop invalid lineage (0.224417ms)
✔ reject outside signal window before saving; never silently drop invalid lineage (0.199542ms)
✔ reject row source before saving; never silently drop invalid lineage (0.677542ms)
✔ reject row requested adjust before saving; never silently drop invalid lineage (1.750291ms)
✔ reject row quality before saving; never silently drop invalid lineage (4.160792ms)
✔ reject open candle before saving; never silently drop invalid lineage (9.741041ms)
✔ reject unsupported storage before saving; never silently drop invalid lineage (0.153708ms)
✔ legacy snapshot without original input still opens without invented source (0.176542ms)
✔ original task references round-trip and legacy references remain distinguishable (1.063584ms)
✔ cache receipt must be a real ID string, never coerced or inherited from another owner (0.311ms)
✔ all frozen bars and precision survive; changed code is disclosed, not represented as old execution (0.678875ms)
✔ invalid original receipt task stops instead of substituting live data (0.148208ms)
✔ invalid original receipt row stops instead of substituting live data (0.076542ms)
✔ invalid original receipt market stops instead of substituting live data (0.061625ms)
✔ invalid original receipt symbol stops instead of substituting live data (0.068375ms)
✔ invalid original receipt params stops instead of substituting live data (0.075875ms)
✔ invalid original receipt strategy stops instead of substituting live data (0.250417ms)
✔ invalid original receipt fingerprint stops instead of substituting live data (0.437375ms)
✔ invalid original receipt adjust stops instead of substituting live data (0.12225ms)
✔ invalid original receipt signal stops instead of substituting live data (0.100541ms)
✔ invalid original receipt malformed signals stops instead of substituting live data (0.057291ms)
✔ invalid original receipt row error stops instead of substituting live data (0.053792ms)
✔ invalid original receipt storage stops instead of substituting live data (0.052958ms)
✔ invalid original receipt version stops instead of substituting live data (0.049916ms)
✔ invalid original receipt missing bars stops instead of substituting live data (0.067625ms)
✔ invalid original receipt null bar stops instead of substituting live data (0.062ms)
✔ invalid original receipt order stops instead of substituting live data (0.266333ms)
✔ invalid original receipt open bar stops instead of substituting live data (0.433333ms)
✔ invalid original receipt future stops instead of substituting live data (0.285375ms)
✔ invalid original receipt negative duration stops instead of substituting live data (0.561667ms)
✔ invalid original receipt missing cutoff stops instead of substituting live data (0.141209ms)
✔ invalid original receipt number string stops instead of substituting live data (0.167ms)
✔ invalid original receipt NaN stops instead of substituting live data (0.199542ms)
✔ invalid original receipt bad low stops instead of substituting live data (0.145583ms)
✔ invalid original receipt negative volume stops instead of substituting live data (0.205084ms)
✔ API sends owner and abort signal with no-store; unavailable receipt never calls a live feed (23.8205ms)
✔ radar submits captured owner with manual intent, polls as system, and preserves old cache adjustment (17.907417ms)
✔ late submit after adjust cannot become a scan result or cache (8.16075ms)
✔ late submit after window cannot become a scan result or cache (1.039792ms)
✔ late submit after owner cannot become a scan result or cache (1.648584ms)
✔ late submit after roundtrip cannot become a scan result or cache (3.669167ms)
✔ late submit after unmount cannot become a scan result or cache (10.331459ms)
✔ late poll after adjust cannot become a scan result or cache (4.815333ms)
✔ late poll after window cannot become a scan result or cache (8.517625ms)
✔ late poll after owner cannot become a scan result or cache (2.2095ms)
✔ late poll after roundtrip cannot become a scan result or cache (15.554125ms)
✔ late poll after unmount cannot become a scan result or cache (1.474291ms)
✔ a failed new scan cannot re-display or replace old success; explicit retry is independent (1.457041ms)
✔ invalid result rows is never cached (0.693625ms)
✔ invalid result counts is never cached (1.449917ms)
✔ invalid result id is never cached (5.397166ms)
✔ storage denial preserves valid live results with an explicit notice (1.952ms)
✔ actual picker loads the original complete warmup and stores actual dates, not form defaults (13.8785ms)
✔ failed original input does not fall back to newly fetched prices (1.460791ms)
✔ pending original input cannot commit after owner (11.919042ms)
✔ pending original input cannot commit after code (2.531ms)
✔ pending original input cannot commit after unmount (3.851583ms)
✔ radar review captures row adjustment, exact minute, strategy and original cutoff (2.302958ms)
✔ invalid or legacy reviews fail explicitly without guessing data or adjustment (2.236583ms)
✔ exchange-local dates validate without browser timezone conversion (0.157958ms)
✔ review excludes future and unclosed bars, resets derived fingerprint and reports actual range without mutating source (2.91775ms)
✔ radar cache is owner scoped and malformed/legacy records never enter the UI (1.880042ms)
✔ late messages, close and errors from an old socket cannot affect replacement (0.803958ms)
✔ invalid messages and control responses never become ticks; close reason retained (0.162708ms)
✔ matching versions are selected by case identity without mutation (0.904167ms)
✔ future snapshots, wrong rules, incomplete chains and duplicate cases are rejected (0.212834ms)
✔ labels never confuse endpoint consistency or higher-centre proof with completion (0.135541ms)
✔ v2 keeps the detached prefix and v1 remains readable (0.295583ms)
✔ v3 supports trend search while retaining the same ownership guards (0.102958ms)
✔ missing, duplicated, misattributed or silently completed prefix is rejected (0.320875ms)
✔ reincorporation is recorded explicitly instead of erasing detached history (1.351625ms)
✔ accepts bounded history and empty verified batches (1.795209ms)
✔ rejects wrong batch, future indices, broken sources and contradictory state (1.658084ms)
✔ research labels distinguish absence, release, retained and internal (0.133125ms)
✔ late old responses cannot own a newer research request (0.480041ms)
✔ submission fields are captured values, not mutable form references (0.428625ms)
✔ navigation preserves explicit stock/index/fund/board identity and parameters without auto run (1.507167ms)
✔ ambiguous identity is rejected rather than guessed or numeric code padded (0.135292ms)
✔ query parser rejects incomplete, duplicate, incompatible and mixed-context values (1.137417ms)
✔ snapshot import keeps original data and normalizes optional display metadata (15.429167ms)
✔ reject invalid schema, periods, oversized arrays and impossible candle prices (1.165291ms)
✔ cloud archives retain larger frozen windows and all supported distinct periods (9.461875ms)
✔ import keeps valid frozen outputs and rejects mismatched frozen data instead of recomputing (0.446334ms)
✔ window is exchange local and bounded by the snapshot cutoff (0.697625ms)
✔ missing numbers and candidate status are never promoted (0.101334ms)
✔ amber projection resolves daily and minute labels, ignores open candle (0.260583ms)
✔ three workspaces are keyboard traversable without dropping an existing mode (0.983167ms)
✔ mobile comparison shows exactly the selected snapshot; desktop shows both (0.143ms)
✔ inactive research never starts automatic work, valid active research does (0.348583ms)
✔ saved single strategy restores market, period, adjustment and all execution costs exactly (3.220583ms)
✔ missing legacy fields disclose supplied defaults instead of claiming complete restoration (0.649666ms)
✔ explicit contradictory market and unsupported instruments are not silently rewritten (0.338875ms)
✔ invalid present fields are errors, not fallback defaults (0.41775ms)
✔ saved links identify records only and cannot inject alternate execution context (0.396166ms)
✔ market entry preserves local dates and strategy, runs only on explicit request (7.108916ms)
✔ boards entry preserves local dates and strategy, runs only on explicit request (1.569834ms)
✔ mixed market context blocks all loading and computation: savedStrategyId (1.691375ms)
✔ mixed market context blocks all loading and computation: optimizationContext (1.057458ms)
✔ mixed market context blocks all loading and computation: autoRun (0.987584ms)
✔ mixed market context blocks all loading and computation: unexpected (3.080875ms)
✔ slow catalog cannot overwrite input with a market entry (7.013041ms)
✔ slow catalog cannot overwrite owner with a market entry (4.284125ms)
✔ catalog-stage input cannot restore saved inputs or dispatch a task (3.939875ms)
✔ catalog-stage params cannot restore saved inputs or dispatch a task (1.947084ms)
✔ catalog-stage owner cannot restore saved inputs or dispatch a task (1.997042ms)
✔ catalog-stage failure cannot restore saved inputs or dispatch a task (2.073167ms)
✔ optimization context restores every execution field and malformed context blocks dispatch (3.43675ms)
✔ actual backtest view loads exact saved context without running, then saves the configuration used (1.703875ms)
✔ saving original radar warmup uses loaded input dates, not hidden form defaults (2.816584ms)
✔ late saved record cannot overwrite owner (2.160708ms)
✔ late saved record cannot overwrite route (1.682083ms)
✔ late saved record cannot overwrite input (6.927667ms)
✔ late saved record cannot overwrite unmount (1.518542ms)
✔ invalid saved context blocks run, while legacy missing fields disclose fallback (5.315208ms)
✔ every execution input invalidates the old result before it can be saved (21.506292ms)
✔ editing a cost while bars are pending never runs the new form on the old request (0.979209ms)
✔ save completion after owner cannot write into a different page or account (1.021792ms)
✔ save completion after route cannot write into a different page or account (1.0665ms)
✔ save completion after unmount cannot write into a different page or account (1.411792ms)
✔ audit description translates permissions and never renders arbitrary detail fields (0.513ms)
✔ audit time is explicitly Shanghai time and invalid data remains readable (36.598167ms)
✔ audit API preserves bounded pagination/filter state and authenticated credentials (23.398583ms)
✔ distinguishes no candidate, failed current audit, and actual invalidation without promoting legacy state (5.2335ms)
✔ filters independent families and directions without merging special and local dual-line evidence (2.488ms)
✔ searches lifecycle dates and failure reasons with all terms required, retaining original source objects (0.17175ms)
✔ searches diagnostic rejection history without silently reviving historical candidates (0.619041ms)
✔ all excludes bc false, preserves input order and records, and does not infer missing direction (0.144542ms)
✔ legacy diagnostic family is standard, and empty diagnostics do not invent rejection records (0.140042ms)
✔ structural points retain their own confirmation and evidence, never deriving them from a MACD source (0.364667ms)
✔ M1 uses exact existing gates and remains a separate view of its original standard event (0.577667ms)
✔ combined date query finds independent point, prompt and event records without deduplication or additive counts (1.101042ms)
✔ chart date matches structured lifecycle timestamps, not coincidental prose dates (0.309417ms)
✔ minute evidence uses exact exchange-local minute, accepting T/space and refusing missing time (1.159958ms)
✔ chart date includes diagnostic ABC and rejection coverage without inventing open or reversed intervals (2.910375ms)
✔ date scope combines with all filters for structural points and original M1 sources (0.58825ms)
✔ new standard evidence explains price, old blocker and independent special lifecycle (2.783625ms)
✔ new gates include counts, boundary and dates without undefined placeholder (0.559209ms)
✔ legacy comparisons retain old detected confirmed and invalidated dates (0.3375ms)
✔ initial schema and refreshed catalog preserve supplied parameters; strategy change alone resets (3.757084ms)
✔ late catalog defaults are suspended until route validation and then fill only missing fields (0.645958ms)
✔ structure dates remove midnight noise without changing intraday precision (1.273708ms)
✔ centre evidence distinguishes fixed core, outer range and candidate expansion (2.46925ms)
✔ segment evidence includes source prices and reverse proof with one-based labels (0.574125ms)
✔ missing legacy evidence does not invent confirmation (0.318ms)
✔ special inclusion explains boundary exception without labelling it an ordinary fractal (0.11775ms)
✔ centre relation history distinguishes current candidate from original separation (0.390833ms)
✔ confirmation replay translates raw indices without date matching (0.332625ms)
✔ unknown, invalid or out-of-snapshot confirmations have no replay target (0.415042ms)
✔ connection badge validates shared time, price and alternating direction (0.844291ms)
✔ reverse preview uses observed extreme, not last close or a future target (1.579666ms)
✔ mirrored lows produce an upward reference (0.112583ms)
✔ no invented reference for missing, ambiguous, extending, or invalid inputs (0.101125ms)
✔ replay prefix cannot use a later extreme; ties retain first occurrence (0.112375ms)
✔ ongoing consolidation differs by color, line pattern, and fill (0.101917ms)
✔ defaults and bounded settings never expose strict price overrides (1.453875ms)
✔ evidence replay uses its own frozen period settings (0.456083ms)
✔ settings disclosure is closed by default and reuses existing controls (1.750291ms)
✔ actual component captures every selected period and failure; automatic work stays system-origin (22.3065ms)
✔ all collection failures are exportable reports, never empty success or recomputable invented bars (1.92075ms)
✔ missing response rows are retained as explicit errors; unexpected rows or cutoff cannot enter a saved result (4.005625ms)
✔ late study response cannot be saved after account (0.97425ms)
✔ late study response cannot be saved after input (1.0305ms)
✔ late study response cannot be saved after unmount (0.838416ms)
✔ invalid collection coverage cannot silently omit a period during import (1.674416ms)
✔ actual study freezes independent radar lineage, preserves it through import and recompute, and refuses foreign source (3.487667ms)
✔ task stores detached actual inputs, user submission and system polling (1.806625ms)
✔ invalidated submit resolve cannot revive result/error/spinner (52.1465ms)
✔ invalidated submit reject cannot revive result/error/spinner (1.454ms)
✔ invalidated poll resolve cannot revive result/error/spinner (6.120042ms)
✔ invalidated poll reject cannot revive result/error/spinner (2.789834ms)
✔ earlier request completion cannot stop a newer task or replace its context (3.24175ms)
✔ owner change stops polling and cannot attribute prior account result to the new account (4.948209ms)
✔ failed remains failure, never successful completion (0.777334ms)
✔ cancelled remains failure, never successful completion (0.809875ms)
✔ timed_out remains failure, never successful completion (0.144833ms)
✔ cancelling is not completed; wrong ID, malformed result and unknown status fail closed (1.375709ms)
✔ deadline aborts polling and explicitly says the server may still be running (16.264375ms)
✔ task API sends captured owner and abort signal; old callers remain compatible (29.666541ms)
✔ progress is bounded, readable work units rather than inferred total percent (2.664042ms)
✔ factor result review freezes complete task data without lookup or recomputation (32.43075ms)
✔ completed phase never publishes result while task is still running (17.015958ms)
✔ untrusted progress cannot be used to publish an apparently completed task (0.929166ms)
✔ historical review uses owner-bound read-only fetch and account invalidation (1.601084ms)
✔ task list rejects malformed responses instead of replacing records with undefined (36.981875ms)
✔ cancelling is not terminal and elapsed values remain readable (0.185041ms)
✔ runBacktestWithPolling waits through cancelling and returns cancelled (3.519208ms)
✔ runBacktestWithPolling waits through cancelling and returns timed_out (6.394ms)
✔ runSignalScanWithPolling waits through cancelling and returns cancelled (2.836292ms)
✔ runSignalScanWithPolling waits through cancelling and returns timed_out (1.748709ms)
✔ cancel API uses POST, and partial cancelled scan results are never accepted (0.308667ms)
✔ persistent recovery and version mismatch are distinct from completion (0.277667ms)
✔ terminal task deletion handles empty 204 and encodes identity (0.403334ms)
✔ checkpoint presence is not confused with verified reuse or task completion (1.301375ms)
✔ cached completed submission is retrieved rather than shown as running (0.455625ms)
✔ network failures are localized across WebKit, Chromium and Firefox (0.223084ms)
✔ tracking archive preserves raw input, precision, rules and can import read-only (2.897208ms)
✔ missing raw input (0.205375ms)
✔ wrong adjustment (0.095042ms)
✔ wrong period (0.109666ms)
✔ duplicate target (0.104334ms)
✔ false success (0.096458ms)
✔ unknown state (0.068208ms)
✔ cancelled empty expansion and partially completed batches retain actual states (0.102708ms)
✔ failed upload retries same identity and frozen payload, independent new batch gets a new identity (45.602209ms)
✔ late previous-owner save is discarded and never retried as the next account (0.374417ms)
✔ non-finite result stays unsaved rather than converting to null (0.167083ms)
✔ empty selections include every row, including incomplete results (1.058875ms)
✔ same period/column selections are OR, other columns and periods are AND (4.73625ms)
✔ total selection does not bypass other criteria; missing periods never count as neutral signals (0.311708ms)
✔ toggle/removal preserves all other selections and never mutates input (1.054333ms)
✔ status selection uses OR with empty meaning all; can combine with breadth (0.251292ms)
✔ route consumer can unmount and remount while the one sequential analysis continues (4.855417ms)
✔ explicit stop retains completed rows and marks running/unstarted rows cancelled (1.18275ms)
✔ owner change or revoked access clears results and rejects late old publications (0.448542ms)
✔ background completion includes per-target failure and expansion failure without false success (0.367584ms)
✔ cancel during board expansion cannot publish late entries (0.208834ms)
✔ tracking transport binds owner, stops on permission failure and does not relabel name/market requests (40.547708ms)
✔ late auth error on an already-cancelled old transport never stops the next job (0.263583ms)
✔ route delegates lifetime and owns bounded vertical scrolling; application binds ownership (0.896583ms)
✔ finished batches emit independent history even without a route consumer (0.633125ms)
✔ tracking identity separates asset types, exchanges and board catalogues (0.82725ms)
✔ cloud book validates without silently dropping corrupt groups or duplicate entries (1.45675ms)
✔ expansion preserves every member and all board/direct sources, not a 200-row display page (7.563375ms)
✔ membership failure is explicit and malformed partial membership is never accepted (0.618ms)
✔ batch runs sequentially, keeps partial errors and continues after a failed target (11.87275ms)
✔ cancellation marks in-flight and unstarted rows, ignoring a late success (0.58325ms)
✔ group breadth counts only available periods, never treats failed targets as neutral evidence (0.251583ms)
✔ every clickable breadth count equals matching target count; periods and point families stay independent (0.213541ms)
✔ exact current revision accepts only its own evidence without mutation (1.999125ms)
✔ old partition, stale version, future evidence and false completion are rejected (0.847666ms)
✔ historical audit cannot import a later opposite segment (0.234333ms)
✔ empty partitions and higher-proof priority retain explicit blockers (0.175542ms)
✔ new blockers use Chinese labels without calling prerequisites completion (1.26475ms)
✔ missing comparison interval is explained in Chinese without inventing a date (1.557208ms)
✔ special diagnostics identify each A indicator witness rather than the price witness (0.405459ms)
✔ nonstandard DEA axis gate remains explicit without an improvement requirement (0.331ms)
✔ DEA tolerance discloses research threshold, precise deviation and near-zero fallback (0.373083ms)
✔ wave evidence separates effective A from original wave and local pivots (10.760917ms)
✔ rounded equal line extrema disclose the precise failed values and witness times (0.299625ms)
✔ comparisons are explicitly research only and preserve B/C axis checks (0.496ms)
✔ unformed candidate shows Chinese gates, two-decimal values and rejection dates (0.190333ms)
✔ new nonstandard audit explicitly uses full A and first-formed reverse evidence explains gaps (0.304833ms)
ℹ tests 675
ℹ suites 0
ℹ pass 675
ℹ fail 0
ℹ cancelled 0
ℹ skipped 0
ℹ todo 0
ℹ duration_ms 8824.224167
→ 打包中…
→ 运行测试…
京东方评级: D 分数: 34.3
维度明细: 卡玛比率=22.7, 最大回撤=27.5, 胜率=33.5, 利润因子=34.1, 夏普比率=41.5, 波动率=50.1
否决: 利润因子 1.11 接近 1，仅勉强盈亏平衡
长线优质策略评级: B 分数: 64.5
维度权重: 卡玛比率=28%, 最大回撤=26%, 胜率=0%, 利润因子=0%, 夏普比率=23%, 波动率=23%
优质案例评级: A 分数: 83.9
寻优点评级: A 74
组合重算指标: { '年化': '20.83%', '回撤': '0.80%', '夏普': '5.27', '卡玛': '26.03' }
稳定上涨组合评级: S 91.8
波动组合重算: { '回撤': '44.15%', '夏普': '-2.64', '持续': 60 }
波动组合评级: D 18.5
✔ 新版组合评级使用后端采样，不按图表柱数重新日线年化 (1.523667ms)
✔ 必要风险指标缺失不能展示为零风险或正常评级 (0.245458ms)
✔ 无穷比率不等于满分，真实零利润因子仍按亏损判断 (0.1415ms)
✔ 京东方回测必须评为 D 档（用户核心诉求验证点） (0.855458ms)
✔ 京东方评分应在 30-43 区间（C 与 D 的边界） (0.517ms)
✔ 低利润因子触发系统亏损否决 (0.109625ms)
✔ 样本不足（< 10 笔交易）降权但不否决整个评级 (0.155959ms)
✔ 用户实测场景：6年6笔交易 + 高夏普 → 应得 A/B（核心回归测试） (0.172459ms)
✔ 深回撤 > 60% 触发直接 D 否决 (0.171584ms)
✔ 优质回测应得 A 或 S 档 (0.166917ms)
✔ 高回撤但收益高 → 最高 B（一票否决 cap） (0.093417ms)
✔ 插值函数：边界值取端点分数 (0.076042ms)
✔ 插值函数：中间值线性插值 (0.053083ms)
✔ 寻优评级：4 维度降级版 (0.095875ms)
✔ 寻优评级：网格点交易太少 → 降权但评级照常 (0.054958ms)
✔ 组合评级：稳定上涨净值应得 A 或 S (1.83ms)
✔ 组合评级：高波动深回撤净值 → 低档 (0.524333ms)
✔ combinedMetrics：单点净值返回全 0（兜底） (0.048167ms)
✔ 历史组合仅保留原值，不从曲线推断日线或重算评级 (0.468166ms)
✔ v1-v4、未知版本及不完整依据不伪装为新版结果 (0.573333ms)
✔ 新版结果使用已记录指标，真实 999 和零不被当作历史哨兵 (0.076458ms)
✔ 指标状态缺失或与数值冲突不能产出评级，包括被降权维度 (0.091ms)
✔ 低交易样本的真实不可用逐笔指标仍可降权，不误拦截可用净值评级 (0.097958ms)
✔ 寻优逐行核验新版采样与候选状态，输入范围不替代候选证据 (0.110542ms)
✔ 完整快照保留精度、真实 0/999、全部指标及版本且不关联可变输入 (0.637916ms)
✔ 策略保存接受真实 Vue 响应式结果，不因 Proxy 无法 structuredClone 而失败 (0.528708ms)
✔ 再次保存历史指标不补造新版计算或评级依据 (0.091375ms)
✔ 对比展示原值并指出版本、周期、范围与利率差异，不自动重算 (0.236625ms)
ℹ tests 28
ℹ suites 0
ℹ pass 28
ℹ fail 0
ℹ cancelled 0
ℹ skipped 0
ℹ todo 0
ℹ duration_ms 111.530959
