
> web-ui@0.0.0 test
> node scripts/run-tests.mjs

✔ tracking is restricted to active administrators and explicitly authorized users (0.408916ms)
✔ presence requires visible focused recent interaction and never negative elapsed time (0.107417ms)
✔ admin query descriptions label metadata and disclose truncated targets (1.100292ms)
✔ code labels use market-qualified identities and visible missing-name fallback (0.402083ms)
✔ name hydration is automatic, market-separated, bounded, and abort-aware (57.262708ms)
✔ all current chart inspector evidence stays readable without altering original nested data (13.857041ms)
✔ reject malformed fields reachable from overlays, popovers and every inspector section with exact paths (14.328292ms)
✔ optional old fields and empty failure checkpoints remain readable, no missing-state invention (0.130209ms)
✔ archive calendar validation rejects normalized impossible dates and illegal clock/offset values (7.386917ms)
✔ bar validation compares actual instants, retains raw strings, rejects equal instants and malformed volume (0.4125ms)
✔ existing frozen matrix bar sources remain readable without mutation (43.704541ms)
✔ event lists and evidence-set reordering never imply new or changed signals; originals remain intact (51.480667ms)
✔ state, lifecycle times and unrounded evidence are classified separately on the same identity (0.77925ms)
✔ same date across families and sides remains independent; true event additions/removals are distinct (0.416792ms)
✔ duplicate identities preserve all records and are never paired arbitrarily (3.382917ms)
✔ missing identity does not cause false removals or additions in its collection (0.415125ms)
✔ missing source/list is unknown, not empty or proof of no events (0.600042ms)
✔ never-candidate diagnostics match without A or reference, including special B-only records (0.572417ms)
✔ A trimming changes evidence not identity; original wave anchors and reference changes distinguish bases (2.736833ms)
✔ date normalization preserves intraday, microsecond and timezone distinctions (9.070666ms)
✔ source differences and unknown fields/ordered evidence are retained (0.702959ms)
✔ different instruments, periods or study results are not matched (0.087458ms)
✔ structure divergences are supported without inventing MACD wave anchors (0.261625ms)
✔ legacy local migration keeps original payload, precision, versions and unknown fields without upgrading (2.384959ms)
✔ cloud exports use latest metadata but retain the original immutable payload, not old cloud ID/revision (0.608375ms)
✔ study import preserves successful and failed periods plus original warmup and primary metadata (0.665875ms)
✔ unknown, incomplete, oversized and nonfinite backups are rejected, never uploaded as summaries (188.096375ms)
✔ all supported chart outputs preserve full precision, null warmups, style and instance order (42.011875ms)
✔ migration IDs survive rescanning/reload, preserve precision and isolate owners and changed content (14.616541ms)
✔ migration rejects missing owners, foreign archives and malformed inputs before upload (0.962833ms)
✔ post-inspection changes never upload under a previously confirmed identity (3.808875ms)
✔ lost response retries the same immutable body and id, without automatic retry or local deletion (1.648ms)
✔ stop or account changes before/after read and upload discard stale results (1.461ms)
✔ deleted cloud copies are not restored, purged copies and wrong response IDs are not treated as success (3.44625ms)
✔ chart plan freezes original data and uses original identity/window, not current selection (3.265584ms)
✔ missing volume/time/parameters and unsupported length never silently become a smaller/default study (12.68275ms)
✔ study plan preserves actual research settings and saved time labels (0.599666ms)
✔ saved structural settings survive chart and study archive replay; mismatch is rejected (0.709292ms)
✔ unrounded path diff distinguishes null, missing, structure, empty arrays, and ordering (0.264292ms)
✔ response must match request, instrument, version, scope and period identities (0.336667ms)
✔ new archive retains original bars/lineage but never relabels frozen old indicators as recomputed (0.372708ms)
✔ study without saved input retains an explicit uncomputed row, never pretends all periods succeeded (0.204792ms)
✔ complete indicator recompute preserves saved settings, checks response and saves only new values (1.346875ms)
✔ missing or unknown saved indicator parameters cannot borrow current defaults (0.352458ms)
✔ original valid study rows retain precision, unknown fields, true zero and no recomputation (2.445792ms)
✔ invalid nested fields become explicit per-period errors, not silently missing rows (0.531333ms)
✔ strict pen fields reject coercion and preserve historical source errors without reading their invalid nested fields (2.039958ms)
✔ duplicates are not cherry-picked and malformed or future rows remain in original-record entries (0.167958ms)
✔ full backtest file and cloud envelope retain all fields; no implicit Chanlun recompute (10.484ms)
✔ invalid cash cannot become a readable archive (0.617334ms)
✔ invalid params cannot become a readable archive (0.23725ms)
✔ invalid adjust cannot become a readable archive (0.744833ms)
✔ invalid null lineage cannot become a readable archive (0.7725ms)
✔ invalid net value cannot become a readable archive (0.379625ms)
✔ invalid future trade cannot become a readable archive (0.573583ms)
✔ invalid duplicate date cannot become a readable archive (0.592291ms)
✔ invalid missing metrics cannot become a readable archive (0.997459ms)
✔ invalid nested infinity cannot become a readable archive (0.302458ms)
✔ invalid coerced rejected cannot become a readable archive (0.614667ms)
✔ actual store freezes submitted input and result separately from later source mutation (269.462959ms)
✔ actual store rejects stale or failed owner run and clears prior archive (54.07675ms)
✔ actual store rejects stale or failed input run and clears prior archive (51.325959ms)
✔ actual store rejects stale or failed clear run and clears prior archive (22.912625ms)
✔ actual store rejects stale or failed failure run and clears prior archive (9.160292ms)
✔ trade lookup keeps the exact minute across separators, precision and days (2.071ms)
✔ date-only values cannot choose the midnight bar of an ambiguous day (0.235708ms)
✔ daily and duplicate exact timestamps keep first positional matches (0.232541ms)
✔ nanoseconds and timezone text are not truncated into a false match (0.180208ms)
✔ date labels preserve useful precision without local timezone conversion (0.219167ms)
✔ higher sources resolve actual records and separate original from current review time (1.06875ms)
✔ base sources and foreign witness rejection have distinct Chinese descriptions (0.093083ms)
✔ inconsistent candidate has no replay evidence: unknown reason (0.083458ms)
✔ inconsistent candidate has no replay evidence: prototype key (0.06725ms)
✔ inconsistent candidate has no replay evidence: future version (0.05425ms)
✔ inconsistent candidate has no replay evidence: future completion (1.624834ms)
✔ inconsistent candidate has no replay evidence: missing time (0.066167ms)
✔ inconsistent candidate has no replay evidence: empty source (0.111875ms)
✔ inconsistent candidate has no replay evidence: duplicate source (0.128375ms)
✔ inconsistent candidate has no replay evidence: unknown source (0.122042ms)
✔ inconsistent candidate has no replay evidence: mixed levels (0.121375ms)
✔ inconsistent candidate has no replay evidence: future child (0.065125ms)
✔ inconsistent candidate has no replay evidence: wrong child level (0.053833ms)
✔ inconsistent candidate has no replay evidence: duplicate record (0.045125ms)
✔ inconsistent candidate has no replay evidence: empty record range (0.051292ms)
✔ inconsistent candidate has no replay evidence: gap (0.05475ms)
✔ inconsistent candidate has no replay evidence: wrong parent range (0.037959ms)
✔ inconsistent candidate has no replay evidence: reversed sources (0.046ms)
✔ inconsistent candidate has no replay evidence: unsafe base number (0.052459ms)
✔ 80 percent transparency is 20 percent alpha, for both candle directions (1.258292ms)
✔ transparency stays finite, integer, and bounded (0.30925ms)
✔ body is symmetric around the unchanged wick across widths and fractional positions (9.250375ms)
✔ horizontal candles preserve every price coordinate (0.299334ms)
✔ missing or non-finite candle layouts are left untouched (1.328958ms)
✔ native ECharts layout remains centred after resize, zoom and data replacement (227.746167ms)
✔ zooming out of large-data line mode restores centred candle bodies (49.314208ms)
✔ structure widths retain existing defaults and hover appearance (1.26275ms)
✔ manual values stay finite, bounded, and at two decimal places (0.147125ms)
✔ raw index overrides rounded dates, including zero (0.663417ms)
✔ legacy intraday dates never fall back to the first bar of the day (0.109042ms)
✔ duplicate formatted times fail safely without a raw index (0.070125ms)
✔ padding keeps the 23px marker plus radius inside the price pane (0.145458ms)
✔ flat, zero and negative ranges get finite padding; invalid extents do not (0.106959ms)
✔ single-bar time link is a thin line limited to each actual plot (0.865208ms)
✔ multi-bar time link has no border and clips to plot, never clamps offscreen data to an edge (0.112791ms)
✔ time links map daily coverage to all minute bars, not a matching ordinal (0.177959ms)
✔ weekly and monthly end-labelled bars cover earlier constituent dates without changing data (1.713458ms)
✔ nearest marker wins regardless of signal family, only co-located points share chooser (2.0655ms)
✔ immutable request cache deduplicates pending work, isolates payload keys and retries errors (0.335625ms)
✔ all six structural types keep extrema and confirmation separate with original evidence (0.632416ms)
✔ legacy records do not invent confirmation or structural sources (0.210791ms)
✔ M1 keeps independent MACD source and original direction, never a structural type (2.869708ms)
✔ all chart layers override independent animation and progressive rendering (0.847292ms)
✔ archive tooltip labels and evidence remain text, not active HTML (0.446417ms)
✔ rejects invalid saved zooms (0.849834ms)
✔ same-snapshot redraw keeps current manually chosen view (0.124416ms)
✔ focus redraw keeps manual zoom; clearing restores pre-focus view (0.077083ms)
✔ switching focus preserves the original return view (0.06675ms)
✔ new snapshot resets saved focus view and never revives old zoom (0.064ms)
✔ default inactive; moving does not show cards and leaving does not deactivate (1.85ms)
✔ object previews can read date-card activation without activating it (0.342917ms)
✔ click selects a point; outside click closes; inside click is not dismissed (0.406959ms)
✔ activated cards follow movement until outside dismissal, then require another click (0.473625ms)
✔ zoom clears stale coordinates but preserves activation (0.208583ms)
✔ data reset and Escape deactivate; teardown removes all handlers (0.3275ms)
✔ archive requests bind current owner and bypass browser cache (18.856375ms)
✔ cloud directory validates all rows, quotas and identities without dropping broken entries (10.424625ms)
✔ original detail requires an object payload but action receipts may omit it (0.324667ms)
✔ account change discards delayed success and delayed errors (0.203833ms)
✔ unauthenticated archive requests do not reach server; structured conflicts remain actionable (0.170125ms)
✔ upload retries retain immutable captured body and all numerical precision (0.177ms)
✔ directed centre chain is candidate evidence, not completion (0.930209ms)
✔ touching, opposing, future, overlapping or malformed chains fail closed (0.228625ms)
✔ single-centre and legacy components remain readable (0.081334ms)
✔ inside, border, reversed y and overlapping rectangles resolve newest first (0.782917ms)
✔ invalid or missing render coordinates cannot create hits (0.082292ms)
✔ popup stays within narrow viewport and near-edge right click (0.089167ms)
✔ roles are Chinese and unknown roles never claim completion (1.164334ms)
✔ source ranges keep one-based indices without disguising gaps (0.119541ms)
✔ coverage checks counts, repeats and missing IDs (0.225791ms)
✔ missing, empty and rejected suffix are explicit (0.073708ms)
✔ invalid counts and empty blocks cannot pass the coverage audit (0.081875ms)
✔ uses raw indices, allows shared endpoints and bounds zoom padding (1.000208ms)
✔ does not invent a B interval or infer indices from formatted dates (0.164209ms)
✔ rejects partial, reversed, overlapping and out-of-snapshot evidence (0.124708ms)
✔ allows inspection of historical failed evidence without reviving it (0.109708ms)
✔ local proof draws frozen exact endpoints only after its actual confirmation (0.163792ms)
✔ dual-line divergence uses two exact raw indices, never artificial ABC ranges (0.184708ms)
✔ dual-line focus rejects missing, duplicate, reversed and out-of-range points (0.096833ms)
✔ special wave focus uses AB and its extreme without inventing C (0.099166ms)
✔ direction, family and lifecycle have independent marker styles (0.572291ms)
✔ no-C dual-line remains a circle and fills only on first reverse-pen confirmation (0.784917ms)
✔ M1 is restricted to confirmed waves with a later actual confirmation (0.722917ms)
✔ four families retain independent records and nonstandard uses a triangle (0.193541ms)
✔ October 4 marker matrix uses shape for family and colour only for direction (0.125834ms)
✔ special AB evidence separates A line extrema from both price anchors and legacy pivots (0.130459ms)
✔ history is opt-in, inactive stays grey hollow, never creates M1 (0.105958ms)
✔ every historical shape uses a continuous hollow contour, including on hover (13.2465ms)
✔ new nonstandard evidence relaxes prices only and records each subtype (0.152708ms)
✔ new dual rule cannot fill without recorded later local confirmation (0.102917ms)
✔ historical engineering match retains original timing without claiming regrouping completion (0.942ms)
✔ future, stale, mismatched or incomplete evidence fails closed (0.306542ms)
✔ older snapshots and unmatched parts keep existing natural audit available (0.064667ms)
✔ engineering provenance uses the same one-based numbering as other inspectors (15.476791ms)
✔ mixed recursion distinguishes consolidation and trend from the old trend view (0.322417ms)
✔ unknown or reversed provenance is not presented as a completed trend (0.085833ms)
✔ indicator and price values use two decimals without inventing missing evidence (0.080875ms)
✔ recursive centre relations never call extension candidates completed types (0.733125ms)
✔ admissions distinguish unit confirmation from later failed-return admission (0.080167ms)
✔ display fields retain all text including dates, provenance, and secondary colons (0.782209ms)
✔ narrative, missing evidence, and timestamp headings remain whole (0.095583ms)
✔ selects the exact source without replacing missing comparison periods with the primary (0.411958ms)
✔ prefix audit preserves original warmup snapshot and its own instrument and period (0.401542ms)
✔ rejects invalid positions, missing identity and explicitly unclosed prefix data (4.956584ms)
✔ optimization carries full execution and identity without live defaults (75.933417ms)
✔ malformed, mixed, missing or conflicting optimization context never silently defaults (0.936834ms)
✔ multi original replay preserves costs, slots and adjustment; extend changes only end dates (0.367083ms)
✔ multi rejects corrupt and incompatible slots without dropping or repairing any (0.425625ms)
✔ legacy missing settings are disclosed with deterministic defaults, explicit invalid values rejected (0.385167ms)
✔ combining equal-account singles preserves per-slot cash and costs; conflicts rejected not rewritten (0.66525ms)
✔ all candidate states distinguish eligibility from completed natural types (0.501417ms)
✔ opposite geometry identifies reused next-part evidence, including nonzero source IDs (0.545375ms)
✔ external opposite geometry is not added to candidate membership (0.093708ms)
✔ missing, stale, misattributed or future opposite geometry is not displayed as matched (0.131875ms)
✔ preferred endpoints are never called completed types; conflicts are retained (0.071541ms)
✔ opposite base turn is not same-level completion (0.088959ms)
✔ price formatting preserves zero and boundary contact, guards non-finite values (0.103542ms)
✔ candidate audit joins by identity, not response order (0.076709ms)
✔ part audit must match ordinal AND exact raw source IDs, including shifted IDs (5.420583ms)
✔ locates the three raw ranges without relabelling them as MACD or confirmed centres (1.025209ms)
✔ candidate must already be observable at the CURRENT replay prefix (0.165625ms)
✔ no incomplete, waiting or unsupported candidate is given a fabricated range (0.094959ms)
✔ raw bar boundaries must be contiguous and inside the visible window (0.133666ms)
✔ source partitions must cover every original segment once, preserving nonzero IDs (0.110917ms)
✔ conflicting geometric fallback remains viewable for manual audit (0.069916ms)
✔ clearing a regrouping focus restores original zoom; a new replay snapshot does not (0.112667ms)
✔ membership labels distinguish source confirmation from later admission (0.4665ms)
✔ admission witness distinguishes confirmation dependency from geometric membership (0.087208ms)
✔ old or malformed evidence never invents an admission witness (0.068833ms)
✔ real frozen result archives preserve every input, missing tag, precision and failed factor (12.678666ms)
✔ factor cloud envelope imports as independent copy without original identity (1.774875ms)
✔ partial or incompatible archives fail explicitly, not repaired from the current catalog (512.289ms)
✔ read-only renderer has no execution or market API imports; explicit replay is separate (5.504459ms)
✔ same-account profile refresh preserves replay state; identity changes invalidate synchronously (1.095333ms)
✔ benchmark dependency uses declared input not a guessed name (0.831209ms)
✔ frozen exact pairing retains absent date and rejects silent fill or replacement (2.933459ms)
✔ failed auxiliary fetch must be explicitly recorded for both fields; legacy needs none (0.127875ms)
✔ UI exposes benchmark conditionally and invalidates both research paths (3.84ms)
✔ library navigation and Chinese/identifier/family search preserve full matching set (11.189292ms)
✔ availability is evaluated by adjustment and period without mutating selections (0.597916ms)
✔ single and multi-track axes share compact large units and distinct small ticks (3.610541ms)
✔ correlation uses its mathematical range; raw factors keep their own scale (0.470208ms)
✔ tiny values remain visible and tooltip raw precision is not rounded (0.268375ms)
✔ percentage is presentation only, gaps and source values are preserved (1.069167ms)
✔ disabled combination does not add implicit weights; enabled selection is explicit (0.887ms)
✔ actual Python report preserves the combination through export and read-only reopen (37.886125ms)
✔ incomplete or contradictory composition archive is rejected, never repaired (70.796167ms)
✔ horizon selection is bounded, canonical and never silently amended (1.420042ms)
✔ horizon view uses frozen results without changing configuration or primary report (17.162875ms)
✔ all horizons survive draft/export/import and old single archives still read (26.908708ms)
✔ missing windows, wrong labels and disagreement with primary reports fail closed (143.958917ms)
✔ request selection invalidates immediately; display-only switching does not (7.134916ms)
✔ multiple horizons dispatch one explicitly manual request with complete selection (110.905958ms)
✔ dimensionless exponents are not presented as bar counts (0.437542ms)
✔ named GTJA dependency paths use maximum chain and all edited windows (12.890292ms)
✔ GTJA compound windows and cross-library identical mean ratios are explicit (0.172166ms)
✔ parameter selection copies only active settings without mutating cached settings (1.356208ms)
✔ builtin decimal multiplier, ordering, effective identity and actual labels (5.199958ms)
✔ reset only one parameter, retain other overrides without mutating input (0.714875ms)
✔ history warning uses full effective warmup, not all parameters as rolling windows (0.175125ms)
✔ names and validation use actual windows; equivalent formula choices rejected (0.194458ms)
✔ recompute task request binds owner, source revision and manual intent; polling stays automatic (177.498458ms)
✔ history retains the complete recompute envelope, not just numerical results (23.017875ms)
✔ replay uses shared task invalidation and archive saving preserves replay metadata (2.639ms)
✔ statistics version is frozen provenance, never inferred as the current version (1.433666ms)
✔ factor glossary accepts standard abbreviations with spaces or underscores (0.182917ms)
✔ factor missing values never become valid zero (0.770208ms)
✔ factor ranking is stable, non-mutating and missing-last in both directions (48.582041ms)
✔ small factor values do not round to fake zeros; raw precision keeps original number (0.104834ms)
✔ compatibility aliases are only shown for exact legacy lookup or active selection (0.109708ms)
✔ series automatic initialization is system intent, only deliberate task submission is a query (43.254042ms)
✔ saved series task reopens as series without lookup, all diagnostics and original inputs survive (59.862334ms)
✔ cleared series execution cannot publish an old stock result (0.232708ms)
✔ live series and history use shared tasks, invalidate on input/account/route and never treat as trading backtest (7.538459ms)
✔ late catalog never submits after unmount, input/account/tab changes, or manual run (0.25425ms)
✔ failed catalog does not silently start default research or publish after leaving (0.149833ms)
✔ favorite IDs are bounded, deduplicated and malformed saved preferences never get overwritten (2.378458ms)
✔ favorites use acknowledgment and only patch their own key; same-session writes serialize (0.459375ms)
✔ failed favorite updates do not pretend success and can retry (0.246ms)
✔ other preference acknowledgment exposing pending patch cannot fake a saved favorite (0.204417ms)
✔ owner switch clears state immediately and old failure cannot affect new save (1.452667ms)
✔ series compare shares all x axes but preserves independent raw values, scales, gaps and tooltip precision (1.06875ms)
✔ future appending leaves prior plotted values unchanged, missing is never replaced by zero (0.189166ms)
✔ multi-factor comparison is reused in live and read-only views, favorites do not change research settings (1.291667ms)
✔ factor submission marks only explicit dispatch, preserves owner/signal, polling/cancel stay automatic (20.485834ms)
✔ cancel acknowledged during pending poll cannot regress UI or publish partial result (12.924459ms)
✔ late cancellation cannot revive cleared or changed-account task UI (0.642541ms)
✔ unconfirmed cancellation keeps polling; successful task remains recoverable (36.151709ms)
✔ factor panel uses shared execution and distinguishes cancel from detach (6.5935ms)
✔ explicit stock-only finite latest selection; missing and fund/index stay unavailable (4.137125ms)
✔ origin and precision survive JSON and later group membership edits (3.319458ms)
✔ only explicit action writes owner assertion and source revision, never sends computed score (57.227125ms)
✔ late owner response rejected; permission denial and source mismatch not successful (13.614708ms)
✔ time modes construct explicit configs without random dates or implied training (24.476167ms)
✔ invalid dates, hidden shrinkage and numeric coercion are rejected (1.892167ms)
✔ full frozen time results survive import, draft and readonly validation unchanged (19.209458ms)
✔ missing, mismatched and nonfinite temporal archive results fail explicitly (7.719291ms)
✔ changes invalidate synchronously; same-account profile refresh does not change split (2.363292ms)
✔ menus stay inside phone, keyboard and landscape viewports (1.124416ms)
✔ near-bottom controls open upwards without changing ordinary desktop width (0.115833ms)
✔ warmup null, missing and invalid indicator values never become invented zeroes (12.000875ms)
✔ freeze all supported indicator outputs, warmup holes, volume averages and exact numerical precision (29.608125ms)
✔ frozen playback keeps captured values despite different current prices and never queries APIs (1.676375ms)
✔ malformed or mismatched frozen values fail closed, never fall back to recomputation (0.731709ms)
✔ marker hit uses signed stacking offset for both directions, not candle position (0.442917ms)
✔ symbol size and invalid render positions are handled safely (0.085833ms)
✔ market tab changes discard old success and cannot stop the new spinner (227.777208ms)
✔ market late failure after filter cannot resurrect an error (22.279708ms)
✔ market late failure after owner cannot resurrect an error (71.399583ms)
✔ market late failure after unmount cannot resurrect an error (28.617916ms)
✔ directory count failure preserves valid rows; late totals cannot cross markets (21.971625ms)
✔ board selection clears old details and ignores slower preceding member responses (63.254542ms)
✔ board list filter changes invalidate pending member requests and prevent old auto-selection (52.256541ms)
✔ default board preload remains system-origin after manual list refresh (41.53075ms)
✔ belonging response after stock cannot change results or stock history (22.479292ms)
✔ belonging response after owner cannot change results or stock history (18.170375ms)
✔ belonging response after unmount cannot change results or stock history (25.739417ms)
✔ current belonging success records captured stock; concurrent member failure has separate feedback (33.695791ms)
✔ market selection uses loaded market, clears on filters, and distinguishes shared stock/index codes (21.4295ms)
✔ board analysis uses result classification; members require their own market (97.062292ms)
✔ aborted late response cannot publish metadata even if transport ignores abort (25.166333ms)
✔ missing provenance or silently changed adjustment never reaches research (0.149875ms)
✔ reported gaps do not falsely label suspension or prevent inspecting valid candles (0.116667ms)
✔ history fetch consumes one verified range and publishes complete metadata only after validation (1.50775ms)
✔ unclosed response never updates provenance or reaches the backtest (0.32575ms)
✔ null, true zero, infinities and real 999 are distinct after JSON roundtrip (0.452042ms)
✔ single, saved and comparison results retain authoritative metric basis (0.426ms)
✔ whole proof validated without mutation, and cross-role ownership remains visible (1.148709ms)
✔ stale, future, duplicated, incomplete, falsely completed and mismatched sources rejected (2.224959ms)
✔ base runs cannot masquerade as proofs or own multiple provisional regions (0.386416ms)
✔ blocked covers show full conflicts, never fabricated flattened blocks (0.3585ms)
✔ labels retain provisional scope (0.868ms)
✔ all seven MA presets are available but only MA5 and MA10 start visible (27.18ms)
✔ each chart session gets independent editable settings without changing presets (0.140917ms)
✔ MA presets retain the requested yellow, white, purple, green, cyan, orange, red palette (0.092541ms)
✔ legend retains every MA choice and explicit hidden states override stale chart selection (0.120416ms)
✔ cross-boundary details resolve actual input and nested ownership records (1.692625ms)
✔ unowned reverse evidence stays explicitly unowned for boundary rejection (0.136583ms)
✔ foreign witness can be shown for an otherwise single-owner candidate (0.105334ms)
✔ legacy candidates do not invent missing conflict details (0.123875ms)
✔ damaged detail is not presented: mismatched candidate sources (0.08525ms)
✔ damaged detail is not presented: wrong layer (0.060292ms)
✔ damaged detail is not presented: unknown reverse input (0.061958ms)
✔ damaged detail is not presented: wrong reverse range (0.074041ms)
✔ damaged detail is not presented: reverse overlaps prices (0.0845ms)
✔ damaged detail is not presented: future reverse confirmation (0.111542ms)
✔ damaged detail is not presented: wrong reverse time (0.067167ms)
✔ damaged detail is not presented: incomplete domain list (0.069416ms)
✔ damaged detail is not presented: duplicate domains (0.049792ms)
✔ damaged detail is not presented: noncontinuous domain (0.044ms)
✔ damaged detail is not presented: foreign domain misses witness (0.049584ms)
✔ damaged detail is not presented: false unowned witness (0.161708ms)
✔ damaged detail is not presented: missing nested record (0.2875ms)
✔ damaged detail is not presented: wrong reason (0.106208ms)
✔ only current owner revisions form the displayed ownership set (0.834667ms)
✔ internal provenance remains distinct and validates enclosing ownership (0.368333ms)
✔ parent-covered history is not labeled as an additional effective input (0.074791ms)
✔ nested provenance validates containment and strictly increasing input levels (0.174709ms)
✔ current owner labels are distinct from creation IDs and tolerate old snapshots (0.102417ms)
✔ summary mode lists every historical address, not just current versions (0.904167ms)
✔ full and missing legacy snapshots stay readable without inventing history (0.084833ms)
✔ all four analysis paths explicitly request summary delivery without changing input (3.341583ms)
✔ complete lifecycle stays chronological, does not mutate input, and uses Chinese labels (1.299ms)
✔ legacy or future history is not invented (0.122459ms)
✔ dangling, reordered, duplicated, miscounted and conflicting histories fail closed (2.975208ms)
✔ equal counts cannot hide swapped source identities (0.1ms)
✔ intermediate event boundaries must equal actual inherited and added sources (0.078708ms)
✔ input evidence must exist at the correct level and be available at admission (0.224ms)
✔ invalid domain sources, membership and parent context fail closed (0.164541ms)
✔ leftward growth, shifted sources and newly filled merge gaps remain valid (0.149666ms)
✔ both periods exclude future and open candles while retaining original warm-up start (0.609708ms)
✔ snapshot observation time caps cutoff; bar start before cutoff is not enough (0.081333ms)
✔ no timeframe fallback or fabricated candles when historical minute range is unavailable (0.062375ms)
✔ index and board snapshots retain NONE adjustment, mismatch is rejected (0.220416ms)
✔ missing completion evidence, timezone timestamps and unordered bars fail explicitly (0.141625ms)
✔ week/month completion boundary comes from provider annotation, not day label (0.102292ms)
✔ matrix defaults to five requested periods and includes separate buy/sell evidence column (0.994958ms)
✔ does not turn current reversal observation into a confirmed opposite pen (0.161916ms)
✔ keeps true zero distinct from missing, and numerical display never overwrites original axis judgment (0.121166ms)
✔ keeps divergence family, extrema and actual confirmation separate; never drops records (24.063917ms)
✔ missing pen and divergence are bounded claims; quality limitations stay visible (0.267042ms)
✔ buy/sell evidence distinguishes missing old archives, no points, structure and M1 (0.202458ms)
✔ portfolio: all original values survive import and cloud envelope; no Chanlun recompute (60.250458ms)
✔ portfolio: actual component fetches only explicitly, binds owner/request/result and freezes capture (32.846334ms)
✔ portfolio: late receipt discarded after owner (1.178792ms)
✔ portfolio: late receipt discarded after request (1.097042ms)
✔ portfolio: late receipt discarded after task (0.895ms)
✔ portfolio: late receipt discarded after result (2.051458ms)
✔ portfolio: late receipt discarded after busy (3.990167ms)
✔ portfolio: late receipt discarded after unmount (0.870292ms)
✔ portfolio: invalid missing rejected (0.188084ms)
✔ portfolio: invalid allocation rejected (0.232791ms)
✔ portfolio: invalid metadata rejected (0.114917ms)
✔ portfolio: invalid date rejected (0.105625ms)
✔ portfolio: invalid precision rejected (0.18ms)
✔ portfolio: invalid curve rejected (0.145875ms)
✔ portfolio: invalid request rejected (0.073833ms)
✔ portfolio: invalid trade rejected (0.145792ms)
✔ portfolio: unavailable or different task never falls back to fetching data (2.187167ms)
✔ multi_strategy: all original values survive import and cloud envelope; no Chanlun recompute (1.086583ms)
✔ multi_strategy: actual component fetches only explicitly, binds owner/request/result and freezes capture (2.853583ms)
✔ multi_strategy: late receipt discarded after owner (2.225ms)
✔ multi_strategy: late receipt discarded after request (2.305708ms)
✔ multi_strategy: late receipt discarded after task (1.113084ms)
✔ multi_strategy: late receipt discarded after result (0.769667ms)
✔ multi_strategy: late receipt discarded after busy (0.701417ms)
✔ multi_strategy: late receipt discarded after unmount (1.694541ms)
✔ multi_strategy: invalid missing rejected (31.054833ms)
✔ multi_strategy: invalid allocation rejected (6.098333ms)
✔ multi_strategy: invalid metadata rejected (0.7735ms)
✔ multi_strategy: invalid date rejected (0.12825ms)
✔ multi_strategy: invalid precision rejected (0.211833ms)
✔ multi_strategy: invalid curve rejected (0.884334ms)
✔ multi_strategy: invalid request rejected (0.391375ms)
✔ multi_strategy: invalid trade rejected (0.35725ms)
✔ multi_strategy: unavailable or different task never falls back to fetching data (12.317ms)
✔ normalized server defaults may extend but not alter submitted parameters (0.089083ms)
✔ library original/extended multi replay uses saved costs despite global preference changes (228.330167ms)
✔ portfolio load -> actual store task lifecycle -> save uses identical context and all costs (144.09775ms)
✔ portfolio catalog-stage input is isolated before saved fetch (114.76225ms)
✔ portfolio catalog-stage params is isolated before saved fetch (171.558167ms)
✔ portfolio catalog-stage owner is isolated before saved fetch (70.686375ms)
✔ portfolio catalog-stage failure is isolated before saved fetch (46.925084ms)
✔ portfolio catalog-stage empty is isolated before saved fetch (26.908416ms)
✔ pending portfolio cannot survive input (24.3705ms)
✔ pending portfolio cannot survive owner (107.689709ms)
✔ pending portfolio cannot survive unmount (42.7025ms)
✔ store account epoch clears completed results in all four task families (46.827958ms)
✔ runPortfolio old account error is ignored even after switching back (34.619417ms)
✔ runMultiStrategy old account error is ignored even after switching back (33.758041ms)
✔ runOptimize old account error is ignored even after switching back (29.814083ms)
✔ runOptimizeAll old account error is ignored even after switching back (21.899834ms)
✔ optimizer takes an input snapshot before awaiting bars and hands off the result strategy/adjustment (24.3165ms)
✔ portfolio late save cannot close or annotate newly changed configuration (21.85475ms)
✔ library name lookup cannot mix later input or account into a save (79.241458ms)
✔ library saves a multi result with submitted adjustment, not the later global preference (26.039375ms)
✔ late library list cannot replace a newly created record and owner change clears all personal rows (18.525ms)
✔ portfolio identity rejects mixed markets, repeats and invalid lengths (0.251084ms)
✔ late preference response cannot revert a newer adjustment; queued patch is captured (195.272375ms)
✔ account switch drops old queue, permits new account immediately and ignores late response (36.629875ms)
✔ same-account logout/login does not accept response from prior session epoch (15.839125ms)
✔ failed saves reject caller, do not wedge queue or restore stale role permissions (13.155166ms)
✔ mismatched response owner and logged-out saves are rejected (11.959917ms)
✔ market preference watcher survives the first route unmount and follows owner changes (47.632ms)
✔ tracking ownership watcher survives route scope disposal and clears on revocation or logout (181.714875ms)
✔ late name hydration cannot write across accounts; new owner hydrates independently (36.4605ms)
✔ sidebar hydration never writes, old-owner timers cancel, failures are handled (172.032583ms)
✔ forming candles preserve OHLC and use dashed empty outlines (0.415958ms)
✔ forming volume and signed MACD columns preserve values and direction (1.012583ms)
✔ query defaults to system, manual intent is synchronous and explicit (3.551708ms)
✔ direct bar snapshot fetch preserves explicit intent, including failed requests (69.789292ms)
✔ pending manual requests do not mark concurrent automatic work or async continuations (0.128541ms)
✔ API dispatch tags manual queries but excludes automatic name lookup and task polling (5.284959ms)
✔ save keeps original full input separate from replay prefix, fully detached from live state (8.618042ms)
✔ same-bar opposite signals remain distinct; source survives JSON import without task or network (2.610917ms)
✔ recompute uses only saved chart prefix, keeps original scan signals and version unchanged (1.520166ms)
✔ reject wrong target before saving; never silently drop invalid lineage (0.610708ms)
✔ reject board target before saving; never silently drop invalid lineage (0.278ms)
✔ reject wrong market before saving; never silently drop invalid lineage (0.251791ms)
✔ reject reference before saving; never silently drop invalid lineage (0.1435ms)
✔ reject invalid date type before saving; never silently drop invalid lineage (0.13525ms)
✔ reject noncanonical cutoff before saving; never silently drop invalid lineage (0.138833ms)
✔ reject row summary before saving; never silently drop invalid lineage (0.458792ms)
✔ reject row last date before saving; never silently drop invalid lineage (0.929625ms)
✔ reject outside signal window before saving; never silently drop invalid lineage (0.763333ms)
✔ reject row source before saving; never silently drop invalid lineage (0.978084ms)
✔ reject row requested adjust before saving; never silently drop invalid lineage (0.584833ms)
✔ reject row quality before saving; never silently drop invalid lineage (0.617416ms)
✔ reject open candle before saving; never silently drop invalid lineage (1.929875ms)
✔ reject unsupported storage before saving; never silently drop invalid lineage (0.316125ms)
✔ legacy snapshot without original input still opens without invented source (0.34975ms)
✔ original task references round-trip and legacy references remain distinguishable (2.893167ms)
✔ cache receipt must be a real ID string, never coerced or inherited from another owner (0.789583ms)
✔ all frozen bars and precision survive; changed code is disclosed, not represented as old execution (1.988125ms)
✔ invalid original receipt task stops instead of substituting live data (0.562292ms)
✔ invalid original receipt row stops instead of substituting live data (0.236375ms)
✔ invalid original receipt market stops instead of substituting live data (0.220875ms)
✔ invalid original receipt symbol stops instead of substituting live data (0.226833ms)
✔ invalid original receipt params stops instead of substituting live data (0.148125ms)
✔ invalid original receipt strategy stops instead of substituting live data (0.250959ms)
✔ invalid original receipt fingerprint stops instead of substituting live data (0.193084ms)
✔ invalid original receipt adjust stops instead of substituting live data (0.089958ms)
✔ invalid original receipt signal stops instead of substituting live data (0.097416ms)
✔ invalid original receipt malformed signals stops instead of substituting live data (0.063667ms)
✔ invalid original receipt row error stops instead of substituting live data (0.053708ms)
✔ invalid original receipt storage stops instead of substituting live data (0.055458ms)
✔ invalid original receipt version stops instead of substituting live data (0.069083ms)
✔ invalid original receipt missing bars stops instead of substituting live data (0.162708ms)
✔ invalid original receipt null bar stops instead of substituting live data (0.159375ms)
✔ invalid original receipt order stops instead of substituting live data (0.10375ms)
✔ invalid original receipt open bar stops instead of substituting live data (0.06275ms)
✔ invalid original receipt future stops instead of substituting live data (0.255417ms)
✔ invalid original receipt negative duration stops instead of substituting live data (0.125292ms)
✔ invalid original receipt missing cutoff stops instead of substituting live data (0.062292ms)
✔ invalid original receipt number string stops instead of substituting live data (0.07375ms)
✔ invalid original receipt NaN stops instead of substituting live data (0.058375ms)
✔ invalid original receipt bad low stops instead of substituting live data (0.062333ms)
✔ invalid original receipt negative volume stops instead of substituting live data (0.064041ms)
✔ API sends owner and abort signal with no-store; unavailable receipt never calls a live feed (54.153208ms)
✔ radar submits captured owner with manual intent, polls as system, and preserves old cache adjustment (48.637875ms)
✔ late submit after adjust cannot become a scan result or cache (26.7335ms)
✔ late submit after window cannot become a scan result or cache (0.95975ms)
✔ late submit after owner cannot become a scan result or cache (5.563125ms)
✔ late submit after roundtrip cannot become a scan result or cache (2.862875ms)
✔ late submit after unmount cannot become a scan result or cache (1.541417ms)
✔ late poll after adjust cannot become a scan result or cache (1.29975ms)
✔ late poll after window cannot become a scan result or cache (3.516375ms)
✔ late poll after owner cannot become a scan result or cache (6.856958ms)
✔ late poll after roundtrip cannot become a scan result or cache (1.543083ms)
✔ late poll after unmount cannot become a scan result or cache (0.749625ms)
✔ a failed new scan cannot re-display or replace old success; explicit retry is independent (1.124083ms)
✔ invalid result rows is never cached (1.036625ms)
✔ invalid result counts is never cached (1.583458ms)
✔ invalid result id is never cached (1.145208ms)
✔ storage denial preserves valid live results with an explicit notice (0.764209ms)
✔ actual picker loads the original complete warmup and stores actual dates, not form defaults (12.048ms)
✔ failed original input does not fall back to newly fetched prices (1.07625ms)
✔ pending original input cannot commit after owner (9.73ms)
✔ pending original input cannot commit after code (1.096833ms)
✔ pending original input cannot commit after unmount (3.170125ms)
✔ radar review captures row adjustment, exact minute, strategy and original cutoff (0.918541ms)
✔ invalid or legacy reviews fail explicitly without guessing data or adjustment (0.441375ms)
✔ exchange-local dates validate without browser timezone conversion (0.082708ms)
✔ review excludes future and unclosed bars, resets derived fingerprint and reports actual range without mutating source (1.840083ms)
✔ radar cache is owner scoped and malformed/legacy records never enter the UI (0.760083ms)
✔ late messages, close and errors from an old socket cannot affect replacement (0.861416ms)
✔ invalid messages and control responses never become ticks; close reason retained (0.160875ms)
✔ matching versions are selected by case identity without mutation (8.625ms)
✔ future snapshots, wrong rules, incomplete chains and duplicate cases are rejected (0.287708ms)
✔ labels never confuse endpoint consistency or higher-centre proof with completion (0.146458ms)
✔ v2 keeps the detached prefix and v1 remains readable (0.341958ms)
✔ v3 supports trend search while retaining the same ownership guards (0.211ms)
✔ missing, duplicated, misattributed or silently completed prefix is rejected (0.354667ms)
✔ reincorporation is recorded explicitly instead of erasing detached history (0.537292ms)
✔ accepts bounded history and empty verified batches (0.566666ms)
✔ rejects wrong batch, future indices, broken sources and contradictory state (1.400166ms)
✔ research labels distinguish absence, release, retained and internal (0.284084ms)
✔ late old responses cannot own a newer research request (1.572375ms)
✔ submission fields are captured values, not mutable form references (0.970334ms)
✔ navigation preserves explicit stock/index/fund/board identity and parameters without auto run (1.5455ms)
✔ ambiguous identity is rejected rather than guessed or numeric code padded (0.135291ms)
✔ query parser rejects incomplete, duplicate, incompatible and mixed-context values (1.998084ms)
✔ snapshot import keeps original data and normalizes optional display metadata (2.922542ms)
✔ reject invalid schema, periods, oversized arrays and impossible candle prices (0.404625ms)
✔ cloud archives retain larger frozen windows and all supported distinct periods (13.96675ms)
✔ import keeps valid frozen outputs and rejects mismatched frozen data instead of recomputing (0.429584ms)
✔ window is exchange local and bounded by the snapshot cutoff (0.558167ms)
✔ missing numbers and candidate status are never promoted (0.094458ms)
✔ amber projection resolves daily and minute labels, ignores open candle (0.2745ms)
✔ three workspaces are keyboard traversable without dropping an existing mode (1.788375ms)
✔ mobile comparison shows exactly the selected snapshot; desktop shows both (0.225875ms)
✔ inactive research never starts automatic work, valid active research does (0.25525ms)
✔ saved single strategy restores market, period, adjustment and all execution costs exactly (4.132916ms)
✔ missing legacy fields disclose supplied defaults instead of claiming complete restoration (1.821458ms)
✔ explicit contradictory market and unsupported instruments are not silently rewritten (1.36875ms)
✔ invalid present fields are errors, not fallback defaults (0.326125ms)
✔ saved links identify records only and cannot inject alternate execution context (0.195625ms)
✔ market entry preserves local dates and strategy, runs only on explicit request (9.6785ms)
✔ boards entry preserves local dates and strategy, runs only on explicit request (1.662334ms)
✔ mixed market context blocks all loading and computation: savedStrategyId (3.612708ms)
✔ mixed market context blocks all loading and computation: optimizationContext (1.025291ms)
✔ mixed market context blocks all loading and computation: autoRun (0.957458ms)
✔ mixed market context blocks all loading and computation: unexpected (0.906209ms)
✔ slow catalog cannot overwrite input with a market entry (11.234292ms)
✔ slow catalog cannot overwrite owner with a market entry (3.859458ms)
✔ catalog-stage input cannot restore saved inputs or dispatch a task (4.727375ms)
✔ catalog-stage params cannot restore saved inputs or dispatch a task (3.903583ms)
✔ catalog-stage owner cannot restore saved inputs or dispatch a task (4.416791ms)
✔ catalog-stage failure cannot restore saved inputs or dispatch a task (4.510125ms)
✔ optimization context restores every execution field and malformed context blocks dispatch (1.791708ms)
✔ actual backtest view loads exact saved context without running, then saves the configuration used (3.01725ms)
✔ saving original radar warmup uses loaded input dates, not hidden form defaults (2.082ms)
✔ late saved record cannot overwrite owner (1.9295ms)
✔ late saved record cannot overwrite route (2.287458ms)
✔ late saved record cannot overwrite input (1.6885ms)
✔ late saved record cannot overwrite unmount (1.72425ms)
✔ invalid saved context blocks run, while legacy missing fields disclose fallback (4.509458ms)
✔ every execution input invalidates the old result before it can be saved (19.80625ms)
✔ editing a cost while bars are pending never runs the new form on the old request (0.988917ms)
✔ save completion after owner cannot write into a different page or account (1.050833ms)
✔ save completion after route cannot write into a different page or account (1.131042ms)
✔ save completion after unmount cannot write into a different page or account (1.462417ms)
✔ audit description translates permissions and never renders arbitrary detail fields (1.38475ms)
✔ audit time is explicitly Shanghai time and invalid data remains readable (32.998791ms)
✔ audit API preserves bounded pagination/filter state and authenticated credentials (15.09925ms)
✔ distinguishes no candidate, failed current audit, and actual invalidation without promoting legacy state (1.039458ms)
✔ filters independent families and directions without merging special and local dual-line evidence (1.589042ms)
✔ searches lifecycle dates and failure reasons with all terms required, retaining original source objects (0.938458ms)
✔ searches diagnostic rejection history without silently reviving historical candidates (1.254875ms)
✔ all excludes bc false, preserves input order and records, and does not infer missing direction (0.39875ms)
✔ legacy diagnostic family is standard, and empty diagnostics do not invent rejection records (0.312583ms)
✔ structural points retain their own confirmation and evidence, never deriving them from a MACD source (0.716916ms)
✔ M1 uses exact existing gates and remains a separate view of its original standard event (0.519125ms)
✔ combined date query finds independent point, prompt and event records without deduplication or additive counts (0.308375ms)
✔ chart date matches structured lifecycle timestamps, not coincidental prose dates (0.579916ms)
✔ minute evidence uses exact exchange-local minute, accepting T/space and refusing missing time (0.211791ms)
✔ chart date includes diagnostic ABC and rejection coverage without inventing open or reversed intervals (0.484667ms)
✔ date scope combines with all filters for structural points and original M1 sources (0.222292ms)
✔ new standard evidence explains price, old blocker and independent special lifecycle (3.5545ms)
✔ new gates include counts, boundary and dates without undefined placeholder (0.243375ms)
✔ legacy comparisons retain old detected confirmed and invalidated dates (0.152292ms)
✔ initial schema and refreshed catalog preserve supplied parameters; strategy change alone resets (2.741167ms)
✔ late catalog defaults are suspended until route validation and then fill only missing fields (0.722ms)
✔ structure dates remove midnight noise without changing intraday precision (1.01975ms)
✔ centre evidence distinguishes fixed core, outer range and candidate expansion (0.625792ms)
✔ segment evidence includes source prices and reverse proof with one-based labels (0.480333ms)
✔ missing legacy evidence does not invent confirmation (0.290166ms)
✔ special inclusion explains boundary exception without labelling it an ordinary fractal (0.169917ms)
✔ centre relation history distinguishes current candidate from original separation (0.25925ms)
✔ confirmation replay translates raw indices without date matching (0.174959ms)
✔ unknown, invalid or out-of-snapshot confirmations have no replay target (0.184959ms)
✔ connection badge validates shared time, price and alternating direction (0.258083ms)
✔ reverse preview uses observed extreme, not last close or a future target (1.022084ms)
✔ mirrored lows produce an upward reference (0.10825ms)
✔ no invented reference for missing, ambiguous, extending, or invalid inputs (0.11925ms)
✔ replay prefix cannot use a later extreme; ties retain first occurrence (0.094875ms)
✔ ongoing consolidation differs by color, line pattern, and fill (0.103917ms)
✔ defaults and bounded settings never expose strict price overrides (1.038708ms)
✔ evidence replay uses its own frozen period settings (0.121ms)
✔ settings disclosure is closed by default and reuses existing controls (1.086209ms)
✔ actual component captures every selected period and failure; automatic work stays system-origin (18.686583ms)
✔ all collection failures are exportable reports, never empty success or recomputable invented bars (1.976625ms)
✔ missing response rows are retained as explicit errors; unexpected rows or cutoff cannot enter a saved result (3.85525ms)
✔ late study response cannot be saved after account (0.910083ms)
✔ late study response cannot be saved after input (0.873541ms)
✔ late study response cannot be saved after unmount (1.127916ms)
✔ invalid collection coverage cannot silently omit a period during import (1.905ms)
✔ actual study freezes independent radar lineage, preserves it through import and recompute, and refuses foreign source (4.086708ms)
✔ task stores detached actual inputs, user submission and system polling (3.725666ms)
✔ invalidated submit resolve cannot revive result/error/spinner (1.876583ms)
✔ invalidated submit reject cannot revive result/error/spinner (0.337958ms)
✔ invalidated poll resolve cannot revive result/error/spinner (1.214459ms)
✔ invalidated poll reject cannot revive result/error/spinner (1.159667ms)
✔ earlier request completion cannot stop a newer task or replace its context (3.445375ms)
✔ owner change stops polling and cannot attribute prior account result to the new account (3.176875ms)
✔ failed remains failure, never successful completion (0.199667ms)
✔ cancelled remains failure, never successful completion (0.086875ms)
✔ timed_out remains failure, never successful completion (0.0955ms)
✔ cancelling is not completed; wrong ID, malformed result and unknown status fail closed (2.726083ms)
✔ deadline aborts polling and explicitly says the server may still be running (17.555458ms)
✔ task API sends captured owner and abort signal; old callers remain compatible (12.407291ms)
✔ progress is bounded, readable work units rather than inferred total percent (0.898667ms)
✔ factor result review freezes complete task data without lookup or recomputation (41.354667ms)
✔ completed phase never publishes result while task is still running (17.472833ms)
✔ untrusted progress cannot be used to publish an apparently completed task (0.252958ms)
✔ historical review uses owner-bound read-only fetch and account invalidation (1.216792ms)
✔ task list rejects malformed responses instead of replacing records with undefined (25.055459ms)
✔ cancelling is not terminal and elapsed values remain readable (0.172833ms)
✔ runBacktestWithPolling waits through cancelling and returns cancelled (2.115209ms)
✔ runBacktestWithPolling waits through cancelling and returns timed_out (2.265042ms)
✔ runSignalScanWithPolling waits through cancelling and returns cancelled (1.397875ms)
✔ runSignalScanWithPolling waits through cancelling and returns timed_out (0.780875ms)
✔ cancel API uses POST, and partial cancelled scan results are never accepted (0.696167ms)
✔ persistent recovery and version mismatch are distinct from completion (0.65375ms)
✔ terminal task deletion handles empty 204 and encodes identity (0.386125ms)
✔ checkpoint presence is not confused with verified reuse or task completion (0.942417ms)
✔ cached completed submission is retrieved rather than shown as running (0.466042ms)
✔ network failures are localized across WebKit, Chromium and Firefox (0.395792ms)
✔ tracking archive preserves raw input, precision, rules and can import read-only (48.615833ms)
✔ missing raw input (0.224417ms)
✔ wrong adjustment (0.096542ms)
✔ wrong period (0.094666ms)
✔ duplicate target (0.110042ms)
✔ false success (0.09725ms)
✔ unknown state (0.066458ms)
✔ cancelled empty expansion and partially completed batches retain actual states (0.1145ms)
✔ failed upload retries same identity and frozen payload, independent new batch gets a new identity (28.95675ms)
✔ late previous-owner save is discarded and never retried as the next account (10.205875ms)
✔ non-finite result stays unsaved rather than converting to null (3.799833ms)
✔ empty selections include every row, including incomplete results (0.527709ms)
✔ same period/column selections are OR, other columns and periods are AND (0.171917ms)
✔ total selection does not bypass other criteria; missing periods never count as neutral signals (0.073ms)
✔ toggle/removal preserves all other selections and never mutates input (0.410375ms)
✔ status selection uses OR with empty meaning all; can combine with breadth (0.0925ms)
✔ route consumer can unmount and remount while the one sequential analysis continues (6.753125ms)
✔ explicit stop retains completed rows and marks running/unstarted rows cancelled (1.263917ms)
✔ owner change or revoked access clears results and rejects late old publications (1.413667ms)
✔ background completion includes per-target failure and expansion failure without false success (0.556916ms)
✔ cancel during board expansion cannot publish late entries (0.276125ms)
✔ tracking transport binds owner, stops on permission failure and does not relabel name/market requests (15.648ms)
✔ late auth error on an already-cancelled old transport never stops the next job (0.221958ms)
✔ route delegates lifetime and owns bounded vertical scrolling; application binds ownership (0.636542ms)
✔ finished batches emit independent history even without a route consumer (0.440292ms)
✔ tracking identity separates asset types, exchanges and board catalogues (0.887916ms)
✔ cloud book validates without silently dropping corrupt groups or duplicate entries (0.650667ms)
✔ expansion preserves every member and all board/direct sources, not a 200-row display page (1.263292ms)
✔ membership failure is explicit and malformed partial membership is never accepted (0.223292ms)
✔ batch runs sequentially, keeps partial errors and continues after a failed target (8.954709ms)
✔ cancellation marks in-flight and unstarted rows, ignoring a late success (0.400917ms)
✔ group breadth counts only available periods, never treats failed targets as neutral evidence (0.823625ms)
✔ every clickable breadth count equals matching target count; periods and point families stay independent (1.278ms)
✔ exact current revision accepts only its own evidence without mutation (1.049333ms)
✔ old partition, stale version, future evidence and false completion are rejected (0.2715ms)
✔ historical audit cannot import a later opposite segment (0.085666ms)
✔ empty partitions and higher-proof priority retain explicit blockers (0.071709ms)
✔ new blockers use Chinese labels without calling prerequisites completion (0.139959ms)
✔ missing comparison interval is explained in Chinese without inventing a date (0.644791ms)
✔ special diagnostics identify each A indicator witness rather than the price witness (0.174459ms)
✔ nonstandard DEA axis gate remains explicit without an improvement requirement (0.138292ms)
✔ DEA tolerance discloses research threshold, precise deviation and near-zero fallback (0.171542ms)
✔ wave evidence separates effective A from original wave and local pivots (1.09075ms)
✔ rounded equal line extrema disclose the precise failed values and witness times (0.486625ms)
✔ comparisons are explicitly research only and preserve B/C axis checks (0.344542ms)
✔ unformed candidate shows Chinese gates, two-decimal values and rejection dates (0.249917ms)
✔ new nonstandard audit explicitly uses full A and first-formed reverse evidence explains gaps (0.305791ms)
ℹ tests 674
ℹ suites 0
ℹ pass 674
ℹ fail 0
ℹ cancelled 0
ℹ skipped 0
ℹ todo 0
ℹ duration_ms 9307.26575
→ 打包中…
→ 运行测试…
京东方评级: D 分数: 34.3
维度明细: 卡玛比率=22.7, 最大回撤=27.5, 胜率=33.5, 利润因子=34.1, 夏普比率=41.5, 波动率=50.1
否决: 利润因子 1.11 接近 1，仅勉强盈亏平衡
长线优质策略评级: B 分数: 64.5
维度权重: 卡玛比率=28%, 最大回撤=26%, 胜率=0%, 利润因子=0%, 夏普比率=23%, 波动率=23%
优质案例评级: A 分数: 83.9
寻优点评级: A 74
组合重算指标: { '年化': '20.83%', '回撤': '0.80%', '夏普': '5.27', '卡玛': '26.03' }
稳定上涨组合评级: S 91.8
波动组合重算: { '回撤': '44.15%', '夏普': '-2.64', '持续': 60 }
波动组合评级: D 18.5
✔ 新版组合评级使用后端采样，不按图表柱数重新日线年化 (1.508167ms)
✔ 必要风险指标缺失不能展示为零风险或正常评级 (0.287584ms)
✔ 无穷比率不等于满分，真实零利润因子仍按亏损判断 (0.136833ms)
✔ 京东方回测必须评为 D 档（用户核心诉求验证点） (0.634416ms)
✔ 京东方评分应在 30-43 区间（C 与 D 的边界） (0.175625ms)
✔ 低利润因子触发系统亏损否决 (0.078541ms)
✔ 样本不足（< 10 笔交易）降权但不否决整个评级 (0.208125ms)
✔ 用户实测场景：6年6笔交易 + 高夏普 → 应得 A/B（核心回归测试） (0.195209ms)
✔ 深回撤 > 60% 触发直接 D 否决 (0.146208ms)
✔ 优质回测应得 A 或 S 档 (0.140708ms)
✔ 高回撤但收益高 → 最高 B（一票否决 cap） (0.08225ms)
✔ 插值函数：边界值取端点分数 (0.059708ms)
✔ 插值函数：中间值线性插值 (0.044041ms)
✔ 寻优评级：4 维度降级版 (0.08725ms)
✔ 寻优评级：网格点交易太少 → 降权但评级照常 (0.048375ms)
✔ 组合评级：稳定上涨净值应得 A 或 S (1.597709ms)
✔ 组合评级：高波动深回撤净值 → 低档 (0.492833ms)
✔ combinedMetrics：单点净值返回全 0（兜底） (0.058209ms)
✔ 历史组合仅保留原值，不从曲线推断日线或重算评级 (0.450792ms)
✔ v1-v4、未知版本及不完整依据不伪装为新版结果 (0.529083ms)
✔ 新版结果使用已记录指标，真实 999 和零不被当作历史哨兵 (0.066792ms)
✔ 指标状态缺失或与数值冲突不能产出评级，包括被降权维度 (0.084584ms)
✔ 低交易样本的真实不可用逐笔指标仍可降权，不误拦截可用净值评级 (0.084459ms)
✔ 寻优逐行核验新版采样与候选状态，输入范围不替代候选证据 (0.1015ms)
✔ 完整快照保留精度、真实 0/999、全部指标及版本且不关联可变输入 (0.657125ms)
✔ 策略保存接受真实 Vue 响应式结果，不因 Proxy 无法 structuredClone 而失败 (0.701042ms)
✔ 再次保存历史指标不补造新版计算或评级依据 (0.103209ms)
✔ 对比展示原值并指出版本、周期、范围与利率差异，不自动重算 (0.244ms)
ℹ tests 28
ℹ suites 0
ℹ pass 28
ℹ fail 0
ℹ cancelled 0
ℹ skipped 0
ℹ todo 0
ℹ duration_ms 101.372459
