
> web-ui@0.0.0 test
> node scripts/run-tests.mjs

✔ tracking is restricted to active administrators and explicitly authorized users (0.828625ms)
✔ presence requires visible focused recent interaction and never negative elapsed time (0.465208ms)
✔ admin query descriptions label metadata and disclose truncated targets (0.262ms)
✔ code labels use market-qualified identities and visible missing-name fallback (0.464708ms)
✔ name hydration is automatic, market-separated, bounded, and abort-aware (41.785708ms)
✔ all current chart inspector evidence stays readable without altering original nested data (9.852167ms)
✔ reject malformed fields reachable from overlays, popovers and every inspector section with exact paths (7.288334ms)
✔ optional old fields and empty failure checkpoints remain readable, no missing-state invention (0.125625ms)
✔ archive calendar validation rejects normalized impossible dates and illegal clock/offset values (3.191792ms)
✔ bar validation compares actual instants, retains raw strings, rejects equal instants and malformed volume (0.366ms)
✔ existing frozen matrix bar sources remain readable without mutation (24.664667ms)
✔ event lists and evidence-set reordering never imply new or changed signals; originals remain intact (14.034875ms)
✔ state, lifecycle times and unrounded evidence are classified separately on the same identity (0.84225ms)
✔ same date across families and sides remains independent; true event additions/removals are distinct (0.553ms)
✔ duplicate identities preserve all records and are never paired arbitrarily (3.130208ms)
✔ missing identity does not cause false removals or additions in its collection (0.861584ms)
✔ missing source/list is unknown, not empty or proof of no events (1.392167ms)
✔ never-candidate diagnostics match without A or reference, including special B-only records (1.646459ms)
✔ A trimming changes evidence not identity; original wave anchors and reference changes distinguish bases (46.119416ms)
✔ date normalization preserves intraday, microsecond and timezone distinctions (2.784584ms)
✔ source differences and unknown fields/ordered evidence are retained (1.109667ms)
✔ different instruments, periods or study results are not matched (0.088083ms)
✔ structure divergences are supported without inventing MACD wave anchors (0.2605ms)
✔ legacy local migration keeps original payload, precision, versions and unknown fields without upgrading (5.344083ms)
✔ cloud exports use latest metadata but retain the original immutable payload, not old cloud ID/revision (0.785042ms)
✔ study import preserves successful and failed periods plus original warmup and primary metadata (3.518125ms)
✔ unknown, incomplete, oversized and nonfinite backups are rejected, never uploaded as summaries (411.559ms)
✔ all supported chart outputs preserve full precision, null warmups, style and instance order (6.103959ms)
✔ migration IDs survive rescanning/reload, preserve precision and isolate owners and changed content (32.648208ms)
✔ migration rejects missing owners, foreign archives and malformed inputs before upload (0.45675ms)
✔ post-inspection changes never upload under a previously confirmed identity (2.285959ms)
✔ lost response retries the same immutable body and id, without automatic retry or local deletion (1.855708ms)
✔ stop or account changes before/after read and upload discard stale results (0.609583ms)
✔ deleted cloud copies are not restored, purged copies and wrong response IDs are not treated as success (0.688542ms)
✔ chart plan freezes original data and uses original identity/window, not current selection (8.70375ms)
✔ missing volume/time/parameters and unsupported length never silently become a smaller/default study (39.391667ms)
✔ study plan preserves actual research settings and saved time labels (0.225416ms)
✔ saved structural settings survive chart and study archive replay; mismatch is rejected (0.557958ms)
✔ unrounded path diff distinguishes null, missing, structure, empty arrays, and ordering (0.242417ms)
✔ response must match request, instrument, version, scope and period identities (0.334708ms)
✔ new archive retains original bars/lineage but never relabels frozen old indicators as recomputed (0.392667ms)
✔ study without saved input retains an explicit uncomputed row, never pretends all periods succeeded (0.202834ms)
✔ complete indicator recompute preserves saved settings, checks response and saves only new values (1.419375ms)
✔ missing or unknown saved indicator parameters cannot borrow current defaults (0.373917ms)
✔ original valid study rows retain precision, unknown fields, true zero and no recomputation (2.164333ms)
✔ invalid nested fields become explicit per-period errors, not silently missing rows (17.883875ms)
✔ strict pen fields reject coercion and preserve historical source errors without reading their invalid nested fields (0.519042ms)
✔ duplicates are not cherry-picked and malformed or future rows remain in original-record entries (0.151708ms)
✔ full backtest file and cloud envelope retain all fields; no implicit Chanlun recompute (101.653ms)
✔ invalid cash cannot become a readable archive (0.11575ms)
✔ invalid params cannot become a readable archive (0.580792ms)
✔ invalid adjust cannot become a readable archive (0.095917ms)
✔ invalid null lineage cannot become a readable archive (1.204417ms)
✔ invalid net value cannot become a readable archive (0.376834ms)
✔ invalid future trade cannot become a readable archive (0.26575ms)
✔ invalid duplicate date cannot become a readable archive (0.257541ms)
✔ invalid missing metrics cannot become a readable archive (0.217291ms)
✔ invalid nested infinity cannot become a readable archive (0.847459ms)
✔ invalid coerced rejected cannot become a readable archive (0.394042ms)
✔ actual store freezes submitted input and result separately from later source mutation (157.698042ms)
✔ actual store rejects stale or failed owner run and clears prior archive (116.392083ms)
✔ actual store rejects stale or failed input run and clears prior archive (63.530792ms)
✔ actual store rejects stale or failed clear run and clears prior archive (25.686708ms)
✔ actual store rejects stale or failed failure run and clears prior archive (47.66325ms)
✔ trade lookup keeps the exact minute across separators, precision and days (0.7245ms)
✔ date-only values cannot choose the midnight bar of an ambiguous day (0.080083ms)
✔ daily and duplicate exact timestamps keep first positional matches (0.073666ms)
✔ nanoseconds and timezone text are not truncated into a false match (0.087334ms)
✔ date labels preserve useful precision without local timezone conversion (0.106209ms)
✔ higher sources resolve actual records and separate original from current review time (1.7055ms)
✔ base sources and foreign witness rejection have distinct Chinese descriptions (0.109458ms)
✔ inconsistent candidate has no replay evidence: unknown reason (0.088084ms)
✔ inconsistent candidate has no replay evidence: prototype key (0.839125ms)
✔ inconsistent candidate has no replay evidence: future version (0.261875ms)
✔ inconsistent candidate has no replay evidence: future completion (0.10775ms)
✔ inconsistent candidate has no replay evidence: missing time (0.884459ms)
✔ inconsistent candidate has no replay evidence: empty source (0.065041ms)
✔ inconsistent candidate has no replay evidence: duplicate source (0.065125ms)
✔ inconsistent candidate has no replay evidence: unknown source (0.632334ms)
✔ inconsistent candidate has no replay evidence: mixed levels (0.154417ms)
✔ inconsistent candidate has no replay evidence: future child (3.530084ms)
✔ inconsistent candidate has no replay evidence: wrong child level (0.44375ms)
✔ inconsistent candidate has no replay evidence: duplicate record (0.0715ms)
✔ inconsistent candidate has no replay evidence: empty record range (0.07375ms)
✔ inconsistent candidate has no replay evidence: gap (0.05375ms)
✔ inconsistent candidate has no replay evidence: wrong parent range (0.03475ms)
✔ inconsistent candidate has no replay evidence: reversed sources (0.213375ms)
✔ inconsistent candidate has no replay evidence: unsafe base number (0.361709ms)
✔ 80 percent transparency is 20 percent alpha, for both candle directions (0.5005ms)
✔ transparency stays finite, integer, and bounded (0.362167ms)
✔ body is symmetric around the unchanged wick across widths and fractional positions (4.292833ms)
✔ horizontal candles preserve every price coordinate (0.115083ms)
✔ missing or non-finite candle layouts are left untouched (0.129208ms)
✔ native ECharts layout remains centred after resize, zoom and data replacement (253.533541ms)
✔ zooming out of large-data line mode restores centred candle bodies (101.067917ms)
✔ structure widths retain existing defaults and hover appearance (1.194166ms)
✔ manual values stay finite, bounded, and at two decimal places (0.173041ms)
✔ raw index overrides rounded dates, including zero (0.509542ms)
✔ legacy intraday dates never fall back to the first bar of the day (0.111959ms)
✔ duplicate formatted times fail safely without a raw index (0.085125ms)
✔ padding keeps the 23px marker plus radius inside the price pane (0.123708ms)
✔ flat, zero and negative ranges get finite padding; invalid extents do not (0.084ms)
✔ single-bar time link is a thin line limited to each actual plot (0.848875ms)
✔ multi-bar time link has no border and clips to plot, never clamps offscreen data to an edge (0.091375ms)
✔ time links map daily coverage to all minute bars, not a matching ordinal (0.156584ms)
✔ weekly and monthly end-labelled bars cover earlier constituent dates without changing data (1.4805ms)
✔ nearest marker wins regardless of signal family, only co-located points share chooser (0.532458ms)
✔ immutable request cache deduplicates pending work, isolates payload keys and retries errors (0.656625ms)
✔ all six structural types keep extrema and confirmation separate with original evidence (0.670417ms)
✔ legacy records do not invent confirmation or structural sources (0.118625ms)
✔ M1 keeps independent MACD source and original direction, never a structural type (0.313875ms)
✔ all chart layers override independent animation and progressive rendering (0.82525ms)
✔ archive tooltip labels and evidence remain text, not active HTML (0.472416ms)
✔ rejects invalid saved zooms (2.144125ms)
✔ same-snapshot redraw keeps current manually chosen view (0.22625ms)
✔ focus redraw keeps manual zoom; clearing restores pre-focus view (0.209083ms)
✔ switching focus preserves the original return view (0.155459ms)
✔ new snapshot resets saved focus view and never revives old zoom (0.228917ms)
✔ default inactive; moving does not show cards and leaving does not deactivate (0.857042ms)
✔ object previews can read date-card activation without activating it (0.158708ms)
✔ click selects a point; outside click closes; inside click is not dismissed (0.12325ms)
✔ activated cards follow movement until outside dismissal, then require another click (0.816916ms)
✔ zoom clears stale coordinates but preserves activation (0.293334ms)
✔ data reset and Escape deactivate; teardown removes all handlers (0.330291ms)
✔ archive requests bind current owner and bypass browser cache (34.193208ms)
✔ cloud directory validates all rows, quotas and identities without dropping broken entries (5.962708ms)
✔ original detail requires an object payload but action receipts may omit it (0.371833ms)
✔ account change discards delayed success and delayed errors (0.207125ms)
✔ unauthenticated archive requests do not reach server; structured conflicts remain actionable (0.185292ms)
✔ upload retries retain immutable captured body and all numerical precision (0.147ms)
✔ directed centre chain is candidate evidence, not completion (1.101666ms)
✔ touching, opposing, future, overlapping or malformed chains fail closed (0.850208ms)
✔ single-centre and legacy components remain readable (0.103375ms)
✔ inside, border, reversed y and overlapping rectangles resolve newest first (1.503541ms)
✔ invalid or missing render coordinates cannot create hits (0.084709ms)
✔ popup stays within narrow viewport and near-edge right click (0.088459ms)
✔ roles are Chinese and unknown roles never claim completion (0.872833ms)
✔ source ranges keep one-based indices without disguising gaps (0.112416ms)
✔ coverage checks counts, repeats and missing IDs (0.21225ms)
✔ missing, empty and rejected suffix are explicit (0.073125ms)
✔ invalid counts and empty blocks cannot pass the coverage audit (0.073791ms)
✔ uses raw indices, allows shared endpoints and bounds zoom padding (0.913875ms)
✔ does not invent a B interval or infer indices from formatted dates (0.084542ms)
✔ rejects partial, reversed, overlapping and out-of-snapshot evidence (0.118208ms)
✔ allows inspection of historical failed evidence without reviving it (0.104209ms)
✔ local proof draws frozen exact endpoints only after its actual confirmation (0.165459ms)
✔ dual-line divergence uses two exact raw indices, never artificial ABC ranges (0.090666ms)
✔ dual-line focus rejects missing, duplicate, reversed and out-of-range points (0.085583ms)
✔ special wave focus uses AB and its extreme without inventing C (0.085542ms)
✔ direction, family and lifecycle have independent marker styles (4.7835ms)
✔ no-C dual-line remains a circle and fills only on first reverse-pen confirmation (7.527625ms)
✔ M1 is restricted to confirmed waves with a later actual confirmation (0.937042ms)
✔ four families retain independent records and nonstandard uses a triangle (1.179916ms)
✔ October 4 marker matrix uses shape for family and colour only for direction (0.624ms)
✔ special AB evidence separates A line extrema from both price anchors and legacy pivots (0.344375ms)
✔ history is opt-in, inactive stays grey hollow, never creates M1 (2.080625ms)
✔ every historical shape uses a continuous hollow contour, including on hover (0.2085ms)
✔ new nonstandard evidence relaxes prices only and records each subtype (0.647334ms)
✔ new dual rule cannot fill without recorded later local confirmation (0.123291ms)
✔ historical engineering match retains original timing without claiming regrouping completion (1.027458ms)
✔ future, stale, mismatched or incomplete evidence fails closed (0.31925ms)
✔ older snapshots and unmatched parts keep existing natural audit available (0.066375ms)
✔ engineering provenance uses the same one-based numbering as other inspectors (1.248125ms)
✔ mixed recursion distinguishes consolidation and trend from the old trend view (0.1835ms)
✔ unknown or reversed provenance is not presented as a completed trend (0.069708ms)
✔ indicator and price values use two decimals without inventing missing evidence (0.069458ms)
✔ recursive centre relations never call extension candidates completed types (0.067458ms)
✔ admissions distinguish unit confirmation from later failed-return admission (0.054583ms)
✔ display fields retain all text including dates, provenance, and secondary colons (0.809375ms)
✔ narrative, missing evidence, and timestamp headings remain whole (0.09625ms)
✔ selects the exact source without replacing missing comparison periods with the primary (1.1485ms)
✔ prefix audit preserves original warmup snapshot and its own instrument and period (0.801625ms)
✔ rejects invalid positions, missing identity and explicitly unclosed prefix data (0.214042ms)
✔ optimization carries full execution and identity without live defaults (4.639084ms)
✔ malformed, mixed, missing or conflicting optimization context never silently defaults (1.959084ms)
✔ multi original replay preserves costs, slots and adjustment; extend changes only end dates (0.571333ms)
✔ multi rejects corrupt and incompatible slots without dropping or repairing any (0.3995ms)
✔ legacy missing settings are disclosed with deterministic defaults, explicit invalid values rejected (0.174834ms)
✔ combining equal-account singles preserves per-slot cash and costs; conflicts rejected not rewritten (0.3755ms)
✔ all candidate states distinguish eligibility from completed natural types (1.612708ms)
✔ opposite geometry identifies reused next-part evidence, including nonzero source IDs (0.572042ms)
✔ external opposite geometry is not added to candidate membership (0.103625ms)
✔ missing, stale, misattributed or future opposite geometry is not displayed as matched (0.3485ms)
✔ preferred endpoints are never called completed types; conflicts are retained (0.313625ms)
✔ opposite base turn is not same-level completion (0.236ms)
✔ price formatting preserves zero and boundary contact, guards non-finite values (0.129333ms)
✔ candidate audit joins by identity, not response order (0.082334ms)
✔ part audit must match ordinal AND exact raw source IDs, including shifted IDs (0.14225ms)
✔ locates the three raw ranges without relabelling them as MACD or confirmed centres (1.007834ms)
✔ candidate must already be observable at the CURRENT replay prefix (0.176792ms)
✔ no incomplete, waiting or unsupported candidate is given a fabricated range (0.099708ms)
✔ raw bar boundaries must be contiguous and inside the visible window (0.1365ms)
✔ source partitions must cover every original segment once, preserving nonzero IDs (0.112125ms)
✔ conflicting geometric fallback remains viewable for manual audit (0.070083ms)
✔ clearing a regrouping focus restores original zoom; a new replay snapshot does not (0.110125ms)
✔ membership labels distinguish source confirmation from later admission (0.519375ms)
✔ admission witness distinguishes confirmation dependency from geometric membership (0.090333ms)
✔ old or malformed evidence never invents an admission witness (0.0875ms)
✔ real frozen result archives preserve every input, missing tag, precision and failed factor (9.277542ms)
✔ factor cloud envelope imports as independent copy without original identity (3.423791ms)
✔ partial or incompatible archives fail explicitly, not repaired from the current catalog (496.2755ms)
✔ read-only renderer has no execution or market API imports; explicit replay is separate (5.8175ms)
✔ same-account profile refresh preserves replay state; identity changes invalidate synchronously (1.107833ms)
✔ benchmark dependency uses declared input not a guessed name (0.521ms)
✔ pool rejects mixed frozen index versions, allowing different stock calendars (2.43125ms)
✔ frozen exact pairing retains absent date and rejects silent fill or replacement (0.324667ms)
✔ failed auxiliary fetch must be explicitly recorded for both fields; legacy needs none (0.091375ms)
✔ UI exposes benchmark conditionally and invalidates both research paths (2.146209ms)
✔ library navigation and Chinese/identifier/family search preserve full matching set (19.932208ms)
✔ availability is evaluated by adjustment and period without mutating selections (9.792208ms)
✔ single and multi-track axes share compact large units and distinct small ticks (0.825875ms)
✔ correlation uses its mathematical range; raw factors keep their own scale (0.121416ms)
✔ tiny values remain visible and tooltip raw precision is not rounded (0.303583ms)
✔ percentage is presentation only, gaps and source values are preserved (1.489791ms)
✔ disabled combination does not add implicit weights; enabled selection is explicit (1.09975ms)
✔ actual Python report preserves the combination through export and read-only reopen (34.721041ms)
✔ incomplete or contradictory composition archive is rejected, never repaired (68.073834ms)
✔ horizon selection is bounded, canonical and never silently amended (0.8765ms)
✔ horizon view uses frozen results without changing configuration or primary report (19.574166ms)
✔ all horizons survive draft/export/import and old single archives still read (26.813542ms)
✔ missing windows, wrong labels and disagreement with primary reports fail closed (117.419167ms)
✔ request selection invalidates immediately; display-only switching does not (1.956958ms)
✔ multiple horizons dispatch one explicitly manual request with complete selection (106.491208ms)
✔ dimensionless exponents are not presented as bar counts (0.963875ms)
✔ filtered sample windows are never labelled as calendar periods (0.39875ms)
✔ named GTJA dependency paths use maximum chain and all edited windows (0.744125ms)
✔ GTJA compound windows and cross-library identical mean ratios are explicit (0.324417ms)
✔ parameter selection copies only active settings without mutating cached settings (0.21725ms)
✔ builtin decimal multiplier, ordering, effective identity and actual labels (0.198042ms)
✔ reset only one parameter, retain other overrides without mutating input (1.910083ms)
✔ history warning uses full effective warmup, not all parameters as rolling windows (0.154958ms)
✔ names and validation use actual windows; equivalent formula choices rejected (0.15675ms)
✔ recompute task request binds owner, source revision and manual intent; polling stays automatic (33.197584ms)
✔ history retains the complete recompute envelope, not just numerical results (11.946167ms)
✔ replay uses shared task invalidation and archive saving preserves replay metadata (1.613666ms)
✔ statistics version is frozen provenance, never inferred as the current version (0.486208ms)
✔ factor glossary accepts standard abbreviations with spaces or underscores (0.1695ms)
✔ factor missing values never become valid zero (0.10925ms)
✔ factor ranking is stable, non-mutating and missing-last in both directions (26.263083ms)
✔ small factor values do not round to fake zeros; raw precision keeps original number (0.17375ms)
✔ compatibility aliases are only shown for exact legacy lookup or active selection (0.135833ms)
✔ series automatic initialization is system intent, only deliberate task submission is a query (41.437833ms)
✔ saved series task reopens as series without lookup, all diagnostics and original inputs survive (6.096875ms)
✔ cleared series execution cannot publish an old stock result (0.215542ms)
✔ live series and history use shared tasks, invalidate on input/account/route and never treat as trading backtest (1.394167ms)
✔ late catalog never submits after unmount, input/account/tab changes, or manual run (0.563208ms)
✔ failed catalog does not silently start default research or publish after leaving (1.684334ms)
✔ favorite IDs are bounded, deduplicated and malformed saved preferences never get overwritten (2.4655ms)
✔ favorites use acknowledgment and only patch their own key; same-session writes serialize (0.472459ms)
✔ failed favorite updates do not pretend success and can retry (0.245ms)
✔ other preference acknowledgment exposing pending patch cannot fake a saved favorite (1.704083ms)
✔ owner switch clears state immediately and old failure cannot affect new save (1.177333ms)
✔ series compare shares all x axes but preserves independent raw values, scales, gaps and tooltip precision (0.929167ms)
✔ future appending leaves prior plotted values unchanged, missing is never replaced by zero (0.185166ms)
✔ multi-factor comparison is reused in live and read-only views, favorites do not change research settings (1.664041ms)
✔ factor submission marks only explicit dispatch, preserves owner/signal, polling/cancel stay automatic (56.474041ms)
✔ cancel acknowledged during pending poll cannot regress UI or publish partial result (17.939083ms)
✔ late cancellation cannot revive cleared or changed-account task UI (5.76525ms)
✔ unconfirmed cancellation keeps polling; successful task remains recoverable (8.275583ms)
✔ factor panel uses shared execution and distinguishes cancel from detach (37.136292ms)
✔ explicit stock-only finite latest selection; missing and fund/index stay unavailable (2.198917ms)
✔ origin and precision survive JSON and later group membership edits (2.463958ms)
✔ only explicit action writes owner assertion and source revision, never sends computed score (24.840125ms)
✔ late owner response rejected; permission denial and source mismatch not successful (0.635584ms)
✔ time modes construct explicit configs without random dates or implied training (9.629875ms)
✔ invalid dates, hidden shrinkage and numeric coercion are rejected (0.331583ms)
✔ full frozen time results survive import, draft and readonly validation unchanged (7.1855ms)
✔ missing, mismatched and nonfinite temporal archive results fail explicitly (9.004625ms)
✔ changes invalidate synchronously; same-account profile refresh does not change split (1.715125ms)
✔ menus stay inside phone, keyboard and landscape viewports (0.578584ms)
✔ near-bottom controls open upwards without changing ordinary desktop width (0.092417ms)
✔ warmup null, missing and invalid indicator values never become invented zeroes (1.348958ms)
✔ freeze all supported indicator outputs, warmup holes, volume averages and exact numerical precision (7.291166ms)
✔ frozen playback keeps captured values despite different current prices and never queries APIs (0.62825ms)
✔ malformed or mismatched frozen values fail closed, never fall back to recomputation (0.971458ms)
✔ marker hit uses signed stacking offset for both directions, not candle position (0.823333ms)
✔ symbol size and invalid render positions are handled safely (0.095541ms)
✔ market tab changes discard old success and cannot stop the new spinner (246.943958ms)
✔ market late failure after filter cannot resurrect an error (27.577417ms)
✔ market late failure after owner cannot resurrect an error (13.2575ms)
✔ market late failure after unmount cannot resurrect an error (29.377167ms)
✔ directory count failure preserves valid rows; late totals cannot cross markets (76.538916ms)
✔ board selection clears old details and ignores slower preceding member responses (21.856666ms)
✔ board list filter changes invalidate pending member requests and prevent old auto-selection (112.003833ms)
✔ default board preload remains system-origin after manual list refresh (11.082958ms)
✔ belonging response after stock cannot change results or stock history (9.736375ms)
✔ belonging response after owner cannot change results or stock history (15.036125ms)
✔ belonging response after unmount cannot change results or stock history (68.336666ms)
✔ current belonging success records captured stock; concurrent member failure has separate feedback (15.990625ms)
✔ market selection uses loaded market, clears on filters, and distinguishes shared stock/index codes (45.017084ms)
✔ board analysis uses result classification; members require their own market (23.40375ms)
✔ aborted late response cannot publish metadata even if transport ignores abort (35.983541ms)
✔ missing provenance or silently changed adjustment never reaches research (0.155542ms)
✔ reported gaps do not falsely label suspension or prevent inspecting valid candles (0.118875ms)
✔ history fetch consumes one verified range and publishes complete metadata only after validation (1.138083ms)
✔ unclosed response never updates provenance or reaches the backtest (0.244291ms)
✔ null, true zero, infinities and real 999 are distinct after JSON roundtrip (0.481375ms)
✔ single, saved and comparison results retain authoritative metric basis (0.462875ms)
✔ whole proof validated without mutation, and cross-role ownership remains visible (2.109041ms)
✔ stale, future, duplicated, incomplete, falsely completed and mismatched sources rejected (1.197833ms)
✔ base runs cannot masquerade as proofs or own multiple provisional regions (0.095667ms)
✔ blocked covers show full conflicts, never fabricated flattened blocks (0.104209ms)
✔ labels retain provisional scope (0.070542ms)
✔ all seven MA presets are available but only MA5 and MA10 start visible (1.02925ms)
✔ each chart session gets independent editable settings without changing presets (0.0875ms)
✔ MA presets retain the requested yellow, white, purple, green, cyan, orange, red palette (0.101459ms)
✔ legend retains every MA choice and explicit hidden states override stale chart selection (0.115916ms)
✔ cross-boundary details resolve actual input and nested ownership records (1.354834ms)
✔ unowned reverse evidence stays explicitly unowned for boundary rejection (0.114417ms)
✔ foreign witness can be shown for an otherwise single-owner candidate (0.098708ms)
✔ legacy candidates do not invent missing conflict details (0.110584ms)
✔ damaged detail is not presented: mismatched candidate sources (0.088083ms)
✔ damaged detail is not presented: wrong layer (4.10975ms)
✔ damaged detail is not presented: unknown reverse input (0.117083ms)
✔ damaged detail is not presented: wrong reverse range (0.088291ms)
✔ damaged detail is not presented: reverse overlaps prices (0.626042ms)
✔ damaged detail is not presented: future reverse confirmation (3.257417ms)
✔ damaged detail is not presented: wrong reverse time (1.213791ms)
✔ damaged detail is not presented: incomplete domain list (8.606542ms)
✔ damaged detail is not presented: duplicate domains (0.119792ms)
✔ damaged detail is not presented: noncontinuous domain (0.046208ms)
✔ damaged detail is not presented: foreign domain misses witness (0.051291ms)
✔ damaged detail is not presented: false unowned witness (0.047584ms)
✔ damaged detail is not presented: missing nested record (0.054084ms)
✔ damaged detail is not presented: wrong reason (0.04825ms)
✔ only current owner revisions form the displayed ownership set (2.792791ms)
✔ internal provenance remains distinct and validates enclosing ownership (1.199ms)
✔ parent-covered history is not labeled as an additional effective input (0.091417ms)
✔ nested provenance validates containment and strictly increasing input levels (0.944417ms)
✔ current owner labels are distinct from creation IDs and tolerate old snapshots (0.323417ms)
✔ summary mode lists every historical address, not just current versions (0.961792ms)
✔ full and missing legacy snapshots stay readable without inventing history (0.102584ms)
✔ all four analysis paths explicitly request summary delivery without changing input (0.390875ms)
✔ complete lifecycle stays chronological, does not mutate input, and uses Chinese labels (1.285459ms)
✔ legacy or future history is not invented (0.129709ms)
✔ dangling, reordered, duplicated, miscounted and conflicting histories fail closed (1.160583ms)
✔ equal counts cannot hide swapped source identities (0.100208ms)
✔ intermediate event boundaries must equal actual inherited and added sources (0.076209ms)
✔ input evidence must exist at the correct level and be available at admission (0.250292ms)
✔ invalid domain sources, membership and parent context fail closed (1.081542ms)
✔ leftward growth, shifted sources and newly filled merge gaps remain valid (0.331625ms)
✔ both periods exclude future and open candles while retaining original warm-up start (0.589208ms)
✔ snapshot observation time caps cutoff; bar start before cutoff is not enough (0.083333ms)
✔ no timeframe fallback or fabricated candles when historical minute range is unavailable (0.06175ms)
✔ index and board snapshots retain NONE adjustment, mismatch is rejected (0.228083ms)
✔ missing completion evidence, timezone timestamps and unordered bars fail explicitly (0.1405ms)
✔ week/month completion boundary comes from provider annotation, not day label (0.102833ms)
✔ matrix defaults to five requested periods and includes separate buy/sell evidence column (1.002ms)
✔ does not turn current reversal observation into a confirmed opposite pen (0.171042ms)
✔ keeps true zero distinct from missing, and numerical display never overwrites original axis judgment (0.124541ms)
✔ keeps divergence family, extrema and actual confirmation separate; never drops records (15.612667ms)
✔ missing pen and divergence are bounded claims; quality limitations stay visible (0.179667ms)
✔ buy/sell evidence distinguishes missing old archives, no points, structure and M1 (0.192416ms)
✔ portfolio: all original values survive import and cloud envelope; no Chanlun recompute (11.588375ms)
✔ portfolio: actual component fetches only explicitly, binds owner/request/result and freezes capture (47.259041ms)
✔ portfolio: late receipt discarded after owner (1.035042ms)
✔ portfolio: late receipt discarded after request (0.926042ms)
✔ portfolio: late receipt discarded after task (0.9405ms)
✔ portfolio: late receipt discarded after result (1.035334ms)
✔ portfolio: late receipt discarded after busy (0.8565ms)
✔ portfolio: late receipt discarded after unmount (1.148916ms)
✔ portfolio: invalid missing rejected (0.197708ms)
✔ portfolio: invalid allocation rejected (0.291916ms)
✔ portfolio: invalid metadata rejected (0.164833ms)
✔ portfolio: invalid date rejected (0.291459ms)
✔ portfolio: invalid precision rejected (0.244ms)
✔ portfolio: invalid curve rejected (0.260042ms)
✔ portfolio: invalid request rejected (0.111542ms)
✔ portfolio: invalid trade rejected (0.126125ms)
✔ portfolio: unavailable or different task never falls back to fetching data (13.040084ms)
✔ multi_strategy: all original values survive import and cloud envelope; no Chanlun recompute (22.031833ms)
✔ multi_strategy: actual component fetches only explicitly, binds owner/request/result and freezes capture (2.841375ms)
✔ multi_strategy: late receipt discarded after owner (1.953959ms)
✔ multi_strategy: late receipt discarded after request (1.02375ms)
✔ multi_strategy: late receipt discarded after task (0.876584ms)
✔ multi_strategy: late receipt discarded after result (2.268042ms)
✔ multi_strategy: late receipt discarded after busy (0.793208ms)
✔ multi_strategy: late receipt discarded after unmount (0.752792ms)
✔ multi_strategy: invalid missing rejected (0.216459ms)
✔ multi_strategy: invalid allocation rejected (0.203084ms)
✔ multi_strategy: invalid metadata rejected (0.092917ms)
✔ multi_strategy: invalid date rejected (0.090125ms)
✔ multi_strategy: invalid precision rejected (0.174791ms)
✔ multi_strategy: invalid curve rejected (0.158792ms)
✔ multi_strategy: invalid request rejected (0.08175ms)
✔ multi_strategy: invalid trade rejected (0.110333ms)
✔ multi_strategy: unavailable or different task never falls back to fetching data (3.997875ms)
✔ normalized server defaults may extend but not alter submitted parameters (0.368125ms)
✔ library original/extended multi replay uses saved costs despite global preference changes (256.499042ms)
✔ portfolio load -> actual store task lifecycle -> save uses identical context and all costs (128.878958ms)
✔ portfolio catalog-stage input is isolated before saved fetch (171.452375ms)
✔ portfolio catalog-stage params is isolated before saved fetch (68.241458ms)
✔ portfolio catalog-stage owner is isolated before saved fetch (84.28675ms)
✔ portfolio catalog-stage failure is isolated before saved fetch (35.265375ms)
✔ portfolio catalog-stage empty is isolated before saved fetch (47.319125ms)
✔ pending portfolio cannot survive input (86.690625ms)
✔ pending portfolio cannot survive owner (33.798291ms)
✔ pending portfolio cannot survive unmount (28.727666ms)
✔ store account epoch clears completed results in all four task families (40.287042ms)
✔ runPortfolio old account error is ignored even after switching back (40.057625ms)
✔ runMultiStrategy old account error is ignored even after switching back (39.114959ms)
✔ runOptimize old account error is ignored even after switching back (50.200458ms)
✔ runOptimizeAll old account error is ignored even after switching back (31.491334ms)
✔ optimizer takes an input snapshot before awaiting bars and hands off the result strategy/adjustment (25.981333ms)
✔ portfolio late save cannot close or annotate newly changed configuration (22.645958ms)
✔ library name lookup cannot mix later input or account into a save (82.870042ms)
✔ library saves a multi result with submitted adjustment, not the later global preference (18.064167ms)
✔ late library list cannot replace a newly created record and owner change clears all personal rows (26.667417ms)
✔ portfolio identity rejects mixed markets, repeats and invalid lengths (0.605417ms)
✔ late preference response cannot revert a newer adjustment; queued patch is captured (207.291209ms)
✔ account switch drops old queue, permits new account immediately and ignores late response (10.139291ms)
✔ same-account logout/login does not accept response from prior session epoch (16.60825ms)
✔ failed saves reject caller, do not wedge queue or restore stale role permissions (9.390167ms)
✔ mismatched response owner and logged-out saves are rejected (9.99525ms)
✔ market preference watcher survives the first route unmount and follows owner changes (8.531083ms)
✔ tracking ownership watcher survives route scope disposal and clears on revocation or logout (188.414584ms)
✔ late name hydration cannot write across accounts; new owner hydrates independently (21.534292ms)
✔ sidebar hydration never writes, old-owner timers cancel, failures are handled (121.907292ms)
✔ forming candles preserve OHLC and use dashed empty outlines (0.4225ms)
✔ forming volume and signed MACD columns preserve values and direction (0.102666ms)
✔ query defaults to system, manual intent is synchronous and explicit (0.517375ms)
✔ direct bar snapshot fetch preserves explicit intent, including failed requests (15.673416ms)
✔ pending manual requests do not mark concurrent automatic work or async continuations (0.313125ms)
✔ API dispatch tags manual queries but excludes automatic name lookup and task polling (2.220417ms)
✔ save keeps original full input separate from replay prefix, fully detached from live state (10.313125ms)
✔ same-bar opposite signals remain distinct; source survives JSON import without task or network (6.028291ms)
✔ recompute uses only saved chart prefix, keeps original scan signals and version unchanged (1.675208ms)
✔ reject wrong target before saving; never silently drop invalid lineage (1.053791ms)
✔ reject board target before saving; never silently drop invalid lineage (0.392917ms)
✔ reject wrong market before saving; never silently drop invalid lineage (0.475625ms)
✔ reject reference before saving; never silently drop invalid lineage (0.479834ms)
✔ reject invalid date type before saving; never silently drop invalid lineage (0.182959ms)
✔ reject noncanonical cutoff before saving; never silently drop invalid lineage (0.169208ms)
✔ reject row summary before saving; never silently drop invalid lineage (0.310375ms)
✔ reject row last date before saving; never silently drop invalid lineage (0.224083ms)
✔ reject outside signal window before saving; never silently drop invalid lineage (0.241958ms)
✔ reject row source before saving; never silently drop invalid lineage (0.215125ms)
✔ reject row requested adjust before saving; never silently drop invalid lineage (0.297791ms)
✔ reject row quality before saving; never silently drop invalid lineage (0.224333ms)
✔ reject open candle before saving; never silently drop invalid lineage (0.141708ms)
✔ reject unsupported storage before saving; never silently drop invalid lineage (0.115041ms)
✔ legacy snapshot without original input still opens without invented source (0.121ms)
✔ original task references round-trip and legacy references remain distinguishable (1.297291ms)
✔ cache receipt must be a real ID string, never coerced or inherited from another owner (0.922167ms)
✔ all frozen bars and precision survive; changed code is disclosed, not represented as old execution (1.516375ms)
✔ invalid original receipt task stops instead of substituting live data (0.479083ms)
✔ invalid original receipt row stops instead of substituting live data (0.195916ms)
✔ invalid original receipt market stops instead of substituting live data (0.203708ms)
✔ invalid original receipt symbol stops instead of substituting live data (0.096125ms)
✔ invalid original receipt params stops instead of substituting live data (0.067667ms)
✔ invalid original receipt strategy stops instead of substituting live data (0.083041ms)
✔ invalid original receipt fingerprint stops instead of substituting live data (0.153625ms)
✔ invalid original receipt adjust stops instead of substituting live data (0.08075ms)
✔ invalid original receipt signal stops instead of substituting live data (0.097708ms)
✔ invalid original receipt malformed signals stops instead of substituting live data (0.05925ms)
✔ invalid original receipt row error stops instead of substituting live data (0.160542ms)
✔ invalid original receipt storage stops instead of substituting live data (0.099541ms)
✔ invalid original receipt version stops instead of substituting live data (0.086083ms)
✔ invalid original receipt missing bars stops instead of substituting live data (0.086125ms)
✔ invalid original receipt null bar stops instead of substituting live data (0.05875ms)
✔ invalid original receipt order stops instead of substituting live data (0.094584ms)
✔ invalid original receipt open bar stops instead of substituting live data (0.15175ms)
✔ invalid original receipt future stops instead of substituting live data (0.315375ms)
✔ invalid original receipt negative duration stops instead of substituting live data (0.218542ms)
✔ invalid original receipt missing cutoff stops instead of substituting live data (0.3765ms)
✔ invalid original receipt number string stops instead of substituting live data (0.200333ms)
✔ invalid original receipt NaN stops instead of substituting live data (0.14375ms)
✔ invalid original receipt bad low stops instead of substituting live data (0.142ms)
✔ invalid original receipt negative volume stops instead of substituting live data (0.166834ms)
✔ API sends owner and abort signal with no-store; unavailable receipt never calls a live feed (42.767334ms)
✔ radar submits captured owner with manual intent, polls as system, and preserves old cache adjustment (28.687916ms)
✔ late submit after adjust cannot become a scan result or cache (7.130583ms)
✔ late submit after window cannot become a scan result or cache (22.128458ms)
✔ late submit after owner cannot become a scan result or cache (3.257959ms)
✔ late submit after roundtrip cannot become a scan result or cache (4.998333ms)
✔ late submit after unmount cannot become a scan result or cache (2.264459ms)
✔ late poll after adjust cannot become a scan result or cache (5.239375ms)
✔ late poll after window cannot become a scan result or cache (2.262833ms)
✔ late poll after owner cannot become a scan result or cache (4.732208ms)
✔ late poll after roundtrip cannot become a scan result or cache (1.105125ms)
✔ late poll after unmount cannot become a scan result or cache (0.822417ms)
✔ a failed new scan cannot re-display or replace old success; explicit retry is independent (0.792583ms)
✔ invalid result rows is never cached (0.610084ms)
✔ invalid result counts is never cached (0.49775ms)
✔ invalid result id is never cached (0.425292ms)
✔ storage denial preserves valid live results with an explicit notice (0.543542ms)
✔ actual picker loads the original complete warmup and stores actual dates, not form defaults (11.066708ms)
✔ failed original input does not fall back to newly fetched prices (1.991416ms)
✔ pending original input cannot commit after owner (9.39675ms)
✔ pending original input cannot commit after code (1.359542ms)
✔ pending original input cannot commit after unmount (1.950041ms)
✔ radar review captures row adjustment, exact minute, strategy and original cutoff (1.282084ms)
✔ invalid or legacy reviews fail explicitly without guessing data or adjustment (1.216542ms)
✔ exchange-local dates validate without browser timezone conversion (1.015458ms)
✔ review excludes future and unclosed bars, resets derived fingerprint and reports actual range without mutating source (0.517042ms)
✔ radar cache is owner scoped and malformed/legacy records never enter the UI (1.239667ms)
✔ late messages, close and errors from an old socket cannot affect replacement (1.791ms)
✔ invalid messages and control responses never become ticks; close reason retained (0.369292ms)
✔ matching versions are selected by case identity without mutation (1.0845ms)
✔ future snapshots, wrong rules, incomplete chains and duplicate cases are rejected (0.230292ms)
✔ labels never confuse endpoint consistency or higher-centre proof with completion (0.131917ms)
✔ v2 keeps the detached prefix and v1 remains readable (0.303041ms)
✔ v3 supports trend search while retaining the same ownership guards (0.112625ms)
✔ missing, duplicated, misattributed or silently completed prefix is rejected (0.320458ms)
✔ reincorporation is recorded explicitly instead of erasing detached history (0.988916ms)
✔ accepts bounded history and empty verified batches (0.539167ms)
✔ rejects wrong batch, future indices, broken sources and contradictory state (0.230625ms)
✔ research labels distinguish absence, release, retained and internal (0.080417ms)
✔ late old responses cannot own a newer research request (1.307417ms)
✔ submission fields are captured values, not mutable form references (0.686792ms)
✔ navigation preserves explicit stock/index/fund/board identity and parameters without auto run (1.86175ms)
✔ ambiguous identity is rejected rather than guessed or numeric code padded (0.149375ms)
✔ query parser rejects incomplete, duplicate, incompatible and mixed-context values (2.24825ms)
✔ snapshot import keeps original data and normalizes optional display metadata (2.755125ms)
✔ reject invalid schema, periods, oversized arrays and impossible candle prices (0.39625ms)
✔ cloud archives retain larger frozen windows and all supported distinct periods (10.832625ms)
✔ import keeps valid frozen outputs and rejects mismatched frozen data instead of recomputing (0.4045ms)
✔ window is exchange local and bounded by the snapshot cutoff (0.462958ms)
✔ missing numbers and candidate status are never promoted (0.080541ms)
✔ amber projection resolves daily and minute labels, ignores open candle (0.256292ms)
✔ three workspaces are keyboard traversable without dropping an existing mode (1.987917ms)
✔ mobile comparison shows exactly the selected snapshot; desktop shows both (0.268333ms)
✔ inactive research never starts automatic work, valid active research does (0.191ms)
✔ saved single strategy restores market, period, adjustment and all execution costs exactly (3.608375ms)
✔ missing legacy fields disclose supplied defaults instead of claiming complete restoration (0.281ms)
✔ explicit contradictory market and unsupported instruments are not silently rewritten (1.021875ms)
✔ invalid present fields are errors, not fallback defaults (2.061958ms)
✔ saved links identify records only and cannot inject alternate execution context (0.196542ms)
✔ market entry preserves local dates and strategy, runs only on explicit request (16.48725ms)
✔ boards entry preserves local dates and strategy, runs only on explicit request (2.023791ms)
✔ mixed market context blocks all loading and computation: savedStrategyId (1.175541ms)
✔ mixed market context blocks all loading and computation: optimizationContext (2.196375ms)
✔ mixed market context blocks all loading and computation: autoRun (1.054833ms)
✔ mixed market context blocks all loading and computation: unexpected (1.303917ms)
✔ slow catalog cannot overwrite input with a market entry (9.231625ms)
✔ slow catalog cannot overwrite owner with a market entry (1.9585ms)
✔ catalog-stage input cannot restore saved inputs or dispatch a task (8.875459ms)
✔ catalog-stage params cannot restore saved inputs or dispatch a task (1.645375ms)
✔ catalog-stage owner cannot restore saved inputs or dispatch a task (1.505667ms)
✔ catalog-stage failure cannot restore saved inputs or dispatch a task (2.483375ms)
✔ optimization context restores every execution field and malformed context blocks dispatch (4.60625ms)
✔ actual backtest view loads exact saved context without running, then saves the configuration used (1.453041ms)
✔ saving original radar warmup uses loaded input dates, not hidden form defaults (1.240208ms)
✔ late saved record cannot overwrite owner (2.296042ms)
✔ late saved record cannot overwrite route (1.662042ms)
✔ late saved record cannot overwrite input (1.404333ms)
✔ late saved record cannot overwrite unmount (2.231125ms)
✔ invalid saved context blocks run, while legacy missing fields disclose fallback (7.322042ms)
✔ every execution input invalidates the old result before it can be saved (15.030458ms)
✔ editing a cost while bars are pending never runs the new form on the old request (1.003542ms)
✔ save completion after owner cannot write into a different page or account (1.016792ms)
✔ save completion after route cannot write into a different page or account (1.068041ms)
✔ save completion after unmount cannot write into a different page or account (0.975ms)
✔ audit description translates permissions and never renders arbitrary detail fields (1.097125ms)
✔ audit time is explicitly Shanghai time and invalid data remains readable (31.669917ms)
✔ audit API preserves bounded pagination/filter state and authenticated credentials (18.516084ms)
✔ distinguishes no candidate, failed current audit, and actual invalidation without promoting legacy state (1.210917ms)
✔ filters independent families and directions without merging special and local dual-line evidence (1.34675ms)
✔ searches lifecycle dates and failure reasons with all terms required, retaining original source objects (0.137875ms)
✔ searches diagnostic rejection history without silently reviving historical candidates (0.394792ms)
✔ all excludes bc false, preserves input order and records, and does not infer missing direction (0.135375ms)
✔ legacy diagnostic family is standard, and empty diagnostics do not invent rejection records (0.098167ms)
✔ structural points retain their own confirmation and evidence, never deriving them from a MACD source (0.343ms)
✔ M1 uses exact existing gates and remains a separate view of its original standard event (0.239041ms)
✔ combined date query finds independent point, prompt and event records without deduplication or additive counts (0.122333ms)
✔ chart date matches structured lifecycle timestamps, not coincidental prose dates (0.250666ms)
✔ minute evidence uses exact exchange-local minute, accepting T/space and refusing missing time (0.094625ms)
✔ chart date includes diagnostic ABC and rejection coverage without inventing open or reversed intervals (0.204334ms)
✔ date scope combines with all filters for structural points and original M1 sources (0.248334ms)
✔ new standard evidence explains price, old blocker and independent special lifecycle (1.050667ms)
✔ new gates include counts, boundary and dates without undefined placeholder (0.204334ms)
✔ legacy comparisons retain old detected confirmed and invalidated dates (0.149042ms)
✔ initial schema and refreshed catalog preserve supplied parameters; strategy change alone resets (2.734833ms)
✔ late catalog defaults are suspended until route validation and then fill only missing fields (0.5985ms)
✔ structure dates remove midnight noise without changing intraday precision (1.615625ms)
✔ centre evidence distinguishes fixed core, outer range and candidate expansion (0.849542ms)
✔ segment evidence includes source prices and reverse proof with one-based labels (0.186833ms)
✔ missing legacy evidence does not invent confirmation (0.103834ms)
✔ special inclusion explains boundary exception without labelling it an ordinary fractal (0.06525ms)
✔ centre relation history distinguishes current candidate from original separation (0.101958ms)
✔ confirmation replay translates raw indices without date matching (0.0715ms)
✔ unknown, invalid or out-of-snapshot confirmations have no replay target (0.086959ms)
✔ connection badge validates shared time, price and alternating direction (0.109375ms)
✔ reverse preview uses observed extreme, not last close or a future target (0.931459ms)
✔ mirrored lows produce an upward reference (0.095125ms)
✔ no invented reference for missing, ambiguous, extending, or invalid inputs (0.095ms)
✔ replay prefix cannot use a later extreme; ties retain first occurrence (0.097583ms)
✔ ongoing consolidation differs by color, line pattern, and fill (0.090791ms)
✔ defaults and bounded settings never expose strict price overrides (0.998042ms)
✔ evidence replay uses its own frozen period settings (0.099667ms)
✔ settings disclosure is closed by default and reuses existing controls (1.161625ms)
✔ actual component captures every selected period and failure; automatic work stays system-origin (20.517042ms)
✔ all collection failures are exportable reports, never empty success or recomputable invented bars (2.299792ms)
✔ missing response rows are retained as explicit errors; unexpected rows or cutoff cannot enter a saved result (4.255667ms)
✔ late study response cannot be saved after account (1.162125ms)
✔ late study response cannot be saved after input (0.910041ms)
✔ late study response cannot be saved after unmount (0.803917ms)
✔ invalid collection coverage cannot silently omit a period during import (1.891375ms)
✔ actual study freezes independent radar lineage, preserves it through import and recompute, and refuses foreign source (3.633666ms)
✔ task stores detached actual inputs, user submission and system polling (1.663542ms)
✔ invalidated submit resolve cannot revive result/error/spinner (1.734292ms)
✔ invalidated submit reject cannot revive result/error/spinner (0.572833ms)
✔ invalidated poll resolve cannot revive result/error/spinner (0.832666ms)
✔ invalidated poll reject cannot revive result/error/spinner (0.655042ms)
✔ earlier request completion cannot stop a newer task or replace its context (2.519209ms)
✔ owner change stops polling and cannot attribute prior account result to the new account (1.359334ms)
✔ failed remains failure, never successful completion (0.456666ms)
✔ cancelled remains failure, never successful completion (0.493459ms)
✔ timed_out remains failure, never successful completion (0.308167ms)
✔ cancelling is not completed; wrong ID, malformed result and unknown status fail closed (1.647416ms)
✔ deadline aborts polling and explicitly says the server may still be running (14.878ms)
✔ task API sends captured owner and abort signal; old callers remain compatible (29.329625ms)
✔ progress is bounded, readable work units rather than inferred total percent (0.882084ms)
✔ factor result review freezes complete task data without lookup or recomputation (62.759333ms)
✔ completed phase never publishes result while task is still running (24.907792ms)
✔ untrusted progress cannot be used to publish an apparently completed task (1.831334ms)
✔ historical review uses owner-bound read-only fetch and account invalidation (3.271458ms)
✔ task list rejects malformed responses instead of replacing records with undefined (34.794333ms)
✔ cancelling is not terminal and elapsed values remain readable (0.139667ms)
✔ runBacktestWithPolling waits through cancelling and returns cancelled (2.233083ms)
✔ runBacktestWithPolling waits through cancelling and returns timed_out (3.543375ms)
✔ runSignalScanWithPolling waits through cancelling and returns cancelled (2.783625ms)
✔ runSignalScanWithPolling waits through cancelling and returns timed_out (3.060458ms)
✔ cancel API uses POST, and partial cancelled scan results are never accepted (0.726375ms)
✔ persistent recovery and version mismatch are distinct from completion (0.329333ms)
✔ terminal task deletion handles empty 204 and encodes identity (0.15075ms)
✔ checkpoint presence is not confused with verified reuse or task completion (0.294792ms)
✔ cached completed submission is retrieved rather than shown as running (0.165459ms)
✔ network failures are localized across WebKit, Chromium and Firefox (0.164291ms)
✔ tracking archive preserves raw input, precision, rules and can import read-only (27.327667ms)
✔ missing raw input (0.302375ms)
✔ wrong adjustment (0.120166ms)
✔ wrong period (0.10725ms)
✔ duplicate target (0.105333ms)
✔ false success (0.100958ms)
✔ unknown state (0.064958ms)
✔ cancelled empty expansion and partially completed batches retain actual states (0.105041ms)
✔ failed upload retries same identity and frozen payload, independent new batch gets a new identity (52.88425ms)
✔ late previous-owner save is discarded and never retried as the next account (0.41625ms)
✔ non-finite result stays unsaved rather than converting to null (0.169333ms)
✔ empty selections include every row, including incomplete results (0.457125ms)
✔ same period/column selections are OR, other columns and periods are AND (0.498208ms)
✔ total selection does not bypass other criteria; missing periods never count as neutral signals (0.082708ms)
✔ toggle/removal preserves all other selections and never mutates input (0.430167ms)
✔ status selection uses OR with empty meaning all; can combine with breadth (0.40475ms)
✔ route consumer can unmount and remount while the one sequential analysis continues (5.864167ms)
✔ explicit stop retains completed rows and marks running/unstarted rows cancelled (0.386792ms)
✔ owner change or revoked access clears results and rejects late old publications (0.297041ms)
✔ background completion includes per-target failure and expansion failure without false success (0.287667ms)
✔ cancel during board expansion cannot publish late entries (0.186292ms)
✔ tracking transport binds owner, stops on permission failure and does not relabel name/market requests (35.411875ms)
✔ late auth error on an already-cancelled old transport never stops the next job (0.21925ms)
✔ route delegates lifetime and owns bounded vertical scrolling; application binds ownership (0.969ms)
✔ finished batches emit independent history even without a route consumer (0.49775ms)
✔ tracking identity separates asset types, exchanges and board catalogues (0.988458ms)
✔ cloud book validates without silently dropping corrupt groups or duplicate entries (1.005ms)
✔ expansion preserves every member and all board/direct sources, not a 200-row display page (13.527667ms)
✔ membership failure is explicit and malformed partial membership is never accepted (0.545792ms)
✔ batch runs sequentially, keeps partial errors and continues after a failed target (18.153833ms)
✔ cancellation marks in-flight and unstarted rows, ignoring a late success (0.18075ms)
✔ group breadth counts only available periods, never treats failed targets as neutral evidence (0.24075ms)
✔ every clickable breadth count equals matching target count; periods and point families stay independent (0.219167ms)
✔ exact current revision accepts only its own evidence without mutation (6.631375ms)
✔ old partition, stale version, future evidence and false completion are rejected (0.298167ms)
✔ historical audit cannot import a later opposite segment (0.0875ms)
✔ empty partitions and higher-proof priority retain explicit blockers (0.073375ms)
✔ new blockers use Chinese labels without calling prerequisites completion (0.144416ms)
✔ missing comparison interval is explained in Chinese without inventing a date (0.683ms)
✔ special diagnostics identify each A indicator witness rather than the price witness (0.182ms)
✔ nonstandard DEA axis gate remains explicit without an improvement requirement (0.142209ms)
✔ DEA tolerance discloses research threshold, precise deviation and near-zero fallback (0.1675ms)
✔ wave evidence separates effective A from original wave and local pivots (0.377666ms)
✔ rounded equal line extrema disclose the precise failed values and witness times (0.135208ms)
✔ comparisons are explicitly research only and preserve B/C axis checks (0.107958ms)
✔ unformed candidate shows Chinese gates, two-decimal values and rejection dates (0.114709ms)
✔ new nonstandard audit explicitly uses full A and first-formed reverse evidence explains gaps (0.107583ms)
ℹ tests 676
ℹ suites 0
ℹ pass 676
ℹ fail 0
ℹ cancelled 0
ℹ skipped 0
ℹ todo 0
ℹ duration_ms 9475.680958
→ 打包中…
→ 运行测试…
京东方评级: D 分数: 34.3
维度明细: 卡玛比率=22.7, 最大回撤=27.5, 胜率=33.5, 利润因子=34.1, 夏普比率=41.5, 波动率=50.1
否决: 利润因子 1.11 接近 1，仅勉强盈亏平衡
长线优质策略评级: B 分数: 64.5
维度权重: 卡玛比率=28%, 最大回撤=26%, 胜率=0%, 利润因子=0%, 夏普比率=23%, 波动率=23%
优质案例评级: A 分数: 83.9
寻优点评级: A 74
组合重算指标: { '年化': '20.83%', '回撤': '0.80%', '夏普': '5.27', '卡玛': '26.03' }
稳定上涨组合评级: S 91.8
波动组合重算: { '回撤': '44.15%', '夏普': '-2.64', '持续': 60 }
波动组合评级: D 18.5
✔ 新版组合评级使用后端采样，不按图表柱数重新日线年化 (1.54ms)
✔ 必要风险指标缺失不能展示为零风险或正常评级 (0.231875ms)
✔ 无穷比率不等于满分，真实零利润因子仍按亏损判断 (0.128708ms)
✔ 京东方回测必须评为 D 档（用户核心诉求验证点） (0.479167ms)
✔ 京东方评分应在 30-43 区间（C 与 D 的边界） (0.135ms)
✔ 低利润因子触发系统亏损否决 (0.105208ms)
✔ 样本不足（< 10 笔交易）降权但不否决整个评级 (0.320792ms)
✔ 用户实测场景：6年6笔交易 + 高夏普 → 应得 A/B（核心回归测试） (0.1505ms)
✔ 深回撤 > 60% 触发直接 D 否决 (0.193041ms)
✔ 优质回测应得 A 或 S 档 (0.236875ms)
✔ 高回撤但收益高 → 最高 B（一票否决 cap） (0.212375ms)
✔ 插值函数：边界值取端点分数 (0.088083ms)
✔ 插值函数：中间值线性插值 (0.049917ms)
✔ 寻优评级：4 维度降级版 (0.315584ms)
✔ 寻优评级：网格点交易太少 → 降权但评级照常 (0.067792ms)
✔ 组合评级：稳定上涨净值应得 A 或 S (1.456417ms)
✔ 组合评级：高波动深回撤净值 → 低档 (0.513875ms)
✔ combinedMetrics：单点净值返回全 0（兜底） (0.04975ms)
✔ 历史组合仅保留原值，不从曲线推断日线或重算评级 (0.620209ms)
✔ v1-v4、未知版本及不完整依据不伪装为新版结果 (0.637ms)
✔ 新版结果使用已记录指标，真实 999 和零不被当作历史哨兵 (0.083709ms)
✔ 指标状态缺失或与数值冲突不能产出评级，包括被降权维度 (0.099334ms)
✔ 低交易样本的真实不可用逐笔指标仍可降权，不误拦截可用净值评级 (0.086833ms)
✔ 寻优逐行核验新版采样与候选状态，输入范围不替代候选证据 (0.108917ms)
✔ 完整快照保留精度、真实 0/999、全部指标及版本且不关联可变输入 (0.677792ms)
✔ 策略保存接受真实 Vue 响应式结果，不因 Proxy 无法 structuredClone 而失败 (0.545917ms)
✔ 再次保存历史指标不补造新版计算或评级依据 (0.138875ms)
✔ 对比展示原值并指出版本、周期、范围与利率差异，不自动重算 (0.263542ms)
ℹ tests 28
ℹ suites 0
ℹ pass 28
ℹ fail 0
ℹ cancelled 0
ℹ skipped 0
ℹ todo 0
ℹ duration_ms 96.384334
