
> web-ui@0.0.0 test
> node scripts/run-tests.mjs

✔ tracking is restricted to active administrators and explicitly authorized users (0.942ms)
✔ presence requires visible focused recent interaction and never negative elapsed time (0.176666ms)
✔ admin query descriptions label metadata and disclose truncated targets (0.247791ms)
✔ code labels use market-qualified identities and visible missing-name fallback (0.418791ms)
✔ name hydration is automatic, market-separated, bounded, and abort-aware (15.760917ms)
✔ all current chart inspector evidence stays readable without altering original nested data (9.401667ms)
✔ reject malformed fields reachable from overlays, popovers and every inspector section with exact paths (19.852625ms)
✔ optional old fields and empty failure checkpoints remain readable, no missing-state invention (0.383958ms)
✔ archive calendar validation rejects normalized impossible dates and illegal clock/offset values (2.319ms)
✔ bar validation compares actual instants, retains raw strings, rejects equal instants and malformed volume (0.846125ms)
✔ existing frozen matrix bar sources remain readable without mutation (21.810291ms)
✔ event lists and evidence-set reordering never imply new or changed signals; originals remain intact (29.275958ms)
✔ state, lifecycle times and unrounded evidence are classified separately on the same identity (6.738958ms)
✔ same date across families and sides remains independent; true event additions/removals are distinct (3.816458ms)
✔ duplicate identities preserve all records and are never paired arbitrarily (1.492542ms)
✔ missing identity does not cause false removals or additions in its collection (1.246666ms)
✔ missing source/list is unknown, not empty or proof of no events (0.38275ms)
✔ never-candidate diagnostics match without A or reference, including special B-only records (0.446333ms)
✔ A trimming changes evidence not identity; original wave anchors and reference changes distinguish bases (6.074625ms)
✔ date normalization preserves intraday, microsecond and timezone distinctions (16.527666ms)
✔ source differences and unknown fields/ordered evidence are retained (1.990875ms)
✔ different instruments, periods or study results are not matched (0.098ms)
✔ structure divergences are supported without inventing MACD wave anchors (1.561416ms)
✔ legacy local migration keeps original payload, precision, versions and unknown fields without upgrading (4.455167ms)
✔ cloud exports use latest metadata but retain the original immutable payload, not old cloud ID/revision (0.633959ms)
✔ study import preserves successful and failed periods plus original warmup and primary metadata (0.688333ms)
✔ unknown, incomplete, oversized and nonfinite backups are rejected, never uploaded as summaries (410.58575ms)
✔ all supported chart outputs preserve full precision, null warmups, style and instance order (9.016583ms)
✔ migration IDs survive rescanning/reload, preserve precision and isolate owners and changed content (11.873292ms)
✔ migration rejects missing owners, foreign archives and malformed inputs before upload (0.444167ms)
✔ post-inspection changes never upload under a previously confirmed identity (1.327958ms)
✔ lost response retries the same immutable body and id, without automatic retry or local deletion (1.851459ms)
✔ stop or account changes before/after read and upload discard stale results (0.810875ms)
✔ deleted cloud copies are not restored, purged copies and wrong response IDs are not treated as success (1.847ms)
✔ chart plan freezes original data and uses original identity/window, not current selection (5.246334ms)
✔ missing volume/time/parameters and unsupported length never silently become a smaller/default study (34.620292ms)
✔ study plan preserves actual research settings and saved time labels (0.788125ms)
✔ saved structural settings survive chart and study archive replay; mismatch is rejected (0.768958ms)
✔ unrounded path diff distinguishes null, missing, structure, empty arrays, and ordering (0.403042ms)
✔ response must match request, instrument, version, scope and period identities (0.647709ms)
✔ new archive retains original bars/lineage but never relabels frozen old indicators as recomputed (1.835333ms)
✔ study without saved input retains an explicit uncomputed row, never pretends all periods succeeded (0.264584ms)
✔ complete indicator recompute preserves saved settings, checks response and saves only new values (1.422167ms)
✔ missing or unknown saved indicator parameters cannot borrow current defaults (0.344167ms)
✔ original valid study rows retain precision, unknown fields, true zero and no recomputation (2.590875ms)
✔ invalid nested fields become explicit per-period errors, not silently missing rows (1.193958ms)
✔ strict pen fields reject coercion and preserve historical source errors without reading their invalid nested fields (0.5435ms)
✔ duplicates are not cherry-picked and malformed or future rows remain in original-record entries (0.15375ms)
✔ full backtest file and cloud envelope retain all fields; no implicit Chanlun recompute (24.585625ms)
✔ invalid cash cannot become a readable archive (0.145584ms)
✔ invalid params cannot become a readable archive (0.080083ms)
✔ invalid adjust cannot become a readable archive (0.088708ms)
✔ invalid null lineage cannot become a readable archive (0.129917ms)
✔ invalid net value cannot become a readable archive (0.090792ms)
✔ invalid future trade cannot become a readable archive (11.760958ms)
✔ invalid duplicate date cannot become a readable archive (1.817125ms)
✔ invalid missing metrics cannot become a readable archive (1.395291ms)
✔ invalid nested infinity cannot become a readable archive (0.188584ms)
✔ invalid coerced rejected cannot become a readable archive (0.104125ms)
✔ actual store freezes submitted input and result separately from later source mutation (290.349709ms)
✔ actual store rejects stale or failed owner run and clears prior archive (51.553667ms)
✔ actual store rejects stale or failed input run and clears prior archive (34.484208ms)
✔ actual store rejects stale or failed clear run and clears prior archive (6.930666ms)
✔ actual store rejects stale or failed failure run and clears prior archive (17.261083ms)
✔ trade lookup keeps the exact minute across separators, precision and days (1.571083ms)
✔ date-only values cannot choose the midnight bar of an ambiguous day (0.17025ms)
✔ daily and duplicate exact timestamps keep first positional matches (0.088667ms)
✔ nanoseconds and timezone text are not truncated into a false match (0.159041ms)
✔ date labels preserve useful precision without local timezone conversion (0.094584ms)
✔ higher sources resolve actual records and separate original from current review time (5.079417ms)
✔ base sources and foreign witness rejection have distinct Chinese descriptions (0.112625ms)
✔ inconsistent candidate has no replay evidence: unknown reason (0.081792ms)
✔ inconsistent candidate has no replay evidence: prototype key (0.068875ms)
✔ inconsistent candidate has no replay evidence: future version (0.057834ms)
✔ inconsistent candidate has no replay evidence: future completion (0.048708ms)
✔ inconsistent candidate has no replay evidence: missing time (0.0465ms)
✔ inconsistent candidate has no replay evidence: empty source (1.484875ms)
✔ inconsistent candidate has no replay evidence: duplicate source (0.152208ms)
✔ inconsistent candidate has no replay evidence: unknown source (1.94125ms)
✔ inconsistent candidate has no replay evidence: mixed levels (0.085167ms)
✔ inconsistent candidate has no replay evidence: future child (0.067083ms)
✔ inconsistent candidate has no replay evidence: wrong child level (0.052875ms)
✔ inconsistent candidate has no replay evidence: duplicate record (0.049542ms)
✔ inconsistent candidate has no replay evidence: empty record range (0.052084ms)
✔ inconsistent candidate has no replay evidence: gap (0.049875ms)
✔ inconsistent candidate has no replay evidence: wrong parent range (0.072125ms)
✔ inconsistent candidate has no replay evidence: reversed sources (0.052333ms)
✔ inconsistent candidate has no replay evidence: unsafe base number (0.051833ms)
✔ 80 percent transparency is 20 percent alpha, for both candle directions (0.96475ms)
✔ transparency stays finite, integer, and bounded (0.089666ms)
✔ body is symmetric around the unchanged wick across widths and fractional positions (30.734292ms)
✔ horizontal candles preserve every price coordinate (0.108708ms)
✔ missing or non-finite candle layouts are left untouched (0.125667ms)
✔ native ECharts layout remains centred after resize, zoom and data replacement (331.757875ms)
✔ zooming out of large-data line mode restores centred candle bodies (31.141375ms)
✔ structure widths retain existing defaults and hover appearance (1.719458ms)
✔ manual values stay finite, bounded, and at two decimal places (0.697125ms)
✔ raw index overrides rounded dates, including zero (0.46ms)
✔ legacy intraday dates never fall back to the first bar of the day (0.416708ms)
✔ duplicate formatted times fail safely without a raw index (0.084584ms)
✔ padding keeps the 23px marker plus radius inside the price pane (0.141084ms)
✔ flat, zero and negative ranges get finite padding; invalid extents do not (0.084334ms)
✔ single-bar time link is a thin line limited to each actual plot (0.896333ms)
✔ multi-bar time link has no border and clips to plot, never clamps offscreen data to an edge (0.092917ms)
✔ time links map daily coverage to all minute bars, not a matching ordinal (0.157667ms)
✔ weekly and monthly end-labelled bars cover earlier constituent dates without changing data (1.441917ms)
✔ nearest marker wins regardless of signal family, only co-located points share chooser (0.218208ms)
✔ immutable request cache deduplicates pending work, isolates payload keys and retries errors (0.390458ms)
✔ all six structural types keep extrema and confirmation separate with original evidence (0.72925ms)
✔ legacy records do not invent confirmation or structural sources (0.136834ms)
✔ M1 keeps independent MACD source and original direction, never a structural type (0.326167ms)
✔ all chart layers override independent animation and progressive rendering (1.774292ms)
✔ archive tooltip labels and evidence remain text, not active HTML (1.085209ms)
✔ rejects invalid saved zooms (1.21525ms)
✔ same-snapshot redraw keeps current manually chosen view (0.116167ms)
✔ focus redraw keeps manual zoom; clearing restores pre-focus view (0.094625ms)
✔ switching focus preserves the original return view (0.076917ms)
✔ new snapshot resets saved focus view and never revives old zoom (0.071833ms)
✔ default inactive; moving does not show cards and leaving does not deactivate (0.905875ms)
✔ object previews can read date-card activation without activating it (0.158041ms)
✔ click selects a point; outside click closes; inside click is not dismissed (0.115125ms)
✔ activated cards follow movement until outside dismissal, then require another click (0.566125ms)
✔ zoom clears stale coordinates but preserves activation (0.114584ms)
✔ data reset and Escape deactivate; teardown removes all handlers (0.127584ms)
✔ archive requests bind current owner and bypass browser cache (36.860458ms)
✔ cloud directory validates all rows, quotas and identities without dropping broken entries (13.578166ms)
✔ original detail requires an object payload but action receipts may omit it (0.369417ms)
✔ account change discards delayed success and delayed errors (0.245041ms)
✔ unauthenticated archive requests do not reach server; structured conflicts remain actionable (0.211667ms)
✔ upload retries retain immutable captured body and all numerical precision (0.154458ms)
✔ directed centre chain is candidate evidence, not completion (0.927916ms)
✔ touching, opposing, future, overlapping or malformed chains fail closed (0.245375ms)
✔ single-centre and legacy components remain readable (0.06925ms)
✔ inside, border, reversed y and overlapping rectangles resolve newest first (1.546958ms)
✔ invalid or missing render coordinates cannot create hits (0.085292ms)
✔ popup stays within narrow viewport and near-edge right click (0.087375ms)
✔ roles are Chinese and unknown roles never claim completion (0.455666ms)
✔ source ranges keep one-based indices without disguising gaps (0.106292ms)
✔ coverage checks counts, repeats and missing IDs (0.212ms)
✔ missing, empty and rejected suffix are explicit (0.071459ms)
✔ invalid counts and empty blocks cannot pass the coverage audit (0.074291ms)
✔ uses raw indices, allows shared endpoints and bounds zoom padding (4.808666ms)
✔ does not invent a B interval or infer indices from formatted dates (0.546958ms)
✔ rejects partial, reversed, overlapping and out-of-snapshot evidence (0.161417ms)
✔ allows inspection of historical failed evidence without reviving it (0.12375ms)
✔ local proof draws frozen exact endpoints only after its actual confirmation (0.170584ms)
✔ dual-line divergence uses two exact raw indices, never artificial ABC ranges (0.091042ms)
✔ dual-line focus rejects missing, duplicate, reversed and out-of-range points (0.091959ms)
✔ special wave focus uses AB and its extreme without inventing C (0.091541ms)
✔ direction, family and lifecycle have independent marker styles (1.133542ms)
✔ no-C dual-line remains a circle and fills only on first reverse-pen confirmation (2.541667ms)
✔ M1 is restricted to confirmed waves with a later actual confirmation (0.5035ms)
✔ four families retain independent records and nonstandard uses a triangle (0.400458ms)
✔ October 4 marker matrix uses shape for family and colour only for direction (0.158917ms)
✔ special AB evidence separates A line extrema from both price anchors and legacy pivots (0.145834ms)
✔ history is opt-in, inactive stays grey hollow, never creates M1 (0.123958ms)
✔ every historical shape uses a continuous hollow contour, including on hover (0.121375ms)
✔ new nonstandard evidence relaxes prices only and records each subtype (0.111334ms)
✔ new dual rule cannot fill without recorded later local confirmation (0.104042ms)
✔ historical engineering match retains original timing without claiming regrouping completion (1.580875ms)
✔ future, stale, mismatched or incomplete evidence fails closed (0.851375ms)
✔ older snapshots and unmatched parts keep existing natural audit available (0.211459ms)
✔ engineering provenance uses the same one-based numbering as other inspectors (0.66825ms)
✔ mixed recursion distinguishes consolidation and trend from the old trend view (0.175542ms)
✔ unknown or reversed provenance is not presented as a completed trend (0.078834ms)
✔ indicator and price values use two decimals without inventing missing evidence (0.085458ms)
✔ recursive centre relations never call extension candidates completed types (0.100333ms)
✔ admissions distinguish unit confirmation from later failed-return admission (0.060333ms)
✔ display fields retain all text including dates, provenance, and secondary colons (1.217292ms)
✔ narrative, missing evidence, and timestamp headings remain whole (0.136417ms)
✔ selects the exact source without replacing missing comparison periods with the primary (0.802167ms)
✔ prefix audit preserves original warmup snapshot and its own instrument and period (1.260458ms)
✔ rejects invalid positions, missing identity and explicitly unclosed prefix data (0.252542ms)
✔ optimization carries full execution and identity without live defaults (10.364375ms)
✔ malformed, mixed, missing or conflicting optimization context never silently defaults (1.201042ms)
✔ multi original replay preserves costs, slots and adjustment; extend changes only end dates (0.914583ms)
✔ multi rejects corrupt and incompatible slots without dropping or repairing any (0.374625ms)
✔ legacy missing settings are disclosed with deterministic defaults, explicit invalid values rejected (0.163917ms)
✔ combining equal-account singles preserves per-slot cash and costs; conflicts rejected not rewritten (0.362916ms)
✔ all candidate states distinguish eligibility from completed natural types (1.096917ms)
✔ opposite geometry identifies reused next-part evidence, including nonzero source IDs (0.774583ms)
✔ external opposite geometry is not added to candidate membership (0.109375ms)
✔ missing, stale, misattributed or future opposite geometry is not displayed as matched (0.157666ms)
✔ preferred endpoints are never called completed types; conflicts are retained (0.077958ms)
✔ opposite base turn is not same-level completion (0.095416ms)
✔ price formatting preserves zero and boundary contact, guards non-finite values (0.10975ms)
✔ candidate audit joins by identity, not response order (0.079459ms)
✔ part audit must match ordinal AND exact raw source IDs, including shifted IDs (0.142666ms)
✔ locates the three raw ranges without relabelling them as MACD or confirmed centres (2.603833ms)
✔ candidate must already be observable at the CURRENT replay prefix (0.44825ms)
✔ no incomplete, waiting or unsupported candidate is given a fabricated range (0.258333ms)
✔ raw bar boundaries must be contiguous and inside the visible window (0.334ms)
✔ source partitions must cover every original segment once, preserving nonzero IDs (0.287834ms)
✔ conflicting geometric fallback remains viewable for manual audit (0.172625ms)
✔ clearing a regrouping focus restores original zoom; a new replay snapshot does not (0.297166ms)
✔ membership labels distinguish source confirmation from later admission (0.519208ms)
✔ admission witness distinguishes confirmation dependency from geometric membership (0.095584ms)
✔ old or malformed evidence never invents an admission witness (0.088625ms)
✔ real frozen result archives preserve every input, missing tag, precision and failed factor (14.854417ms)
✔ factor cloud envelope imports as independent copy without original identity (35.786834ms)
✔ partial or incompatible archives fail explicitly, not repaired from the current catalog (465.072458ms)
✔ read-only renderer has no execution or market API imports; explicit replay is separate (2.191667ms)
✔ same-account profile refresh preserves replay state; identity changes invalidate synchronously (5.564667ms)
✔ benchmark dependency uses declared input not a guessed name (0.472125ms)
✔ pool rejects mixed frozen index versions, allowing different stock calendars (6.166792ms)
✔ frozen exact pairing retains absent date and rejects silent fill or replacement (0.460292ms)
✔ failed auxiliary fetch must be explicitly recorded for both fields; legacy needs none (0.105458ms)
✔ UI exposes benchmark conditionally and invalidates both research paths (2.856542ms)
✔ library navigation and Chinese/identifier/family search preserve full matching set (0.5845ms)
✔ availability is evaluated by adjustment and period without mutating selections (1.488042ms)
✔ single and multi-track axes share compact large units and distinct small ticks (0.802292ms)
✔ correlation uses its mathematical range; raw factors keep their own scale (0.109916ms)
✔ tiny values remain visible and tooltip raw precision is not rounded (0.088958ms)
✔ percentage is presentation only, gaps and source values are preserved (0.417583ms)
✔ disabled combination does not add implicit weights; enabled selection is explicit (1.059417ms)
✔ actual Python report preserves the combination through export and read-only reopen (35.838334ms)
✔ incomplete or contradictory composition archive is rejected, never repaired (67.361041ms)
✔ horizon selection is bounded, canonical and never silently amended (2.655834ms)
✔ horizon view uses frozen results without changing configuration or primary report (12.287042ms)
✔ all horizons survive draft/export/import and old single archives still read (31.31925ms)
✔ missing windows, wrong labels and disagreement with primary reports fail closed (167.304791ms)
✔ request selection invalidates immediately; display-only switching does not (4.111583ms)
✔ multiple horizons dispatch one explicitly manual request with complete selection (24.644208ms)
✔ dimensionless exponents are not presented as bar counts (1.10775ms)
✔ filtered sample windows are never labelled as calendar periods (0.352708ms)
✔ named GTJA dependency paths use maximum chain and all edited windows (0.702375ms)
✔ GTJA compound windows and cross-library identical mean ratios are explicit (0.154292ms)
✔ parameter selection copies only active settings without mutating cached settings (0.145041ms)
✔ builtin decimal multiplier, ordering, effective identity and actual labels (2.590041ms)
✔ reset only one parameter, retain other overrides without mutating input (0.152875ms)
✔ history warning uses full effective warmup, not all parameters as rolling windows (0.164292ms)
✔ names and validation use actual windows; equivalent formula choices rejected (0.524541ms)
✔ recompute task request binds owner, source revision and manual intent; polling stays automatic (33.737167ms)
✔ history retains the complete recompute envelope, not just numerical results (9.645875ms)
✔ replay uses shared task invalidation and archive saving preserves replay metadata (1.145917ms)
✔ statistics version is frozen provenance, never inferred as the current version (0.49625ms)
✔ factor glossary accepts standard abbreviations with spaces or underscores (0.185ms)
✔ factor missing values never become valid zero (0.503167ms)
✔ factor ranking is stable, non-mutating and missing-last in both directions (12.805167ms)
✔ small factor values do not round to fake zeros; raw precision keeps original number (0.132125ms)
✔ compatibility aliases are only shown for exact legacy lookup or active selection (4.220875ms)
✔ series automatic initialization is system intent, only deliberate task submission is a query (33.907208ms)
✔ saved series task reopens as series without lookup, all diagnostics and original inputs survive (2.926291ms)
✔ cleared series execution cannot publish an old stock result (0.653459ms)
✔ live series and history use shared tasks, invalidate on input/account/route and never treat as trading backtest (1.251375ms)
✔ late catalog never submits after unmount, input/account/tab changes, or manual run (0.237458ms)
✔ failed catalog does not silently start default research or publish after leaving (0.146ms)
✔ favorite IDs are bounded, deduplicated and malformed saved preferences never get overwritten (2.4775ms)
✔ favorites use acknowledgment and only patch their own key; same-session writes serialize (0.468208ms)
✔ failed favorite updates do not pretend success and can retry (0.2525ms)
✔ other preference acknowledgment exposing pending patch cannot fake a saved favorite (0.205917ms)
✔ owner switch clears state immediately and old failure cannot affect new save (13.570083ms)
✔ series compare shares all x axes but preserves independent raw values, scales, gaps and tooltip precision (17.073417ms)
✔ future appending leaves prior plotted values unchanged, missing is never replaced by zero (0.248917ms)
✔ multi-factor comparison is reused in live and read-only views, favorites do not change research settings (2.0095ms)
✔ factor submission marks only explicit dispatch, preserves owner/signal, polling/cancel stay automatic (24.158833ms)
✔ cancel acknowledged during pending poll cannot regress UI or publish partial result (13.974ms)
✔ late cancellation cannot revive cleared or changed-account task UI (3.108291ms)
✔ unconfirmed cancellation keeps polling; successful task remains recoverable (1.575958ms)
✔ factor panel uses shared execution and distinguishes cancel from detach (0.294167ms)
✔ explicit stock-only finite latest selection; missing and fund/index stay unavailable (1.051208ms)
✔ origin and precision survive JSON and later group membership edits (4.426042ms)
✔ only explicit action writes owner assertion and source revision, never sends computed score (23.918334ms)
✔ late owner response rejected; permission denial and source mismatch not successful (0.654958ms)
✔ time modes construct explicit configs without random dates or implied training (21.433917ms)
✔ invalid dates, hidden shrinkage and numeric coercion are rejected (0.350667ms)
✔ full frozen time results survive import, draft and readonly validation unchanged (8.127916ms)
✔ missing, mismatched and nonfinite temporal archive results fail explicitly (31.127333ms)
✔ changes invalidate synchronously; same-account profile refresh does not change split (1.628ms)
✔ menus stay inside phone, keyboard and landscape viewports (1.647333ms)
✔ near-bottom controls open upwards without changing ordinary desktop width (0.302334ms)
✔ warmup null, missing and invalid indicator values never become invented zeroes (3.245541ms)
✔ freeze all supported indicator outputs, warmup holes, volume averages and exact numerical precision (24.737208ms)
✔ frozen playback keeps captured values despite different current prices and never queries APIs (0.775667ms)
✔ malformed or mismatched frozen values fail closed, never fall back to recomputation (0.780459ms)
✔ marker hit uses signed stacking offset for both directions, not candle position (0.455208ms)
✔ symbol size and invalid render positions are handled safely (0.084333ms)
✔ market tab changes discard old success and cannot stop the new spinner (237.29725ms)
✔ market late failure after filter cannot resurrect an error (74.81ms)
✔ market late failure after owner cannot resurrect an error (24.91ms)
✔ market late failure after unmount cannot resurrect an error (40.937042ms)
✔ directory count failure preserves valid rows; late totals cannot cross markets (43.978042ms)
✔ board selection clears old details and ignores slower preceding member responses (48.341458ms)
✔ board list filter changes invalidate pending member requests and prevent old auto-selection (53.4885ms)
✔ default board preload remains system-origin after manual list refresh (51.757541ms)
✔ belonging response after stock cannot change results or stock history (58.7895ms)
✔ belonging response after owner cannot change results or stock history (13.01725ms)
✔ belonging response after unmount cannot change results or stock history (10.308166ms)
✔ current belonging success records captured stock; concurrent member failure has separate feedback (10.726334ms)
✔ market selection uses loaded market, clears on filters, and distinguishes shared stock/index codes (37.482958ms)
✔ board analysis uses result classification; members require their own market (82.575167ms)
✔ aborted late response cannot publish metadata even if transport ignores abort (48.564167ms)
✔ missing provenance or silently changed adjustment never reaches research (0.707375ms)
✔ reported gaps do not falsely label suspension or prevent inspecting valid candles (0.133875ms)
✔ history fetch consumes one verified range and publishes complete metadata only after validation (0.529416ms)
✔ unclosed response never updates provenance or reaches the backtest (0.246333ms)
✔ null, true zero, infinities and real 999 are distinct after JSON roundtrip (0.45625ms)
✔ single, saved and comparison results retain authoritative metric basis (2.769041ms)
✔ whole proof validated without mutation, and cross-role ownership remains visible (1.46325ms)
✔ stale, future, duplicated, incomplete, falsely completed and mismatched sources rejected (0.348333ms)
✔ base runs cannot masquerade as proofs or own multiple provisional regions (0.08ms)
✔ blocked covers show full conflicts, never fabricated flattened blocks (0.090209ms)
✔ labels retain provisional scope (0.126417ms)
✔ all seven MA presets are available but only MA5 and MA10 start visible (1.782542ms)
✔ each chart session gets independent editable settings without changing presets (0.097459ms)
✔ MA presets retain the requested yellow, white, purple, green, cyan, orange, red palette (0.084792ms)
✔ legend retains every MA choice and explicit hidden states override stale chart selection (0.119042ms)
✔ cross-boundary details resolve actual input and nested ownership records (3.540125ms)
✔ unowned reverse evidence stays explicitly unowned for boundary rejection (0.170792ms)
✔ foreign witness can be shown for an otherwise single-owner candidate (0.111417ms)
✔ legacy candidates do not invent missing conflict details (0.457166ms)
✔ damaged detail is not presented: mismatched candidate sources (5.271583ms)
✔ damaged detail is not presented: wrong layer (0.15925ms)
✔ damaged detail is not presented: unknown reverse input (0.094167ms)
✔ damaged detail is not presented: wrong reverse range (0.063125ms)
✔ damaged detail is not presented: reverse overlaps prices (0.065458ms)
✔ damaged detail is not presented: future reverse confirmation (0.113166ms)
✔ damaged detail is not presented: wrong reverse time (0.062583ms)
✔ damaged detail is not presented: incomplete domain list (0.069625ms)
✔ damaged detail is not presented: duplicate domains (0.04825ms)
✔ damaged detail is not presented: noncontinuous domain (0.041875ms)
✔ damaged detail is not presented: foreign domain misses witness (0.046584ms)
✔ damaged detail is not presented: false unowned witness (0.047458ms)
✔ damaged detail is not presented: missing nested record (0.054292ms)
✔ damaged detail is not presented: wrong reason (0.055209ms)
✔ only current owner revisions form the displayed ownership set (0.763875ms)
✔ internal provenance remains distinct and validates enclosing ownership (0.315ms)
✔ parent-covered history is not labeled as an additional effective input (0.066333ms)
✔ nested provenance validates containment and strictly increasing input levels (0.169042ms)
✔ current owner labels are distinct from creation IDs and tolerate old snapshots (0.084209ms)
✔ summary mode lists every historical address, not just current versions (1.667208ms)
✔ full and missing legacy snapshots stay readable without inventing history (0.10725ms)
✔ all four analysis paths explicitly request summary delivery without changing input (0.754542ms)
✔ complete lifecycle stays chronological, does not mutate input, and uses Chinese labels (2.898125ms)
✔ legacy or future history is not invented (0.140958ms)
✔ dangling, reordered, duplicated, miscounted and conflicting histories fail closed (4.060833ms)
✔ equal counts cannot hide swapped source identities (0.133583ms)
✔ intermediate event boundaries must equal actual inherited and added sources (0.085166ms)
✔ input evidence must exist at the correct level and be available at admission (0.299875ms)
✔ invalid domain sources, membership and parent context fail closed (0.200375ms)
✔ leftward growth, shifted sources and newly filled merge gaps remain valid (0.616042ms)
✔ both periods exclude future and open candles while retaining original warm-up start (1.333917ms)
✔ snapshot observation time caps cutoff; bar start before cutoff is not enough (0.13225ms)
✔ no timeframe fallback or fabricated candles when historical minute range is unavailable (0.064458ms)
✔ index and board snapshots retain NONE adjustment, mismatch is rejected (0.234917ms)
✔ missing completion evidence, timezone timestamps and unordered bars fail explicitly (0.145416ms)
✔ week/month completion boundary comes from provider annotation, not day label (0.109625ms)
✔ matrix defaults to five requested periods and includes separate buy/sell evidence column (1.325583ms)
✔ does not turn current reversal observation into a confirmed opposite pen (0.444ms)
✔ keeps true zero distinct from missing, and numerical display never overwrites original axis judgment (0.407125ms)
✔ keeps divergence family, extrema and actual confirmation separate; never drops records (8.321958ms)
✔ missing pen and divergence are bounded claims; quality limitations stay visible (0.276583ms)
✔ buy/sell evidence distinguishes missing old archives, no points, structure and M1 (0.201792ms)
✔ portfolio: all original values survive import and cloud envelope; no Chanlun recompute (17.019042ms)
✔ portfolio: actual component fetches only explicitly, binds owner/request/result and freezes capture (48.072292ms)
✔ portfolio: late receipt discarded after owner (1.203375ms)
✔ portfolio: late receipt discarded after request (0.994459ms)
✔ portfolio: late receipt discarded after task (0.766416ms)
✔ portfolio: late receipt discarded after result (0.804792ms)
✔ portfolio: late receipt discarded after busy (0.731ms)
✔ portfolio: late receipt discarded after unmount (0.733083ms)
✔ portfolio: invalid missing rejected (0.170792ms)
✔ portfolio: invalid allocation rejected (0.240208ms)
✔ portfolio: invalid metadata rejected (0.09975ms)
✔ portfolio: invalid date rejected (0.10525ms)
✔ portfolio: invalid precision rejected (0.173ms)
✔ portfolio: invalid curve rejected (0.159167ms)
✔ portfolio: invalid request rejected (0.089333ms)
✔ portfolio: invalid trade rejected (0.115458ms)
✔ portfolio: unavailable or different task never falls back to fetching data (2.455834ms)
✔ multi_strategy: all original values survive import and cloud envelope; no Chanlun recompute (0.997208ms)
✔ multi_strategy: actual component fetches only explicitly, binds owner/request/result and freezes capture (3.626208ms)
✔ multi_strategy: late receipt discarded after owner (0.877333ms)
✔ multi_strategy: late receipt discarded after request (0.883ms)
✔ multi_strategy: late receipt discarded after task (0.949916ms)
✔ multi_strategy: late receipt discarded after result (1.140667ms)
✔ multi_strategy: late receipt discarded after busy (0.828666ms)
✔ multi_strategy: late receipt discarded after unmount (1.146208ms)
✔ multi_strategy: invalid missing rejected (0.458667ms)
✔ multi_strategy: invalid allocation rejected (0.628416ms)
✔ multi_strategy: invalid metadata rejected (0.328583ms)
✔ multi_strategy: invalid date rejected (0.214458ms)
✔ multi_strategy: invalid precision rejected (0.327083ms)
✔ multi_strategy: invalid curve rejected (0.182417ms)
✔ multi_strategy: invalid request rejected (0.101791ms)
✔ multi_strategy: invalid trade rejected (0.116208ms)
✔ multi_strategy: unavailable or different task never falls back to fetching data (5.738041ms)
✔ normalized server defaults may extend but not alter submitted parameters (0.079542ms)
✔ library original/extended multi replay uses saved costs despite global preference changes (295.541833ms)
✔ portfolio load -> actual store task lifecycle -> save uses identical context and all costs (113.322667ms)
✔ portfolio catalog-stage input is isolated before saved fetch (98.259333ms)
✔ portfolio catalog-stage params is isolated before saved fetch (159.955334ms)
✔ portfolio catalog-stage owner is isolated before saved fetch (85.306334ms)
✔ portfolio catalog-stage failure is isolated before saved fetch (50.018542ms)
✔ portfolio catalog-stage empty is isolated before saved fetch (89.149375ms)
✔ pending portfolio cannot survive input (76.252625ms)
✔ pending portfolio cannot survive owner (37.467375ms)
✔ pending portfolio cannot survive unmount (35.482208ms)
✔ store account epoch clears completed results in all four task families (23.522959ms)
✔ runPortfolio old account error is ignored even after switching back (41.005542ms)
✔ runMultiStrategy old account error is ignored even after switching back (28.938417ms)
✔ runOptimize old account error is ignored even after switching back (23.326083ms)
✔ runOptimizeAll old account error is ignored even after switching back (20.577667ms)
✔ optimizer takes an input snapshot before awaiting bars and hands off the result strategy/adjustment (28.082708ms)
✔ portfolio late save cannot close or annotate newly changed configuration (21.415375ms)
✔ library name lookup cannot mix later input or account into a save (80.71475ms)
✔ library saves a multi result with submitted adjustment, not the later global preference (20.62875ms)
✔ late library list cannot replace a newly created record and owner change clears all personal rows (19.194459ms)
✔ portfolio identity rejects mixed markets, repeats and invalid lengths (0.254459ms)
✔ late preference response cannot revert a newer adjustment; queued patch is captured (188.694834ms)
✔ account switch drops old queue, permits new account immediately and ignores late response (69.691ms)
✔ same-account logout/login does not accept response from prior session epoch (23.409875ms)
✔ failed saves reject caller, do not wedge queue or restore stale role permissions (59.767542ms)
✔ mismatched response owner and logged-out saves are rejected (9.094042ms)
✔ market preference watcher survives the first route unmount and follows owner changes (9.93825ms)
✔ tracking ownership watcher survives route scope disposal and clears on revocation or logout (221.46175ms)
✔ late name hydration cannot write across accounts; new owner hydrates independently (21.463333ms)
✔ sidebar hydration never writes, old-owner timers cancel, failures are handled (176.014125ms)
✔ forming candles preserve OHLC and use dashed empty outlines (0.442583ms)
✔ forming volume and signed MACD columns preserve values and direction (0.099ms)
✔ query defaults to system, manual intent is synchronous and explicit (0.545083ms)
✔ direct bar snapshot fetch preserves explicit intent, including failed requests (26.181459ms)
✔ pending manual requests do not mark concurrent automatic work or async continuations (1.90475ms)
✔ API dispatch tags manual queries but excludes automatic name lookup and task polling (1.257458ms)
✔ save keeps original full input separate from replay prefix, fully detached from live state (62.784458ms)
✔ same-bar opposite signals remain distinct; source survives JSON import without task or network (4.445667ms)
✔ recompute uses only saved chart prefix, keeps original scan signals and version unchanged (19.794167ms)
✔ reject wrong target before saving; never silently drop invalid lineage (3.519375ms)
✔ reject board target before saving; never silently drop invalid lineage (0.350625ms)
✔ reject wrong market before saving; never silently drop invalid lineage (0.965125ms)
✔ reject reference before saving; never silently drop invalid lineage (0.235167ms)
✔ reject invalid date type before saving; never silently drop invalid lineage (0.167166ms)
✔ reject noncanonical cutoff before saving; never silently drop invalid lineage (0.149959ms)
✔ reject row summary before saving; never silently drop invalid lineage (0.275791ms)
✔ reject row last date before saving; never silently drop invalid lineage (0.22825ms)
✔ reject outside signal window before saving; never silently drop invalid lineage (0.231125ms)
✔ reject row source before saving; never silently drop invalid lineage (0.238167ms)
✔ reject row requested adjust before saving; never silently drop invalid lineage (0.198167ms)
✔ reject row quality before saving; never silently drop invalid lineage (1.272667ms)
✔ reject open candle before saving; never silently drop invalid lineage (0.184ms)
✔ reject unsupported storage before saving; never silently drop invalid lineage (0.1225ms)
✔ legacy snapshot without original input still opens without invented source (0.127375ms)
✔ original task references round-trip and legacy references remain distinguishable (1.541333ms)
✔ cache receipt must be a real ID string, never coerced or inherited from another owner (0.465709ms)
✔ all frozen bars and precision survive; changed code is disclosed, not represented as old execution (0.677916ms)
✔ invalid original receipt task stops instead of substituting live data (0.16375ms)
✔ invalid original receipt row stops instead of substituting live data (0.080167ms)
✔ invalid original receipt market stops instead of substituting live data (0.068125ms)
✔ invalid original receipt symbol stops instead of substituting live data (0.068292ms)
✔ invalid original receipt params stops instead of substituting live data (0.062625ms)
✔ invalid original receipt strategy stops instead of substituting live data (0.087417ms)
✔ invalid original receipt fingerprint stops instead of substituting live data (0.142334ms)
✔ invalid original receipt adjust stops instead of substituting live data (0.079291ms)
✔ invalid original receipt signal stops instead of substituting live data (0.089875ms)
✔ invalid original receipt malformed signals stops instead of substituting live data (0.0585ms)
✔ invalid original receipt row error stops instead of substituting live data (0.051708ms)
✔ invalid original receipt storage stops instead of substituting live data (0.053458ms)
✔ invalid original receipt version stops instead of substituting live data (0.053875ms)
✔ invalid original receipt missing bars stops instead of substituting live data (0.161041ms)
✔ invalid original receipt null bar stops instead of substituting live data (0.462417ms)
✔ invalid original receipt order stops instead of substituting live data (0.323417ms)
✔ invalid original receipt open bar stops instead of substituting live data (0.157209ms)
✔ invalid original receipt future stops instead of substituting live data (0.156334ms)
✔ invalid original receipt negative duration stops instead of substituting live data (0.170916ms)
✔ invalid original receipt missing cutoff stops instead of substituting live data (0.118292ms)
✔ invalid original receipt number string stops instead of substituting live data (0.16075ms)
✔ invalid original receipt NaN stops instead of substituting live data (0.127834ms)
✔ invalid original receipt bad low stops instead of substituting live data (0.140333ms)
✔ invalid original receipt negative volume stops instead of substituting live data (0.162833ms)
✔ API sends owner and abort signal with no-store; unavailable receipt never calls a live feed (22.22075ms)
✔ radar submits captured owner with manual intent, polls as system, and preserves old cache adjustment (35.264667ms)
✔ late submit after adjust cannot become a scan result or cache (6.063458ms)
✔ late submit after window cannot become a scan result or cache (1.806042ms)
✔ late submit after owner cannot become a scan result or cache (23.138375ms)
✔ late submit after roundtrip cannot become a scan result or cache (6.134333ms)
✔ late submit after unmount cannot become a scan result or cache (2.063791ms)
✔ late poll after adjust cannot become a scan result or cache (3.777917ms)
✔ late poll after window cannot become a scan result or cache (6.048625ms)
✔ late poll after owner cannot become a scan result or cache (2.716834ms)
✔ late poll after roundtrip cannot become a scan result or cache (4.069542ms)
✔ late poll after unmount cannot become a scan result or cache (1.860125ms)
✔ a failed new scan cannot re-display or replace old success; explicit retry is independent (1.406916ms)
✔ invalid result rows is never cached (0.670375ms)
✔ invalid result counts is never cached (0.525208ms)
✔ invalid result id is never cached (0.459375ms)
✔ storage denial preserves valid live results with an explicit notice (0.527875ms)
✔ actual picker loads the original complete warmup and stores actual dates, not form defaults (13.901167ms)
✔ failed original input does not fall back to newly fetched prices (1.120416ms)
✔ pending original input cannot commit after owner (9.495042ms)
✔ pending original input cannot commit after code (1.998917ms)
✔ pending original input cannot commit after unmount (1.039083ms)
✔ radar review captures row adjustment, exact minute, strategy and original cutoff (5.179625ms)
✔ invalid or legacy reviews fail explicitly without guessing data or adjustment (0.507208ms)
✔ exchange-local dates validate without browser timezone conversion (0.086333ms)
✔ review excludes future and unclosed bars, resets derived fingerprint and reports actual range without mutating source (0.874208ms)
✔ radar cache is owner scoped and malformed/legacy records never enter the UI (0.485625ms)
✔ late messages, close and errors from an old socket cannot affect replacement (0.857459ms)
✔ invalid messages and control responses never become ticks; close reason retained (0.158666ms)
✔ matching versions are selected by case identity without mutation (2.374959ms)
✔ future snapshots, wrong rules, incomplete chains and duplicate cases are rejected (0.640333ms)
✔ labels never confuse endpoint consistency or higher-centre proof with completion (0.335416ms)
✔ v2 keeps the detached prefix and v1 remains readable (0.827875ms)
✔ v3 supports trend search while retaining the same ownership guards (0.276583ms)
✔ missing, duplicated, misattributed or silently completed prefix is rejected (1.479208ms)
✔ reincorporation is recorded explicitly instead of erasing detached history (0.428792ms)
✔ accepts bounded history and empty verified batches (1.384875ms)
✔ rejects wrong batch, future indices, broken sources and contradictory state (0.289666ms)
✔ research labels distinguish absence, release, retained and internal (0.085125ms)
✔ late old responses cannot own a newer research request (0.486917ms)
✔ submission fields are captured values, not mutable form references (0.468833ms)
✔ navigation preserves explicit stock/index/fund/board identity and parameters without auto run (2.256208ms)
✔ ambiguous identity is rejected rather than guessed or numeric code padded (0.127542ms)
✔ query parser rejects incomplete, duplicate, incompatible and mixed-context values (5.17675ms)
✔ snapshot import keeps original data and normalizes optional display metadata (2.760375ms)
✔ reject invalid schema, periods, oversized arrays and impossible candle prices (0.741167ms)
✔ cloud archives retain larger frozen windows and all supported distinct periods (12.132667ms)
✔ import keeps valid frozen outputs and rejects mismatched frozen data instead of recomputing (0.450291ms)
✔ window is exchange local and bounded by the snapshot cutoff (0.493459ms)
✔ missing numbers and candidate status are never promoted (0.135292ms)
✔ amber projection resolves daily and minute labels, ignores open candle (0.313542ms)
✔ three workspaces are keyboard traversable without dropping an existing mode (2.408792ms)
✔ mobile comparison shows exactly the selected snapshot; desktop shows both (0.388625ms)
✔ inactive research never starts automatic work, valid active research does (0.227917ms)
✔ saved single strategy restores market, period, adjustment and all execution costs exactly (5.464791ms)
✔ missing legacy fields disclose supplied defaults instead of claiming complete restoration (0.658708ms)
✔ explicit contradictory market and unsupported instruments are not silently rewritten (0.798375ms)
✔ invalid present fields are errors, not fallback defaults (0.70075ms)
✔ saved links identify records only and cannot inject alternate execution context (0.397334ms)
✔ market entry preserves local dates and strategy, runs only on explicit request (9.212875ms)
✔ boards entry preserves local dates and strategy, runs only on explicit request (1.992875ms)
✔ mixed market context blocks all loading and computation: savedStrategyId (1.731625ms)
✔ mixed market context blocks all loading and computation: optimizationContext (0.982208ms)
✔ mixed market context blocks all loading and computation: autoRun (1.006417ms)
✔ mixed market context blocks all loading and computation: unexpected (0.951458ms)
✔ slow catalog cannot overwrite input with a market entry (5.901416ms)
✔ slow catalog cannot overwrite owner with a market entry (1.395917ms)
✔ catalog-stage input cannot restore saved inputs or dispatch a task (3.42025ms)
✔ catalog-stage params cannot restore saved inputs or dispatch a task (3.386375ms)
✔ catalog-stage owner cannot restore saved inputs or dispatch a task (1.277583ms)
✔ catalog-stage failure cannot restore saved inputs or dispatch a task (1.302167ms)
✔ optimization context restores every execution field and malformed context blocks dispatch (1.756916ms)
✔ actual backtest view loads exact saved context without running, then saves the configuration used (3.2595ms)
✔ saving original radar warmup uses loaded input dates, not hidden form defaults (2.249333ms)
✔ late saved record cannot overwrite owner (1.744958ms)
✔ late saved record cannot overwrite route (1.636417ms)
✔ late saved record cannot overwrite input (1.339167ms)
✔ late saved record cannot overwrite unmount (1.464ms)
✔ invalid saved context blocks run, while legacy missing fields disclose fallback (4.745208ms)
✔ every execution input invalidates the old result before it can be saved (19.550542ms)
✔ editing a cost while bars are pending never runs the new form on the old request (1.066542ms)
✔ save completion after owner cannot write into a different page or account (1.763708ms)
✔ save completion after route cannot write into a different page or account (1.218292ms)
✔ save completion after unmount cannot write into a different page or account (1.24875ms)
✔ audit description translates permissions and never renders arbitrary detail fields (1.541083ms)
✔ audit time is explicitly Shanghai time and invalid data remains readable (36.368334ms)
✔ audit API preserves bounded pagination/filter state and authenticated credentials (20.150792ms)
✔ distinguishes no candidate, failed current audit, and actual invalidation without promoting legacy state (1.481542ms)
✔ filters independent families and directions without merging special and local dual-line evidence (2.443541ms)
✔ searches lifecycle dates and failure reasons with all terms required, retaining original source objects (0.681833ms)
✔ searches diagnostic rejection history without silently reviving historical candidates (0.953291ms)
✔ all excludes bc false, preserves input order and records, and does not infer missing direction (0.457333ms)
✔ legacy diagnostic family is standard, and empty diagnostics do not invent rejection records (0.147042ms)
✔ structural points retain their own confirmation and evidence, never deriving them from a MACD source (0.437583ms)
✔ M1 uses exact existing gates and remains a separate view of its original standard event (0.235ms)
✔ combined date query finds independent point, prompt and event records without deduplication or additive counts (0.124417ms)
✔ chart date matches structured lifecycle timestamps, not coincidental prose dates (0.248ms)
✔ minute evidence uses exact exchange-local minute, accepting T/space and refusing missing time (0.094ms)
✔ chart date includes diagnostic ABC and rejection coverage without inventing open or reversed intervals (0.210125ms)
✔ date scope combines with all filters for structural points and original M1 sources (0.096458ms)
✔ new standard evidence explains price, old blocker and independent special lifecycle (1.053917ms)
✔ new gates include counts, boundary and dates without undefined placeholder (0.209375ms)
✔ legacy comparisons retain old detected confirmed and invalidated dates (0.141833ms)
✔ initial schema and refreshed catalog preserve supplied parameters; strategy change alone resets (5.174209ms)
✔ late catalog defaults are suspended until route validation and then fill only missing fields (0.678666ms)
✔ structure dates remove midnight noise without changing intraday precision (0.739542ms)
✔ centre evidence distinguishes fixed core, outer range and candidate expansion (0.562417ms)
✔ segment evidence includes source prices and reverse proof with one-based labels (0.727084ms)
✔ missing legacy evidence does not invent confirmation (0.285041ms)
✔ special inclusion explains boundary exception without labelling it an ordinary fractal (0.178208ms)
✔ centre relation history distinguishes current candidate from original separation (0.240625ms)
✔ confirmation replay translates raw indices without date matching (0.17125ms)
✔ unknown, invalid or out-of-snapshot confirmations have no replay target (0.192875ms)
✔ connection badge validates shared time, price and alternating direction (0.248917ms)
✔ reverse preview uses observed extreme, not last close or a future target (0.953417ms)
✔ mirrored lows produce an upward reference (0.100083ms)
✔ no invented reference for missing, ambiguous, extending, or invalid inputs (0.136208ms)
✔ replay prefix cannot use a later extreme; ties retain first occurrence (0.130458ms)
✔ ongoing consolidation differs by color, line pattern, and fill (0.110458ms)
✔ defaults and bounded settings never expose strict price overrides (1.849583ms)
✔ evidence replay uses its own frozen period settings (0.129875ms)
✔ settings disclosure is closed by default and reuses existing controls (1.285334ms)
✔ actual component captures every selected period and failure; automatic work stays system-origin (23.167208ms)
✔ all collection failures are exportable reports, never empty success or recomputable invented bars (1.698083ms)
✔ missing response rows are retained as explicit errors; unexpected rows or cutoff cannot enter a saved result (4.253875ms)
✔ late study response cannot be saved after account (1.177083ms)
✔ late study response cannot be saved after input (1.225875ms)
✔ late study response cannot be saved after unmount (0.821416ms)
✔ invalid collection coverage cannot silently omit a period during import (1.826709ms)
✔ actual study freezes independent radar lineage, preserves it through import and recompute, and refuses foreign source (5.123875ms)
✔ task stores detached actual inputs, user submission and system polling (4.465792ms)
✔ invalidated submit resolve cannot revive result/error/spinner (3.180916ms)
✔ invalidated submit reject cannot revive result/error/spinner (3.841584ms)
✔ invalidated poll resolve cannot revive result/error/spinner (3.428875ms)
✔ invalidated poll reject cannot revive result/error/spinner (1.183833ms)
✔ earlier request completion cannot stop a newer task or replace its context (2.103209ms)
✔ owner change stops polling and cannot attribute prior account result to the new account (1.807041ms)
✔ failed remains failure, never successful completion (0.445584ms)
✔ cancelled remains failure, never successful completion (0.678667ms)
✔ timed_out remains failure, never successful completion (0.11875ms)
✔ cancelling is not completed; wrong ID, malformed result and unknown status fail closed (1.151958ms)
✔ deadline aborts polling and explicitly says the server may still be running (16.466375ms)
✔ task API sends captured owner and abort signal; old callers remain compatible (17.897792ms)
✔ progress is bounded, readable work units rather than inferred total percent (3.281167ms)
✔ factor result review freezes complete task data without lookup or recomputation (73.581917ms)
✔ completed phase never publishes result while task is still running (18.177042ms)
✔ untrusted progress cannot be used to publish an apparently completed task (0.25375ms)
✔ historical review uses owner-bound read-only fetch and account invalidation (0.992667ms)
✔ task list rejects malformed responses instead of replacing records with undefined (36.297084ms)
✔ cancelling is not terminal and elapsed values remain readable (0.149916ms)
✔ runBacktestWithPolling waits through cancelling and returns cancelled (6.548167ms)
✔ runBacktestWithPolling waits through cancelling and returns timed_out (1.78525ms)
✔ runSignalScanWithPolling waits through cancelling and returns cancelled (2.11175ms)
✔ runSignalScanWithPolling waits through cancelling and returns timed_out (2.202958ms)
✔ cancel API uses POST, and partial cancelled scan results are never accepted (0.297792ms)
✔ persistent recovery and version mismatch are distinct from completion (0.449625ms)
✔ terminal task deletion handles empty 204 and encodes identity (0.156041ms)
✔ checkpoint presence is not confused with verified reuse or task completion (0.400792ms)
✔ cached completed submission is retrieved rather than shown as running (0.196375ms)
✔ network failures are localized across WebKit, Chromium and Firefox (0.175958ms)
✔ tracking archive preserves raw input, precision, rules and can import read-only (4.254416ms)
✔ missing raw input (0.299041ms)
✔ wrong adjustment (0.293125ms)
✔ wrong period (0.300291ms)
✔ duplicate target (0.134208ms)
✔ false success (0.117083ms)
✔ unknown state (0.07175ms)
✔ cancelled empty expansion and partially completed batches retain actual states (0.132125ms)
✔ failed upload retries same identity and frozen payload, independent new batch gets a new identity (86.249292ms)
✔ late previous-owner save is discarded and never retried as the next account (0.398917ms)
✔ non-finite result stays unsaved rather than converting to null (0.162459ms)
✔ empty selections include every row, including incomplete results (0.444875ms)
✔ same period/column selections are OR, other columns and periods are AND (0.157875ms)
✔ total selection does not bypass other criteria; missing periods never count as neutral signals (0.073042ms)
✔ toggle/removal preserves all other selections and never mutates input (0.41025ms)
✔ status selection uses OR with empty meaning all; can combine with breadth (0.091791ms)
✔ route consumer can unmount and remount while the one sequential analysis continues (7.950042ms)
✔ explicit stop retains completed rows and marks running/unstarted rows cancelled (0.758583ms)
✔ owner change or revoked access clears results and rejects late old publications (0.602875ms)
✔ background completion includes per-target failure and expansion failure without false success (0.631833ms)
✔ cancel during board expansion cannot publish late entries (0.538333ms)
✔ tracking transport binds owner, stops on permission failure and does not relabel name/market requests (25.693375ms)
✔ late auth error on an already-cancelled old transport never stops the next job (0.261417ms)
✔ route delegates lifetime and owns bounded vertical scrolling; application binds ownership (0.751417ms)
✔ finished batches emit independent history even without a route consumer (0.459792ms)
✔ tracking identity separates asset types, exchanges and board catalogues (1.548875ms)
✔ cloud book validates without silently dropping corrupt groups or duplicate entries (3.677333ms)
✔ expansion preserves every member and all board/direct sources, not a 200-row display page (1.365125ms)
✔ membership failure is explicit and malformed partial membership is never accepted (0.222ms)
✔ batch runs sequentially, keeps partial errors and continues after a failed target (7.195625ms)
✔ cancellation marks in-flight and unstarted rows, ignoring a late success (0.184292ms)
✔ group breadth counts only available periods, never treats failed targets as neutral evidence (0.234375ms)
✔ every clickable breadth count equals matching target count; periods and point families stay independent (0.208958ms)
✔ exact current revision accepts only its own evidence without mutation (2.42575ms)
✔ old partition, stale version, future evidence and false completion are rejected (0.275042ms)
✔ historical audit cannot import a later opposite segment (0.080917ms)
✔ empty partitions and higher-proof priority retain explicit blockers (0.071708ms)
✔ new blockers use Chinese labels without calling prerequisites completion (0.133625ms)
✔ missing comparison interval is explained in Chinese without inventing a date (0.607834ms)
✔ special diagnostics identify each A indicator witness rather than the price witness (0.173167ms)
✔ nonstandard DEA axis gate remains explicit without an improvement requirement (1.787125ms)
✔ DEA tolerance discloses research threshold, precise deviation and near-zero fallback (0.225167ms)
✔ wave evidence separates effective A from original wave and local pivots (2.397416ms)
✔ rounded equal line extrema disclose the precise failed values and witness times (0.169834ms)
✔ comparisons are explicitly research only and preserve B/C axis checks (0.119334ms)
✔ unformed candidate shows Chinese gates, two-decimal values and rejection dates (0.106917ms)
✔ new nonstandard audit explicitly uses full A and first-formed reverse evidence explains gaps (0.116208ms)
ℹ tests 676
ℹ suites 0
ℹ pass 676
ℹ fail 0
ℹ cancelled 0
ℹ skipped 0
ℹ todo 0
ℹ duration_ms 9428.782584
→ 打包中…
→ 运行测试…
京东方评级: D 分数: 34.3
维度明细: 卡玛比率=22.7, 最大回撤=27.5, 胜率=33.5, 利润因子=34.1, 夏普比率=41.5, 波动率=50.1
否决: 利润因子 1.11 接近 1，仅勉强盈亏平衡
长线优质策略评级: B 分数: 64.5
维度权重: 卡玛比率=28%, 最大回撤=26%, 胜率=0%, 利润因子=0%, 夏普比率=23%, 波动率=23%
优质案例评级: A 分数: 83.9
寻优点评级: A 74
组合重算指标: { '年化': '20.83%', '回撤': '0.80%', '夏普': '5.27', '卡玛': '26.03' }
稳定上涨组合评级: S 91.8
波动组合重算: { '回撤': '44.15%', '夏普': '-2.64', '持续': 60 }
波动组合评级: D 18.5
✔ 新版组合评级使用后端采样，不按图表柱数重新日线年化 (1.506042ms)
✔ 必要风险指标缺失不能展示为零风险或正常评级 (0.254583ms)
✔ 无穷比率不等于满分，真实零利润因子仍按亏损判断 (0.128709ms)
✔ 京东方回测必须评为 D 档（用户核心诉求验证点） (0.464917ms)
✔ 京东方评分应在 30-43 区间（C 与 D 的边界） (0.093958ms)
✔ 低利润因子触发系统亏损否决 (0.062583ms)
✔ 样本不足（< 10 笔交易）降权但不否决整个评级 (0.122417ms)
✔ 用户实测场景：6年6笔交易 + 高夏普 → 应得 A/B（核心回归测试） (0.133291ms)
✔ 深回撤 > 60% 触发直接 D 否决 (0.097833ms)
✔ 优质回测应得 A 或 S 档 (0.243417ms)
✔ 高回撤但收益高 → 最高 B（一票否决 cap） (0.138584ms)
✔ 插值函数：边界值取端点分数 (0.070875ms)
✔ 插值函数：中间值线性插值 (0.057667ms)
✔ 寻优评级：4 维度降级版 (0.095834ms)
✔ 寻优评级：网格点交易太少 → 降权但评级照常 (0.055708ms)
✔ 组合评级：稳定上涨净值应得 A 或 S (1.79825ms)
✔ 组合评级：高波动深回撤净值 → 低档 (0.557792ms)
✔ combinedMetrics：单点净值返回全 0（兜底） (0.054916ms)
✔ 历史组合仅保留原值，不从曲线推断日线或重算评级 (0.486041ms)
✔ v1-v4、未知版本及不完整依据不伪装为新版结果 (0.542375ms)
✔ 新版结果使用已记录指标，真实 999 和零不被当作历史哨兵 (0.069416ms)
✔ 指标状态缺失或与数值冲突不能产出评级，包括被降权维度 (0.09425ms)
✔ 低交易样本的真实不可用逐笔指标仍可降权，不误拦截可用净值评级 (0.0765ms)
✔ 寻优逐行核验新版采样与候选状态，输入范围不替代候选证据 (0.100583ms)
✔ 完整快照保留精度、真实 0/999、全部指标及版本且不关联可变输入 (0.643291ms)
✔ 策略保存接受真实 Vue 响应式结果，不因 Proxy 无法 structuredClone 而失败 (0.624083ms)
✔ 再次保存历史指标不补造新版计算或评级依据 (0.094667ms)
✔ 对比展示原值并指出版本、周期、范围与利率差异，不自动重算 (0.228084ms)
ℹ tests 28
ℹ suites 0
ℹ pass 28
ℹ fail 0
ℹ cancelled 0
ℹ skipped 0
ℹ todo 0
ℹ duration_ms 91.601375
