
> web-ui@0.0.0 test
> node scripts/run-tests.mjs

✔ tracking is restricted to active administrators and explicitly authorized users (1.757417ms)
✔ presence requires visible focused recent interaction and never negative elapsed time (2.980292ms)
✔ admin query descriptions label metadata and disclose truncated targets (0.264291ms)
✔ all current chart inspector evidence stays readable without altering original nested data (19.790459ms)
✔ reject malformed fields reachable from overlays, popovers and every inspector section with exact paths (34.826833ms)
✔ optional old fields and empty failure checkpoints remain readable, no missing-state invention (0.147208ms)
✔ archive calendar validation rejects normalized impossible dates and illegal clock/offset values (3.073542ms)
✔ bar validation compares actual instants, retains raw strings, rejects equal instants and malformed volume (0.801709ms)
✔ existing frozen matrix bar sources remain readable without mutation (93.852708ms)
✔ event lists and evidence-set reordering never imply new or changed signals; originals remain intact (13.993958ms)
✔ state, lifecycle times and unrounded evidence are classified separately on the same identity (11.178542ms)
✔ same date across families and sides remains independent; true event additions/removals are distinct (1.704167ms)
✔ duplicate identities preserve all records and are never paired arbitrarily (1.176459ms)
✔ missing identity does not cause false removals or additions in its collection (1.086833ms)
✔ missing source/list is unknown, not empty or proof of no events (1.541458ms)
✔ never-candidate diagnostics match without A or reference, including special B-only records (1.163125ms)
✔ A trimming changes evidence not identity; original wave anchors and reference changes distinguish bases (1.427208ms)
✔ date normalization preserves intraday, microsecond and timezone distinctions (3.228209ms)
✔ source differences and unknown fields/ordered evidence are retained (0.960959ms)
✔ different instruments, periods or study results are not matched (0.09125ms)
✔ structure divergences are supported without inventing MACD wave anchors (0.261667ms)
✔ legacy local migration keeps original payload, precision, versions and unknown fields without upgrading (7.156ms)
✔ cloud exports use latest metadata but retain the original immutable payload, not old cloud ID/revision (0.609208ms)
✔ study import preserves successful and failed periods plus original warmup and primary metadata (0.709417ms)
✔ unknown, incomplete, oversized and nonfinite backups are rejected, never uploaded as summaries (267.209083ms)
✔ all supported chart outputs preserve full precision, null warmups, style and instance order (26.197833ms)
✔ migration IDs survive rescanning/reload, preserve precision and isolate owners and changed content (14.418708ms)
✔ migration rejects missing owners, foreign archives and malformed inputs before upload (0.900209ms)
✔ post-inspection changes never upload under a previously confirmed identity (3.094667ms)
✔ lost response retries the same immutable body and id, without automatic retry or local deletion (1.354292ms)
✔ stop or account changes before/after read and upload discard stale results (1.641084ms)
✔ deleted cloud copies are not restored, purged copies and wrong response IDs are not treated as success (1.802291ms)
✔ chart plan freezes original data and uses original identity/window, not current selection (3.529042ms)
✔ missing volume/time/parameters and unsupported length never silently become a smaller/default study (8.339875ms)
✔ study plan preserves actual research settings and saved time labels (2.187833ms)
✔ unrounded path diff distinguishes null, missing, structure, empty arrays, and ordering (0.469417ms)
✔ response must match request, instrument, version, scope and period identities (0.534625ms)
✔ new archive retains original bars/lineage but never relabels frozen old indicators as recomputed (0.37275ms)
✔ study without saved input retains an explicit uncomputed row, never pretends all periods succeeded (0.1995ms)
✔ complete indicator recompute preserves saved settings, checks response and saves only new values (1.380125ms)
✔ missing or unknown saved indicator parameters cannot borrow current defaults (1.624084ms)
✔ original valid study rows retain precision, unknown fields, true zero and no recomputation (7.296292ms)
✔ invalid nested fields become explicit per-period errors, not silently missing rows (0.637542ms)
✔ strict pen fields reject coercion and preserve historical source errors without reading their invalid nested fields (1.206083ms)
✔ duplicates are not cherry-picked and malformed or future rows remain in original-record entries (0.187ms)
✔ full backtest file and cloud envelope retain all fields; no implicit Chanlun recompute (3.153875ms)
✔ invalid cash cannot become a readable archive (0.115334ms)
✔ invalid params cannot become a readable archive (0.08075ms)
✔ invalid adjust cannot become a readable archive (0.100459ms)
✔ invalid null lineage cannot become a readable archive (0.122708ms)
✔ invalid net value cannot become a readable archive (0.091ms)
✔ invalid future trade cannot become a readable archive (0.08075ms)
✔ invalid duplicate date cannot become a readable archive (0.074375ms)
✔ invalid missing metrics cannot become a readable archive (0.08925ms)
✔ invalid nested infinity cannot become a readable archive (0.148375ms)
✔ invalid coerced rejected cannot become a readable archive (7.284917ms)
✔ actual store freezes submitted input and result separately from later source mutation (235.496125ms)
✔ actual store rejects stale or failed owner run and clears prior archive (13.480875ms)
✔ actual store rejects stale or failed input run and clears prior archive (33.070459ms)
✔ actual store rejects stale or failed clear run and clears prior archive (24.609208ms)
✔ actual store rejects stale or failed failure run and clears prior archive (75.713167ms)
✔ trade lookup keeps the exact minute across separators, precision and days (1.601916ms)
✔ date-only values cannot choose the midnight bar of an ambiguous day (0.212833ms)
✔ daily and duplicate exact timestamps keep first positional matches (0.173042ms)
✔ nanoseconds and timezone text are not truncated into a false match (0.212792ms)
✔ date labels preserve useful precision without local timezone conversion (0.205542ms)
✔ higher sources resolve actual records and separate original from current review time (1.095125ms)
✔ base sources and foreign witness rejection have distinct Chinese descriptions (0.100458ms)
✔ inconsistent candidate has no replay evidence: unknown reason (0.078083ms)
✔ inconsistent candidate has no replay evidence: prototype key (0.062875ms)
✔ inconsistent candidate has no replay evidence: future version (0.053333ms)
✔ inconsistent candidate has no replay evidence: future completion (0.045875ms)
✔ inconsistent candidate has no replay evidence: missing time (0.047541ms)
✔ inconsistent candidate has no replay evidence: empty source (0.056666ms)
✔ inconsistent candidate has no replay evidence: duplicate source (0.05825ms)
✔ inconsistent candidate has no replay evidence: unknown source (0.098583ms)
✔ inconsistent candidate has no replay evidence: mixed levels (0.060167ms)
✔ inconsistent candidate has no replay evidence: future child (0.054541ms)
✔ inconsistent candidate has no replay evidence: wrong child level (12.8255ms)
✔ inconsistent candidate has no replay evidence: duplicate record (0.384083ms)
✔ inconsistent candidate has no replay evidence: empty record range (1.954375ms)
✔ inconsistent candidate has no replay evidence: gap (4.370333ms)
✔ inconsistent candidate has no replay evidence: wrong parent range (1.04375ms)
✔ inconsistent candidate has no replay evidence: reversed sources (0.066667ms)
✔ inconsistent candidate has no replay evidence: unsafe base number (0.055541ms)
✔ 80 percent transparency is 20 percent alpha, for both candle directions (0.442375ms)
✔ transparency stays finite, integer, and bounded (0.085ms)
✔ body is symmetric around the unchanged wick across widths and fractional positions (2.06025ms)
✔ horizontal candles preserve every price coordinate (1.053125ms)
✔ missing or non-finite candle layouts are left untouched (0.368333ms)
✔ native ECharts layout remains centred after resize, zoom and data replacement (256.540292ms)
✔ zooming out of large-data line mode restores centred candle bodies (18.483333ms)
✔ structure widths retain existing defaults and hover appearance (10.417792ms)
✔ manual values stay finite, bounded, and at two decimal places (0.172084ms)
✔ raw index overrides rounded dates, including zero (0.446875ms)
✔ legacy intraday dates never fall back to the first bar of the day (0.106417ms)
✔ duplicate formatted times fail safely without a raw index (0.073208ms)
✔ padding keeps the 23px marker plus radius inside the price pane (0.127583ms)
✔ flat, zero and negative ranges get finite padding; invalid extents do not (0.073375ms)
✔ single-bar time link is a thin line limited to each actual plot (0.83275ms)
✔ multi-bar time link has no border and clips to plot, never clamps offscreen data to an edge (0.103625ms)
✔ time links map daily coverage to all minute bars, not a matching ordinal (0.152625ms)
✔ weekly and monthly end-labelled bars cover earlier constituent dates without changing data (1.455ms)
✔ nearest marker wins regardless of signal family, only co-located points share chooser (0.49775ms)
✔ immutable request cache deduplicates pending work, isolates payload keys and retries errors (1.106584ms)
✔ all six structural types keep extrema and confirmation separate with original evidence (0.591042ms)
✔ legacy records do not invent confirmation or structural sources (0.283208ms)
✔ M1 keeps independent MACD source and original direction, never a structural type (0.331459ms)
✔ all chart layers override independent animation and progressive rendering (3.223958ms)
✔ archive tooltip labels and evidence remain text, not active HTML (1.189625ms)
✔ rejects invalid saved zooms (0.776375ms)
✔ same-snapshot redraw keeps current manually chosen view (0.108417ms)
✔ focus redraw keeps manual zoom; clearing restores pre-focus view (0.078917ms)
✔ switching focus preserves the original return view (0.068583ms)
✔ new snapshot resets saved focus view and never revives old zoom (0.066709ms)
✔ default inactive; moving does not show cards and leaving does not deactivate (0.885958ms)
✔ object previews can read date-card activation without activating it (0.158208ms)
✔ click selects a point; outside click closes; inside click is not dismissed (0.11725ms)
✔ activated cards follow movement until outside dismissal, then require another click (0.118417ms)
✔ zoom clears stale coordinates but preserves activation (0.078167ms)
✔ data reset and Escape deactivate; teardown removes all handlers (0.108041ms)
✔ archive requests bind current owner and bypass browser cache (23.102791ms)
✔ cloud directory validates all rows, quotas and identities without dropping broken entries (11.083125ms)
✔ original detail requires an object payload but action receipts may omit it (0.836959ms)
✔ account change discards delayed success and delayed errors (0.559042ms)
✔ unauthenticated archive requests do not reach server; structured conflicts remain actionable (0.482834ms)
✔ upload retries retain immutable captured body and all numerical precision (0.487833ms)
✔ directed centre chain is candidate evidence, not completion (3.573625ms)
✔ touching, opposing, future, overlapping or malformed chains fail closed (0.585584ms)
✔ single-centre and legacy components remain readable (4.380042ms)
✔ inside, border, reversed y and overlapping rectangles resolve newest first (1.593833ms)
✔ invalid or missing render coordinates cannot create hits (0.2405ms)
✔ popup stays within narrow viewport and near-edge right click (0.403875ms)
✔ roles are Chinese and unknown roles never claim completion (1.3345ms)
✔ source ranges keep one-based indices without disguising gaps (0.1295ms)
✔ coverage checks counts, repeats and missing IDs (0.2255ms)
✔ missing, empty and rejected suffix are explicit (0.08025ms)
✔ invalid counts and empty blocks cannot pass the coverage audit (0.084708ms)
✔ uses raw indices, allows shared endpoints and bounds zoom padding (0.854583ms)
✔ does not invent a B interval or infer indices from formatted dates (0.101167ms)
✔ rejects partial, reversed, overlapping and out-of-snapshot evidence (0.121541ms)
✔ allows inspection of historical failed evidence without reviving it (0.109292ms)
✔ local proof draws frozen exact endpoints only after its actual confirmation (0.152042ms)
✔ dual-line divergence uses two exact raw indices, never artificial ABC ranges (0.085666ms)
✔ dual-line focus rejects missing, duplicate, reversed and out-of-range points (0.087042ms)
✔ special wave focus uses AB and its extreme without inventing C (0.107333ms)
✔ direction, family and lifecycle have independent marker styles (0.592125ms)
✔ no-C dual-line remains a circle and fills only on first reverse-pen confirmation (1.383459ms)
✔ M1 is restricted to confirmed waves with a later actual confirmation (0.195167ms)
✔ four families retain independent records and nonstandard uses a triangle (0.204417ms)
✔ October 4 marker matrix uses shape for family and colour only for direction (0.124916ms)
✔ special AB evidence separates A line extrema from both price anchors and legacy pivots (0.141458ms)
✔ history is opt-in, inactive stays grey hollow, never creates M1 (0.11325ms)
✔ every historical shape uses a continuous hollow contour, including on hover (0.127542ms)
✔ new nonstandard evidence relaxes prices only and records each subtype (0.133333ms)
✔ new dual rule cannot fill without recorded later local confirmation (0.097584ms)
✔ historical engineering match retains original timing without claiming regrouping completion (4.62725ms)
✔ future, stale, mismatched or incomplete evidence fails closed (0.302209ms)
✔ older snapshots and unmatched parts keep existing natural audit available (0.060625ms)
✔ engineering provenance uses the same one-based numbering as other inspectors (0.522041ms)
✔ mixed recursion distinguishes consolidation and trend from the old trend view (0.137166ms)
✔ unknown or reversed provenance is not presented as a completed trend (0.064542ms)
✔ indicator and price values use two decimals without inventing missing evidence (0.079333ms)
✔ recursive centre relations never call extension candidates completed types (0.069334ms)
✔ admissions distinguish unit confirmation from later failed-return admission (0.068292ms)
✔ display fields retain all text including dates, provenance, and secondary colons (3.913625ms)
✔ narrative, missing evidence, and timestamp headings remain whole (0.110542ms)
✔ selects the exact source without replacing missing comparison periods with the primary (1.022542ms)
✔ prefix audit preserves original warmup snapshot and its own instrument and period (1.234792ms)
✔ rejects invalid positions, missing identity and explicitly unclosed prefix data (0.472333ms)
✔ optimization carries full execution and identity without live defaults (9.969708ms)
✔ malformed, mixed, missing or conflicting optimization context never silently defaults (6.157708ms)
✔ multi original replay preserves costs, slots and adjustment; extend changes only end dates (0.370083ms)
✔ multi rejects corrupt and incompatible slots without dropping or repairing any (0.279875ms)
✔ legacy missing settings are disclosed with deterministic defaults, explicit invalid values rejected (0.142583ms)
✔ combining equal-account singles preserves per-slot cash and costs; conflicts rejected not rewritten (0.335625ms)
✔ all candidate states distinguish eligibility from completed natural types (3.653625ms)
✔ opposite geometry identifies reused next-part evidence, including nonzero source IDs (0.567209ms)
✔ external opposite geometry is not added to candidate membership (0.10375ms)
✔ missing, stale, misattributed or future opposite geometry is not displayed as matched (0.140042ms)
✔ preferred endpoints are never called completed types; conflicts are retained (0.076458ms)
✔ opposite base turn is not same-level completion (0.093ms)
✔ price formatting preserves zero and boundary contact, guards non-finite values (0.111458ms)
✔ candidate audit joins by identity, not response order (0.080834ms)
✔ part audit must match ordinal AND exact raw source IDs, including shifted IDs (0.152375ms)
✔ locates the three raw ranges without relabelling them as MACD or confirmed centres (8.116083ms)
✔ candidate must already be observable at the CURRENT replay prefix (0.505ms)
✔ no incomplete, waiting or unsupported candidate is given a fabricated range (0.1235ms)
✔ raw bar boundaries must be contiguous and inside the visible window (2.612375ms)
✔ source partitions must cover every original segment once, preserving nonzero IDs (0.146625ms)
✔ conflicting geometric fallback remains viewable for manual audit (0.080875ms)
✔ clearing a regrouping focus restores original zoom; a new replay snapshot does not (0.127291ms)
✔ membership labels distinguish source confirmation from later admission (1.081125ms)
✔ admission witness distinguishes confirmation dependency from geometric membership (0.221542ms)
✔ old or malformed evidence never invents an admission witness (0.338667ms)
✔ library navigation and Chinese/identifier/family search preserve full matching set (1.267167ms)
✔ parameter selection copies only active settings without mutating cached settings (0.811292ms)
✔ builtin decimal multiplier, ordering, effective identity and actual labels (0.419667ms)
✔ reset only one parameter, retain other overrides without mutating input (0.091542ms)
✔ history warning uses full effective warmup, not all parameters as rolling windows (0.174208ms)
✔ names and validation use actual windows; equivalent formula choices rejected (0.174083ms)
✔ factor glossary accepts standard abbreviations with spaces or underscores (0.513583ms)
✔ factor missing values never become valid zero (0.116792ms)
✔ factor ranking is stable, non-mutating and missing-last in both directions (7.887208ms)
✔ small factor values do not round to fake zeros; raw precision keeps original number (0.1045ms)
✔ compatibility aliases are only shown for exact legacy lookup or active selection (0.108375ms)
✔ menus stay inside phone, keyboard and landscape viewports (0.637458ms)
✔ near-bottom controls open upwards without changing ordinary desktop width (0.096875ms)
✔ warmup null, missing and invalid indicator values never become invented zeroes (0.863917ms)
✔ freeze all supported indicator outputs, warmup holes, volume averages and exact numerical precision (11.437875ms)
✔ frozen playback keeps captured values despite different current prices and never queries APIs (0.584833ms)
✔ malformed or mismatched frozen values fail closed, never fall back to recomputation (0.565ms)
✔ marker hit uses signed stacking offset for both directions, not candle position (2.635584ms)
✔ symbol size and invalid render positions are handled safely (0.135792ms)
✔ market tab changes discard old success and cannot stop the new spinner (379.841791ms)
✔ market late failure after filter cannot resurrect an error (26.43425ms)
✔ market late failure after owner cannot resurrect an error (57.81775ms)
✔ market late failure after unmount cannot resurrect an error (30.884167ms)
✔ directory count failure preserves valid rows; late totals cannot cross markets (40.2185ms)
✔ board selection clears old details and ignores slower preceding member responses (28.762167ms)
✔ board list filter changes invalidate pending member requests and prevent old auto-selection (22.375334ms)
✔ default board preload remains system-origin after manual list refresh (26.274667ms)
✔ belonging response after stock cannot change results or stock history (32.111125ms)
✔ belonging response after owner cannot change results or stock history (26.148541ms)
✔ belonging response after unmount cannot change results or stock history (47.051208ms)
✔ current belonging success records captured stock; concurrent member failure has separate feedback (47.688208ms)
✔ market selection uses loaded market, clears on filters, and distinguishes shared stock/index codes (66.150875ms)
✔ board analysis uses result classification; members require their own market (26.453667ms)
✔ aborted late response cannot publish metadata even if transport ignores abort (14.491708ms)
✔ missing provenance or silently changed adjustment never reaches research (0.136291ms)
✔ reported gaps do not falsely label suspension or prevent inspecting valid candles (0.108666ms)
✔ history fetch consumes one verified range and publishes complete metadata only after validation (2.339042ms)
✔ unclosed response never updates provenance or reaches the backtest (0.272542ms)
✔ null, true zero, infinities and real 999 are distinct after JSON roundtrip (0.439959ms)
✔ single, saved and comparison results retain authoritative metric basis (0.410208ms)
✔ whole proof validated without mutation, and cross-role ownership remains visible (1.009125ms)
✔ stale, future, duplicated, incomplete, falsely completed and mismatched sources rejected (0.328167ms)
✔ base runs cannot masquerade as proofs or own multiple provisional regions (0.075667ms)
✔ blocked covers show full conflicts, never fabricated flattened blocks (0.093084ms)
✔ labels retain provisional scope (0.064083ms)
✔ all seven MA presets are available but only MA5 and MA10 start visible (7.949292ms)
✔ each chart session gets independent editable settings without changing presets (0.080917ms)
✔ MA presets retain the requested yellow, white, purple, green, cyan, orange, red palette (0.072833ms)
✔ legend retains every MA choice and explicit hidden states override stale chart selection (0.101375ms)
✔ cross-boundary details resolve actual input and nested ownership records (4.158625ms)
✔ unowned reverse evidence stays explicitly unowned for boundary rejection (0.140167ms)
✔ foreign witness can be shown for an otherwise single-owner candidate (0.106292ms)
✔ legacy candidates do not invent missing conflict details (0.109709ms)
✔ damaged detail is not presented: mismatched candidate sources (0.088208ms)
✔ damaged detail is not presented: wrong layer (3.936375ms)
✔ damaged detail is not presented: unknown reverse input (0.096125ms)
✔ damaged detail is not presented: wrong reverse range (0.065666ms)
✔ damaged detail is not presented: reverse overlaps prices (0.070458ms)
✔ damaged detail is not presented: future reverse confirmation (0.107583ms)
✔ damaged detail is not presented: wrong reverse time (0.064625ms)
✔ damaged detail is not presented: incomplete domain list (0.0695ms)
✔ damaged detail is not presented: duplicate domains (0.046ms)
✔ damaged detail is not presented: noncontinuous domain (0.039708ms)
✔ damaged detail is not presented: foreign domain misses witness (0.047958ms)
✔ damaged detail is not presented: false unowned witness (0.046583ms)
✔ damaged detail is not presented: missing nested record (0.054042ms)
✔ damaged detail is not presented: wrong reason (0.054375ms)
✔ only current owner revisions form the displayed ownership set (0.9175ms)
✔ internal provenance remains distinct and validates enclosing ownership (0.338209ms)
✔ parent-covered history is not labeled as an additional effective input (0.071ms)
✔ nested provenance validates containment and strictly increasing input levels (0.170375ms)
✔ current owner labels are distinct from creation IDs and tolerate old snapshots (0.0965ms)
✔ summary mode lists every historical address, not just current versions (1.103125ms)
✔ full and missing legacy snapshots stay readable without inventing history (0.098917ms)
✔ all four analysis paths explicitly request summary delivery without changing input (0.628709ms)
✔ complete lifecycle stays chronological, does not mutate input, and uses Chinese labels (1.323084ms)
✔ legacy or future history is not invented (0.260417ms)
✔ dangling, reordered, duplicated, miscounted and conflicting histories fail closed (4.455792ms)
✔ equal counts cannot hide swapped source identities (0.158875ms)
✔ intermediate event boundaries must equal actual inherited and added sources (0.673209ms)
✔ input evidence must exist at the correct level and be available at admission (0.63875ms)
✔ invalid domain sources, membership and parent context fail closed (0.26225ms)
✔ leftward growth, shifted sources and newly filled merge gaps remain valid (0.176542ms)
✔ both periods exclude future and open candles while retaining original warm-up start (2.986083ms)
✔ snapshot observation time caps cutoff; bar start before cutoff is not enough (0.261417ms)
✔ no timeframe fallback or fabricated candles when historical minute range is unavailable (0.153458ms)
✔ index and board snapshots retain NONE adjustment, mismatch is rejected (0.53775ms)
✔ missing completion evidence, timezone timestamps and unordered bars fail explicitly (0.640125ms)
✔ week/month completion boundary comes from provider annotation, not day label (0.645166ms)
✔ matrix defaults to exactly the five requested periods in image order and six information columns (1.096542ms)
✔ does not turn current reversal observation into a confirmed opposite pen (0.19025ms)
✔ keeps true zero distinct from missing, and numerical display never overwrites original axis judgment (0.125125ms)
✔ keeps divergence family, extrema and actual confirmation separate; never drops records (7.546833ms)
✔ missing pen and divergence are bounded claims; quality limitations stay visible (0.165125ms)
✔ portfolio: all original values survive import and cloud envelope; no Chanlun recompute (4.667459ms)
✔ portfolio: actual component fetches only explicitly, binds owner/request/result and freezes capture (53.9085ms)
✔ portfolio: late receipt discarded after owner (3.001583ms)
✔ portfolio: late receipt discarded after request (1.978625ms)
✔ portfolio: late receipt discarded after task (1.914375ms)
✔ portfolio: late receipt discarded after result (1.571208ms)
✔ portfolio: late receipt discarded after busy (1.4875ms)
✔ portfolio: late receipt discarded after unmount (2.219125ms)
✔ portfolio: invalid missing rejected (0.724584ms)
✔ portfolio: invalid allocation rejected (0.606166ms)
✔ portfolio: invalid metadata rejected (0.243708ms)
✔ portfolio: invalid date rejected (0.426834ms)
✔ portfolio: invalid precision rejected (0.492083ms)
✔ portfolio: invalid curve rejected (0.420833ms)
✔ portfolio: invalid request rejected (0.175125ms)
✔ portfolio: invalid trade rejected (0.264292ms)
✔ portfolio: unavailable or different task never falls back to fetching data (11.88825ms)
✔ multi_strategy: all original values survive import and cloud envelope; no Chanlun recompute (19.384833ms)
✔ multi_strategy: actual component fetches only explicitly, binds owner/request/result and freezes capture (2.028167ms)
✔ multi_strategy: late receipt discarded after owner (0.787417ms)
✔ multi_strategy: late receipt discarded after request (0.754042ms)
✔ multi_strategy: late receipt discarded after task (4.860375ms)
✔ multi_strategy: late receipt discarded after result (4.484083ms)
✔ multi_strategy: late receipt discarded after busy (1.288042ms)
✔ multi_strategy: late receipt discarded after unmount (1.581167ms)
✔ multi_strategy: invalid missing rejected (0.133083ms)
✔ multi_strategy: invalid allocation rejected (0.208542ms)
✔ multi_strategy: invalid metadata rejected (0.101708ms)
✔ multi_strategy: invalid date rejected (0.093541ms)
✔ multi_strategy: invalid precision rejected (0.766083ms)
✔ multi_strategy: invalid curve rejected (0.22975ms)
✔ multi_strategy: invalid request rejected (0.100625ms)
✔ multi_strategy: invalid trade rejected (0.125667ms)
✔ multi_strategy: unavailable or different task never falls back to fetching data (4.913917ms)
✔ normalized server defaults may extend but not alter submitted parameters (0.083042ms)
✔ library original/extended multi replay uses saved costs despite global preference changes (342.032375ms)
✔ portfolio load -> actual store task lifecycle -> save uses identical context and all costs (77.514292ms)
✔ portfolio catalog-stage input is isolated before saved fetch (64.882083ms)
✔ portfolio catalog-stage params is isolated before saved fetch (72.9865ms)
✔ portfolio catalog-stage owner is isolated before saved fetch (25.023625ms)
✔ portfolio catalog-stage failure is isolated before saved fetch (30.972542ms)
✔ portfolio catalog-stage empty is isolated before saved fetch (24.60975ms)
✔ pending portfolio cannot survive input (17.762833ms)
✔ pending portfolio cannot survive owner (16.799833ms)
✔ pending portfolio cannot survive unmount (30.228042ms)
✔ store account epoch clears completed results in all four task families (15.686791ms)
✔ runPortfolio old account error is ignored even after switching back (16.322791ms)
✔ runMultiStrategy old account error is ignored even after switching back (19.995459ms)
✔ runOptimize old account error is ignored even after switching back (14.770875ms)
✔ runOptimizeAll old account error is ignored even after switching back (13.702ms)
✔ optimizer takes an input snapshot before awaiting bars and hands off the result strategy/adjustment (19.581916ms)
✔ portfolio late save cannot close or annotate newly changed configuration (15.219584ms)
✔ library name lookup cannot mix later input or account into a save (60.313417ms)
✔ library saves a multi result with submitted adjustment, not the later global preference (20.472ms)
✔ late library list cannot replace a newly created record and owner change clears all personal rows (18.189833ms)
✔ portfolio identity rejects mixed markets, repeats and invalid lengths (0.250708ms)
✔ late preference response cannot revert a newer adjustment; queued patch is captured (290.29375ms)
✔ account switch drops old queue, permits new account immediately and ignores late response (12.883667ms)
✔ same-account logout/login does not accept response from prior session epoch (7.360333ms)
✔ failed saves reject caller, do not wedge queue or restore stale role permissions (8.667959ms)
✔ mismatched response owner and logged-out saves are rejected (7.560417ms)
✔ market preference watcher survives the first route unmount and follows owner changes (19.950792ms)
✔ late name hydration cannot write across accounts; new owner hydrates independently (86.585166ms)
✔ sidebar hydration never writes, old-owner timers cancel, failures are handled (78.370708ms)
✔ forming candles preserve OHLC and use dashed empty outlines (0.402333ms)
✔ forming volume and signed MACD columns preserve values and direction (0.09425ms)
✔ query defaults to system, manual intent is synchronous and explicit (0.56425ms)
✔ direct bar snapshot fetch preserves explicit intent, including failed requests (22.079125ms)
✔ pending manual requests do not mark concurrent automatic work or async continuations (1.039125ms)
✔ API dispatch tags manual queries but excludes automatic name lookup and task polling (2.798ms)
✔ save keeps original full input separate from replay prefix, fully detached from live state (84.656334ms)
✔ same-bar opposite signals remain distinct; source survives JSON import without task or network (1.216208ms)
✔ recompute uses only saved chart prefix, keeps original scan signals and version unchanged (1.424375ms)
✔ reject wrong target before saving; never silently drop invalid lineage (13.431583ms)
✔ reject board target before saving; never silently drop invalid lineage (1.468667ms)
✔ reject wrong market before saving; never silently drop invalid lineage (0.295541ms)
✔ reject reference before saving; never silently drop invalid lineage (0.161875ms)
✔ reject invalid date type before saving; never silently drop invalid lineage (0.131458ms)
✔ reject noncanonical cutoff before saving; never silently drop invalid lineage (0.133083ms)
✔ reject row summary before saving; never silently drop invalid lineage (0.263792ms)
✔ reject row last date before saving; never silently drop invalid lineage (0.217792ms)
✔ reject outside signal window before saving; never silently drop invalid lineage (5.35575ms)
✔ reject row source before saving; never silently drop invalid lineage (13.431583ms)
✔ reject row requested adjust before saving; never silently drop invalid lineage (0.307ms)
✔ reject row quality before saving; never silently drop invalid lineage (1.228584ms)
✔ reject open candle before saving; never silently drop invalid lineage (2.417333ms)
✔ reject unsupported storage before saving; never silently drop invalid lineage (0.4605ms)
✔ legacy snapshot without original input still opens without invented source (0.804666ms)
✔ original task references round-trip and legacy references remain distinguishable (2.741041ms)
✔ cache receipt must be a real ID string, never coerced or inherited from another owner (7.4295ms)
✔ all frozen bars and precision survive; changed code is disclosed, not represented as old execution (4.629375ms)
✔ invalid original receipt task stops instead of substituting live data (0.187ms)
✔ invalid original receipt row stops instead of substituting live data (0.085792ms)
✔ invalid original receipt market stops instead of substituting live data (0.06325ms)
✔ invalid original receipt symbol stops instead of substituting live data (0.060041ms)
✔ invalid original receipt params stops instead of substituting live data (0.073458ms)
✔ invalid original receipt strategy stops instead of substituting live data (1.470875ms)
✔ invalid original receipt fingerprint stops instead of substituting live data (0.42825ms)
✔ invalid original receipt adjust stops instead of substituting live data (0.199708ms)
✔ invalid original receipt signal stops instead of substituting live data (0.249292ms)
✔ invalid original receipt malformed signals stops instead of substituting live data (2.48725ms)
✔ invalid original receipt row error stops instead of substituting live data (0.095041ms)
✔ invalid original receipt storage stops instead of substituting live data (0.06975ms)
✔ invalid original receipt version stops instead of substituting live data (0.059542ms)
✔ invalid original receipt missing bars stops instead of substituting live data (0.077166ms)
✔ invalid original receipt null bar stops instead of substituting live data (0.0535ms)
✔ invalid original receipt order stops instead of substituting live data (0.063709ms)
✔ invalid original receipt open bar stops instead of substituting live data (0.052583ms)
✔ invalid original receipt future stops instead of substituting live data (0.058417ms)
✔ invalid original receipt negative duration stops instead of substituting live data (0.063083ms)
✔ invalid original receipt missing cutoff stops instead of substituting live data (0.0435ms)
✔ invalid original receipt number string stops instead of substituting live data (0.063042ms)
✔ invalid original receipt NaN stops instead of substituting live data (0.063666ms)
✔ invalid original receipt bad low stops instead of substituting live data (0.053208ms)
✔ invalid original receipt negative volume stops instead of substituting live data (0.050417ms)
✔ API sends owner and abort signal with no-store; unavailable receipt never calls a live feed (16.672708ms)
✔ radar submits captured owner with manual intent, polls as system, and preserves old cache adjustment (50.365958ms)
✔ late submit after adjust cannot become a scan result or cache (25.081708ms)
✔ late submit after window cannot become a scan result or cache (2.286166ms)
✔ late submit after owner cannot become a scan result or cache (1.526708ms)
✔ late submit after roundtrip cannot become a scan result or cache (2.068833ms)
✔ late submit after unmount cannot become a scan result or cache (3.522917ms)
✔ late poll after adjust cannot become a scan result or cache (9.265209ms)
✔ late poll after window cannot become a scan result or cache (3.284875ms)
✔ late poll after owner cannot become a scan result or cache (1.542584ms)
✔ late poll after roundtrip cannot become a scan result or cache (3.30725ms)
✔ late poll after unmount cannot become a scan result or cache (2.069041ms)
✔ a failed new scan cannot re-display or replace old success; explicit retry is independent (3.400417ms)
✔ invalid result rows is never cached (1.938209ms)
✔ invalid result counts is never cached (1.889875ms)
✔ invalid result id is never cached (0.523417ms)
✔ storage denial preserves valid live results with an explicit notice (0.600541ms)
✔ actual picker loads the original complete warmup and stores actual dates, not form defaults (4.927333ms)
✔ failed original input does not fall back to newly fetched prices (37.482ms)
✔ pending original input cannot commit after owner (27.102083ms)
✔ pending original input cannot commit after code (1.56775ms)
✔ pending original input cannot commit after unmount (1.16725ms)
✔ radar review captures row adjustment, exact minute, strategy and original cutoff (0.882708ms)
✔ invalid or legacy reviews fail explicitly without guessing data or adjustment (0.462875ms)
✔ exchange-local dates validate without browser timezone conversion (2.699083ms)
✔ review excludes future and unclosed bars, resets derived fingerprint and reports actual range without mutating source (1.691625ms)
✔ radar cache is owner scoped and malformed/legacy records never enter the UI (1.791792ms)
✔ late messages, close and errors from an old socket cannot affect replacement (0.925125ms)
✔ invalid messages and control responses never become ticks; close reason retained (1.166333ms)
✔ matching versions are selected by case identity without mutation (1.058042ms)
✔ future snapshots, wrong rules, incomplete chains and duplicate cases are rejected (0.2485ms)
✔ labels never confuse endpoint consistency or higher-centre proof with completion (0.134625ms)
✔ v2 keeps the detached prefix and v1 remains readable (0.314167ms)
✔ v3 supports trend search while retaining the same ownership guards (0.117333ms)
✔ missing, duplicated, misattributed or silently completed prefix is rejected (0.323458ms)
✔ reincorporation is recorded explicitly instead of erasing detached history (0.137125ms)
✔ accepts bounded history and empty verified batches (1.500625ms)
✔ rejects wrong batch, future indices, broken sources and contradictory state (0.562417ms)
✔ research labels distinguish absence, release, retained and internal (0.192458ms)
✔ late old responses cannot own a newer research request (0.623166ms)
✔ submission fields are captured values, not mutable form references (0.455083ms)
✔ navigation preserves explicit stock/index/fund/board identity and parameters without auto run (1.598666ms)
✔ ambiguous identity is rejected rather than guessed or numeric code padded (0.142208ms)
✔ query parser rejects incomplete, duplicate, incompatible and mixed-context values (1.765541ms)
✔ snapshot import keeps original data and normalizes optional display metadata (25.2935ms)
✔ reject invalid schema, periods, oversized arrays and impossible candle prices (1.348667ms)
✔ cloud archives retain larger frozen windows and all supported distinct periods (9.45225ms)
✔ import keeps valid frozen outputs and rejects mismatched frozen data instead of recomputing (0.424208ms)
✔ window is exchange local and bounded by the snapshot cutoff (0.484875ms)
✔ missing numbers and candidate status are never promoted (0.081042ms)
✔ amber projection resolves daily and minute labels, ignores open candle (0.271625ms)
✔ three workspaces are keyboard traversable without dropping an existing mode (1.456667ms)
✔ mobile comparison shows exactly the selected snapshot; desktop shows both (0.488292ms)
✔ inactive research never starts automatic work, valid active research does (0.265833ms)
✔ saved single strategy restores market, period, adjustment and all execution costs exactly (4.879417ms)
✔ missing legacy fields disclose supplied defaults instead of claiming complete restoration (0.855375ms)
✔ explicit contradictory market and unsupported instruments are not silently rewritten (0.425209ms)
✔ invalid present fields are errors, not fallback defaults (0.294834ms)
✔ saved links identify records only and cannot inject alternate execution context (0.194667ms)
✔ market entry preserves local dates and strategy, runs only on explicit request (16.788875ms)
✔ boards entry preserves local dates and strategy, runs only on explicit request (3.83275ms)
✔ mixed market context blocks all loading and computation: savedStrategyId (1.799792ms)
✔ mixed market context blocks all loading and computation: optimizationContext (1.824875ms)
✔ mixed market context blocks all loading and computation: autoRun (1.922834ms)
✔ mixed market context blocks all loading and computation: unexpected (0.978625ms)
✔ slow catalog cannot overwrite input with a market entry (3.5895ms)
✔ slow catalog cannot overwrite owner with a market entry (1.986458ms)
✔ catalog-stage input cannot restore saved inputs or dispatch a task (2.188792ms)
✔ catalog-stage params cannot restore saved inputs or dispatch a task (3.059459ms)
✔ catalog-stage owner cannot restore saved inputs or dispatch a task (1.108875ms)
✔ catalog-stage failure cannot restore saved inputs or dispatch a task (1.200334ms)
✔ optimization context restores every execution field and malformed context blocks dispatch (1.309792ms)
✔ actual backtest view loads exact saved context without running, then saves the configuration used (1.687334ms)
✔ saving original radar warmup uses loaded input dates, not hidden form defaults (1.590792ms)
✔ late saved record cannot overwrite owner (1.599833ms)
✔ late saved record cannot overwrite route (1.916625ms)
✔ late saved record cannot overwrite input (1.70825ms)
✔ late saved record cannot overwrite unmount (1.261958ms)
✔ invalid saved context blocks run, while legacy missing fields disclose fallback (5.728459ms)
✔ every execution input invalidates the old result before it can be saved (17.009208ms)
✔ editing a cost while bars are pending never runs the new form on the old request (1.294333ms)
✔ save completion after owner cannot write into a different page or account (3.00275ms)
✔ save completion after route cannot write into a different page or account (1.149875ms)
✔ save completion after unmount cannot write into a different page or account (1.22625ms)
✔ audit description translates permissions and never renders arbitrary detail fields (0.486917ms)
✔ audit time is explicitly Shanghai time and invalid data remains readable (43.524ms)
✔ audit API preserves bounded pagination/filter state and authenticated credentials (39.656625ms)
✔ distinguishes no candidate, failed current audit, and actual invalidation without promoting legacy state (11.145417ms)
✔ filters independent families and directions without merging special and local dual-line evidence (0.995541ms)
✔ searches lifecycle dates and failure reasons with all terms required, retaining original source objects (0.125584ms)
✔ searches diagnostic rejection history without silently reviving historical candidates (1.050792ms)
✔ all excludes bc false, preserves input order and records, and does not infer missing direction (0.543041ms)
✔ legacy diagnostic family is standard, and empty diagnostics do not invent rejection records (0.501083ms)
✔ structural points retain their own confirmation and evidence, never deriving them from a MACD source (0.762708ms)
✔ M1 uses exact existing gates and remains a separate view of its original standard event (0.464291ms)
✔ combined date query finds independent point, prompt and event records without deduplication or additive counts (0.335042ms)
✔ chart date matches structured lifecycle timestamps, not coincidental prose dates (0.349292ms)
✔ minute evidence uses exact exchange-local minute, accepting T/space and refusing missing time (0.106625ms)
✔ chart date includes diagnostic ABC and rejection coverage without inventing open or reversed intervals (0.21725ms)
✔ date scope combines with all filters for structural points and original M1 sources (0.106917ms)
✔ new standard evidence explains price, old blocker and independent special lifecycle (8.666666ms)
✔ new gates include counts, boundary and dates without undefined placeholder (0.224709ms)
✔ legacy comparisons retain old detected confirmed and invalidated dates (2.677792ms)
✔ initial schema and refreshed catalog preserve supplied parameters; strategy change alone resets (2.663792ms)
✔ late catalog defaults are suspended until route validation and then fill only missing fields (0.584292ms)
✔ structure dates remove midnight noise without changing intraday precision (1.166166ms)
✔ centre evidence distinguishes fixed core, outer range and candidate expansion (2.325917ms)
✔ segment evidence includes source prices and reverse proof with one-based labels (0.166375ms)
✔ missing legacy evidence does not invent confirmation (0.097791ms)
✔ special inclusion explains boundary exception without labelling it an ordinary fractal (0.065458ms)
✔ centre relation history distinguishes current candidate from original separation (0.096417ms)
✔ confirmation replay translates raw indices without date matching (0.067ms)
✔ unknown, invalid or out-of-snapshot confirmations have no replay target (0.075708ms)
✔ connection badge validates shared time, price and alternating direction (0.124834ms)
✔ reverse preview uses observed extreme, not last close or a future target (0.997833ms)
✔ mirrored lows produce an upward reference (0.09925ms)
✔ no invented reference for missing, ambiguous, extending, or invalid inputs (0.109042ms)
✔ replay prefix cannot use a later extreme; ties retain first occurrence (0.0905ms)
✔ ongoing consolidation differs by color, line pattern, and fill (0.10525ms)
✔ actual component captures every selected period and failure; automatic work stays system-origin (16.819375ms)
✔ all collection failures are exportable reports, never empty success or recomputable invented bars (1.6225ms)
✔ missing response rows are retained as explicit errors; unexpected rows or cutoff cannot enter a saved result (6.533792ms)
✔ late study response cannot be saved after account (1.2545ms)
✔ late study response cannot be saved after input (1.806333ms)
✔ late study response cannot be saved after unmount (0.9225ms)
✔ invalid collection coverage cannot silently omit a period during import (2.241834ms)
✔ actual study freezes independent radar lineage, preserves it through import and recompute, and refuses foreign source (3.121708ms)
✔ task stores detached actual inputs, user submission and system polling (15.054417ms)
✔ invalidated submit resolve cannot revive result/error/spinner (1.793292ms)
✔ invalidated submit reject cannot revive result/error/spinner (0.8155ms)
✔ invalidated poll resolve cannot revive result/error/spinner (1.631834ms)
✔ invalidated poll reject cannot revive result/error/spinner (1.682875ms)
✔ earlier request completion cannot stop a newer task or replace its context (6.900875ms)
✔ owner change stops polling and cannot attribute prior account result to the new account (1.055167ms)
✔ failed remains failure, never successful completion (0.465375ms)
✔ cancelled remains failure, never successful completion (0.224667ms)
✔ timed_out remains failure, never successful completion (0.261708ms)
✔ cancelling is not completed; wrong ID, malformed result and unknown status fail closed (1.989917ms)
✔ deadline aborts polling and explicitly says the server may still be running (19.312041ms)
✔ task API sends captured owner and abort signal; old callers remain compatible (23.401875ms)
✔ task list rejects malformed responses instead of replacing records with undefined (17.575ms)
✔ cancelling is not terminal and elapsed values remain readable (0.187ms)
✔ runBacktestWithPolling waits through cancelling and returns cancelled (2.176625ms)
✔ runBacktestWithPolling waits through cancelling and returns timed_out (3.871625ms)
✔ runSignalScanWithPolling waits through cancelling and returns cancelled (5.294417ms)
✔ runSignalScanWithPolling waits through cancelling and returns timed_out (5.254ms)
✔ cancel API uses POST, and partial cancelled scan results are never accepted (0.320417ms)
✔ persistent recovery and version mismatch are distinct from completion (0.277416ms)
✔ terminal task deletion handles empty 204 and encodes identity (0.157583ms)
✔ checkpoint presence is not confused with verified reuse or task completion (0.300541ms)
✔ cached completed submission is retrieved rather than shown as running (0.164417ms)
✔ network failures are localized across WebKit, Chromium and Firefox (0.158875ms)
✔ tracking identity separates asset types, exchanges and board catalogues (0.7475ms)
✔ cloud book validates without silently dropping corrupt groups or duplicate entries (0.603583ms)
✔ expansion preserves every member and all board/direct sources, not a 200-row display page (1.239292ms)
✔ membership failure is explicit and malformed partial membership is never accepted (0.215333ms)
✔ batch runs sequentially, keeps partial errors and continues after a failed target (9.550625ms)
✔ cancellation marks in-flight and unstarted rows, ignoring a late success (0.158375ms)
✔ group breadth counts only available periods, never treats failed targets as neutral evidence (0.19125ms)
✔ exact current revision accepts only its own evidence without mutation (1.075875ms)
✔ old partition, stale version, future evidence and false completion are rejected (0.276333ms)
✔ historical audit cannot import a later opposite segment (0.083542ms)
✔ empty partitions and higher-proof priority retain explicit blockers (0.076625ms)
✔ new blockers use Chinese labels without calling prerequisites completion (0.133541ms)
✔ missing comparison interval is explained in Chinese without inventing a date (0.604208ms)
✔ special diagnostics identify each A indicator witness rather than the price witness (0.1675ms)
✔ nonstandard DEA axis gate remains explicit without an improvement requirement (0.135459ms)
✔ DEA tolerance discloses research threshold, precise deviation and near-zero fallback (0.161125ms)
✔ wave evidence separates effective A from original wave and local pivots (1.062042ms)
✔ rounded equal line extrema disclose the precise failed values and witness times (0.16675ms)
✔ comparisons are explicitly research only and preserve B/C axis checks (0.110125ms)
✔ unformed candidate shows Chinese gates, two-decimal values and rejection dates (0.094667ms)
✔ new nonstandard audit explicitly uses full A and first-formed reverse evidence explains gaps (0.108208ms)
ℹ tests 577
ℹ suites 0
ℹ pass 577
ℹ fail 0
ℹ cancelled 0
ℹ skipped 0
ℹ todo 0
ℹ duration_ms 3489.464041
→ 打包中…
→ 运行测试…
京东方评级: D 分数: 34.3
维度明细: 卡玛比率=22.7, 最大回撤=27.5, 胜率=33.5, 利润因子=34.1, 夏普比率=41.5, 波动率=50.1
否决: 利润因子 1.11 接近 1，仅勉强盈亏平衡
长线优质策略评级: B 分数: 64.5
维度权重: 卡玛比率=28%, 最大回撤=26%, 胜率=0%, 利润因子=0%, 夏普比率=23%, 波动率=23%
优质案例评级: A 分数: 83.9
寻优点评级: A 74
组合重算指标: { '年化': '20.83%', '回撤': '0.80%', '夏普': '5.27', '卡玛': '26.03' }
稳定上涨组合评级: S 91.8
波动组合重算: { '回撤': '44.15%', '夏普': '-2.64', '持续': 60 }
波动组合评级: D 18.5
✔ 新版组合评级使用后端采样，不按图表柱数重新日线年化 (1.323208ms)
✔ 必要风险指标缺失不能展示为零风险或正常评级 (0.270542ms)
✔ 无穷比率不等于满分，真实零利润因子仍按亏损判断 (0.138375ms)
✔ 京东方回测必须评为 D 档（用户核心诉求验证点） (0.554083ms)
✔ 京东方评分应在 30-43 区间（C 与 D 的边界） (0.109958ms)
✔ 低利润因子触发系统亏损否决 (0.069708ms)
✔ 样本不足（< 10 笔交易）降权但不否决整个评级 (0.133625ms)
✔ 用户实测场景：6年6笔交易 + 高夏普 → 应得 A/B（核心回归测试） (0.137792ms)
✔ 深回撤 > 60% 触发直接 D 否决 (0.087ms)
✔ 优质回测应得 A 或 S 档 (0.141208ms)
✔ 高回撤但收益高 → 最高 B（一票否决 cap） (0.074541ms)
✔ 插值函数：边界值取端点分数 (0.058208ms)
✔ 插值函数：中间值线性插值 (0.0525ms)
✔ 寻优评级：4 维度降级版 (0.091833ms)
✔ 寻优评级：网格点交易太少 → 降权但评级照常 (0.052542ms)
✔ 组合评级：稳定上涨净值应得 A 或 S (1.606458ms)
✔ 组合评级：高波动深回撤净值 → 低档 (0.569041ms)
✔ combinedMetrics：单点净值返回全 0（兜底） (0.053917ms)
✔ 历史组合仅保留原值，不从曲线推断日线或重算评级 (0.460333ms)
✔ v1-v4、未知版本及不完整依据不伪装为新版结果 (0.572ms)
✔ 新版结果使用已记录指标，真实 999 和零不被当作历史哨兵 (0.071334ms)
✔ 指标状态缺失或与数值冲突不能产出评级，包括被降权维度 (0.095125ms)
✔ 低交易样本的真实不可用逐笔指标仍可降权，不误拦截可用净值评级 (0.086125ms)
✔ 寻优逐行核验新版采样与候选状态，输入范围不替代候选证据 (0.108417ms)
✔ 完整快照保留精度、真实 0/999、全部指标及版本且不关联可变输入 (0.621417ms)
✔ 策略保存接受真实 Vue 响应式结果，不因 Proxy 无法 structuredClone 而失败 (0.514625ms)
✔ 再次保存历史指标不补造新版计算或评级依据 (0.087708ms)
✔ 对比展示原值并指出版本、周期、范围与利率差异，不自动重算 (0.224167ms)
ℹ tests 28
ℹ suites 0
ℹ pass 28
ℹ fail 0
ℹ cancelled 0
ℹ skipped 0
ℹ todo 0
ℹ duration_ms 92.966667
