
> web-ui@0.0.0 build
> vue-tsc -b && vite build

vite v8.1.3 building client environment for production...
[2Ktransforming...✓ 1082 modules transformed.
rendering chunks...
computing gzip size...
dist/index.html                                      0.65 kB │ gzip:   0.44 kB
dist/assets/AdjustPicker-D00KpYkY.css                0.38 kB │ gzip:   0.20 kB
dist/assets/ChanlunTargetPicker-D-d8ErAX.css         0.42 kB │ gzip:   0.22 kB
dist/assets/StockQueryField-DZM9BaFv.css             0.51 kB │ gzip:   0.31 kB
dist/assets/MetricStateNotes-Ds5ln-hd.css            0.65 kB │ gzip:   0.32 kB
dist/assets/SymbolPicker-BRRK5lsO.css                0.66 kB │ gzip:   0.32 kB
dist/assets/FactorArchiveTools-D6aN1ziX.css          0.68 kB │ gzip:   0.35 kB
dist/assets/StocksPicker-DtZSuV36.css                0.87 kB │ gzip:   0.36 kB
dist/assets/PerformanceContextNote-B1O3ZqFf.css      1.09 kB │ gzip:   0.51 kB
dist/assets/backtest-z6wr6NnL.css                    1.16 kB │ gzip:   0.47 kB
dist/assets/PortfolioSummaryTable-DuOi_Kod.css       1.46 kB │ gzip:   0.58 kB
dist/assets/ResearchNavigationBar-CHjWWZBp.css       1.60 kB │ gzip:   0.56 kB
dist/assets/ResearchEntryContext-D-_RhXbO.css        1.60 kB │ gzip:   0.55 kB
dist/assets/DataGrid-wmKp9PWY.css                    1.63 kB │ gzip:   0.67 kB
dist/assets/DataProvenance-rwYj3IKj.css              1.71 kB │ gzip:   0.60 kB
dist/assets/NumberStepper-8K7Mvx4I.css               1.78 kB │ gzip:   0.66 kB
dist/assets/StrategyPicker-B8xuoqXR.css              1.90 kB │ gzip:   0.62 kB
dist/assets/CompareView-DXTNS9rD.css                 2.53 kB │ gzip:   0.75 kB
dist/assets/MultiPeriodOverviewTable-BvTcnRGq.css    2.53 kB │ gzip:   0.87 kB
dist/assets/MarketCenterView-B4QMzyP-.css            2.71 kB │ gzip:   0.86 kB
dist/assets/ServerSettingsView-Dr8cBAAI.css          2.99 kB │ gzip:   0.85 kB
dist/assets/ChartFrame-DpbssJ_h.css                  3.16 kB │ gzip:   0.82 kB
dist/assets/BoardResearchView-t3jinDma.css           3.19 kB │ gzip:   0.96 kB
dist/assets/ExtendedMarketView-DmyMqztu.css          3.27 kB │ gzip:   0.97 kB
dist/assets/IntradayResearchView-Dozupkkc.css        3.44 kB │ gzip:   1.06 kB
dist/assets/ResultDataProvenance-C84gzG9S.css        3.61 kB │ gzip:   1.03 kB
dist/assets/MacSelect-8VETZDy2.css                   3.64 kB │ gzip:   1.12 kB
dist/assets/AdminDataCenterView-CxKBhypf.css         4.03 kB │ gzip:   1.09 kB
dist/assets/PortfolioView-DiSHYMkO.css               4.07 kB │ gzip:   0.99 kB
dist/assets/StockHistoryMenu-BZAt5rDk.css            4.53 kB │ gzip:   1.28 kB
dist/assets/BacktestView-C_gwZXLU.css                5.09 kB │ gzip:   1.31 kB
dist/assets/OptimizeView-CKCk_lXy.css                6.61 kB │ gzip:   1.78 kB
dist/assets/TrackingView-DE8HSi9j.css                7.25 kB │ gzip:   1.73 kB
dist/assets/LoginView-C6otUSAi.css                   7.39 kB │ gzip:   2.13 kB
dist/assets/KlineChart-B9kDaKzs.css                  8.52 kB │ gzip:   2.12 kB
dist/assets/AccountView-Daq4dcue.css                 8.78 kB │ gzip:   2.05 kB
dist/assets/StrategiesView-sORTs1Aa.css             10.87 kB │ gzip:   2.35 kB
dist/assets/SignalRadarView-C4HuODLB.css            12.89 kB │ gzip:   2.91 kB
dist/assets/AdminAccountsView-BSr7g-GH.css          13.81 kB │ gzip:   3.06 kB
dist/assets/CompanyResearchView-BVn318qQ.css        22.45 kB │ gzip:   4.10 kB
dist/assets/QuantResearchView-CKl26gwo.css          26.75 kB │ gzip:   4.95 kB
dist/assets/index-DIJBR0Y9.css                      28.67 kB │ gzip:   6.64 kB
dist/assets/CloudResearchArchives-CRMMI2w2.css      35.15 kB │ gzip:   6.28 kB
dist/assets/ChanlunView-fiLNWjHs.css               117.43 kB │ gzip:  18.51 kB
dist/assets/format-BbMv5Yas.js                       0.08 kB │ gzip:   0.10 kB
dist/assets/mobile-settings-CU8awkX1.js              0.18 kB │ gzip:   0.16 kB
dist/assets/research-input-C5-rhLeS.js               0.33 kB │ gzip:   0.23 kB
dist/assets/market-preferences-Dr7WBY5t.js           0.69 kB │ gzip:   0.50 kB
dist/assets/AdjustPicker-Cz2-jTXB.js                 0.78 kB │ gzip:   0.56 kB
dist/assets/bar-time-CQCKboTN.js                     0.90 kB │ gzip:   0.48 kB
dist/assets/StockQueryField-ChGREe4z.js              1.03 kB │ gzip:   0.66 kB
dist/assets/FactorArchiveTools-BZuOA8kO.js           1.33 kB │ gzip:   0.92 kB
dist/assets/StocksPicker-0_g9LYB1.js                 1.70 kB │ gzip:   1.02 kB
dist/assets/PerformanceContextNote-CZ6cw-4L.js       1.77 kB │ gzip:   1.05 kB
dist/assets/ResearchNavigationBar-4UHjSfS3.js        2.22 kB │ gzip:   1.22 kB
dist/assets/stock-history-DrC8lQYS.js                2.28 kB │ gzip:   1.14 kB
dist/assets/MetricStateNotes-Ck4UR4oG.js             2.33 kB │ gzip:   1.49 kB
dist/assets/NumberStepper-8ZWHHilb.js                2.51 kB │ gzip:   1.19 kB
dist/assets/performance-context-CRYFjU1n.js          2.59 kB │ gzip:   1.38 kB
dist/assets/DataProvenance-DOs5Ylq7.js               3.31 kB │ gzip:   1.45 kB
dist/assets/research-navigation-DM2ks-pj.js          3.48 kB │ gzip:   1.71 kB
dist/assets/task-execution-BGv9vZyd.js               3.52 kB │ gzip:   1.82 kB
dist/assets/DataGrid-BBA4ZQDR.js                     3.64 kB │ gzip:   2.00 kB
dist/assets/AdminDataCenterView-B4FWvW4i.js          3.73 kB │ gzip:   1.92 kB
dist/assets/ServerSettingsView-Dj9xwIRL.js           4.00 kB │ gzip:   1.96 kB
dist/assets/StockHistoryMenu-BCWnig_5.js             4.15 kB │ gzip:   1.97 kB
dist/assets/ChanlunTargetPicker-Do_OJd8K.js          4.21 kB │ gzip:   1.95 kB
dist/assets/ResearchEntryContext-CisDYz6i.js         4.23 kB │ gzip:   2.12 kB
dist/assets/execution-context-BR9XH-Nt.js            4.40 kB │ gzip:   2.07 kB
dist/assets/tracking-CbZdedzW.js                     4.42 kB │ gzip:   2.13 kB
dist/assets/StrategyPicker-GZk9nMEs.js               4.55 kB │ gzip:   2.06 kB
dist/assets/SymbolPicker-0NW5bsN8.js                 5.01 kB │ gzip:   2.41 kB
dist/assets/MacSelect-C2eDuVyI.js                    5.27 kB │ gzip:   2.20 kB
dist/assets/LoginView-BIIdOncj.js                    5.39 kB │ gzip:   2.50 kB
dist/assets/ExtendedMarketView-BHsCXuVL.js           5.68 kB │ gzip:   2.64 kB
dist/assets/ResultDataProvenance-C1htVSma.js         5.75 kB │ gzip:   2.51 kB
dist/assets/MultiPeriodOverviewTable-B7DW4-4c.js     5.76 kB │ gzip:   3.09 kB
dist/assets/PortfolioSummaryTable-Dp3IFp_4.js        6.25 kB │ gzip:   3.28 kB
dist/assets/CompareView-TrMlVGhU.js                  6.40 kB │ gzip:   2.95 kB
dist/assets/MarketCenterView-DXWZNcym.js             7.32 kB │ gzip:   3.10 kB
dist/assets/IntradayResearchView-BNXkYa_n.js         9.33 kB │ gzip:   4.31 kB
dist/assets/BoardResearchView-B2_hk_Hv.js            9.53 kB │ gzip:   3.96 kB
dist/assets/SignalRadarView-rdVVurot.js             11.44 kB │ gzip:   4.99 kB
dist/assets/AccountView-CgD9Vbk1.js                 11.67 kB │ gzip:   5.01 kB
dist/assets/PortfolioView-BJNJ0y-t.js               15.15 kB │ gzip:   5.89 kB
dist/assets/backtest-DgKb-73f.js                    15.57 kB │ gzip:   6.19 kB
dist/assets/BacktestView-DC0NC2Y5.js                18.20 kB │ gzip:   7.48 kB
dist/assets/TrackingView-BCfVdfL7.js                18.70 kB │ gzip:   7.63 kB
dist/assets/AdminAccountsView-Dwono88F.js           20.42 kB │ gzip:   8.00 kB
dist/assets/KlineChart-_VG7PD2H.js                  20.85 kB │ gzip:   8.96 kB
dist/assets/StrategiesView-Dul1wjD3.js              23.82 kB │ gzip:   9.09 kB
dist/assets/OptimizeView-tED0CU5r.js                28.57 kB │ gzip:  11.30 kB
dist/assets/QuantResearchView-BGeYzN_X.js           54.80 kB │ gzip:  19.43 kB
dist/assets/CompanyResearchView-C-E4KTIO.js         99.01 kB │ gzip:  33.65 kB
dist/assets/index-1dmh5d6n.js                      159.28 kB │ gzip:  60.23 kB
dist/assets/CloudResearchArchives-DRYfwFiS.js      222.32 kB │ gzip:  75.47 kB
dist/assets/ChanlunView-DyT-8fz7.js                228.58 kB │ gzip:  70.01 kB
dist/assets/ChartFrame-DNMli-F7.js                 682.14 kB │ gzip: 227.98 kB

✓ built in 762ms
[plugin builtin:vite-reporter] 
(!) Some chunks are larger than 500 kB after minification. Consider:
- Using dynamic import() to code-split the application
- Use build.rolldownOptions.output.codeSplitting to improve chunking: https://rolldown.rs/reference/OutputOptions.codeSplitting
- Adjust chunk size limit for this warning via build.chunkSizeWarningLimit.
