
> web-ui@0.0.0 test
> node scripts/run-tests.mjs

✔ tracking is restricted to active administrators and explicitly authorized users (5.905708ms)
✔ presence requires visible focused recent interaction and never negative elapsed time (0.125167ms)
✔ admin query descriptions label metadata and disclose truncated targets (0.195375ms)
✔ all current chart inspector evidence stays readable without altering original nested data (6.701333ms)
✔ reject malformed fields reachable from overlays, popovers and every inspector section with exact paths (27.293ms)
✔ optional old fields and empty failure checkpoints remain readable, no missing-state invention (0.129291ms)
✔ archive calendar validation rejects normalized impossible dates and illegal clock/offset values (9.787333ms)
✔ bar validation compares actual instants, retains raw strings, rejects equal instants and malformed volume (0.971625ms)
✔ existing frozen matrix bar sources remain readable without mutation (93.552333ms)
✔ event lists and evidence-set reordering never imply new or changed signals; originals remain intact (35.054625ms)
✔ state, lifecycle times and unrounded evidence are classified separately on the same identity (0.736583ms)
✔ same date across families and sides remains independent; true event additions/removals are distinct (0.420292ms)
✔ duplicate identities preserve all records and are never paired arbitrarily (1.044792ms)
✔ missing identity does not cause false removals or additions in its collection (2.044166ms)
✔ missing source/list is unknown, not empty or proof of no events (0.389709ms)
✔ never-candidate diagnostics match without A or reference, including special B-only records (0.715542ms)
✔ A trimming changes evidence not identity; original wave anchors and reference changes distinguish bases (1.625458ms)
✔ date normalization preserves intraday, microsecond and timezone distinctions (3.418416ms)
✔ source differences and unknown fields/ordered evidence are retained (1.825042ms)
✔ different instruments, periods or study results are not matched (0.141125ms)
✔ structure divergences are supported without inventing MACD wave anchors (0.458792ms)
✔ legacy local migration keeps original payload, precision, versions and unknown fields without upgrading (5.920541ms)
✔ cloud exports use latest metadata but retain the original immutable payload, not old cloud ID/revision (1.94025ms)
✔ study import preserves successful and failed periods plus original warmup and primary metadata (2.184792ms)
✔ unknown, incomplete, oversized and nonfinite backups are rejected, never uploaded as summaries (277.179417ms)
✔ all supported chart outputs preserve full precision, null warmups, style and instance order (23.350791ms)
✔ migration IDs survive rescanning/reload, preserve precision and isolate owners and changed content (13.492208ms)
✔ migration rejects missing owners, foreign archives and malformed inputs before upload (1.186958ms)
✔ post-inspection changes never upload under a previously confirmed identity (21.294458ms)
✔ lost response retries the same immutable body and id, without automatic retry or local deletion (4.651166ms)
✔ stop or account changes before/after read and upload discard stale results (10.400167ms)
✔ deleted cloud copies are not restored, purged copies and wrong response IDs are not treated as success (4.428375ms)
✔ chart plan freezes original data and uses original identity/window, not current selection (3.980958ms)
✔ missing volume/time/parameters and unsupported length never silently become a smaller/default study (32.323208ms)
✔ study plan preserves actual research settings and saved time labels (3.626834ms)
✔ unrounded path diff distinguishes null, missing, structure, empty arrays, and ordering (0.910291ms)
✔ response must match request, instrument, version, scope and period identities (1.465041ms)
✔ new archive retains original bars/lineage but never relabels frozen old indicators as recomputed (1.400167ms)
✔ study without saved input retains an explicit uncomputed row, never pretends all periods succeeded (2.523625ms)
✔ complete indicator recompute preserves saved settings, checks response and saves only new values (11.281375ms)
✔ missing or unknown saved indicator parameters cannot borrow current defaults (0.983167ms)
✔ original valid study rows retain precision, unknown fields, true zero and no recomputation (10.95225ms)
✔ invalid nested fields become explicit per-period errors, not silently missing rows (3.564292ms)
✔ strict pen fields reject coercion and preserve historical source errors without reading their invalid nested fields (0.566583ms)
✔ duplicates are not cherry-picked and malformed or future rows remain in original-record entries (0.154708ms)
✔ full backtest file and cloud envelope retain all fields; no implicit Chanlun recompute (8.058334ms)
✔ invalid cash cannot become a readable archive (0.480125ms)
✔ invalid params cannot become a readable archive (0.208666ms)
✔ invalid adjust cannot become a readable archive (0.176167ms)
✔ invalid null lineage cannot become a readable archive (0.164666ms)
✔ invalid net value cannot become a readable archive (0.1065ms)
✔ invalid future trade cannot become a readable archive (0.127583ms)
✔ invalid duplicate date cannot become a readable archive (0.134792ms)
✔ invalid missing metrics cannot become a readable archive (0.12875ms)
✔ invalid nested infinity cannot become a readable archive (0.180042ms)
✔ invalid coerced rejected cannot become a readable archive (0.122625ms)
✔ actual store freezes submitted input and result separately from later source mutation (289.035625ms)
✔ actual store rejects stale or failed owner run and clears prior archive (31.767875ms)
✔ actual store rejects stale or failed input run and clears prior archive (18.170917ms)
✔ actual store rejects stale or failed clear run and clears prior archive (101.974334ms)
✔ actual store rejects stale or failed failure run and clears prior archive (75.81375ms)
✔ trade lookup keeps the exact minute across separators, precision and days (0.744458ms)
✔ date-only values cannot choose the midnight bar of an ambiguous day (0.078708ms)
✔ daily and duplicate exact timestamps keep first positional matches (0.077791ms)
✔ nanoseconds and timezone text are not truncated into a false match (0.099417ms)
✔ date labels preserve useful precision without local timezone conversion (0.087166ms)
✔ higher sources resolve actual records and separate original from current review time (6.531083ms)
✔ base sources and foreign witness rejection have distinct Chinese descriptions (0.462334ms)
✔ inconsistent candidate has no replay evidence: unknown reason (1.390666ms)
✔ inconsistent candidate has no replay evidence: prototype key (0.101625ms)
✔ inconsistent candidate has no replay evidence: future version (0.071291ms)
✔ inconsistent candidate has no replay evidence: future completion (0.058ms)
✔ inconsistent candidate has no replay evidence: missing time (0.053708ms)
✔ inconsistent candidate has no replay evidence: empty source (1.419ms)
✔ inconsistent candidate has no replay evidence: duplicate source (0.266166ms)
✔ inconsistent candidate has no replay evidence: unknown source (0.291208ms)
✔ inconsistent candidate has no replay evidence: mixed levels (0.161959ms)
✔ inconsistent candidate has no replay evidence: future child (0.132625ms)
✔ inconsistent candidate has no replay evidence: wrong child level (0.115459ms)
✔ inconsistent candidate has no replay evidence: duplicate record (0.1025ms)
✔ inconsistent candidate has no replay evidence: empty record range (0.489791ms)
✔ inconsistent candidate has no replay evidence: gap (0.18ms)
✔ inconsistent candidate has no replay evidence: wrong parent range (0.097417ms)
✔ inconsistent candidate has no replay evidence: reversed sources (0.108125ms)
✔ inconsistent candidate has no replay evidence: unsafe base number (0.779333ms)
✔ 80 percent transparency is 20 percent alpha, for both candle directions (0.477583ms)
✔ transparency stays finite, integer, and bounded (0.106334ms)
✔ body is symmetric around the unchanged wick across widths and fractional positions (36.563042ms)
✔ horizontal candles preserve every price coordinate (0.382875ms)
✔ missing or non-finite candle layouts are left untouched (0.3395ms)
✔ native ECharts layout remains centred after resize, zoom and data replacement (428.163333ms)
✔ zooming out of large-data line mode restores centred candle bodies (18.745042ms)
✔ structure widths retain existing defaults and hover appearance (1.267334ms)
✔ manual values stay finite, bounded, and at two decimal places (0.16025ms)
✔ raw index overrides rounded dates, including zero (0.591208ms)
✔ legacy intraday dates never fall back to the first bar of the day (0.113166ms)
✔ duplicate formatted times fail safely without a raw index (0.09725ms)
✔ padding keeps the 23px marker plus radius inside the price pane (0.117917ms)
✔ flat, zero and negative ranges get finite padding; invalid extents do not (0.079458ms)
✔ single-bar time link is a thin line limited to each actual plot (2.323167ms)
✔ multi-bar time link has no border and clips to plot, never clamps offscreen data to an edge (0.146167ms)
✔ time links map daily coverage to all minute bars, not a matching ordinal (0.504417ms)
✔ weekly and monthly end-labelled bars cover earlier constituent dates without changing data (20.678792ms)
✔ nearest marker wins regardless of signal family, only co-located points share chooser (0.241167ms)
✔ immutable request cache deduplicates pending work, isolates payload keys and retries errors (0.33225ms)
✔ all six structural types keep extrema and confirmation separate with original evidence (0.606042ms)
✔ legacy records do not invent confirmation or structural sources (0.124ms)
✔ M1 keeps independent MACD source and original direction, never a structural type (0.315667ms)
✔ all chart layers override independent animation and progressive rendering (27.7705ms)
✔ archive tooltip labels and evidence remain text, not active HTML (0.926459ms)
✔ rejects invalid saved zooms (0.800917ms)
✔ same-snapshot redraw keeps current manually chosen view (0.100166ms)
✔ focus redraw keeps manual zoom; clearing restores pre-focus view (2.46825ms)
✔ switching focus preserves the original return view (0.138834ms)
✔ new snapshot resets saved focus view and never revives old zoom (0.373333ms)
✔ default inactive; moving does not show cards and leaving does not deactivate (0.89275ms)
✔ object previews can read date-card activation without activating it (0.218ms)
✔ click selects a point; outside click closes; inside click is not dismissed (0.127459ms)
✔ activated cards follow movement until outside dismissal, then require another click (0.100583ms)
✔ zoom clears stale coordinates but preserves activation (0.074208ms)
✔ data reset and Escape deactivate; teardown removes all handlers (0.109167ms)
✔ archive requests bind current owner and bypass browser cache (46.518792ms)
✔ cloud directory validates all rows, quotas and identities without dropping broken entries (10.446333ms)
✔ original detail requires an object payload but action receipts may omit it (1.1105ms)
✔ account change discards delayed success and delayed errors (0.570334ms)
✔ unauthenticated archive requests do not reach server; structured conflicts remain actionable (0.451458ms)
✔ upload retries retain immutable captured body and all numerical precision (0.3755ms)
✔ directed centre chain is candidate evidence, not completion (1.929416ms)
✔ touching, opposing, future, overlapping or malformed chains fail closed (0.37475ms)
✔ single-centre and legacy components remain readable (0.13175ms)
✔ inside, border, reversed y and overlapping rectangles resolve newest first (0.835917ms)
✔ invalid or missing render coordinates cannot create hits (0.089709ms)
✔ popup stays within narrow viewport and near-edge right click (0.08725ms)
✔ roles are Chinese and unknown roles never claim completion (0.43925ms)
✔ source ranges keep one-based indices without disguising gaps (0.13575ms)
✔ coverage checks counts, repeats and missing IDs (0.2235ms)
✔ missing, empty and rejected suffix are explicit (0.080042ms)
✔ invalid counts and empty blocks cannot pass the coverage audit (0.082083ms)
✔ uses raw indices, allows shared endpoints and bounds zoom padding (67.339375ms)
✔ does not invent a B interval or infer indices from formatted dates (0.178291ms)
✔ rejects partial, reversed, overlapping and out-of-snapshot evidence (0.140958ms)
✔ allows inspection of historical failed evidence without reviving it (0.120292ms)
✔ local proof draws frozen exact endpoints only after its actual confirmation (0.182166ms)
✔ dual-line divergence uses two exact raw indices, never artificial ABC ranges (0.9605ms)
✔ dual-line focus rejects missing, duplicate, reversed and out-of-range points (0.105458ms)
✔ special wave focus uses AB and its extreme without inventing C (0.102916ms)
✔ direction, family and lifecycle have independent marker styles (0.816583ms)
✔ no-C dual-line remains a circle and fills only on first reverse-pen confirmation (2.211042ms)
✔ M1 is restricted to confirmed waves with a later actual confirmation (0.189375ms)
✔ four families retain independent records and nonstandard uses a triangle (0.212917ms)
✔ October 4 marker matrix uses shape for family and colour only for direction (0.136833ms)
✔ special AB evidence separates A line extrema from both price anchors and legacy pivots (0.140667ms)
✔ history is opt-in, inactive stays grey hollow, never creates M1 (0.126ms)
✔ every historical shape uses a continuous hollow contour, including on hover (0.126333ms)
✔ new nonstandard evidence relaxes prices only and records each subtype (0.215416ms)
✔ new dual rule cannot fill without recorded later local confirmation (0.099416ms)
✔ historical engineering match retains original timing without claiming regrouping completion (9.488709ms)
✔ future, stale, mismatched or incomplete evidence fails closed (1.0645ms)
✔ older snapshots and unmatched parts keep existing natural audit available (0.183292ms)
✔ engineering provenance uses the same one-based numbering as other inspectors (5.692791ms)
✔ mixed recursion distinguishes consolidation and trend from the old trend view (0.246166ms)
✔ unknown or reversed provenance is not presented as a completed trend (0.592458ms)
✔ indicator and price values use two decimals without inventing missing evidence (0.326792ms)
✔ recursive centre relations never call extension candidates completed types (0.322417ms)
✔ admissions distinguish unit confirmation from later failed-return admission (0.179292ms)
✔ display fields retain all text including dates, provenance, and secondary colons (0.806084ms)
✔ narrative, missing evidence, and timestamp headings remain whole (0.095042ms)
✔ selects the exact source without replacing missing comparison periods with the primary (0.433041ms)
✔ prefix audit preserves original warmup snapshot and its own instrument and period (1.278833ms)
✔ rejects invalid positions, missing identity and explicitly unclosed prefix data (1.231ms)
✔ optimization carries full execution and identity without live defaults (4.294584ms)
✔ malformed, mixed, missing or conflicting optimization context never silently defaults (0.8705ms)
✔ multi original replay preserves costs, slots and adjustment; extend changes only end dates (0.848542ms)
✔ multi rejects corrupt and incompatible slots without dropping or repairing any (0.291542ms)
✔ legacy missing settings are disclosed with deterministic defaults, explicit invalid values rejected (0.146291ms)
✔ combining equal-account singles preserves per-slot cash and costs; conflicts rejected not rewritten (0.660834ms)
✔ all candidate states distinguish eligibility from completed natural types (3.912042ms)
✔ opposite geometry identifies reused next-part evidence, including nonzero source IDs (3.266458ms)
✔ external opposite geometry is not added to candidate membership (0.134916ms)
✔ missing, stale, misattributed or future opposite geometry is not displayed as matched (0.145625ms)
✔ preferred endpoints are never called completed types; conflicts are retained (0.078083ms)
✔ opposite base turn is not same-level completion (0.095625ms)
✔ price formatting preserves zero and boundary contact, guards non-finite values (0.111334ms)
✔ candidate audit joins by identity, not response order (0.076667ms)
✔ part audit must match ordinal AND exact raw source IDs, including shifted IDs (0.139834ms)
✔ locates the three raw ranges without relabelling them as MACD or confirmed centres (3.529167ms)
✔ candidate must already be observable at the CURRENT replay prefix (0.214541ms)
✔ no incomplete, waiting or unsupported candidate is given a fabricated range (0.10125ms)
✔ raw bar boundaries must be contiguous and inside the visible window (0.142292ms)
✔ source partitions must cover every original segment once, preserving nonzero IDs (0.17575ms)
✔ conflicting geometric fallback remains viewable for manual audit (0.077ms)
✔ clearing a regrouping focus restores original zoom; a new replay snapshot does not (0.119125ms)
✔ membership labels distinguish source confirmation from later admission (5.7275ms)
✔ admission witness distinguishes confirmation dependency from geometric membership (2.099542ms)
✔ old or malformed evidence never invents an admission witness (3.989625ms)
✔ real frozen result archives preserve every input, missing tag, precision and failed factor (11.82925ms)
✔ factor cloud envelope imports as independent copy without original identity (1.607667ms)
✔ partial or incompatible archives fail explicitly, not repaired from the current catalog (498.985125ms)
✔ read-only renderer has no execution or market API imports; explicit replay is separate (12.873875ms)
✔ same-account profile refresh preserves replay state; identity changes invalidate synchronously (1.299458ms)
✔ library navigation and Chinese/identifier/family search preserve full matching set (0.66775ms)
✔ availability is evaluated by adjustment and period without mutating selections (2.966542ms)
✔ correlation uses its mathematical range; raw factors keep their own scale (0.635042ms)
✔ tiny values remain visible and tooltip raw precision is not rounded (0.257083ms)
✔ percentage is presentation only, gaps and source values are preserved (0.482833ms)
✔ disabled combination does not add implicit weights; enabled selection is explicit (0.982917ms)
✔ actual Python report preserves the combination through export and read-only reopen (38.934458ms)
✔ incomplete or contradictory composition archive is rejected, never repaired (77.964917ms)
✔ horizon selection is bounded, canonical and never silently amended (0.918083ms)
✔ horizon view uses frozen results without changing configuration or primary report (16.7595ms)
✔ all horizons survive draft/export/import and old single archives still read (133.297958ms)
✔ missing windows, wrong labels and disagreement with primary reports fail closed (111.028709ms)
✔ request selection invalidates immediately; display-only switching does not (3.725625ms)
✔ multiple horizons dispatch one explicitly manual request with complete selection (109.3515ms)
✔ parameter selection copies only active settings without mutating cached settings (291.728208ms)
✔ builtin decimal multiplier, ordering, effective identity and actual labels (2.670083ms)
✔ reset only one parameter, retain other overrides without mutating input (0.120583ms)
✔ history warning uses full effective warmup, not all parameters as rolling windows (0.202208ms)
✔ names and validation use actual windows; equivalent formula choices rejected (0.304625ms)
✔ recompute task request binds owner, source revision and manual intent; polling stays automatic (161.75625ms)
✔ history retains the complete recompute envelope, not just numerical results (21.21475ms)
✔ replay uses shared task invalidation and archive saving preserves replay metadata (6.109875ms)
✔ statistics version is frozen provenance, never inferred as the current version (1.584292ms)
✔ factor glossary accepts standard abbreviations with spaces or underscores (0.386958ms)
✔ factor missing values never become valid zero (0.271041ms)
✔ factor ranking is stable, non-mutating and missing-last in both directions (15.263542ms)
✔ small factor values do not round to fake zeros; raw precision keeps original number (0.103917ms)
✔ compatibility aliases are only shown for exact legacy lookup or active selection (0.101ms)
✔ series automatic initialization is system intent, only deliberate task submission is a query (84.56325ms)
✔ saved series task reopens as series without lookup, all diagnostics and original inputs survive (9.247792ms)
✔ cleared series execution cannot publish an old stock result (0.309416ms)
✔ live series and history use shared tasks, invalidate on input/account/route and never treat as trading backtest (8.495375ms)
✔ late catalog never submits after unmount, input/account/tab changes, or manual run (0.69825ms)
✔ failed catalog does not silently start default research or publish after leaving (0.52525ms)
✔ favorite IDs are bounded, deduplicated and malformed saved preferences never get overwritten (2.566583ms)
✔ favorites use acknowledgment and only patch their own key; same-session writes serialize (0.781584ms)
✔ failed favorite updates do not pretend success and can retry (2.215459ms)
✔ other preference acknowledgment exposing pending patch cannot fake a saved favorite (0.269875ms)
✔ owner switch clears state immediately and old failure cannot affect new save (0.348375ms)
✔ series compare shares all x axes but preserves independent raw values, scales, gaps and tooltip precision (2.736083ms)
✔ future appending leaves prior plotted values unchanged, missing is never replaced by zero (0.208333ms)
✔ multi-factor comparison is reused in live and read-only views, favorites do not change research settings (1.675ms)
✔ factor submission marks only explicit dispatch, preserves owner/signal, polling/cancel stay automatic (137.3505ms)
✔ cancel acknowledged during pending poll cannot regress UI or publish partial result (21.263625ms)
✔ late cancellation cannot revive cleared or changed-account task UI (27.025125ms)
✔ unconfirmed cancellation keeps polling; successful task remains recoverable (5.420292ms)
✔ factor panel uses shared execution and distinguishes cancel from detach (10.0835ms)
✔ time modes construct explicit configs without random dates or implied training (21.8525ms)
✔ invalid dates, hidden shrinkage and numeric coercion are rejected (0.40575ms)
✔ full frozen time results survive import, draft and readonly validation unchanged (8.158917ms)
✔ missing, mismatched and nonfinite temporal archive results fail explicitly (117.215959ms)
✔ changes invalidate synchronously; same-account profile refresh does not change split (2.33975ms)
✔ menus stay inside phone, keyboard and landscape viewports (1.342875ms)
✔ near-bottom controls open upwards without changing ordinary desktop width (0.103375ms)
✔ warmup null, missing and invalid indicator values never become invented zeroes (14.037042ms)
✔ freeze all supported indicator outputs, warmup holes, volume averages and exact numerical precision (19.485709ms)
✔ frozen playback keeps captured values despite different current prices and never queries APIs (5.357875ms)
✔ malformed or mismatched frozen values fail closed, never fall back to recomputation (3.342083ms)
✔ marker hit uses signed stacking offset for both directions, not candle position (0.453833ms)
✔ symbol size and invalid render positions are handled safely (0.087375ms)
✔ market tab changes discard old success and cannot stop the new spinner (509.990458ms)
✔ market late failure after filter cannot resurrect an error (68.331292ms)
✔ market late failure after owner cannot resurrect an error (25.201125ms)
✔ market late failure after unmount cannot resurrect an error (213.077375ms)
✔ directory count failure preserves valid rows; late totals cannot cross markets (35.291542ms)
✔ board selection clears old details and ignores slower preceding member responses (165.47775ms)
✔ board list filter changes invalidate pending member requests and prevent old auto-selection (168.603792ms)
✔ default board preload remains system-origin after manual list refresh (107.867ms)
✔ belonging response after stock cannot change results or stock history (123.038375ms)
✔ belonging response after owner cannot change results or stock history (223.259ms)
✔ belonging response after unmount cannot change results or stock history (50.45975ms)
✔ current belonging success records captured stock; concurrent member failure has separate feedback (125.648042ms)
✔ market selection uses loaded market, clears on filters, and distinguishes shared stock/index codes (118.718834ms)
✔ board analysis uses result classification; members require their own market (195.00125ms)
✔ aborted late response cannot publish metadata even if transport ignores abort (114.158375ms)
✔ missing provenance or silently changed adjustment never reaches research (0.175167ms)
✔ reported gaps do not falsely label suspension or prevent inspecting valid candles (1.48425ms)
✔ history fetch consumes one verified range and publishes complete metadata only after validation (14.403458ms)
✔ unclosed response never updates provenance or reaches the backtest (0.631292ms)
✔ null, true zero, infinities and real 999 are distinct after JSON roundtrip (0.503792ms)
✔ single, saved and comparison results retain authoritative metric basis (38.592166ms)
✔ whole proof validated without mutation, and cross-role ownership remains visible (1.013917ms)
✔ stale, future, duplicated, incomplete, falsely completed and mismatched sources rejected (0.330125ms)
✔ base runs cannot masquerade as proofs or own multiple provisional regions (0.077709ms)
✔ blocked covers show full conflicts, never fabricated flattened blocks (0.094375ms)
✔ labels retain provisional scope (0.689ms)
✔ all seven MA presets are available but only MA5 and MA10 start visible (5.488666ms)
✔ each chart session gets independent editable settings without changing presets (0.097416ms)
✔ MA presets retain the requested yellow, white, purple, green, cyan, orange, red palette (0.085584ms)
✔ legend retains every MA choice and explicit hidden states override stale chart selection (0.132584ms)
✔ cross-boundary details resolve actual input and nested ownership records (9.009125ms)
✔ unowned reverse evidence stays explicitly unowned for boundary rejection (0.161375ms)
✔ foreign witness can be shown for an otherwise single-owner candidate (0.109833ms)
✔ legacy candidates do not invent missing conflict details (0.128ms)
✔ damaged detail is not presented: mismatched candidate sources (0.105167ms)
✔ damaged detail is not presented: wrong layer (0.071792ms)
✔ damaged detail is not presented: unknown reverse input (1.360625ms)
✔ damaged detail is not presented: wrong reverse range (0.142792ms)
✔ damaged detail is not presented: reverse overlaps prices (0.082333ms)
✔ damaged detail is not presented: future reverse confirmation (0.160666ms)
✔ damaged detail is not presented: wrong reverse time (0.077667ms)
✔ damaged detail is not presented: incomplete domain list (0.074417ms)
✔ damaged detail is not presented: duplicate domains (0.102458ms)
✔ damaged detail is not presented: noncontinuous domain (0.077167ms)
✔ damaged detail is not presented: foreign domain misses witness (0.063375ms)
✔ damaged detail is not presented: false unowned witness (0.053041ms)
✔ damaged detail is not presented: missing nested record (0.091417ms)
✔ damaged detail is not presented: wrong reason (0.139625ms)
✔ only current owner revisions form the displayed ownership set (7.037417ms)
✔ internal provenance remains distinct and validates enclosing ownership (17.481125ms)
✔ parent-covered history is not labeled as an additional effective input (6.706209ms)
✔ nested provenance validates containment and strictly increasing input levels (54.012541ms)
✔ current owner labels are distinct from creation IDs and tolerate old snapshots (9.966584ms)
✔ summary mode lists every historical address, not just current versions (0.769125ms)
✔ full and missing legacy snapshots stay readable without inventing history (0.088041ms)
✔ all four analysis paths explicitly request summary delivery without changing input (0.370292ms)
✔ complete lifecycle stays chronological, does not mutate input, and uses Chinese labels (1.354084ms)
✔ legacy or future history is not invented (0.121708ms)
✔ dangling, reordered, duplicated, miscounted and conflicting histories fail closed (8.5015ms)
✔ equal counts cannot hide swapped source identities (0.242792ms)
✔ intermediate event boundaries must equal actual inherited and added sources (0.163167ms)
✔ input evidence must exist at the correct level and be available at admission (0.820334ms)
✔ invalid domain sources, membership and parent context fail closed (3.507291ms)
✔ leftward growth, shifted sources and newly filled merge gaps remain valid (0.374792ms)
✔ both periods exclude future and open candles while retaining original warm-up start (4.251292ms)
✔ snapshot observation time caps cutoff; bar start before cutoff is not enough (0.112084ms)
✔ no timeframe fallback or fabricated candles when historical minute range is unavailable (0.096042ms)
✔ index and board snapshots retain NONE adjustment, mismatch is rejected (1.498916ms)
✔ missing completion evidence, timezone timestamps and unordered bars fail explicitly (0.393875ms)
✔ week/month completion boundary comes from provider annotation, not day label (0.117167ms)
✔ matrix defaults to exactly the five requested periods in image order and six information columns (42.742959ms)
✔ does not turn current reversal observation into a confirmed opposite pen (0.849666ms)
✔ keeps true zero distinct from missing, and numerical display never overwrites original axis judgment (0.199667ms)
✔ keeps divergence family, extrema and actual confirmation separate; never drops records (54.911375ms)
✔ missing pen and divergence are bounded claims; quality limitations stay visible (0.237375ms)
✔ portfolio: all original values survive import and cloud envelope; no Chanlun recompute (13.232209ms)
✔ portfolio: actual component fetches only explicitly, binds owner/request/result and freezes capture (156.076209ms)
✔ portfolio: late receipt discarded after owner (1.2065ms)
✔ portfolio: late receipt discarded after request (0.995125ms)
✔ portfolio: late receipt discarded after task (0.785292ms)
✔ portfolio: late receipt discarded after result (0.798584ms)
✔ portfolio: late receipt discarded after busy (10.125542ms)
✔ portfolio: late receipt discarded after unmount (4.424208ms)
✔ portfolio: invalid missing rejected (2.462708ms)
✔ portfolio: invalid allocation rejected (1.025541ms)
✔ portfolio: invalid metadata rejected (0.795916ms)
✔ portfolio: invalid date rejected (0.7905ms)
✔ portfolio: invalid precision rejected (6.399292ms)
✔ portfolio: invalid curve rejected (0.810584ms)
✔ portfolio: invalid request rejected (0.127208ms)
✔ portfolio: invalid trade rejected (0.166583ms)
✔ portfolio: unavailable or different task never falls back to fetching data (104.695458ms)
✔ multi_strategy: all original values survive import and cloud envelope; no Chanlun recompute (44.629375ms)
✔ multi_strategy: actual component fetches only explicitly, binds owner/request/result and freezes capture (6.522084ms)
✔ multi_strategy: late receipt discarded after owner (1.45625ms)
✔ multi_strategy: late receipt discarded after request (0.896709ms)
✔ multi_strategy: late receipt discarded after task (1.322542ms)
✔ multi_strategy: late receipt discarded after result (1.484541ms)
✔ multi_strategy: late receipt discarded after busy (3.900292ms)
✔ multi_strategy: late receipt discarded after unmount (1.16275ms)
✔ multi_strategy: invalid missing rejected (0.135416ms)
✔ multi_strategy: invalid allocation rejected (0.235417ms)
✔ multi_strategy: invalid metadata rejected (0.101334ms)
✔ multi_strategy: invalid date rejected (0.103542ms)
✔ multi_strategy: invalid precision rejected (0.183458ms)
✔ multi_strategy: invalid curve rejected (0.168333ms)
✔ multi_strategy: invalid request rejected (0.08375ms)
✔ multi_strategy: invalid trade rejected (0.111917ms)
✔ multi_strategy: unavailable or different task never falls back to fetching data (9.670542ms)
✔ normalized server defaults may extend but not alter submitted parameters (0.13325ms)
✔ library original/extended multi replay uses saved costs despite global preference changes (804.388458ms)
✔ portfolio load -> actual store task lifecycle -> save uses identical context and all costs (360.150375ms)
✔ portfolio catalog-stage input is isolated before saved fetch (208.889709ms)
✔ portfolio catalog-stage params is isolated before saved fetch (68.340291ms)
✔ portfolio catalog-stage owner is isolated before saved fetch (309.392833ms)
✔ portfolio catalog-stage failure is isolated before saved fetch (1020.028209ms)
✔ portfolio catalog-stage empty is isolated before saved fetch (267.032084ms)
✔ pending portfolio cannot survive input (266.497708ms)
✔ pending portfolio cannot survive owner (231.096292ms)
✔ pending portfolio cannot survive unmount (148.147417ms)
✔ store account epoch clears completed results in all four task families (142.896583ms)
✔ runPortfolio old account error is ignored even after switching back (164.008542ms)
✔ runMultiStrategy old account error is ignored even after switching back (294.193417ms)
✔ runOptimize old account error is ignored even after switching back (199.593125ms)
✔ runOptimizeAll old account error is ignored even after switching back (68.255375ms)
✔ optimizer takes an input snapshot before awaiting bars and hands off the result strategy/adjustment (58.631625ms)
✔ portfolio late save cannot close or annotate newly changed configuration (138.259666ms)
✔ library name lookup cannot mix later input or account into a save (506.514291ms)
✔ library saves a multi result with submitted adjustment, not the later global preference (117.860625ms)
✔ late library list cannot replace a newly created record and owner change clears all personal rows (81.384042ms)
✔ portfolio identity rejects mixed markets, repeats and invalid lengths (0.433042ms)
✔ late preference response cannot revert a newer adjustment; queued patch is captured (458.000375ms)
✔ account switch drops old queue, permits new account immediately and ignores late response (74.198959ms)
✔ same-account logout/login does not accept response from prior session epoch (48.060292ms)
✔ failed saves reject caller, do not wedge queue or restore stale role permissions (11.153958ms)
✔ mismatched response owner and logged-out saves are rejected (21.849791ms)
✔ market preference watcher survives the first route unmount and follows owner changes (58.968292ms)
✔ late name hydration cannot write across accounts; new owner hydrates independently (235.803458ms)
✔ sidebar hydration never writes, old-owner timers cancel, failures are handled (339.648459ms)
✔ forming candles preserve OHLC and use dashed empty outlines (0.414833ms)
✔ forming volume and signed MACD columns preserve values and direction (0.094375ms)
✔ query defaults to system, manual intent is synchronous and explicit (17.407125ms)
✔ direct bar snapshot fetch preserves explicit intent, including failed requests (29.158625ms)
✔ pending manual requests do not mark concurrent automatic work or async continuations (1.563375ms)
✔ API dispatch tags manual queries but excludes automatic name lookup and task polling (2.6805ms)
✔ save keeps original full input separate from replay prefix, fully detached from live state (8.281834ms)
✔ same-bar opposite signals remain distinct; source survives JSON import without task or network (1.1635ms)
✔ recompute uses only saved chart prefix, keeps original scan signals and version unchanged (1.232ms)
✔ reject wrong target before saving; never silently drop invalid lineage (0.412375ms)
✔ reject board target before saving; never silently drop invalid lineage (0.637542ms)
✔ reject wrong market before saving; never silently drop invalid lineage (0.68875ms)
✔ reject reference before saving; never silently drop invalid lineage (0.679167ms)
✔ reject invalid date type before saving; never silently drop invalid lineage (0.211041ms)
✔ reject noncanonical cutoff before saving; never silently drop invalid lineage (0.170833ms)
✔ reject row summary before saving; never silently drop invalid lineage (0.301625ms)
✔ reject row last date before saving; never silently drop invalid lineage (0.31025ms)
✔ reject outside signal window before saving; never silently drop invalid lineage (0.245125ms)
✔ reject row source before saving; never silently drop invalid lineage (0.234541ms)
✔ reject row requested adjust before saving; never silently drop invalid lineage (0.194959ms)
✔ reject row quality before saving; never silently drop invalid lineage (0.227875ms)
✔ reject open candle before saving; never silently drop invalid lineage (0.14125ms)
✔ reject unsupported storage before saving; never silently drop invalid lineage (0.123875ms)
✔ legacy snapshot without original input still opens without invented source (57.298958ms)
✔ original task references round-trip and legacy references remain distinguishable (1.142291ms)
✔ cache receipt must be a real ID string, never coerced or inherited from another owner (0.311333ms)
✔ all frozen bars and precision survive; changed code is disclosed, not represented as old execution (0.59625ms)
✔ invalid original receipt task stops instead of substituting live data (0.152458ms)
✔ invalid original receipt row stops instead of substituting live data (0.356583ms)
✔ invalid original receipt market stops instead of substituting live data (0.17575ms)
✔ invalid original receipt symbol stops instead of substituting live data (0.095875ms)
✔ invalid original receipt params stops instead of substituting live data (0.071375ms)
✔ invalid original receipt strategy stops instead of substituting live data (0.087375ms)
✔ invalid original receipt fingerprint stops instead of substituting live data (0.115792ms)
✔ invalid original receipt adjust stops instead of substituting live data (0.088792ms)
✔ invalid original receipt signal stops instead of substituting live data (0.090959ms)
✔ invalid original receipt malformed signals stops instead of substituting live data (0.312416ms)
✔ invalid original receipt row error stops instead of substituting live data (0.224667ms)
✔ invalid original receipt storage stops instead of substituting live data (0.088333ms)
✔ invalid original receipt version stops instead of substituting live data (0.069334ms)
✔ invalid original receipt missing bars stops instead of substituting live data (0.064125ms)
✔ invalid original receipt null bar stops instead of substituting live data (0.082291ms)
✔ invalid original receipt order stops instead of substituting live data (1.38075ms)
✔ invalid original receipt open bar stops instead of substituting live data (0.121917ms)
✔ invalid original receipt future stops instead of substituting live data (0.650583ms)
✔ invalid original receipt negative duration stops instead of substituting live data (0.097333ms)
✔ invalid original receipt missing cutoff stops instead of substituting live data (0.055333ms)
✔ invalid original receipt number string stops instead of substituting live data (0.068625ms)
✔ invalid original receipt NaN stops instead of substituting live data (0.054792ms)
✔ invalid original receipt bad low stops instead of substituting live data (0.0585ms)
✔ invalid original receipt negative volume stops instead of substituting live data (0.052459ms)
✔ API sends owner and abort signal with no-store; unavailable receipt never calls a live feed (30.359875ms)
✔ radar submits captured owner with manual intent, polls as system, and preserves old cache adjustment (73.636209ms)
✔ late submit after adjust cannot become a scan result or cache (171.108625ms)
✔ late submit after window cannot become a scan result or cache (6.072792ms)
✔ late submit after owner cannot become a scan result or cache (5.088458ms)
✔ late submit after roundtrip cannot become a scan result or cache (2.724416ms)
✔ late submit after unmount cannot become a scan result or cache (1.85ms)
✔ late poll after adjust cannot become a scan result or cache (0.783875ms)
✔ late poll after window cannot become a scan result or cache (2.166042ms)
✔ late poll after owner cannot become a scan result or cache (2.439375ms)
✔ late poll after roundtrip cannot become a scan result or cache (2.077208ms)
✔ late poll after unmount cannot become a scan result or cache (2.084042ms)
✔ a failed new scan cannot re-display or replace old success; explicit retry is independent (2.261583ms)
✔ invalid result rows is never cached (0.840417ms)
✔ invalid result counts is never cached (0.587417ms)
✔ invalid result id is never cached (0.505417ms)
✔ storage denial preserves valid live results with an explicit notice (0.837458ms)
✔ actual picker loads the original complete warmup and stores actual dates, not form defaults (18.336333ms)
✔ failed original input does not fall back to newly fetched prices (6.948333ms)
✔ pending original input cannot commit after owner (23.969542ms)
✔ pending original input cannot commit after code (5.619167ms)
✔ pending original input cannot commit after unmount (3.549625ms)
✔ radar review captures row adjustment, exact minute, strategy and original cutoff (0.99025ms)
✔ invalid or legacy reviews fail explicitly without guessing data or adjustment (1.854667ms)
✔ exchange-local dates validate without browser timezone conversion (1.587125ms)
✔ review excludes future and unclosed bars, resets derived fingerprint and reports actual range without mutating source (0.803791ms)
✔ radar cache is owner scoped and malformed/legacy records never enter the UI (2.46225ms)
✔ late messages, close and errors from an old socket cannot affect replacement (2.397709ms)
✔ invalid messages and control responses never become ticks; close reason retained (1.264542ms)
✔ matching versions are selected by case identity without mutation (5.08875ms)
✔ future snapshots, wrong rules, incomplete chains and duplicate cases are rejected (0.230833ms)
✔ labels never confuse endpoint consistency or higher-centre proof with completion (0.140125ms)
✔ v2 keeps the detached prefix and v1 remains readable (0.323ms)
✔ v3 supports trend search while retaining the same ownership guards (0.1135ms)
✔ missing, duplicated, misattributed or silently completed prefix is rejected (0.331792ms)
✔ reincorporation is recorded explicitly instead of erasing detached history (1.829166ms)
✔ accepts bounded history and empty verified batches (0.526292ms)
✔ rejects wrong batch, future indices, broken sources and contradictory state (0.226417ms)
✔ research labels distinguish absence, release, retained and internal (0.079958ms)
✔ late old responses cannot own a newer research request (0.503083ms)
✔ submission fields are captured values, not mutable form references (1.128166ms)
✔ navigation preserves explicit stock/index/fund/board identity and parameters without auto run (20.578834ms)
✔ ambiguous identity is rejected rather than guessed or numeric code padded (0.515209ms)
✔ query parser rejects incomplete, duplicate, incompatible and mixed-context values (1.917917ms)
✔ snapshot import keeps original data and normalizes optional display metadata (2.985541ms)
✔ reject invalid schema, periods, oversized arrays and impossible candle prices (1.33725ms)
✔ cloud archives retain larger frozen windows and all supported distinct periods (41.418583ms)
✔ import keeps valid frozen outputs and rejects mismatched frozen data instead of recomputing (1.459917ms)
✔ window is exchange local and bounded by the snapshot cutoff (1.613667ms)
✔ missing numbers and candidate status are never promoted (0.124708ms)
✔ amber projection resolves daily and minute labels, ignores open candle (0.455875ms)
✔ three workspaces are keyboard traversable without dropping an existing mode (7.86625ms)
✔ mobile comparison shows exactly the selected snapshot; desktop shows both (0.140334ms)
✔ inactive research never starts automatic work, valid active research does (0.21175ms)
✔ saved single strategy restores market, period, adjustment and all execution costs exactly (2.303833ms)
✔ missing legacy fields disclose supplied defaults instead of claiming complete restoration (0.223917ms)
✔ explicit contradictory market and unsupported instruments are not silently rewritten (0.93775ms)
✔ invalid present fields are errors, not fallback defaults (0.294916ms)
✔ saved links identify records only and cannot inject alternate execution context (0.183958ms)
✔ market entry preserves local dates and strategy, runs only on explicit request (28.54175ms)
✔ boards entry preserves local dates and strategy, runs only on explicit request (6.542375ms)
✔ mixed market context blocks all loading and computation: savedStrategyId (22.507333ms)
✔ mixed market context blocks all loading and computation: optimizationContext (7.564917ms)
✔ mixed market context blocks all loading and computation: autoRun (8.651834ms)
✔ mixed market context blocks all loading and computation: unexpected (1.909209ms)
✔ slow catalog cannot overwrite input with a market entry (16.197708ms)
✔ slow catalog cannot overwrite owner with a market entry (2.418583ms)
✔ catalog-stage input cannot restore saved inputs or dispatch a task (4.408083ms)
✔ catalog-stage params cannot restore saved inputs or dispatch a task (4.822083ms)
✔ catalog-stage owner cannot restore saved inputs or dispatch a task (3.885708ms)
✔ catalog-stage failure cannot restore saved inputs or dispatch a task (4.556458ms)
✔ optimization context restores every execution field and malformed context blocks dispatch (4.385292ms)
✔ actual backtest view loads exact saved context without running, then saves the configuration used (4.763875ms)
✔ saving original radar warmup uses loaded input dates, not hidden form defaults (3.915083ms)
✔ late saved record cannot overwrite owner (18.432833ms)
✔ late saved record cannot overwrite route (12.335833ms)
✔ late saved record cannot overwrite input (9.176458ms)
✔ late saved record cannot overwrite unmount (14.811583ms)
✔ invalid saved context blocks run, while legacy missing fields disclose fallback (10.941334ms)
✔ every execution input invalidates the old result before it can be saved (52.036125ms)
✔ editing a cost while bars are pending never runs the new form on the old request (6.744416ms)
✔ save completion after owner cannot write into a different page or account (1.256125ms)
✔ save completion after route cannot write into a different page or account (7.4465ms)
✔ save completion after unmount cannot write into a different page or account (81.911333ms)
✔ audit description translates permissions and never renders arbitrary detail fields (1.720542ms)
✔ audit time is explicitly Shanghai time and invalid data remains readable (123.21975ms)
✔ audit API preserves bounded pagination/filter state and authenticated credentials (35.745666ms)
✔ distinguishes no candidate, failed current audit, and actual invalidation without promoting legacy state (40.277667ms)
✔ filters independent families and directions without merging special and local dual-line evidence (7.074833ms)
✔ searches lifecycle dates and failure reasons with all terms required, retaining original source objects (0.586917ms)
✔ searches diagnostic rejection history without silently reviving historical candidates (2.546541ms)
✔ all excludes bc false, preserves input order and records, and does not infer missing direction (0.854208ms)
✔ legacy diagnostic family is standard, and empty diagnostics do not invent rejection records (0.243083ms)
✔ structural points retain their own confirmation and evidence, never deriving them from a MACD source (0.351958ms)
✔ M1 uses exact existing gates and remains a separate view of its original standard event (0.239125ms)
✔ combined date query finds independent point, prompt and event records without deduplication or additive counts (0.12125ms)
✔ chart date matches structured lifecycle timestamps, not coincidental prose dates (0.265ms)
✔ minute evidence uses exact exchange-local minute, accepting T/space and refusing missing time (0.102917ms)
✔ chart date includes diagnostic ABC and rejection coverage without inventing open or reversed intervals (0.386208ms)
✔ date scope combines with all filters for structural points and original M1 sources (0.136083ms)
✔ new standard evidence explains price, old blocker and independent special lifecycle (11.030291ms)
✔ new gates include counts, boundary and dates without undefined placeholder (0.320208ms)
✔ legacy comparisons retain old detected confirmed and invalidated dates (0.172375ms)
✔ initial schema and refreshed catalog preserve supplied parameters; strategy change alone resets (3.579708ms)
✔ late catalog defaults are suspended until route validation and then fill only missing fields (0.658125ms)
✔ structure dates remove midnight noise without changing intraday precision (1.502125ms)
✔ centre evidence distinguishes fixed core, outer range and candidate expansion (0.76825ms)
✔ segment evidence includes source prices and reverse proof with one-based labels (0.185667ms)
✔ missing legacy evidence does not invent confirmation (0.112625ms)
✔ special inclusion explains boundary exception without labelling it an ordinary fractal (0.068583ms)
✔ centre relation history distinguishes current candidate from original separation (0.097709ms)
✔ confirmation replay translates raw indices without date matching (0.072291ms)
✔ unknown, invalid or out-of-snapshot confirmations have no replay target (0.087209ms)
✔ connection badge validates shared time, price and alternating direction (0.107625ms)
✔ reverse preview uses observed extreme, not last close or a future target (0.947042ms)
✔ mirrored lows produce an upward reference (0.103625ms)
✔ no invented reference for missing, ambiguous, extending, or invalid inputs (0.100125ms)
✔ replay prefix cannot use a later extreme; ties retain first occurrence (0.091042ms)
✔ ongoing consolidation differs by color, line pattern, and fill (0.102333ms)
✔ actual component captures every selected period and failure; automatic work stays system-origin (58.413708ms)
✔ all collection failures are exportable reports, never empty success or recomputable invented bars (24.510083ms)
✔ missing response rows are retained as explicit errors; unexpected rows or cutoff cannot enter a saved result (38.815125ms)
✔ late study response cannot be saved after account (16.743375ms)
✔ late study response cannot be saved after input (21.564625ms)
✔ late study response cannot be saved after unmount (7.992834ms)
✔ invalid collection coverage cannot silently omit a period during import (3.35475ms)
✔ actual study freezes independent radar lineage, preserves it through import and recompute, and refuses foreign source (18.603125ms)
✔ task stores detached actual inputs, user submission and system polling (2.798292ms)
✔ invalidated submit resolve cannot revive result/error/spinner (1.852125ms)
✔ invalidated submit reject cannot revive result/error/spinner (4.046875ms)
✔ invalidated poll resolve cannot revive result/error/spinner (187.07975ms)
✔ invalidated poll reject cannot revive result/error/spinner (115.625666ms)
✔ earlier request completion cannot stop a newer task or replace its context (27.055583ms)
✔ owner change stops polling and cannot attribute prior account result to the new account (75.596625ms)
✔ failed remains failure, never successful completion (18.190791ms)
✔ cancelled remains failure, never successful completion (0.5815ms)
✔ timed_out remains failure, never successful completion (0.42125ms)
✔ cancelling is not completed; wrong ID, malformed result and unknown status fail closed (28.127208ms)
✔ deadline aborts polling and explicitly says the server may still be running (116.106ms)
✔ task API sends captured owner and abort signal; old callers remain compatible (710.346166ms)
✔ progress is bounded, readable work units rather than inferred total percent (1.101625ms)
✔ factor result review freezes complete task data without lookup or recomputation (175.140125ms)
✔ completed phase never publishes result while task is still running (18.387167ms)
✔ untrusted progress cannot be used to publish an apparently completed task (0.415709ms)
✔ historical review uses owner-bound read-only fetch and account invalidation (3.116125ms)
✔ task list rejects malformed responses instead of replacing records with undefined (664.612875ms)
✔ cancelling is not terminal and elapsed values remain readable (13.000583ms)
✔ runBacktestWithPolling waits through cancelling and returns cancelled (83.181833ms)
✔ runBacktestWithPolling waits through cancelling and returns timed_out (23.051584ms)
✔ runSignalScanWithPolling waits through cancelling and returns cancelled (16.260792ms)
✔ runSignalScanWithPolling waits through cancelling and returns timed_out (1.705875ms)
✔ cancel API uses POST, and partial cancelled scan results are never accepted (4.178083ms)
✔ persistent recovery and version mismatch are distinct from completion (9.887708ms)
✔ terminal task deletion handles empty 204 and encodes identity (0.449584ms)
✔ checkpoint presence is not confused with verified reuse or task completion (0.722125ms)
✔ cached completed submission is retrieved rather than shown as running (0.632959ms)
✔ network failures are localized across WebKit, Chromium and Firefox (5.308042ms)
✔ tracking identity separates asset types, exchanges and board catalogues (114.917291ms)
✔ cloud book validates without silently dropping corrupt groups or duplicate entries (325.846ms)
✔ expansion preserves every member and all board/direct sources, not a 200-row display page (72.434833ms)
✔ membership failure is explicit and malformed partial membership is never accepted (2.0515ms)
✔ batch runs sequentially, keeps partial errors and continues after a failed target (44.519208ms)
✔ cancellation marks in-flight and unstarted rows, ignoring a late success (1.376458ms)
✔ group breadth counts only available periods, never treats failed targets as neutral evidence (1.338583ms)
✔ exact current revision accepts only its own evidence without mutation (5.819916ms)
✔ old partition, stale version, future evidence and false completion are rejected (0.327041ms)
✔ historical audit cannot import a later opposite segment (0.08975ms)
✔ empty partitions and higher-proof priority retain explicit blockers (0.073833ms)
✔ new blockers use Chinese labels without calling prerequisites completion (0.356292ms)
✔ missing comparison interval is explained in Chinese without inventing a date (0.769375ms)
✔ special diagnostics identify each A indicator witness rather than the price witness (0.22525ms)
✔ nonstandard DEA axis gate remains explicit without an improvement requirement (0.421708ms)
✔ DEA tolerance discloses research threshold, precise deviation and near-zero fallback (1.869083ms)
✔ wave evidence separates effective A from original wave and local pivots (0.506125ms)
✔ rounded equal line extrema disclose the precise failed values and witness times (0.491375ms)
✔ comparisons are explicitly research only and preserve B/C axis checks (0.403291ms)
✔ unformed candidate shows Chinese gates, two-decimal values and rejection dates (1.36175ms)
✔ new nonstandard audit explicitly uses full A and first-formed reverse evidence explains gaps (0.150708ms)
ℹ tests 628
ℹ suites 0
ℹ pass 628
ℹ fail 0
ℹ cancelled 0
ℹ skipped 0
ℹ todo 0
ℹ duration_ms 19166.425042
→ 打包中…
→ 运行测试…
京东方评级: D 分数: 34.3
维度明细: 卡玛比率=22.7, 最大回撤=27.5, 胜率=33.5, 利润因子=34.1, 夏普比率=41.5, 波动率=50.1
否决: 利润因子 1.11 接近 1，仅勉强盈亏平衡
长线优质策略评级: B 分数: 64.5
维度权重: 卡玛比率=28%, 最大回撤=26%, 胜率=0%, 利润因子=0%, 夏普比率=23%, 波动率=23%
优质案例评级: A 分数: 83.9
寻优点评级: A 74
组合重算指标: { '年化': '20.83%', '回撤': '0.80%', '夏普': '5.27', '卡玛': '26.03' }
稳定上涨组合评级: S 91.8
波动组合重算: { '回撤': '44.15%', '夏普': '-2.64', '持续': 60 }
波动组合评级: D 18.5
✔ 新版组合评级使用后端采样，不按图表柱数重新日线年化 (2.709167ms)
✔ 必要风险指标缺失不能展示为零风险或正常评级 (0.248334ms)
✔ 无穷比率不等于满分，真实零利润因子仍按亏损判断 (0.1445ms)
✔ 京东方回测必须评为 D 档（用户核心诉求验证点） (2.287833ms)
✔ 京东方评分应在 30-43 区间（C 与 D 的边界） (0.1515ms)
✔ 低利润因子触发系统亏损否决 (0.091833ms)
✔ 样本不足（< 10 笔交易）降权但不否决整个评级 (0.155333ms)
✔ 用户实测场景：6年6笔交易 + 高夏普 → 应得 A/B（核心回归测试） (0.18425ms)
✔ 深回撤 > 60% 触发直接 D 否决 (0.106708ms)
✔ 优质回测应得 A 或 S 档 (0.1425ms)
✔ 高回撤但收益高 → 最高 B（一票否决 cap） (0.082458ms)
✔ 插值函数：边界值取端点分数 (0.061875ms)
✔ 插值函数：中间值线性插值 (0.04525ms)
✔ 寻优评级：4 维度降级版 (0.090417ms)
✔ 寻优评级：网格点交易太少 → 降权但评级照常 (0.060292ms)
✔ 组合评级：稳定上涨净值应得 A 或 S (2.882333ms)
✔ 组合评级：高波动深回撤净值 → 低档 (1.356917ms)
✔ combinedMetrics：单点净值返回全 0（兜底） (0.099459ms)
✔ 历史组合仅保留原值，不从曲线推断日线或重算评级 (1.550375ms)
✔ v1-v4、未知版本及不完整依据不伪装为新版结果 (0.758333ms)
✔ 新版结果使用已记录指标，真实 999 和零不被当作历史哨兵 (0.431708ms)
✔ 指标状态缺失或与数值冲突不能产出评级，包括被降权维度 (0.195833ms)
✔ 低交易样本的真实不可用逐笔指标仍可降权，不误拦截可用净值评级 (0.102ms)
✔ 寻优逐行核验新版采样与候选状态，输入范围不替代候选证据 (1.042958ms)
✔ 完整快照保留精度、真实 0/999、全部指标及版本且不关联可变输入 (0.316792ms)
✔ 策略保存接受真实 Vue 响应式结果，不因 Proxy 无法 structuredClone 而失败 (0.776708ms)
✔ 再次保存历史指标不补造新版计算或评级依据 (0.098125ms)
✔ 对比展示原值并指出版本、周期、范围与利率差异，不自动重算 (0.328875ms)
ℹ tests 28
ℹ suites 0
ℹ pass 28
ℹ fail 0
ℹ cancelled 0
ℹ skipped 0
ℹ todo 0
ℹ duration_ms 139.741375
