
> web-ui@0.0.0 test
> node scripts/run-tests.mjs

✔ tracking is restricted to active administrators and explicitly authorized users (5.996208ms)
✔ presence requires visible focused recent interaction and never negative elapsed time (0.418042ms)
✔ admin query descriptions label metadata and disclose truncated targets (0.222542ms)
✔ all current chart inspector evidence stays readable without altering original nested data (11.339833ms)
✔ reject malformed fields reachable from overlays, popovers and every inspector section with exact paths (18.453167ms)
✔ optional old fields and empty failure checkpoints remain readable, no missing-state invention (0.130458ms)
✔ archive calendar validation rejects normalized impossible dates and illegal clock/offset values (21.7365ms)
✔ bar validation compares actual instants, retains raw strings, rejects equal instants and malformed volume (11.392958ms)
✔ existing frozen matrix bar sources remain readable without mutation (31.3625ms)
✔ event lists and evidence-set reordering never imply new or changed signals; originals remain intact (81.414208ms)
✔ state, lifecycle times and unrounded evidence are classified separately on the same identity (17.35975ms)
✔ same date across families and sides remains independent; true event additions/removals are distinct (1.279209ms)
✔ duplicate identities preserve all records and are never paired arbitrarily (2.088625ms)
✔ missing identity does not cause false removals or additions in its collection (6.982875ms)
✔ missing source/list is unknown, not empty or proof of no events (1.116667ms)
✔ never-candidate diagnostics match without A or reference, including special B-only records (1.102375ms)
✔ A trimming changes evidence not identity; original wave anchors and reference changes distinguish bases (3.87475ms)
✔ date normalization preserves intraday, microsecond and timezone distinctions (8.11175ms)
✔ source differences and unknown fields/ordered evidence are retained (1.679084ms)
✔ different instruments, periods or study results are not matched (0.299209ms)
✔ structure divergences are supported without inventing MACD wave anchors (2.087459ms)
✔ legacy local migration keeps original payload, precision, versions and unknown fields without upgrading (4.905041ms)
✔ cloud exports use latest metadata but retain the original immutable payload, not old cloud ID/revision (1.495083ms)
✔ study import preserves successful and failed periods plus original warmup and primary metadata (1.529958ms)
✔ unknown, incomplete, oversized and nonfinite backups are rejected, never uploaded as summaries (511.273917ms)
✔ all supported chart outputs preserve full precision, null warmups, style and instance order (11.737792ms)
✔ migration IDs survive rescanning/reload, preserve precision and isolate owners and changed content (17.8045ms)
✔ migration rejects missing owners, foreign archives and malformed inputs before upload (1.052291ms)
✔ post-inspection changes never upload under a previously confirmed identity (2.028334ms)
✔ lost response retries the same immutable body and id, without automatic retry or local deletion (1.5115ms)
✔ stop or account changes before/after read and upload discard stale results (1.266916ms)
✔ deleted cloud copies are not restored, purged copies and wrong response IDs are not treated as success (7.08575ms)
✔ chart plan freezes original data and uses original identity/window, not current selection (2.890375ms)
✔ missing volume/time/parameters and unsupported length never silently become a smaller/default study (21.730125ms)
✔ study plan preserves actual research settings and saved time labels (0.546042ms)
✔ unrounded path diff distinguishes null, missing, structure, empty arrays, and ordering (0.286417ms)
✔ response must match request, instrument, version, scope and period identities (1.713959ms)
✔ new archive retains original bars/lineage but never relabels frozen old indicators as recomputed (0.512708ms)
✔ study without saved input retains an explicit uncomputed row, never pretends all periods succeeded (0.246042ms)
✔ complete indicator recompute preserves saved settings, checks response and saves only new values (1.516208ms)
✔ missing or unknown saved indicator parameters cannot borrow current defaults (1.001792ms)
✔ original valid study rows retain precision, unknown fields, true zero and no recomputation (4.334542ms)
✔ invalid nested fields become explicit per-period errors, not silently missing rows (1.736208ms)
✔ strict pen fields reject coercion and preserve historical source errors without reading their invalid nested fields (1.818875ms)
✔ duplicates are not cherry-picked and malformed or future rows remain in original-record entries (0.458333ms)
✔ full backtest file and cloud envelope retain all fields; no implicit Chanlun recompute (164.586542ms)
✔ invalid cash cannot become a readable archive (4.914ms)
✔ invalid params cannot become a readable archive (0.324041ms)
✔ invalid adjust cannot become a readable archive (0.275667ms)
✔ invalid null lineage cannot become a readable archive (4.966834ms)
✔ invalid net value cannot become a readable archive (0.333792ms)
✔ invalid future trade cannot become a readable archive (0.257708ms)
✔ invalid duplicate date cannot become a readable archive (0.248ms)
✔ invalid missing metrics cannot become a readable archive (0.215833ms)
✔ invalid nested infinity cannot become a readable archive (0.349458ms)
✔ invalid coerced rejected cannot become a readable archive (0.268166ms)
✔ actual store freezes submitted input and result separately from later source mutation (715.737625ms)
✔ actual store rejects stale or failed owner run and clears prior archive (107.125166ms)
✔ actual store rejects stale or failed input run and clears prior archive (33.471833ms)
✔ actual store rejects stale or failed clear run and clears prior archive (97.798083ms)
✔ actual store rejects stale or failed failure run and clears prior archive (11.915416ms)
✔ trade lookup keeps the exact minute across separators, precision and days (0.678708ms)
✔ date-only values cannot choose the midnight bar of an ambiguous day (0.082958ms)
✔ daily and duplicate exact timestamps keep first positional matches (0.074166ms)
✔ nanoseconds and timezone text are not truncated into a false match (0.085416ms)
✔ date labels preserve useful precision without local timezone conversion (0.084959ms)
✔ higher sources resolve actual records and separate original from current review time (1.430333ms)
✔ base sources and foreign witness rejection have distinct Chinese descriptions (0.103583ms)
✔ inconsistent candidate has no replay evidence: unknown reason (0.0815ms)
✔ inconsistent candidate has no replay evidence: prototype key (0.068167ms)
✔ inconsistent candidate has no replay evidence: future version (0.058709ms)
✔ inconsistent candidate has no replay evidence: future completion (0.834833ms)
✔ inconsistent candidate has no replay evidence: missing time (0.921ms)
✔ inconsistent candidate has no replay evidence: empty source (0.071125ms)
✔ inconsistent candidate has no replay evidence: duplicate source (10.671333ms)
✔ inconsistent candidate has no replay evidence: unknown source (0.210625ms)
✔ inconsistent candidate has no replay evidence: mixed levels (0.07325ms)
✔ inconsistent candidate has no replay evidence: future child (0.059834ms)
✔ inconsistent candidate has no replay evidence: wrong child level (0.047417ms)
✔ inconsistent candidate has no replay evidence: duplicate record (0.042166ms)
✔ inconsistent candidate has no replay evidence: empty record range (0.044875ms)
✔ inconsistent candidate has no replay evidence: gap (0.045583ms)
✔ inconsistent candidate has no replay evidence: wrong parent range (0.034208ms)
✔ inconsistent candidate has no replay evidence: reversed sources (0.038042ms)
✔ inconsistent candidate has no replay evidence: unsafe base number (0.043083ms)
✔ 80 percent transparency is 20 percent alpha, for both candle directions (0.468459ms)
✔ transparency stays finite, integer, and bounded (0.086875ms)
✔ body is symmetric around the unchanged wick across widths and fractional positions (1.462583ms)
✔ horizontal candles preserve every price coordinate (0.105416ms)
✔ missing or non-finite candle layouts are left untouched (0.112084ms)
✔ native ECharts layout remains centred after resize, zoom and data replacement (608.976959ms)
✔ zooming out of large-data line mode restores centred candle bodies (423.447917ms)
✔ structure widths retain existing defaults and hover appearance (0.800208ms)
✔ manual values stay finite, bounded, and at two decimal places (0.139083ms)
✔ raw index overrides rounded dates, including zero (6.304ms)
✔ legacy intraday dates never fall back to the first bar of the day (0.240917ms)
✔ duplicate formatted times fail safely without a raw index (0.10275ms)
✔ padding keeps the 23px marker plus radius inside the price pane (0.136875ms)
✔ flat, zero and negative ranges get finite padding; invalid extents do not (0.113375ms)
✔ single-bar time link is a thin line limited to each actual plot (1.428125ms)
✔ multi-bar time link has no border and clips to plot, never clamps offscreen data to an edge (0.098042ms)
✔ time links map daily coverage to all minute bars, not a matching ordinal (0.660792ms)
✔ weekly and monthly end-labelled bars cover earlier constituent dates without changing data (1.352ms)
✔ nearest marker wins regardless of signal family, only co-located points share chooser (0.231375ms)
✔ immutable request cache deduplicates pending work, isolates payload keys and retries errors (0.342959ms)
✔ all six structural types keep extrema and confirmation separate with original evidence (12.131834ms)
✔ legacy records do not invent confirmation or structural sources (7.027083ms)
✔ M1 keeps independent MACD source and original direction, never a structural type (0.90425ms)
✔ all chart layers override independent animation and progressive rendering (0.855792ms)
✔ archive tooltip labels and evidence remain text, not active HTML (1.494334ms)
✔ rejects invalid saved zooms (0.759416ms)
✔ same-snapshot redraw keeps current manually chosen view (0.104834ms)
✔ focus redraw keeps manual zoom; clearing restores pre-focus view (0.078083ms)
✔ switching focus preserves the original return view (0.070791ms)
✔ new snapshot resets saved focus view and never revives old zoom (0.066167ms)
✔ default inactive; moving does not show cards and leaving does not deactivate (1.831ms)
✔ object previews can read date-card activation without activating it (0.51025ms)
✔ click selects a point; outside click closes; inside click is not dismissed (0.389334ms)
✔ activated cards follow movement until outside dismissal, then require another click (0.262084ms)
✔ zoom clears stale coordinates but preserves activation (0.153833ms)
✔ data reset and Escape deactivate; teardown removes all handlers (0.151542ms)
✔ archive requests bind current owner and bypass browser cache (32.8065ms)
✔ cloud directory validates all rows, quotas and identities without dropping broken entries (7.220666ms)
✔ original detail requires an object payload but action receipts may omit it (0.387333ms)
✔ account change discards delayed success and delayed errors (0.272709ms)
✔ unauthenticated archive requests do not reach server; structured conflicts remain actionable (0.189541ms)
✔ upload retries retain immutable captured body and all numerical precision (0.174333ms)
✔ directed centre chain is candidate evidence, not completion (1.9155ms)
✔ touching, opposing, future, overlapping or malformed chains fail closed (0.600708ms)
✔ single-centre and legacy components remain readable (0.180541ms)
✔ inside, border, reversed y and overlapping rectangles resolve newest first (2.44525ms)
✔ invalid or missing render coordinates cannot create hits (0.13675ms)
✔ popup stays within narrow viewport and near-edge right click (0.186958ms)
✔ roles are Chinese and unknown roles never claim completion (0.457375ms)
✔ source ranges keep one-based indices without disguising gaps (0.10725ms)
✔ coverage checks counts, repeats and missing IDs (0.225084ms)
✔ missing, empty and rejected suffix are explicit (0.080333ms)
✔ invalid counts and empty blocks cannot pass the coverage audit (0.089416ms)
✔ uses raw indices, allows shared endpoints and bounds zoom padding (1.722209ms)
✔ does not invent a B interval or infer indices from formatted dates (0.937708ms)
✔ rejects partial, reversed, overlapping and out-of-snapshot evidence (0.77ms)
✔ allows inspection of historical failed evidence without reviving it (0.299709ms)
✔ local proof draws frozen exact endpoints only after its actual confirmation (0.470583ms)
✔ dual-line divergence uses two exact raw indices, never artificial ABC ranges (0.150333ms)
✔ dual-line focus rejects missing, duplicate, reversed and out-of-range points (0.284209ms)
✔ special wave focus uses AB and its extreme without inventing C (0.324083ms)
✔ direction, family and lifecycle have independent marker styles (5.949958ms)
✔ no-C dual-line remains a circle and fills only on first reverse-pen confirmation (8.019041ms)
✔ M1 is restricted to confirmed waves with a later actual confirmation (0.220542ms)
✔ four families retain independent records and nonstandard uses a triangle (0.20875ms)
✔ October 4 marker matrix uses shape for family and colour only for direction (0.128333ms)
✔ special AB evidence separates A line extrema from both price anchors and legacy pivots (0.132958ms)
✔ history is opt-in, inactive stays grey hollow, never creates M1 (0.119333ms)
✔ every historical shape uses a continuous hollow contour, including on hover (0.130208ms)
✔ new nonstandard evidence relaxes prices only and records each subtype (0.110208ms)
✔ new dual rule cannot fill without recorded later local confirmation (0.099417ms)
✔ historical engineering match retains original timing without claiming regrouping completion (0.915958ms)
✔ future, stale, mismatched or incomplete evidence fails closed (0.293958ms)
✔ older snapshots and unmatched parts keep existing natural audit available (0.063417ms)
✔ engineering provenance uses the same one-based numbering as other inspectors (0.569292ms)
✔ mixed recursion distinguishes consolidation and trend from the old trend view (0.12975ms)
✔ unknown or reversed provenance is not presented as a completed trend (0.067458ms)
✔ indicator and price values use two decimals without inventing missing evidence (0.075125ms)
✔ recursive centre relations never call extension candidates completed types (0.389209ms)
✔ admissions distinguish unit confirmation from later failed-return admission (0.102834ms)
✔ display fields retain all text including dates, provenance, and secondary colons (0.771625ms)
✔ narrative, missing evidence, and timestamp headings remain whole (0.094291ms)
✔ selects the exact source without replacing missing comparison periods with the primary (0.414292ms)
✔ prefix audit preserves original warmup snapshot and its own instrument and period (0.411167ms)
✔ rejects invalid positions, missing identity and explicitly unclosed prefix data (4.249417ms)
✔ optimization carries full execution and identity without live defaults (3.216375ms)
✔ malformed, mixed, missing or conflicting optimization context never silently defaults (1.480042ms)
✔ multi original replay preserves costs, slots and adjustment; extend changes only end dates (0.43575ms)
✔ multi rejects corrupt and incompatible slots without dropping or repairing any (0.335708ms)
✔ legacy missing settings are disclosed with deterministic defaults, explicit invalid values rejected (0.148792ms)
✔ combining equal-account singles preserves per-slot cash and costs; conflicts rejected not rewritten (0.354917ms)
✔ all candidate states distinguish eligibility from completed natural types (1.4875ms)
✔ opposite geometry identifies reused next-part evidence, including nonzero source IDs (0.565792ms)
✔ external opposite geometry is not added to candidate membership (0.098875ms)
✔ missing, stale, misattributed or future opposite geometry is not displayed as matched (0.135458ms)
✔ preferred endpoints are never called completed types; conflicts are retained (0.077292ms)
✔ opposite base turn is not same-level completion (0.098583ms)
✔ price formatting preserves zero and boundary contact, guards non-finite values (0.110042ms)
✔ candidate audit joins by identity, not response order (0.082708ms)
✔ part audit must match ordinal AND exact raw source IDs, including shifted IDs (0.143708ms)
✔ locates the three raw ranges without relabelling them as MACD or confirmed centres (2.158916ms)
✔ candidate must already be observable at the CURRENT replay prefix (0.674666ms)
✔ no incomplete, waiting or unsupported candidate is given a fabricated range (0.269125ms)
✔ raw bar boundaries must be contiguous and inside the visible window (0.264625ms)
✔ source partitions must cover every original segment once, preserving nonzero IDs (0.132208ms)
✔ conflicting geometric fallback remains viewable for manual audit (0.07875ms)
✔ clearing a regrouping focus restores original zoom; a new replay snapshot does not (1.120625ms)
✔ membership labels distinguish source confirmation from later admission (0.484167ms)
✔ admission witness distinguishes confirmation dependency from geometric membership (0.090291ms)
✔ old or malformed evidence never invents an admission witness (0.07475ms)
✔ real frozen result archives preserve every input, missing tag, precision and failed factor (14.6815ms)
✔ factor cloud envelope imports as independent copy without original identity (4.753375ms)
✔ partial or incompatible archives fail explicitly, not repaired from the current catalog (1112.134625ms)
✔ read-only renderer has no execution or market API imports; explicit replay is separate (3.925875ms)
✔ same-account profile refresh preserves replay state; identity changes invalidate synchronously (1.990875ms)
✔ library navigation and Chinese/identifier/family search preserve full matching set (0.545667ms)
✔ availability is evaluated by adjustment and period without mutating selections (0.45925ms)
✔ correlation uses its mathematical range; raw factors keep their own scale (1.671625ms)
✔ tiny values remain visible and tooltip raw precision is not rounded (0.329666ms)
✔ percentage is presentation only, gaps and source values are preserved (0.991416ms)
✔ horizon selection is bounded, canonical and never silently amended (1.415917ms)
✔ horizon view uses frozen results without changing configuration or primary report (12.485459ms)
✔ all horizons survive draft/export/import and old single archives still read (90.401292ms)
✔ missing windows, wrong labels and disagreement with primary reports fail closed (42.479167ms)
✔ request selection invalidates immediately; display-only switching does not (3.851792ms)
✔ multiple horizons dispatch one explicitly manual request with complete selection (178.241583ms)
✔ parameter selection copies only active settings without mutating cached settings (0.795167ms)
✔ builtin decimal multiplier, ordering, effective identity and actual labels (1.812375ms)
✔ reset only one parameter, retain other overrides without mutating input (0.153916ms)
✔ history warning uses full effective warmup, not all parameters as rolling windows (0.219292ms)
✔ names and validation use actual windows; equivalent formula choices rejected (0.193791ms)
✔ recompute task request binds owner, source revision and manual intent; polling stays automatic (35.157833ms)
✔ history retains the complete recompute envelope, not just numerical results (217.104375ms)
✔ replay uses shared task invalidation and archive saving preserves replay metadata (5.095375ms)
✔ statistics version is frozen provenance, never inferred as the current version (0.611416ms)
✔ factor glossary accepts standard abbreviations with spaces or underscores (0.159334ms)
✔ factor missing values never become valid zero (0.105792ms)
✔ factor ranking is stable, non-mutating and missing-last in both directions (24.929833ms)
✔ small factor values do not round to fake zeros; raw precision keeps original number (0.110334ms)
✔ compatibility aliases are only shown for exact legacy lookup or active selection (0.1065ms)
✔ series automatic initialization is system intent, only deliberate task submission is a query (58.196167ms)
✔ saved series task reopens as series without lookup, all diagnostics and original inputs survive (78.520459ms)
✔ cleared series execution cannot publish an old stock result (0.221084ms)
✔ live series and history use shared tasks, invalidate on input/account/route and never treat as trading backtest (0.937167ms)
✔ late catalog never submits after unmount, input/account/tab changes, or manual run (0.272625ms)
✔ failed catalog does not silently start default research or publish after leaving (0.140291ms)
✔ favorite IDs are bounded, deduplicated and malformed saved preferences never get overwritten (2.482208ms)
✔ favorites use acknowledgment and only patch their own key; same-session writes serialize (0.492333ms)
✔ failed favorite updates do not pretend success and can retry (0.268709ms)
✔ other preference acknowledgment exposing pending patch cannot fake a saved favorite (0.285583ms)
✔ owner switch clears state immediately and old failure cannot affect new save (0.335959ms)
✔ series compare shares all x axes but preserves independent raw values, scales, gaps and tooltip precision (10.909541ms)
✔ future appending leaves prior plotted values unchanged, missing is never replaced by zero (0.201125ms)
✔ multi-factor comparison is reused in live and read-only views, favorites do not change research settings (14.12975ms)
✔ factor submission marks only explicit dispatch, preserves owner/signal, polling/cancel stay automatic (43.571459ms)
✔ cancel acknowledged during pending poll cannot regress UI or publish partial result (13.144167ms)
✔ late cancellation cannot revive cleared or changed-account task UI (0.998792ms)
✔ unconfirmed cancellation keeps polling; successful task remains recoverable (0.992166ms)
✔ factor panel uses shared execution and distinguishes cancel from detach (1.129792ms)
✔ time modes construct explicit configs without random dates or implied training (2.107917ms)
✔ invalid dates, hidden shrinkage and numeric coercion are rejected (0.450167ms)
✔ full frozen time results survive import, draft and readonly validation unchanged (8.986208ms)
✔ missing, mismatched and nonfinite temporal archive results fail explicitly (7.6295ms)
✔ changes invalidate synchronously; same-account profile refresh does not change split (2.03225ms)
✔ menus stay inside phone, keyboard and landscape viewports (0.908416ms)
✔ near-bottom controls open upwards without changing ordinary desktop width (0.313167ms)
✔ warmup null, missing and invalid indicator values never become invented zeroes (0.894333ms)
✔ freeze all supported indicator outputs, warmup holes, volume averages and exact numerical precision (47.241167ms)
✔ frozen playback keeps captured values despite different current prices and never queries APIs (0.750917ms)
✔ malformed or mismatched frozen values fail closed, never fall back to recomputation (0.61775ms)
✔ marker hit uses signed stacking offset for both directions, not candle position (0.462792ms)
✔ symbol size and invalid render positions are handled safely (0.085291ms)
✔ market tab changes discard old success and cannot stop the new spinner (342.529083ms)
✔ market late failure after filter cannot resurrect an error (26.648ms)
✔ market late failure after owner cannot resurrect an error (34.4985ms)
✔ market late failure after unmount cannot resurrect an error (264.529833ms)
✔ directory count failure preserves valid rows; late totals cannot cross markets (92.300958ms)
✔ board selection clears old details and ignores slower preceding member responses (90.528791ms)
✔ board list filter changes invalidate pending member requests and prevent old auto-selection (51.113583ms)
✔ default board preload remains system-origin after manual list refresh (81.986209ms)
✔ belonging response after stock cannot change results or stock history (63.565459ms)
✔ belonging response after owner cannot change results or stock history (102.3925ms)
✔ belonging response after unmount cannot change results or stock history (66.262667ms)
✔ current belonging success records captured stock; concurrent member failure has separate feedback (19.1195ms)
✔ market selection uses loaded market, clears on filters, and distinguishes shared stock/index codes (46.577333ms)
✔ board analysis uses result classification; members require their own market (34.430792ms)
✔ aborted late response cannot publish metadata even if transport ignores abort (12.081875ms)
✔ missing provenance or silently changed adjustment never reaches research (0.151041ms)
✔ reported gaps do not falsely label suspension or prevent inspecting valid candles (0.807708ms)
✔ history fetch consumes one verified range and publishes complete metadata only after validation (0.556208ms)
✔ unclosed response never updates provenance or reaches the backtest (0.233792ms)
✔ null, true zero, infinities and real 999 are distinct after JSON roundtrip (0.437416ms)
✔ single, saved and comparison results retain authoritative metric basis (0.425041ms)
✔ whole proof validated without mutation, and cross-role ownership remains visible (0.97725ms)
✔ stale, future, duplicated, incomplete, falsely completed and mismatched sources rejected (0.291417ms)
✔ base runs cannot masquerade as proofs or own multiple provisional regions (0.0755ms)
✔ blocked covers show full conflicts, never fabricated flattened blocks (0.093291ms)
✔ labels retain provisional scope (0.064625ms)
✔ all seven MA presets are available but only MA5 and MA10 start visible (0.758417ms)
✔ each chart session gets independent editable settings without changing presets (0.077834ms)
✔ MA presets retain the requested yellow, white, purple, green, cyan, orange, red palette (0.09ms)
✔ legend retains every MA choice and explicit hidden states override stale chart selection (0.10325ms)
✔ cross-boundary details resolve actual input and nested ownership records (1.276417ms)
✔ unowned reverse evidence stays explicitly unowned for boundary rejection (0.10575ms)
✔ foreign witness can be shown for an otherwise single-owner candidate (0.098334ms)
✔ legacy candidates do not invent missing conflict details (0.097791ms)
✔ damaged detail is not presented: mismatched candidate sources (0.079167ms)
✔ damaged detail is not presented: wrong layer (0.065584ms)
✔ damaged detail is not presented: unknown reverse input (0.663292ms)
✔ damaged detail is not presented: wrong reverse range (0.085ms)
✔ damaged detail is not presented: reverse overlaps prices (0.076458ms)
✔ damaged detail is not presented: future reverse confirmation (0.115542ms)
✔ damaged detail is not presented: wrong reverse time (0.065416ms)
✔ damaged detail is not presented: incomplete domain list (0.068625ms)
✔ damaged detail is not presented: duplicate domains (0.051125ms)
✔ damaged detail is not presented: noncontinuous domain (0.043833ms)
✔ damaged detail is not presented: foreign domain misses witness (0.048833ms)
✔ damaged detail is not presented: false unowned witness (0.048875ms)
✔ damaged detail is not presented: missing nested record (0.053583ms)
✔ damaged detail is not presented: wrong reason (0.056958ms)
✔ only current owner revisions form the displayed ownership set (0.77025ms)
✔ internal provenance remains distinct and validates enclosing ownership (0.83025ms)
✔ parent-covered history is not labeled as an additional effective input (0.214ms)
✔ nested provenance validates containment and strictly increasing input levels (0.496208ms)
✔ current owner labels are distinct from creation IDs and tolerate old snapshots (0.14375ms)
✔ summary mode lists every historical address, not just current versions (0.716875ms)
✔ full and missing legacy snapshots stay readable without inventing history (0.161208ms)
✔ all four analysis paths explicitly request summary delivery without changing input (0.409958ms)
✔ complete lifecycle stays chronological, does not mutate input, and uses Chinese labels (1.263375ms)
✔ legacy or future history is not invented (0.12ms)
✔ dangling, reordered, duplicated, miscounted and conflicting histories fail closed (0.983209ms)
✔ equal counts cannot hide swapped source identities (0.070584ms)
✔ intermediate event boundaries must equal actual inherited and added sources (0.067292ms)
✔ input evidence must exist at the correct level and be available at admission (0.185542ms)
✔ invalid domain sources, membership and parent context fail closed (0.161541ms)
✔ leftward growth, shifted sources and newly filled merge gaps remain valid (0.14825ms)
✔ both periods exclude future and open candles while retaining original warm-up start (1.508417ms)
✔ snapshot observation time caps cutoff; bar start before cutoff is not enough (0.145458ms)
✔ no timeframe fallback or fabricated candles when historical minute range is unavailable (0.095083ms)
✔ index and board snapshots retain NONE adjustment, mismatch is rejected (0.651167ms)
✔ missing completion evidence, timezone timestamps and unordered bars fail explicitly (0.287459ms)
✔ week/month completion boundary comes from provider annotation, not day label (0.469166ms)
✔ matrix defaults to exactly the five requested periods in image order and six information columns (1.41075ms)
✔ does not turn current reversal observation into a confirmed opposite pen (0.209292ms)
✔ keeps true zero distinct from missing, and numerical display never overwrites original axis judgment (0.134ms)
✔ keeps divergence family, extrema and actual confirmation separate; never drops records (8.104541ms)
✔ missing pen and divergence are bounded claims; quality limitations stay visible (0.169458ms)
✔ portfolio: all original values survive import and cloud envelope; no Chanlun recompute (17.827583ms)
✔ portfolio: actual component fetches only explicitly, binds owner/request/result and freezes capture (28.346042ms)
✔ portfolio: late receipt discarded after owner (1.117833ms)
✔ portfolio: late receipt discarded after request (1.720667ms)
✔ portfolio: late receipt discarded after task (1.703625ms)
✔ portfolio: late receipt discarded after result (1.993416ms)
✔ portfolio: late receipt discarded after busy (1.36825ms)
✔ portfolio: late receipt discarded after unmount (0.804459ms)
✔ portfolio: invalid missing rejected (0.19525ms)
✔ portfolio: invalid allocation rejected (0.227708ms)
✔ portfolio: invalid metadata rejected (0.099042ms)
✔ portfolio: invalid date rejected (0.101333ms)
✔ portfolio: invalid precision rejected (0.183125ms)
✔ portfolio: invalid curve rejected (0.1525ms)
✔ portfolio: invalid request rejected (0.088791ms)
✔ portfolio: invalid trade rejected (0.113708ms)
✔ portfolio: unavailable or different task never falls back to fetching data (2.329625ms)
✔ multi_strategy: all original values survive import and cloud envelope; no Chanlun recompute (0.944666ms)
✔ multi_strategy: actual component fetches only explicitly, binds owner/request/result and freezes capture (1.979417ms)
✔ multi_strategy: late receipt discarded after owner (0.8055ms)
✔ multi_strategy: late receipt discarded after request (0.767791ms)
✔ multi_strategy: late receipt discarded after task (1.512542ms)
✔ multi_strategy: late receipt discarded after result (1.264333ms)
✔ multi_strategy: late receipt discarded after busy (0.952084ms)
✔ multi_strategy: late receipt discarded after unmount (0.817542ms)
✔ multi_strategy: invalid missing rejected (0.163333ms)
✔ multi_strategy: invalid allocation rejected (0.232875ms)
✔ multi_strategy: invalid metadata rejected (0.097625ms)
✔ multi_strategy: invalid date rejected (0.121833ms)
✔ multi_strategy: invalid precision rejected (1.110125ms)
✔ multi_strategy: invalid curve rejected (0.705125ms)
✔ multi_strategy: invalid request rejected (0.278125ms)
✔ multi_strategy: invalid trade rejected (0.326917ms)
✔ multi_strategy: unavailable or different task never falls back to fetching data (4.384625ms)
✔ normalized server defaults may extend but not alter submitted parameters (0.235875ms)
✔ library original/extended multi replay uses saved costs despite global preference changes (456.078417ms)
✔ portfolio load -> actual store task lifecycle -> save uses identical context and all costs (197.072416ms)
✔ portfolio catalog-stage input is isolated before saved fetch (78.9425ms)
✔ portfolio catalog-stage params is isolated before saved fetch (77.428083ms)
✔ portfolio catalog-stage owner is isolated before saved fetch (22.671666ms)
✔ portfolio catalog-stage failure is isolated before saved fetch (63.218834ms)
✔ portfolio catalog-stage empty is isolated before saved fetch (41.531541ms)
✔ pending portfolio cannot survive input (17.480917ms)
✔ pending portfolio cannot survive owner (34.574458ms)
✔ pending portfolio cannot survive unmount (86.072584ms)
✔ store account epoch clears completed results in all four task families (15.621416ms)
✔ runPortfolio old account error is ignored even after switching back (40.11475ms)
✔ runMultiStrategy old account error is ignored even after switching back (47.058375ms)
✔ runOptimize old account error is ignored even after switching back (30.209083ms)
✔ runOptimizeAll old account error is ignored even after switching back (40.651542ms)
✔ optimizer takes an input snapshot before awaiting bars and hands off the result strategy/adjustment (28.811458ms)
✔ portfolio late save cannot close or annotate newly changed configuration (33.713708ms)
✔ library name lookup cannot mix later input or account into a save (141.56975ms)
✔ library saves a multi result with submitted adjustment, not the later global preference (33.67425ms)
✔ late library list cannot replace a newly created record and owner change clears all personal rows (33.843ms)
✔ portfolio identity rejects mixed markets, repeats and invalid lengths (0.534583ms)
✔ late preference response cannot revert a newer adjustment; queued patch is captured (377.611542ms)
✔ account switch drops old queue, permits new account immediately and ignores late response (34.309833ms)
✔ same-account logout/login does not accept response from prior session epoch (12.952541ms)
✔ failed saves reject caller, do not wedge queue or restore stale role permissions (18.209292ms)
✔ mismatched response owner and logged-out saves are rejected (75.205417ms)
✔ market preference watcher survives the first route unmount and follows owner changes (15.647ms)
✔ late name hydration cannot write across accounts; new owner hydrates independently (27.936958ms)
✔ sidebar hydration never writes, old-owner timers cancel, failures are handled (203.588459ms)
✔ forming candles preserve OHLC and use dashed empty outlines (1.141125ms)
✔ forming volume and signed MACD columns preserve values and direction (0.110792ms)
✔ query defaults to system, manual intent is synchronous and explicit (0.587542ms)
✔ direct bar snapshot fetch preserves explicit intent, including failed requests (28.888625ms)
✔ pending manual requests do not mark concurrent automatic work or async continuations (0.125625ms)
✔ API dispatch tags manual queries but excludes automatic name lookup and task polling (1.008ms)
✔ save keeps original full input separate from replay prefix, fully detached from live state (27.585958ms)
✔ same-bar opposite signals remain distinct; source survives JSON import without task or network (15.605292ms)
✔ recompute uses only saved chart prefix, keeps original scan signals and version unchanged (111.92325ms)
✔ reject wrong target before saving; never silently drop invalid lineage (0.499875ms)
✔ reject board target before saving; never silently drop invalid lineage (0.91675ms)
✔ reject wrong market before saving; never silently drop invalid lineage (0.372458ms)
✔ reject reference before saving; never silently drop invalid lineage (0.241ms)
✔ reject invalid date type before saving; never silently drop invalid lineage (0.178959ms)
✔ reject noncanonical cutoff before saving; never silently drop invalid lineage (0.3705ms)
✔ reject row summary before saving; never silently drop invalid lineage (0.44425ms)
✔ reject row last date before saving; never silently drop invalid lineage (0.398125ms)
✔ reject outside signal window before saving; never silently drop invalid lineage (0.544458ms)
✔ reject row source before saving; never silently drop invalid lineage (0.303375ms)
✔ reject row requested adjust before saving; never silently drop invalid lineage (0.239875ms)
✔ reject row quality before saving; never silently drop invalid lineage (0.707916ms)
✔ reject open candle before saving; never silently drop invalid lineage (0.688833ms)
✔ reject unsupported storage before saving; never silently drop invalid lineage (0.212291ms)
✔ legacy snapshot without original input still opens without invented source (0.225375ms)
✔ original task references round-trip and legacy references remain distinguishable (2.987166ms)
✔ cache receipt must be a real ID string, never coerced or inherited from another owner (0.992375ms)
✔ all frozen bars and precision survive; changed code is disclosed, not represented as old execution (1.369375ms)
✔ invalid original receipt task stops instead of substituting live data (0.158334ms)
✔ invalid original receipt row stops instead of substituting live data (0.077ms)
✔ invalid original receipt market stops instead of substituting live data (0.340875ms)
✔ invalid original receipt symbol stops instead of substituting live data (0.182834ms)
✔ invalid original receipt params stops instead of substituting live data (0.060458ms)
✔ invalid original receipt strategy stops instead of substituting live data (0.080208ms)
✔ invalid original receipt fingerprint stops instead of substituting live data (5.21975ms)
✔ invalid original receipt adjust stops instead of substituting live data (0.101208ms)
✔ invalid original receipt signal stops instead of substituting live data (0.091667ms)
✔ invalid original receipt malformed signals stops instead of substituting live data (0.055584ms)
✔ invalid original receipt row error stops instead of substituting live data (0.054167ms)
✔ invalid original receipt storage stops instead of substituting live data (0.049292ms)
✔ invalid original receipt version stops instead of substituting live data (0.242625ms)
✔ invalid original receipt missing bars stops instead of substituting live data (0.131625ms)
✔ invalid original receipt null bar stops instead of substituting live data (0.069791ms)
✔ invalid original receipt order stops instead of substituting live data (0.070958ms)
✔ invalid original receipt open bar stops instead of substituting live data (28.063833ms)
✔ invalid original receipt future stops instead of substituting live data (118.313084ms)
✔ invalid original receipt negative duration stops instead of substituting live data (0.150375ms)
✔ invalid original receipt missing cutoff stops instead of substituting live data (10.040333ms)
✔ invalid original receipt number string stops instead of substituting live data (0.157875ms)
✔ invalid original receipt NaN stops instead of substituting live data (0.07325ms)
✔ invalid original receipt bad low stops instead of substituting live data (99.413958ms)
✔ invalid original receipt negative volume stops instead of substituting live data (2.471125ms)
✔ API sends owner and abort signal with no-store; unavailable receipt never calls a live feed (40.068792ms)
✔ radar submits captured owner with manual intent, polls as system, and preserves old cache adjustment (96.090833ms)
✔ late submit after adjust cannot become a scan result or cache (21.468833ms)
✔ late submit after window cannot become a scan result or cache (21.3645ms)
✔ late submit after owner cannot become a scan result or cache (2.686958ms)
✔ late submit after roundtrip cannot become a scan result or cache (13.679708ms)
✔ late submit after unmount cannot become a scan result or cache (11.751041ms)
✔ late poll after adjust cannot become a scan result or cache (6.184625ms)
✔ late poll after window cannot become a scan result or cache (5.849667ms)
✔ late poll after owner cannot become a scan result or cache (1.13825ms)
✔ late poll after roundtrip cannot become a scan result or cache (8.939625ms)
✔ late poll after unmount cannot become a scan result or cache (2.317375ms)
✔ a failed new scan cannot re-display or replace old success; explicit retry is independent (4.298667ms)
✔ invalid result rows is never cached (17.817583ms)
✔ invalid result counts is never cached (2.276041ms)
✔ invalid result id is never cached (22.251708ms)
✔ storage denial preserves valid live results with an explicit notice (3.467042ms)
✔ actual picker loads the original complete warmup and stores actual dates, not form defaults (3.450083ms)
✔ failed original input does not fall back to newly fetched prices (0.831667ms)
✔ pending original input cannot commit after owner (55.001833ms)
✔ pending original input cannot commit after code (38.961333ms)
✔ pending original input cannot commit after unmount (14.60175ms)
✔ radar review captures row adjustment, exact minute, strategy and original cutoff (1.721583ms)
✔ invalid or legacy reviews fail explicitly without guessing data or adjustment (0.880958ms)
✔ exchange-local dates validate without browser timezone conversion (1.406709ms)
✔ review excludes future and unclosed bars, resets derived fingerprint and reports actual range without mutating source (0.749583ms)
✔ radar cache is owner scoped and malformed/legacy records never enter the UI (0.88875ms)
✔ late messages, close and errors from an old socket cannot affect replacement (0.870792ms)
✔ invalid messages and control responses never become ticks; close reason retained (0.271958ms)
✔ matching versions are selected by case identity without mutation (1.221083ms)
✔ future snapshots, wrong rules, incomplete chains and duplicate cases are rejected (0.229958ms)
✔ labels never confuse endpoint consistency or higher-centre proof with completion (0.142416ms)
✔ v2 keeps the detached prefix and v1 remains readable (0.313792ms)
✔ v3 supports trend search while retaining the same ownership guards (0.108917ms)
✔ missing, duplicated, misattributed or silently completed prefix is rejected (0.340583ms)
✔ reincorporation is recorded explicitly instead of erasing detached history (0.137042ms)
✔ accepts bounded history and empty verified batches (0.498792ms)
✔ rejects wrong batch, future indices, broken sources and contradictory state (0.22825ms)
✔ research labels distinguish absence, release, retained and internal (0.08025ms)
✔ late old responses cannot own a newer research request (0.462542ms)
✔ submission fields are captured values, not mutable form references (0.457125ms)
✔ navigation preserves explicit stock/index/fund/board identity and parameters without auto run (35.936625ms)
✔ ambiguous identity is rejected rather than guessed or numeric code padded (0.159167ms)
✔ query parser rejects incomplete, duplicate, incompatible and mixed-context values (7.844792ms)
✔ snapshot import keeps original data and normalizes optional display metadata (4.171416ms)
✔ reject invalid schema, periods, oversized arrays and impossible candle prices (1.027917ms)
✔ cloud archives retain larger frozen windows and all supported distinct periods (16.371666ms)
✔ import keeps valid frozen outputs and rejects mismatched frozen data instead of recomputing (2.026834ms)
✔ window is exchange local and bounded by the snapshot cutoff (0.524667ms)
✔ missing numbers and candidate status are never promoted (0.083791ms)
✔ amber projection resolves daily and minute labels, ignores open candle (0.276667ms)
✔ three workspaces are keyboard traversable without dropping an existing mode (1.489125ms)
✔ mobile comparison shows exactly the selected snapshot; desktop shows both (0.119ms)
✔ inactive research never starts automatic work, valid active research does (0.085375ms)
✔ saved single strategy restores market, period, adjustment and all execution costs exactly (38.492ms)
✔ missing legacy fields disclose supplied defaults instead of claiming complete restoration (1.781083ms)
✔ explicit contradictory market and unsupported instruments are not silently rewritten (1.194875ms)
✔ invalid present fields are errors, not fallback defaults (0.888833ms)
✔ saved links identify records only and cannot inject alternate execution context (0.448792ms)
✔ market entry preserves local dates and strategy, runs only on explicit request (6.981ms)
✔ boards entry preserves local dates and strategy, runs only on explicit request (1.303667ms)
✔ mixed market context blocks all loading and computation: savedStrategyId (3.015916ms)
✔ mixed market context blocks all loading and computation: optimizationContext (1.050375ms)
✔ mixed market context blocks all loading and computation: autoRun (0.942042ms)
✔ mixed market context blocks all loading and computation: unexpected (2.078042ms)
✔ slow catalog cannot overwrite input with a market entry (10.85625ms)
✔ slow catalog cannot overwrite owner with a market entry (2.500834ms)
✔ catalog-stage input cannot restore saved inputs or dispatch a task (18.649083ms)
✔ catalog-stage params cannot restore saved inputs or dispatch a task (5.279959ms)
✔ catalog-stage owner cannot restore saved inputs or dispatch a task (3.913375ms)
✔ catalog-stage failure cannot restore saved inputs or dispatch a task (1.892125ms)
✔ optimization context restores every execution field and malformed context blocks dispatch (3.856542ms)
✔ actual backtest view loads exact saved context without running, then saves the configuration used (3.016084ms)
✔ saving original radar warmup uses loaded input dates, not hidden form defaults (2.129833ms)
✔ late saved record cannot overwrite owner (7.660458ms)
✔ late saved record cannot overwrite route (1.720916ms)
✔ late saved record cannot overwrite input (4.098208ms)
✔ late saved record cannot overwrite unmount (5.96575ms)
✔ invalid saved context blocks run, while legacy missing fields disclose fallback (10.515ms)
✔ every execution input invalidates the old result before it can be saved (53.680167ms)
✔ editing a cost while bars are pending never runs the new form on the old request (1.151917ms)
✔ save completion after owner cannot write into a different page or account (1.0645ms)
✔ save completion after route cannot write into a different page or account (5.769125ms)
✔ save completion after unmount cannot write into a different page or account (8.639167ms)
✔ audit description translates permissions and never renders arbitrary detail fields (1.476ms)
✔ audit time is explicitly Shanghai time and invalid data remains readable (52.523125ms)
✔ audit API preserves bounded pagination/filter state and authenticated credentials (131.349916ms)
✔ distinguishes no candidate, failed current audit, and actual invalidation without promoting legacy state (1.0815ms)
✔ filters independent families and directions without merging special and local dual-line evidence (1.968125ms)
✔ searches lifecycle dates and failure reasons with all terms required, retaining original source objects (0.130583ms)
✔ searches diagnostic rejection history without silently reviving historical candidates (0.377833ms)
✔ all excludes bc false, preserves input order and records, and does not infer missing direction (0.135542ms)
✔ legacy diagnostic family is standard, and empty diagnostics do not invent rejection records (0.099167ms)
✔ structural points retain their own confirmation and evidence, never deriving them from a MACD source (0.285541ms)
✔ M1 uses exact existing gates and remains a separate view of its original standard event (0.194666ms)
✔ combined date query finds independent point, prompt and event records without deduplication or additive counts (0.109333ms)
✔ chart date matches structured lifecycle timestamps, not coincidental prose dates (0.250458ms)
✔ minute evidence uses exact exchange-local minute, accepting T/space and refusing missing time (0.618208ms)
✔ chart date includes diagnostic ABC and rejection coverage without inventing open or reversed intervals (2.737917ms)
✔ date scope combines with all filters for structural points and original M1 sources (0.19375ms)
✔ new standard evidence explains price, old blocker and independent special lifecycle (1.078833ms)
✔ new gates include counts, boundary and dates without undefined placeholder (0.208459ms)
✔ legacy comparisons retain old detected confirmed and invalidated dates (0.141375ms)
✔ initial schema and refreshed catalog preserve supplied parameters; strategy change alone resets (20.806791ms)
✔ late catalog defaults are suspended until route validation and then fill only missing fields (1.778917ms)
✔ structure dates remove midnight noise without changing intraday precision (0.515958ms)
✔ centre evidence distinguishes fixed core, outer range and candidate expansion (0.575875ms)
✔ segment evidence includes source prices and reverse proof with one-based labels (0.158458ms)
✔ missing legacy evidence does not invent confirmation (0.0955ms)
✔ special inclusion explains boundary exception without labelling it an ordinary fractal (0.063875ms)
✔ centre relation history distinguishes current candidate from original separation (0.093209ms)
✔ confirmation replay translates raw indices without date matching (0.064333ms)
✔ unknown, invalid or out-of-snapshot confirmations have no replay target (0.069125ms)
✔ connection badge validates shared time, price and alternating direction (0.10075ms)
✔ reverse preview uses observed extreme, not last close or a future target (0.983667ms)
✔ mirrored lows produce an upward reference (0.105791ms)
✔ no invented reference for missing, ambiguous, extending, or invalid inputs (0.117084ms)
✔ replay prefix cannot use a later extreme; ties retain first occurrence (0.090958ms)
✔ ongoing consolidation differs by color, line pattern, and fill (0.105917ms)
✔ actual component captures every selected period and failure; automatic work stays system-origin (21.091125ms)
✔ all collection failures are exportable reports, never empty success or recomputable invented bars (1.649542ms)
✔ missing response rows are retained as explicit errors; unexpected rows or cutoff cannot enter a saved result (18.965667ms)
✔ late study response cannot be saved after account (2.915417ms)
✔ late study response cannot be saved after input (2.866041ms)
✔ late study response cannot be saved after unmount (2.194542ms)
✔ invalid collection coverage cannot silently omit a period during import (3.571709ms)
✔ actual study freezes independent radar lineage, preserves it through import and recompute, and refuses foreign source (3.070709ms)
✔ task stores detached actual inputs, user submission and system polling (1.83675ms)
✔ invalidated submit resolve cannot revive result/error/spinner (22.457792ms)
✔ invalidated submit reject cannot revive result/error/spinner (17.694166ms)
✔ invalidated poll resolve cannot revive result/error/spinner (8.312292ms)
✔ invalidated poll reject cannot revive result/error/spinner (0.539875ms)
✔ earlier request completion cannot stop a newer task or replace its context (5.851417ms)
✔ owner change stops polling and cannot attribute prior account result to the new account (1.902417ms)
✔ failed remains failure, never successful completion (0.496583ms)
✔ cancelled remains failure, never successful completion (0.217208ms)
✔ timed_out remains failure, never successful completion (0.241375ms)
✔ cancelling is not completed; wrong ID, malformed result and unknown status fail closed (2.865375ms)
✔ deadline aborts polling and explicitly says the server may still be running (24.177208ms)
✔ task API sends captured owner and abort signal; old callers remain compatible (17.304958ms)
✔ progress is bounded, readable work units rather than inferred total percent (2.059125ms)
✔ factor result review freezes complete task data without lookup or recomputation (70.361083ms)
✔ completed phase never publishes result while task is still running (24.091083ms)
✔ untrusted progress cannot be used to publish an apparently completed task (0.727ms)
✔ historical review uses owner-bound read-only fetch and account invalidation (1.302625ms)
✔ task list rejects malformed responses instead of replacing records with undefined (45.332417ms)
✔ cancelling is not terminal and elapsed values remain readable (0.410917ms)
✔ runBacktestWithPolling waits through cancelling and returns cancelled (9.031625ms)
✔ runBacktestWithPolling waits through cancelling and returns timed_out (3.279083ms)
✔ runSignalScanWithPolling waits through cancelling and returns cancelled (4.989083ms)
✔ runSignalScanWithPolling waits through cancelling and returns timed_out (0.767125ms)
✔ cancel API uses POST, and partial cancelled scan results are never accepted (0.279708ms)
✔ persistent recovery and version mismatch are distinct from completion (0.29025ms)
✔ terminal task deletion handles empty 204 and encodes identity (0.133917ms)
✔ checkpoint presence is not confused with verified reuse or task completion (0.285459ms)
✔ cached completed submission is retrieved rather than shown as running (0.1585ms)
✔ network failures are localized across WebKit, Chromium and Firefox (0.156459ms)
✔ tracking identity separates asset types, exchanges and board catalogues (0.761834ms)
✔ cloud book validates without silently dropping corrupt groups or duplicate entries (0.6135ms)
✔ expansion preserves every member and all board/direct sources, not a 200-row display page (1.264959ms)
✔ membership failure is explicit and malformed partial membership is never accepted (0.217584ms)
✔ batch runs sequentially, keeps partial errors and continues after a failed target (12.800833ms)
✔ cancellation marks in-flight and unstarted rows, ignoring a late success (0.190666ms)
✔ group breadth counts only available periods, never treats failed targets as neutral evidence (0.193208ms)
✔ exact current revision accepts only its own evidence without mutation (22.064708ms)
✔ old partition, stale version, future evidence and false completion are rejected (0.757542ms)
✔ historical audit cannot import a later opposite segment (0.238542ms)
✔ empty partitions and higher-proof priority retain explicit blockers (0.270042ms)
✔ new blockers use Chinese labels without calling prerequisites completion (0.351625ms)
✔ missing comparison interval is explained in Chinese without inventing a date (0.618542ms)
✔ special diagnostics identify each A indicator witness rather than the price witness (0.173334ms)
✔ nonstandard DEA axis gate remains explicit without an improvement requirement (0.137459ms)
✔ DEA tolerance discloses research threshold, precise deviation and near-zero fallback (1.3045ms)
✔ wave evidence separates effective A from original wave and local pivots (0.936334ms)
✔ rounded equal line extrema disclose the precise failed values and witness times (0.342375ms)
✔ comparisons are explicitly research only and preserve B/C axis checks (0.262125ms)
✔ unformed candidate shows Chinese gates, two-decimal values and rejection dates (0.272708ms)
✔ new nonstandard audit explicitly uses full A and first-formed reverse evidence explains gaps (0.383458ms)
ℹ tests 625
ℹ suites 0
ℹ pass 625
ℹ fail 0
ℹ cancelled 0
ℹ skipped 0
ℹ todo 0
ℹ duration_ms 7203.751625
→ 打包中…
→ 运行测试…
京东方评级: D 分数: 34.3
维度明细: 卡玛比率=22.7, 最大回撤=27.5, 胜率=33.5, 利润因子=34.1, 夏普比率=41.5, 波动率=50.1
否决: 利润因子 1.11 接近 1，仅勉强盈亏平衡
长线优质策略评级: B 分数: 64.5
维度权重: 卡玛比率=28%, 最大回撤=26%, 胜率=0%, 利润因子=0%, 夏普比率=23%, 波动率=23%
优质案例评级: A 分数: 83.9
寻优点评级: A 74
组合重算指标: { '年化': '20.83%', '回撤': '0.80%', '夏普': '5.27', '卡玛': '26.03' }
稳定上涨组合评级: S 91.8
波动组合重算: { '回撤': '44.15%', '夏普': '-2.64', '持续': 60 }
波动组合评级: D 18.5
✔ 新版组合评级使用后端采样，不按图表柱数重新日线年化 (1.860667ms)
✔ 必要风险指标缺失不能展示为零风险或正常评级 (0.210584ms)
✔ 无穷比率不等于满分，真实零利润因子仍按亏损判断 (0.128875ms)
✔ 京东方回测必须评为 D 档（用户核心诉求验证点） (0.441042ms)
✔ 京东方评分应在 30-43 区间（C 与 D 的边界） (0.097666ms)
✔ 低利润因子触发系统亏损否决 (0.06625ms)
✔ 样本不足（< 10 笔交易）降权但不否决整个评级 (0.13ms)
✔ 用户实测场景：6年6笔交易 + 高夏普 → 应得 A/B（核心回归测试） (0.130833ms)
✔ 深回撤 > 60% 触发直接 D 否决 (0.089375ms)
✔ 优质回测应得 A 或 S 档 (0.136541ms)
✔ 高回撤但收益高 → 最高 B（一票否决 cap） (0.08275ms)
✔ 插值函数：边界值取端点分数 (0.058167ms)
✔ 插值函数：中间值线性插值 (0.042ms)
✔ 寻优评级：4 维度降级版 (0.07825ms)
✔ 寻优评级：网格点交易太少 → 降权但评级照常 (0.0525ms)
✔ 组合评级：稳定上涨净值应得 A 或 S (4.415083ms)
✔ 组合评级：高波动深回撤净值 → 低档 (1.66875ms)
✔ combinedMetrics：单点净值返回全 0（兜底） (0.150416ms)
✔ 历史组合仅保留原值，不从曲线推断日线或重算评级 (2.12875ms)
✔ v1-v4、未知版本及不完整依据不伪装为新版结果 (1.73775ms)
✔ 新版结果使用已记录指标，真实 999 和零不被当作历史哨兵 (0.450125ms)
✔ 指标状态缺失或与数值冲突不能产出评级，包括被降权维度 (0.136167ms)
✔ 低交易样本的真实不可用逐笔指标仍可降权，不误拦截可用净值评级 (0.095834ms)
✔ 寻优逐行核验新版采样与候选状态，输入范围不替代候选证据 (0.126667ms)
✔ 完整快照保留精度、真实 0/999、全部指标及版本且不关联可变输入 (1.342333ms)
✔ 策略保存接受真实 Vue 响应式结果，不因 Proxy 无法 structuredClone 而失败 (0.998791ms)
✔ 再次保存历史指标不补造新版计算或评级依据 (0.107875ms)
✔ 对比展示原值并指出版本、周期、范围与利率差异，不自动重算 (0.755917ms)
ℹ tests 28
ℹ suites 0
ℹ pass 28
ℹ fail 0
ℹ cancelled 0
ℹ skipped 0
ℹ todo 0
ℹ duration_ms 146.129291
