........................................................................ [  2%]
........................................................................ [  4%]
........................................................................ [  7%]
........................................................................ [  9%]
........................................................................ [ 12%]
........................................................................ [ 14%]
........................................................................ [ 17%]
........................................................................ [ 19%]
........................................................................ [ 22%]
........................................................................ [ 24%]
........................................................................ [ 27%]
........................................................................ [ 29%]
........................................................................ [ 32%]
........................................................................ [ 34%]
........................................................................ [ 37%]
........................................................................ [ 39%]
........................................................................ [ 42%]
........................................................................ [ 44%]
........................................................................ [ 47%]
........................................................................ [ 49%]
........................................................................ [ 52%]
........................................................................ [ 54%]
........................................................................ [ 57%]
........................................................................ [ 59%]
........................................................................ [ 62%]
........................................................................ [ 64%]
........................................................................ [ 67%]
........................................................................ [ 69%]
........................................................................ [ 72%]
........................................................................ [ 74%]
........................................................................ [ 77%]
........................................................................ [ 79%]
........................................................................ [ 82%]
........................................................................ [ 84%]
........................................................................ [ 87%]
........................................................................ [ 89%]
...........................................................ss........... [ 92%]
........................................................................ [ 94%]
........................................................................ [ 97%]
........................................................................ [ 99%]
.........                                                                [100%]
=============================== warnings summary ===============================
.venv/lib/python3.10/site-packages/starlette/testclient.py:37
  /Users/bowen/Documents/Python/Google/TDX-work/.venv/lib/python3.10/site-packages/starlette/testclient.py:37: DeprecationWarning: The anyio.abc.BlockingPortal alias is deprecated, use anyio.from_thread.BlockingPortal instead.
    _PortalFactoryType = typing.Callable[[], typing.ContextManager[anyio.abc.BlockingPortal]]

tests/unit/test_durable_task_api.py::test_six_http_submissions_execute_frozen_inputs_in_actual_worker[optimize_all]
tests/unit/test_durable_task_api.py::test_six_http_submissions_execute_frozen_inputs_in_actual_worker[optimize_all]
tests/unit/test_durable_task_api.py::test_six_http_submissions_execute_frozen_inputs_in_actual_worker[optimize_all]
tests/unit/test_durable_task_api.py::test_six_http_submissions_execute_frozen_inputs_in_actual_worker[optimize_all]
tests/unit/test_durable_task_api.py::test_six_http_submissions_execute_frozen_inputs_in_actual_worker[optimize_all]
tests/unit/test_durable_task_api.py::test_six_http_submissions_execute_frozen_inputs_in_actual_worker[optimize_all]
  /Users/bowen/Documents/Python/Google/TDX-work/src/easy_tdx/MyTT.py:343: RuntimeWarning: invalid value encountered in divide
    ADX = MA(ABS(MDI - PDI) / (PDI + MDI) * 100, M2)

-- Docs: https://docs.pytest.org/en/stable/how-to/capture-warnings.html
2887 passed, 2 skipped, 7 warnings in 309.72s (0:05:09)
