
> web-ui@0.0.0 test
> node scripts/run-tests.mjs

✔ tracking is restricted to active administrators and explicitly authorized users (5.298542ms)
✔ presence requires visible focused recent interaction and never negative elapsed time (0.153167ms)
✔ admin query descriptions label metadata and disclose truncated targets (0.197916ms)
✔ code labels use market-qualified identities and visible missing-name fallback (0.401334ms)
✔ name hydration is automatic, market-separated, bounded, and abort-aware (52.952708ms)
✔ all current chart inspector evidence stays readable without altering original nested data (14.037917ms)
✔ reject malformed fields reachable from overlays, popovers and every inspector section with exact paths (17.232666ms)
✔ optional old fields and empty failure checkpoints remain readable, no missing-state invention (0.139083ms)
✔ archive calendar validation rejects normalized impossible dates and illegal clock/offset values (7.665375ms)
✔ bar validation compares actual instants, retains raw strings, rejects equal instants and malformed volume (0.380292ms)
✔ existing frozen matrix bar sources remain readable without mutation (78.476042ms)
✔ event lists and evidence-set reordering never imply new or changed signals; originals remain intact (12.205292ms)
✔ state, lifecycle times and unrounded evidence are classified separately on the same identity (2.061125ms)
✔ same date across families and sides remains independent; true event additions/removals are distinct (0.970292ms)
✔ duplicate identities preserve all records and are never paired arbitrarily (1.723166ms)
✔ missing identity does not cause false removals or additions in its collection (0.771458ms)
✔ missing source/list is unknown, not empty or proof of no events (0.43875ms)
✔ never-candidate diagnostics match without A or reference, including special B-only records (0.454875ms)
✔ A trimming changes evidence not identity; original wave anchors and reference changes distinguish bases (1.121792ms)
✔ date normalization preserves intraday, microsecond and timezone distinctions (9.648292ms)
✔ source differences and unknown fields/ordered evidence are retained (12.254875ms)
✔ different instruments, periods or study results are not matched (0.684959ms)
✔ structure divergences are supported without inventing MACD wave anchors (0.328459ms)
✔ legacy local migration keeps original payload, precision, versions and unknown fields without upgrading (4.884708ms)
✔ cloud exports use latest metadata but retain the original immutable payload, not old cloud ID/revision (0.719917ms)
✔ study import preserves successful and failed periods plus original warmup and primary metadata (0.690292ms)
✔ unknown, incomplete, oversized and nonfinite backups are rejected, never uploaded as summaries (503.920166ms)
✔ all supported chart outputs preserve full precision, null warmups, style and instance order (44.499875ms)
✔ migration IDs survive rescanning/reload, preserve precision and isolate owners and changed content (9.668125ms)
✔ migration rejects missing owners, foreign archives and malformed inputs before upload (0.435833ms)
✔ post-inspection changes never upload under a previously confirmed identity (2.105459ms)
✔ lost response retries the same immutable body and id, without automatic retry or local deletion (1.890625ms)
✔ stop or account changes before/after read and upload discard stale results (0.96625ms)
✔ deleted cloud copies are not restored, purged copies and wrong response IDs are not treated as success (1.778875ms)
✔ chart plan freezes original data and uses original identity/window, not current selection (2.5185ms)
✔ missing volume/time/parameters and unsupported length never silently become a smaller/default study (8.359167ms)
✔ study plan preserves actual research settings and saved time labels (0.222083ms)
✔ unrounded path diff distinguishes null, missing, structure, empty arrays, and ordering (0.35575ms)
✔ response must match request, instrument, version, scope and period identities (1.615584ms)
✔ new archive retains original bars/lineage but never relabels frozen old indicators as recomputed (0.79275ms)
✔ study without saved input retains an explicit uncomputed row, never pretends all periods succeeded (0.250625ms)
✔ complete indicator recompute preserves saved settings, checks response and saves only new values (3.598417ms)
✔ missing or unknown saved indicator parameters cannot borrow current defaults (0.803459ms)
✔ original valid study rows retain precision, unknown fields, true zero and no recomputation (3.834542ms)
✔ invalid nested fields become explicit per-period errors, not silently missing rows (5.642458ms)
✔ strict pen fields reject coercion and preserve historical source errors without reading their invalid nested fields (0.925333ms)
✔ duplicates are not cherry-picked and malformed or future rows remain in original-record entries (0.175458ms)
✔ full backtest file and cloud envelope retain all fields; no implicit Chanlun recompute (6.823667ms)
✔ invalid cash cannot become a readable archive (0.126709ms)
✔ invalid params cannot become a readable archive (0.08125ms)
✔ invalid adjust cannot become a readable archive (0.10025ms)
✔ invalid null lineage cannot become a readable archive (0.221667ms)
✔ invalid net value cannot become a readable archive (0.343625ms)
✔ invalid future trade cannot become a readable archive (0.179083ms)
✔ invalid duplicate date cannot become a readable archive (0.114625ms)
✔ invalid missing metrics cannot become a readable archive (0.093375ms)
✔ invalid nested infinity cannot become a readable archive (0.16575ms)
✔ invalid coerced rejected cannot become a readable archive (0.110542ms)
✔ actual store freezes submitted input and result separately from later source mutation (247.983875ms)
✔ actual store rejects stale or failed owner run and clears prior archive (81.442875ms)
✔ actual store rejects stale or failed input run and clears prior archive (37.868625ms)
✔ actual store rejects stale or failed clear run and clears prior archive (9.41875ms)
✔ actual store rejects stale or failed failure run and clears prior archive (9.320375ms)
✔ trade lookup keeps the exact minute across separators, precision and days (1.102917ms)
✔ date-only values cannot choose the midnight bar of an ambiguous day (0.1555ms)
✔ daily and duplicate exact timestamps keep first positional matches (0.381167ms)
✔ nanoseconds and timezone text are not truncated into a false match (0.125292ms)
✔ date labels preserve useful precision without local timezone conversion (0.123792ms)
✔ higher sources resolve actual records and separate original from current review time (5.321417ms)
✔ base sources and foreign witness rejection have distinct Chinese descriptions (0.135917ms)
✔ inconsistent candidate has no replay evidence: unknown reason (0.098291ms)
✔ inconsistent candidate has no replay evidence: prototype key (0.067583ms)
✔ inconsistent candidate has no replay evidence: future version (0.058042ms)
✔ inconsistent candidate has no replay evidence: future completion (0.270167ms)
✔ inconsistent candidate has no replay evidence: missing time (0.171ms)
✔ inconsistent candidate has no replay evidence: empty source (14.594542ms)
✔ inconsistent candidate has no replay evidence: duplicate source (0.252167ms)
✔ inconsistent candidate has no replay evidence: unknown source (0.389666ms)
✔ inconsistent candidate has no replay evidence: mixed levels (0.768125ms)
✔ inconsistent candidate has no replay evidence: future child (0.149625ms)
✔ inconsistent candidate has no replay evidence: wrong child level (0.072584ms)
✔ inconsistent candidate has no replay evidence: duplicate record (7.852208ms)
✔ inconsistent candidate has no replay evidence: empty record range (0.211042ms)
✔ inconsistent candidate has no replay evidence: gap (0.090792ms)
✔ inconsistent candidate has no replay evidence: wrong parent range (0.251167ms)
✔ inconsistent candidate has no replay evidence: reversed sources (0.049792ms)
✔ inconsistent candidate has no replay evidence: unsafe base number (0.355833ms)
✔ 80 percent transparency is 20 percent alpha, for both candle directions (2.885334ms)
✔ transparency stays finite, integer, and bounded (0.125375ms)
✔ body is symmetric around the unchanged wick across widths and fractional positions (2.710083ms)
✔ horizontal candles preserve every price coordinate (1.750208ms)
✔ missing or non-finite candle layouts are left untouched (0.370458ms)
✔ native ECharts layout remains centred after resize, zoom and data replacement (361.021666ms)
✔ zooming out of large-data line mode restores centred candle bodies (90.554084ms)
✔ structure widths retain existing defaults and hover appearance (0.795792ms)
✔ manual values stay finite, bounded, and at two decimal places (0.354708ms)
✔ raw index overrides rounded dates, including zero (0.634667ms)
✔ legacy intraday dates never fall back to the first bar of the day (0.309875ms)
✔ duplicate formatted times fail safely without a raw index (0.213125ms)
✔ padding keeps the 23px marker plus radius inside the price pane (0.206458ms)
✔ flat, zero and negative ranges get finite padding; invalid extents do not (0.103583ms)
✔ single-bar time link is a thin line limited to each actual plot (1.967292ms)
✔ multi-bar time link has no border and clips to plot, never clamps offscreen data to an edge (0.27675ms)
✔ time links map daily coverage to all minute bars, not a matching ordinal (1.047583ms)
✔ weekly and monthly end-labelled bars cover earlier constituent dates without changing data (4.921583ms)
✔ nearest marker wins regardless of signal family, only co-located points share chooser (0.209833ms)
✔ immutable request cache deduplicates pending work, isolates payload keys and retries errors (0.343875ms)
✔ all six structural types keep extrema and confirmation separate with original evidence (1.081708ms)
✔ legacy records do not invent confirmation or structural sources (1.335333ms)
✔ M1 keeps independent MACD source and original direction, never a structural type (0.507709ms)
✔ all chart layers override independent animation and progressive rendering (1.2255ms)
✔ archive tooltip labels and evidence remain text, not active HTML (0.485625ms)
✔ rejects invalid saved zooms (1.203375ms)
✔ same-snapshot redraw keeps current manually chosen view (1.05775ms)
✔ focus redraw keeps manual zoom; clearing restores pre-focus view (0.435792ms)
✔ switching focus preserves the original return view (0.463041ms)
✔ new snapshot resets saved focus view and never revives old zoom (0.10225ms)
✔ default inactive; moving does not show cards and leaving does not deactivate (5.412292ms)
✔ object previews can read date-card activation without activating it (0.405416ms)
✔ click selects a point; outside click closes; inside click is not dismissed (0.500042ms)
✔ activated cards follow movement until outside dismissal, then require another click (0.336083ms)
✔ zoom clears stale coordinates but preserves activation (0.213542ms)
✔ data reset and Escape deactivate; teardown removes all handlers (0.683ms)
✔ archive requests bind current owner and bypass browser cache (26.306083ms)
✔ cloud directory validates all rows, quotas and identities without dropping broken entries (66.859792ms)
✔ original detail requires an object payload but action receipts may omit it (0.449583ms)
✔ account change discards delayed success and delayed errors (0.215042ms)
✔ unauthenticated archive requests do not reach server; structured conflicts remain actionable (0.177917ms)
✔ upload retries retain immutable captured body and all numerical precision (0.175667ms)
✔ directed centre chain is candidate evidence, not completion (0.933208ms)
✔ touching, opposing, future, overlapping or malformed chains fail closed (2.014709ms)
✔ single-centre and legacy components remain readable (0.097917ms)
✔ inside, border, reversed y and overlapping rectangles resolve newest first (0.812708ms)
✔ invalid or missing render coordinates cannot create hits (0.083084ms)
✔ popup stays within narrow viewport and near-edge right click (0.802542ms)
✔ roles are Chinese and unknown roles never claim completion (0.427416ms)
✔ source ranges keep one-based indices without disguising gaps (0.098792ms)
✔ coverage checks counts, repeats and missing IDs (0.199083ms)
✔ missing, empty and rejected suffix are explicit (0.06975ms)
✔ invalid counts and empty blocks cannot pass the coverage audit (0.080291ms)
✔ uses raw indices, allows shared endpoints and bounds zoom padding (1.23925ms)
✔ does not invent a B interval or infer indices from formatted dates (0.115125ms)
✔ rejects partial, reversed, overlapping and out-of-snapshot evidence (0.24325ms)
✔ allows inspection of historical failed evidence without reviving it (0.232542ms)
✔ local proof draws frozen exact endpoints only after its actual confirmation (0.525041ms)
✔ dual-line divergence uses two exact raw indices, never artificial ABC ranges (0.230083ms)
✔ dual-line focus rejects missing, duplicate, reversed and out-of-range points (0.213875ms)
✔ special wave focus uses AB and its extreme without inventing C (0.208584ms)
✔ direction, family and lifecycle have independent marker styles (0.577042ms)
✔ no-C dual-line remains a circle and fills only on first reverse-pen confirmation (1.735708ms)
✔ M1 is restricted to confirmed waves with a later actual confirmation (0.187166ms)
✔ four families retain independent records and nonstandard uses a triangle (0.203209ms)
✔ October 4 marker matrix uses shape for family and colour only for direction (0.1545ms)
✔ special AB evidence separates A line extrema from both price anchors and legacy pivots (0.158958ms)
✔ history is opt-in, inactive stays grey hollow, never creates M1 (41.803416ms)
✔ every historical shape uses a continuous hollow contour, including on hover (0.19575ms)
✔ new nonstandard evidence relaxes prices only and records each subtype (0.146667ms)
✔ new dual rule cannot fill without recorded later local confirmation (0.107334ms)
✔ historical engineering match retains original timing without claiming regrouping completion (1.007291ms)
✔ future, stale, mismatched or incomplete evidence fails closed (0.300792ms)
✔ older snapshots and unmatched parts keep existing natural audit available (0.06325ms)
✔ engineering provenance uses the same one-based numbering as other inspectors (1.422083ms)
✔ mixed recursion distinguishes consolidation and trend from the old trend view (0.236834ms)
✔ unknown or reversed provenance is not presented as a completed trend (0.108292ms)
✔ indicator and price values use two decimals without inventing missing evidence (0.084083ms)
✔ recursive centre relations never call extension candidates completed types (0.077041ms)
✔ admissions distinguish unit confirmation from later failed-return admission (1.253ms)
✔ display fields retain all text including dates, provenance, and secondary colons (1.186833ms)
✔ narrative, missing evidence, and timestamp headings remain whole (0.114584ms)
✔ selects the exact source without replacing missing comparison periods with the primary (0.420667ms)
✔ prefix audit preserves original warmup snapshot and its own instrument and period (52.843791ms)
✔ rejects invalid positions, missing identity and explicitly unclosed prefix data (15.721917ms)
✔ optimization carries full execution and identity without live defaults (6.03325ms)
✔ malformed, mixed, missing or conflicting optimization context never silently defaults (0.577583ms)
✔ multi original replay preserves costs, slots and adjustment; extend changes only end dates (0.339875ms)
✔ multi rejects corrupt and incompatible slots without dropping or repairing any (0.2915ms)
✔ legacy missing settings are disclosed with deterministic defaults, explicit invalid values rejected (0.137042ms)
✔ combining equal-account singles preserves per-slot cash and costs; conflicts rejected not rewritten (1.343375ms)
✔ all candidate states distinguish eligibility from completed natural types (0.55325ms)
✔ opposite geometry identifies reused next-part evidence, including nonzero source IDs (1.06025ms)
✔ external opposite geometry is not added to candidate membership (0.126209ms)
✔ missing, stale, misattributed or future opposite geometry is not displayed as matched (0.160417ms)
✔ preferred endpoints are never called completed types; conflicts are retained (0.163667ms)
✔ opposite base turn is not same-level completion (0.148875ms)
✔ price formatting preserves zero and boundary contact, guards non-finite values (0.137292ms)
✔ candidate audit joins by identity, not response order (0.085833ms)
✔ part audit must match ordinal AND exact raw source IDs, including shifted IDs (0.152292ms)
✔ locates the three raw ranges without relabelling them as MACD or confirmed centres (1.041458ms)
✔ candidate must already be observable at the CURRENT replay prefix (0.170125ms)
✔ no incomplete, waiting or unsupported candidate is given a fabricated range (0.102375ms)
✔ raw bar boundaries must be contiguous and inside the visible window (0.137458ms)
✔ source partitions must cover every original segment once, preserving nonzero IDs (0.125333ms)
✔ conflicting geometric fallback remains viewable for manual audit (0.070916ms)
✔ clearing a regrouping focus restores original zoom; a new replay snapshot does not (0.11725ms)
✔ membership labels distinguish source confirmation from later admission (59.652459ms)
✔ admission witness distinguishes confirmation dependency from geometric membership (0.159583ms)
✔ old or malformed evidence never invents an admission witness (0.081417ms)
✔ real frozen result archives preserve every input, missing tag, precision and failed factor (73.3185ms)
✔ factor cloud envelope imports as independent copy without original identity (2.479958ms)
✔ partial or incompatible archives fail explicitly, not repaired from the current catalog (518.716167ms)
✔ read-only renderer has no execution or market API imports; explicit replay is separate (6.6175ms)
✔ same-account profile refresh preserves replay state; identity changes invalidate synchronously (2.740208ms)
✔ library navigation and Chinese/identifier/family search preserve full matching set (0.632791ms)
✔ availability is evaluated by adjustment and period without mutating selections (6.946458ms)
✔ single and multi-track axes share compact large units and distinct small ticks (0.818ms)
✔ correlation uses its mathematical range; raw factors keep their own scale (0.116666ms)
✔ tiny values remain visible and tooltip raw precision is not rounded (0.097333ms)
✔ percentage is presentation only, gaps and source values are preserved (6.445416ms)
✔ disabled combination does not add implicit weights; enabled selection is explicit (1.023834ms)
✔ actual Python report preserves the combination through export and read-only reopen (48.795375ms)
✔ incomplete or contradictory composition archive is rejected, never repaired (65.461083ms)
✔ horizon selection is bounded, canonical and never silently amended (1.980084ms)
✔ horizon view uses frozen results without changing configuration or primary report (12.65175ms)
✔ all horizons survive draft/export/import and old single archives still read (18.254042ms)
✔ missing windows, wrong labels and disagreement with primary reports fail closed (158.736416ms)
✔ request selection invalidates immediately; display-only switching does not (3.974417ms)
✔ multiple horizons dispatch one explicitly manual request with complete selection (67.5225ms)
✔ named GTJA dependency paths use maximum chain and all edited windows (1.298334ms)
✔ GTJA compound windows and cross-library identical mean ratios are explicit (0.175375ms)
✔ parameter selection copies only active settings without mutating cached settings (0.14525ms)
✔ builtin decimal multiplier, ordering, effective identity and actual labels (0.179375ms)
✔ reset only one parameter, retain other overrides without mutating input (0.101417ms)
✔ history warning uses full effective warmup, not all parameters as rolling windows (0.159125ms)
✔ names and validation use actual windows; equivalent formula choices rejected (7.978916ms)
✔ recompute task request binds owner, source revision and manual intent; polling stays automatic (118.387333ms)
✔ history retains the complete recompute envelope, not just numerical results (17.129583ms)
✔ replay uses shared task invalidation and archive saving preserves replay metadata (1.801292ms)
✔ statistics version is frozen provenance, never inferred as the current version (0.503167ms)
✔ factor glossary accepts standard abbreviations with spaces or underscores (0.159583ms)
✔ factor missing values never become valid zero (0.096709ms)
✔ factor ranking is stable, non-mutating and missing-last in both directions (70.635375ms)
✔ small factor values do not round to fake zeros; raw precision keeps original number (0.120791ms)
✔ compatibility aliases are only shown for exact legacy lookup or active selection (0.145916ms)
✔ series automatic initialization is system intent, only deliberate task submission is a query (49.589708ms)
✔ saved series task reopens as series without lookup, all diagnostics and original inputs survive (10.073416ms)
✔ cleared series execution cannot publish an old stock result (0.313458ms)
✔ live series and history use shared tasks, invalidate on input/account/route and never treat as trading backtest (1.014208ms)
✔ late catalog never submits after unmount, input/account/tab changes, or manual run (0.251583ms)
✔ failed catalog does not silently start default research or publish after leaving (1.494792ms)
✔ favorite IDs are bounded, deduplicated and malformed saved preferences never get overwritten (2.891292ms)
✔ favorites use acknowledgment and only patch their own key; same-session writes serialize (0.48325ms)
✔ failed favorite updates do not pretend success and can retry (0.243ms)
✔ other preference acknowledgment exposing pending patch cannot fake a saved favorite (0.195542ms)
✔ owner switch clears state immediately and old failure cannot affect new save (1.863625ms)
✔ series compare shares all x axes but preserves independent raw values, scales, gaps and tooltip precision (0.668584ms)
✔ future appending leaves prior plotted values unchanged, missing is never replaced by zero (0.162458ms)
✔ multi-factor comparison is reused in live and read-only views, favorites do not change research settings (2.35075ms)
✔ factor submission marks only explicit dispatch, preserves owner/signal, polling/cancel stay automatic (79.044959ms)
✔ cancel acknowledged during pending poll cannot regress UI or publish partial result (16.177875ms)
✔ late cancellation cannot revive cleared or changed-account task UI (3.591792ms)
✔ unconfirmed cancellation keeps polling; successful task remains recoverable (0.96775ms)
✔ factor panel uses shared execution and distinguishes cancel from detach (0.975208ms)
✔ explicit stock-only finite latest selection; missing and fund/index stay unavailable (2.097666ms)
✔ origin and precision survive JSON and later group membership edits (0.852875ms)
✔ only explicit action writes owner assertion and source revision, never sends computed score (36.503416ms)
✔ late owner response rejected; permission denial and source mismatch not successful (0.991333ms)
✔ time modes construct explicit configs without random dates or implied training (2.730917ms)
✔ invalid dates, hidden shrinkage and numeric coercion are rejected (0.924792ms)
✔ full frozen time results survive import, draft and readonly validation unchanged (13.369583ms)
✔ missing, mismatched and nonfinite temporal archive results fail explicitly (64.964083ms)
✔ changes invalidate synchronously; same-account profile refresh does not change split (1.721542ms)
✔ menus stay inside phone, keyboard and landscape viewports (0.612917ms)
✔ near-bottom controls open upwards without changing ordinary desktop width (0.09625ms)
✔ warmup null, missing and invalid indicator values never become invented zeroes (0.886625ms)
✔ freeze all supported indicator outputs, warmup holes, volume averages and exact numerical precision (34.275834ms)
✔ frozen playback keeps captured values despite different current prices and never queries APIs (4.805833ms)
✔ malformed or mismatched frozen values fail closed, never fall back to recomputation (1.839583ms)
✔ marker hit uses signed stacking offset for both directions, not candle position (0.523958ms)
✔ symbol size and invalid render positions are handled safely (0.215791ms)
✔ market tab changes discard old success and cannot stop the new spinner (301.36825ms)
✔ market late failure after filter cannot resurrect an error (57.868583ms)
✔ market late failure after owner cannot resurrect an error (17.529709ms)
✔ market late failure after unmount cannot resurrect an error (98.540375ms)
✔ directory count failure preserves valid rows; late totals cannot cross markets (35.54025ms)
✔ board selection clears old details and ignores slower preceding member responses (77.779ms)
✔ board list filter changes invalidate pending member requests and prevent old auto-selection (47.726792ms)
✔ default board preload remains system-origin after manual list refresh (25.6905ms)
✔ belonging response after stock cannot change results or stock history (22.512792ms)
✔ belonging response after owner cannot change results or stock history (46.49475ms)
✔ belonging response after unmount cannot change results or stock history (100.513042ms)
✔ current belonging success records captured stock; concurrent member failure has separate feedback (13.992083ms)
✔ market selection uses loaded market, clears on filters, and distinguishes shared stock/index codes (28.489ms)
✔ board analysis uses result classification; members require their own market (57.041417ms)
✔ aborted late response cannot publish metadata even if transport ignores abort (130.270541ms)
✔ missing provenance or silently changed adjustment never reaches research (0.171292ms)
✔ reported gaps do not falsely label suspension or prevent inspecting valid candles (2.830167ms)
✔ history fetch consumes one verified range and publishes complete metadata only after validation (0.681875ms)
✔ unclosed response never updates provenance or reaches the backtest (7.354333ms)
✔ null, true zero, infinities and real 999 are distinct after JSON roundtrip (0.513959ms)
✔ single, saved and comparison results retain authoritative metric basis (0.554541ms)
✔ whole proof validated without mutation, and cross-role ownership remains visible (2.524875ms)
✔ stale, future, duplicated, incomplete, falsely completed and mismatched sources rejected (0.655667ms)
✔ base runs cannot masquerade as proofs or own multiple provisional regions (0.099667ms)
✔ blocked covers show full conflicts, never fabricated flattened blocks (0.102709ms)
✔ labels retain provisional scope (0.0675ms)
✔ all seven MA presets are available but only MA5 and MA10 start visible (0.826584ms)
✔ each chart session gets independent editable settings without changing presets (0.250583ms)
✔ MA presets retain the requested yellow, white, purple, green, cyan, orange, red palette (0.094042ms)
✔ legend retains every MA choice and explicit hidden states override stale chart selection (0.121125ms)
✔ cross-boundary details resolve actual input and nested ownership records (2.549542ms)
✔ unowned reverse evidence stays explicitly unowned for boundary rejection (0.129917ms)
✔ foreign witness can be shown for an otherwise single-owner candidate (0.098916ms)
✔ legacy candidates do not invent missing conflict details (0.109625ms)
✔ damaged detail is not presented: mismatched candidate sources (0.083375ms)
✔ damaged detail is not presented: wrong layer (0.056709ms)
✔ damaged detail is not presented: unknown reverse input (0.735334ms)
✔ damaged detail is not presented: wrong reverse range (0.093208ms)
✔ damaged detail is not presented: reverse overlaps prices (0.07625ms)
✔ damaged detail is not presented: future reverse confirmation (0.118042ms)
✔ damaged detail is not presented: wrong reverse time (0.064834ms)
✔ damaged detail is not presented: incomplete domain list (0.072791ms)
✔ damaged detail is not presented: duplicate domains (0.052209ms)
✔ damaged detail is not presented: noncontinuous domain (0.043875ms)
✔ damaged detail is not presented: foreign domain misses witness (0.047417ms)
✔ damaged detail is not presented: false unowned witness (0.04975ms)
✔ damaged detail is not presented: missing nested record (0.053416ms)
✔ damaged detail is not presented: wrong reason (0.055125ms)
✔ only current owner revisions form the displayed ownership set (1.625208ms)
✔ internal provenance remains distinct and validates enclosing ownership (0.333292ms)
✔ parent-covered history is not labeled as an additional effective input (0.067958ms)
✔ nested provenance validates containment and strictly increasing input levels (56.326917ms)
✔ current owner labels are distinct from creation IDs and tolerate old snapshots (0.462208ms)
✔ summary mode lists every historical address, not just current versions (0.849084ms)
✔ full and missing legacy snapshots stay readable without inventing history (0.086959ms)
✔ all four analysis paths explicitly request summary delivery without changing input (0.363875ms)
✔ complete lifecycle stays chronological, does not mutate input, and uses Chinese labels (3.110791ms)
✔ legacy or future history is not invented (0.534083ms)
✔ dangling, reordered, duplicated, miscounted and conflicting histories fail closed (1.193916ms)
✔ equal counts cannot hide swapped source identities (0.084542ms)
✔ intermediate event boundaries must equal actual inherited and added sources (0.070416ms)
✔ input evidence must exist at the correct level and be available at admission (0.195042ms)
✔ invalid domain sources, membership and parent context fail closed (0.160708ms)
✔ leftward growth, shifted sources and newly filled merge gaps remain valid (0.14925ms)
✔ both periods exclude future and open candles while retaining original warm-up start (0.61375ms)
✔ snapshot observation time caps cutoff; bar start before cutoff is not enough (0.089709ms)
✔ no timeframe fallback or fabricated candles when historical minute range is unavailable (0.063916ms)
✔ index and board snapshots retain NONE adjustment, mismatch is rejected (0.232291ms)
✔ missing completion evidence, timezone timestamps and unordered bars fail explicitly (0.143625ms)
✔ week/month completion boundary comes from provider annotation, not day label (0.174083ms)
✔ matrix defaults to five requested periods and includes separate buy/sell evidence column (3.324125ms)
✔ does not turn current reversal observation into a confirmed opposite pen (0.228084ms)
✔ keeps true zero distinct from missing, and numerical display never overwrites original axis judgment (0.574542ms)
✔ keeps divergence family, extrema and actual confirmation separate; never drops records (10.523042ms)
✔ missing pen and divergence are bounded claims; quality limitations stay visible (0.662208ms)
✔ buy/sell evidence distinguishes missing old archives, no points, structure and M1 (0.222042ms)
✔ portfolio: all original values survive import and cloud envelope; no Chanlun recompute (35.897ms)
✔ portfolio: actual component fetches only explicitly, binds owner/request/result and freezes capture (44.933542ms)
✔ portfolio: late receipt discarded after owner (1.17475ms)
✔ portfolio: late receipt discarded after request (0.926958ms)
✔ portfolio: late receipt discarded after task (0.759208ms)
✔ portfolio: late receipt discarded after result (1.384875ms)
✔ portfolio: late receipt discarded after busy (0.858792ms)
✔ portfolio: late receipt discarded after unmount (2.712333ms)
✔ portfolio: invalid missing rejected (0.783292ms)
✔ portfolio: invalid allocation rejected (0.2635ms)
✔ portfolio: invalid metadata rejected (0.112459ms)
✔ portfolio: invalid date rejected (0.108166ms)
✔ portfolio: invalid precision rejected (0.202625ms)
✔ portfolio: invalid curve rejected (0.615917ms)
✔ portfolio: invalid request rejected (0.371083ms)
✔ portfolio: invalid trade rejected (0.634625ms)
✔ portfolio: unavailable or different task never falls back to fetching data (5.174167ms)
✔ multi_strategy: all original values survive import and cloud envelope; no Chanlun recompute (1.193416ms)
✔ multi_strategy: actual component fetches only explicitly, binds owner/request/result and freezes capture (3.5735ms)
✔ multi_strategy: late receipt discarded after owner (1.406916ms)
✔ multi_strategy: late receipt discarded after request (1.779042ms)
✔ multi_strategy: late receipt discarded after task (0.831625ms)
✔ multi_strategy: late receipt discarded after result (0.741ms)
✔ multi_strategy: late receipt discarded after busy (0.676375ms)
✔ multi_strategy: late receipt discarded after unmount (0.718167ms)
✔ multi_strategy: invalid missing rejected (0.1175ms)
✔ multi_strategy: invalid allocation rejected (0.202042ms)
✔ multi_strategy: invalid metadata rejected (0.139542ms)
✔ multi_strategy: invalid date rejected (0.089167ms)
✔ multi_strategy: invalid precision rejected (0.181959ms)
✔ multi_strategy: invalid curve rejected (0.1525ms)
✔ multi_strategy: invalid request rejected (0.081875ms)
✔ multi_strategy: invalid trade rejected (0.105459ms)
✔ multi_strategy: unavailable or different task never falls back to fetching data (2.022584ms)
✔ normalized server defaults may extend but not alter submitted parameters (0.064459ms)
✔ library original/extended multi replay uses saved costs despite global preference changes (345.740875ms)
✔ portfolio load -> actual store task lifecycle -> save uses identical context and all costs (202.637542ms)
✔ portfolio catalog-stage input is isolated before saved fetch (53.579583ms)
✔ portfolio catalog-stage params is isolated before saved fetch (63.442125ms)
✔ portfolio catalog-stage owner is isolated before saved fetch (80.2945ms)
✔ portfolio catalog-stage failure is isolated before saved fetch (89.775ms)
✔ portfolio catalog-stage empty is isolated before saved fetch (71.138417ms)
✔ pending portfolio cannot survive input (41.015458ms)
✔ pending portfolio cannot survive owner (21.159292ms)
✔ pending portfolio cannot survive unmount (67.61925ms)
✔ store account epoch clears completed results in all four task families (22.684584ms)
✔ runPortfolio old account error is ignored even after switching back (26.913125ms)
✔ runMultiStrategy old account error is ignored even after switching back (51.095375ms)
✔ runOptimize old account error is ignored even after switching back (26.514333ms)
✔ runOptimizeAll old account error is ignored even after switching back (28.457375ms)
✔ optimizer takes an input snapshot before awaiting bars and hands off the result strategy/adjustment (38.284583ms)
✔ portfolio late save cannot close or annotate newly changed configuration (19.46675ms)
✔ library name lookup cannot mix later input or account into a save (76.693458ms)
✔ library saves a multi result with submitted adjustment, not the later global preference (32.484917ms)
✔ late library list cannot replace a newly created record and owner change clears all personal rows (22.72475ms)
✔ portfolio identity rejects mixed markets, repeats and invalid lengths (0.599958ms)
✔ late preference response cannot revert a newer adjustment; queued patch is captured (294.719083ms)
✔ account switch drops old queue, permits new account immediately and ignores late response (19.717875ms)
✔ same-account logout/login does not accept response from prior session epoch (26.519875ms)
✔ failed saves reject caller, do not wedge queue or restore stale role permissions (18.70775ms)
✔ mismatched response owner and logged-out saves are rejected (22.565708ms)
✔ market preference watcher survives the first route unmount and follows owner changes (130.404417ms)
✔ tracking ownership watcher survives route scope disposal and clears on revocation or logout (265.231709ms)
✔ late name hydration cannot write across accounts; new owner hydrates independently (48.5475ms)
✔ sidebar hydration never writes, old-owner timers cancel, failures are handled (216.428958ms)
✔ forming candles preserve OHLC and use dashed empty outlines (0.401458ms)
✔ forming volume and signed MACD columns preserve values and direction (0.097625ms)
✔ query defaults to system, manual intent is synchronous and explicit (1.272375ms)
✔ direct bar snapshot fetch preserves explicit intent, including failed requests (91.519958ms)
✔ pending manual requests do not mark concurrent automatic work or async continuations (6.319333ms)
✔ API dispatch tags manual queries but excludes automatic name lookup and task polling (1.503875ms)
✔ save keeps original full input separate from replay prefix, fully detached from live state (5.5175ms)
✔ same-bar opposite signals remain distinct; source survives JSON import without task or network (2.321958ms)
✔ recompute uses only saved chart prefix, keeps original scan signals and version unchanged (1.38325ms)
✔ reject wrong target before saving; never silently drop invalid lineage (0.41025ms)
✔ reject board target before saving; never silently drop invalid lineage (0.275ms)
✔ reject wrong market before saving; never silently drop invalid lineage (0.228ms)
✔ reject reference before saving; never silently drop invalid lineage (0.406083ms)
✔ reject invalid date type before saving; never silently drop invalid lineage (0.242584ms)
✔ reject noncanonical cutoff before saving; never silently drop invalid lineage (0.181542ms)
✔ reject row summary before saving; never silently drop invalid lineage (0.418709ms)
✔ reject row last date before saving; never silently drop invalid lineage (0.239542ms)
✔ reject outside signal window before saving; never silently drop invalid lineage (0.322375ms)
✔ reject row source before saving; never silently drop invalid lineage (0.239917ms)
✔ reject row requested adjust before saving; never silently drop invalid lineage (0.219125ms)
✔ reject row quality before saving; never silently drop invalid lineage (0.219458ms)
✔ reject open candle before saving; never silently drop invalid lineage (0.133ms)
✔ reject unsupported storage before saving; never silently drop invalid lineage (16.149833ms)
✔ legacy snapshot without original input still opens without invented source (0.226875ms)
✔ original task references round-trip and legacy references remain distinguishable (3.291417ms)
✔ cache receipt must be a real ID string, never coerced or inherited from another owner (0.341541ms)
✔ all frozen bars and precision survive; changed code is disclosed, not represented as old execution (0.599542ms)
✔ invalid original receipt task stops instead of substituting live data (0.149542ms)
✔ invalid original receipt row stops instead of substituting live data (0.075584ms)
✔ invalid original receipt market stops instead of substituting live data (0.0685ms)
✔ invalid original receipt symbol stops instead of substituting live data (0.065875ms)
✔ invalid original receipt params stops instead of substituting live data (0.067875ms)
✔ invalid original receipt strategy stops instead of substituting live data (0.073ms)
✔ invalid original receipt fingerprint stops instead of substituting live data (0.161459ms)
✔ invalid original receipt adjust stops instead of substituting live data (0.0885ms)
✔ invalid original receipt signal stops instead of substituting live data (0.094875ms)
✔ invalid original receipt malformed signals stops instead of substituting live data (0.067291ms)
✔ invalid original receipt row error stops instead of substituting live data (0.056708ms)
✔ invalid original receipt storage stops instead of substituting live data (0.060583ms)
✔ invalid original receipt version stops instead of substituting live data (0.9835ms)
✔ invalid original receipt missing bars stops instead of substituting live data (0.747542ms)
✔ invalid original receipt null bar stops instead of substituting live data (0.157208ms)
✔ invalid original receipt order stops instead of substituting live data (0.109666ms)
✔ invalid original receipt open bar stops instead of substituting live data (0.080125ms)
✔ invalid original receipt future stops instead of substituting live data (0.0735ms)
✔ invalid original receipt negative duration stops instead of substituting live data (0.072416ms)
✔ invalid original receipt missing cutoff stops instead of substituting live data (0.046416ms)
✔ invalid original receipt number string stops instead of substituting live data (0.064541ms)
✔ invalid original receipt NaN stops instead of substituting live data (0.066209ms)
✔ invalid original receipt bad low stops instead of substituting live data (0.056042ms)
✔ invalid original receipt negative volume stops instead of substituting live data (0.057958ms)
✔ API sends owner and abort signal with no-store; unavailable receipt never calls a live feed (21.727833ms)
✔ radar submits captured owner with manual intent, polls as system, and preserves old cache adjustment (82.210625ms)
✔ late submit after adjust cannot become a scan result or cache (11.131708ms)
✔ late submit after window cannot become a scan result or cache (1.002166ms)
✔ late submit after owner cannot become a scan result or cache (1.273791ms)
✔ late submit after roundtrip cannot become a scan result or cache (1.379ms)
✔ late submit after unmount cannot become a scan result or cache (2.255791ms)
✔ late poll after adjust cannot become a scan result or cache (4.107333ms)
✔ late poll after window cannot become a scan result or cache (3.197625ms)
✔ late poll after owner cannot become a scan result or cache (2.024375ms)
✔ late poll after roundtrip cannot become a scan result or cache (3.342ms)
✔ late poll after unmount cannot become a scan result or cache (2.470458ms)
✔ a failed new scan cannot re-display or replace old success; explicit retry is independent (1.554667ms)
✔ invalid result rows is never cached (4.390667ms)
✔ invalid result counts is never cached (1.437042ms)
✔ invalid result id is never cached (0.9055ms)
✔ storage denial preserves valid live results with an explicit notice (0.64275ms)
✔ actual picker loads the original complete warmup and stores actual dates, not form defaults (6.12575ms)
✔ failed original input does not fall back to newly fetched prices (1.310041ms)
✔ pending original input cannot commit after owner (17.789625ms)
✔ pending original input cannot commit after code (22.133083ms)
✔ pending original input cannot commit after unmount (3.688333ms)
✔ radar review captures row adjustment, exact minute, strategy and original cutoff (1.043875ms)
✔ invalid or legacy reviews fail explicitly without guessing data or adjustment (0.645125ms)
✔ exchange-local dates validate without browser timezone conversion (0.100875ms)
✔ review excludes future and unclosed bars, resets derived fingerprint and reports actual range without mutating source (0.963833ms)
✔ radar cache is owner scoped and malformed/legacy records never enter the UI (0.645333ms)
✔ late messages, close and errors from an old socket cannot affect replacement (0.799625ms)
✔ invalid messages and control responses never become ticks; close reason retained (0.154042ms)
✔ matching versions are selected by case identity without mutation (2.149875ms)
✔ future snapshots, wrong rules, incomplete chains and duplicate cases are rejected (1.361958ms)
✔ labels never confuse endpoint consistency or higher-centre proof with completion (0.258292ms)
✔ v2 keeps the detached prefix and v1 remains readable (0.534167ms)
✔ v3 supports trend search while retaining the same ownership guards (0.1355ms)
✔ missing, duplicated, misattributed or silently completed prefix is rejected (0.943916ms)
✔ reincorporation is recorded explicitly instead of erasing detached history (0.159959ms)
✔ accepts bounded history and empty verified batches (0.514125ms)
✔ rejects wrong batch, future indices, broken sources and contradictory state (0.217375ms)
✔ research labels distinguish absence, release, retained and internal (0.076209ms)
✔ late old responses cannot own a newer research request (0.478875ms)
✔ submission fields are captured values, not mutable form references (0.407958ms)
✔ navigation preserves explicit stock/index/fund/board identity and parameters without auto run (2.922292ms)
✔ ambiguous identity is rejected rather than guessed or numeric code padded (0.138834ms)
✔ query parser rejects incomplete, duplicate, incompatible and mixed-context values (1.075292ms)
✔ snapshot import keeps original data and normalizes optional display metadata (2.923334ms)
✔ reject invalid schema, periods, oversized arrays and impossible candle prices (0.364792ms)
✔ cloud archives retain larger frozen windows and all supported distinct periods (19.947167ms)
✔ import keeps valid frozen outputs and rejects mismatched frozen data instead of recomputing (0.443833ms)
✔ window is exchange local and bounded by the snapshot cutoff (0.517625ms)
✔ missing numbers and candidate status are never promoted (0.103583ms)
✔ amber projection resolves daily and minute labels, ignores open candle (0.281917ms)
✔ three workspaces are keyboard traversable without dropping an existing mode (0.817083ms)
✔ mobile comparison shows exactly the selected snapshot; desktop shows both (0.101542ms)
✔ inactive research never starts automatic work, valid active research does (0.084333ms)
✔ saved single strategy restores market, period, adjustment and all execution costs exactly (3.595208ms)
✔ missing legacy fields disclose supplied defaults instead of claiming complete restoration (0.264292ms)
✔ explicit contradictory market and unsupported instruments are not silently rewritten (1.758042ms)
✔ invalid present fields are errors, not fallback defaults (0.322084ms)
✔ saved links identify records only and cannot inject alternate execution context (0.177875ms)
✔ market entry preserves local dates and strategy, runs only on explicit request (13.698083ms)
✔ boards entry preserves local dates and strategy, runs only on explicit request (4.387208ms)
✔ mixed market context blocks all loading and computation: savedStrategyId (2.601375ms)
✔ mixed market context blocks all loading and computation: optimizationContext (4.209667ms)
✔ mixed market context blocks all loading and computation: autoRun (2.190417ms)
✔ mixed market context blocks all loading and computation: unexpected (1.04675ms)
✔ slow catalog cannot overwrite input with a market entry (3.714417ms)
✔ slow catalog cannot overwrite owner with a market entry (3.195083ms)
✔ catalog-stage input cannot restore saved inputs or dispatch a task (10.325333ms)
✔ catalog-stage params cannot restore saved inputs or dispatch a task (2.0895ms)
✔ catalog-stage owner cannot restore saved inputs or dispatch a task (2.1555ms)
✔ catalog-stage failure cannot restore saved inputs or dispatch a task (5.551291ms)
✔ optimization context restores every execution field and malformed context blocks dispatch (4.002375ms)
✔ actual backtest view loads exact saved context without running, then saves the configuration used (2.683542ms)
✔ saving original radar warmup uses loaded input dates, not hidden form defaults (1.940791ms)
✔ late saved record cannot overwrite owner (2.381542ms)
✔ late saved record cannot overwrite route (1.582833ms)
✔ late saved record cannot overwrite input (1.441125ms)
✔ late saved record cannot overwrite unmount (1.654917ms)
✔ invalid saved context blocks run, while legacy missing fields disclose fallback (5.210542ms)
✔ every execution input invalidates the old result before it can be saved (22.344875ms)
✔ editing a cost while bars are pending never runs the new form on the old request (0.972667ms)
✔ save completion after owner cannot write into a different page or account (1.019875ms)
✔ save completion after route cannot write into a different page or account (2.578ms)
✔ save completion after unmount cannot write into a different page or account (1.295958ms)
✔ audit description translates permissions and never renders arbitrary detail fields (0.476584ms)
✔ audit time is explicitly Shanghai time and invalid data remains readable (45.998833ms)
✔ audit API preserves bounded pagination/filter state and authenticated credentials (63.15725ms)
✔ distinguishes no candidate, failed current audit, and actual invalidation without promoting legacy state (1.22875ms)
✔ filters independent families and directions without merging special and local dual-line evidence (1.406875ms)
✔ searches lifecycle dates and failure reasons with all terms required, retaining original source objects (0.145375ms)
✔ searches diagnostic rejection history without silently reviving historical candidates (0.6395ms)
✔ all excludes bc false, preserves input order and records, and does not infer missing direction (0.1435ms)
✔ legacy diagnostic family is standard, and empty diagnostics do not invent rejection records (0.096541ms)
✔ structural points retain their own confirmation and evidence, never deriving them from a MACD source (0.280834ms)
✔ M1 uses exact existing gates and remains a separate view of its original standard event (0.3895ms)
✔ combined date query finds independent point, prompt and event records without deduplication or additive counts (0.504458ms)
✔ chart date matches structured lifecycle timestamps, not coincidental prose dates (0.840125ms)
✔ minute evidence uses exact exchange-local minute, accepting T/space and refusing missing time (0.269833ms)
✔ chart date includes diagnostic ABC and rejection coverage without inventing open or reversed intervals (0.518875ms)
✔ date scope combines with all filters for structural points and original M1 sources (0.2505ms)
✔ new standard evidence explains price, old blocker and independent special lifecycle (1.062459ms)
✔ new gates include counts, boundary and dates without undefined placeholder (0.215458ms)
✔ legacy comparisons retain old detected confirmed and invalidated dates (0.154542ms)
✔ initial schema and refreshed catalog preserve supplied parameters; strategy change alone resets (7.25625ms)
✔ late catalog defaults are suspended until route validation and then fill only missing fields (0.863166ms)
✔ structure dates remove midnight noise without changing intraday precision (0.573791ms)
✔ centre evidence distinguishes fixed core, outer range and candidate expansion (0.584583ms)
✔ segment evidence includes source prices and reverse proof with one-based labels (0.16325ms)
✔ missing legacy evidence does not invent confirmation (0.096667ms)
✔ special inclusion explains boundary exception without labelling it an ordinary fractal (0.067041ms)
✔ centre relation history distinguishes current candidate from original separation (0.094125ms)
✔ confirmation replay translates raw indices without date matching (0.073708ms)
✔ unknown, invalid or out-of-snapshot confirmations have no replay target (0.072334ms)
✔ connection badge validates shared time, price and alternating direction (0.106709ms)
✔ reverse preview uses observed extreme, not last close or a future target (0.951334ms)
✔ mirrored lows produce an upward reference (0.1085ms)
✔ no invented reference for missing, ambiguous, extending, or invalid inputs (0.105541ms)
✔ replay prefix cannot use a later extreme; ties retain first occurrence (0.108458ms)
✔ ongoing consolidation differs by color, line pattern, and fill (0.104583ms)
✔ actual component captures every selected period and failure; automatic work stays system-origin (15.192042ms)
✔ all collection failures are exportable reports, never empty success or recomputable invented bars (6.20175ms)
✔ missing response rows are retained as explicit errors; unexpected rows or cutoff cannot enter a saved result (6.010709ms)
✔ late study response cannot be saved after account (1.487667ms)
✔ late study response cannot be saved after input (1.804625ms)
✔ late study response cannot be saved after unmount (1.136459ms)
✔ invalid collection coverage cannot silently omit a period during import (1.657959ms)
✔ actual study freezes independent radar lineage, preserves it through import and recompute, and refuses foreign source (6.096792ms)
✔ task stores detached actual inputs, user submission and system polling (2.423416ms)
✔ invalidated submit resolve cannot revive result/error/spinner (2.164875ms)
✔ invalidated submit reject cannot revive result/error/spinner (0.795834ms)
✔ invalidated poll resolve cannot revive result/error/spinner (0.806292ms)
✔ invalidated poll reject cannot revive result/error/spinner (0.603583ms)
✔ earlier request completion cannot stop a newer task or replace its context (1.164ms)
✔ owner change stops polling and cannot attribute prior account result to the new account (0.951584ms)
✔ failed remains failure, never successful completion (0.237ms)
✔ cancelled remains failure, never successful completion (0.10575ms)
✔ timed_out remains failure, never successful completion (0.099542ms)
✔ cancelling is not completed; wrong ID, malformed result and unknown status fail closed (0.703958ms)
✔ deadline aborts polling and explicitly says the server may still be running (16.9665ms)
✔ task API sends captured owner and abort signal; old callers remain compatible (41.143083ms)
✔ progress is bounded, readable work units rather than inferred total percent (0.9835ms)
✔ factor result review freezes complete task data without lookup or recomputation (17.19475ms)
✔ completed phase never publishes result while task is still running (17.165125ms)
✔ untrusted progress cannot be used to publish an apparently completed task (0.55975ms)
✔ historical review uses owner-bound read-only fetch and account invalidation (1.548416ms)
✔ task list rejects malformed responses instead of replacing records with undefined (82.987791ms)
✔ cancelling is not terminal and elapsed values remain readable (0.173584ms)
✔ runBacktestWithPolling waits through cancelling and returns cancelled (2.122375ms)
✔ runBacktestWithPolling waits through cancelling and returns timed_out (3.931458ms)
✔ runSignalScanWithPolling waits through cancelling and returns cancelled (36.696083ms)
✔ runSignalScanWithPolling waits through cancelling and returns timed_out (2.130417ms)
✔ cancel API uses POST, and partial cancelled scan results are never accepted (0.316584ms)
✔ persistent recovery and version mismatch are distinct from completion (0.282833ms)
✔ terminal task deletion handles empty 204 and encodes identity (0.1485ms)
✔ checkpoint presence is not confused with verified reuse or task completion (0.294916ms)
✔ cached completed submission is retrieved rather than shown as running (0.165209ms)
✔ network failures are localized across WebKit, Chromium and Firefox (0.162833ms)
✔ tracking archive preserves raw input, precision, rules and can import read-only (3.681292ms)
✔ missing raw input (0.394333ms)
✔ wrong adjustment (0.360625ms)
✔ wrong period (0.290583ms)
✔ duplicate target (0.260459ms)
✔ false success (0.233583ms)
✔ unknown state (0.183917ms)
✔ cancelled empty expansion and partially completed batches retain actual states (0.244834ms)
✔ failed upload retries same identity and frozen payload, independent new batch gets a new identity (64.2445ms)
✔ late previous-owner save is discarded and never retried as the next account (1.045791ms)
✔ non-finite result stays unsaved rather than converting to null (0.413542ms)
✔ empty selections include every row, including incomplete results (0.554208ms)
✔ same period/column selections are OR, other columns and periods are AND (0.177333ms)
✔ total selection does not bypass other criteria; missing periods never count as neutral signals (0.0775ms)
✔ toggle/removal preserves all other selections and never mutates input (1.088875ms)
✔ status selection uses OR with empty meaning all; can combine with breadth (0.157417ms)
✔ route consumer can unmount and remount while the one sequential analysis continues (16.892209ms)
✔ explicit stop retains completed rows and marks running/unstarted rows cancelled (0.373458ms)
✔ owner change or revoked access clears results and rejects late old publications (0.280292ms)
✔ background completion includes per-target failure and expansion failure without false success (0.273417ms)
✔ cancel during board expansion cannot publish late entries (0.181667ms)
✔ tracking transport binds owner, stops on permission failure and does not relabel name/market requests (16.782792ms)
✔ late auth error on an already-cancelled old transport never stops the next job (0.2375ms)
✔ route delegates lifetime and owns bounded vertical scrolling; application binds ownership (1.054209ms)
✔ finished batches emit independent history even without a route consumer (0.739875ms)
✔ tracking identity separates asset types, exchanges and board catalogues (1.105208ms)
✔ cloud book validates without silently dropping corrupt groups or duplicate entries (2.418542ms)
✔ expansion preserves every member and all board/direct sources, not a 200-row display page (2.01775ms)
✔ membership failure is explicit and malformed partial membership is never accepted (0.385625ms)
✔ batch runs sequentially, keeps partial errors and continues after a failed target (20.105458ms)
✔ cancellation marks in-flight and unstarted rows, ignoring a late success (0.23675ms)
✔ group breadth counts only available periods, never treats failed targets as neutral evidence (0.248667ms)
✔ every clickable breadth count equals matching target count; periods and point families stay independent (0.216333ms)
✔ exact current revision accepts only its own evidence without mutation (1.480042ms)
✔ old partition, stale version, future evidence and false completion are rejected (0.288375ms)
✔ historical audit cannot import a later opposite segment (0.086083ms)
✔ empty partitions and higher-proof priority retain explicit blockers (0.071583ms)
✔ new blockers use Chinese labels without calling prerequisites completion (0.141875ms)
✔ missing comparison interval is explained in Chinese without inventing a date (0.715958ms)
✔ special diagnostics identify each A indicator witness rather than the price witness (0.200791ms)
✔ nonstandard DEA axis gate remains explicit without an improvement requirement (0.369792ms)
✔ DEA tolerance discloses research threshold, precise deviation and near-zero fallback (0.171583ms)
✔ wave evidence separates effective A from original wave and local pivots (5.829208ms)
✔ rounded equal line extrema disclose the precise failed values and witness times (0.198167ms)
✔ comparisons are explicitly research only and preserve B/C axis checks (0.118583ms)
✔ unformed candidate shows Chinese gates, two-decimal values and rejection dates (0.097208ms)
✔ new nonstandard audit explicitly uses full A and first-formed reverse evidence explains gaps (0.169ms)
ℹ tests 665
ℹ suites 0
ℹ pass 665
ℹ fail 0
ℹ cancelled 0
ℹ skipped 0
ℹ todo 0
ℹ duration_ms 10641.215708
→ 打包中…
→ 运行测试…
京东方评级: D 分数: 34.3
维度明细: 卡玛比率=22.7, 最大回撤=27.5, 胜率=33.5, 利润因子=34.1, 夏普比率=41.5, 波动率=50.1
否决: 利润因子 1.11 接近 1，仅勉强盈亏平衡
长线优质策略评级: B 分数: 64.5
维度权重: 卡玛比率=28%, 最大回撤=26%, 胜率=0%, 利润因子=0%, 夏普比率=23%, 波动率=23%
优质案例评级: A 分数: 83.9
寻优点评级: A 74
组合重算指标: { '年化': '20.83%', '回撤': '0.80%', '夏普': '5.27', '卡玛': '26.03' }
稳定上涨组合评级: S 91.8
波动组合重算: { '回撤': '44.15%', '夏普': '-2.64', '持续': 60 }
波动组合评级: D 18.5
✔ 新版组合评级使用后端采样，不按图表柱数重新日线年化 (1.32275ms)
✔ 必要风险指标缺失不能展示为零风险或正常评级 (0.2195ms)
✔ 无穷比率不等于满分，真实零利润因子仍按亏损判断 (0.128917ms)
✔ 京东方回测必须评为 D 档（用户核心诉求验证点） (0.477416ms)
✔ 京东方评分应在 30-43 区间（C 与 D 的边界） (0.099125ms)
✔ 低利润因子触发系统亏损否决 (0.064875ms)
✔ 样本不足（< 10 笔交易）降权但不否决整个评级 (0.142125ms)
✔ 用户实测场景：6年6笔交易 + 高夏普 → 应得 A/B（核心回归测试） (0.1485ms)
✔ 深回撤 > 60% 触发直接 D 否决 (0.112375ms)
✔ 优质回测应得 A 或 S 档 (0.139875ms)
✔ 高回撤但收益高 → 最高 B（一票否决 cap） (0.07575ms)
✔ 插值函数：边界值取端点分数 (0.064291ms)
✔ 插值函数：中间值线性插值 (0.058708ms)
✔ 寻优评级：4 维度降级版 (0.078417ms)
✔ 寻优评级：网格点交易太少 → 降权但评级照常 (0.050667ms)
✔ 组合评级：稳定上涨净值应得 A 或 S (1.815625ms)
✔ 组合评级：高波动深回撤净值 → 低档 (0.548542ms)
✔ combinedMetrics：单点净值返回全 0（兜底） (0.067541ms)
✔ 历史组合仅保留原值，不从曲线推断日线或重算评级 (0.513167ms)
✔ v1-v4、未知版本及不完整依据不伪装为新版结果 (0.557584ms)
✔ 新版结果使用已记录指标，真实 999 和零不被当作历史哨兵 (0.069709ms)
✔ 指标状态缺失或与数值冲突不能产出评级，包括被降权维度 (0.087458ms)
✔ 低交易样本的真实不可用逐笔指标仍可降权，不误拦截可用净值评级 (0.083458ms)
✔ 寻优逐行核验新版采样与候选状态，输入范围不替代候选证据 (0.103708ms)
✔ 完整快照保留精度、真实 0/999、全部指标及版本且不关联可变输入 (0.582334ms)
✔ 策略保存接受真实 Vue 响应式结果，不因 Proxy 无法 structuredClone 而失败 (0.497958ms)
✔ 再次保存历史指标不补造新版计算或评级依据 (0.087667ms)
✔ 对比展示原值并指出版本、周期、范围与利率差异，不自动重算 (0.217916ms)
ℹ tests 28
ℹ suites 0
ℹ pass 28
ℹ fail 0
ℹ cancelled 0
ℹ skipped 0
ℹ todo 0
ℹ duration_ms 95.213959
