
> web-ui@0.0.0 test
> node scripts/run-tests.mjs

✔ tracking is restricted to active administrators and explicitly authorized users (18.562833ms)
✔ presence requires visible focused recent interaction and never negative elapsed time (0.179542ms)
✔ admin query descriptions label metadata and disclose truncated targets (0.683ms)
✔ code labels use market-qualified identities and visible missing-name fallback (0.445625ms)
✔ name hydration is automatic, market-separated, bounded, and abort-aware (87.335458ms)
✔ all current chart inspector evidence stays readable without altering original nested data (7.256708ms)
✔ reject malformed fields reachable from overlays, popovers and every inspector section with exact paths (9.502792ms)
✔ optional old fields and empty failure checkpoints remain readable, no missing-state invention (0.144667ms)
✔ archive calendar validation rejects normalized impossible dates and illegal clock/offset values (3.735292ms)
✔ bar validation compares actual instants, retains raw strings, rejects equal instants and malformed volume (0.389625ms)
✔ existing frozen matrix bar sources remain readable without mutation (22.176792ms)
✔ event lists and evidence-set reordering never imply new or changed signals; originals remain intact (20.312083ms)
✔ state, lifecycle times and unrounded evidence are classified separately on the same identity (0.776458ms)
✔ same date across families and sides remains independent; true event additions/removals are distinct (0.400333ms)
✔ duplicate identities preserve all records and are never paired arbitrarily (3.148041ms)
✔ missing identity does not cause false removals or additions in its collection (0.949833ms)
✔ missing source/list is unknown, not empty or proof of no events (0.332833ms)
✔ never-candidate diagnostics match without A or reference, including special B-only records (0.429459ms)
✔ A trimming changes evidence not identity; original wave anchors and reference changes distinguish bases (0.836542ms)
✔ date normalization preserves intraday, microsecond and timezone distinctions (2.102625ms)
✔ source differences and unknown fields/ordered evidence are retained (0.649458ms)
✔ different instruments, periods or study results are not matched (0.088ms)
✔ structure divergences are supported without inventing MACD wave anchors (0.259209ms)
✔ legacy local migration keeps original payload, precision, versions and unknown fields without upgrading (6.611333ms)
✔ cloud exports use latest metadata but retain the original immutable payload, not old cloud ID/revision (1.462209ms)
✔ study import preserves successful and failed periods plus original warmup and primary metadata (1.289958ms)
✔ unknown, incomplete, oversized and nonfinite backups are rejected, never uploaded as summaries (209.327208ms)
✔ all supported chart outputs preserve full precision, null warmups, style and instance order (9.033542ms)
✔ migration IDs survive rescanning/reload, preserve precision and isolate owners and changed content (14.97ms)
✔ migration rejects missing owners, foreign archives and malformed inputs before upload (0.916584ms)
✔ post-inspection changes never upload under a previously confirmed identity (3.933209ms)
✔ lost response retries the same immutable body and id, without automatic retry or local deletion (2.846ms)
✔ stop or account changes before/after read and upload discard stale results (1.395625ms)
✔ deleted cloud copies are not restored, purged copies and wrong response IDs are not treated as success (1.445625ms)
✔ chart plan freezes original data and uses original identity/window, not current selection (3.188666ms)
✔ missing volume/time/parameters and unsupported length never silently become a smaller/default study (7.460667ms)
✔ study plan preserves actual research settings and saved time labels (0.183083ms)
✔ unrounded path diff distinguishes null, missing, structure, empty arrays, and ordering (0.230916ms)
✔ response must match request, instrument, version, scope and period identities (0.488417ms)
✔ new archive retains original bars/lineage but never relabels frozen old indicators as recomputed (0.360708ms)
✔ study without saved input retains an explicit uncomputed row, never pretends all periods succeeded (0.184083ms)
✔ complete indicator recompute preserves saved settings, checks response and saves only new values (1.347208ms)
✔ missing or unknown saved indicator parameters cannot borrow current defaults (1.178667ms)
✔ original valid study rows retain precision, unknown fields, true zero and no recomputation (5.947625ms)
✔ invalid nested fields become explicit per-period errors, not silently missing rows (1.708417ms)
✔ strict pen fields reject coercion and preserve historical source errors without reading their invalid nested fields (0.49425ms)
✔ duplicates are not cherry-picked and malformed or future rows remain in original-record entries (0.155125ms)
✔ full backtest file and cloud envelope retain all fields; no implicit Chanlun recompute (2.982666ms)
✔ invalid cash cannot become a readable archive (0.118209ms)
✔ invalid params cannot become a readable archive (0.07975ms)
✔ invalid adjust cannot become a readable archive (0.093667ms)
✔ invalid null lineage cannot become a readable archive (0.129833ms)
✔ invalid net value cannot become a readable archive (0.087833ms)
✔ invalid future trade cannot become a readable archive (0.077084ms)
✔ invalid duplicate date cannot become a readable archive (0.073291ms)
✔ invalid missing metrics cannot become a readable archive (0.074541ms)
✔ invalid nested infinity cannot become a readable archive (0.141791ms)
✔ invalid coerced rejected cannot become a readable archive (0.094833ms)
✔ actual store freezes submitted input and result separately from later source mutation (314.688833ms)
✔ actual store rejects stale or failed owner run and clears prior archive (29.037625ms)
✔ actual store rejects stale or failed input run and clears prior archive (32.381833ms)
✔ actual store rejects stale or failed clear run and clears prior archive (13.70925ms)
✔ actual store rejects stale or failed failure run and clears prior archive (16.812291ms)
✔ trade lookup keeps the exact minute across separators, precision and days (0.705583ms)
✔ date-only values cannot choose the midnight bar of an ambiguous day (0.081125ms)
✔ daily and duplicate exact timestamps keep first positional matches (0.075625ms)
✔ nanoseconds and timezone text are not truncated into a false match (0.083833ms)
✔ date labels preserve useful precision without local timezone conversion (0.082958ms)
✔ higher sources resolve actual records and separate original from current review time (1.666ms)
✔ base sources and foreign witness rejection have distinct Chinese descriptions (0.356417ms)
✔ inconsistent candidate has no replay evidence: unknown reason (0.212917ms)
✔ inconsistent candidate has no replay evidence: prototype key (0.163666ms)
✔ inconsistent candidate has no replay evidence: future version (0.092333ms)
✔ inconsistent candidate has no replay evidence: future completion (1.041875ms)
✔ inconsistent candidate has no replay evidence: missing time (0.382958ms)
✔ inconsistent candidate has no replay evidence: empty source (0.142833ms)
✔ inconsistent candidate has no replay evidence: duplicate source (0.148ms)
✔ inconsistent candidate has no replay evidence: unknown source (0.240958ms)
✔ inconsistent candidate has no replay evidence: mixed levels (0.146458ms)
✔ inconsistent candidate has no replay evidence: future child (0.128334ms)
✔ inconsistent candidate has no replay evidence: wrong child level (0.106916ms)
✔ inconsistent candidate has no replay evidence: duplicate record (0.106ms)
✔ inconsistent candidate has no replay evidence: empty record range (0.5965ms)
✔ inconsistent candidate has no replay evidence: gap (0.248208ms)
✔ inconsistent candidate has no replay evidence: wrong parent range (0.352291ms)
✔ inconsistent candidate has no replay evidence: reversed sources (2.73525ms)
✔ inconsistent candidate has no replay evidence: unsafe base number (0.12675ms)
✔ 80 percent transparency is 20 percent alpha, for both candle directions (0.434875ms)
✔ transparency stays finite, integer, and bounded (0.081917ms)
✔ body is symmetric around the unchanged wick across widths and fractional positions (15.517833ms)
✔ horizontal candles preserve every price coordinate (0.103041ms)
✔ missing or non-finite candle layouts are left untouched (0.126458ms)
✔ native ECharts layout remains centred after resize, zoom and data replacement (260.203708ms)
✔ zooming out of large-data line mode restores centred candle bodies (109.191542ms)
✔ structure widths retain existing defaults and hover appearance (1.51025ms)
✔ manual values stay finite, bounded, and at two decimal places (1.462666ms)
✔ raw index overrides rounded dates, including zero (3.208167ms)
✔ legacy intraday dates never fall back to the first bar of the day (0.112833ms)
✔ duplicate formatted times fail safely without a raw index (0.070125ms)
✔ padding keeps the 23px marker plus radius inside the price pane (0.117792ms)
✔ flat, zero and negative ranges get finite padding; invalid extents do not (0.369125ms)
✔ single-bar time link is a thin line limited to each actual plot (0.840666ms)
✔ multi-bar time link has no border and clips to plot, never clamps offscreen data to an edge (0.107584ms)
✔ time links map daily coverage to all minute bars, not a matching ordinal (0.166667ms)
✔ weekly and monthly end-labelled bars cover earlier constituent dates without changing data (2.499333ms)
✔ nearest marker wins regardless of signal family, only co-located points share chooser (0.734875ms)
✔ immutable request cache deduplicates pending work, isolates payload keys and retries errors (1.020833ms)
✔ all six structural types keep extrema and confirmation separate with original evidence (0.58475ms)
✔ legacy records do not invent confirmation or structural sources (0.122792ms)
✔ M1 keeps independent MACD source and original direction, never a structural type (0.334875ms)
✔ all chart layers override independent animation and progressive rendering (1.397667ms)
✔ archive tooltip labels and evidence remain text, not active HTML (0.550292ms)
✔ rejects invalid saved zooms (0.80825ms)
✔ same-snapshot redraw keeps current manually chosen view (0.100791ms)
✔ focus redraw keeps manual zoom; clearing restores pre-focus view (0.07475ms)
✔ switching focus preserves the original return view (0.076584ms)
✔ new snapshot resets saved focus view and never revives old zoom (0.064291ms)
✔ default inactive; moving does not show cards and leaving does not deactivate (1.169084ms)
✔ object previews can read date-card activation without activating it (0.191375ms)
✔ click selects a point; outside click closes; inside click is not dismissed (0.115625ms)
✔ activated cards follow movement until outside dismissal, then require another click (0.118917ms)
✔ zoom clears stale coordinates but preserves activation (0.076541ms)
✔ data reset and Escape deactivate; teardown removes all handlers (0.129334ms)
✔ archive requests bind current owner and bypass browser cache (25.276958ms)
✔ cloud directory validates all rows, quotas and identities without dropping broken entries (5.053208ms)
✔ original detail requires an object payload but action receipts may omit it (0.406875ms)
✔ account change discards delayed success and delayed errors (0.285542ms)
✔ unauthenticated archive requests do not reach server; structured conflicts remain actionable (0.195417ms)
✔ upload retries retain immutable captured body and all numerical precision (0.165625ms)
✔ directed centre chain is candidate evidence, not completion (0.976334ms)
✔ touching, opposing, future, overlapping or malformed chains fail closed (0.236333ms)
✔ single-centre and legacy components remain readable (0.068792ms)
✔ inside, border, reversed y and overlapping rectangles resolve newest first (3.8195ms)
✔ invalid or missing render coordinates cannot create hits (0.116209ms)
✔ popup stays within narrow viewport and near-edge right click (0.567792ms)
✔ roles are Chinese and unknown roles never claim completion (1.303583ms)
✔ source ranges keep one-based indices without disguising gaps (0.264ms)
✔ coverage checks counts, repeats and missing IDs (0.471958ms)
✔ missing, empty and rejected suffix are explicit (0.198ms)
✔ invalid counts and empty blocks cannot pass the coverage audit (0.183458ms)
✔ uses raw indices, allows shared endpoints and bounds zoom padding (0.913333ms)
✔ does not invent a B interval or infer indices from formatted dates (0.087542ms)
✔ rejects partial, reversed, overlapping and out-of-snapshot evidence (0.119ms)
✔ allows inspection of historical failed evidence without reviving it (0.103416ms)
✔ local proof draws frozen exact endpoints only after its actual confirmation (0.155167ms)
✔ dual-line divergence uses two exact raw indices, never artificial ABC ranges (0.085708ms)
✔ dual-line focus rejects missing, duplicate, reversed and out-of-range points (0.082417ms)
✔ special wave focus uses AB and its extreme without inventing C (0.08575ms)
✔ direction, family and lifecycle have independent marker styles (1.130541ms)
✔ no-C dual-line remains a circle and fills only on first reverse-pen confirmation (1.131333ms)
✔ M1 is restricted to confirmed waves with a later actual confirmation (2.627166ms)
✔ four families retain independent records and nonstandard uses a triangle (0.810625ms)
✔ October 4 marker matrix uses shape for family and colour only for direction (0.358458ms)
✔ special AB evidence separates A line extrema from both price anchors and legacy pivots (0.327083ms)
✔ history is opt-in, inactive stays grey hollow, never creates M1 (2.654791ms)
✔ every historical shape uses a continuous hollow contour, including on hover (0.468125ms)
✔ new nonstandard evidence relaxes prices only and records each subtype (0.960625ms)
✔ new dual rule cannot fill without recorded later local confirmation (0.158166ms)
✔ historical engineering match retains original timing without claiming regrouping completion (0.988417ms)
✔ future, stale, mismatched or incomplete evidence fails closed (0.324375ms)
✔ older snapshots and unmatched parts keep existing natural audit available (0.069084ms)
✔ engineering provenance uses the same one-based numbering as other inspectors (9.017ms)
✔ mixed recursion distinguishes consolidation and trend from the old trend view (0.209792ms)
✔ unknown or reversed provenance is not presented as a completed trend (0.076708ms)
✔ indicator and price values use two decimals without inventing missing evidence (0.076291ms)
✔ recursive centre relations never call extension candidates completed types (0.073ms)
✔ admissions distinguish unit confirmation from later failed-return admission (0.058791ms)
✔ display fields retain all text including dates, provenance, and secondary colons (2.301875ms)
✔ narrative, missing evidence, and timestamp headings remain whole (0.250792ms)
✔ selects the exact source without replacing missing comparison periods with the primary (0.435959ms)
✔ prefix audit preserves original warmup snapshot and its own instrument and period (0.567291ms)
✔ rejects invalid positions, missing identity and explicitly unclosed prefix data (0.220208ms)
✔ optimization carries full execution and identity without live defaults (6.836166ms)
✔ malformed, mixed, missing or conflicting optimization context never silently defaults (0.736709ms)
✔ multi original replay preserves costs, slots and adjustment; extend changes only end dates (2.426333ms)
✔ multi rejects corrupt and incompatible slots without dropping or repairing any (0.452ms)
✔ legacy missing settings are disclosed with deterministic defaults, explicit invalid values rejected (0.453125ms)
✔ combining equal-account singles preserves per-slot cash and costs; conflicts rejected not rewritten (1.144333ms)
✔ all candidate states distinguish eligibility from completed natural types (0.731791ms)
✔ opposite geometry identifies reused next-part evidence, including nonzero source IDs (1.291875ms)
✔ external opposite geometry is not added to candidate membership (0.2075ms)
✔ missing, stale, misattributed or future opposite geometry is not displayed as matched (0.164666ms)
✔ preferred endpoints are never called completed types; conflicts are retained (0.096541ms)
✔ opposite base turn is not same-level completion (0.104084ms)
✔ price formatting preserves zero and boundary contact, guards non-finite values (0.125375ms)
✔ candidate audit joins by identity, not response order (0.089667ms)
✔ part audit must match ordinal AND exact raw source IDs, including shifted IDs (0.150042ms)
✔ locates the three raw ranges without relabelling them as MACD or confirmed centres (1.036458ms)
✔ candidate must already be observable at the CURRENT replay prefix (0.171667ms)
✔ no incomplete, waiting or unsupported candidate is given a fabricated range (0.10225ms)
✔ raw bar boundaries must be contiguous and inside the visible window (0.153792ms)
✔ source partitions must cover every original segment once, preserving nonzero IDs (0.115209ms)
✔ conflicting geometric fallback remains viewable for manual audit (0.07875ms)
✔ clearing a regrouping focus restores original zoom; a new replay snapshot does not (0.659917ms)
✔ membership labels distinguish source confirmation from later admission (0.456584ms)
✔ admission witness distinguishes confirmation dependency from geometric membership (0.128709ms)
✔ old or malformed evidence never invents an admission witness (0.35675ms)
✔ real frozen result archives preserve every input, missing tag, precision and failed factor (10.686625ms)
✔ factor cloud envelope imports as independent copy without original identity (2.526166ms)
✔ partial or incompatible archives fail explicitly, not repaired from the current catalog (458.029041ms)
✔ read-only renderer has no execution or market API imports; explicit replay is separate (3.525334ms)
✔ same-account profile refresh preserves replay state; identity changes invalidate synchronously (1.073959ms)
✔ library navigation and Chinese/identifier/family search preserve full matching set (0.57275ms)
✔ availability is evaluated by adjustment and period without mutating selections (3.483666ms)
✔ single and multi-track axes share compact large units and distinct small ticks (0.776ms)
✔ correlation uses its mathematical range; raw factors keep their own scale (0.109958ms)
✔ tiny values remain visible and tooltip raw precision is not rounded (0.0895ms)
✔ percentage is presentation only, gaps and source values are preserved (0.422917ms)
✔ disabled combination does not add implicit weights; enabled selection is explicit (1.012625ms)
✔ actual Python report preserves the combination through export and read-only reopen (34.476333ms)
✔ incomplete or contradictory composition archive is rejected, never repaired (67.491833ms)
✔ horizon selection is bounded, canonical and never silently amended (2.587375ms)
✔ horizon view uses frozen results without changing configuration or primary report (45.06425ms)
✔ all horizons survive draft/export/import and old single archives still read (24.205041ms)
✔ missing windows, wrong labels and disagreement with primary reports fail closed (141.452166ms)
✔ request selection invalidates immediately; display-only switching does not (3.177375ms)
✔ multiple horizons dispatch one explicitly manual request with complete selection (35.702334ms)
✔ named GTJA dependency paths use maximum chain and all edited windows (4.859167ms)
✔ GTJA compound windows and cross-library identical mean ratios are explicit (0.23625ms)
✔ parameter selection copies only active settings without mutating cached settings (0.163375ms)
✔ builtin decimal multiplier, ordering, effective identity and actual labels (0.187958ms)
✔ reset only one parameter, retain other overrides without mutating input (0.099167ms)
✔ history warning uses full effective warmup, not all parameters as rolling windows (0.132375ms)
✔ names and validation use actual windows; equivalent formula choices rejected (0.942042ms)
✔ recompute task request binds owner, source revision and manual intent; polling stays automatic (63.161416ms)
✔ history retains the complete recompute envelope, not just numerical results (115.858083ms)
✔ replay uses shared task invalidation and archive saving preserves replay metadata (2.138292ms)
✔ statistics version is frozen provenance, never inferred as the current version (0.574459ms)
✔ factor glossary accepts standard abbreviations with spaces or underscores (0.168834ms)
✔ factor missing values never become valid zero (0.115459ms)
✔ factor ranking is stable, non-mutating and missing-last in both directions (12.310792ms)
✔ small factor values do not round to fake zeros; raw precision keeps original number (0.332542ms)
✔ compatibility aliases are only shown for exact legacy lookup or active selection (0.619292ms)
✔ series automatic initialization is system intent, only deliberate task submission is a query (20.24525ms)
✔ saved series task reopens as series without lookup, all diagnostics and original inputs survive (8.043583ms)
✔ cleared series execution cannot publish an old stock result (0.96375ms)
✔ live series and history use shared tasks, invalidate on input/account/route and never treat as trading backtest (6.603334ms)
✔ late catalog never submits after unmount, input/account/tab changes, or manual run (0.479459ms)
✔ failed catalog does not silently start default research or publish after leaving (0.255167ms)
✔ favorite IDs are bounded, deduplicated and malformed saved preferences never get overwritten (8.216541ms)
✔ favorites use acknowledgment and only patch their own key; same-session writes serialize (0.521084ms)
✔ failed favorite updates do not pretend success and can retry (0.25025ms)
✔ other preference acknowledgment exposing pending patch cannot fake a saved favorite (10.495334ms)
✔ owner switch clears state immediately and old failure cannot affect new save (5.025875ms)
✔ series compare shares all x axes but preserves independent raw values, scales, gaps and tooltip precision (3.04425ms)
✔ future appending leaves prior plotted values unchanged, missing is never replaced by zero (0.201458ms)
✔ multi-factor comparison is reused in live and read-only views, favorites do not change research settings (1.944709ms)
✔ factor submission marks only explicit dispatch, preserves owner/signal, polling/cancel stay automatic (37.262459ms)
✔ cancel acknowledged during pending poll cannot regress UI or publish partial result (16.360584ms)
✔ late cancellation cannot revive cleared or changed-account task UI (6.6255ms)
✔ unconfirmed cancellation keeps polling; successful task remains recoverable (3.222416ms)
✔ factor panel uses shared execution and distinguishes cancel from detach (0.655416ms)
✔ explicit stock-only finite latest selection; missing and fund/index stay unavailable (1.199458ms)
✔ origin and precision survive JSON and later group membership edits (1.329417ms)
✔ only explicit action writes owner assertion and source revision, never sends computed score (33.03275ms)
✔ late owner response rejected; permission denial and source mismatch not successful (6.266625ms)
✔ time modes construct explicit configs without random dates or implied training (1.873125ms)
✔ invalid dates, hidden shrinkage and numeric coercion are rejected (0.426708ms)
✔ full frozen time results survive import, draft and readonly validation unchanged (8.728333ms)
✔ missing, mismatched and nonfinite temporal archive results fail explicitly (61.022166ms)
✔ changes invalidate synchronously; same-account profile refresh does not change split (9.996459ms)
✔ menus stay inside phone, keyboard and landscape viewports (0.577083ms)
✔ near-bottom controls open upwards without changing ordinary desktop width (0.118417ms)
✔ warmup null, missing and invalid indicator values never become invented zeroes (1.478792ms)
✔ freeze all supported indicator outputs, warmup holes, volume averages and exact numerical precision (25.837375ms)
✔ frozen playback keeps captured values despite different current prices and never queries APIs (2.2015ms)
✔ malformed or mismatched frozen values fail closed, never fall back to recomputation (2.616084ms)
✔ marker hit uses signed stacking offset for both directions, not candle position (0.473916ms)
✔ symbol size and invalid render positions are handled safely (0.090333ms)
✔ market tab changes discard old success and cannot stop the new spinner (237.091625ms)
✔ market late failure after filter cannot resurrect an error (40.361667ms)
✔ market late failure after owner cannot resurrect an error (32.540458ms)
✔ market late failure after unmount cannot resurrect an error (16.631333ms)
✔ directory count failure preserves valid rows; late totals cannot cross markets (23.42825ms)
✔ board selection clears old details and ignores slower preceding member responses (60.268041ms)
✔ board list filter changes invalidate pending member requests and prevent old auto-selection (57.822542ms)
✔ default board preload remains system-origin after manual list refresh (66.529417ms)
✔ belonging response after stock cannot change results or stock history (16.909916ms)
✔ belonging response after owner cannot change results or stock history (24.621208ms)
✔ belonging response after unmount cannot change results or stock history (21.698667ms)
✔ current belonging success records captured stock; concurrent member failure has separate feedback (55.253458ms)
✔ market selection uses loaded market, clears on filters, and distinguishes shared stock/index codes (19.574459ms)
✔ board analysis uses result classification; members require their own market (14.521375ms)
✔ aborted late response cannot publish metadata even if transport ignores abort (22.804375ms)
✔ missing provenance or silently changed adjustment never reaches research (0.150083ms)
✔ reported gaps do not falsely label suspension or prevent inspecting valid candles (0.86725ms)
✔ history fetch consumes one verified range and publishes complete metadata only after validation (0.545292ms)
✔ unclosed response never updates provenance or reaches the backtest (0.230333ms)
✔ null, true zero, infinities and real 999 are distinct after JSON roundtrip (1.457666ms)
✔ single, saved and comparison results retain authoritative metric basis (3.206875ms)
✔ whole proof validated without mutation, and cross-role ownership remains visible (1.003709ms)
✔ stale, future, duplicated, incomplete, falsely completed and mismatched sources rejected (0.326541ms)
✔ base runs cannot masquerade as proofs or own multiple provisional regions (0.077ms)
✔ blocked covers show full conflicts, never fabricated flattened blocks (0.099ms)
✔ labels retain provisional scope (0.065875ms)
✔ all seven MA presets are available but only MA5 and MA10 start visible (3.131625ms)
✔ each chart session gets independent editable settings without changing presets (0.099083ms)
✔ MA presets retain the requested yellow, white, purple, green, cyan, orange, red palette (0.075833ms)
✔ legend retains every MA choice and explicit hidden states override stale chart selection (0.104916ms)
✔ cross-boundary details resolve actual input and nested ownership records (6.284875ms)
✔ unowned reverse evidence stays explicitly unowned for boundary rejection (0.119667ms)
✔ foreign witness can be shown for an otherwise single-owner candidate (0.164083ms)
✔ legacy candidates do not invent missing conflict details (0.131625ms)
✔ damaged detail is not presented: mismatched candidate sources (0.097167ms)
✔ damaged detail is not presented: wrong layer (0.062292ms)
✔ damaged detail is not presented: unknown reverse input (0.064708ms)
✔ damaged detail is not presented: wrong reverse range (0.113875ms)
✔ damaged detail is not presented: reverse overlaps prices (0.08425ms)
✔ damaged detail is not presented: future reverse confirmation (0.116541ms)
✔ damaged detail is not presented: wrong reverse time (0.067125ms)
✔ damaged detail is not presented: incomplete domain list (0.070416ms)
✔ damaged detail is not presented: duplicate domains (0.049417ms)
✔ damaged detail is not presented: noncontinuous domain (0.044917ms)
✔ damaged detail is not presented: foreign domain misses witness (0.047375ms)
✔ damaged detail is not presented: false unowned witness (0.050166ms)
✔ damaged detail is not presented: missing nested record (0.05575ms)
✔ damaged detail is not presented: wrong reason (0.055542ms)
✔ only current owner revisions form the displayed ownership set (5.608916ms)
✔ internal provenance remains distinct and validates enclosing ownership (0.774291ms)
✔ parent-covered history is not labeled as an additional effective input (0.096583ms)
✔ nested provenance validates containment and strictly increasing input levels (0.207667ms)
✔ current owner labels are distinct from creation IDs and tolerate old snapshots (0.097125ms)
✔ summary mode lists every historical address, not just current versions (4.555667ms)
✔ full and missing legacy snapshots stay readable without inventing history (0.112083ms)
✔ all four analysis paths explicitly request summary delivery without changing input (0.388792ms)
✔ complete lifecycle stays chronological, does not mutate input, and uses Chinese labels (1.371625ms)
✔ legacy or future history is not invented (0.121666ms)
✔ dangling, reordered, duplicated, miscounted and conflicting histories fail closed (3.787209ms)
✔ equal counts cannot hide swapped source identities (0.098459ms)
✔ intermediate event boundaries must equal actual inherited and added sources (2.813959ms)
✔ input evidence must exist at the correct level and be available at admission (0.2825ms)
✔ invalid domain sources, membership and parent context fail closed (0.188167ms)
✔ leftward growth, shifted sources and newly filled merge gaps remain valid (0.413667ms)
✔ both periods exclude future and open candles while retaining original warm-up start (0.606083ms)
✔ snapshot observation time caps cutoff; bar start before cutoff is not enough (0.08725ms)
✔ no timeframe fallback or fabricated candles when historical minute range is unavailable (0.080584ms)
✔ index and board snapshots retain NONE adjustment, mismatch is rejected (0.218959ms)
✔ missing completion evidence, timezone timestamps and unordered bars fail explicitly (0.140125ms)
✔ week/month completion boundary comes from provider annotation, not day label (0.099542ms)
✔ matrix defaults to five requested periods and includes separate buy/sell evidence column (17.316333ms)
✔ does not turn current reversal observation into a confirmed opposite pen (0.198666ms)
✔ keeps true zero distinct from missing, and numerical display never overwrites original axis judgment (0.124458ms)
✔ keeps divergence family, extrema and actual confirmation separate; never drops records (42.498959ms)
✔ missing pen and divergence are bounded claims; quality limitations stay visible (0.227458ms)
✔ buy/sell evidence distinguishes missing old archives, no points, structure and M1 (11.334291ms)
✔ portfolio: all original values survive import and cloud envelope; no Chanlun recompute (12.480792ms)
✔ portfolio: actual component fetches only explicitly, binds owner/request/result and freezes capture (31.417875ms)
✔ portfolio: late receipt discarded after owner (1.104834ms)
✔ portfolio: late receipt discarded after request (0.970417ms)
✔ portfolio: late receipt discarded after task (1.197375ms)
✔ portfolio: late receipt discarded after result (1.060166ms)
✔ portfolio: late receipt discarded after busy (0.999667ms)
✔ portfolio: late receipt discarded after unmount (30.177709ms)
✔ portfolio: invalid missing rejected (0.23775ms)
✔ portfolio: invalid allocation rejected (0.758541ms)
✔ portfolio: invalid metadata rejected (0.13925ms)
✔ portfolio: invalid date rejected (0.134292ms)
✔ portfolio: invalid precision rejected (0.221709ms)
✔ portfolio: invalid curve rejected (0.166542ms)
✔ portfolio: invalid request rejected (0.107833ms)
✔ portfolio: invalid trade rejected (0.301084ms)
✔ portfolio: unavailable or different task never falls back to fetching data (5.064292ms)
✔ multi_strategy: all original values survive import and cloud envelope; no Chanlun recompute (0.928708ms)
✔ multi_strategy: actual component fetches only explicitly, binds owner/request/result and freezes capture (1.948708ms)
✔ multi_strategy: late receipt discarded after owner (2.077791ms)
✔ multi_strategy: late receipt discarded after request (0.904708ms)
✔ multi_strategy: late receipt discarded after task (0.750958ms)
✔ multi_strategy: late receipt discarded after result (0.690625ms)
✔ multi_strategy: late receipt discarded after busy (0.720292ms)
✔ multi_strategy: late receipt discarded after unmount (0.738291ms)
✔ multi_strategy: invalid missing rejected (0.116792ms)
✔ multi_strategy: invalid allocation rejected (0.213125ms)
✔ multi_strategy: invalid metadata rejected (0.096875ms)
✔ multi_strategy: invalid date rejected (0.087625ms)
✔ multi_strategy: invalid precision rejected (0.3415ms)
✔ multi_strategy: invalid curve rejected (0.225125ms)
✔ multi_strategy: invalid request rejected (0.106917ms)
✔ multi_strategy: invalid trade rejected (0.118375ms)
✔ multi_strategy: unavailable or different task never falls back to fetching data (2.098042ms)
✔ normalized server defaults may extend but not alter submitted parameters (0.134458ms)
✔ library original/extended multi replay uses saved costs despite global preference changes (193.647708ms)
✔ portfolio load -> actual store task lifecycle -> save uses identical context and all costs (126.533916ms)
✔ portfolio catalog-stage input is isolated before saved fetch (84.382959ms)
✔ portfolio catalog-stage params is isolated before saved fetch (96.321833ms)
✔ portfolio catalog-stage owner is isolated before saved fetch (94.640291ms)
✔ portfolio catalog-stage failure is isolated before saved fetch (46.989583ms)
✔ portfolio catalog-stage empty is isolated before saved fetch (41.418625ms)
✔ pending portfolio cannot survive input (142.477708ms)
✔ pending portfolio cannot survive owner (69.075792ms)
✔ pending portfolio cannot survive unmount (26.420667ms)
✔ store account epoch clears completed results in all four task families (33.261875ms)
✔ runPortfolio old account error is ignored even after switching back (21.632541ms)
✔ runMultiStrategy old account error is ignored even after switching back (25.609417ms)
✔ runOptimize old account error is ignored even after switching back (21.201416ms)
✔ runOptimizeAll old account error is ignored even after switching back (27.683209ms)
✔ optimizer takes an input snapshot before awaiting bars and hands off the result strategy/adjustment (22.479958ms)
✔ portfolio late save cannot close or annotate newly changed configuration (16.487208ms)
✔ library name lookup cannot mix later input or account into a save (67.618167ms)
✔ library saves a multi result with submitted adjustment, not the later global preference (18.76325ms)
✔ late library list cannot replace a newly created record and owner change clears all personal rows (20.5855ms)
✔ portfolio identity rejects mixed markets, repeats and invalid lengths (0.858916ms)
✔ late preference response cannot revert a newer adjustment; queued patch is captured (231.948708ms)
✔ account switch drops old queue, permits new account immediately and ignores late response (8.692584ms)
✔ same-account logout/login does not accept response from prior session epoch (6.055333ms)
✔ failed saves reject caller, do not wedge queue or restore stale role permissions (10.250833ms)
✔ mismatched response owner and logged-out saves are rejected (8.482625ms)
✔ market preference watcher survives the first route unmount and follows owner changes (14.126667ms)
✔ tracking ownership watcher survives route scope disposal and clears on revocation or logout (237.855875ms)
✔ late name hydration cannot write across accounts; new owner hydrates independently (66.571375ms)
✔ sidebar hydration never writes, old-owner timers cancel, failures are handled (125.873542ms)
✔ forming candles preserve OHLC and use dashed empty outlines (0.414666ms)
✔ forming volume and signed MACD columns preserve values and direction (0.534959ms)
✔ query defaults to system, manual intent is synchronous and explicit (2.646708ms)
✔ direct bar snapshot fetch preserves explicit intent, including failed requests (40.838125ms)
✔ pending manual requests do not mark concurrent automatic work or async continuations (0.136833ms)
✔ API dispatch tags manual queries but excludes automatic name lookup and task polling (1.043125ms)
✔ save keeps original full input separate from replay prefix, fully detached from live state (65.918208ms)
✔ same-bar opposite signals remain distinct; source survives JSON import without task or network (4.311ms)
✔ recompute uses only saved chart prefix, keeps original scan signals and version unchanged (3.643791ms)
✔ reject wrong target before saving; never silently drop invalid lineage (1.105125ms)
✔ reject board target before saving; never silently drop invalid lineage (0.623417ms)
✔ reject wrong market before saving; never silently drop invalid lineage (0.270375ms)
✔ reject reference before saving; never silently drop invalid lineage (0.14625ms)
✔ reject invalid date type before saving; never silently drop invalid lineage (0.129959ms)
✔ reject noncanonical cutoff before saving; never silently drop invalid lineage (4.816ms)
✔ reject row summary before saving; never silently drop invalid lineage (22.931875ms)
✔ reject row last date before saving; never silently drop invalid lineage (0.427583ms)
✔ reject outside signal window before saving; never silently drop invalid lineage (0.260875ms)
✔ reject row source before saving; never silently drop invalid lineage (0.214666ms)
✔ reject row requested adjust before saving; never silently drop invalid lineage (0.212167ms)
✔ reject row quality before saving; never silently drop invalid lineage (0.229875ms)
✔ reject open candle before saving; never silently drop invalid lineage (0.129791ms)
✔ reject unsupported storage before saving; never silently drop invalid lineage (7.892292ms)
✔ legacy snapshot without original input still opens without invented source (0.219583ms)
✔ original task references round-trip and legacy references remain distinguishable (2.231083ms)
✔ cache receipt must be a real ID string, never coerced or inherited from another owner (0.349292ms)
✔ all frozen bars and precision survive; changed code is disclosed, not represented as old execution (1.268959ms)
✔ invalid original receipt task stops instead of substituting live data (0.163666ms)
✔ invalid original receipt row stops instead of substituting live data (0.127083ms)
✔ invalid original receipt market stops instead of substituting live data (0.230666ms)
✔ invalid original receipt symbol stops instead of substituting live data (0.298166ms)
✔ invalid original receipt params stops instead of substituting live data (0.19425ms)
✔ invalid original receipt strategy stops instead of substituting live data (0.296042ms)
✔ invalid original receipt fingerprint stops instead of substituting live data (0.221042ms)
✔ invalid original receipt adjust stops instead of substituting live data (4.171125ms)
✔ invalid original receipt signal stops instead of substituting live data (0.769625ms)
✔ invalid original receipt malformed signals stops instead of substituting live data (0.243834ms)
✔ invalid original receipt row error stops instead of substituting live data (0.167917ms)
✔ invalid original receipt storage stops instead of substituting live data (0.253ms)
✔ invalid original receipt version stops instead of substituting live data (0.279959ms)
✔ invalid original receipt missing bars stops instead of substituting live data (0.196625ms)
✔ invalid original receipt null bar stops instead of substituting live data (0.091875ms)
✔ invalid original receipt order stops instead of substituting live data (0.082833ms)
✔ invalid original receipt open bar stops instead of substituting live data (0.079584ms)
✔ invalid original receipt future stops instead of substituting live data (0.061625ms)
✔ invalid original receipt negative duration stops instead of substituting live data (0.066667ms)
✔ invalid original receipt missing cutoff stops instead of substituting live data (0.046167ms)
✔ invalid original receipt number string stops instead of substituting live data (0.056416ms)
✔ invalid original receipt NaN stops instead of substituting live data (0.0495ms)
✔ invalid original receipt bad low stops instead of substituting live data (0.050333ms)
✔ invalid original receipt negative volume stops instead of substituting live data (0.16675ms)
✔ API sends owner and abort signal with no-store; unavailable receipt never calls a live feed (96.216083ms)
✔ radar submits captured owner with manual intent, polls as system, and preserves old cache adjustment (21.831209ms)
✔ late submit after adjust cannot become a scan result or cache (12.129083ms)
✔ late submit after window cannot become a scan result or cache (0.993417ms)
✔ late submit after owner cannot become a scan result or cache (1.311ms)
✔ late submit after roundtrip cannot become a scan result or cache (3.184542ms)
✔ late submit after unmount cannot become a scan result or cache (1.430875ms)
✔ late poll after adjust cannot become a scan result or cache (2.416916ms)
✔ late poll after window cannot become a scan result or cache (3.011042ms)
✔ late poll after owner cannot become a scan result or cache (0.997709ms)
✔ late poll after roundtrip cannot become a scan result or cache (0.864167ms)
✔ late poll after unmount cannot become a scan result or cache (0.8935ms)
✔ a failed new scan cannot re-display or replace old success; explicit retry is independent (0.842709ms)
✔ invalid result rows is never cached (0.6005ms)
✔ invalid result counts is never cached (1.138292ms)
✔ invalid result id is never cached (1.573292ms)
✔ storage denial preserves valid live results with an explicit notice (2.001875ms)
✔ actual picker loads the original complete warmup and stores actual dates, not form defaults (18.055792ms)
✔ failed original input does not fall back to newly fetched prices (1.000416ms)
✔ pending original input cannot commit after owner (10.409ms)
✔ pending original input cannot commit after code (3.752334ms)
✔ pending original input cannot commit after unmount (9.688166ms)
✔ radar review captures row adjustment, exact minute, strategy and original cutoff (0.925625ms)
✔ invalid or legacy reviews fail explicitly without guessing data or adjustment (1.479459ms)
✔ exchange-local dates validate without browser timezone conversion (0.92325ms)
✔ review excludes future and unclosed bars, resets derived fingerprint and reports actual range without mutating source (0.610167ms)
✔ radar cache is owner scoped and malformed/legacy records never enter the UI (0.544667ms)
✔ late messages, close and errors from an old socket cannot affect replacement (1.523625ms)
✔ invalid messages and control responses never become ticks; close reason retained (0.17775ms)
✔ matching versions are selected by case identity without mutation (1.00525ms)
✔ future snapshots, wrong rules, incomplete chains and duplicate cases are rejected (0.216ms)
✔ labels never confuse endpoint consistency or higher-centre proof with completion (0.128375ms)
✔ v2 keeps the detached prefix and v1 remains readable (0.292833ms)
✔ v3 supports trend search while retaining the same ownership guards (0.104792ms)
✔ missing, duplicated, misattributed or silently completed prefix is rejected (0.303625ms)
✔ reincorporation is recorded explicitly instead of erasing detached history (0.133541ms)
✔ accepts bounded history and empty verified batches (0.502584ms)
✔ rejects wrong batch, future indices, broken sources and contradictory state (0.2225ms)
✔ research labels distinguish absence, release, retained and internal (0.07975ms)
✔ late old responses cannot own a newer research request (0.49975ms)
✔ submission fields are captured values, not mutable form references (1.250167ms)
✔ navigation preserves explicit stock/index/fund/board identity and parameters without auto run (2.573833ms)
✔ ambiguous identity is rejected rather than guessed or numeric code padded (0.154208ms)
✔ query parser rejects incomplete, duplicate, incompatible and mixed-context values (1.010125ms)
✔ snapshot import keeps original data and normalizes optional display metadata (2.669916ms)
✔ reject invalid schema, periods, oversized arrays and impossible candle prices (0.381ms)
✔ cloud archives retain larger frozen windows and all supported distinct periods (13.6605ms)
✔ import keeps valid frozen outputs and rejects mismatched frozen data instead of recomputing (0.797958ms)
✔ window is exchange local and bounded by the snapshot cutoff (0.478583ms)
✔ missing numbers and candidate status are never promoted (0.080125ms)
✔ amber projection resolves daily and minute labels, ignores open candle (0.256583ms)
✔ three workspaces are keyboard traversable without dropping an existing mode (6.558084ms)
✔ mobile comparison shows exactly the selected snapshot; desktop shows both (0.427292ms)
✔ inactive research never starts automatic work, valid active research does (0.229209ms)
✔ saved single strategy restores market, period, adjustment and all execution costs exactly (3.675209ms)
✔ missing legacy fields disclose supplied defaults instead of claiming complete restoration (1.0715ms)
✔ explicit contradictory market and unsupported instruments are not silently rewritten (0.848333ms)
✔ invalid present fields are errors, not fallback defaults (0.316333ms)
✔ saved links identify records only and cannot inject alternate execution context (0.189458ms)
✔ market entry preserves local dates and strategy, runs only on explicit request (7.683084ms)
✔ boards entry preserves local dates and strategy, runs only on explicit request (1.43075ms)
✔ mixed market context blocks all loading and computation: savedStrategyId (1.074458ms)
✔ mixed market context blocks all loading and computation: optimizationContext (1.456083ms)
✔ mixed market context blocks all loading and computation: autoRun (1.126375ms)
✔ mixed market context blocks all loading and computation: unexpected (1.035708ms)
✔ slow catalog cannot overwrite input with a market entry (3.949584ms)
✔ slow catalog cannot overwrite owner with a market entry (2.525791ms)
✔ catalog-stage input cannot restore saved inputs or dispatch a task (2.154291ms)
✔ catalog-stage params cannot restore saved inputs or dispatch a task (1.731667ms)
✔ catalog-stage owner cannot restore saved inputs or dispatch a task (2.323459ms)
✔ catalog-stage failure cannot restore saved inputs or dispatch a task (1.492375ms)
✔ optimization context restores every execution field and malformed context blocks dispatch (1.411792ms)
✔ actual backtest view loads exact saved context without running, then saves the configuration used (1.140458ms)
✔ saving original radar warmup uses loaded input dates, not hidden form defaults (1.160292ms)
✔ late saved record cannot overwrite owner (1.457375ms)
✔ late saved record cannot overwrite route (1.187917ms)
✔ late saved record cannot overwrite input (1.064708ms)
✔ late saved record cannot overwrite unmount (1.461291ms)
✔ invalid saved context blocks run, while legacy missing fields disclose fallback (3.4635ms)
✔ every execution input invalidates the old result before it can be saved (16.080542ms)
✔ editing a cost while bars are pending never runs the new form on the old request (0.983625ms)
✔ save completion after owner cannot write into a different page or account (1.096708ms)
✔ save completion after route cannot write into a different page or account (1.056292ms)
✔ save completion after unmount cannot write into a different page or account (1.024125ms)
✔ audit description translates permissions and never renders arbitrary detail fields (0.485625ms)
✔ audit time is explicitly Shanghai time and invalid data remains readable (16.844583ms)
✔ audit API preserves bounded pagination/filter state and authenticated credentials (12.892708ms)
✔ distinguishes no candidate, failed current audit, and actual invalidation without promoting legacy state (1.0705ms)
✔ filters independent families and directions without merging special and local dual-line evidence (2.255958ms)
✔ searches lifecycle dates and failure reasons with all terms required, retaining original source objects (0.135625ms)
✔ searches diagnostic rejection history without silently reviving historical candidates (0.396917ms)
✔ all excludes bc false, preserves input order and records, and does not infer missing direction (0.136083ms)
✔ legacy diagnostic family is standard, and empty diagnostics do not invent rejection records (0.098791ms)
✔ structural points retain their own confirmation and evidence, never deriving them from a MACD source (0.28325ms)
✔ M1 uses exact existing gates and remains a separate view of its original standard event (0.223959ms)
✔ combined date query finds independent point, prompt and event records without deduplication or additive counts (0.118ms)
✔ chart date matches structured lifecycle timestamps, not coincidental prose dates (0.738625ms)
✔ minute evidence uses exact exchange-local minute, accepting T/space and refusing missing time (0.34275ms)
✔ chart date includes diagnostic ABC and rejection coverage without inventing open or reversed intervals (0.531208ms)
✔ date scope combines with all filters for structural points and original M1 sources (0.264875ms)
✔ new standard evidence explains price, old blocker and independent special lifecycle (1.091834ms)
✔ new gates include counts, boundary and dates without undefined placeholder (0.215334ms)
✔ legacy comparisons retain old detected confirmed and invalidated dates (0.154375ms)
✔ initial schema and refreshed catalog preserve supplied parameters; strategy change alone resets (3.634375ms)
✔ late catalog defaults are suspended until route validation and then fill only missing fields (0.659167ms)
✔ structure dates remove midnight noise without changing intraday precision (0.509792ms)
✔ centre evidence distinguishes fixed core, outer range and candidate expansion (0.575416ms)
✔ segment evidence includes source prices and reverse proof with one-based labels (0.161375ms)
✔ missing legacy evidence does not invent confirmation (0.096167ms)
✔ special inclusion explains boundary exception without labelling it an ordinary fractal (0.061916ms)
✔ centre relation history distinguishes current candidate from original separation (0.096708ms)
✔ confirmation replay translates raw indices without date matching (0.072417ms)
✔ unknown, invalid or out-of-snapshot confirmations have no replay target (0.074625ms)
✔ connection badge validates shared time, price and alternating direction (0.1105ms)
✔ reverse preview uses observed extreme, not last close or a future target (0.884042ms)
✔ mirrored lows produce an upward reference (0.115875ms)
✔ no invented reference for missing, ambiguous, extending, or invalid inputs (0.103792ms)
✔ replay prefix cannot use a later extreme; ties retain first occurrence (0.096459ms)
✔ ongoing consolidation differs by color, line pattern, and fill (0.101792ms)
✔ actual component captures every selected period and failure; automatic work stays system-origin (18.991ms)
✔ all collection failures are exportable reports, never empty success or recomputable invented bars (4.791584ms)
✔ missing response rows are retained as explicit errors; unexpected rows or cutoff cannot enter a saved result (4.323709ms)
✔ late study response cannot be saved after account (0.959667ms)
✔ late study response cannot be saved after input (0.893ms)
✔ late study response cannot be saved after unmount (0.787208ms)
✔ invalid collection coverage cannot silently omit a period during import (1.717417ms)
✔ actual study freezes independent radar lineage, preserves it through import and recompute, and refuses foreign source (3.412709ms)
✔ task stores detached actual inputs, user submission and system polling (1.784792ms)
✔ invalidated submit resolve cannot revive result/error/spinner (1.78625ms)
✔ invalidated submit reject cannot revive result/error/spinner (5.216584ms)
✔ invalidated poll resolve cannot revive result/error/spinner (1.639875ms)
✔ invalidated poll reject cannot revive result/error/spinner (1.303375ms)
✔ earlier request completion cannot stop a newer task or replace its context (1.80575ms)
✔ owner change stops polling and cannot attribute prior account result to the new account (2.688ms)
✔ failed remains failure, never successful completion (0.949584ms)
✔ cancelled remains failure, never successful completion (0.450916ms)
✔ timed_out remains failure, never successful completion (0.129417ms)
✔ cancelling is not completed; wrong ID, malformed result and unknown status fail closed (3.001875ms)
✔ deadline aborts polling and explicitly says the server may still be running (15.9755ms)
✔ task API sends captured owner and abort signal; old callers remain compatible (23.598625ms)
✔ progress is bounded, readable work units rather than inferred total percent (0.865083ms)
✔ factor result review freezes complete task data without lookup or recomputation (29.383125ms)
✔ completed phase never publishes result while task is still running (19.167375ms)
✔ untrusted progress cannot be used to publish an apparently completed task (0.2675ms)
✔ historical review uses owner-bound read-only fetch and account invalidation (0.914916ms)
✔ task list rejects malformed responses instead of replacing records with undefined (20.248917ms)
✔ cancelling is not terminal and elapsed values remain readable (0.152625ms)
✔ runBacktestWithPolling waits through cancelling and returns cancelled (3.287ms)
✔ runBacktestWithPolling waits through cancelling and returns timed_out (1.45425ms)
✔ runSignalScanWithPolling waits through cancelling and returns cancelled (1.907125ms)
✔ runSignalScanWithPolling waits through cancelling and returns timed_out (1.981791ms)
✔ cancel API uses POST, and partial cancelled scan results are never accepted (2.326292ms)
✔ persistent recovery and version mismatch are distinct from completion (0.294583ms)
✔ terminal task deletion handles empty 204 and encodes identity (0.150834ms)
✔ checkpoint presence is not confused with verified reuse or task completion (0.302625ms)
✔ cached completed submission is retrieved rather than shown as running (0.174166ms)
✔ network failures are localized across WebKit, Chromium and Firefox (0.156625ms)
✔ tracking archive preserves raw input, precision, rules and can import read-only (4.814375ms)
✔ missing raw input (0.227208ms)
✔ wrong adjustment (0.095042ms)
✔ wrong period (0.098792ms)
✔ duplicate target (0.110875ms)
✔ false success (0.095916ms)
✔ unknown state (0.0655ms)
✔ cancelled empty expansion and partially completed batches retain actual states (0.116458ms)
✔ failed upload retries same identity and frozen payload, independent new batch gets a new identity (17.817292ms)
✔ late previous-owner save is discarded and never retried as the next account (0.365875ms)
✔ non-finite result stays unsaved rather than converting to null (0.161167ms)
✔ empty selections include every row, including incomplete results (1.018959ms)
✔ same period/column selections are OR, other columns and periods are AND (0.373625ms)
✔ total selection does not bypass other criteria; missing periods never count as neutral signals (0.216125ms)
✔ toggle/removal preserves all other selections and never mutates input (1.170917ms)
✔ status selection uses OR with empty meaning all; can combine with breadth (0.119417ms)
✔ route consumer can unmount and remount while the one sequential analysis continues (3.38625ms)
✔ explicit stop retains completed rows and marks running/unstarted rows cancelled (0.342708ms)
✔ owner change or revoked access clears results and rejects late old publications (0.274417ms)
✔ background completion includes per-target failure and expansion failure without false success (0.276459ms)
✔ cancel during board expansion cannot publish late entries (0.825625ms)
✔ tracking transport binds owner, stops on permission failure and does not relabel name/market requests (16.957084ms)
✔ late auth error on an already-cancelled old transport never stops the next job (0.524375ms)
✔ route delegates lifetime and owns bounded vertical scrolling; application binds ownership (0.968417ms)
✔ finished batches emit independent history even without a route consumer (0.993708ms)
✔ tracking identity separates asset types, exchanges and board catalogues (2.2075ms)
✔ cloud book validates without silently dropping corrupt groups or duplicate entries (0.765125ms)
✔ expansion preserves every member and all board/direct sources, not a 200-row display page (2.179833ms)
✔ membership failure is explicit and malformed partial membership is never accepted (0.263667ms)
✔ batch runs sequentially, keeps partial errors and continues after a failed target (13.679875ms)
✔ cancellation marks in-flight and unstarted rows, ignoring a late success (0.197208ms)
✔ group breadth counts only available periods, never treats failed targets as neutral evidence (0.251042ms)
✔ every clickable breadth count equals matching target count; periods and point families stay independent (0.205791ms)
✔ exact current revision accepts only its own evidence without mutation (7.302375ms)
✔ old partition, stale version, future evidence and false completion are rejected (0.725541ms)
✔ historical audit cannot import a later opposite segment (0.102125ms)
✔ empty partitions and higher-proof priority retain explicit blockers (0.08275ms)
✔ new blockers use Chinese labels without calling prerequisites completion (0.154375ms)
✔ missing comparison interval is explained in Chinese without inventing a date (0.656333ms)
✔ special diagnostics identify each A indicator witness rather than the price witness (0.172458ms)
✔ nonstandard DEA axis gate remains explicit without an improvement requirement (0.138125ms)
✔ DEA tolerance discloses research threshold, precise deviation and near-zero fallback (0.165333ms)
✔ wave evidence separates effective A from original wave and local pivots (0.721916ms)
✔ rounded equal line extrema disclose the precise failed values and witness times (0.123417ms)
✔ comparisons are explicitly research only and preserve B/C axis checks (0.099541ms)
✔ unformed candidate shows Chinese gates, two-decimal values and rejection dates (0.094792ms)
✔ new nonstandard audit explicitly uses full A and first-formed reverse evidence explains gaps (0.104083ms)
ℹ tests 665
ℹ suites 0
ℹ pass 665
ℹ fail 0
ℹ cancelled 0
ℹ skipped 0
ℹ todo 0
ℹ duration_ms 9073.269084
→ 打包中…
→ 运行测试…
京东方评级: D 分数: 34.3
维度明细: 卡玛比率=22.7, 最大回撤=27.5, 胜率=33.5, 利润因子=34.1, 夏普比率=41.5, 波动率=50.1
否决: 利润因子 1.11 接近 1，仅勉强盈亏平衡
长线优质策略评级: B 分数: 64.5
维度权重: 卡玛比率=28%, 最大回撤=26%, 胜率=0%, 利润因子=0%, 夏普比率=23%, 波动率=23%
优质案例评级: A 分数: 83.9
寻优点评级: A 74
组合重算指标: { '年化': '20.83%', '回撤': '0.80%', '夏普': '5.27', '卡玛': '26.03' }
稳定上涨组合评级: S 91.8
波动组合重算: { '回撤': '44.15%', '夏普': '-2.64', '持续': 60 }
波动组合评级: D 18.5
✔ 新版组合评级使用后端采样，不按图表柱数重新日线年化 (1.375666ms)
✔ 必要风险指标缺失不能展示为零风险或正常评级 (0.222334ms)
✔ 无穷比率不等于满分，真实零利润因子仍按亏损判断 (0.133125ms)
✔ 京东方回测必须评为 D 档（用户核心诉求验证点） (0.463959ms)
✔ 京东方评分应在 30-43 区间（C 与 D 的边界） (0.109416ms)
✔ 低利润因子触发系统亏损否决 (0.069875ms)
✔ 样本不足（< 10 笔交易）降权但不否决整个评级 (0.131791ms)
✔ 用户实测场景：6年6笔交易 + 高夏普 → 应得 A/B（核心回归测试） (0.146167ms)
✔ 深回撤 > 60% 触发直接 D 否决 (0.111875ms)
✔ 优质回测应得 A 或 S 档 (0.133334ms)
✔ 高回撤但收益高 → 最高 B（一票否决 cap） (0.081792ms)
✔ 插值函数：边界值取端点分数 (0.069041ms)
✔ 插值函数：中间值线性插值 (0.048708ms)
✔ 寻优评级：4 维度降级版 (0.080125ms)
✔ 寻优评级：网格点交易太少 → 降权但评级照常 (0.046333ms)
✔ 组合评级：稳定上涨净值应得 A 或 S (1.995166ms)
✔ 组合评级：高波动深回撤净值 → 低档 (0.548208ms)
✔ combinedMetrics：单点净值返回全 0（兜底） (0.048834ms)
✔ 历史组合仅保留原值，不从曲线推断日线或重算评级 (0.421291ms)
✔ v1-v4、未知版本及不完整依据不伪装为新版结果 (0.528208ms)
✔ 新版结果使用已记录指标，真实 999 和零不被当作历史哨兵 (0.067125ms)
✔ 指标状态缺失或与数值冲突不能产出评级，包括被降权维度 (0.086959ms)
✔ 低交易样本的真实不可用逐笔指标仍可降权，不误拦截可用净值评级 (0.076458ms)
✔ 寻优逐行核验新版采样与候选状态，输入范围不替代候选证据 (0.099625ms)
✔ 完整快照保留精度、真实 0/999、全部指标及版本且不关联可变输入 (0.658875ms)
✔ 策略保存接受真实 Vue 响应式结果，不因 Proxy 无法 structuredClone 而失败 (0.622625ms)
✔ 再次保存历史指标不补造新版计算或评级依据 (0.11275ms)
✔ 对比展示原值并指出版本、周期、范围与利率差异，不自动重算 (0.31025ms)
ℹ tests 28
ℹ suites 0
ℹ pass 28
ℹ fail 0
ℹ cancelled 0
ℹ skipped 0
ℹ todo 0
ℹ duration_ms 97.661916
