
> web-ui@0.0.0 build
> vue-tsc -b && vite build

vite v8.1.3 building client environment for production...
[2Ktransforming...✓ 1105 modules transformed.
rendering chunks...
computing gzip size...
dist/index.html                                      0.74 kB │ gzip:   0.48 kB
dist/assets/AdjustPicker-D00KpYkY.css                0.38 kB │ gzip:   0.20 kB
dist/assets/ChanlunTargetPicker-D-d8ErAX.css         0.42 kB │ gzip:   0.22 kB
dist/assets/StockQueryField-DZM9BaFv.css             0.51 kB │ gzip:   0.31 kB
dist/assets/MetricStateNotes-Ds5ln-hd.css            0.65 kB │ gzip:   0.32 kB
dist/assets/SymbolPicker-BRRK5lsO.css                0.66 kB │ gzip:   0.32 kB
dist/assets/FactorArchiveTools-D6aN1ziX.css          0.68 kB │ gzip:   0.35 kB
dist/assets/StocksPicker-DtZSuV36.css                0.87 kB │ gzip:   0.36 kB
dist/assets/PerformanceContextNote-B1O3ZqFf.css      1.09 kB │ gzip:   0.51 kB
dist/assets/backtest-z6wr6NnL.css                    1.16 kB │ gzip:   0.47 kB
dist/assets/PortfolioSummaryTable-DuOi_Kod.css       1.46 kB │ gzip:   0.58 kB
dist/assets/ResearchNavigationBar-CHjWWZBp.css       1.60 kB │ gzip:   0.56 kB
dist/assets/ResearchEntryContext-D-_RhXbO.css        1.60 kB │ gzip:   0.55 kB
dist/assets/DataGrid-wmKp9PWY.css                    1.63 kB │ gzip:   0.67 kB
dist/assets/DataProvenance-rwYj3IKj.css              1.71 kB │ gzip:   0.60 kB
dist/assets/NumberStepper-8K7Mvx4I.css               1.78 kB │ gzip:   0.66 kB
dist/assets/StrategyPicker-B8xuoqXR.css              1.90 kB │ gzip:   0.62 kB
dist/assets/CompareView-DXTNS9rD.css                 2.53 kB │ gzip:   0.75 kB
dist/assets/MarketCenterView-B4QMzyP-.css            2.71 kB │ gzip:   0.86 kB
dist/assets/ServerSettingsView-Dr8cBAAI.css          2.99 kB │ gzip:   0.85 kB
dist/assets/ChartFrame-DpbssJ_h.css                  3.16 kB │ gzip:   0.82 kB
dist/assets/BoardResearchView-t3jinDma.css           3.19 kB │ gzip:   0.96 kB
dist/assets/ExtendedMarketView-DmyMqztu.css          3.27 kB │ gzip:   0.97 kB
dist/assets/IntradayResearchView-Dozupkkc.css        3.44 kB │ gzip:   1.06 kB
dist/assets/ResultDataProvenance-C84gzG9S.css        3.61 kB │ gzip:   1.03 kB
dist/assets/MacSelect-8VETZDy2.css                   3.64 kB │ gzip:   1.12 kB
dist/assets/AdminDataCenterView-CxKBhypf.css         4.03 kB │ gzip:   1.09 kB
dist/assets/PortfolioView-DiSHYMkO.css               4.07 kB │ gzip:   0.99 kB
dist/assets/StockHistoryMenu-BZAt5rDk.css            4.53 kB │ gzip:   1.28 kB
dist/assets/BacktestView-C_gwZXLU.css                5.09 kB │ gzip:   1.31 kB
dist/assets/OptimizeView-CKCk_lXy.css                6.61 kB │ gzip:   1.78 kB
dist/assets/LoginView-C6otUSAi.css                   7.39 kB │ gzip:   2.13 kB
dist/assets/KlineChart-B9kDaKzs.css                  8.52 kB │ gzip:   2.12 kB
dist/assets/AccountView-Daq4dcue.css                 8.78 kB │ gzip:   2.05 kB
dist/assets/TrackingView-BpXChY99.css                9.96 kB │ gzip:   2.20 kB
dist/assets/StrategiesView-sORTs1Aa.css             10.87 kB │ gzip:   2.35 kB
dist/assets/SignalRadarView-C4HuODLB.css            12.89 kB │ gzip:   2.91 kB
dist/assets/AdminAccountsView-CwR5QG-s.css          15.09 kB │ gzip:   3.26 kB
dist/assets/CompanyResearchView-BVn318qQ.css        22.45 kB │ gzip:   4.10 kB
dist/assets/QuantResearchView-Du7Kphp0.css          28.24 kB │ gzip:   5.18 kB
dist/assets/index-Bf2mkRZZ.css                      29.20 kB │ gzip:   6.76 kB
dist/assets/CloudResearchArchives-C20uUg9K.css      43.56 kB │ gzip:   7.60 kB
dist/assets/ChanlunView-fiLNWjHs.css               117.43 kB │ gzip:  18.51 kB
dist/assets/format-BbMv5Yas.js                       0.08 kB │ gzip:   0.10 kB
dist/assets/mobile-settings-UIQHJMeG.js              0.23 kB │ gzip:   0.20 kB
dist/assets/research-input-C5-rhLeS.js               0.33 kB │ gzip:   0.23 kB
dist/assets/chanlun-target-CMpZPZyB.js               0.55 kB │ gzip:   0.31 kB
dist/assets/market-preferences-DOlx1w25.js           0.74 kB │ gzip:   0.53 kB
dist/assets/AdjustPicker-DGVa-LG9.js                 0.80 kB │ gzip:   0.57 kB
dist/assets/bar-time-CQCKboTN.js                     0.90 kB │ gzip:   0.48 kB
dist/assets/StockQueryField-Cwu52MI8.js              1.08 kB │ gzip:   0.69 kB
dist/assets/FactorArchiveTools-ZJ-zm33z.js           1.39 kB │ gzip:   0.95 kB
dist/assets/StocksPicker-D6KNvOId.js                 1.75 kB │ gzip:   1.05 kB
dist/assets/PerformanceContextNote-CJdVHU22.js       1.79 kB │ gzip:   1.07 kB
dist/assets/ResearchNavigationBar-CWdxCFmp.js        2.24 kB │ gzip:   1.23 kB
dist/assets/stock-history-acyDQmrq.js                2.33 kB │ gzip:   1.17 kB
dist/assets/MetricStateNotes-B6m6Lb2w.js             2.35 kB │ gzip:   1.50 kB
dist/assets/NumberStepper-Cyz5EqI5.js                2.56 kB │ gzip:   1.23 kB
dist/assets/performance-context-DePIsEwc.js          2.59 kB │ gzip:   1.38 kB
dist/assets/DataProvenance-CBHU4yBz.js               3.33 kB │ gzip:   1.46 kB
dist/assets/research-navigation-BkwVW8EX.js          3.50 kB │ gzip:   1.72 kB
dist/assets/task-execution-DF0vcpvs.js               3.54 kB │ gzip:   1.84 kB
dist/assets/DataGrid-d5gVxYx1.js                     3.69 kB │ gzip:   2.04 kB
dist/assets/AdminDataCenterView-DqysmIku.js          3.75 kB │ gzip:   1.93 kB
dist/assets/ChanlunTargetPicker-BM02ZzT4.js          3.77 kB │ gzip:   1.79 kB
dist/assets/ServerSettingsView-CDs_a3fO.js           4.05 kB │ gzip:   1.99 kB
dist/assets/StockHistoryMenu-DfbHmGNM.js             4.20 kB │ gzip:   1.99 kB
dist/assets/ResearchEntryContext-C59g0VGv.js         4.24 kB │ gzip:   2.14 kB
dist/assets/execution-context-CULnW0KE.js            4.40 kB │ gzip:   2.07 kB
dist/assets/StrategyPicker-CJ6XJRBu.js               4.57 kB │ gzip:   2.07 kB
dist/assets/SymbolPicker-BwMw73_M.js                 5.06 kB │ gzip:   2.44 kB
dist/assets/MacSelect-DhnjRh8z.js                    5.32 kB │ gzip:   2.23 kB
dist/assets/LoginView-LFAaDyDF.js                    5.44 kB │ gzip:   2.54 kB
dist/assets/ExtendedMarketView-CGD0yCus.js           5.74 kB │ gzip:   2.67 kB
dist/assets/ResultDataProvenance-BhBFB74b.js         5.77 kB │ gzip:   2.52 kB
dist/assets/PortfolioSummaryTable-NLFJwOpS.js        6.30 kB │ gzip:   3.31 kB
dist/assets/CompareView-DrQlLG9Z.js                  6.42 kB │ gzip:   2.97 kB
dist/assets/MarketCenterView-Cx3fNNH3.js             7.37 kB │ gzip:   3.14 kB
dist/assets/IntradayResearchView-CCXplUgy.js         9.38 kB │ gzip:   4.33 kB
dist/assets/BoardResearchView-BhvJOW7T.js            9.58 kB │ gzip:   3.98 kB
dist/assets/SignalRadarView-_A_kdYVM.js             11.49 kB │ gzip:   5.02 kB
dist/assets/AccountView-ji2LUkmg.js                 11.72 kB │ gzip:   5.02 kB
dist/assets/PortfolioView-DBWr8Ils.js               15.21 kB │ gzip:   5.93 kB
dist/assets/backtest-D0I1kori.js                    15.62 kB │ gzip:   6.22 kB
dist/assets/BacktestView-qNtnV5Oz.js                18.26 kB │ gzip:   7.52 kB
dist/assets/KlineChart-hBmpvkH0.js                  20.90 kB │ gzip:   8.99 kB
dist/assets/TrackingView-DxZHnmCX.js                20.95 kB │ gzip:   8.68 kB
dist/assets/StrategiesView-RCUhujJG.js              23.87 kB │ gzip:   9.13 kB
dist/assets/AdminAccountsView-CsdkdE5y.js           25.53 kB │ gzip:   9.74 kB
dist/assets/OptimizeView-CBcWJNNE.js                28.62 kB │ gzip:  11.32 kB
dist/assets/QuantResearchView-IreRzqaZ.js           55.76 kB │ gzip:  19.73 kB
dist/assets/index-Dp9NuI3U.js                       85.26 kB │ gzip:  33.77 kB
dist/assets/_plugin-vue_export-helper-BdoVfNgE.js   92.44 kB │ gzip:  34.65 kB
dist/assets/CompanyResearchView-3gJ3sth_.js         99.06 kB │ gzip:  33.69 kB
dist/assets/ChanlunView-BYoAlC2S.js                228.60 kB │ gzip:  69.94 kB
dist/assets/CloudResearchArchives-XflUVaSl.js      240.89 kB │ gzip:  81.67 kB
dist/assets/ChartFrame-DmpP_Jwl.js                 682.16 kB │ gzip: 228.00 kB

[plugin builtin:vite-reporter] 
(!) Some chunks are larger than 500 kB after minification. Consider:
- Using dynamic import() to code-split the application
- Use build.rolldownOptions.output.codeSplitting to improve chunking: https://rolldown.rs/reference/OutputOptions.codeSplitting
- Adjust chunk size limit for this warning via build.chunkSizeWarningLimit.
✓ built in 1.07s
