........................................................................ [  6%]
........................................................................ [ 13%]
........................................................................ [ 20%]
........................................................................ [ 27%]
........................................................................ [ 33%]
........................................................................ [ 40%]
........................................................................ [ 47%]
........................................................................ [ 54%]
........................................................................ [ 61%]
........................................................................ [ 67%]
........................................................................ [ 74%]
........................................................................ [ 81%]
........................................................................ [ 88%]
........................................................................ [ 95%]
...................................................                      [100%]
=============================== warnings summary ===============================
.venv/lib/python3.10/site-packages/starlette/testclient.py:37
  /Users/bowen/Documents/Python/Google/TDX-work/.venv/lib/python3.10/site-packages/starlette/testclient.py:37: DeprecationWarning: The anyio.abc.BlockingPortal alias is deprecated, use anyio.from_thread.BlockingPortal instead.
    _PortalFactoryType = typing.Callable[[], typing.ContextManager[anyio.abc.BlockingPortal]]

-- Docs: https://docs.pytest.org/en/stable/how-to/capture-warnings.html
1059 passed, 1 warning in 176.17s (0:02:56)
