........................................................................ [  4%]
........................................................................ [  8%]
........................................................................ [ 12%]
........................................................................ [ 16%]
........................................................................ [ 20%]
........................................................................ [ 24%]
........................................................................ [ 28%]
........................................................................ [ 32%]
........................................................................ [ 36%]
........................................................................ [ 40%]
........................................................................ [ 44%]
........................................................................ [ 48%]
........................................................................ [ 52%]
........................................................................ [ 56%]
........................................................................ [ 60%]
........................................................................ [ 64%]
........................................................................ [ 68%]
........................................................................ [ 72%]
........................................................................ [ 76%]
........................................................................ [ 80%]
........................................................................ [ 84%]
........................................................................ [ 88%]
.............F.......................................................... [ 92%]
........................................................................ [ 96%]
.............................................................            [100%]
=================================== FAILURES ===================================
__ test_every_eligible_builtin_preserves_dates_and_causal_prefix[gtja191_087] __
tests/unit/test_factor_research.py:212: in test_every_eligible_builtin_preserves_dates_and_causal_prefix
    np.testing.assert_allclose(
E   AssertionError: 
E   Not equal to tolerance rtol=1e-07, atol=0
E   
E   Mismatched elements: 12 / 200 (6%)
E   Max absolute difference among violations: 0.35714286
E   Max relative difference among violations: 0.37037037
E    ACTUAL: array([[      nan,       nan],
E          [      nan,       nan],
E          [      nan,       nan],...
E    DESIRED: array([[      nan,       nan],
E          [      nan,       nan],
E          [      nan,       nan],...
=============================== warnings summary ===============================
.venv/lib/python3.10/site-packages/starlette/testclient.py:37
  /Users/bowen/Documents/Python/Google/TDX-work/.venv/lib/python3.10/site-packages/starlette/testclient.py:37: DeprecationWarning: The anyio.abc.BlockingPortal alias is deprecated, use anyio.from_thread.BlockingPortal instead.
    _PortalFactoryType = typing.Callable[[], typing.ContextManager[anyio.abc.BlockingPortal]]

-- Docs: https://docs.pytest.org/en/stable/how-to/capture-warnings.html
=========================== short test summary info ============================
FAILED tests/unit/test_factor_research.py::test_every_eligible_builtin_preserves_dates_and_causal_prefix[gtja191_087]
1 failed, 1788 passed, 1 warning in 358.23s (0:05:58)
