
> web-ui@0.0.0 test
> node scripts/run-tests.mjs

✔ tracking is restricted to active administrators and explicitly authorized users (0.417416ms)
✔ presence requires visible focused recent interaction and never negative elapsed time (0.121792ms)
✔ admin query descriptions label metadata and disclose truncated targets (0.183666ms)
✔ code labels use market-qualified identities and visible missing-name fallback (0.453875ms)
✔ name hydration is automatic, market-separated, bounded, and abort-aware (73.909917ms)
✔ all current chart inspector evidence stays readable without altering original nested data (20.906917ms)
✔ reject malformed fields reachable from overlays, popovers and every inspector section with exact paths (10.3715ms)
✔ optional old fields and empty failure checkpoints remain readable, no missing-state invention (0.21825ms)
✔ archive calendar validation rejects normalized impossible dates and illegal clock/offset values (1.592ms)
✔ bar validation compares actual instants, retains raw strings, rejects equal instants and malformed volume (0.385542ms)
✔ existing frozen matrix bar sources remain readable without mutation (54.187125ms)
✔ event lists and evidence-set reordering never imply new or changed signals; originals remain intact (39.112ms)
✔ state, lifecycle times and unrounded evidence are classified separately on the same identity (11.277ms)
✔ same date across families and sides remains independent; true event additions/removals are distinct (0.465167ms)
✔ duplicate identities preserve all records and are never paired arbitrarily (19.795709ms)
✔ missing identity does not cause false removals or additions in its collection (6.703167ms)
✔ missing source/list is unknown, not empty or proof of no events (1.088667ms)
✔ never-candidate diagnostics match without A or reference, including special B-only records (3.466042ms)
✔ A trimming changes evidence not identity; original wave anchors and reference changes distinguish bases (5.73975ms)
✔ date normalization preserves intraday, microsecond and timezone distinctions (5.881334ms)
✔ source differences and unknown fields/ordered evidence are retained (5.345ms)
✔ different instruments, periods or study results are not matched (0.129167ms)
✔ structure divergences are supported without inventing MACD wave anchors (0.686917ms)
✔ legacy local migration keeps original payload, precision, versions and unknown fields without upgrading (2.178292ms)
✔ cloud exports use latest metadata but retain the original immutable payload, not old cloud ID/revision (1.623291ms)
✔ study import preserves successful and failed periods plus original warmup and primary metadata (0.825375ms)
✔ unknown, incomplete, oversized and nonfinite backups are rejected, never uploaded as summaries (501.092792ms)
✔ all supported chart outputs preserve full precision, null warmups, style and instance order (7.162542ms)
✔ migration IDs survive rescanning/reload, preserve precision and isolate owners and changed content (52.439834ms)
✔ migration rejects missing owners, foreign archives and malformed inputs before upload (1.389292ms)
✔ post-inspection changes never upload under a previously confirmed identity (6.156333ms)
✔ lost response retries the same immutable body and id, without automatic retry or local deletion (2.553334ms)
✔ stop or account changes before/after read and upload discard stale results (12.160833ms)
✔ deleted cloud copies are not restored, purged copies and wrong response IDs are not treated as success (2.853167ms)
✔ chart plan freezes original data and uses original identity/window, not current selection (6.414584ms)
✔ missing volume/time/parameters and unsupported length never silently become a smaller/default study (12.646ms)
✔ study plan preserves actual research settings and saved time labels (0.248375ms)
✔ unrounded path diff distinguishes null, missing, structure, empty arrays, and ordering (0.259959ms)
✔ response must match request, instrument, version, scope and period identities (0.535333ms)
✔ new archive retains original bars/lineage but never relabels frozen old indicators as recomputed (0.371584ms)
✔ study without saved input retains an explicit uncomputed row, never pretends all periods succeeded (0.187584ms)
✔ complete indicator recompute preserves saved settings, checks response and saves only new values (1.57525ms)
✔ missing or unknown saved indicator parameters cannot borrow current defaults (0.558208ms)
✔ original valid study rows retain precision, unknown fields, true zero and no recomputation (3.687583ms)
✔ invalid nested fields become explicit per-period errors, not silently missing rows (6.349542ms)
✔ strict pen fields reject coercion and preserve historical source errors without reading their invalid nested fields (0.578041ms)
✔ duplicates are not cherry-picked and malformed or future rows remain in original-record entries (0.174667ms)
✔ full backtest file and cloud envelope retain all fields; no implicit Chanlun recompute (6.375916ms)
✔ invalid cash cannot become a readable archive (0.115666ms)
✔ invalid params cannot become a readable archive (0.075625ms)
✔ invalid adjust cannot become a readable archive (0.085459ms)
✔ invalid null lineage cannot become a readable archive (0.119333ms)
✔ invalid net value cannot become a readable archive (0.091625ms)
✔ invalid future trade cannot become a readable archive (0.093875ms)
✔ invalid duplicate date cannot become a readable archive (0.077208ms)
✔ invalid missing metrics cannot become a readable archive (0.076958ms)
✔ invalid nested infinity cannot become a readable archive (0.14625ms)
✔ invalid coerced rejected cannot become a readable archive (0.09025ms)
✔ actual store freezes submitted input and result separately from later source mutation (288.225333ms)
✔ actual store rejects stale or failed owner run and clears prior archive (143.712166ms)
✔ actual store rejects stale or failed input run and clears prior archive (24.839416ms)
✔ actual store rejects stale or failed clear run and clears prior archive (41.290958ms)
✔ actual store rejects stale or failed failure run and clears prior archive (70.642167ms)
✔ trade lookup keeps the exact minute across separators, precision and days (1.832834ms)
✔ date-only values cannot choose the midnight bar of an ambiguous day (0.113334ms)
✔ daily and duplicate exact timestamps keep first positional matches (0.079875ms)
✔ nanoseconds and timezone text are not truncated into a false match (0.122792ms)
✔ date labels preserve useful precision without local timezone conversion (12.8ms)
✔ higher sources resolve actual records and separate original from current review time (2.324166ms)
✔ base sources and foreign witness rejection have distinct Chinese descriptions (0.270125ms)
✔ inconsistent candidate has no replay evidence: unknown reason (0.475167ms)
✔ inconsistent candidate has no replay evidence: prototype key (0.10825ms)
✔ inconsistent candidate has no replay evidence: future version (0.068625ms)
✔ inconsistent candidate has no replay evidence: future completion (0.054542ms)
✔ inconsistent candidate has no replay evidence: missing time (0.055167ms)
✔ inconsistent candidate has no replay evidence: empty source (2.598375ms)
✔ inconsistent candidate has no replay evidence: duplicate source (0.097708ms)
✔ inconsistent candidate has no replay evidence: unknown source (0.11425ms)
✔ inconsistent candidate has no replay evidence: mixed levels (0.063125ms)
✔ inconsistent candidate has no replay evidence: future child (0.057375ms)
✔ inconsistent candidate has no replay evidence: wrong child level (0.049875ms)
✔ inconsistent candidate has no replay evidence: duplicate record (0.042709ms)
✔ inconsistent candidate has no replay evidence: empty record range (0.049709ms)
✔ inconsistent candidate has no replay evidence: gap (0.049166ms)
✔ inconsistent candidate has no replay evidence: wrong parent range (0.037333ms)
✔ inconsistent candidate has no replay evidence: reversed sources (0.04125ms)
✔ inconsistent candidate has no replay evidence: unsafe base number (0.058792ms)
✔ 80 percent transparency is 20 percent alpha, for both candle directions (3.654958ms)
✔ transparency stays finite, integer, and bounded (0.096833ms)
✔ body is symmetric around the unchanged wick across widths and fractional positions (6.013792ms)
✔ horizontal candles preserve every price coordinate (0.354417ms)
✔ missing or non-finite candle layouts are left untouched (0.324667ms)
✔ native ECharts layout remains centred after resize, zoom and data replacement (576.609166ms)
✔ zooming out of large-data line mode restores centred candle bodies (21.819042ms)
✔ structure widths retain existing defaults and hover appearance (1.952625ms)
✔ manual values stay finite, bounded, and at two decimal places (0.989ms)
✔ raw index overrides rounded dates, including zero (0.445792ms)
✔ legacy intraday dates never fall back to the first bar of the day (0.11ms)
✔ duplicate formatted times fail safely without a raw index (0.069625ms)
✔ padding keeps the 23px marker plus radius inside the price pane (0.136ms)
✔ flat, zero and negative ranges get finite padding; invalid extents do not (0.080333ms)
✔ single-bar time link is a thin line limited to each actual plot (1.063708ms)
✔ multi-bar time link has no border and clips to plot, never clamps offscreen data to an edge (0.107958ms)
✔ time links map daily coverage to all minute bars, not a matching ordinal (0.871125ms)
✔ weekly and monthly end-labelled bars cover earlier constituent dates without changing data (0.944875ms)
✔ nearest marker wins regardless of signal family, only co-located points share chooser (0.970792ms)
✔ immutable request cache deduplicates pending work, isolates payload keys and retries errors (0.610292ms)
✔ all six structural types keep extrema and confirmation separate with original evidence (0.576875ms)
✔ legacy records do not invent confirmation or structural sources (0.116834ms)
✔ M1 keeps independent MACD source and original direction, never a structural type (0.304458ms)
✔ all chart layers override independent animation and progressive rendering (9.189833ms)
✔ archive tooltip labels and evidence remain text, not active HTML (0.525083ms)
✔ rejects invalid saved zooms (2.247333ms)
✔ same-snapshot redraw keeps current manually chosen view (0.571916ms)
✔ focus redraw keeps manual zoom; clearing restores pre-focus view (0.131875ms)
✔ switching focus preserves the original return view (0.079375ms)
✔ new snapshot resets saved focus view and never revives old zoom (0.068459ms)
✔ default inactive; moving does not show cards and leaving does not deactivate (27.081541ms)
✔ object previews can read date-card activation without activating it (0.489584ms)
✔ click selects a point; outside click closes; inside click is not dismissed (1.100416ms)
✔ activated cards follow movement until outside dismissal, then require another click (0.14875ms)
✔ zoom clears stale coordinates but preserves activation (0.350375ms)
✔ data reset and Escape deactivate; teardown removes all handlers (0.435208ms)
✔ archive requests bind current owner and bypass browser cache (47.480625ms)
✔ cloud directory validates all rows, quotas and identities without dropping broken entries (216.055375ms)
✔ original detail requires an object payload but action receipts may omit it (0.39975ms)
✔ account change discards delayed success and delayed errors (0.266541ms)
✔ unauthenticated archive requests do not reach server; structured conflicts remain actionable (0.2205ms)
✔ upload retries retain immutable captured body and all numerical precision (0.18375ms)
✔ directed centre chain is candidate evidence, not completion (1.90375ms)
✔ touching, opposing, future, overlapping or malformed chains fail closed (0.260708ms)
✔ single-centre and legacy components remain readable (0.068958ms)
✔ inside, border, reversed y and overlapping rectangles resolve newest first (4.443833ms)
✔ invalid or missing render coordinates cannot create hits (1.384625ms)
✔ popup stays within narrow viewport and near-edge right click (0.690125ms)
✔ roles are Chinese and unknown roles never claim completion (0.446334ms)
✔ source ranges keep one-based indices without disguising gaps (0.114667ms)
✔ coverage checks counts, repeats and missing IDs (1.11825ms)
✔ missing, empty and rejected suffix are explicit (0.214041ms)
✔ invalid counts and empty blocks cannot pass the coverage audit (0.192875ms)
✔ uses raw indices, allows shared endpoints and bounds zoom padding (1.000333ms)
✔ does not invent a B interval or infer indices from formatted dates (0.092416ms)
✔ rejects partial, reversed, overlapping and out-of-snapshot evidence (0.126792ms)
✔ allows inspection of historical failed evidence without reviving it (0.107792ms)
✔ local proof draws frozen exact endpoints only after its actual confirmation (0.162ms)
✔ dual-line divergence uses two exact raw indices, never artificial ABC ranges (0.085042ms)
✔ dual-line focus rejects missing, duplicate, reversed and out-of-range points (0.089458ms)
✔ special wave focus uses AB and its extreme without inventing C (0.088167ms)
✔ direction, family and lifecycle have independent marker styles (0.652583ms)
✔ no-C dual-line remains a circle and fills only on first reverse-pen confirmation (4.94ms)
✔ M1 is restricted to confirmed waves with a later actual confirmation (0.528042ms)
✔ four families retain independent records and nonstandard uses a triangle (0.497959ms)
✔ October 4 marker matrix uses shape for family and colour only for direction (0.348042ms)
✔ special AB evidence separates A line extrema from both price anchors and legacy pivots (0.340792ms)
✔ history is opt-in, inactive stays grey hollow, never creates M1 (0.652958ms)
✔ every historical shape uses a continuous hollow contour, including on hover (0.347959ms)
✔ new nonstandard evidence relaxes prices only and records each subtype (0.322792ms)
✔ new dual rule cannot fill without recorded later local confirmation (0.316625ms)
✔ historical engineering match retains original timing without claiming regrouping completion (3.87ms)
✔ future, stale, mismatched or incomplete evidence fails closed (2.279541ms)
✔ older snapshots and unmatched parts keep existing natural audit available (0.096ms)
✔ engineering provenance uses the same one-based numbering as other inspectors (0.950459ms)
✔ mixed recursion distinguishes consolidation and trend from the old trend view (0.165958ms)
✔ unknown or reversed provenance is not presented as a completed trend (0.074792ms)
✔ indicator and price values use two decimals without inventing missing evidence (0.075041ms)
✔ recursive centre relations never call extension candidates completed types (0.088458ms)
✔ admissions distinguish unit confirmation from later failed-return admission (0.061583ms)
✔ display fields retain all text including dates, provenance, and secondary colons (20.784042ms)
✔ narrative, missing evidence, and timestamp headings remain whole (0.177042ms)
✔ selects the exact source without replacing missing comparison periods with the primary (1.140041ms)
✔ prefix audit preserves original warmup snapshot and its own instrument and period (0.484666ms)
✔ rejects invalid positions, missing identity and explicitly unclosed prefix data (0.204833ms)
✔ optimization carries full execution and identity without live defaults (9.628292ms)
✔ malformed, mixed, missing or conflicting optimization context never silently defaults (1.478625ms)
✔ multi original replay preserves costs, slots and adjustment; extend changes only end dates (0.377041ms)
✔ multi rejects corrupt and incompatible slots without dropping or repairing any (0.288583ms)
✔ legacy missing settings are disclosed with deterministic defaults, explicit invalid values rejected (0.148125ms)
✔ combining equal-account singles preserves per-slot cash and costs; conflicts rejected not rewritten (0.3675ms)
✔ all candidate states distinguish eligibility from completed natural types (2.392ms)
✔ opposite geometry identifies reused next-part evidence, including nonzero source IDs (2.041125ms)
✔ external opposite geometry is not added to candidate membership (0.135917ms)
✔ missing, stale, misattributed or future opposite geometry is not displayed as matched (0.155042ms)
✔ preferred endpoints are never called completed types; conflicts are retained (0.089708ms)
✔ opposite base turn is not same-level completion (0.10225ms)
✔ price formatting preserves zero and boundary contact, guards non-finite values (0.473833ms)
✔ candidate audit joins by identity, not response order (0.164584ms)
✔ part audit must match ordinal AND exact raw source IDs, including shifted IDs (0.46625ms)
✔ locates the three raw ranges without relabelling them as MACD or confirmed centres (2.3025ms)
✔ candidate must already be observable at the CURRENT replay prefix (0.238833ms)
✔ no incomplete, waiting or unsupported candidate is given a fabricated range (0.107625ms)
✔ raw bar boundaries must be contiguous and inside the visible window (0.189416ms)
✔ source partitions must cover every original segment once, preserving nonzero IDs (0.138541ms)
✔ conflicting geometric fallback remains viewable for manual audit (0.091042ms)
✔ clearing a regrouping focus restores original zoom; a new replay snapshot does not (0.134458ms)
✔ membership labels distinguish source confirmation from later admission (0.567584ms)
✔ admission witness distinguishes confirmation dependency from geometric membership (0.093375ms)
✔ old or malformed evidence never invents an admission witness (0.072875ms)
✔ real frozen result archives preserve every input, missing tag, precision and failed factor (160.390333ms)
✔ factor cloud envelope imports as independent copy without original identity (14.18675ms)
✔ partial or incompatible archives fail explicitly, not repaired from the current catalog (434.753042ms)
✔ read-only renderer has no execution or market API imports; explicit replay is separate (11.79125ms)
✔ same-account profile refresh preserves replay state; identity changes invalidate synchronously (1.3755ms)
✔ library navigation and Chinese/identifier/family search preserve full matching set (0.715ms)
✔ availability is evaluated by adjustment and period without mutating selections (7.97075ms)
✔ single and multi-track axes share compact large units and distinct small ticks (1.593625ms)
✔ correlation uses its mathematical range; raw factors keep their own scale (0.142375ms)
✔ tiny values remain visible and tooltip raw precision is not rounded (0.099584ms)
✔ percentage is presentation only, gaps and source values are preserved (0.4385ms)
✔ disabled combination does not add implicit weights; enabled selection is explicit (1.031708ms)
✔ actual Python report preserves the combination through export and read-only reopen (36.213459ms)
✔ incomplete or contradictory composition archive is rejected, never repaired (68.010542ms)
✔ horizon selection is bounded, canonical and never silently amended (2.22875ms)
✔ horizon view uses frozen results without changing configuration or primary report (66.3425ms)
✔ all horizons survive draft/export/import and old single archives still read (64.827042ms)
✔ missing windows, wrong labels and disagreement with primary reports fail closed (62.781709ms)
✔ request selection invalidates immediately; display-only switching does not (6.052959ms)
✔ multiple horizons dispatch one explicitly manual request with complete selection (59.619916ms)
✔ dimensionless exponents are not presented as bar counts (2.361792ms)
✔ named GTJA dependency paths use maximum chain and all edited windows (4.061458ms)
✔ GTJA compound windows and cross-library identical mean ratios are explicit (0.3535ms)
✔ parameter selection copies only active settings without mutating cached settings (0.191625ms)
✔ builtin decimal multiplier, ordering, effective identity and actual labels (0.210375ms)
✔ reset only one parameter, retain other overrides without mutating input (0.098208ms)
✔ history warning uses full effective warmup, not all parameters as rolling windows (0.154583ms)
✔ names and validation use actual windows; equivalent formula choices rejected (0.796916ms)
✔ recompute task request binds owner, source revision and manual intent; polling stays automatic (40.814625ms)
✔ history retains the complete recompute envelope, not just numerical results (17.817458ms)
✔ replay uses shared task invalidation and archive saving preserves replay metadata (6.978875ms)
✔ statistics version is frozen provenance, never inferred as the current version (0.565791ms)
✔ factor glossary accepts standard abbreviations with spaces or underscores (0.170334ms)
✔ factor missing values never become valid zero (0.098584ms)
✔ factor ranking is stable, non-mutating and missing-last in both directions (10.363875ms)
✔ small factor values do not round to fake zeros; raw precision keeps original number (0.103084ms)
✔ compatibility aliases are only shown for exact legacy lookup or active selection (0.104166ms)
✔ series automatic initialization is system intent, only deliberate task submission is a query (90.212125ms)
✔ saved series task reopens as series without lookup, all diagnostics and original inputs survive (69.292875ms)
✔ cleared series execution cannot publish an old stock result (46.96325ms)
✔ live series and history use shared tasks, invalidate on input/account/route and never treat as trading backtest (3.003958ms)
✔ late catalog never submits after unmount, input/account/tab changes, or manual run (1.480208ms)
✔ failed catalog does not silently start default research or publish after leaving (0.674584ms)
✔ favorite IDs are bounded, deduplicated and malformed saved preferences never get overwritten (6.65ms)
✔ favorites use acknowledgment and only patch their own key; same-session writes serialize (2.115292ms)
✔ failed favorite updates do not pretend success and can retry (0.329833ms)
✔ other preference acknowledgment exposing pending patch cannot fake a saved favorite (0.516041ms)
✔ owner switch clears state immediately and old failure cannot affect new save (22.747ms)
✔ series compare shares all x axes but preserves independent raw values, scales, gaps and tooltip precision (10.832041ms)
✔ future appending leaves prior plotted values unchanged, missing is never replaced by zero (3.69225ms)
✔ multi-factor comparison is reused in live and read-only views, favorites do not change research settings (2.148042ms)
✔ factor submission marks only explicit dispatch, preserves owner/signal, polling/cancel stay automatic (20.774959ms)
✔ cancel acknowledged during pending poll cannot regress UI or publish partial result (21.212291ms)
✔ late cancellation cannot revive cleared or changed-account task UI (4.067ms)
✔ unconfirmed cancellation keeps polling; successful task remains recoverable (1.9145ms)
✔ factor panel uses shared execution and distinguishes cancel from detach (3.192916ms)
✔ explicit stock-only finite latest selection; missing and fund/index stay unavailable (4.991958ms)
✔ origin and precision survive JSON and later group membership edits (5.731208ms)
✔ only explicit action writes owner assertion and source revision, never sends computed score (37.797667ms)
✔ late owner response rejected; permission denial and source mismatch not successful (0.725708ms)
✔ time modes construct explicit configs without random dates or implied training (31.334916ms)
✔ invalid dates, hidden shrinkage and numeric coercion are rejected (1.223166ms)
✔ full frozen time results survive import, draft and readonly validation unchanged (13.811375ms)
✔ missing, mismatched and nonfinite temporal archive results fail explicitly (72.562042ms)
✔ changes invalidate synchronously; same-account profile refresh does not change split (14.171125ms)
✔ menus stay inside phone, keyboard and landscape viewports (0.617792ms)
✔ near-bottom controls open upwards without changing ordinary desktop width (0.100625ms)
✔ warmup null, missing and invalid indicator values never become invented zeroes (1.611917ms)
✔ freeze all supported indicator outputs, warmup holes, volume averages and exact numerical precision (4.887334ms)
✔ frozen playback keeps captured values despite different current prices and never queries APIs (1.083416ms)
✔ malformed or mismatched frozen values fail closed, never fall back to recomputation (0.799125ms)
✔ marker hit uses signed stacking offset for both directions, not candle position (0.846458ms)
✔ symbol size and invalid render positions are handled safely (0.256084ms)
✔ market tab changes discard old success and cannot stop the new spinner (502.438041ms)
✔ market late failure after filter cannot resurrect an error (67.84975ms)
✔ market late failure after owner cannot resurrect an error (13.541583ms)
✔ market late failure after unmount cannot resurrect an error (66.808667ms)
✔ directory count failure preserves valid rows; late totals cannot cross markets (21.822833ms)
✔ board selection clears old details and ignores slower preceding member responses (94.8535ms)
✔ board list filter changes invalidate pending member requests and prevent old auto-selection (92.169958ms)
✔ default board preload remains system-origin after manual list refresh (26.659708ms)
✔ belonging response after stock cannot change results or stock history (15.846167ms)
✔ belonging response after owner cannot change results or stock history (71.73075ms)
✔ belonging response after unmount cannot change results or stock history (11.456292ms)
✔ current belonging success records captured stock; concurrent member failure has separate feedback (11.334833ms)
✔ market selection uses loaded market, clears on filters, and distinguishes shared stock/index codes (95.3545ms)
✔ board analysis uses result classification; members require their own market (99.374833ms)
✔ aborted late response cannot publish metadata even if transport ignores abort (26.330791ms)
✔ missing provenance or silently changed adjustment never reaches research (0.151333ms)
✔ reported gaps do not falsely label suspension or prevent inspecting valid candles (0.151125ms)
✔ history fetch consumes one verified range and publishes complete metadata only after validation (1.458708ms)
✔ unclosed response never updates provenance or reaches the backtest (2.821125ms)
✔ null, true zero, infinities and real 999 are distinct after JSON roundtrip (0.557875ms)
✔ single, saved and comparison results retain authoritative metric basis (0.499875ms)
✔ whole proof validated without mutation, and cross-role ownership remains visible (1.212083ms)
✔ stale, future, duplicated, incomplete, falsely completed and mismatched sources rejected (0.521ms)
✔ base runs cannot masquerade as proofs or own multiple provisional regions (0.082166ms)
✔ blocked covers show full conflicts, never fabricated flattened blocks (0.101209ms)
✔ labels retain provisional scope (0.071625ms)
✔ all seven MA presets are available but only MA5 and MA10 start visible (0.788458ms)
✔ each chart session gets independent editable settings without changing presets (0.080208ms)
✔ MA presets retain the requested yellow, white, purple, green, cyan, orange, red palette (0.073292ms)
✔ legend retains every MA choice and explicit hidden states override stale chart selection (0.113583ms)
✔ cross-boundary details resolve actual input and nested ownership records (3.4355ms)
✔ unowned reverse evidence stays explicitly unowned for boundary rejection (0.139958ms)
✔ foreign witness can be shown for an otherwise single-owner candidate (0.106167ms)
✔ legacy candidates do not invent missing conflict details (0.12375ms)
✔ damaged detail is not presented: mismatched candidate sources (0.711333ms)
✔ damaged detail is not presented: wrong layer (0.123667ms)
✔ damaged detail is not presented: unknown reverse input (7.523542ms)
✔ damaged detail is not presented: wrong reverse range (0.170042ms)
✔ damaged detail is not presented: reverse overlaps prices (0.9345ms)
✔ damaged detail is not presented: future reverse confirmation (0.207917ms)
✔ damaged detail is not presented: wrong reverse time (0.078833ms)
✔ damaged detail is not presented: incomplete domain list (0.079125ms)
✔ damaged detail is not presented: duplicate domains (0.051667ms)
✔ damaged detail is not presented: noncontinuous domain (0.044042ms)
✔ damaged detail is not presented: foreign domain misses witness (0.046834ms)
✔ damaged detail is not presented: false unowned witness (0.046792ms)
✔ damaged detail is not presented: missing nested record (0.052875ms)
✔ damaged detail is not presented: wrong reason (0.467625ms)
✔ only current owner revisions form the displayed ownership set (0.840083ms)
✔ internal provenance remains distinct and validates enclosing ownership (0.326625ms)
✔ parent-covered history is not labeled as an additional effective input (0.069959ms)
✔ nested provenance validates containment and strictly increasing input levels (0.16325ms)
✔ current owner labels are distinct from creation IDs and tolerate old snapshots (0.090208ms)
✔ summary mode lists every historical address, not just current versions (75.534ms)
✔ full and missing legacy snapshots stay readable without inventing history (0.338584ms)
✔ all four analysis paths explicitly request summary delivery without changing input (0.451583ms)
✔ complete lifecycle stays chronological, does not mutate input, and uses Chinese labels (3.010708ms)
✔ legacy or future history is not invented (0.143375ms)
✔ dangling, reordered, duplicated, miscounted and conflicting histories fail closed (10.389416ms)
✔ equal counts cannot hide swapped source identities (0.130084ms)
✔ intermediate event boundaries must equal actual inherited and added sources (0.086125ms)
✔ input evidence must exist at the correct level and be available at admission (0.210375ms)
✔ invalid domain sources, membership and parent context fail closed (0.175125ms)
✔ leftward growth, shifted sources and newly filled merge gaps remain valid (0.15775ms)
✔ both periods exclude future and open candles while retaining original warm-up start (0.649708ms)
✔ snapshot observation time caps cutoff; bar start before cutoff is not enough (0.084542ms)
✔ no timeframe fallback or fabricated candles when historical minute range is unavailable (0.12475ms)
✔ index and board snapshots retain NONE adjustment, mismatch is rejected (0.224125ms)
✔ missing completion evidence, timezone timestamps and unordered bars fail explicitly (0.147583ms)
✔ week/month completion boundary comes from provider annotation, not day label (0.102459ms)
✔ matrix defaults to five requested periods and includes separate buy/sell evidence column (0.955709ms)
✔ does not turn current reversal observation into a confirmed opposite pen (0.209709ms)
✔ keeps true zero distinct from missing, and numerical display never overwrites original axis judgment (0.1205ms)
✔ keeps divergence family, extrema and actual confirmation separate; never drops records (14.3565ms)
✔ missing pen and divergence are bounded claims; quality limitations stay visible (0.194333ms)
✔ buy/sell evidence distinguishes missing old archives, no points, structure and M1 (0.202042ms)
✔ portfolio: all original values survive import and cloud envelope; no Chanlun recompute (20.918042ms)
✔ portfolio: actual component fetches only explicitly, binds owner/request/result and freezes capture (27.719458ms)
✔ portfolio: late receipt discarded after owner (2.452583ms)
✔ portfolio: late receipt discarded after request (3.029959ms)
✔ portfolio: late receipt discarded after task (1.10575ms)
✔ portfolio: late receipt discarded after result (0.896709ms)
✔ portfolio: late receipt discarded after busy (48.828959ms)
✔ portfolio: late receipt discarded after unmount (29.475167ms)
✔ portfolio: invalid missing rejected (0.226416ms)
✔ portfolio: invalid allocation rejected (0.276125ms)
✔ portfolio: invalid metadata rejected (0.108125ms)
✔ portfolio: invalid date rejected (0.101625ms)
✔ portfolio: invalid precision rejected (3.392416ms)
✔ portfolio: invalid curve rejected (0.900917ms)
✔ portfolio: invalid request rejected (0.29925ms)
✔ portfolio: invalid trade rejected (0.188666ms)
✔ portfolio: unavailable or different task never falls back to fetching data (8.071792ms)
✔ multi_strategy: all original values survive import and cloud envelope; no Chanlun recompute (2.031625ms)
✔ multi_strategy: actual component fetches only explicitly, binds owner/request/result and freezes capture (9.914625ms)
✔ multi_strategy: late receipt discarded after owner (8.567ms)
✔ multi_strategy: late receipt discarded after request (2.109792ms)
✔ multi_strategy: late receipt discarded after task (1.022458ms)
✔ multi_strategy: late receipt discarded after result (1.579833ms)
✔ multi_strategy: late receipt discarded after busy (3.704042ms)
✔ multi_strategy: late receipt discarded after unmount (2.014083ms)
✔ multi_strategy: invalid missing rejected (0.142583ms)
✔ multi_strategy: invalid allocation rejected (0.199916ms)
✔ multi_strategy: invalid metadata rejected (0.097167ms)
✔ multi_strategy: invalid date rejected (0.11025ms)
✔ multi_strategy: invalid precision rejected (0.186583ms)
✔ multi_strategy: invalid curve rejected (0.156875ms)
✔ multi_strategy: invalid request rejected (0.086625ms)
✔ multi_strategy: invalid trade rejected (0.118ms)
✔ multi_strategy: unavailable or different task never falls back to fetching data (5.10125ms)
✔ normalized server defaults may extend but not alter submitted parameters (0.083875ms)
✔ library original/extended multi replay uses saved costs despite global preference changes (358.470625ms)
✔ portfolio load -> actual store task lifecycle -> save uses identical context and all costs (211.534167ms)
✔ portfolio catalog-stage input is isolated before saved fetch (227.975209ms)
✔ portfolio catalog-stage params is isolated before saved fetch (274.461208ms)
✔ portfolio catalog-stage owner is isolated before saved fetch (182.616083ms)
✔ portfolio catalog-stage failure is isolated before saved fetch (171.201541ms)
✔ portfolio catalog-stage empty is isolated before saved fetch (56.859625ms)
✔ pending portfolio cannot survive input (70.640334ms)
✔ pending portfolio cannot survive owner (121.016042ms)
✔ pending portfolio cannot survive unmount (35.93375ms)
✔ store account epoch clears completed results in all four task families (39.221708ms)
✔ runPortfolio old account error is ignored even after switching back (58.565083ms)
✔ runMultiStrategy old account error is ignored even after switching back (25.750834ms)
✔ runOptimize old account error is ignored even after switching back (32.939875ms)
✔ runOptimizeAll old account error is ignored even after switching back (27.943209ms)
✔ optimizer takes an input snapshot before awaiting bars and hands off the result strategy/adjustment (26.804667ms)
✔ portfolio late save cannot close or annotate newly changed configuration (24.509ms)
✔ library name lookup cannot mix later input or account into a save (91.429167ms)
✔ library saves a multi result with submitted adjustment, not the later global preference (22.090166ms)
✔ late library list cannot replace a newly created record and owner change clears all personal rows (22.5715ms)
✔ portfolio identity rejects mixed markets, repeats and invalid lengths (0.304375ms)
✔ late preference response cannot revert a newer adjustment; queued patch is captured (231.815792ms)
✔ account switch drops old queue, permits new account immediately and ignores late response (19.249542ms)
✔ same-account logout/login does not accept response from prior session epoch (9.186792ms)
✔ failed saves reject caller, do not wedge queue or restore stale role permissions (11.44125ms)
✔ mismatched response owner and logged-out saves are rejected (103.558834ms)
✔ market preference watcher survives the first route unmount and follows owner changes (11.786166ms)
✔ tracking ownership watcher survives route scope disposal and clears on revocation or logout (378.833667ms)
✔ late name hydration cannot write across accounts; new owner hydrates independently (61.487375ms)
✔ sidebar hydration never writes, old-owner timers cancel, failures are handled (253.9915ms)
✔ forming candles preserve OHLC and use dashed empty outlines (0.440708ms)
✔ forming volume and signed MACD columns preserve values and direction (0.128708ms)
✔ query defaults to system, manual intent is synchronous and explicit (6.310417ms)
✔ direct bar snapshot fetch preserves explicit intent, including failed requests (31.868083ms)
✔ pending manual requests do not mark concurrent automatic work or async continuations (0.154625ms)
✔ API dispatch tags manual queries but excludes automatic name lookup and task polling (3.875042ms)
✔ save keeps original full input separate from replay prefix, fully detached from live state (4.272583ms)
✔ same-bar opposite signals remain distinct; source survives JSON import without task or network (1.823542ms)
✔ recompute uses only saved chart prefix, keeps original scan signals and version unchanged (1.355959ms)
✔ reject wrong target before saving; never silently drop invalid lineage (0.484917ms)
✔ reject board target before saving; never silently drop invalid lineage (0.269292ms)
✔ reject wrong market before saving; never silently drop invalid lineage (26.610666ms)
✔ reject reference before saving; never silently drop invalid lineage (0.283417ms)
✔ reject invalid date type before saving; never silently drop invalid lineage (0.157917ms)
✔ reject noncanonical cutoff before saving; never silently drop invalid lineage (0.162875ms)
✔ reject row summary before saving; never silently drop invalid lineage (0.309709ms)
✔ reject row last date before saving; never silently drop invalid lineage (5.61325ms)
✔ reject outside signal window before saving; never silently drop invalid lineage (0.371209ms)
✔ reject row source before saving; never silently drop invalid lineage (0.250834ms)
✔ reject row requested adjust before saving; never silently drop invalid lineage (16.0025ms)
✔ reject row quality before saving; never silently drop invalid lineage (0.411375ms)
✔ reject open candle before saving; never silently drop invalid lineage (1.172583ms)
✔ reject unsupported storage before saving; never silently drop invalid lineage (0.17725ms)
✔ legacy snapshot without original input still opens without invented source (0.654083ms)
✔ original task references round-trip and legacy references remain distinguishable (2.014083ms)
✔ cache receipt must be a real ID string, never coerced or inherited from another owner (0.329625ms)
✔ all frozen bars and precision survive; changed code is disclosed, not represented as old execution (0.626709ms)
✔ invalid original receipt task stops instead of substituting live data (0.162ms)
✔ invalid original receipt row stops instead of substituting live data (0.076208ms)
✔ invalid original receipt market stops instead of substituting live data (0.067416ms)
✔ invalid original receipt symbol stops instead of substituting live data (0.064333ms)
✔ invalid original receipt params stops instead of substituting live data (0.058375ms)
✔ invalid original receipt strategy stops instead of substituting live data (1.184917ms)
✔ invalid original receipt fingerprint stops instead of substituting live data (0.173166ms)
✔ invalid original receipt adjust stops instead of substituting live data (0.086083ms)
✔ invalid original receipt signal stops instead of substituting live data (0.088875ms)
✔ invalid original receipt malformed signals stops instead of substituting live data (0.062541ms)
✔ invalid original receipt row error stops instead of substituting live data (0.061667ms)
✔ invalid original receipt storage stops instead of substituting live data (0.0505ms)
✔ invalid original receipt version stops instead of substituting live data (0.048792ms)
✔ invalid original receipt missing bars stops instead of substituting live data (0.062209ms)
✔ invalid original receipt null bar stops instead of substituting live data (0.052083ms)
✔ invalid original receipt order stops instead of substituting live data (0.16225ms)
✔ invalid original receipt open bar stops instead of substituting live data (0.795333ms)
✔ invalid original receipt future stops instead of substituting live data (0.297709ms)
✔ invalid original receipt negative duration stops instead of substituting live data (0.21775ms)
✔ invalid original receipt missing cutoff stops instead of substituting live data (0.151584ms)
✔ invalid original receipt number string stops instead of substituting live data (0.251292ms)
✔ invalid original receipt NaN stops instead of substituting live data (0.101959ms)
✔ invalid original receipt bad low stops instead of substituting live data (0.0815ms)
✔ invalid original receipt negative volume stops instead of substituting live data (0.08275ms)
✔ API sends owner and abort signal with no-store; unavailable receipt never calls a live feed (79.10175ms)
✔ radar submits captured owner with manual intent, polls as system, and preserves old cache adjustment (36.809792ms)
✔ late submit after adjust cannot become a scan result or cache (35.951584ms)
✔ late submit after window cannot become a scan result or cache (6.34525ms)
✔ late submit after owner cannot become a scan result or cache (2.184833ms)
✔ late submit after roundtrip cannot become a scan result or cache (4.907959ms)
✔ late submit after unmount cannot become a scan result or cache (3.92125ms)
✔ late poll after adjust cannot become a scan result or cache (1.083208ms)
✔ late poll after window cannot become a scan result or cache (0.98625ms)
✔ late poll after owner cannot become a scan result or cache (1.787875ms)
✔ late poll after roundtrip cannot become a scan result or cache (1.495541ms)
✔ late poll after unmount cannot become a scan result or cache (2.554333ms)
✔ a failed new scan cannot re-display or replace old success; explicit retry is independent (1.200375ms)
✔ invalid result rows is never cached (0.805208ms)
✔ invalid result counts is never cached (0.649375ms)
✔ invalid result id is never cached (2.293834ms)
✔ storage denial preserves valid live results with an explicit notice (2.149583ms)
✔ actual picker loads the original complete warmup and stores actual dates, not form defaults (9.698792ms)
✔ failed original input does not fall back to newly fetched prices (3.67ms)
✔ pending original input cannot commit after owner (22.050125ms)
✔ pending original input cannot commit after code (2.0815ms)
✔ pending original input cannot commit after unmount (3.165833ms)
✔ radar review captures row adjustment, exact minute, strategy and original cutoff (2.233625ms)
✔ invalid or legacy reviews fail explicitly without guessing data or adjustment (0.53925ms)
✔ exchange-local dates validate without browser timezone conversion (0.096583ms)
✔ review excludes future and unclosed bars, resets derived fingerprint and reports actual range without mutating source (1.379541ms)
✔ radar cache is owner scoped and malformed/legacy records never enter the UI (0.509333ms)
✔ late messages, close and errors from an old socket cannot affect replacement (1.248875ms)
✔ invalid messages and control responses never become ticks; close reason retained (0.175333ms)
✔ matching versions are selected by case identity without mutation (2.308875ms)
✔ future snapshots, wrong rules, incomplete chains and duplicate cases are rejected (0.271625ms)
✔ labels never confuse endpoint consistency or higher-centre proof with completion (0.143084ms)
✔ v2 keeps the detached prefix and v1 remains readable (0.326041ms)
✔ v3 supports trend search while retaining the same ownership guards (0.110084ms)
✔ missing, duplicated, misattributed or silently completed prefix is rejected (0.311042ms)
✔ reincorporation is recorded explicitly instead of erasing detached history (0.729375ms)
✔ accepts bounded history and empty verified batches (0.61775ms)
✔ rejects wrong batch, future indices, broken sources and contradictory state (3.0815ms)
✔ research labels distinguish absence, release, retained and internal (0.318916ms)
✔ late old responses cannot own a newer research request (0.552791ms)
✔ submission fields are captured values, not mutable form references (0.485375ms)
✔ navigation preserves explicit stock/index/fund/board identity and parameters without auto run (3.458125ms)
✔ ambiguous identity is rejected rather than guessed or numeric code padded (0.157666ms)
✔ query parser rejects incomplete, duplicate, incompatible and mixed-context values (1.88625ms)
✔ snapshot import keeps original data and normalizes optional display metadata (3.973083ms)
✔ reject invalid schema, periods, oversized arrays and impossible candle prices (0.657542ms)
✔ cloud archives retain larger frozen windows and all supported distinct periods (86.279417ms)
✔ import keeps valid frozen outputs and rejects mismatched frozen data instead of recomputing (0.474625ms)
✔ window is exchange local and bounded by the snapshot cutoff (1.142958ms)
✔ missing numbers and candidate status are never promoted (0.125334ms)
✔ amber projection resolves daily and minute labels, ignores open candle (0.645834ms)
✔ three workspaces are keyboard traversable without dropping an existing mode (1.808709ms)
✔ mobile comparison shows exactly the selected snapshot; desktop shows both (0.158042ms)
✔ inactive research never starts automatic work, valid active research does (0.142917ms)
✔ saved single strategy restores market, period, adjustment and all execution costs exactly (5.281917ms)
✔ missing legacy fields disclose supplied defaults instead of claiming complete restoration (0.279208ms)
✔ explicit contradictory market and unsupported instruments are not silently rewritten (0.342625ms)
✔ invalid present fields are errors, not fallback defaults (0.276209ms)
✔ saved links identify records only and cannot inject alternate execution context (0.163042ms)
✔ market entry preserves local dates and strategy, runs only on explicit request (8.2185ms)
✔ boards entry preserves local dates and strategy, runs only on explicit request (3.0755ms)
✔ mixed market context blocks all loading and computation: savedStrategyId (1.403167ms)
✔ mixed market context blocks all loading and computation: optimizationContext (1.11775ms)
✔ mixed market context blocks all loading and computation: autoRun (1.77525ms)
✔ mixed market context blocks all loading and computation: unexpected (1.326458ms)
✔ slow catalog cannot overwrite input with a market entry (3.807792ms)
✔ slow catalog cannot overwrite owner with a market entry (1.762708ms)
✔ catalog-stage input cannot restore saved inputs or dispatch a task (5.994792ms)
✔ catalog-stage params cannot restore saved inputs or dispatch a task (3.227417ms)
✔ catalog-stage owner cannot restore saved inputs or dispatch a task (1.800042ms)
✔ catalog-stage failure cannot restore saved inputs or dispatch a task (2.068ms)
✔ optimization context restores every execution field and malformed context blocks dispatch (2.0105ms)
✔ actual backtest view loads exact saved context without running, then saves the configuration used (3.131125ms)
✔ saving original radar warmup uses loaded input dates, not hidden form defaults (2.254459ms)
✔ late saved record cannot overwrite owner (2.213709ms)
✔ late saved record cannot overwrite route (1.467083ms)
✔ late saved record cannot overwrite input (2.316ms)
✔ late saved record cannot overwrite unmount (2.70475ms)
✔ invalid saved context blocks run, while legacy missing fields disclose fallback (5.586708ms)
✔ every execution input invalidates the old result before it can be saved (17.004667ms)
✔ editing a cost while bars are pending never runs the new form on the old request (1.4305ms)
✔ save completion after owner cannot write into a different page or account (1.520459ms)
✔ save completion after route cannot write into a different page or account (1.169ms)
✔ save completion after unmount cannot write into a different page or account (1.0945ms)
✔ audit description translates permissions and never renders arbitrary detail fields (0.483208ms)
✔ audit time is explicitly Shanghai time and invalid data remains readable (44.772542ms)
✔ audit API preserves bounded pagination/filter state and authenticated credentials (35.793208ms)
✔ distinguishes no candidate, failed current audit, and actual invalidation without promoting legacy state (1.909917ms)
✔ filters independent families and directions without merging special and local dual-line evidence (2.437208ms)
✔ searches lifecycle dates and failure reasons with all terms required, retaining original source objects (0.21425ms)
✔ searches diagnostic rejection history without silently reviving historical candidates (0.477458ms)
✔ all excludes bc false, preserves input order and records, and does not infer missing direction (0.173833ms)
✔ legacy diagnostic family is standard, and empty diagnostics do not invent rejection records (0.105792ms)
✔ structural points retain their own confirmation and evidence, never deriving them from a MACD source (0.860959ms)
✔ M1 uses exact existing gates and remains a separate view of its original standard event (0.573708ms)
✔ combined date query finds independent point, prompt and event records without deduplication or additive counts (0.136875ms)
✔ chart date matches structured lifecycle timestamps, not coincidental prose dates (0.266458ms)
✔ minute evidence uses exact exchange-local minute, accepting T/space and refusing missing time (0.096083ms)
✔ chart date includes diagnostic ABC and rejection coverage without inventing open or reversed intervals (0.209334ms)
✔ date scope combines with all filters for structural points and original M1 sources (0.094125ms)
✔ new standard evidence explains price, old blocker and independent special lifecycle (1.481542ms)
✔ new gates include counts, boundary and dates without undefined placeholder (0.278125ms)
✔ legacy comparisons retain old detected confirmed and invalidated dates (0.161542ms)
✔ initial schema and refreshed catalog preserve supplied parameters; strategy change alone resets (5.025583ms)
✔ late catalog defaults are suspended until route validation and then fill only missing fields (0.665083ms)
✔ structure dates remove midnight noise without changing intraday precision (0.606417ms)
✔ centre evidence distinguishes fixed core, outer range and candidate expansion (3.189791ms)
✔ segment evidence includes source prices and reverse proof with one-based labels (0.60125ms)
✔ missing legacy evidence does not invent confirmation (0.176708ms)
✔ special inclusion explains boundary exception without labelling it an ordinary fractal (0.0865ms)
✔ centre relation history distinguishes current candidate from original separation (0.366459ms)
✔ confirmation replay translates raw indices without date matching (0.094459ms)
✔ unknown, invalid or out-of-snapshot confirmations have no replay target (0.384916ms)
✔ connection badge validates shared time, price and alternating direction (0.794042ms)
✔ reverse preview uses observed extreme, not last close or a future target (2.884209ms)
✔ mirrored lows produce an upward reference (0.154167ms)
✔ no invented reference for missing, ambiguous, extending, or invalid inputs (0.134916ms)
✔ replay prefix cannot use a later extreme; ties retain first occurrence (0.103208ms)
✔ ongoing consolidation differs by color, line pattern, and fill (0.111917ms)
✔ actual component captures every selected period and failure; automatic work stays system-origin (19.14675ms)
✔ all collection failures are exportable reports, never empty success or recomputable invented bars (1.726958ms)
✔ missing response rows are retained as explicit errors; unexpected rows or cutoff cannot enter a saved result (8.65025ms)
✔ late study response cannot be saved after account (2.145625ms)
✔ late study response cannot be saved after input (1.316667ms)
✔ late study response cannot be saved after unmount (1.149125ms)
✔ invalid collection coverage cannot silently omit a period during import (1.779625ms)
✔ actual study freezes independent radar lineage, preserves it through import and recompute, and refuses foreign source (4.226584ms)
✔ task stores detached actual inputs, user submission and system polling (3.098292ms)
✔ invalidated submit resolve cannot revive result/error/spinner (17.663709ms)
✔ invalidated submit reject cannot revive result/error/spinner (2.561917ms)
✔ invalidated poll resolve cannot revive result/error/spinner (1.48975ms)
✔ invalidated poll reject cannot revive result/error/spinner (1.246708ms)
✔ earlier request completion cannot stop a newer task or replace its context (1.12025ms)
✔ owner change stops polling and cannot attribute prior account result to the new account (1.221459ms)
✔ failed remains failure, never successful completion (2.749791ms)
✔ cancelled remains failure, never successful completion (0.182334ms)
✔ timed_out remains failure, never successful completion (0.11775ms)
✔ cancelling is not completed; wrong ID, malformed result and unknown status fail closed (0.810334ms)
✔ deadline aborts polling and explicitly says the server may still be running (25.460834ms)
✔ task API sends captured owner and abort signal; old callers remain compatible (90.307584ms)
✔ progress is bounded, readable work units rather than inferred total percent (1.650083ms)
✔ factor result review freezes complete task data without lookup or recomputation (22.208208ms)
✔ completed phase never publishes result while task is still running (18.5215ms)
✔ untrusted progress cannot be used to publish an apparently completed task (0.711542ms)
✔ historical review uses owner-bound read-only fetch and account invalidation (1.523959ms)
✔ task list rejects malformed responses instead of replacing records with undefined (238.643833ms)
✔ cancelling is not terminal and elapsed values remain readable (0.154208ms)
✔ runBacktestWithPolling waits through cancelling and returns cancelled (2.740208ms)
✔ runBacktestWithPolling waits through cancelling and returns timed_out (9.38075ms)
✔ runSignalScanWithPolling waits through cancelling and returns cancelled (14.448709ms)
✔ runSignalScanWithPolling waits through cancelling and returns timed_out (13.403167ms)
✔ cancel API uses POST, and partial cancelled scan results are never accepted (2.65075ms)
✔ persistent recovery and version mismatch are distinct from completion (1.985084ms)
✔ terminal task deletion handles empty 204 and encodes identity (0.220375ms)
✔ checkpoint presence is not confused with verified reuse or task completion (2.946666ms)
✔ cached completed submission is retrieved rather than shown as running (0.349791ms)
✔ network failures are localized across WebKit, Chromium and Firefox (0.209791ms)
✔ tracking archive preserves raw input, precision, rules and can import read-only (5.191292ms)
✔ missing raw input (0.255875ms)
✔ wrong adjustment (0.106416ms)
✔ wrong period (0.107167ms)
✔ duplicate target (0.102ms)
✔ false success (0.118792ms)
✔ unknown state (0.070291ms)
✔ cancelled empty expansion and partially completed batches retain actual states (0.10375ms)
✔ failed upload retries same identity and frozen payload, independent new batch gets a new identity (125.203209ms)
✔ late previous-owner save is discarded and never retried as the next account (1.879167ms)
✔ non-finite result stays unsaved rather than converting to null (0.838167ms)
✔ empty selections include every row, including incomplete results (0.53675ms)
✔ same period/column selections are OR, other columns and periods are AND (0.17925ms)
✔ total selection does not bypass other criteria; missing periods never count as neutral signals (0.075542ms)
✔ toggle/removal preserves all other selections and never mutates input (1.785ms)
✔ status selection uses OR with empty meaning all; can combine with breadth (0.2615ms)
✔ route consumer can unmount and remount while the one sequential analysis continues (6.100542ms)
✔ explicit stop retains completed rows and marks running/unstarted rows cancelled (0.803375ms)
✔ owner change or revoked access clears results and rejects late old publications (0.882042ms)
✔ background completion includes per-target failure and expansion failure without false success (0.349291ms)
✔ cancel during board expansion cannot publish late entries (0.207208ms)
✔ tracking transport binds owner, stops on permission failure and does not relabel name/market requests (31.956459ms)
✔ late auth error on an already-cancelled old transport never stops the next job (0.374417ms)
✔ route delegates lifetime and owns bounded vertical scrolling; application binds ownership (0.786416ms)
✔ finished batches emit independent history even without a route consumer (8.613416ms)
✔ tracking identity separates asset types, exchanges and board catalogues (1.280417ms)
✔ cloud book validates without silently dropping corrupt groups or duplicate entries (0.715833ms)
✔ expansion preserves every member and all board/direct sources, not a 200-row display page (11.954ms)
✔ membership failure is explicit and malformed partial membership is never accepted (20.235625ms)
✔ batch runs sequentially, keeps partial errors and continues after a failed target (67.308542ms)
✔ cancellation marks in-flight and unstarted rows, ignoring a late success (0.679125ms)
✔ group breadth counts only available periods, never treats failed targets as neutral evidence (1.437541ms)
✔ every clickable breadth count equals matching target count; periods and point families stay independent (0.271792ms)
✔ exact current revision accepts only its own evidence without mutation (1.105792ms)
✔ old partition, stale version, future evidence and false completion are rejected (0.262833ms)
✔ historical audit cannot import a later opposite segment (0.0865ms)
✔ empty partitions and higher-proof priority retain explicit blockers (0.076292ms)
✔ new blockers use Chinese labels without calling prerequisites completion (0.144584ms)
✔ missing comparison interval is explained in Chinese without inventing a date (1.000917ms)
✔ special diagnostics identify each A indicator witness rather than the price witness (0.255917ms)
✔ nonstandard DEA axis gate remains explicit without an improvement requirement (0.165958ms)
✔ DEA tolerance discloses research threshold, precise deviation and near-zero fallback (0.180083ms)
✔ wave evidence separates effective A from original wave and local pivots (2.253833ms)
✔ rounded equal line extrema disclose the precise failed values and witness times (0.176125ms)
✔ comparisons are explicitly research only and preserve B/C axis checks (0.11875ms)
✔ unformed candidate shows Chinese gates, two-decimal values and rejection dates (0.101583ms)
✔ new nonstandard audit explicitly uses full A and first-formed reverse evidence explains gaps (0.108791ms)
ℹ tests 666
ℹ suites 0
ℹ pass 666
ℹ fail 0
ℹ cancelled 0
ℹ skipped 0
ℹ todo 0
ℹ duration_ms 13471.352833
→ 打包中…
→ 运行测试…
京东方评级: D 分数: 34.3
维度明细: 卡玛比率=22.7, 最大回撤=27.5, 胜率=33.5, 利润因子=34.1, 夏普比率=41.5, 波动率=50.1
否决: 利润因子 1.11 接近 1，仅勉强盈亏平衡
长线优质策略评级: B 分数: 64.5
维度权重: 卡玛比率=28%, 最大回撤=26%, 胜率=0%, 利润因子=0%, 夏普比率=23%, 波动率=23%
优质案例评级: A 分数: 83.9
寻优点评级: A 74
组合重算指标: { '年化': '20.83%', '回撤': '0.80%', '夏普': '5.27', '卡玛': '26.03' }
稳定上涨组合评级: S 91.8
波动组合重算: { '回撤': '44.15%', '夏普': '-2.64', '持续': 60 }
波动组合评级: D 18.5
✔ 新版组合评级使用后端采样，不按图表柱数重新日线年化 (1.582167ms)
✔ 必要风险指标缺失不能展示为零风险或正常评级 (0.240833ms)
✔ 无穷比率不等于满分，真实零利润因子仍按亏损判断 (0.204917ms)
✔ 京东方回测必须评为 D 档（用户核心诉求验证点） (0.552916ms)
✔ 京东方评分应在 30-43 区间（C 与 D 的边界） (0.1865ms)
✔ 低利润因子触发系统亏损否决 (0.086334ms)
✔ 样本不足（< 10 笔交易）降权但不否决整个评级 (0.150833ms)
✔ 用户实测场景：6年6笔交易 + 高夏普 → 应得 A/B（核心回归测试） (0.18575ms)
✔ 深回撤 > 60% 触发直接 D 否决 (0.109292ms)
✔ 优质回测应得 A 或 S 档 (0.134708ms)
✔ 高回撤但收益高 → 最高 B（一票否决 cap） (0.073291ms)
✔ 插值函数：边界值取端点分数 (0.067958ms)
✔ 插值函数：中间值线性插值 (0.043541ms)
✔ 寻优评级：4 维度降级版 (0.100834ms)
✔ 寻优评级：网格点交易太少 → 降权但评级照常 (0.082167ms)
✔ 组合评级：稳定上涨净值应得 A 或 S (1.625875ms)
✔ 组合评级：高波动深回撤净值 → 低档 (0.491042ms)
✔ combinedMetrics：单点净值返回全 0（兜底） (0.045125ms)
✔ 历史组合仅保留原值，不从曲线推断日线或重算评级 (0.436833ms)
✔ v1-v4、未知版本及不完整依据不伪装为新版结果 (0.531916ms)
✔ 新版结果使用已记录指标，真实 999 和零不被当作历史哨兵 (0.070333ms)
✔ 指标状态缺失或与数值冲突不能产出评级，包括被降权维度 (0.094709ms)
✔ 低交易样本的真实不可用逐笔指标仍可降权，不误拦截可用净值评级 (0.081792ms)
✔ 寻优逐行核验新版采样与候选状态，输入范围不替代候选证据 (0.109292ms)
✔ 完整快照保留精度、真实 0/999、全部指标及版本且不关联可变输入 (0.713834ms)
✔ 策略保存接受真实 Vue 响应式结果，不因 Proxy 无法 structuredClone 而失败 (0.608708ms)
✔ 再次保存历史指标不补造新版计算或评级依据 (0.100875ms)
✔ 对比展示原值并指出版本、周期、范围与利率差异，不自动重算 (0.269375ms)
ℹ tests 28
ℹ suites 0
ℹ pass 28
ℹ fail 0
ℹ cancelled 0
ℹ skipped 0
ℹ todo 0
ℹ duration_ms 98.701667
