
> web-ui@0.0.0 test
> node scripts/run-tests.mjs

✔ tracking is restricted to active administrators and explicitly authorized users (0.706875ms)
✔ presence requires visible focused recent interaction and never negative elapsed time (0.125125ms)
✔ admin query descriptions label metadata and disclose truncated targets (0.193041ms)
✔ all current chart inspector evidence stays readable without altering original nested data (33.347084ms)
✔ reject malformed fields reachable from overlays, popovers and every inspector section with exact paths (24.886583ms)
✔ optional old fields and empty failure checkpoints remain readable, no missing-state invention (0.141042ms)
✔ archive calendar validation rejects normalized impossible dates and illegal clock/offset values (6.976167ms)
✔ bar validation compares actual instants, retains raw strings, rejects equal instants and malformed volume (1.417ms)
✔ existing frozen matrix bar sources remain readable without mutation (47.19ms)
✔ event lists and evidence-set reordering never imply new or changed signals; originals remain intact (12.513ms)
✔ state, lifecycle times and unrounded evidence are classified separately on the same identity (0.639ms)
✔ same date across families and sides remains independent; true event additions/removals are distinct (0.434333ms)
✔ duplicate identities preserve all records and are never paired arbitrarily (0.413167ms)
✔ missing identity does not cause false removals or additions in its collection (0.32725ms)
✔ missing source/list is unknown, not empty or proof of no events (0.8095ms)
✔ never-candidate diagnostics match without A or reference, including special B-only records (0.441083ms)
✔ A trimming changes evidence not identity; original wave anchors and reference changes distinguish bases (0.514208ms)
✔ date normalization preserves intraday, microsecond and timezone distinctions (4.072417ms)
✔ source differences and unknown fields/ordered evidence are retained (0.640709ms)
✔ different instruments, periods or study results are not matched (0.085792ms)
✔ structure divergences are supported without inventing MACD wave anchors (0.260042ms)
✔ legacy local migration keeps original payload, precision, versions and unknown fields without upgrading (3.894666ms)
✔ cloud exports use latest metadata but retain the original immutable payload, not old cloud ID/revision (0.672833ms)
✔ study import preserves successful and failed periods plus original warmup and primary metadata (0.662542ms)
✔ unknown, incomplete, oversized and nonfinite backups are rejected, never uploaded as summaries (155.896458ms)
✔ all supported chart outputs preserve full precision, null warmups, style and instance order (12.939625ms)
✔ migration IDs survive rescanning/reload, preserve precision and isolate owners and changed content (40.3395ms)
✔ migration rejects missing owners, foreign archives and malformed inputs before upload (0.423459ms)
✔ post-inspection changes never upload under a previously confirmed identity (0.958333ms)
✔ lost response retries the same immutable body and id, without automatic retry or local deletion (1.113958ms)
✔ stop or account changes before/after read and upload discard stale results (1.387084ms)
✔ deleted cloud copies are not restored, purged copies and wrong response IDs are not treated as success (2.416125ms)
✔ chart plan freezes original data and uses original identity/window, not current selection (3.665625ms)
✔ missing volume/time/parameters and unsupported length never silently become a smaller/default study (6.429167ms)
✔ study plan preserves actual research settings and saved time labels (0.163917ms)
✔ unrounded path diff distinguishes null, missing, structure, empty arrays, and ordering (0.230208ms)
✔ response must match request, instrument, version, scope and period identities (0.460625ms)
✔ new archive retains original bars/lineage but never relabels frozen old indicators as recomputed (0.3515ms)
✔ study without saved input retains an explicit uncomputed row, never pretends all periods succeeded (0.191084ms)
✔ complete indicator recompute preserves saved settings, checks response and saves only new values (1.297333ms)
✔ missing or unknown saved indicator parameters cannot borrow current defaults (0.313875ms)
✔ original valid study rows retain precision, unknown fields, true zero and no recomputation (12.644083ms)
✔ invalid nested fields become explicit per-period errors, not silently missing rows (1.048333ms)
✔ strict pen fields reject coercion and preserve historical source errors without reading their invalid nested fields (1.062ms)
✔ duplicates are not cherry-picked and malformed or future rows remain in original-record entries (0.148667ms)
✔ full backtest file and cloud envelope retain all fields; no implicit Chanlun recompute (7.286042ms)
✔ invalid cash cannot become a readable archive (0.121375ms)
✔ invalid params cannot become a readable archive (0.082625ms)
✔ invalid adjust cannot become a readable archive (0.101917ms)
✔ invalid null lineage cannot become a readable archive (0.125ms)
✔ invalid net value cannot become a readable archive (0.089125ms)
✔ invalid future trade cannot become a readable archive (0.089042ms)
✔ invalid duplicate date cannot become a readable archive (0.079208ms)
✔ invalid missing metrics cannot become a readable archive (0.082834ms)
✔ invalid nested infinity cannot become a readable archive (0.292375ms)
✔ invalid coerced rejected cannot become a readable archive (0.135375ms)
✔ actual store freezes submitted input and result separately from later source mutation (253.656ms)
✔ actual store rejects stale or failed owner run and clears prior archive (17.463ms)
✔ actual store rejects stale or failed input run and clears prior archive (28.870833ms)
✔ actual store rejects stale or failed clear run and clears prior archive (9.312667ms)
✔ actual store rejects stale or failed failure run and clears prior archive (129.67425ms)
✔ trade lookup keeps the exact minute across separators, precision and days (1.45875ms)
✔ date-only values cannot choose the midnight bar of an ambiguous day (0.372291ms)
✔ daily and duplicate exact timestamps keep first positional matches (0.08875ms)
✔ nanoseconds and timezone text are not truncated into a false match (0.281041ms)
✔ date labels preserve useful precision without local timezone conversion (0.234ms)
✔ higher sources resolve actual records and separate original from current review time (4.346042ms)
✔ base sources and foreign witness rejection have distinct Chinese descriptions (0.110916ms)
✔ inconsistent candidate has no replay evidence: unknown reason (0.085959ms)
✔ inconsistent candidate has no replay evidence: prototype key (0.063541ms)
✔ inconsistent candidate has no replay evidence: future version (0.057834ms)
✔ inconsistent candidate has no replay evidence: future completion (0.048667ms)
✔ inconsistent candidate has no replay evidence: missing time (0.049833ms)
✔ inconsistent candidate has no replay evidence: empty source (1.472667ms)
✔ inconsistent candidate has no replay evidence: duplicate source (0.263083ms)
✔ inconsistent candidate has no replay evidence: unknown source (0.272208ms)
✔ inconsistent candidate has no replay evidence: mixed levels (0.155ms)
✔ inconsistent candidate has no replay evidence: future child (0.148667ms)
✔ inconsistent candidate has no replay evidence: wrong child level (0.210125ms)
✔ inconsistent candidate has no replay evidence: duplicate record (0.139791ms)
✔ inconsistent candidate has no replay evidence: empty record range (0.129375ms)
✔ inconsistent candidate has no replay evidence: gap (0.118875ms)
✔ inconsistent candidate has no replay evidence: wrong parent range (0.1095ms)
✔ inconsistent candidate has no replay evidence: reversed sources (0.165167ms)
✔ inconsistent candidate has no replay evidence: unsafe base number (0.077167ms)
✔ 80 percent transparency is 20 percent alpha, for both candle directions (1.094833ms)
✔ transparency stays finite, integer, and bounded (0.214584ms)
✔ body is symmetric around the unchanged wick across widths and fractional positions (1.543958ms)
✔ horizontal candles preserve every price coordinate (0.093792ms)
✔ missing or non-finite candle layouts are left untouched (0.099833ms)
✔ native ECharts layout remains centred after resize, zoom and data replacement (199.225916ms)
✔ zooming out of large-data line mode restores centred candle bodies (29.1375ms)
✔ structure widths retain existing defaults and hover appearance (0.749667ms)
✔ manual values stay finite, bounded, and at two decimal places (0.13275ms)
✔ raw index overrides rounded dates, including zero (0.597416ms)
✔ legacy intraday dates never fall back to the first bar of the day (0.109916ms)
✔ duplicate formatted times fail safely without a raw index (0.07425ms)
✔ padding keeps the 23px marker plus radius inside the price pane (0.12975ms)
✔ flat, zero and negative ranges get finite padding; invalid extents do not (0.076791ms)
✔ single-bar time link is a thin line limited to each actual plot (1.773875ms)
✔ multi-bar time link has no border and clips to plot, never clamps offscreen data to an edge (0.096875ms)
✔ time links map daily coverage to all minute bars, not a matching ordinal (0.163917ms)
✔ weekly and monthly end-labelled bars cover earlier constituent dates without changing data (2.064125ms)
✔ nearest marker wins regardless of signal family, only co-located points share chooser (0.49575ms)
✔ immutable request cache deduplicates pending work, isolates payload keys and retries errors (0.31325ms)
✔ all six structural types keep extrema and confirmation separate with original evidence (0.570916ms)
✔ legacy records do not invent confirmation or structural sources (0.113875ms)
✔ M1 keeps independent MACD source and original direction, never a structural type (0.3245ms)
✔ all chart layers override independent animation and progressive rendering (0.790875ms)
✔ archive tooltip labels and evidence remain text, not active HTML (0.622583ms)
✔ rejects invalid saved zooms (1.263917ms)
✔ same-snapshot redraw keeps current manually chosen view (0.366791ms)
✔ focus redraw keeps manual zoom; clearing restores pre-focus view (0.316459ms)
✔ switching focus preserves the original return view (0.156583ms)
✔ new snapshot resets saved focus view and never revives old zoom (0.215917ms)
✔ default inactive; moving does not show cards and leaving does not deactivate (0.848625ms)
✔ object previews can read date-card activation without activating it (0.159041ms)
✔ click selects a point; outside click closes; inside click is not dismissed (0.117042ms)
✔ activated cards follow movement until outside dismissal, then require another click (0.108041ms)
✔ zoom clears stale coordinates but preserves activation (0.077625ms)
✔ data reset and Escape deactivate; teardown removes all handlers (0.099167ms)
✔ archive requests bind current owner and bypass browser cache (38.47225ms)
✔ cloud directory validates all rows, quotas and identities without dropping broken entries (11.6025ms)
✔ original detail requires an object payload but action receipts may omit it (2.716875ms)
✔ account change discards delayed success and delayed errors (0.688042ms)
✔ unauthenticated archive requests do not reach server; structured conflicts remain actionable (0.343459ms)
✔ upload retries retain immutable captured body and all numerical precision (0.189084ms)
✔ directed centre chain is candidate evidence, not completion (1.794208ms)
✔ touching, opposing, future, overlapping or malformed chains fail closed (0.263166ms)
✔ single-centre and legacy components remain readable (0.080334ms)
✔ inside, border, reversed y and overlapping rectangles resolve newest first (0.748917ms)
✔ invalid or missing render coordinates cannot create hits (0.077042ms)
✔ popup stays within narrow viewport and near-edge right click (0.08375ms)
✔ roles are Chinese and unknown roles never claim completion (0.403209ms)
✔ source ranges keep one-based indices without disguising gaps (0.101167ms)
✔ coverage checks counts, repeats and missing IDs (0.202333ms)
✔ missing, empty and rejected suffix are explicit (0.081792ms)
✔ invalid counts and empty blocks cannot pass the coverage audit (0.082375ms)
✔ uses raw indices, allows shared endpoints and bounds zoom padding (0.8225ms)
✔ does not invent a B interval or infer indices from formatted dates (0.082166ms)
✔ rejects partial, reversed, overlapping and out-of-snapshot evidence (0.113791ms)
✔ allows inspection of historical failed evidence without reviving it (0.107541ms)
✔ local proof draws frozen exact endpoints only after its actual confirmation (0.166834ms)
✔ dual-line divergence uses two exact raw indices, never artificial ABC ranges (0.085125ms)
✔ dual-line focus rejects missing, duplicate, reversed and out-of-range points (0.086958ms)
✔ special wave focus uses AB and its extreme without inventing C (0.085958ms)
✔ direction, family and lifecycle have independent marker styles (0.561083ms)
✔ no-C dual-line remains a circle and fills only on first reverse-pen confirmation (0.777833ms)
✔ M1 is restricted to confirmed waves with a later actual confirmation (0.677ms)
✔ four families retain independent records and nonstandard uses a triangle (0.18575ms)
✔ October 4 marker matrix uses shape for family and colour only for direction (0.118792ms)
✔ special AB evidence separates A line extrema from both price anchors and legacy pivots (0.12175ms)
✔ history is opt-in, inactive stays grey hollow, never creates M1 (0.10525ms)
✔ every historical shape uses a continuous hollow contour, including on hover (0.118125ms)
✔ new nonstandard evidence relaxes prices only and records each subtype (0.108875ms)
✔ new dual rule cannot fill without recorded later local confirmation (0.094ms)
✔ historical engineering match retains original timing without claiming regrouping completion (0.9605ms)
✔ future, stale, mismatched or incomplete evidence fails closed (0.309458ms)
✔ older snapshots and unmatched parts keep existing natural audit available (0.065916ms)
✔ engineering provenance uses the same one-based numbering as other inspectors (0.503167ms)
✔ mixed recursion distinguishes consolidation and trend from the old trend view (0.149042ms)
✔ unknown or reversed provenance is not presented as a completed trend (0.078875ms)
✔ indicator and price values use two decimals without inventing missing evidence (0.0735ms)
✔ recursive centre relations never call extension candidates completed types (0.089417ms)
✔ admissions distinguish unit confirmation from later failed-return admission (0.059083ms)
✔ display fields retain all text including dates, provenance, and secondary colons (0.809375ms)
✔ narrative, missing evidence, and timestamp headings remain whole (0.098917ms)
✔ selects the exact source without replacing missing comparison periods with the primary (0.504084ms)
✔ prefix audit preserves original warmup snapshot and its own instrument and period (0.446458ms)
✔ rejects invalid positions, missing identity and explicitly unclosed prefix data (0.1975ms)
✔ optimization carries full execution and identity without live defaults (3.295667ms)
✔ malformed, mixed, missing or conflicting optimization context never silently defaults (1.001083ms)
✔ multi original replay preserves costs, slots and adjustment; extend changes only end dates (0.357042ms)
✔ multi rejects corrupt and incompatible slots without dropping or repairing any (0.356666ms)
✔ legacy missing settings are disclosed with deterministic defaults, explicit invalid values rejected (0.172625ms)
✔ combining equal-account singles preserves per-slot cash and costs; conflicts rejected not rewritten (0.366709ms)
✔ all candidate states distinguish eligibility from completed natural types (0.493875ms)
✔ opposite geometry identifies reused next-part evidence, including nonzero source IDs (3.3515ms)
✔ external opposite geometry is not added to candidate membership (0.184625ms)
✔ missing, stale, misattributed or future opposite geometry is not displayed as matched (0.155958ms)
✔ preferred endpoints are never called completed types; conflicts are retained (0.089417ms)
✔ opposite base turn is not same-level completion (0.102666ms)
✔ price formatting preserves zero and boundary contact, guards non-finite values (0.112917ms)
✔ candidate audit joins by identity, not response order (0.097709ms)
✔ part audit must match ordinal AND exact raw source IDs, including shifted IDs (0.139459ms)
✔ locates the three raw ranges without relabelling them as MACD or confirmed centres (0.945709ms)
✔ candidate must already be observable at the CURRENT replay prefix (0.166959ms)
✔ no incomplete, waiting or unsupported candidate is given a fabricated range (0.100958ms)
✔ raw bar boundaries must be contiguous and inside the visible window (0.13675ms)
✔ source partitions must cover every original segment once, preserving nonzero IDs (0.121708ms)
✔ conflicting geometric fallback remains viewable for manual audit (0.080625ms)
✔ clearing a regrouping focus restores original zoom; a new replay snapshot does not (0.116459ms)
✔ membership labels distinguish source confirmation from later admission (0.433292ms)
✔ admission witness distinguishes confirmation dependency from geometric membership (0.081416ms)
✔ old or malformed evidence never invents an admission witness (0.066625ms)
✔ real frozen result archives preserve every input, missing tag, precision and failed factor (7.727792ms)
✔ factor cloud envelope imports as independent copy without original identity (1.589792ms)
✔ partial or incompatible archives fail explicitly, not repaired from the current catalog (313.710208ms)
✔ read-only renderer has no execution or market API imports; explicit replay is separate (9.491791ms)
✔ same-account profile refresh preserves replay state; identity changes invalidate synchronously (1.125666ms)
✔ library navigation and Chinese/identifier/family search preserve full matching set (0.562417ms)
✔ availability is evaluated by adjustment and period without mutating selections (0.479333ms)
✔ parameter selection copies only active settings without mutating cached settings (0.798333ms)
✔ builtin decimal multiplier, ordering, effective identity and actual labels (0.390875ms)
✔ reset only one parameter, retain other overrides without mutating input (0.095083ms)
✔ history warning uses full effective warmup, not all parameters as rolling windows (0.173792ms)
✔ names and validation use actual windows; equivalent formula choices rejected (0.164292ms)
✔ statistics version is frozen provenance, never inferred as the current version (0.4785ms)
✔ factor glossary accepts standard abbreviations with spaces or underscores (0.155834ms)
✔ factor missing values never become valid zero (0.09175ms)
✔ factor ranking is stable, non-mutating and missing-last in both directions (12.044792ms)
✔ small factor values do not round to fake zeros; raw precision keeps original number (2.252291ms)
✔ compatibility aliases are only shown for exact legacy lookup or active selection (0.137375ms)
✔ menus stay inside phone, keyboard and landscape viewports (0.580042ms)
✔ near-bottom controls open upwards without changing ordinary desktop width (0.091417ms)
✔ warmup null, missing and invalid indicator values never become invented zeroes (0.915416ms)
✔ freeze all supported indicator outputs, warmup holes, volume averages and exact numerical precision (9.712917ms)
✔ frozen playback keeps captured values despite different current prices and never queries APIs (1.569666ms)
✔ malformed or mismatched frozen values fail closed, never fall back to recomputation (0.660291ms)
✔ marker hit uses signed stacking offset for both directions, not candle position (0.471166ms)
✔ symbol size and invalid render positions are handled safely (0.11325ms)
✔ market tab changes discard old success and cannot stop the new spinner (248.8395ms)
✔ market late failure after filter cannot resurrect an error (21.20275ms)
✔ market late failure after owner cannot resurrect an error (12.747667ms)
✔ market late failure after unmount cannot resurrect an error (19.312875ms)
✔ directory count failure preserves valid rows; late totals cannot cross markets (115.494542ms)
✔ board selection clears old details and ignores slower preceding member responses (68.993958ms)
✔ board list filter changes invalidate pending member requests and prevent old auto-selection (31.05525ms)
✔ default board preload remains system-origin after manual list refresh (42.26825ms)
✔ belonging response after stock cannot change results or stock history (34.043333ms)
✔ belonging response after owner cannot change results or stock history (17.285958ms)
✔ belonging response after unmount cannot change results or stock history (50.938917ms)
✔ current belonging success records captured stock; concurrent member failure has separate feedback (31.12325ms)
✔ market selection uses loaded market, clears on filters, and distinguishes shared stock/index codes (29.518417ms)
✔ board analysis uses result classification; members require their own market (36.730792ms)
✔ aborted late response cannot publish metadata even if transport ignores abort (28.661ms)
✔ missing provenance or silently changed adjustment never reaches research (0.145708ms)
✔ reported gaps do not falsely label suspension or prevent inspecting valid candles (0.109625ms)
✔ history fetch consumes one verified range and publishes complete metadata only after validation (4.528917ms)
✔ unclosed response never updates provenance or reaches the backtest (0.396083ms)
✔ null, true zero, infinities and real 999 are distinct after JSON roundtrip (0.7065ms)
✔ single, saved and comparison results retain authoritative metric basis (1.917417ms)
✔ whole proof validated without mutation, and cross-role ownership remains visible (1.614542ms)
✔ stale, future, duplicated, incomplete, falsely completed and mismatched sources rejected (0.78325ms)
✔ base runs cannot masquerade as proofs or own multiple provisional regions (0.108709ms)
✔ blocked covers show full conflicts, never fabricated flattened blocks (0.107833ms)
✔ labels retain provisional scope (0.184792ms)
✔ all seven MA presets are available but only MA5 and MA10 start visible (5.759875ms)
✔ each chart session gets independent editable settings without changing presets (0.093ms)
✔ MA presets retain the requested yellow, white, purple, green, cyan, orange, red palette (0.078584ms)
✔ legend retains every MA choice and explicit hidden states override stale chart selection (0.118166ms)
✔ cross-boundary details resolve actual input and nested ownership records (1.322167ms)
✔ unowned reverse evidence stays explicitly unowned for boundary rejection (0.109084ms)
✔ foreign witness can be shown for an otherwise single-owner candidate (0.09575ms)
✔ legacy candidates do not invent missing conflict details (0.095833ms)
✔ damaged detail is not presented: mismatched candidate sources (0.08075ms)
✔ damaged detail is not presented: wrong layer (0.611ms)
✔ damaged detail is not presented: unknown reverse input (0.065375ms)
✔ damaged detail is not presented: wrong reverse range (0.055875ms)
✔ damaged detail is not presented: reverse overlaps prices (0.0665ms)
✔ damaged detail is not presented: future reverse confirmation (0.105833ms)
✔ damaged detail is not presented: wrong reverse time (0.065917ms)
✔ damaged detail is not presented: incomplete domain list (0.060208ms)
✔ damaged detail is not presented: duplicate domains (0.049292ms)
✔ damaged detail is not presented: noncontinuous domain (0.043291ms)
✔ damaged detail is not presented: foreign domain misses witness (0.046458ms)
✔ damaged detail is not presented: false unowned witness (0.047417ms)
✔ damaged detail is not presented: missing nested record (0.051167ms)
✔ damaged detail is not presented: wrong reason (0.050917ms)
✔ only current owner revisions form the displayed ownership set (0.782208ms)
✔ internal provenance remains distinct and validates enclosing ownership (0.317375ms)
✔ parent-covered history is not labeled as an additional effective input (0.070209ms)
✔ nested provenance validates containment and strictly increasing input levels (0.165917ms)
✔ current owner labels are distinct from creation IDs and tolerate old snapshots (0.08975ms)
✔ summary mode lists every historical address, not just current versions (0.76ms)
✔ full and missing legacy snapshots stay readable without inventing history (0.0815ms)
✔ all four analysis paths explicitly request summary delivery without changing input (0.343083ms)
✔ complete lifecycle stays chronological, does not mutate input, and uses Chinese labels (1.292791ms)
✔ legacy or future history is not invented (0.118459ms)
✔ dangling, reordered, duplicated, miscounted and conflicting histories fail closed (0.965708ms)
✔ equal counts cannot hide swapped source identities (0.071417ms)
✔ intermediate event boundaries must equal actual inherited and added sources (0.066291ms)
✔ input evidence must exist at the correct level and be available at admission (0.180709ms)
✔ invalid domain sources, membership and parent context fail closed (0.152917ms)
✔ leftward growth, shifted sources and newly filled merge gaps remain valid (0.141542ms)
✔ both periods exclude future and open candles while retaining original warm-up start (0.582ms)
✔ snapshot observation time caps cutoff; bar start before cutoff is not enough (0.080208ms)
✔ no timeframe fallback or fabricated candles when historical minute range is unavailable (0.079709ms)
✔ index and board snapshots retain NONE adjustment, mismatch is rejected (0.225958ms)
✔ missing completion evidence, timezone timestamps and unordered bars fail explicitly (0.140291ms)
✔ week/month completion boundary comes from provider annotation, not day label (0.094583ms)
✔ matrix defaults to exactly the five requested periods in image order and six information columns (0.922708ms)
✔ does not turn current reversal observation into a confirmed opposite pen (0.166375ms)
✔ keeps true zero distinct from missing, and numerical display never overwrites original axis judgment (0.119458ms)
✔ keeps divergence family, extrema and actual confirmation separate; never drops records (13.158084ms)
✔ missing pen and divergence are bounded claims; quality limitations stay visible (0.17275ms)
✔ portfolio: all original values survive import and cloud envelope; no Chanlun recompute (17.132833ms)
✔ portfolio: actual component fetches only explicitly, binds owner/request/result and freezes capture (38.871834ms)
✔ portfolio: late receipt discarded after owner (1.461958ms)
✔ portfolio: late receipt discarded after request (1.006333ms)
✔ portfolio: late receipt discarded after task (0.784584ms)
✔ portfolio: late receipt discarded after result (0.824709ms)
✔ portfolio: late receipt discarded after busy (0.798666ms)
✔ portfolio: late receipt discarded after unmount (0.676209ms)
✔ portfolio: invalid missing rejected (0.231167ms)
✔ portfolio: invalid allocation rejected (0.218208ms)
✔ portfolio: invalid metadata rejected (0.10425ms)
✔ portfolio: invalid date rejected (0.098625ms)
✔ portfolio: invalid precision rejected (0.230417ms)
✔ portfolio: invalid curve rejected (0.184375ms)
✔ portfolio: invalid request rejected (0.086042ms)
✔ portfolio: invalid trade rejected (0.127958ms)
✔ portfolio: unavailable or different task never falls back to fetching data (4.433791ms)
✔ multi_strategy: all original values survive import and cloud envelope; no Chanlun recompute (1.082167ms)
✔ multi_strategy: actual component fetches only explicitly, binds owner/request/result and freezes capture (3.919209ms)
✔ multi_strategy: late receipt discarded after owner (39.360417ms)
✔ multi_strategy: late receipt discarded after request (4.868209ms)
✔ multi_strategy: late receipt discarded after task (0.869334ms)
✔ multi_strategy: late receipt discarded after result (0.7505ms)
✔ multi_strategy: late receipt discarded after busy (0.683916ms)
✔ multi_strategy: late receipt discarded after unmount (0.687792ms)
✔ multi_strategy: invalid missing rejected (0.119667ms)
✔ multi_strategy: invalid allocation rejected (0.231625ms)
✔ multi_strategy: invalid metadata rejected (0.086709ms)
✔ multi_strategy: invalid date rejected (0.089125ms)
✔ multi_strategy: invalid precision rejected (0.186667ms)
✔ multi_strategy: invalid curve rejected (0.151542ms)
✔ multi_strategy: invalid request rejected (0.08075ms)
✔ multi_strategy: invalid trade rejected (0.110625ms)
✔ multi_strategy: unavailable or different task never falls back to fetching data (9.663584ms)
✔ normalized server defaults may extend but not alter submitted parameters (0.111917ms)
✔ library original/extended multi replay uses saved costs despite global preference changes (275.867334ms)
✔ portfolio load -> actual store task lifecycle -> save uses identical context and all costs (71.964417ms)
✔ portfolio catalog-stage input is isolated before saved fetch (129.960125ms)
✔ portfolio catalog-stage params is isolated before saved fetch (95.533083ms)
✔ portfolio catalog-stage owner is isolated before saved fetch (38.24075ms)
✔ portfolio catalog-stage failure is isolated before saved fetch (26.062375ms)
✔ portfolio catalog-stage empty is isolated before saved fetch (21.172416ms)
✔ pending portfolio cannot survive input (23.01525ms)
✔ pending portfolio cannot survive owner (42.476875ms)
✔ pending portfolio cannot survive unmount (17.974917ms)
✔ store account epoch clears completed results in all four task families (19.796792ms)
✔ runPortfolio old account error is ignored even after switching back (29.857666ms)
✔ runMultiStrategy old account error is ignored even after switching back (26.182208ms)
✔ runOptimize old account error is ignored even after switching back (30.36875ms)
✔ runOptimizeAll old account error is ignored even after switching back (24.887ms)
✔ optimizer takes an input snapshot before awaiting bars and hands off the result strategy/adjustment (22.24425ms)
✔ portfolio late save cannot close or annotate newly changed configuration (15.171708ms)
✔ library name lookup cannot mix later input or account into a save (82.298084ms)
✔ library saves a multi result with submitted adjustment, not the later global preference (21.49475ms)
✔ late library list cannot replace a newly created record and owner change clears all personal rows (20.158125ms)
✔ portfolio identity rejects mixed markets, repeats and invalid lengths (0.241166ms)
✔ late preference response cannot revert a newer adjustment; queued patch is captured (168.521375ms)
✔ account switch drops old queue, permits new account immediately and ignores late response (82.589917ms)
✔ same-account logout/login does not accept response from prior session epoch (10.066125ms)
✔ failed saves reject caller, do not wedge queue or restore stale role permissions (10.954375ms)
✔ mismatched response owner and logged-out saves are rejected (9.750958ms)
✔ market preference watcher survives the first route unmount and follows owner changes (13.192667ms)
✔ late name hydration cannot write across accounts; new owner hydrates independently (141.040459ms)
✔ sidebar hydration never writes, old-owner timers cancel, failures are handled (95.000417ms)
✔ forming candles preserve OHLC and use dashed empty outlines (0.392125ms)
✔ forming volume and signed MACD columns preserve values and direction (0.095292ms)
✔ query defaults to system, manual intent is synchronous and explicit (0.521542ms)
✔ direct bar snapshot fetch preserves explicit intent, including failed requests (21.895292ms)
✔ pending manual requests do not mark concurrent automatic work or async continuations (0.138375ms)
✔ API dispatch tags manual queries but excludes automatic name lookup and task polling (28.39425ms)
✔ save keeps original full input separate from replay prefix, fully detached from live state (6.703958ms)
✔ same-bar opposite signals remain distinct; source survives JSON import without task or network (3.513292ms)
✔ recompute uses only saved chart prefix, keeps original scan signals and version unchanged (16.88025ms)
✔ reject wrong target before saving; never silently drop invalid lineage (7.802708ms)
✔ reject board target before saving; never silently drop invalid lineage (0.341208ms)
✔ reject wrong market before saving; never silently drop invalid lineage (0.248667ms)
✔ reject reference before saving; never silently drop invalid lineage (0.161542ms)
✔ reject invalid date type before saving; never silently drop invalid lineage (0.139083ms)
✔ reject noncanonical cutoff before saving; never silently drop invalid lineage (0.139458ms)
✔ reject row summary before saving; never silently drop invalid lineage (0.28475ms)
✔ reject row last date before saving; never silently drop invalid lineage (0.213292ms)
✔ reject outside signal window before saving; never silently drop invalid lineage (0.242083ms)
✔ reject row source before saving; never silently drop invalid lineage (0.195042ms)
✔ reject row requested adjust before saving; never silently drop invalid lineage (0.193042ms)
✔ reject row quality before saving; never silently drop invalid lineage (0.204708ms)
✔ reject open candle before saving; never silently drop invalid lineage (0.124875ms)
✔ reject unsupported storage before saving; never silently drop invalid lineage (0.117833ms)
✔ legacy snapshot without original input still opens without invented source (0.124584ms)
✔ original task references round-trip and legacy references remain distinguishable (2.73825ms)
✔ cache receipt must be a real ID string, never coerced or inherited from another owner (19.209083ms)
✔ all frozen bars and precision survive; changed code is disclosed, not represented as old execution (0.638959ms)
✔ invalid original receipt task stops instead of substituting live data (0.157959ms)
✔ invalid original receipt row stops instead of substituting live data (0.075208ms)
✔ invalid original receipt market stops instead of substituting live data (0.06375ms)
✔ invalid original receipt symbol stops instead of substituting live data (0.062666ms)
✔ invalid original receipt params stops instead of substituting live data (0.055416ms)
✔ invalid original receipt strategy stops instead of substituting live data (0.073542ms)
✔ invalid original receipt fingerprint stops instead of substituting live data (0.105542ms)
✔ invalid original receipt adjust stops instead of substituting live data (0.069375ms)
✔ invalid original receipt signal stops instead of substituting live data (0.075083ms)
✔ invalid original receipt malformed signals stops instead of substituting live data (0.054292ms)
✔ invalid original receipt row error stops instead of substituting live data (0.051083ms)
✔ invalid original receipt storage stops instead of substituting live data (0.051292ms)
✔ invalid original receipt version stops instead of substituting live data (0.054042ms)
✔ invalid original receipt missing bars stops instead of substituting live data (0.0575ms)
✔ invalid original receipt null bar stops instead of substituting live data (0.055791ms)
✔ invalid original receipt order stops instead of substituting live data (0.065708ms)
✔ invalid original receipt open bar stops instead of substituting live data (0.063167ms)
✔ invalid original receipt future stops instead of substituting live data (0.061916ms)
✔ invalid original receipt negative duration stops instead of substituting live data (0.068125ms)
✔ invalid original receipt missing cutoff stops instead of substituting live data (0.044875ms)
✔ invalid original receipt number string stops instead of substituting live data (0.069125ms)
✔ invalid original receipt NaN stops instead of substituting live data (0.056666ms)
✔ invalid original receipt bad low stops instead of substituting live data (0.057167ms)
✔ invalid original receipt negative volume stops instead of substituting live data (0.054792ms)
✔ API sends owner and abort signal with no-store; unavailable receipt never calls a live feed (28.379792ms)
✔ radar submits captured owner with manual intent, polls as system, and preserves old cache adjustment (44.788625ms)
✔ late submit after adjust cannot become a scan result or cache (11.088916ms)
✔ late submit after window cannot become a scan result or cache (0.998583ms)
✔ late submit after owner cannot become a scan result or cache (1.327458ms)
✔ late submit after roundtrip cannot become a scan result or cache (1.613417ms)
✔ late submit after unmount cannot become a scan result or cache (1.134041ms)
✔ late poll after adjust cannot become a scan result or cache (2.496166ms)
✔ late poll after window cannot become a scan result or cache (1.72225ms)
✔ late poll after owner cannot become a scan result or cache (1.625083ms)
✔ late poll after roundtrip cannot become a scan result or cache (3.783792ms)
✔ late poll after unmount cannot become a scan result or cache (0.825167ms)
✔ a failed new scan cannot re-display or replace old success; explicit retry is independent (0.854958ms)
✔ invalid result rows is never cached (0.623125ms)
✔ invalid result counts is never cached (0.495458ms)
✔ invalid result id is never cached (0.439625ms)
✔ storage denial preserves valid live results with an explicit notice (0.511125ms)
✔ actual picker loads the original complete warmup and stores actual dates, not form defaults (22.14975ms)
✔ failed original input does not fall back to newly fetched prices (3.9515ms)
✔ pending original input cannot commit after owner (19.082667ms)
✔ pending original input cannot commit after code (1.700625ms)
✔ pending original input cannot commit after unmount (3.435209ms)
✔ radar review captures row adjustment, exact minute, strategy and original cutoff (2.417917ms)
✔ invalid or legacy reviews fail explicitly without guessing data or adjustment (0.7675ms)
✔ exchange-local dates validate without browser timezone conversion (0.097208ms)
✔ review excludes future and unclosed bars, resets derived fingerprint and reports actual range without mutating source (1.084333ms)
✔ radar cache is owner scoped and malformed/legacy records never enter the UI (0.531208ms)
✔ late messages, close and errors from an old socket cannot affect replacement (1.198209ms)
✔ invalid messages and control responses never become ticks; close reason retained (0.166167ms)
✔ matching versions are selected by case identity without mutation (1.99075ms)
✔ future snapshots, wrong rules, incomplete chains and duplicate cases are rejected (0.503708ms)
✔ labels never confuse endpoint consistency or higher-centre proof with completion (0.288667ms)
✔ v2 keeps the detached prefix and v1 remains readable (0.6505ms)
✔ v3 supports trend search while retaining the same ownership guards (0.254291ms)
✔ missing, duplicated, misattributed or silently completed prefix is rejected (0.690625ms)
✔ reincorporation is recorded explicitly instead of erasing detached history (0.9515ms)
✔ accepts bounded history and empty verified batches (0.875208ms)
✔ rejects wrong batch, future indices, broken sources and contradictory state (0.237333ms)
✔ research labels distinguish absence, release, retained and internal (0.078625ms)
✔ late old responses cannot own a newer research request (0.455166ms)
✔ submission fields are captured values, not mutable form references (0.403209ms)
✔ navigation preserves explicit stock/index/fund/board identity and parameters without auto run (1.527459ms)
✔ ambiguous identity is rejected rather than guessed or numeric code padded (0.117375ms)
✔ query parser rejects incomplete, duplicate, incompatible and mixed-context values (1.539416ms)
✔ snapshot import keeps original data and normalizes optional display metadata (3.093708ms)
✔ reject invalid schema, periods, oversized arrays and impossible candle prices (0.842625ms)
✔ cloud archives retain larger frozen windows and all supported distinct periods (10.385167ms)
✔ import keeps valid frozen outputs and rejects mismatched frozen data instead of recomputing (0.420375ms)
✔ window is exchange local and bounded by the snapshot cutoff (0.455125ms)
✔ missing numbers and candidate status are never promoted (0.09025ms)
✔ amber projection resolves daily and minute labels, ignores open candle (0.248625ms)
✔ three workspaces are keyboard traversable without dropping an existing mode (0.778541ms)
✔ mobile comparison shows exactly the selected snapshot; desktop shows both (0.109667ms)
✔ inactive research never starts automatic work, valid active research does (0.088208ms)
✔ saved single strategy restores market, period, adjustment and all execution costs exactly (4.488334ms)
✔ missing legacy fields disclose supplied defaults instead of claiming complete restoration (0.299792ms)
✔ explicit contradictory market and unsupported instruments are not silently rewritten (0.331542ms)
✔ invalid present fields are errors, not fallback defaults (0.291959ms)
✔ saved links identify records only and cannot inject alternate execution context (0.17375ms)
✔ market entry preserves local dates and strategy, runs only on explicit request (6.092416ms)
✔ boards entry preserves local dates and strategy, runs only on explicit request (1.382208ms)
✔ mixed market context blocks all loading and computation: savedStrategyId (1.023875ms)
✔ mixed market context blocks all loading and computation: optimizationContext (0.921584ms)
✔ mixed market context blocks all loading and computation: autoRun (0.959917ms)
✔ mixed market context blocks all loading and computation: unexpected (2.181416ms)
✔ slow catalog cannot overwrite input with a market entry (3.787917ms)
✔ slow catalog cannot overwrite owner with a market entry (5.590291ms)
✔ catalog-stage input cannot restore saved inputs or dispatch a task (4.988292ms)
✔ catalog-stage params cannot restore saved inputs or dispatch a task (2.592834ms)
✔ catalog-stage owner cannot restore saved inputs or dispatch a task (1.7755ms)
✔ catalog-stage failure cannot restore saved inputs or dispatch a task (1.343875ms)
✔ optimization context restores every execution field and malformed context blocks dispatch (1.42375ms)
✔ actual backtest view loads exact saved context without running, then saves the configuration used (2.617875ms)
✔ saving original radar warmup uses loaded input dates, not hidden form defaults (2.497209ms)
✔ late saved record cannot overwrite owner (1.754417ms)
✔ late saved record cannot overwrite route (1.212458ms)
✔ late saved record cannot overwrite input (1.1695ms)
✔ late saved record cannot overwrite unmount (1.092917ms)
✔ invalid saved context blocks run, while legacy missing fields disclose fallback (4.699834ms)
✔ every execution input invalidates the old result before it can be saved (18.491208ms)
✔ editing a cost while bars are pending never runs the new form on the old request (2.596166ms)
✔ save completion after owner cannot write into a different page or account (1.684666ms)
✔ save completion after route cannot write into a different page or account (1.096041ms)
✔ save completion after unmount cannot write into a different page or account (2.672ms)
✔ audit description translates permissions and never renders arbitrary detail fields (1.112166ms)
✔ audit time is explicitly Shanghai time and invalid data remains readable (49.430458ms)
✔ audit API preserves bounded pagination/filter state and authenticated credentials (38.5225ms)
✔ distinguishes no candidate, failed current audit, and actual invalidation without promoting legacy state (3.380917ms)
✔ filters independent families and directions without merging special and local dual-line evidence (5.691166ms)
✔ searches lifecycle dates and failure reasons with all terms required, retaining original source objects (0.47225ms)
✔ searches diagnostic rejection history without silently reviving historical candidates (0.398625ms)
✔ all excludes bc false, preserves input order and records, and does not infer missing direction (0.170625ms)
✔ legacy diagnostic family is standard, and empty diagnostics do not invent rejection records (0.107583ms)
✔ structural points retain their own confirmation and evidence, never deriving them from a MACD source (0.391916ms)
✔ M1 uses exact existing gates and remains a separate view of its original standard event (0.254167ms)
✔ combined date query finds independent point, prompt and event records without deduplication or additive counts (0.148333ms)
✔ chart date matches structured lifecycle timestamps, not coincidental prose dates (0.254375ms)
✔ minute evidence uses exact exchange-local minute, accepting T/space and refusing missing time (0.10375ms)
✔ chart date includes diagnostic ABC and rejection coverage without inventing open or reversed intervals (0.21075ms)
✔ date scope combines with all filters for structural points and original M1 sources (0.0965ms)
✔ new standard evidence explains price, old blocker and independent special lifecycle (1.081042ms)
✔ new gates include counts, boundary and dates without undefined placeholder (0.206792ms)
✔ legacy comparisons retain old detected confirmed and invalidated dates (0.140583ms)
✔ initial schema and refreshed catalog preserve supplied parameters; strategy change alone resets (2.700083ms)
✔ late catalog defaults are suspended until route validation and then fill only missing fields (0.607292ms)
✔ structure dates remove midnight noise without changing intraday precision (0.48825ms)
✔ centre evidence distinguishes fixed core, outer range and candidate expansion (0.567625ms)
✔ segment evidence includes source prices and reverse proof with one-based labels (0.15525ms)
✔ missing legacy evidence does not invent confirmation (0.096416ms)
✔ special inclusion explains boundary exception without labelling it an ordinary fractal (0.062583ms)
✔ centre relation history distinguishes current candidate from original separation (0.092708ms)
✔ confirmation replay translates raw indices without date matching (0.067625ms)
✔ unknown, invalid or out-of-snapshot confirmations have no replay target (0.072417ms)
✔ connection badge validates shared time, price and alternating direction (0.115042ms)
✔ reverse preview uses observed extreme, not last close or a future target (0.9995ms)
✔ mirrored lows produce an upward reference (0.136458ms)
✔ no invented reference for missing, ambiguous, extending, or invalid inputs (0.10625ms)
✔ replay prefix cannot use a later extreme; ties retain first occurrence (0.14075ms)
✔ ongoing consolidation differs by color, line pattern, and fill (0.131125ms)
✔ actual component captures every selected period and failure; automatic work stays system-origin (16.2025ms)
✔ all collection failures are exportable reports, never empty success or recomputable invented bars (1.622459ms)
✔ missing response rows are retained as explicit errors; unexpected rows or cutoff cannot enter a saved result (7.177791ms)
✔ late study response cannot be saved after account (1.21825ms)
✔ late study response cannot be saved after input (1.175458ms)
✔ late study response cannot be saved after unmount (0.984875ms)
✔ invalid collection coverage cannot silently omit a period during import (1.732333ms)
✔ actual study freezes independent radar lineage, preserves it through import and recompute, and refuses foreign source (3.086916ms)
✔ task stores detached actual inputs, user submission and system polling (5.590167ms)
✔ invalidated submit resolve cannot revive result/error/spinner (12.854083ms)
✔ invalidated submit reject cannot revive result/error/spinner (0.91275ms)
✔ invalidated poll resolve cannot revive result/error/spinner (0.959834ms)
✔ invalidated poll reject cannot revive result/error/spinner (0.937125ms)
✔ earlier request completion cannot stop a newer task or replace its context (2.332708ms)
✔ owner change stops polling and cannot attribute prior account result to the new account (0.518625ms)
✔ failed remains failure, never successful completion (0.17275ms)
✔ cancelled remains failure, never successful completion (0.085458ms)
✔ timed_out remains failure, never successful completion (0.090833ms)
✔ cancelling is not completed; wrong ID, malformed result and unknown status fail closed (4.19175ms)
✔ deadline aborts polling and explicitly says the server may still be running (18.063167ms)
✔ task API sends captured owner and abort signal; old callers remain compatible (17.965708ms)
✔ task list rejects malformed responses instead of replacing records with undefined (16.7885ms)
✔ cancelling is not terminal and elapsed values remain readable (0.178041ms)
✔ runBacktestWithPolling waits through cancelling and returns cancelled (3.442875ms)
✔ runBacktestWithPolling waits through cancelling and returns timed_out (4.766084ms)
✔ runSignalScanWithPolling waits through cancelling and returns cancelled (1.943542ms)
✔ runSignalScanWithPolling waits through cancelling and returns timed_out (1.576583ms)
✔ cancel API uses POST, and partial cancelled scan results are never accepted (0.332417ms)
✔ persistent recovery and version mismatch are distinct from completion (0.27075ms)
✔ terminal task deletion handles empty 204 and encodes identity (0.129792ms)
✔ checkpoint presence is not confused with verified reuse or task completion (0.284167ms)
✔ cached completed submission is retrieved rather than shown as running (0.164917ms)
✔ network failures are localized across WebKit, Chromium and Firefox (0.160583ms)
✔ tracking identity separates asset types, exchanges and board catalogues (1.273708ms)
✔ cloud book validates without silently dropping corrupt groups or duplicate entries (2.48075ms)
✔ expansion preserves every member and all board/direct sources, not a 200-row display page (2.276917ms)
✔ membership failure is explicit and malformed partial membership is never accepted (0.2625ms)
✔ batch runs sequentially, keeps partial errors and continues after a failed target (6.387792ms)
✔ cancellation marks in-flight and unstarted rows, ignoring a late success (0.423208ms)
✔ group breadth counts only available periods, never treats failed targets as neutral evidence (0.406834ms)
✔ exact current revision accepts only its own evidence without mutation (19.412958ms)
✔ old partition, stale version, future evidence and false completion are rejected (1.372833ms)
✔ historical audit cannot import a later opposite segment (0.171625ms)
✔ empty partitions and higher-proof priority retain explicit blockers (0.087417ms)
✔ new blockers use Chinese labels without calling prerequisites completion (0.17175ms)
✔ missing comparison interval is explained in Chinese without inventing a date (0.580125ms)
✔ special diagnostics identify each A indicator witness rather than the price witness (0.165625ms)
✔ nonstandard DEA axis gate remains explicit without an improvement requirement (0.137209ms)
✔ DEA tolerance discloses research threshold, precise deviation and near-zero fallback (0.617542ms)
✔ wave evidence separates effective A from original wave and local pivots (0.736125ms)
✔ rounded equal line extrema disclose the precise failed values and witness times (0.371083ms)
✔ comparisons are explicitly research only and preserve B/C axis checks (0.276417ms)
✔ unformed candidate shows Chinese gates, two-decimal values and rejection dates (0.231958ms)
✔ new nonstandard audit explicitly uses full A and first-formed reverse evidence explains gaps (0.423125ms)
ℹ tests 584
ℹ suites 0
ℹ pass 584
ℹ fail 0
ℹ cancelled 0
ℹ skipped 0
ℹ todo 0
ℹ duration_ms 3365.032375
→ 打包中…
→ 运行测试…
京东方评级: D 分数: 34.3
维度明细: 卡玛比率=22.7, 最大回撤=27.5, 胜率=33.5, 利润因子=34.1, 夏普比率=41.5, 波动率=50.1
否决: 利润因子 1.11 接近 1，仅勉强盈亏平衡
长线优质策略评级: B 分数: 64.5
维度权重: 卡玛比率=28%, 最大回撤=26%, 胜率=0%, 利润因子=0%, 夏普比率=23%, 波动率=23%
优质案例评级: A 分数: 83.9
寻优点评级: A 74
组合重算指标: { '年化': '20.83%', '回撤': '0.80%', '夏普': '5.27', '卡玛': '26.03' }
稳定上涨组合评级: S 91.8
波动组合重算: { '回撤': '44.15%', '夏普': '-2.64', '持续': 60 }
波动组合评级: D 18.5
✔ 新版组合评级使用后端采样，不按图表柱数重新日线年化 (1.492209ms)
✔ 必要风险指标缺失不能展示为零风险或正常评级 (0.227417ms)
✔ 无穷比率不等于满分，真实零利润因子仍按亏损判断 (0.129458ms)
✔ 京东方回测必须评为 D 档（用户核心诉求验证点） (0.442875ms)
✔ 京东方评分应在 30-43 区间（C 与 D 的边界） (0.096375ms)
✔ 低利润因子触发系统亏损否决 (0.064125ms)
✔ 样本不足（< 10 笔交易）降权但不否决整个评级 (0.128542ms)
✔ 用户实测场景：6年6笔交易 + 高夏普 → 应得 A/B（核心回归测试） (0.129042ms)
✔ 深回撤 > 60% 触发直接 D 否决 (0.091333ms)
✔ 优质回测应得 A 或 S 档 (0.126666ms)
✔ 高回撤但收益高 → 最高 B（一票否决 cap） (0.075166ms)
✔ 插值函数：边界值取端点分数 (0.0595ms)
✔ 插值函数：中间值线性插值 (0.042375ms)
✔ 寻优评级：4 维度降级版 (0.082041ms)
✔ 寻优评级：网格点交易太少 → 降权但评级照常 (0.049959ms)
✔ 组合评级：稳定上涨净值应得 A 或 S (1.549875ms)
✔ 组合评级：高波动深回撤净值 → 低档 (0.587959ms)
✔ combinedMetrics：单点净值返回全 0（兜底） (0.045333ms)
✔ 历史组合仅保留原值，不从曲线推断日线或重算评级 (0.455834ms)
✔ v1-v4、未知版本及不完整依据不伪装为新版结果 (0.512792ms)
✔ 新版结果使用已记录指标，真实 999 和零不被当作历史哨兵 (0.066292ms)
✔ 指标状态缺失或与数值冲突不能产出评级，包括被降权维度 (0.0825ms)
✔ 低交易样本的真实不可用逐笔指标仍可降权，不误拦截可用净值评级 (0.081083ms)
✔ 寻优逐行核验新版采样与候选状态，输入范围不替代候选证据 (0.098959ms)
✔ 完整快照保留精度、真实 0/999、全部指标及版本且不关联可变输入 (0.532708ms)
✔ 策略保存接受真实 Vue 响应式结果，不因 Proxy 无法 structuredClone 而失败 (0.47875ms)
✔ 再次保存历史指标不补造新版计算或评级依据 (0.082041ms)
✔ 对比展示原值并指出版本、周期、范围与利率差异，不自动重算 (0.211292ms)
ℹ tests 28
ℹ suites 0
ℹ pass 28
ℹ fail 0
ℹ cancelled 0
ℹ skipped 0
ℹ todo 0
ℹ duration_ms 91.728333
