
> web-ui@0.0.0 test
> node scripts/run-tests.mjs

✔ tracking is restricted to active administrators and explicitly authorized users (0.420083ms)
✔ presence requires visible focused recent interaction and never negative elapsed time (0.102166ms)
✔ admin query descriptions label metadata and disclose truncated targets (0.192625ms)
✔ all current chart inspector evidence stays readable without altering original nested data (29.062833ms)
✔ reject malformed fields reachable from overlays, popovers and every inspector section with exact paths (8.542625ms)
✔ optional old fields and empty failure checkpoints remain readable, no missing-state invention (0.133791ms)
✔ archive calendar validation rejects normalized impossible dates and illegal clock/offset values (6.426041ms)
✔ bar validation compares actual instants, retains raw strings, rejects equal instants and malformed volume (1.307292ms)
✔ existing frozen matrix bar sources remain readable without mutation (55.423542ms)
✔ event lists and evidence-set reordering never imply new or changed signals; originals remain intact (27.226792ms)
✔ state, lifecycle times and unrounded evidence are classified separately on the same identity (0.87975ms)
✔ same date across families and sides remains independent; true event additions/removals are distinct (0.420125ms)
✔ duplicate identities preserve all records and are never paired arbitrarily (0.460041ms)
✔ missing identity does not cause false removals or additions in its collection (5.637791ms)
✔ missing source/list is unknown, not empty or proof of no events (3.574542ms)
✔ never-candidate diagnostics match without A or reference, including special B-only records (0.958292ms)
✔ A trimming changes evidence not identity; original wave anchors and reference changes distinguish bases (0.587125ms)
✔ date normalization preserves intraday, microsecond and timezone distinctions (37.143208ms)
✔ source differences and unknown fields/ordered evidence are retained (0.755542ms)
✔ different instruments, periods or study results are not matched (0.086959ms)
✔ structure divergences are supported without inventing MACD wave anchors (0.258667ms)
✔ legacy local migration keeps original payload, precision, versions and unknown fields without upgrading (10.459917ms)
✔ cloud exports use latest metadata but retain the original immutable payload, not old cloud ID/revision (2.118958ms)
✔ study import preserves successful and failed periods plus original warmup and primary metadata (1.406167ms)
✔ unknown, incomplete, oversized and nonfinite backups are rejected, never uploaded as summaries (201.719958ms)
✔ all supported chart outputs preserve full precision, null warmups, style and instance order (11.104917ms)
✔ migration IDs survive rescanning/reload, preserve precision and isolate owners and changed content (43.1305ms)
✔ migration rejects missing owners, foreign archives and malformed inputs before upload (0.427042ms)
✔ post-inspection changes never upload under a previously confirmed identity (1.10775ms)
✔ lost response retries the same immutable body and id, without automatic retry or local deletion (0.881458ms)
✔ stop or account changes before/after read and upload discard stale results (0.758542ms)
✔ deleted cloud copies are not restored, purged copies and wrong response IDs are not treated as success (1.228417ms)
✔ chart plan freezes original data and uses original identity/window, not current selection (4.011084ms)
✔ missing volume/time/parameters and unsupported length never silently become a smaller/default study (16.601042ms)
✔ study plan preserves actual research settings and saved time labels (0.250459ms)
✔ unrounded path diff distinguishes null, missing, structure, empty arrays, and ordering (0.261167ms)
✔ response must match request, instrument, version, scope and period identities (0.53425ms)
✔ new archive retains original bars/lineage but never relabels frozen old indicators as recomputed (0.384917ms)
✔ study without saved input retains an explicit uncomputed row, never pretends all periods succeeded (0.196417ms)
✔ complete indicator recompute preserves saved settings, checks response and saves only new values (1.38625ms)
✔ missing or unknown saved indicator parameters cannot borrow current defaults (0.349333ms)
✔ original valid study rows retain precision, unknown fields, true zero and no recomputation (3.807875ms)
✔ invalid nested fields become explicit per-period errors, not silently missing rows (0.871042ms)
✔ strict pen fields reject coercion and preserve historical source errors without reading their invalid nested fields (1.014792ms)
✔ duplicates are not cherry-picked and malformed or future rows remain in original-record entries (0.157ms)
✔ full backtest file and cloud envelope retain all fields; no implicit Chanlun recompute (3.710083ms)
✔ invalid cash cannot become a readable archive (0.099458ms)
✔ invalid params cannot become a readable archive (0.072708ms)
✔ invalid adjust cannot become a readable archive (0.093583ms)
✔ invalid null lineage cannot become a readable archive (0.117375ms)
✔ invalid net value cannot become a readable archive (0.088042ms)
✔ invalid future trade cannot become a readable archive (0.079542ms)
✔ invalid duplicate date cannot become a readable archive (0.07525ms)
✔ invalid missing metrics cannot become a readable archive (0.0775ms)
✔ invalid nested infinity cannot become a readable archive (0.142083ms)
✔ invalid coerced rejected cannot become a readable archive (0.098208ms)
✔ actual store freezes submitted input and result separately from later source mutation (252.187042ms)
✔ actual store rejects stale or failed owner run and clears prior archive (32.274792ms)
✔ actual store rejects stale or failed input run and clears prior archive (34.223667ms)
✔ actual store rejects stale or failed clear run and clears prior archive (43.939292ms)
✔ actual store rejects stale or failed failure run and clears prior archive (34.572666ms)
✔ trade lookup keeps the exact minute across separators, precision and days (0.722959ms)
✔ date-only values cannot choose the midnight bar of an ambiguous day (0.096083ms)
✔ daily and duplicate exact timestamps keep first positional matches (0.491708ms)
✔ nanoseconds and timezone text are not truncated into a false match (0.093375ms)
✔ date labels preserve useful precision without local timezone conversion (0.100208ms)
✔ higher sources resolve actual records and separate original from current review time (1.437458ms)
✔ base sources and foreign witness rejection have distinct Chinese descriptions (0.340125ms)
✔ inconsistent candidate has no replay evidence: unknown reason (0.216333ms)
✔ inconsistent candidate has no replay evidence: prototype key (0.178792ms)
✔ inconsistent candidate has no replay evidence: future version (0.152875ms)
✔ inconsistent candidate has no replay evidence: future completion (0.24225ms)
✔ inconsistent candidate has no replay evidence: missing time (5.411541ms)
✔ inconsistent candidate has no replay evidence: empty source (0.158ms)
✔ inconsistent candidate has no replay evidence: duplicate source (0.077833ms)
✔ inconsistent candidate has no replay evidence: unknown source (0.118125ms)
✔ inconsistent candidate has no replay evidence: mixed levels (0.067667ms)
✔ inconsistent candidate has no replay evidence: future child (0.05825ms)
✔ inconsistent candidate has no replay evidence: wrong child level (0.055583ms)
✔ inconsistent candidate has no replay evidence: duplicate record (0.046375ms)
✔ inconsistent candidate has no replay evidence: empty record range (0.050542ms)
✔ inconsistent candidate has no replay evidence: gap (0.052541ms)
✔ inconsistent candidate has no replay evidence: wrong parent range (0.040084ms)
✔ inconsistent candidate has no replay evidence: reversed sources (0.042167ms)
✔ inconsistent candidate has no replay evidence: unsafe base number (0.048541ms)
✔ 80 percent transparency is 20 percent alpha, for both candle directions (0.453791ms)
✔ transparency stays finite, integer, and bounded (0.085958ms)
✔ body is symmetric around the unchanged wick across widths and fractional positions (4.831458ms)
✔ horizontal candles preserve every price coordinate (0.119792ms)
✔ missing or non-finite candle layouts are left untouched (0.269542ms)
✔ native ECharts layout remains centred after resize, zoom and data replacement (239.083667ms)
✔ zooming out of large-data line mode restores centred candle bodies (15.9025ms)
✔ structure widths retain existing defaults and hover appearance (1.544791ms)
✔ manual values stay finite, bounded, and at two decimal places (0.176125ms)
✔ raw index overrides rounded dates, including zero (0.445291ms)
✔ legacy intraday dates never fall back to the first bar of the day (0.097833ms)
✔ duplicate formatted times fail safely without a raw index (0.068583ms)
✔ padding keeps the 23px marker plus radius inside the price pane (0.10875ms)
✔ flat, zero and negative ranges get finite padding; invalid extents do not (0.086709ms)
✔ single-bar time link is a thin line limited to each actual plot (0.816875ms)
✔ multi-bar time link has no border and clips to plot, never clamps offscreen data to an edge (0.180625ms)
✔ time links map daily coverage to all minute bars, not a matching ordinal (0.447834ms)
✔ weekly and monthly end-labelled bars cover earlier constituent dates without changing data (1.952958ms)
✔ nearest marker wins regardless of signal family, only co-located points share chooser (0.202583ms)
✔ immutable request cache deduplicates pending work, isolates payload keys and retries errors (0.307708ms)
✔ all six structural types keep extrema and confirmation separate with original evidence (0.593167ms)
✔ legacy records do not invent confirmation or structural sources (0.119417ms)
✔ M1 keeps independent MACD source and original direction, never a structural type (0.313667ms)
✔ all chart layers override independent animation and progressive rendering (2.239833ms)
✔ archive tooltip labels and evidence remain text, not active HTML (1.138ms)
✔ rejects invalid saved zooms (4.769ms)
✔ same-snapshot redraw keeps current manually chosen view (0.118167ms)
✔ focus redraw keeps manual zoom; clearing restores pre-focus view (0.083375ms)
✔ switching focus preserves the original return view (0.074542ms)
✔ new snapshot resets saved focus view and never revives old zoom (0.064625ms)
✔ default inactive; moving does not show cards and leaving does not deactivate (0.80125ms)
✔ object previews can read date-card activation without activating it (0.168916ms)
✔ click selects a point; outside click closes; inside click is not dismissed (0.108542ms)
✔ activated cards follow movement until outside dismissal, then require another click (0.109375ms)
✔ zoom clears stale coordinates but preserves activation (0.083708ms)
✔ data reset and Escape deactivate; teardown removes all handlers (0.112458ms)
✔ archive requests bind current owner and bypass browser cache (24.959958ms)
✔ cloud directory validates all rows, quotas and identities without dropping broken entries (8.012125ms)
✔ original detail requires an object payload but action receipts may omit it (0.999083ms)
✔ account change discards delayed success and delayed errors (0.28825ms)
✔ unauthenticated archive requests do not reach server; structured conflicts remain actionable (0.201875ms)
✔ upload retries retain immutable captured body and all numerical precision (0.1765ms)
✔ directed centre chain is candidate evidence, not completion (0.980125ms)
✔ touching, opposing, future, overlapping or malformed chains fail closed (1.398708ms)
✔ single-centre and legacy components remain readable (0.298666ms)
✔ inside, border, reversed y and overlapping rectangles resolve newest first (1.551959ms)
✔ invalid or missing render coordinates cannot create hits (0.162042ms)
✔ popup stays within narrow viewport and near-edge right click (0.150541ms)
✔ roles are Chinese and unknown roles never claim completion (0.435209ms)
✔ source ranges keep one-based indices without disguising gaps (0.100167ms)
✔ coverage checks counts, repeats and missing IDs (0.201917ms)
✔ missing, empty and rejected suffix are explicit (0.084ms)
✔ invalid counts and empty blocks cannot pass the coverage audit (0.075291ms)
✔ uses raw indices, allows shared endpoints and bounds zoom padding (3.390333ms)
✔ does not invent a B interval or infer indices from formatted dates (0.095084ms)
✔ rejects partial, reversed, overlapping and out-of-snapshot evidence (0.120792ms)
✔ allows inspection of historical failed evidence without reviving it (0.109417ms)
✔ local proof draws frozen exact endpoints only after its actual confirmation (0.200834ms)
✔ dual-line divergence uses two exact raw indices, never artificial ABC ranges (0.0845ms)
✔ dual-line focus rejects missing, duplicate, reversed and out-of-range points (0.085333ms)
✔ special wave focus uses AB and its extreme without inventing C (0.091458ms)
✔ direction, family and lifecycle have independent marker styles (0.585792ms)
✔ no-C dual-line remains a circle and fills only on first reverse-pen confirmation (0.771417ms)
✔ M1 is restricted to confirmed waves with a later actual confirmation (0.738125ms)
✔ four families retain independent records and nonstandard uses a triangle (0.184625ms)
✔ October 4 marker matrix uses shape for family and colour only for direction (0.122417ms)
✔ special AB evidence separates A line extrema from both price anchors and legacy pivots (0.126458ms)
✔ history is opt-in, inactive stays grey hollow, never creates M1 (0.115542ms)
✔ every historical shape uses a continuous hollow contour, including on hover (0.1245ms)
✔ new nonstandard evidence relaxes prices only and records each subtype (0.11275ms)
✔ new dual rule cannot fill without recorded later local confirmation (0.0995ms)
✔ historical engineering match retains original timing without claiming regrouping completion (2.84125ms)
✔ future, stale, mismatched or incomplete evidence fails closed (0.483833ms)
✔ older snapshots and unmatched parts keep existing natural audit available (0.209375ms)
✔ engineering provenance uses the same one-based numbering as other inspectors (0.539708ms)
✔ mixed recursion distinguishes consolidation and trend from the old trend view (0.136458ms)
✔ unknown or reversed provenance is not presented as a completed trend (0.06925ms)
✔ indicator and price values use two decimals without inventing missing evidence (0.077833ms)
✔ recursive centre relations never call extension candidates completed types (0.078375ms)
✔ admissions distinguish unit confirmation from later failed-return admission (0.076916ms)
✔ display fields retain all text including dates, provenance, and secondary colons (3.213791ms)
✔ narrative, missing evidence, and timestamp headings remain whole (0.113458ms)
✔ selects the exact source without replacing missing comparison periods with the primary (0.438625ms)
✔ prefix audit preserves original warmup snapshot and its own instrument and period (0.404583ms)
✔ rejects invalid positions, missing identity and explicitly unclosed prefix data (0.180791ms)
✔ optimization carries full execution and identity without live defaults (3.666208ms)
✔ malformed, mixed, missing or conflicting optimization context never silently defaults (1.622167ms)
✔ multi original replay preserves costs, slots and adjustment; extend changes only end dates (1.567875ms)
✔ multi rejects corrupt and incompatible slots without dropping or repairing any (1.052542ms)
✔ legacy missing settings are disclosed with deterministic defaults, explicit invalid values rejected (0.164417ms)
✔ combining equal-account singles preserves per-slot cash and costs; conflicts rejected not rewritten (0.3875ms)
✔ all candidate states distinguish eligibility from completed natural types (0.504875ms)
✔ opposite geometry identifies reused next-part evidence, including nonzero source IDs (2.452958ms)
✔ external opposite geometry is not added to candidate membership (0.146375ms)
✔ missing, stale, misattributed or future opposite geometry is not displayed as matched (0.153125ms)
✔ preferred endpoints are never called completed types; conflicts are retained (0.084ms)
✔ opposite base turn is not same-level completion (0.109625ms)
✔ price formatting preserves zero and boundary contact, guards non-finite values (0.124292ms)
✔ candidate audit joins by identity, not response order (0.0795ms)
✔ part audit must match ordinal AND exact raw source IDs, including shifted IDs (0.159417ms)
✔ locates the three raw ranges without relabelling them as MACD or confirmed centres (1.008667ms)
✔ candidate must already be observable at the CURRENT replay prefix (0.173834ms)
✔ no incomplete, waiting or unsupported candidate is given a fabricated range (0.098834ms)
✔ raw bar boundaries must be contiguous and inside the visible window (0.135459ms)
✔ source partitions must cover every original segment once, preserving nonzero IDs (0.116166ms)
✔ conflicting geometric fallback remains viewable for manual audit (0.070583ms)
✔ clearing a regrouping focus restores original zoom; a new replay snapshot does not (0.114458ms)
✔ membership labels distinguish source confirmation from later admission (1.138125ms)
✔ admission witness distinguishes confirmation dependency from geometric membership (0.275791ms)
✔ old or malformed evidence never invents an admission witness (0.244333ms)
✔ library navigation and Chinese/identifier/family search preserve full matching set (0.536166ms)
✔ parameter selection copies only active settings without mutating cached settings (1.077ms)
✔ names and validation use actual windows; equivalent formula choices rejected (0.309625ms)
✔ factor glossary accepts standard abbreviations with spaces or underscores (0.573167ms)
✔ factor missing values never become valid zero (0.104208ms)
✔ factor ranking is stable, non-mutating and missing-last in both directions (26.168375ms)
✔ small factor values do not round to fake zeros; raw precision keeps original number (0.107584ms)
✔ compatibility aliases are only shown for exact legacy lookup or active selection (0.11675ms)
✔ menus stay inside phone, keyboard and landscape viewports (0.594417ms)
✔ near-bottom controls open upwards without changing ordinary desktop width (0.094292ms)
✔ warmup null, missing and invalid indicator values never become invented zeroes (0.977875ms)
✔ freeze all supported indicator outputs, warmup holes, volume averages and exact numerical precision (20.4615ms)
✔ frozen playback keeps captured values despite different current prices and never queries APIs (0.669125ms)
✔ malformed or mismatched frozen values fail closed, never fall back to recomputation (0.684667ms)
✔ marker hit uses signed stacking offset for both directions, not candle position (0.985292ms)
✔ symbol size and invalid render positions are handled safely (0.370625ms)
✔ market tab changes discard old success and cannot stop the new spinner (235.690708ms)
✔ market late failure after filter cannot resurrect an error (25.425875ms)
✔ market late failure after owner cannot resurrect an error (12.089334ms)
✔ market late failure after unmount cannot resurrect an error (20.859667ms)
✔ directory count failure preserves valid rows; late totals cannot cross markets (73.6725ms)
✔ board selection clears old details and ignores slower preceding member responses (33.990875ms)
✔ board list filter changes invalidate pending member requests and prevent old auto-selection (38.323166ms)
✔ default board preload remains system-origin after manual list refresh (34.423709ms)
✔ belonging response after stock cannot change results or stock history (17.04775ms)
✔ belonging response after owner cannot change results or stock history (19.56525ms)
✔ belonging response after unmount cannot change results or stock history (28.492209ms)
✔ current belonging success records captured stock; concurrent member failure has separate feedback (66.407959ms)
✔ market selection uses loaded market, clears on filters, and distinguishes shared stock/index codes (17.933ms)
✔ board analysis uses result classification; members require their own market (67.116625ms)
✔ aborted late response cannot publish metadata even if transport ignores abort (73.227208ms)
✔ missing provenance or silently changed adjustment never reaches research (0.156375ms)
✔ reported gaps do not falsely label suspension or prevent inspecting valid candles (0.118083ms)
✔ history fetch consumes one verified range and publishes complete metadata only after validation (2.188667ms)
✔ unclosed response never updates provenance or reaches the backtest (0.894083ms)
✔ null, true zero, infinities and real 999 are distinct after JSON roundtrip (0.470416ms)
✔ single, saved and comparison results retain authoritative metric basis (1.134959ms)
✔ whole proof validated without mutation, and cross-role ownership remains visible (2.454792ms)
✔ stale, future, duplicated, incomplete, falsely completed and mismatched sources rejected (1.859875ms)
✔ base runs cannot masquerade as proofs or own multiple provisional regions (0.121833ms)
✔ blocked covers show full conflicts, never fabricated flattened blocks (0.106042ms)
✔ labels retain provisional scope (0.072167ms)
✔ all seven MA presets are available but only MA5 and MA10 start visible (1.694792ms)
✔ each chart session gets independent editable settings without changing presets (0.099292ms)
✔ MA presets retain the requested yellow, white, purple, green, cyan, orange, red palette (0.086625ms)
✔ legend retains every MA choice and explicit hidden states override stale chart selection (0.128458ms)
✔ cross-boundary details resolve actual input and nested ownership records (2.643ms)
✔ unowned reverse evidence stays explicitly unowned for boundary rejection (0.1325ms)
✔ foreign witness can be shown for an otherwise single-owner candidate (0.103708ms)
✔ legacy candidates do not invent missing conflict details (0.111458ms)
✔ damaged detail is not presented: mismatched candidate sources (0.08675ms)
✔ damaged detail is not presented: wrong layer (0.071833ms)
✔ damaged detail is not presented: unknown reverse input (0.0625ms)
✔ damaged detail is not presented: wrong reverse range (0.068375ms)
✔ damaged detail is not presented: reverse overlaps prices (0.063958ms)
✔ damaged detail is not presented: future reverse confirmation (0.108417ms)
✔ damaged detail is not presented: wrong reverse time (0.063583ms)
✔ damaged detail is not presented: incomplete domain list (0.066792ms)
✔ damaged detail is not presented: duplicate domains (0.047584ms)
✔ damaged detail is not presented: noncontinuous domain (0.040959ms)
✔ damaged detail is not presented: foreign domain misses witness (0.04925ms)
✔ damaged detail is not presented: false unowned witness (0.046125ms)
✔ damaged detail is not presented: missing nested record (0.05275ms)
✔ damaged detail is not presented: wrong reason (0.054542ms)
✔ only current owner revisions form the displayed ownership set (0.726334ms)
✔ internal provenance remains distinct and validates enclosing ownership (0.31075ms)
✔ parent-covered history is not labeled as an additional effective input (0.071208ms)
✔ nested provenance validates containment and strictly increasing input levels (0.164917ms)
✔ current owner labels are distinct from creation IDs and tolerate old snapshots (0.093209ms)
✔ summary mode lists every historical address, not just current versions (0.748667ms)
✔ full and missing legacy snapshots stay readable without inventing history (0.098666ms)
✔ all four analysis paths explicitly request summary delivery without changing input (0.352083ms)
✔ complete lifecycle stays chronological, does not mutate input, and uses Chinese labels (1.253667ms)
✔ legacy or future history is not invented (0.120875ms)
✔ dangling, reordered, duplicated, miscounted and conflicting histories fail closed (1.174916ms)
✔ equal counts cannot hide swapped source identities (0.089833ms)
✔ intermediate event boundaries must equal actual inherited and added sources (0.075375ms)
✔ input evidence must exist at the correct level and be available at admission (0.225625ms)
✔ invalid domain sources, membership and parent context fail closed (0.178625ms)
✔ leftward growth, shifted sources and newly filled merge gaps remain valid (0.165917ms)
✔ both periods exclude future and open candles while retaining original warm-up start (0.566459ms)
✔ snapshot observation time caps cutoff; bar start before cutoff is not enough (0.09525ms)
✔ no timeframe fallback or fabricated candles when historical minute range is unavailable (0.061333ms)
✔ index and board snapshots retain NONE adjustment, mismatch is rejected (0.223042ms)
✔ missing completion evidence, timezone timestamps and unordered bars fail explicitly (0.142166ms)
✔ week/month completion boundary comes from provider annotation, not day label (0.102292ms)
✔ matrix defaults to exactly the five requested periods in image order and six information columns (0.886875ms)
✔ does not turn current reversal observation into a confirmed opposite pen (0.157583ms)
✔ keeps true zero distinct from missing, and numerical display never overwrites original axis judgment (0.127ms)
✔ keeps divergence family, extrema and actual confirmation separate; never drops records (6.927167ms)
✔ missing pen and divergence are bounded claims; quality limitations stay visible (0.127875ms)
✔ portfolio: all original values survive import and cloud envelope; no Chanlun recompute (4.917917ms)
✔ portfolio: actual component fetches only explicitly, binds owner/request/result and freezes capture (66.821709ms)
✔ portfolio: late receipt discarded after owner (2.097125ms)
✔ portfolio: late receipt discarded after request (1.031125ms)
✔ portfolio: late receipt discarded after task (0.884167ms)
✔ portfolio: late receipt discarded after result (0.909958ms)
✔ portfolio: late receipt discarded after busy (0.771458ms)
✔ portfolio: late receipt discarded after unmount (0.705667ms)
✔ portfolio: invalid missing rejected (0.189834ms)
✔ portfolio: invalid allocation rejected (0.230959ms)
✔ portfolio: invalid metadata rejected (0.111958ms)
✔ portfolio: invalid date rejected (3.107708ms)
✔ portfolio: invalid precision rejected (0.650834ms)
✔ portfolio: invalid curve rejected (11.166958ms)
✔ portfolio: invalid request rejected (0.121125ms)
✔ portfolio: invalid trade rejected (0.148209ms)
✔ portfolio: unavailable or different task never falls back to fetching data (6.833209ms)
✔ multi_strategy: all original values survive import and cloud envelope; no Chanlun recompute (0.966833ms)
✔ multi_strategy: actual component fetches only explicitly, binds owner/request/result and freezes capture (1.725917ms)
✔ multi_strategy: late receipt discarded after owner (0.795791ms)
✔ multi_strategy: late receipt discarded after request (0.732292ms)
✔ multi_strategy: late receipt discarded after task (0.717708ms)
✔ multi_strategy: late receipt discarded after result (4.411917ms)
✔ multi_strategy: late receipt discarded after busy (1.535375ms)
✔ multi_strategy: late receipt discarded after unmount (0.828417ms)
✔ multi_strategy: invalid missing rejected (0.109167ms)
✔ multi_strategy: invalid allocation rejected (0.183208ms)
✔ multi_strategy: invalid metadata rejected (0.171292ms)
✔ multi_strategy: invalid date rejected (0.3015ms)
✔ multi_strategy: invalid precision rejected (0.251791ms)
✔ multi_strategy: invalid curve rejected (0.228542ms)
✔ multi_strategy: invalid request rejected (0.107625ms)
✔ multi_strategy: invalid trade rejected (3.719834ms)
✔ multi_strategy: unavailable or different task never falls back to fetching data (6.582875ms)
✔ normalized server defaults may extend but not alter submitted parameters (0.089666ms)
✔ library original/extended multi replay uses saved costs despite global preference changes (206.940959ms)
✔ portfolio load -> actual store task lifecycle -> save uses identical context and all costs (117.170833ms)
✔ portfolio catalog-stage input is isolated before saved fetch (101.1795ms)
✔ portfolio catalog-stage params is isolated before saved fetch (47.322959ms)
✔ portfolio catalog-stage owner is isolated before saved fetch (29.223125ms)
✔ portfolio catalog-stage failure is isolated before saved fetch (23.360625ms)
✔ portfolio catalog-stage empty is isolated before saved fetch (20.059041ms)
✔ pending portfolio cannot survive input (15.792334ms)
✔ pending portfolio cannot survive owner (20.979875ms)
✔ pending portfolio cannot survive unmount (27.609208ms)
✔ store account epoch clears completed results in all four task families (14.01375ms)
✔ runPortfolio old account error is ignored even after switching back (23.556458ms)
✔ runMultiStrategy old account error is ignored even after switching back (21.561208ms)
✔ runOptimize old account error is ignored even after switching back (16.084334ms)
✔ runOptimizeAll old account error is ignored even after switching back (14.787333ms)
✔ optimizer takes an input snapshot before awaiting bars and hands off the result strategy/adjustment (21.593333ms)
✔ portfolio late save cannot close or annotate newly changed configuration (16.935667ms)
✔ library name lookup cannot mix later input or account into a save (60.778708ms)
✔ library saves a multi result with submitted adjustment, not the later global preference (20.291208ms)
✔ late library list cannot replace a newly created record and owner change clears all personal rows (18.683709ms)
✔ portfolio identity rejects mixed markets, repeats and invalid lengths (0.261042ms)
✔ late preference response cannot revert a newer adjustment; queued patch is captured (167.42425ms)
✔ account switch drops old queue, permits new account immediately and ignores late response (17.107792ms)
✔ same-account logout/login does not accept response from prior session epoch (31.151125ms)
✔ failed saves reject caller, do not wedge queue or restore stale role permissions (17.503041ms)
✔ mismatched response owner and logged-out saves are rejected (19.264917ms)
✔ market preference watcher survives the first route unmount and follows owner changes (18.54675ms)
✔ late name hydration cannot write across accounts; new owner hydrates independently (33.296208ms)
✔ sidebar hydration never writes, old-owner timers cancel, failures are handled (138.258ms)
✔ forming candles preserve OHLC and use dashed empty outlines (0.400084ms)
✔ forming volume and signed MACD columns preserve values and direction (0.095667ms)
✔ query defaults to system, manual intent is synchronous and explicit (0.528625ms)
✔ direct bar snapshot fetch preserves explicit intent, including failed requests (33.693709ms)
✔ pending manual requests do not mark concurrent automatic work or async continuations (0.214917ms)
✔ API dispatch tags manual queries but excludes automatic name lookup and task polling (11.21375ms)
✔ save keeps original full input separate from replay prefix, fully detached from live state (39.203125ms)
✔ same-bar opposite signals remain distinct; source survives JSON import without task or network (1.113125ms)
✔ recompute uses only saved chart prefix, keeps original scan signals and version unchanged (1.194667ms)
✔ reject wrong target before saving; never silently drop invalid lineage (4.017334ms)
✔ reject board target before saving; never silently drop invalid lineage (0.520375ms)
✔ reject wrong market before saving; never silently drop invalid lineage (6.958916ms)
✔ reject reference before saving; never silently drop invalid lineage (0.195ms)
✔ reject invalid date type before saving; never silently drop invalid lineage (0.162667ms)
✔ reject noncanonical cutoff before saving; never silently drop invalid lineage (0.142709ms)
✔ reject row summary before saving; never silently drop invalid lineage (0.342083ms)
✔ reject row last date before saving; never silently drop invalid lineage (1.064167ms)
✔ reject outside signal window before saving; never silently drop invalid lineage (0.307583ms)
✔ reject row source before saving; never silently drop invalid lineage (34.109334ms)
✔ reject row requested adjust before saving; never silently drop invalid lineage (0.332541ms)
✔ reject row quality before saving; never silently drop invalid lineage (0.24575ms)
✔ reject open candle before saving; never silently drop invalid lineage (0.124583ms)
✔ reject unsupported storage before saving; never silently drop invalid lineage (0.135208ms)
✔ legacy snapshot without original input still opens without invented source (0.1265ms)
✔ original task references round-trip and legacy references remain distinguishable (1.055083ms)
✔ cache receipt must be a real ID string, never coerced or inherited from another owner (0.304625ms)
✔ all frozen bars and precision survive; changed code is disclosed, not represented as old execution (0.56975ms)
✔ invalid original receipt task stops instead of substituting live data (0.143292ms)
✔ invalid original receipt row stops instead of substituting live data (0.071708ms)
✔ invalid original receipt market stops instead of substituting live data (0.194917ms)
✔ invalid original receipt symbol stops instead of substituting live data (0.100958ms)
✔ invalid original receipt params stops instead of substituting live data (0.098625ms)
✔ invalid original receipt strategy stops instead of substituting live data (0.092417ms)
✔ invalid original receipt fingerprint stops instead of substituting live data (0.117625ms)
✔ invalid original receipt adjust stops instead of substituting live data (0.073542ms)
✔ invalid original receipt signal stops instead of substituting live data (0.083292ms)
✔ invalid original receipt malformed signals stops instead of substituting live data (0.059625ms)
✔ invalid original receipt row error stops instead of substituting live data (0.056959ms)
✔ invalid original receipt storage stops instead of substituting live data (0.051875ms)
✔ invalid original receipt version stops instead of substituting live data (0.063042ms)
✔ invalid original receipt missing bars stops instead of substituting live data (0.056208ms)
✔ invalid original receipt null bar stops instead of substituting live data (0.057625ms)
✔ invalid original receipt order stops instead of substituting live data (0.074291ms)
✔ invalid original receipt open bar stops instead of substituting live data (0.057625ms)
✔ invalid original receipt future stops instead of substituting live data (0.057625ms)
✔ invalid original receipt negative duration stops instead of substituting live data (0.061917ms)
✔ invalid original receipt missing cutoff stops instead of substituting live data (0.037875ms)
✔ invalid original receipt number string stops instead of substituting live data (0.0515ms)
✔ invalid original receipt NaN stops instead of substituting live data (0.04825ms)
✔ invalid original receipt bad low stops instead of substituting live data (0.049875ms)
✔ invalid original receipt negative volume stops instead of substituting live data (0.048ms)
✔ API sends owner and abort signal with no-store; unavailable receipt never calls a live feed (30.694875ms)
✔ radar submits captured owner with manual intent, polls as system, and preserves old cache adjustment (80.472417ms)
✔ late submit after adjust cannot become a scan result or cache (13.13125ms)
✔ late submit after window cannot become a scan result or cache (1.184875ms)
✔ late submit after owner cannot become a scan result or cache (1.127541ms)
✔ late submit after roundtrip cannot become a scan result or cache (2.423708ms)
✔ late submit after unmount cannot become a scan result or cache (4.044125ms)
✔ late poll after adjust cannot become a scan result or cache (1.047583ms)
✔ late poll after window cannot become a scan result or cache (6.039166ms)
✔ late poll after owner cannot become a scan result or cache (1.905542ms)
✔ late poll after roundtrip cannot become a scan result or cache (3.069458ms)
✔ late poll after unmount cannot become a scan result or cache (1.948625ms)
✔ a failed new scan cannot re-display or replace old success; explicit retry is independent (1.773542ms)
✔ invalid result rows is never cached (4.257041ms)
✔ invalid result counts is never cached (25.737584ms)
✔ invalid result id is never cached (1.910209ms)
✔ storage denial preserves valid live results with an explicit notice (5.468959ms)
✔ actual picker loads the original complete warmup and stores actual dates, not form defaults (22.497292ms)
✔ failed original input does not fall back to newly fetched prices (0.868666ms)
✔ pending original input cannot commit after owner (24.599875ms)
✔ pending original input cannot commit after code (2.44375ms)
✔ pending original input cannot commit after unmount (18.209667ms)
✔ radar review captures row adjustment, exact minute, strategy and original cutoff (2.877375ms)
✔ invalid or legacy reviews fail explicitly without guessing data or adjustment (1.200416ms)
✔ exchange-local dates validate without browser timezone conversion (0.20525ms)
✔ review excludes future and unclosed bars, resets derived fingerprint and reports actual range without mutating source (0.967833ms)
✔ radar cache is owner scoped and malformed/legacy records never enter the UI (0.480875ms)
✔ late messages, close and errors from an old socket cannot affect replacement (2.701041ms)
✔ invalid messages and control responses never become ticks; close reason retained (0.184875ms)
✔ matching versions are selected by case identity without mutation (0.927083ms)
✔ future snapshots, wrong rules, incomplete chains and duplicate cases are rejected (0.275209ms)
✔ labels never confuse endpoint consistency or higher-centre proof with completion (0.145166ms)
✔ v2 keeps the detached prefix and v1 remains readable (0.319417ms)
✔ v3 supports trend search while retaining the same ownership guards (0.110625ms)
✔ missing, duplicated, misattributed or silently completed prefix is rejected (0.310958ms)
✔ reincorporation is recorded explicitly instead of erasing detached history (0.135625ms)
✔ accepts bounded history and empty verified batches (1.582375ms)
✔ rejects wrong batch, future indices, broken sources and contradictory state (0.273416ms)
✔ research labels distinguish absence, release, retained and internal (0.084875ms)
✔ late old responses cannot own a newer research request (1.0245ms)
✔ submission fields are captured values, not mutable form references (0.492375ms)
✔ navigation preserves explicit stock/index/fund/board identity and parameters without auto run (1.847291ms)
✔ ambiguous identity is rejected rather than guessed or numeric code padded (0.129208ms)
✔ query parser rejects incomplete, duplicate, incompatible and mixed-context values (1.1215ms)
✔ snapshot import keeps original data and normalizes optional display metadata (3.321583ms)
✔ reject invalid schema, periods, oversized arrays and impossible candle prices (1.118125ms)
✔ cloud archives retain larger frozen windows and all supported distinct periods (10.527208ms)
✔ import keeps valid frozen outputs and rejects mismatched frozen data instead of recomputing (0.436916ms)
✔ window is exchange local and bounded by the snapshot cutoff (0.476791ms)
✔ missing numbers and candidate status are never promoted (0.075583ms)
✔ amber projection resolves daily and minute labels, ignores open candle (0.2515ms)
✔ three workspaces are keyboard traversable without dropping an existing mode (0.811833ms)
✔ mobile comparison shows exactly the selected snapshot; desktop shows both (0.10325ms)
✔ inactive research never starts automatic work, valid active research does (0.123917ms)
✔ saved single strategy restores market, period, adjustment and all execution costs exactly (3.114208ms)
✔ missing legacy fields disclose supplied defaults instead of claiming complete restoration (0.310042ms)
✔ explicit contradictory market and unsupported instruments are not silently rewritten (0.657625ms)
✔ invalid present fields are errors, not fallback defaults (1.591166ms)
✔ saved links identify records only and cannot inject alternate execution context (0.205792ms)
✔ market entry preserves local dates and strategy, runs only on explicit request (6.05375ms)
✔ boards entry preserves local dates and strategy, runs only on explicit request (1.328208ms)
✔ mixed market context blocks all loading and computation: savedStrategyId (1.054584ms)
✔ mixed market context blocks all loading and computation: optimizationContext (0.923208ms)
✔ mixed market context blocks all loading and computation: autoRun (0.950625ms)
✔ mixed market context blocks all loading and computation: unexpected (2.417041ms)
✔ slow catalog cannot overwrite input with a market entry (5.210417ms)
✔ slow catalog cannot overwrite owner with a market entry (1.446375ms)
✔ catalog-stage input cannot restore saved inputs or dispatch a task (2.692375ms)
✔ catalog-stage params cannot restore saved inputs or dispatch a task (1.66925ms)
✔ catalog-stage owner cannot restore saved inputs or dispatch a task (2.192708ms)
✔ catalog-stage failure cannot restore saved inputs or dispatch a task (1.251541ms)
✔ optimization context restores every execution field and malformed context blocks dispatch (1.617625ms)
✔ actual backtest view loads exact saved context without running, then saves the configuration used (1.377083ms)
✔ saving original radar warmup uses loaded input dates, not hidden form defaults (1.634292ms)
✔ late saved record cannot overwrite owner (1.480833ms)
✔ late saved record cannot overwrite route (1.124ms)
✔ late saved record cannot overwrite input (1.396667ms)
✔ late saved record cannot overwrite unmount (1.686667ms)
✔ invalid saved context blocks run, while legacy missing fields disclose fallback (3.447ms)
✔ every execution input invalidates the old result before it can be saved (14.861875ms)
✔ editing a cost while bars are pending never runs the new form on the old request (1.086334ms)
✔ save completion after owner cannot write into a different page or account (1.350583ms)
✔ save completion after route cannot write into a different page or account (1.1255ms)
✔ save completion after unmount cannot write into a different page or account (1.014ms)
✔ audit description translates permissions and never renders arbitrary detail fields (1.668ms)
✔ audit time is explicitly Shanghai time and invalid data remains readable (37.133791ms)
✔ audit API preserves bounded pagination/filter state and authenticated credentials (18.990541ms)
✔ distinguishes no candidate, failed current audit, and actual invalidation without promoting legacy state (1.597333ms)
✔ filters independent families and directions without merging special and local dual-line evidence (1.373084ms)
✔ searches lifecycle dates and failure reasons with all terms required, retaining original source objects (0.129625ms)
✔ searches diagnostic rejection history without silently reviving historical candidates (0.387542ms)
✔ all excludes bc false, preserves input order and records, and does not infer missing direction (0.134167ms)
✔ legacy diagnostic family is standard, and empty diagnostics do not invent rejection records (0.098209ms)
✔ structural points retain their own confirmation and evidence, never deriving them from a MACD source (0.284083ms)
✔ M1 uses exact existing gates and remains a separate view of its original standard event (0.1985ms)
✔ combined date query finds independent point, prompt and event records without deduplication or additive counts (0.110792ms)
✔ chart date matches structured lifecycle timestamps, not coincidental prose dates (0.229416ms)
✔ minute evidence uses exact exchange-local minute, accepting T/space and refusing missing time (0.090083ms)
✔ chart date includes diagnostic ABC and rejection coverage without inventing open or reversed intervals (0.20075ms)
✔ date scope combines with all filters for structural points and original M1 sources (0.091083ms)
✔ new standard evidence explains price, old blocker and independent special lifecycle (1.460333ms)
✔ new gates include counts, boundary and dates without undefined placeholder (0.233625ms)
✔ legacy comparisons retain old detected confirmed and invalidated dates (0.152792ms)
✔ initial schema and refreshed catalog preserve supplied parameters; strategy change alone resets (4.074833ms)
✔ late catalog defaults are suspended until route validation and then fill only missing fields (0.664708ms)
✔ structure dates remove midnight noise without changing intraday precision (1.090791ms)
✔ centre evidence distinguishes fixed core, outer range and candidate expansion (0.64375ms)
✔ segment evidence includes source prices and reverse proof with one-based labels (0.188416ms)
✔ missing legacy evidence does not invent confirmation (0.10475ms)
✔ special inclusion explains boundary exception without labelling it an ordinary fractal (0.065209ms)
✔ centre relation history distinguishes current candidate from original separation (0.098625ms)
✔ confirmation replay translates raw indices without date matching (0.075542ms)
✔ unknown, invalid or out-of-snapshot confirmations have no replay target (0.081917ms)
✔ connection badge validates shared time, price and alternating direction (0.123792ms)
✔ reverse preview uses observed extreme, not last close or a future target (0.872584ms)
✔ mirrored lows produce an upward reference (0.096833ms)
✔ no invented reference for missing, ambiguous, extending, or invalid inputs (0.096875ms)
✔ replay prefix cannot use a later extreme; ties retain first occurrence (0.091542ms)
✔ ongoing consolidation differs by color, line pattern, and fill (0.102ms)
✔ actual component captures every selected period and failure; automatic work stays system-origin (15.340709ms)
✔ all collection failures are exportable reports, never empty success or recomputable invented bars (6.203625ms)
✔ missing response rows are retained as explicit errors; unexpected rows or cutoff cannot enter a saved result (4.061292ms)
✔ late study response cannot be saved after account (0.919083ms)
✔ late study response cannot be saved after input (1.422083ms)
✔ late study response cannot be saved after unmount (1.025791ms)
✔ invalid collection coverage cannot silently omit a period during import (1.77525ms)
✔ actual study freezes independent radar lineage, preserves it through import and recompute, and refuses foreign source (3.295042ms)
✔ task stores detached actual inputs, user submission and system polling (3.225375ms)
✔ invalidated submit resolve cannot revive result/error/spinner (1.812833ms)
✔ invalidated submit reject cannot revive result/error/spinner (0.548834ms)
✔ invalidated poll resolve cannot revive result/error/spinner (0.790208ms)
✔ invalidated poll reject cannot revive result/error/spinner (0.960792ms)
✔ earlier request completion cannot stop a newer task or replace its context (0.526166ms)
✔ owner change stops polling and cannot attribute prior account result to the new account (0.734833ms)
✔ failed remains failure, never successful completion (0.773375ms)
✔ cancelled remains failure, never successful completion (0.241375ms)
✔ timed_out remains failure, never successful completion (0.1095ms)
✔ cancelling is not completed; wrong ID, malformed result and unknown status fail closed (1.53625ms)
✔ deadline aborts polling and explicitly says the server may still be running (16.587625ms)
✔ task API sends captured owner and abort signal; old callers remain compatible (15.92775ms)
✔ task list rejects malformed responses instead of replacing records with undefined (25.021375ms)
✔ cancelling is not terminal and elapsed values remain readable (0.147792ms)
✔ runBacktestWithPolling waits through cancelling and returns cancelled (4.186917ms)
✔ runBacktestWithPolling waits through cancelling and returns timed_out (2.726167ms)
✔ runSignalScanWithPolling waits through cancelling and returns cancelled (2.004292ms)
✔ runSignalScanWithPolling waits through cancelling and returns timed_out (2.140292ms)
✔ cancel API uses POST, and partial cancelled scan results are never accepted (0.630834ms)
✔ persistent recovery and version mismatch are distinct from completion (0.315583ms)
✔ terminal task deletion handles empty 204 and encodes identity (0.159625ms)
✔ checkpoint presence is not confused with verified reuse or task completion (0.303042ms)
✔ cached completed submission is retrieved rather than shown as running (0.837584ms)
✔ network failures are localized across WebKit, Chromium and Firefox (0.185416ms)
✔ tracking identity separates asset types, exchanges and board catalogues (0.771375ms)
✔ cloud book validates without silently dropping corrupt groups or duplicate entries (0.609917ms)
✔ expansion preserves every member and all board/direct sources, not a 200-row display page (1.228916ms)
✔ membership failure is explicit and malformed partial membership is never accepted (0.208ms)
✔ batch runs sequentially, keeps partial errors and continues after a failed target (14.942625ms)
✔ cancellation marks in-flight and unstarted rows, ignoring a late success (0.173834ms)
✔ group breadth counts only available periods, never treats failed targets as neutral evidence (0.193875ms)
✔ exact current revision accepts only its own evidence without mutation (1.032ms)
✔ old partition, stale version, future evidence and false completion are rejected (0.274625ms)
✔ historical audit cannot import a later opposite segment (0.079583ms)
✔ empty partitions and higher-proof priority retain explicit blockers (0.072375ms)
✔ new blockers use Chinese labels without calling prerequisites completion (0.130875ms)
✔ missing comparison interval is explained in Chinese without inventing a date (1.39825ms)
✔ special diagnostics identify each A indicator witness rather than the price witness (0.3295ms)
✔ nonstandard DEA axis gate remains explicit without an improvement requirement (0.165291ms)
✔ DEA tolerance discloses research threshold, precise deviation and near-zero fallback (1.684167ms)
✔ wave evidence separates effective A from original wave and local pivots (1.116667ms)
✔ rounded equal line extrema disclose the precise failed values and witness times (0.1825ms)
✔ comparisons are explicitly research only and preserve B/C axis checks (0.115333ms)
✔ unformed candidate shows Chinese gates, two-decimal values and rejection dates (0.101292ms)
✔ new nonstandard audit explicitly uses full A and first-formed reverse evidence explains gaps (0.11625ms)
ℹ tests 574
ℹ suites 0
ℹ pass 574
ℹ fail 0
ℹ cancelled 0
ℹ skipped 0
ℹ todo 0
ℹ duration_ms 3215.550291
→ 打包中…
→ 运行测试…
京东方评级: D 分数: 34.3
维度明细: 卡玛比率=22.7, 最大回撤=27.5, 胜率=33.5, 利润因子=34.1, 夏普比率=41.5, 波动率=50.1
否决: 利润因子 1.11 接近 1，仅勉强盈亏平衡
长线优质策略评级: B 分数: 64.5
维度权重: 卡玛比率=28%, 最大回撤=26%, 胜率=0%, 利润因子=0%, 夏普比率=23%, 波动率=23%
优质案例评级: A 分数: 83.9
寻优点评级: A 74
组合重算指标: { '年化': '20.83%', '回撤': '0.80%', '夏普': '5.27', '卡玛': '26.03' }
稳定上涨组合评级: S 91.8
波动组合重算: { '回撤': '44.15%', '夏普': '-2.64', '持续': 60 }
波动组合评级: D 18.5
✔ 新版组合评级使用后端采样，不按图表柱数重新日线年化 (1.32225ms)
✔ 必要风险指标缺失不能展示为零风险或正常评级 (0.214125ms)
✔ 无穷比率不等于满分，真实零利润因子仍按亏损判断 (0.119917ms)
✔ 京东方回测必须评为 D 档（用户核心诉求验证点） (0.425833ms)
✔ 京东方评分应在 30-43 区间（C 与 D 的边界） (0.092125ms)
✔ 低利润因子触发系统亏损否决 (0.11775ms)
✔ 样本不足（< 10 笔交易）降权但不否决整个评级 (0.1855ms)
✔ 用户实测场景：6年6笔交易 + 高夏普 → 应得 A/B（核心回归测试） (0.186833ms)
✔ 深回撤 > 60% 触发直接 D 否决 (0.106917ms)
✔ 优质回测应得 A 或 S 档 (0.143833ms)
✔ 高回撤但收益高 → 最高 B（一票否决 cap） (0.100583ms)
✔ 插值函数：边界值取端点分数 (0.057ms)
✔ 插值函数：中间值线性插值 (0.050708ms)
✔ 寻优评级：4 维度降级版 (0.092666ms)
✔ 寻优评级：网格点交易太少 → 降权但评级照常 (0.077333ms)
✔ 组合评级：稳定上涨净值应得 A 或 S (1.588084ms)
✔ 组合评级：高波动深回撤净值 → 低档 (0.519708ms)
✔ combinedMetrics：单点净值返回全 0（兜底） (0.049875ms)
✔ 历史组合仅保留原值，不从曲线推断日线或重算评级 (0.507542ms)
✔ v1-v4、未知版本及不完整依据不伪装为新版结果 (0.531667ms)
✔ 新版结果使用已记录指标，真实 999 和零不被当作历史哨兵 (0.072875ms)
✔ 指标状态缺失或与数值冲突不能产出评级，包括被降权维度 (0.086958ms)
✔ 低交易样本的真实不可用逐笔指标仍可降权，不误拦截可用净值评级 (0.08375ms)
✔ 寻优逐行核验新版采样与候选状态，输入范围不替代候选证据 (0.109416ms)
✔ 完整快照保留精度、真实 0/999、全部指标及版本且不关联可变输入 (0.62425ms)
✔ 策略保存接受真实 Vue 响应式结果，不因 Proxy 无法 structuredClone 而失败 (0.62175ms)
✔ 再次保存历史指标不补造新版计算或评级依据 (0.099792ms)
✔ 对比展示原值并指出版本、周期、范围与利率差异，不自动重算 (0.250125ms)
ℹ tests 28
ℹ suites 0
ℹ pass 28
ℹ fail 0
ℹ cancelled 0
ℹ skipped 0
ℹ todo 0
ℹ duration_ms 93.246625
