
> web-ui@0.0.0 test
> node scripts/run-tests.mjs

✔ tracking is restricted to active administrators and explicitly authorized users (0.571667ms)
✔ presence requires visible focused recent interaction and never negative elapsed time (0.112792ms)
✔ admin query descriptions label metadata and disclose truncated targets (0.558ms)
✔ all current chart inspector evidence stays readable without altering original nested data (90.210833ms)
✔ reject malformed fields reachable from overlays, popovers and every inspector section with exact paths (27.711958ms)
✔ optional old fields and empty failure checkpoints remain readable, no missing-state invention (0.131125ms)
✔ archive calendar validation rejects normalized impossible dates and illegal clock/offset values (5.930125ms)
✔ bar validation compares actual instants, retains raw strings, rejects equal instants and malformed volume (23.737083ms)
✔ existing frozen matrix bar sources remain readable without mutation (30.078875ms)
✔ event lists and evidence-set reordering never imply new or changed signals; originals remain intact (15.021083ms)
✔ state, lifecycle times and unrounded evidence are classified separately on the same identity (0.656834ms)
✔ same date across families and sides remains independent; true event additions/removals are distinct (0.411583ms)
✔ duplicate identities preserve all records and are never paired arbitrarily (0.423875ms)
✔ missing identity does not cause false removals or additions in its collection (49.608ms)
✔ missing source/list is unknown, not empty or proof of no events (7.901708ms)
✔ never-candidate diagnostics match without A or reference, including special B-only records (0.450417ms)
✔ A trimming changes evidence not identity; original wave anchors and reference changes distinguish bases (0.819208ms)
✔ date normalization preserves intraday, microsecond and timezone distinctions (7.938708ms)
✔ source differences and unknown fields/ordered evidence are retained (0.683459ms)
✔ different instruments, periods or study results are not matched (0.092292ms)
✔ structure divergences are supported without inventing MACD wave anchors (0.262708ms)
✔ legacy local migration keeps original payload, precision, versions and unknown fields without upgrading (2.682708ms)
✔ cloud exports use latest metadata but retain the original immutable payload, not old cloud ID/revision (0.606083ms)
✔ study import preserves successful and failed periods plus original warmup and primary metadata (0.672083ms)
✔ unknown, incomplete, oversized and nonfinite backups are rejected, never uploaded as summaries (262.452ms)
✔ all supported chart outputs preserve full precision, null warmups, style and instance order (20.621458ms)
✔ migration IDs survive rescanning/reload, preserve precision and isolate owners and changed content (62.306917ms)
✔ migration rejects missing owners, foreign archives and malformed inputs before upload (0.511125ms)
✔ post-inspection changes never upload under a previously confirmed identity (1.79175ms)
✔ lost response retries the same immutable body and id, without automatic retry or local deletion (2.364291ms)
✔ stop or account changes before/after read and upload discard stale results (4.079292ms)
✔ deleted cloud copies are not restored, purged copies and wrong response IDs are not treated as success (2.45575ms)
✔ chart plan freezes original data and uses original identity/window, not current selection (4.16325ms)
✔ missing volume/time/parameters and unsupported length never silently become a smaller/default study (6.77525ms)
✔ study plan preserves actual research settings and saved time labels (0.207375ms)
✔ unrounded path diff distinguishes null, missing, structure, empty arrays, and ordering (0.7345ms)
✔ response must match request, instrument, version, scope and period identities (0.566875ms)
✔ new archive retains original bars/lineage but never relabels frozen old indicators as recomputed (0.576667ms)
✔ study without saved input retains an explicit uncomputed row, never pretends all periods succeeded (0.231667ms)
✔ complete indicator recompute preserves saved settings, checks response and saves only new values (1.577083ms)
✔ missing or unknown saved indicator parameters cannot borrow current defaults (0.342666ms)
✔ original valid study rows retain precision, unknown fields, true zero and no recomputation (3.165459ms)
✔ invalid nested fields become explicit per-period errors, not silently missing rows (1.606791ms)
✔ strict pen fields reject coercion and preserve historical source errors without reading their invalid nested fields (0.470125ms)
✔ duplicates are not cherry-picked and malformed or future rows remain in original-record entries (0.148959ms)
✔ full backtest file and cloud envelope retain all fields; no implicit Chanlun recompute (2.819333ms)
✔ invalid cash cannot become a readable archive (0.119334ms)
✔ invalid params cannot become a readable archive (0.076917ms)
✔ invalid adjust cannot become a readable archive (0.084333ms)
✔ invalid null lineage cannot become a readable archive (0.118667ms)
✔ invalid net value cannot become a readable archive (0.106417ms)
✔ invalid future trade cannot become a readable archive (0.085ms)
✔ invalid duplicate date cannot become a readable archive (0.080375ms)
✔ invalid missing metrics cannot become a readable archive (0.088792ms)
✔ invalid nested infinity cannot become a readable archive (0.176625ms)
✔ invalid coerced rejected cannot become a readable archive (0.093666ms)
✔ actual store freezes submitted input and result separately from later source mutation (184.567208ms)
✔ actual store rejects stale or failed owner run and clears prior archive (24.703917ms)
✔ actual store rejects stale or failed input run and clears prior archive (22.331959ms)
✔ actual store rejects stale or failed clear run and clears prior archive (7.983709ms)
✔ actual store rejects stale or failed failure run and clears prior archive (28.225084ms)
✔ trade lookup keeps the exact minute across separators, precision and days (0.776084ms)
✔ date-only values cannot choose the midnight bar of an ambiguous day (0.283541ms)
✔ daily and duplicate exact timestamps keep first positional matches (1.418583ms)
✔ nanoseconds and timezone text are not truncated into a false match (0.271167ms)
✔ date labels preserve useful precision without local timezone conversion (1.901833ms)
✔ higher sources resolve actual records and separate original from current review time (1.083458ms)
✔ base sources and foreign witness rejection have distinct Chinese descriptions (0.093041ms)
✔ inconsistent candidate has no replay evidence: unknown reason (0.078875ms)
✔ inconsistent candidate has no replay evidence: prototype key (0.061958ms)
✔ inconsistent candidate has no replay evidence: future version (0.056709ms)
✔ inconsistent candidate has no replay evidence: future completion (0.046833ms)
✔ inconsistent candidate has no replay evidence: missing time (0.06275ms)
✔ inconsistent candidate has no replay evidence: empty source (1.282208ms)
✔ inconsistent candidate has no replay evidence: duplicate source (0.232958ms)
✔ inconsistent candidate has no replay evidence: unknown source (0.116542ms)
✔ inconsistent candidate has no replay evidence: mixed levels (0.067208ms)
✔ inconsistent candidate has no replay evidence: future child (0.057834ms)
✔ inconsistent candidate has no replay evidence: wrong child level (0.046875ms)
✔ inconsistent candidate has no replay evidence: duplicate record (0.042417ms)
✔ inconsistent candidate has no replay evidence: empty record range (0.050625ms)
✔ inconsistent candidate has no replay evidence: gap (0.0435ms)
✔ inconsistent candidate has no replay evidence: wrong parent range (0.052ms)
✔ inconsistent candidate has no replay evidence: reversed sources (0.047291ms)
✔ inconsistent candidate has no replay evidence: unsafe base number (0.047208ms)
✔ 80 percent transparency is 20 percent alpha, for both candle directions (0.487708ms)
✔ transparency stays finite, integer, and bounded (0.088208ms)
✔ body is symmetric around the unchanged wick across widths and fractional positions (2.53625ms)
✔ horizontal candles preserve every price coordinate (0.112875ms)
✔ missing or non-finite candle layouts are left untouched (0.125917ms)
✔ native ECharts layout remains centred after resize, zoom and data replacement (135.570417ms)
✔ zooming out of large-data line mode restores centred candle bodies (53.321125ms)
✔ structure widths retain existing defaults and hover appearance (0.73725ms)
✔ manual values stay finite, bounded, and at two decimal places (0.131583ms)
✔ raw index overrides rounded dates, including zero (0.458792ms)
✔ legacy intraday dates never fall back to the first bar of the day (0.134375ms)
✔ duplicate formatted times fail safely without a raw index (0.077459ms)
✔ padding keeps the 23px marker plus radius inside the price pane (0.128459ms)
✔ flat, zero and negative ranges get finite padding; invalid extents do not (0.08325ms)
✔ single-bar time link is a thin line limited to each actual plot (0.944959ms)
✔ multi-bar time link has no border and clips to plot, never clamps offscreen data to an edge (0.099667ms)
✔ time links map daily coverage to all minute bars, not a matching ordinal (0.177125ms)
✔ weekly and monthly end-labelled bars cover earlier constituent dates without changing data (0.891125ms)
✔ nearest marker wins regardless of signal family, only co-located points share chooser (0.291709ms)
✔ immutable request cache deduplicates pending work, isolates payload keys and retries errors (0.545458ms)
✔ all six structural types keep extrema and confirmation separate with original evidence (0.690458ms)
✔ legacy records do not invent confirmation or structural sources (0.143208ms)
✔ M1 keeps independent MACD source and original direction, never a structural type (0.332292ms)
✔ all chart layers override independent animation and progressive rendering (0.79825ms)
✔ archive tooltip labels and evidence remain text, not active HTML (0.437792ms)
✔ rejects invalid saved zooms (0.791833ms)
✔ same-snapshot redraw keeps current manually chosen view (0.09925ms)
✔ focus redraw keeps manual zoom; clearing restores pre-focus view (0.0735ms)
✔ switching focus preserves the original return view (0.063417ms)
✔ new snapshot resets saved focus view and never revives old zoom (0.062333ms)
✔ default inactive; moving does not show cards and leaving does not deactivate (0.827167ms)
✔ object previews can read date-card activation without activating it (0.1795ms)
✔ click selects a point; outside click closes; inside click is not dismissed (0.124833ms)
✔ activated cards follow movement until outside dismissal, then require another click (0.415125ms)
✔ zoom clears stale coordinates but preserves activation (0.176584ms)
✔ data reset and Escape deactivate; teardown removes all handlers (0.148417ms)
✔ archive requests bind current owner and bypass browser cache (26.541667ms)
✔ cloud directory validates all rows, quotas and identities without dropping broken entries (6.067042ms)
✔ original detail requires an object payload but action receipts may omit it (0.772584ms)
✔ account change discards delayed success and delayed errors (0.996875ms)
✔ unauthenticated archive requests do not reach server; structured conflicts remain actionable (1.121417ms)
✔ upload retries retain immutable captured body and all numerical precision (0.5015ms)
✔ directed centre chain is candidate evidence, not completion (2.20575ms)
✔ touching, opposing, future, overlapping or malformed chains fail closed (0.54ms)
✔ single-centre and legacy components remain readable (0.157666ms)
✔ inside, border, reversed y and overlapping rectangles resolve newest first (0.996959ms)
✔ invalid or missing render coordinates cannot create hits (0.085625ms)
✔ popup stays within narrow viewport and near-edge right click (0.090375ms)
✔ roles are Chinese and unknown roles never claim completion (0.935334ms)
✔ source ranges keep one-based indices without disguising gaps (0.30975ms)
✔ coverage checks counts, repeats and missing IDs (0.2455ms)
✔ missing, empty and rejected suffix are explicit (0.088791ms)
✔ invalid counts and empty blocks cannot pass the coverage audit (0.077125ms)
✔ uses raw indices, allows shared endpoints and bounds zoom padding (5.614875ms)
✔ does not invent a B interval or infer indices from formatted dates (0.102917ms)
✔ rejects partial, reversed, overlapping and out-of-snapshot evidence (0.126917ms)
✔ allows inspection of historical failed evidence without reviving it (0.106083ms)
✔ local proof draws frozen exact endpoints only after its actual confirmation (0.164041ms)
✔ dual-line divergence uses two exact raw indices, never artificial ABC ranges (0.093792ms)
✔ dual-line focus rejects missing, duplicate, reversed and out-of-range points (0.089167ms)
✔ special wave focus uses AB and its extreme without inventing C (0.094375ms)
✔ direction, family and lifecycle have independent marker styles (0.58175ms)
✔ no-C dual-line remains a circle and fills only on first reverse-pen confirmation (13.257792ms)
✔ M1 is restricted to confirmed waves with a later actual confirmation (7.604917ms)
✔ four families retain independent records and nonstandard uses a triangle (0.719083ms)
✔ October 4 marker matrix uses shape for family and colour only for direction (0.544125ms)
✔ special AB evidence separates A line extrema from both price anchors and legacy pivots (0.77725ms)
✔ history is opt-in, inactive stays grey hollow, never creates M1 (4.366125ms)
✔ every historical shape uses a continuous hollow contour, including on hover (0.170083ms)
✔ new nonstandard evidence relaxes prices only and records each subtype (0.137292ms)
✔ new dual rule cannot fill without recorded later local confirmation (0.110792ms)
✔ historical engineering match retains original timing without claiming regrouping completion (2.46925ms)
✔ future, stale, mismatched or incomplete evidence fails closed (0.408834ms)
✔ older snapshots and unmatched parts keep existing natural audit available (0.068625ms)
✔ engineering provenance uses the same one-based numbering as other inspectors (0.540791ms)
✔ mixed recursion distinguishes consolidation and trend from the old trend view (0.141166ms)
✔ unknown or reversed provenance is not presented as a completed trend (0.072416ms)
✔ indicator and price values use two decimals without inventing missing evidence (0.071209ms)
✔ recursive centre relations never call extension candidates completed types (0.082583ms)
✔ admissions distinguish unit confirmation from later failed-return admission (0.055458ms)
✔ display fields retain all text including dates, provenance, and secondary colons (1.914125ms)
✔ narrative, missing evidence, and timestamp headings remain whole (0.162875ms)
✔ selects the exact source without replacing missing comparison periods with the primary (0.452625ms)
✔ prefix audit preserves original warmup snapshot and its own instrument and period (1.242542ms)
✔ rejects invalid positions, missing identity and explicitly unclosed prefix data (0.19375ms)
✔ optimization carries full execution and identity without live defaults (3.921416ms)
✔ malformed, mixed, missing or conflicting optimization context never silently defaults (1.719833ms)
✔ multi original replay preserves costs, slots and adjustment; extend changes only end dates (0.685666ms)
✔ multi rejects corrupt and incompatible slots without dropping or repairing any (0.347792ms)
✔ legacy missing settings are disclosed with deterministic defaults, explicit invalid values rejected (0.153042ms)
✔ combining equal-account singles preserves per-slot cash and costs; conflicts rejected not rewritten (0.347708ms)
✔ all candidate states distinguish eligibility from completed natural types (0.520083ms)
✔ opposite geometry identifies reused next-part evidence, including nonzero source IDs (0.553417ms)
✔ external opposite geometry is not added to candidate membership (0.096125ms)
✔ missing, stale, misattributed or future opposite geometry is not displayed as matched (0.134375ms)
✔ preferred endpoints are never called completed types; conflicts are retained (0.070792ms)
✔ opposite base turn is not same-level completion (0.095ms)
✔ price formatting preserves zero and boundary contact, guards non-finite values (0.107ms)
✔ candidate audit joins by identity, not response order (0.078458ms)
✔ part audit must match ordinal AND exact raw source IDs, including shifted IDs (0.137416ms)
✔ locates the three raw ranges without relabelling them as MACD or confirmed centres (0.976666ms)
✔ candidate must already be observable at the CURRENT replay prefix (0.163375ms)
✔ no incomplete, waiting or unsupported candidate is given a fabricated range (0.104417ms)
✔ raw bar boundaries must be contiguous and inside the visible window (0.138833ms)
✔ source partitions must cover every original segment once, preserving nonzero IDs (0.115125ms)
✔ conflicting geometric fallback remains viewable for manual audit (0.070291ms)
✔ clearing a regrouping focus restores original zoom; a new replay snapshot does not (0.120041ms)
✔ membership labels distinguish source confirmation from later admission (0.473ms)
✔ admission witness distinguishes confirmation dependency from geometric membership (0.089375ms)
✔ old or malformed evidence never invents an admission witness (0.069042ms)
✔ real frozen result archives preserve every input, missing tag, precision and failed factor (12.975041ms)
✔ factor cloud envelope imports as independent copy without original identity (1.581583ms)
✔ partial or incompatible archives fail explicitly, not repaired from the current catalog (336.834708ms)
✔ read-only renderer has no execution or market API imports; explicit replay is separate (10.036208ms)
✔ same-account profile refresh preserves replay state; identity changes invalidate synchronously (4.594292ms)
✔ library navigation and Chinese/identifier/family search preserve full matching set (0.649458ms)
✔ availability is evaluated by adjustment and period without mutating selections (1.688583ms)
✔ correlation uses its mathematical range; raw factors keep their own scale (0.519375ms)
✔ tiny values remain visible and tooltip raw precision is not rounded (0.156291ms)
✔ percentage is presentation only, gaps and source values are preserved (0.443667ms)
✔ horizon selection is bounded, canonical and never silently amended (2.435875ms)
✔ horizon view uses frozen results without changing configuration or primary report (23.325167ms)
✔ all horizons survive draft/export/import and old single archives still read (18.318208ms)
✔ missing windows, wrong labels and disagreement with primary reports fail closed (43.889542ms)
✔ request selection invalidates immediately; display-only switching does not (6.358ms)
✔ multiple horizons dispatch one explicitly manual request with complete selection (123.688625ms)
✔ parameter selection copies only active settings without mutating cached settings (2.198292ms)
✔ builtin decimal multiplier, ordering, effective identity and actual labels (1.035417ms)
✔ reset only one parameter, retain other overrides without mutating input (0.229292ms)
✔ history warning uses full effective warmup, not all parameters as rolling windows (0.402708ms)
✔ names and validation use actual windows; equivalent formula choices rejected (0.539209ms)
✔ statistics version is frozen provenance, never inferred as the current version (0.507584ms)
✔ factor glossary accepts standard abbreviations with spaces or underscores (0.155833ms)
✔ factor missing values never become valid zero (0.097667ms)
✔ factor ranking is stable, non-mutating and missing-last in both directions (14.74325ms)
✔ small factor values do not round to fake zeros; raw precision keeps original number (0.104542ms)
✔ compatibility aliases are only shown for exact legacy lookup or active selection (0.094209ms)
✔ factor submission marks only explicit dispatch, preserves owner/signal, polling/cancel stay automatic (28.4435ms)
✔ cancel acknowledged during pending poll cannot regress UI or publish partial result (17.31675ms)
✔ late cancellation cannot revive cleared or changed-account task UI (3.553458ms)
✔ unconfirmed cancellation keeps polling; successful task remains recoverable (8.206375ms)
✔ factor panel uses shared execution and distinguishes cancel from detach (5.847375ms)
✔ time modes construct explicit configs without random dates or implied training (5.817417ms)
✔ invalid dates, hidden shrinkage and numeric coercion are rejected (4.882458ms)
✔ full frozen time results survive import, draft and readonly validation unchanged (20.152833ms)
✔ missing, mismatched and nonfinite temporal archive results fail explicitly (20.258708ms)
✔ changes invalidate synchronously; same-account profile refresh does not change split (3.737416ms)
✔ menus stay inside phone, keyboard and landscape viewports (0.578791ms)
✔ near-bottom controls open upwards without changing ordinary desktop width (0.235542ms)
✔ warmup null, missing and invalid indicator values never become invented zeroes (4.260625ms)
✔ freeze all supported indicator outputs, warmup holes, volume averages and exact numerical precision (15.695792ms)
✔ frozen playback keeps captured values despite different current prices and never queries APIs (1.683333ms)
✔ malformed or mismatched frozen values fail closed, never fall back to recomputation (2.23725ms)
✔ marker hit uses signed stacking offset for both directions, not candle position (0.460375ms)
✔ symbol size and invalid render positions are handled safely (0.097166ms)
✔ market tab changes discard old success and cannot stop the new spinner (209.989917ms)
✔ market late failure after filter cannot resurrect an error (88.656875ms)
✔ market late failure after owner cannot resurrect an error (44.757708ms)
✔ market late failure after unmount cannot resurrect an error (16.93375ms)
✔ directory count failure preserves valid rows; late totals cannot cross markets (62.454917ms)
✔ board selection clears old details and ignores slower preceding member responses (49.003375ms)
✔ board list filter changes invalidate pending member requests and prevent old auto-selection (49.939708ms)
✔ default board preload remains system-origin after manual list refresh (47.534ms)
✔ belonging response after stock cannot change results or stock history (50.983583ms)
✔ belonging response after owner cannot change results or stock history (22.112625ms)
✔ belonging response after unmount cannot change results or stock history (15.569333ms)
✔ current belonging success records captured stock; concurrent member failure has separate feedback (20.921167ms)
✔ market selection uses loaded market, clears on filters, and distinguishes shared stock/index codes (18.994333ms)
✔ board analysis uses result classification; members require their own market (115.273916ms)
✔ aborted late response cannot publish metadata even if transport ignores abort (43.330916ms)
✔ missing provenance or silently changed adjustment never reaches research (0.437875ms)
✔ reported gaps do not falsely label suspension or prevent inspecting valid candles (0.457041ms)
✔ history fetch consumes one verified range and publishes complete metadata only after validation (1.463708ms)
✔ unclosed response never updates provenance or reaches the backtest (0.502375ms)
✔ null, true zero, infinities and real 999 are distinct after JSON roundtrip (0.534792ms)
✔ single, saved and comparison results retain authoritative metric basis (1.711167ms)
✔ whole proof validated without mutation, and cross-role ownership remains visible (2.546791ms)
✔ stale, future, duplicated, incomplete, falsely completed and mismatched sources rejected (1.671292ms)
✔ base runs cannot masquerade as proofs or own multiple provisional regions (0.126ms)
✔ blocked covers show full conflicts, never fabricated flattened blocks (0.115541ms)
✔ labels retain provisional scope (0.076834ms)
✔ all seven MA presets are available but only MA5 and MA10 start visible (6.122834ms)
✔ each chart session gets independent editable settings without changing presets (0.086708ms)
✔ MA presets retain the requested yellow, white, purple, green, cyan, orange, red palette (0.078583ms)
✔ legend retains every MA choice and explicit hidden states override stale chart selection (0.329083ms)
✔ cross-boundary details resolve actual input and nested ownership records (3.693041ms)
✔ unowned reverse evidence stays explicitly unowned for boundary rejection (0.335917ms)
✔ foreign witness can be shown for an otherwise single-owner candidate (0.234458ms)
✔ legacy candidates do not invent missing conflict details (0.247542ms)
✔ damaged detail is not presented: mismatched candidate sources (0.223792ms)
✔ damaged detail is not presented: wrong layer (0.211375ms)
✔ damaged detail is not presented: unknown reverse input (0.141791ms)
✔ damaged detail is not presented: wrong reverse range (0.245875ms)
✔ damaged detail is not presented: reverse overlaps prices (0.237875ms)
✔ damaged detail is not presented: future reverse confirmation (0.285625ms)
✔ damaged detail is not presented: wrong reverse time (0.189583ms)
✔ damaged detail is not presented: incomplete domain list (0.215ms)
✔ damaged detail is not presented: duplicate domains (0.150834ms)
✔ damaged detail is not presented: noncontinuous domain (0.11675ms)
✔ damaged detail is not presented: foreign domain misses witness (0.161ms)
✔ damaged detail is not presented: false unowned witness (0.361291ms)
✔ damaged detail is not presented: missing nested record (0.131292ms)
✔ damaged detail is not presented: wrong reason (0.118417ms)
✔ only current owner revisions form the displayed ownership set (0.833667ms)
✔ internal provenance remains distinct and validates enclosing ownership (0.33675ms)
✔ parent-covered history is not labeled as an additional effective input (0.070791ms)
✔ nested provenance validates containment and strictly increasing input levels (0.171041ms)
✔ current owner labels are distinct from creation IDs and tolerate old snapshots (0.092542ms)
✔ summary mode lists every historical address, not just current versions (0.765084ms)
✔ full and missing legacy snapshots stay readable without inventing history (0.123834ms)
✔ all four analysis paths explicitly request summary delivery without changing input (0.3765ms)
✔ complete lifecycle stays chronological, does not mutate input, and uses Chinese labels (1.328125ms)
✔ legacy or future history is not invented (0.119583ms)
✔ dangling, reordered, duplicated, miscounted and conflicting histories fail closed (0.960792ms)
✔ equal counts cannot hide swapped source identities (0.074333ms)
✔ intermediate event boundaries must equal actual inherited and added sources (0.068375ms)
✔ input evidence must exist at the correct level and be available at admission (0.204041ms)
✔ invalid domain sources, membership and parent context fail closed (0.161834ms)
✔ leftward growth, shifted sources and newly filled merge gaps remain valid (0.552167ms)
✔ both periods exclude future and open candles while retaining original warm-up start (1.8955ms)
✔ snapshot observation time caps cutoff; bar start before cutoff is not enough (0.101625ms)
✔ no timeframe fallback or fabricated candles when historical minute range is unavailable (0.199541ms)
✔ index and board snapshots retain NONE adjustment, mismatch is rejected (0.276625ms)
✔ missing completion evidence, timezone timestamps and unordered bars fail explicitly (0.162333ms)
✔ week/month completion boundary comes from provider annotation, not day label (0.112833ms)
✔ matrix defaults to exactly the five requested periods in image order and six information columns (0.949041ms)
✔ does not turn current reversal observation into a confirmed opposite pen (0.162167ms)
✔ keeps true zero distinct from missing, and numerical display never overwrites original axis judgment (0.124833ms)
✔ keeps divergence family, extrema and actual confirmation separate; never drops records (9.108875ms)
✔ missing pen and divergence are bounded claims; quality limitations stay visible (0.159583ms)
✔ portfolio: all original values survive import and cloud envelope; no Chanlun recompute (6.091084ms)
✔ portfolio: actual component fetches only explicitly, binds owner/request/result and freezes capture (21.411208ms)
✔ portfolio: late receipt discarded after owner (1.14975ms)
✔ portfolio: late receipt discarded after request (0.944708ms)
✔ portfolio: late receipt discarded after task (0.748833ms)
✔ portfolio: late receipt discarded after result (0.838417ms)
✔ portfolio: late receipt discarded after busy (0.744125ms)
✔ portfolio: late receipt discarded after unmount (20.001833ms)
✔ portfolio: invalid missing rejected (0.250583ms)
✔ portfolio: invalid allocation rejected (8.271ms)
✔ portfolio: invalid metadata rejected (0.186125ms)
✔ portfolio: invalid date rejected (0.126584ms)
✔ portfolio: invalid precision rejected (15.822125ms)
✔ portfolio: invalid curve rejected (0.324375ms)
✔ portfolio: invalid request rejected (0.1ms)
✔ portfolio: invalid trade rejected (0.147083ms)
✔ portfolio: unavailable or different task never falls back to fetching data (11.332959ms)
✔ multi_strategy: all original values survive import and cloud envelope; no Chanlun recompute (1.75575ms)
✔ multi_strategy: actual component fetches only explicitly, binds owner/request/result and freezes capture (1.996042ms)
✔ multi_strategy: late receipt discarded after owner (0.979333ms)
✔ multi_strategy: late receipt discarded after request (0.823166ms)
✔ multi_strategy: late receipt discarded after task (1.754458ms)
✔ multi_strategy: late receipt discarded after result (1.215959ms)
✔ multi_strategy: late receipt discarded after busy (1.990667ms)
✔ multi_strategy: late receipt discarded after unmount (2.542583ms)
✔ multi_strategy: invalid missing rejected (0.141875ms)
✔ multi_strategy: invalid allocation rejected (0.200667ms)
✔ multi_strategy: invalid metadata rejected (0.375916ms)
✔ multi_strategy: invalid date rejected (0.326625ms)
✔ multi_strategy: invalid precision rejected (0.878625ms)
✔ multi_strategy: invalid curve rejected (0.540208ms)
✔ multi_strategy: invalid request rejected (0.197584ms)
✔ multi_strategy: invalid trade rejected (0.261625ms)
✔ multi_strategy: unavailable or different task never falls back to fetching data (6.13825ms)
✔ normalized server defaults may extend but not alter submitted parameters (0.10525ms)
✔ library original/extended multi replay uses saved costs despite global preference changes (244.041291ms)
✔ portfolio load -> actual store task lifecycle -> save uses identical context and all costs (57.883291ms)
✔ portfolio catalog-stage input is isolated before saved fetch (43.288125ms)
✔ portfolio catalog-stage params is isolated before saved fetch (124.113459ms)
✔ portfolio catalog-stage owner is isolated before saved fetch (83.328ms)
✔ portfolio catalog-stage failure is isolated before saved fetch (28.718875ms)
✔ portfolio catalog-stage empty is isolated before saved fetch (29.294333ms)
✔ pending portfolio cannot survive input (19.660834ms)
✔ pending portfolio cannot survive owner (19.4355ms)
✔ pending portfolio cannot survive unmount (36.035541ms)
✔ store account epoch clears completed results in all four task families (14.962917ms)
✔ runPortfolio old account error is ignored even after switching back (19.330375ms)
✔ runMultiStrategy old account error is ignored even after switching back (23.98325ms)
✔ runOptimize old account error is ignored even after switching back (15.974625ms)
✔ runOptimizeAll old account error is ignored even after switching back (19.087709ms)
✔ optimizer takes an input snapshot before awaiting bars and hands off the result strategy/adjustment (27.214958ms)
✔ portfolio late save cannot close or annotate newly changed configuration (18.808458ms)
✔ library name lookup cannot mix later input or account into a save (62.179542ms)
✔ library saves a multi result with submitted adjustment, not the later global preference (18.645208ms)
✔ late library list cannot replace a newly created record and owner change clears all personal rows (19.224334ms)
✔ portfolio identity rejects mixed markets, repeats and invalid lengths (0.259334ms)
✔ late preference response cannot revert a newer adjustment; queued patch is captured (202.946458ms)
✔ account switch drops old queue, permits new account immediately and ignores late response (16.4735ms)
✔ same-account logout/login does not accept response from prior session epoch (85.205708ms)
✔ failed saves reject caller, do not wedge queue or restore stale role permissions (20.125541ms)
✔ mismatched response owner and logged-out saves are rejected (34.508292ms)
✔ market preference watcher survives the first route unmount and follows owner changes (9.007417ms)
✔ late name hydration cannot write across accounts; new owner hydrates independently (81.740625ms)
✔ sidebar hydration never writes, old-owner timers cancel, failures are handled (82.399542ms)
✔ forming candles preserve OHLC and use dashed empty outlines (0.431334ms)
✔ forming volume and signed MACD columns preserve values and direction (0.0975ms)
✔ query defaults to system, manual intent is synchronous and explicit (0.52125ms)
✔ direct bar snapshot fetch preserves explicit intent, including failed requests (49.817917ms)
✔ pending manual requests do not mark concurrent automatic work or async continuations (5.282334ms)
✔ API dispatch tags manual queries but excludes automatic name lookup and task polling (2.353375ms)
✔ save keeps original full input separate from replay prefix, fully detached from live state (23.244375ms)
✔ same-bar opposite signals remain distinct; source survives JSON import without task or network (1.170333ms)
✔ recompute uses only saved chart prefix, keeps original scan signals and version unchanged (1.207625ms)
✔ reject wrong target before saving; never silently drop invalid lineage (0.397209ms)
✔ reject board target before saving; never silently drop invalid lineage (0.256583ms)
✔ reject wrong market before saving; never silently drop invalid lineage (0.241792ms)
✔ reject reference before saving; never silently drop invalid lineage (0.132875ms)
✔ reject invalid date type before saving; never silently drop invalid lineage (0.122084ms)
✔ reject noncanonical cutoff before saving; never silently drop invalid lineage (0.154708ms)
✔ reject row summary before saving; never silently drop invalid lineage (0.308417ms)
✔ reject row last date before saving; never silently drop invalid lineage (0.231583ms)
✔ reject outside signal window before saving; never silently drop invalid lineage (0.206667ms)
✔ reject row source before saving; never silently drop invalid lineage (0.206292ms)
✔ reject row requested adjust before saving; never silently drop invalid lineage (0.1885ms)
✔ reject row quality before saving; never silently drop invalid lineage (1.801209ms)
✔ reject open candle before saving; never silently drop invalid lineage (4.216292ms)
✔ reject unsupported storage before saving; never silently drop invalid lineage (0.576708ms)
✔ legacy snapshot without original input still opens without invented source (0.6705ms)
✔ original task references round-trip and legacy references remain distinguishable (1.085625ms)
✔ cache receipt must be a real ID string, never coerced or inherited from another owner (0.309042ms)
✔ all frozen bars and precision survive; changed code is disclosed, not represented as old execution (0.562666ms)
✔ invalid original receipt task stops instead of substituting live data (0.143167ms)
✔ invalid original receipt row stops instead of substituting live data (0.081625ms)
✔ invalid original receipt market stops instead of substituting live data (0.063709ms)
✔ invalid original receipt symbol stops instead of substituting live data (0.066291ms)
✔ invalid original receipt params stops instead of substituting live data (0.0605ms)
✔ invalid original receipt strategy stops instead of substituting live data (0.080416ms)
✔ invalid original receipt fingerprint stops instead of substituting live data (0.1095ms)
✔ invalid original receipt adjust stops instead of substituting live data (0.075625ms)
✔ invalid original receipt signal stops instead of substituting live data (0.079834ms)
✔ invalid original receipt malformed signals stops instead of substituting live data (0.060541ms)
✔ invalid original receipt row error stops instead of substituting live data (0.056625ms)
✔ invalid original receipt storage stops instead of substituting live data (0.057208ms)
✔ invalid original receipt version stops instead of substituting live data (0.060625ms)
✔ invalid original receipt missing bars stops instead of substituting live data (0.067292ms)
✔ invalid original receipt null bar stops instead of substituting live data (0.065958ms)
✔ invalid original receipt order stops instead of substituting live data (0.072958ms)
✔ invalid original receipt open bar stops instead of substituting live data (0.072167ms)
✔ invalid original receipt future stops instead of substituting live data (0.072208ms)
✔ invalid original receipt negative duration stops instead of substituting live data (0.076ms)
✔ invalid original receipt missing cutoff stops instead of substituting live data (0.054625ms)
✔ invalid original receipt number string stops instead of substituting live data (0.080625ms)
✔ invalid original receipt NaN stops instead of substituting live data (0.063333ms)
✔ invalid original receipt bad low stops instead of substituting live data (0.061542ms)
✔ invalid original receipt negative volume stops instead of substituting live data (0.06075ms)
✔ API sends owner and abort signal with no-store; unavailable receipt never calls a live feed (49.096917ms)
✔ radar submits captured owner with manual intent, polls as system, and preserves old cache adjustment (31.884125ms)
✔ late submit after adjust cannot become a scan result or cache (15.199792ms)
✔ late submit after window cannot become a scan result or cache (1.040584ms)
✔ late submit after owner cannot become a scan result or cache (1.964125ms)
✔ late submit after roundtrip cannot become a scan result or cache (2.538416ms)
✔ late submit after unmount cannot become a scan result or cache (4.169958ms)
✔ late poll after adjust cannot become a scan result or cache (1.412958ms)
✔ late poll after window cannot become a scan result or cache (2.28375ms)
✔ late poll after owner cannot become a scan result or cache (2.890875ms)
✔ late poll after roundtrip cannot become a scan result or cache (2.826208ms)
✔ late poll after unmount cannot become a scan result or cache (16.163ms)
✔ a failed new scan cannot re-display or replace old success; explicit retry is independent (0.947375ms)
✔ invalid result rows is never cached (7.268875ms)
✔ invalid result counts is never cached (12.493375ms)
✔ invalid result id is never cached (0.689833ms)
✔ storage denial preserves valid live results with an explicit notice (1.528375ms)
✔ actual picker loads the original complete warmup and stores actual dates, not form defaults (7.309458ms)
✔ failed original input does not fall back to newly fetched prices (2.114167ms)
✔ pending original input cannot commit after owner (19.227875ms)
✔ pending original input cannot commit after code (4.186875ms)
✔ pending original input cannot commit after unmount (4.991583ms)
✔ radar review captures row adjustment, exact minute, strategy and original cutoff (1.927833ms)
✔ invalid or legacy reviews fail explicitly without guessing data or adjustment (0.683416ms)
✔ exchange-local dates validate without browser timezone conversion (0.112667ms)
✔ review excludes future and unclosed bars, resets derived fingerprint and reports actual range without mutating source (0.648583ms)
✔ radar cache is owner scoped and malformed/legacy records never enter the UI (0.541959ms)
✔ late messages, close and errors from an old socket cannot affect replacement (0.883667ms)
✔ invalid messages and control responses never become ticks; close reason retained (0.166792ms)
✔ matching versions are selected by case identity without mutation (2.190417ms)
✔ future snapshots, wrong rules, incomplete chains and duplicate cases are rejected (0.231167ms)
✔ labels never confuse endpoint consistency or higher-centre proof with completion (0.134375ms)
✔ v2 keeps the detached prefix and v1 remains readable (0.3075ms)
✔ v3 supports trend search while retaining the same ownership guards (0.109625ms)
✔ missing, duplicated, misattributed or silently completed prefix is rejected (0.300459ms)
✔ reincorporation is recorded explicitly instead of erasing detached history (0.145375ms)
✔ accepts bounded history and empty verified batches (0.506333ms)
✔ rejects wrong batch, future indices, broken sources and contradictory state (0.222ms)
✔ research labels distinguish absence, release, retained and internal (0.075125ms)
✔ late old responses cannot own a newer research request (0.543708ms)
✔ submission fields are captured values, not mutable form references (0.444958ms)
✔ navigation preserves explicit stock/index/fund/board identity and parameters without auto run (1.812375ms)
✔ ambiguous identity is rejected rather than guessed or numeric code padded (0.128417ms)
✔ query parser rejects incomplete, duplicate, incompatible and mixed-context values (0.900833ms)
✔ snapshot import keeps original data and normalizes optional display metadata (1.916125ms)
✔ reject invalid schema, periods, oversized arrays and impossible candle prices (0.374833ms)
✔ cloud archives retain larger frozen windows and all supported distinct periods (10.679708ms)
✔ import keeps valid frozen outputs and rejects mismatched frozen data instead of recomputing (1.498292ms)
✔ window is exchange local and bounded by the snapshot cutoff (0.522958ms)
✔ missing numbers and candidate status are never promoted (0.083667ms)
✔ amber projection resolves daily and minute labels, ignores open candle (0.63925ms)
✔ three workspaces are keyboard traversable without dropping an existing mode (0.818ms)
✔ mobile comparison shows exactly the selected snapshot; desktop shows both (0.107916ms)
✔ inactive research never starts automatic work, valid active research does (0.088625ms)
✔ saved single strategy restores market, period, adjustment and all execution costs exactly (3.540583ms)
✔ missing legacy fields disclose supplied defaults instead of claiming complete restoration (0.24325ms)
✔ explicit contradictory market and unsupported instruments are not silently rewritten (0.317208ms)
✔ invalid present fields are errors, not fallback defaults (0.294292ms)
✔ saved links identify records only and cannot inject alternate execution context (0.181792ms)
✔ market entry preserves local dates and strategy, runs only on explicit request (6.120666ms)
✔ boards entry preserves local dates and strategy, runs only on explicit request (1.295791ms)
✔ mixed market context blocks all loading and computation: savedStrategyId (1.03825ms)
✔ mixed market context blocks all loading and computation: optimizationContext (0.903458ms)
✔ mixed market context blocks all loading and computation: autoRun (0.912875ms)
✔ mixed market context blocks all loading and computation: unexpected (0.890209ms)
✔ slow catalog cannot overwrite input with a market entry (3.469958ms)
✔ slow catalog cannot overwrite owner with a market entry (1.494417ms)
✔ catalog-stage input cannot restore saved inputs or dispatch a task (4.671792ms)
✔ catalog-stage params cannot restore saved inputs or dispatch a task (1.615584ms)
✔ catalog-stage owner cannot restore saved inputs or dispatch a task (1.63575ms)
✔ catalog-stage failure cannot restore saved inputs or dispatch a task (1.231584ms)
✔ optimization context restores every execution field and malformed context blocks dispatch (2.144292ms)
✔ actual backtest view loads exact saved context without running, then saves the configuration used (1.588625ms)
✔ saving original radar warmup uses loaded input dates, not hidden form defaults (1.325333ms)
✔ late saved record cannot overwrite owner (1.621166ms)
✔ late saved record cannot overwrite route (1.452625ms)
✔ late saved record cannot overwrite input (1.123833ms)
✔ late saved record cannot overwrite unmount (1.182125ms)
✔ invalid saved context blocks run, while legacy missing fields disclose fallback (3.852625ms)
✔ every execution input invalidates the old result before it can be saved (13.136875ms)
✔ editing a cost while bars are pending never runs the new form on the old request (0.943625ms)
✔ save completion after owner cannot write into a different page or account (1.03125ms)
✔ save completion after route cannot write into a different page or account (0.999125ms)
✔ save completion after unmount cannot write into a different page or account (0.9645ms)
✔ audit description translates permissions and never renders arbitrary detail fields (0.887375ms)
✔ audit time is explicitly Shanghai time and invalid data remains readable (46.13475ms)
✔ audit API preserves bounded pagination/filter state and authenticated credentials (40.404417ms)
✔ distinguishes no candidate, failed current audit, and actual invalidation without promoting legacy state (1.856333ms)
✔ filters independent families and directions without merging special and local dual-line evidence (1.794125ms)
✔ searches lifecycle dates and failure reasons with all terms required, retaining original source objects (0.155958ms)
✔ searches diagnostic rejection history without silently reviving historical candidates (0.417791ms)
✔ all excludes bc false, preserves input order and records, and does not infer missing direction (0.141625ms)
✔ legacy diagnostic family is standard, and empty diagnostics do not invent rejection records (0.096959ms)
✔ structural points retain their own confirmation and evidence, never deriving them from a MACD source (0.284917ms)
✔ M1 uses exact existing gates and remains a separate view of its original standard event (0.205292ms)
✔ combined date query finds independent point, prompt and event records without deduplication or additive counts (0.122875ms)
✔ chart date matches structured lifecycle timestamps, not coincidental prose dates (0.229792ms)
✔ minute evidence uses exact exchange-local minute, accepting T/space and refusing missing time (0.089833ms)
✔ chart date includes diagnostic ABC and rejection coverage without inventing open or reversed intervals (0.26375ms)
✔ date scope combines with all filters for structural points and original M1 sources (0.094708ms)
✔ new standard evidence explains price, old blocker and independent special lifecycle (3.05775ms)
✔ new gates include counts, boundary and dates without undefined placeholder (0.591209ms)
✔ legacy comparisons retain old detected confirmed and invalidated dates (0.17575ms)
✔ initial schema and refreshed catalog preserve supplied parameters; strategy change alone resets (2.726167ms)
✔ late catalog defaults are suspended until route validation and then fill only missing fields (0.604833ms)
✔ structure dates remove midnight noise without changing intraday precision (0.531334ms)
✔ centre evidence distinguishes fixed core, outer range and candidate expansion (1.485458ms)
✔ segment evidence includes source prices and reverse proof with one-based labels (0.392125ms)
✔ missing legacy evidence does not invent confirmation (0.451625ms)
✔ special inclusion explains boundary exception without labelling it an ordinary fractal (0.186917ms)
✔ centre relation history distinguishes current candidate from original separation (0.290417ms)
✔ confirmation replay translates raw indices without date matching (0.178917ms)
✔ unknown, invalid or out-of-snapshot confirmations have no replay target (0.207041ms)
✔ connection badge validates shared time, price and alternating direction (0.300541ms)
✔ reverse preview uses observed extreme, not last close or a future target (0.882125ms)
✔ mirrored lows produce an upward reference (0.098166ms)
✔ no invented reference for missing, ambiguous, extending, or invalid inputs (0.099334ms)
✔ replay prefix cannot use a later extreme; ties retain first occurrence (0.0915ms)
✔ ongoing consolidation differs by color, line pattern, and fill (0.098834ms)
✔ actual component captures every selected period and failure; automatic work stays system-origin (15.873041ms)
✔ all collection failures are exportable reports, never empty success or recomputable invented bars (4.015125ms)
✔ missing response rows are retained as explicit errors; unexpected rows or cutoff cannot enter a saved result (3.649583ms)
✔ late study response cannot be saved after account (0.839209ms)
✔ late study response cannot be saved after input (0.833208ms)
✔ late study response cannot be saved after unmount (0.989625ms)
✔ invalid collection coverage cannot silently omit a period during import (1.611541ms)
✔ actual study freezes independent radar lineage, preserves it through import and recompute, and refuses foreign source (3.602333ms)
✔ task stores detached actual inputs, user submission and system polling (1.750667ms)
✔ invalidated submit resolve cannot revive result/error/spinner (1.878709ms)
✔ invalidated submit reject cannot revive result/error/spinner (0.9785ms)
✔ invalidated poll resolve cannot revive result/error/spinner (0.841166ms)
✔ invalidated poll reject cannot revive result/error/spinner (0.992417ms)
✔ earlier request completion cannot stop a newer task or replace its context (1.004584ms)
✔ owner change stops polling and cannot attribute prior account result to the new account (0.9085ms)
✔ failed remains failure, never successful completion (0.249166ms)
✔ cancelled remains failure, never successful completion (0.0915ms)
✔ timed_out remains failure, never successful completion (0.101209ms)
✔ cancelling is not completed; wrong ID, malformed result and unknown status fail closed (2.2225ms)
✔ deadline aborts polling and explicitly says the server may still be running (16.2935ms)
✔ task API sends captured owner and abort signal; old callers remain compatible (14.592916ms)
✔ progress is bounded, readable work units rather than inferred total percent (0.8085ms)
✔ factor result review freezes complete task data without lookup or recomputation (15.691916ms)
✔ completed phase never publishes result while task is still running (16.945417ms)
✔ untrusted progress cannot be used to publish an apparently completed task (0.2485ms)
✔ historical review uses owner-bound read-only fetch and account invalidation (1.97175ms)
✔ task list rejects malformed responses instead of replacing records with undefined (56.7045ms)
✔ cancelling is not terminal and elapsed values remain readable (0.150917ms)
✔ runBacktestWithPolling waits through cancelling and returns cancelled (2.128833ms)
✔ runBacktestWithPolling waits through cancelling and returns timed_out (2.17075ms)
✔ runSignalScanWithPolling waits through cancelling and returns cancelled (2.487125ms)
✔ runSignalScanWithPolling waits through cancelling and returns timed_out (2.487458ms)
✔ cancel API uses POST, and partial cancelled scan results are never accepted (0.377083ms)
✔ persistent recovery and version mismatch are distinct from completion (0.388542ms)
✔ terminal task deletion handles empty 204 and encodes identity (0.222875ms)
✔ checkpoint presence is not confused with verified reuse or task completion (0.335917ms)
✔ cached completed submission is retrieved rather than shown as running (0.224125ms)
✔ network failures are localized across WebKit, Chromium and Firefox (0.167375ms)
✔ tracking identity separates asset types, exchanges and board catalogues (1.346458ms)
✔ cloud book validates without silently dropping corrupt groups or duplicate entries (0.662875ms)
✔ expansion preserves every member and all board/direct sources, not a 200-row display page (7.128875ms)
✔ membership failure is explicit and malformed partial membership is never accepted (0.270875ms)
✔ batch runs sequentially, keeps partial errors and continues after a failed target (17.927333ms)
✔ cancellation marks in-flight and unstarted rows, ignoring a late success (0.374709ms)
✔ group breadth counts only available periods, never treats failed targets as neutral evidence (0.732208ms)
✔ exact current revision accepts only its own evidence without mutation (5.011708ms)
✔ old partition, stale version, future evidence and false completion are rejected (0.321458ms)
✔ historical audit cannot import a later opposite segment (0.086833ms)
✔ empty partitions and higher-proof priority retain explicit blockers (0.07225ms)
✔ new blockers use Chinese labels without calling prerequisites completion (0.146125ms)
✔ missing comparison interval is explained in Chinese without inventing a date (0.603083ms)
✔ special diagnostics identify each A indicator witness rather than the price witness (0.164792ms)
✔ nonstandard DEA axis gate remains explicit without an improvement requirement (0.133959ms)
✔ DEA tolerance discloses research threshold, precise deviation and near-zero fallback (1.624875ms)
✔ wave evidence separates effective A from original wave and local pivots (0.315625ms)
✔ rounded equal line extrema disclose the precise failed values and witness times (0.127417ms)
✔ comparisons are explicitly research only and preserve B/C axis checks (0.102292ms)
✔ unformed candidate shows Chinese gates, two-decimal values and rejection dates (0.096875ms)
✔ new nonstandard audit explicitly uses full A and first-formed reverse evidence explains gaps (0.104333ms)
ℹ tests 608
ℹ suites 0
ℹ pass 608
ℹ fail 0
ℹ cancelled 0
ℹ skipped 0
ℹ todo 0
ℹ duration_ms 3582.128916
→ 打包中…
→ 运行测试…
京东方评级: D 分数: 34.3
维度明细: 卡玛比率=22.7, 最大回撤=27.5, 胜率=33.5, 利润因子=34.1, 夏普比率=41.5, 波动率=50.1
否决: 利润因子 1.11 接近 1，仅勉强盈亏平衡
长线优质策略评级: B 分数: 64.5
维度权重: 卡玛比率=28%, 最大回撤=26%, 胜率=0%, 利润因子=0%, 夏普比率=23%, 波动率=23%
优质案例评级: A 分数: 83.9
寻优点评级: A 74
组合重算指标: { '年化': '20.83%', '回撤': '0.80%', '夏普': '5.27', '卡玛': '26.03' }
稳定上涨组合评级: S 91.8
波动组合重算: { '回撤': '44.15%', '夏普': '-2.64', '持续': 60 }
波动组合评级: D 18.5
✔ 新版组合评级使用后端采样，不按图表柱数重新日线年化 (1.3665ms)
✔ 必要风险指标缺失不能展示为零风险或正常评级 (0.214792ms)
✔ 无穷比率不等于满分，真实零利润因子仍按亏损判断 (0.121167ms)
✔ 京东方回测必须评为 D 档（用户核心诉求验证点） (0.435208ms)
✔ 京东方评分应在 30-43 区间（C 与 D 的边界） (0.094542ms)
✔ 低利润因子触发系统亏损否决 (0.06125ms)
✔ 样本不足（< 10 笔交易）降权但不否决整个评级 (0.117584ms)
✔ 用户实测场景：6年6笔交易 + 高夏普 → 应得 A/B（核心回归测试） (0.129917ms)
✔ 深回撤 > 60% 触发直接 D 否决 (0.093833ms)
✔ 优质回测应得 A 或 S 档 (0.125333ms)
✔ 高回撤但收益高 → 最高 B（一票否决 cap） (0.0745ms)
✔ 插值函数：边界值取端点分数 (0.063375ms)
✔ 插值函数：中间值线性插值 (0.044875ms)
✔ 寻优评级：4 维度降级版 (0.078375ms)
✔ 寻优评级：网格点交易太少 → 降权但评级照常 (0.0525ms)
✔ 组合评级：稳定上涨净值应得 A 或 S (1.660042ms)
✔ 组合评级：高波动深回撤净值 → 低档 (0.543292ms)
✔ combinedMetrics：单点净值返回全 0（兜底） (0.05625ms)
✔ 历史组合仅保留原值，不从曲线推断日线或重算评级 (0.574417ms)
✔ v1-v4、未知版本及不完整依据不伪装为新版结果 (0.601625ms)
✔ 新版结果使用已记录指标，真实 999 和零不被当作历史哨兵 (0.07575ms)
✔ 指标状态缺失或与数值冲突不能产出评级，包括被降权维度 (0.088458ms)
✔ 低交易样本的真实不可用逐笔指标仍可降权，不误拦截可用净值评级 (0.081125ms)
✔ 寻优逐行核验新版采样与候选状态，输入范围不替代候选证据 (0.103958ms)
✔ 完整快照保留精度、真实 0/999、全部指标及版本且不关联可变输入 (0.639625ms)
✔ 策略保存接受真实 Vue 响应式结果，不因 Proxy 无法 structuredClone 而失败 (0.552167ms)
✔ 再次保存历史指标不补造新版计算或评级依据 (0.093291ms)
✔ 对比展示原值并指出版本、周期、范围与利率差异，不自动重算 (0.235125ms)
ℹ tests 28
ℹ suites 0
ℹ pass 28
ℹ fail 0
ℹ cancelled 0
ℹ skipped 0
ℹ todo 0
ℹ duration_ms 93.633542
