
> web-ui@0.0.0 test
> node scripts/run-tests.mjs

✔ tracking is restricted to active administrators and explicitly authorized users (4.217583ms)
✔ presence requires visible focused recent interaction and never negative elapsed time (1.0135ms)
✔ admin query descriptions label metadata and disclose truncated targets (0.876416ms)
✔ code labels use market-qualified identities and visible missing-name fallback (0.440334ms)
✔ name hydration is automatic, market-separated, bounded, and abort-aware (24.335625ms)
✔ all current chart inspector evidence stays readable without altering original nested data (5.830708ms)
✔ reject malformed fields reachable from overlays, popovers and every inspector section with exact paths (24.311292ms)
✔ optional old fields and empty failure checkpoints remain readable, no missing-state invention (0.16875ms)
✔ archive calendar validation rejects normalized impossible dates and illegal clock/offset values (1.849875ms)
✔ bar validation compares actual instants, retains raw strings, rejects equal instants and malformed volume (0.369208ms)
✔ existing frozen matrix bar sources remain readable without mutation (26.418208ms)
✔ event lists and evidence-set reordering never imply new or changed signals; originals remain intact (19.265083ms)
✔ state, lifecycle times and unrounded evidence are classified separately on the same identity (1.91025ms)
✔ same date across families and sides remains independent; true event additions/removals are distinct (1.17875ms)
✔ duplicate identities preserve all records and are never paired arbitrarily (15.135292ms)
✔ missing identity does not cause false removals or additions in its collection (0.501166ms)
✔ missing source/list is unknown, not empty or proof of no events (0.331208ms)
✔ never-candidate diagnostics match without A or reference, including special B-only records (1.132666ms)
✔ A trimming changes evidence not identity; original wave anchors and reference changes distinguish bases (1.904709ms)
✔ date normalization preserves intraday, microsecond and timezone distinctions (2.482833ms)
✔ source differences and unknown fields/ordered evidence are retained (0.914041ms)
✔ different instruments, periods or study results are not matched (0.114833ms)
✔ structure divergences are supported without inventing MACD wave anchors (0.287458ms)
✔ legacy local migration keeps original payload, precision, versions and unknown fields without upgrading (2.675041ms)
✔ cloud exports use latest metadata but retain the original immutable payload, not old cloud ID/revision (1.594584ms)
✔ study import preserves successful and failed periods plus original warmup and primary metadata (0.999708ms)
✔ unknown, incomplete, oversized and nonfinite backups are rejected, never uploaded as summaries (871.626959ms)
✔ all supported chart outputs preserve full precision, null warmups, style and instance order (6.905875ms)
✔ migration IDs survive rescanning/reload, preserve precision and isolate owners and changed content (12.322ms)
✔ migration rejects missing owners, foreign archives and malformed inputs before upload (0.417334ms)
✔ post-inspection changes never upload under a previously confirmed identity (1.136333ms)
✔ lost response retries the same immutable body and id, without automatic retry or local deletion (1.181083ms)
✔ stop or account changes before/after read and upload discard stale results (0.7655ms)
✔ deleted cloud copies are not restored, purged copies and wrong response IDs are not treated as success (1.274167ms)
✔ chart plan freezes original data and uses original identity/window, not current selection (8.16525ms)
✔ missing volume/time/parameters and unsupported length never silently become a smaller/default study (14.745167ms)
✔ study plan preserves actual research settings and saved time labels (0.212791ms)
✔ saved structural settings survive chart and study archive replay; mismatch is rejected (0.835917ms)
✔ unrounded path diff distinguishes null, missing, structure, empty arrays, and ordering (0.312666ms)
✔ response must match request, instrument, version, scope and period identities (1.200459ms)
✔ new archive retains original bars/lineage but never relabels frozen old indicators as recomputed (1.096042ms)
✔ study without saved input retains an explicit uncomputed row, never pretends all periods succeeded (0.847875ms)
✔ complete indicator recompute preserves saved settings, checks response and saves only new values (2.727458ms)
✔ missing or unknown saved indicator parameters cannot borrow current defaults (0.374875ms)
✔ original valid study rows retain precision, unknown fields, true zero and no recomputation (3.198667ms)
✔ invalid nested fields become explicit per-period errors, not silently missing rows (15.530375ms)
✔ strict pen fields reject coercion and preserve historical source errors without reading their invalid nested fields (20.307542ms)
✔ duplicates are not cherry-picked and malformed or future rows remain in original-record entries (0.267417ms)
✔ full backtest file and cloud envelope retain all fields; no implicit Chanlun recompute (11.56825ms)
✔ invalid cash cannot become a readable archive (0.145917ms)
✔ invalid params cannot become a readable archive (0.086542ms)
✔ invalid adjust cannot become a readable archive (0.094459ms)
✔ invalid null lineage cannot become a readable archive (1.275ms)
✔ invalid net value cannot become a readable archive (0.223417ms)
✔ invalid future trade cannot become a readable archive (0.133583ms)
✔ invalid duplicate date cannot become a readable archive (0.216291ms)
✔ invalid missing metrics cannot become a readable archive (0.137917ms)
✔ invalid nested infinity cannot become a readable archive (0.918792ms)
✔ invalid coerced rejected cannot become a readable archive (0.400542ms)
✔ actual store freezes submitted input and result separately from later source mutation (240.30175ms)
✔ actual store rejects stale or failed owner run and clears prior archive (32.540458ms)
✔ actual store rejects stale or failed input run and clears prior archive (196.741959ms)
✔ actual store rejects stale or failed clear run and clears prior archive (71.413833ms)
✔ actual store rejects stale or failed failure run and clears prior archive (228.942292ms)
✔ trade lookup keeps the exact minute across separators, precision and days (57.954208ms)
✔ date-only values cannot choose the midnight bar of an ambiguous day (0.246125ms)
✔ daily and duplicate exact timestamps keep first positional matches (0.125792ms)
✔ nanoseconds and timezone text are not truncated into a false match (0.075875ms)
✔ date labels preserve useful precision without local timezone conversion (0.722166ms)
✔ higher sources resolve actual records and separate original from current review time (1.445167ms)
✔ base sources and foreign witness rejection have distinct Chinese descriptions (0.353459ms)
✔ inconsistent candidate has no replay evidence: unknown reason (0.26675ms)
✔ inconsistent candidate has no replay evidence: prototype key (0.285292ms)
✔ inconsistent candidate has no replay evidence: future version (0.672583ms)
✔ inconsistent candidate has no replay evidence: future completion (0.274959ms)
✔ inconsistent candidate has no replay evidence: missing time (0.176958ms)
✔ inconsistent candidate has no replay evidence: empty source (0.942417ms)
✔ inconsistent candidate has no replay evidence: duplicate source (0.160625ms)
✔ inconsistent candidate has no replay evidence: unknown source (0.264584ms)
✔ inconsistent candidate has no replay evidence: mixed levels (0.15175ms)
✔ inconsistent candidate has no replay evidence: future child (0.1355ms)
✔ inconsistent candidate has no replay evidence: wrong child level (0.117333ms)
✔ inconsistent candidate has no replay evidence: duplicate record (0.119ms)
✔ inconsistent candidate has no replay evidence: empty record range (0.179125ms)
✔ inconsistent candidate has no replay evidence: gap (0.161375ms)
✔ inconsistent candidate has no replay evidence: wrong parent range (0.09775ms)
✔ inconsistent candidate has no replay evidence: reversed sources (0.097667ms)
✔ inconsistent candidate has no replay evidence: unsafe base number (0.311ms)
✔ 80 percent transparency is 20 percent alpha, for both candle directions (1.0195ms)
✔ transparency stays finite, integer, and bounded (0.116791ms)
✔ body is symmetric around the unchanged wick across widths and fractional positions (1.916375ms)
✔ horizontal candles preserve every price coordinate (0.1085ms)
✔ missing or non-finite candle layouts are left untouched (0.119833ms)
✔ native ECharts layout remains centred after resize, zoom and data replacement (1217.056542ms)
✔ zooming out of large-data line mode restores centred candle bodies (12.543166ms)
✔ structure widths retain existing defaults and hover appearance (4.754583ms)
✔ manual values stay finite, bounded, and at two decimal places (0.184791ms)
✔ raw index overrides rounded dates, including zero (10.38775ms)
✔ legacy intraday dates never fall back to the first bar of the day (0.22225ms)
✔ duplicate formatted times fail safely without a raw index (0.081708ms)
✔ padding keeps the 23px marker plus radius inside the price pane (1.308542ms)
✔ flat, zero and negative ranges get finite padding; invalid extents do not (0.303792ms)
✔ single-bar time link is a thin line limited to each actual plot (1.752958ms)
✔ multi-bar time link has no border and clips to plot, never clamps offscreen data to an edge (0.255875ms)
✔ time links map daily coverage to all minute bars, not a matching ordinal (0.227333ms)
✔ weekly and monthly end-labelled bars cover earlier constituent dates without changing data (0.677583ms)
✔ nearest marker wins regardless of signal family, only co-located points share chooser (0.505916ms)
✔ immutable request cache deduplicates pending work, isolates payload keys and retries errors (0.320958ms)
✔ all six structural types keep extrema and confirmation separate with original evidence (2.045958ms)
✔ legacy records do not invent confirmation or structural sources (0.229958ms)
✔ M1 keeps independent MACD source and original direction, never a structural type (0.932166ms)
✔ all chart layers override independent animation and progressive rendering (1.889542ms)
✔ archive tooltip labels and evidence remain text, not active HTML (1.444083ms)
✔ rejects invalid saved zooms (1.461708ms)
✔ same-snapshot redraw keeps current manually chosen view (0.111334ms)
✔ focus redraw keeps manual zoom; clearing restores pre-focus view (0.078875ms)
✔ switching focus preserves the original return view (0.087459ms)
✔ new snapshot resets saved focus view and never revives old zoom (1.047625ms)
✔ default inactive; moving does not show cards and leaving does not deactivate (1.641ms)
✔ object previews can read date-card activation without activating it (0.19875ms)
✔ click selects a point; outside click closes; inside click is not dismissed (0.140584ms)
✔ activated cards follow movement until outside dismissal, then require another click (0.118791ms)
✔ zoom clears stale coordinates but preserves activation (0.078584ms)
✔ data reset and Escape deactivate; teardown removes all handlers (0.117334ms)
✔ archive requests bind current owner and bypass browser cache (182.505625ms)
✔ cloud directory validates all rows, quotas and identities without dropping broken entries (15.257416ms)
✔ original detail requires an object payload but action receipts may omit it (0.761333ms)
✔ account change discards delayed success and delayed errors (0.973167ms)
✔ unauthenticated archive requests do not reach server; structured conflicts remain actionable (0.8425ms)
✔ upload retries retain immutable captured body and all numerical precision (0.419791ms)
✔ directed centre chain is candidate evidence, not completion (6.025166ms)
✔ touching, opposing, future, overlapping or malformed chains fail closed (0.392875ms)
✔ single-centre and legacy components remain readable (0.079375ms)
✔ inside, border, reversed y and overlapping rectangles resolve newest first (1.809625ms)
✔ invalid or missing render coordinates cannot create hits (0.763333ms)
✔ popup stays within narrow viewport and near-edge right click (0.111416ms)
✔ roles are Chinese and unknown roles never claim completion (0.450083ms)
✔ source ranges keep one-based indices without disguising gaps (0.100125ms)
✔ coverage checks counts, repeats and missing IDs (0.239792ms)
✔ missing, empty and rejected suffix are explicit (0.072083ms)
✔ invalid counts and empty blocks cannot pass the coverage audit (0.074458ms)
✔ uses raw indices, allows shared endpoints and bounds zoom padding (1.35625ms)
✔ does not invent a B interval or infer indices from formatted dates (0.11625ms)
✔ rejects partial, reversed, overlapping and out-of-snapshot evidence (0.198167ms)
✔ allows inspection of historical failed evidence without reviving it (0.223541ms)
✔ local proof draws frozen exact endpoints only after its actual confirmation (0.316042ms)
✔ dual-line divergence uses two exact raw indices, never artificial ABC ranges (0.208333ms)
✔ dual-line focus rejects missing, duplicate, reversed and out-of-range points (0.110625ms)
✔ special wave focus uses AB and its extreme without inventing C (0.10375ms)
✔ direction, family and lifecycle have independent marker styles (0.933541ms)
✔ no-C dual-line remains a circle and fills only on first reverse-pen confirmation (2.584208ms)
✔ M1 is restricted to confirmed waves with a later actual confirmation (0.639583ms)
✔ four families retain independent records and nonstandard uses a triangle (0.508792ms)
✔ October 4 marker matrix uses shape for family and colour only for direction (0.423458ms)
✔ special AB evidence separates A line extrema from both price anchors and legacy pivots (0.454875ms)
✔ history is opt-in, inactive stays grey hollow, never creates M1 (0.588917ms)
✔ every historical shape uses a continuous hollow contour, including on hover (0.431458ms)
✔ new nonstandard evidence relaxes prices only and records each subtype (0.347791ms)
✔ new dual rule cannot fill without recorded later local confirmation (0.259583ms)
✔ historical engineering match retains original timing without claiming regrouping completion (3.911ms)
✔ future, stale, mismatched or incomplete evidence fails closed (1.167667ms)
✔ older snapshots and unmatched parts keep existing natural audit available (0.100833ms)
✔ engineering provenance uses the same one-based numbering as other inspectors (0.608542ms)
✔ mixed recursion distinguishes consolidation and trend from the old trend view (0.14225ms)
✔ unknown or reversed provenance is not presented as a completed trend (0.072667ms)
✔ indicator and price values use two decimals without inventing missing evidence (0.072417ms)
✔ recursive centre relations never call extension candidates completed types (0.068ms)
✔ admissions distinguish unit confirmation from later failed-return admission (0.05575ms)
✔ display fields retain all text including dates, provenance, and secondary colons (1.846083ms)
✔ narrative, missing evidence, and timestamp headings remain whole (0.26025ms)
✔ selects the exact source without replacing missing comparison periods with the primary (6.496458ms)
✔ prefix audit preserves original warmup snapshot and its own instrument and period (14.119875ms)
✔ rejects invalid positions, missing identity and explicitly unclosed prefix data (2.40725ms)
✔ optimization carries full execution and identity without live defaults (25.191667ms)
✔ malformed, mixed, missing or conflicting optimization context never silently defaults (1.386708ms)
✔ multi original replay preserves costs, slots and adjustment; extend changes only end dates (0.4085ms)
✔ multi rejects corrupt and incompatible slots without dropping or repairing any (0.389875ms)
✔ legacy missing settings are disclosed with deterministic defaults, explicit invalid values rejected (0.153333ms)
✔ combining equal-account singles preserves per-slot cash and costs; conflicts rejected not rewritten (1.537666ms)
✔ all candidate states distinguish eligibility from completed natural types (16.879833ms)
✔ opposite geometry identifies reused next-part evidence, including nonzero source IDs (5.754ms)
✔ external opposite geometry is not added to candidate membership (1.909042ms)
✔ missing, stale, misattributed or future opposite geometry is not displayed as matched (0.246542ms)
✔ preferred endpoints are never called completed types; conflicts are retained (1.205541ms)
✔ opposite base turn is not same-level completion (0.398834ms)
✔ price formatting preserves zero and boundary contact, guards non-finite values (12.152792ms)
✔ candidate audit joins by identity, not response order (0.606542ms)
✔ part audit must match ordinal AND exact raw source IDs, including shifted IDs (402.753791ms)
✔ locates the three raw ranges without relabelling them as MACD or confirmed centres (4.861917ms)
✔ candidate must already be observable at the CURRENT replay prefix (0.216292ms)
✔ no incomplete, waiting or unsupported candidate is given a fabricated range (2.861542ms)
✔ raw bar boundaries must be contiguous and inside the visible window (4.845542ms)
✔ source partitions must cover every original segment once, preserving nonzero IDs (2.630209ms)
✔ conflicting geometric fallback remains viewable for manual audit (0.911542ms)
✔ clearing a regrouping focus restores original zoom; a new replay snapshot does not (1.206584ms)
✔ membership labels distinguish source confirmation from later admission (0.607542ms)
✔ admission witness distinguishes confirmation dependency from geometric membership (0.18275ms)
✔ old or malformed evidence never invents an admission witness (0.186458ms)
✔ real frozen result archives preserve every input, missing tag, precision and failed factor (40.176542ms)
✔ factor cloud envelope imports as independent copy without original identity (16.209125ms)
✔ partial or incompatible archives fail explicitly, not repaired from the current catalog (1273.030458ms)
✔ read-only renderer has no execution or market API imports; explicit replay is separate (6.332083ms)
✔ same-account profile refresh preserves replay state; identity changes invalidate synchronously (2.957875ms)
✔ library navigation and Chinese/identifier/family search preserve full matching set (0.639667ms)
✔ availability is evaluated by adjustment and period without mutating selections (0.501375ms)
✔ single and multi-track axes share compact large units and distinct small ticks (0.816167ms)
✔ correlation uses its mathematical range; raw factors keep their own scale (0.115458ms)
✔ tiny values remain visible and tooltip raw precision is not rounded (0.093083ms)
✔ percentage is presentation only, gaps and source values are preserved (0.4255ms)
✔ disabled combination does not add implicit weights; enabled selection is explicit (1.135125ms)
✔ actual Python report preserves the combination through export and read-only reopen (49.417333ms)
✔ incomplete or contradictory composition archive is rejected, never repaired (95.266625ms)
✔ horizon selection is bounded, canonical and never silently amended (0.984459ms)
✔ horizon view uses frozen results without changing configuration or primary report (100.5515ms)
✔ all horizons survive draft/export/import and old single archives still read (37.906375ms)
✔ missing windows, wrong labels and disagreement with primary reports fail closed (46.392667ms)
✔ request selection invalidates immediately; display-only switching does not (6.932166ms)
✔ multiple horizons dispatch one explicitly manual request with complete selection (802.8535ms)
✔ dimensionless exponents are not presented as bar counts (1.905459ms)
✔ named GTJA dependency paths use maximum chain and all edited windows (0.9465ms)
✔ GTJA compound windows and cross-library identical mean ratios are explicit (0.158666ms)
✔ parameter selection copies only active settings without mutating cached settings (0.370958ms)
✔ builtin decimal multiplier, ordering, effective identity and actual labels (0.212709ms)
✔ reset only one parameter, retain other overrides without mutating input (0.203ms)
✔ history warning uses full effective warmup, not all parameters as rolling windows (34.82975ms)
✔ names and validation use actual windows; equivalent formula choices rejected (20.612667ms)
✔ recompute task request binds owner, source revision and manual intent; polling stays automatic (76.01225ms)
✔ history retains the complete recompute envelope, not just numerical results (15.300917ms)
✔ replay uses shared task invalidation and archive saving preserves replay metadata (5.970166ms)
✔ statistics version is frozen provenance, never inferred as the current version (0.491417ms)
✔ factor glossary accepts standard abbreviations with spaces or underscores (0.150167ms)
✔ factor missing values never become valid zero (0.091209ms)
✔ factor ranking is stable, non-mutating and missing-last in both directions (30.226667ms)
✔ small factor values do not round to fake zeros; raw precision keeps original number (0.121834ms)
✔ compatibility aliases are only shown for exact legacy lookup or active selection (0.483333ms)
✔ series automatic initialization is system intent, only deliberate task submission is a query (255.58ms)
✔ saved series task reopens as series without lookup, all diagnostics and original inputs survive (22.770375ms)
✔ cleared series execution cannot publish an old stock result (0.241375ms)
✔ live series and history use shared tasks, invalidate on input/account/route and never treat as trading backtest (1.053917ms)
✔ late catalog never submits after unmount, input/account/tab changes, or manual run (0.264791ms)
✔ failed catalog does not silently start default research or publish after leaving (0.143083ms)
✔ favorite IDs are bounded, deduplicated and malformed saved preferences never get overwritten (6.624167ms)
✔ favorites use acknowledgment and only patch their own key; same-session writes serialize (4.147042ms)
✔ failed favorite updates do not pretend success and can retry (1.307542ms)
✔ other preference acknowledgment exposing pending patch cannot fake a saved favorite (0.578584ms)
✔ owner switch clears state immediately and old failure cannot affect new save (0.513917ms)
✔ series compare shares all x axes but preserves independent raw values, scales, gaps and tooltip precision (3.855375ms)
✔ future appending leaves prior plotted values unchanged, missing is never replaced by zero (0.223917ms)
✔ multi-factor comparison is reused in live and read-only views, favorites do not change research settings (4.826959ms)
✔ factor submission marks only explicit dispatch, preserves owner/signal, polling/cancel stay automatic (166.522917ms)
✔ cancel acknowledged during pending poll cannot regress UI or publish partial result (17.85875ms)
✔ late cancellation cannot revive cleared or changed-account task UI (2.084625ms)
✔ unconfirmed cancellation keeps polling; successful task remains recoverable (1.570583ms)
✔ factor panel uses shared execution and distinguishes cancel from detach (22.041458ms)
✔ explicit stock-only finite latest selection; missing and fund/index stay unavailable (8.822333ms)
✔ origin and precision survive JSON and later group membership edits (1.481625ms)
✔ only explicit action writes owner assertion and source revision, never sends computed score (283.849875ms)
✔ late owner response rejected; permission denial and source mismatch not successful (32.862542ms)
✔ time modes construct explicit configs without random dates or implied training (2.34025ms)
✔ invalid dates, hidden shrinkage and numeric coercion are rejected (0.474375ms)
✔ full frozen time results survive import, draft and readonly validation unchanged (10.140459ms)
✔ missing, mismatched and nonfinite temporal archive results fail explicitly (59.829375ms)
✔ changes invalidate synchronously; same-account profile refresh does not change split (13.578541ms)
✔ menus stay inside phone, keyboard and landscape viewports (0.664458ms)
✔ near-bottom controls open upwards without changing ordinary desktop width (0.115666ms)
✔ warmup null, missing and invalid indicator values never become invented zeroes (1.045208ms)
✔ freeze all supported indicator outputs, warmup holes, volume averages and exact numerical precision (6.123917ms)
✔ frozen playback keeps captured values despite different current prices and never queries APIs (0.844584ms)
✔ malformed or mismatched frozen values fail closed, never fall back to recomputation (0.656959ms)
✔ marker hit uses signed stacking offset for both directions, not candle position (0.458916ms)
✔ symbol size and invalid render positions are handled safely (0.086166ms)
✔ market tab changes discard old success and cannot stop the new spinner (566.107084ms)
✔ market late failure after filter cannot resurrect an error (68.465625ms)
✔ market late failure after owner cannot resurrect an error (21.3635ms)
✔ market late failure after unmount cannot resurrect an error (31.487959ms)
✔ directory count failure preserves valid rows; late totals cannot cross markets (83.272667ms)
✔ board selection clears old details and ignores slower preceding member responses (96.945375ms)
✔ board list filter changes invalidate pending member requests and prevent old auto-selection (57.342833ms)
✔ default board preload remains system-origin after manual list refresh (75.859291ms)
✔ belonging response after stock cannot change results or stock history (82.073459ms)
✔ belonging response after owner cannot change results or stock history (18.813333ms)
✔ belonging response after unmount cannot change results or stock history (16.906542ms)
✔ current belonging success records captured stock; concurrent member failure has separate feedback (21.546292ms)
✔ market selection uses loaded market, clears on filters, and distinguishes shared stock/index codes (24.32575ms)
✔ board analysis uses result classification; members require their own market (14.247458ms)
✔ aborted late response cannot publish metadata even if transport ignores abort (87.188709ms)
✔ missing provenance or silently changed adjustment never reaches research (0.246542ms)
✔ reported gaps do not falsely label suspension or prevent inspecting valid candles (0.825667ms)
✔ history fetch consumes one verified range and publishes complete metadata only after validation (3.658541ms)
✔ unclosed response never updates provenance or reaches the backtest (7.142625ms)
✔ null, true zero, infinities and real 999 are distinct after JSON roundtrip (0.486291ms)
✔ single, saved and comparison results retain authoritative metric basis (0.466958ms)
✔ whole proof validated without mutation, and cross-role ownership remains visible (0.991291ms)
✔ stale, future, duplicated, incomplete, falsely completed and mismatched sources rejected (0.33125ms)
✔ base runs cannot masquerade as proofs or own multiple provisional regions (0.079ms)
✔ blocked covers show full conflicts, never fabricated flattened blocks (0.090666ms)
✔ labels retain provisional scope (0.065084ms)
✔ all seven MA presets are available but only MA5 and MA10 start visible (0.763166ms)
✔ each chart session gets independent editable settings without changing presets (0.076333ms)
✔ MA presets retain the requested yellow, white, purple, green, cyan, orange, red palette (0.07175ms)
✔ legend retains every MA choice and explicit hidden states override stale chart selection (0.097916ms)
✔ cross-boundary details resolve actual input and nested ownership records (1.935375ms)
✔ unowned reverse evidence stays explicitly unowned for boundary rejection (0.138459ms)
✔ foreign witness can be shown for an otherwise single-owner candidate (0.102041ms)
✔ legacy candidates do not invent missing conflict details (0.112209ms)
✔ damaged detail is not presented: mismatched candidate sources (0.095334ms)
✔ damaged detail is not presented: wrong layer (0.058458ms)
✔ damaged detail is not presented: unknown reverse input (0.061916ms)
✔ damaged detail is not presented: wrong reverse range (0.074916ms)
✔ damaged detail is not presented: reverse overlaps prices (0.066792ms)
✔ damaged detail is not presented: future reverse confirmation (0.109333ms)
✔ damaged detail is not presented: wrong reverse time (0.062917ms)
✔ damaged detail is not presented: incomplete domain list (0.065292ms)
✔ damaged detail is not presented: duplicate domains (0.046584ms)
✔ damaged detail is not presented: noncontinuous domain (0.041167ms)
✔ damaged detail is not presented: foreign domain misses witness (0.532709ms)
✔ damaged detail is not presented: false unowned witness (0.093625ms)
✔ damaged detail is not presented: missing nested record (0.062667ms)
✔ damaged detail is not presented: wrong reason (0.048875ms)
✔ only current owner revisions form the displayed ownership set (0.854917ms)
✔ internal provenance remains distinct and validates enclosing ownership (0.36575ms)
✔ parent-covered history is not labeled as an additional effective input (0.072125ms)
✔ nested provenance validates containment and strictly increasing input levels (0.169417ms)
✔ current owner labels are distinct from creation IDs and tolerate old snapshots (0.093958ms)
✔ summary mode lists every historical address, not just current versions (0.77175ms)
✔ full and missing legacy snapshots stay readable without inventing history (0.079667ms)
✔ all four analysis paths explicitly request summary delivery without changing input (1.497708ms)
✔ complete lifecycle stays chronological, does not mutate input, and uses Chinese labels (1.284459ms)
✔ legacy or future history is not invented (0.124292ms)
✔ dangling, reordered, duplicated, miscounted and conflicting histories fail closed (1.004791ms)
✔ equal counts cannot hide swapped source identities (0.074167ms)
✔ intermediate event boundaries must equal actual inherited and added sources (0.066375ms)
✔ input evidence must exist at the correct level and be available at admission (0.183834ms)
✔ invalid domain sources, membership and parent context fail closed (0.164583ms)
✔ leftward growth, shifted sources and newly filled merge gaps remain valid (0.144083ms)
✔ both periods exclude future and open candles while retaining original warm-up start (1.616291ms)
✔ snapshot observation time caps cutoff; bar start before cutoff is not enough (2.467875ms)
✔ no timeframe fallback or fabricated candles when historical minute range is unavailable (0.075583ms)
✔ index and board snapshots retain NONE adjustment, mismatch is rejected (0.2445ms)
✔ missing completion evidence, timezone timestamps and unordered bars fail explicitly (0.14325ms)
✔ week/month completion boundary comes from provider annotation, not day label (0.104ms)
✔ matrix defaults to five requested periods and includes separate buy/sell evidence column (2.173083ms)
✔ does not turn current reversal observation into a confirmed opposite pen (0.19ms)
✔ keeps true zero distinct from missing, and numerical display never overwrites original axis judgment (0.123ms)
✔ keeps divergence family, extrema and actual confirmation separate; never drops records (17.128667ms)
✔ missing pen and divergence are bounded claims; quality limitations stay visible (0.797833ms)
✔ buy/sell evidence distinguishes missing old archives, no points, structure and M1 (0.640875ms)
✔ portfolio: all original values survive import and cloud envelope; no Chanlun recompute (11.23675ms)
✔ portfolio: actual component fetches only explicitly, binds owner/request/result and freezes capture (22.630666ms)
✔ portfolio: late receipt discarded after owner (2.757167ms)
✔ portfolio: late receipt discarded after request (1.34175ms)
✔ portfolio: late receipt discarded after task (2.28975ms)
✔ portfolio: late receipt discarded after result (1.925583ms)
✔ portfolio: late receipt discarded after busy (1.990042ms)
✔ portfolio: late receipt discarded after unmount (1.206083ms)
✔ portfolio: invalid missing rejected (0.199083ms)
✔ portfolio: invalid allocation rejected (0.650833ms)
✔ portfolio: invalid metadata rejected (0.417042ms)
✔ portfolio: invalid date rejected (0.291417ms)
✔ portfolio: invalid precision rejected (0.3905ms)
✔ portfolio: invalid curve rejected (0.220125ms)
✔ portfolio: invalid request rejected (0.934666ms)
✔ portfolio: invalid trade rejected (0.517ms)
✔ portfolio: unavailable or different task never falls back to fetching data (6.628792ms)
✔ multi_strategy: all original values survive import and cloud envelope; no Chanlun recompute (1.2335ms)
✔ multi_strategy: actual component fetches only explicitly, binds owner/request/result and freezes capture (2.864417ms)
✔ multi_strategy: late receipt discarded after owner (131.044708ms)
✔ multi_strategy: late receipt discarded after request (5.069583ms)
✔ multi_strategy: late receipt discarded after task (2.991458ms)
✔ multi_strategy: late receipt discarded after result (1.004375ms)
✔ multi_strategy: late receipt discarded after busy (1.02375ms)
✔ multi_strategy: late receipt discarded after unmount (0.826417ms)
✔ multi_strategy: invalid missing rejected (0.132792ms)
✔ multi_strategy: invalid allocation rejected (0.199916ms)
✔ multi_strategy: invalid metadata rejected (0.089833ms)
✔ multi_strategy: invalid date rejected (0.105084ms)
✔ multi_strategy: invalid precision rejected (0.194125ms)
✔ multi_strategy: invalid curve rejected (0.166ms)
✔ multi_strategy: invalid request rejected (0.087292ms)
✔ multi_strategy: invalid trade rejected (0.109166ms)
✔ multi_strategy: unavailable or different task never falls back to fetching data (2.526917ms)
✔ normalized server defaults may extend but not alter submitted parameters (0.32175ms)
✔ library original/extended multi replay uses saved costs despite global preference changes (328.033458ms)
✔ portfolio load -> actual store task lifecycle -> save uses identical context and all costs (163.735792ms)
✔ portfolio catalog-stage input is isolated before saved fetch (117.840208ms)
✔ portfolio catalog-stage params is isolated before saved fetch (245.445958ms)
✔ portfolio catalog-stage owner is isolated before saved fetch (73.470458ms)
✔ portfolio catalog-stage failure is isolated before saved fetch (66.152459ms)
✔ portfolio catalog-stage empty is isolated before saved fetch (75.192667ms)
✔ pending portfolio cannot survive input (65.94775ms)
✔ pending portfolio cannot survive owner (56.5715ms)
✔ pending portfolio cannot survive unmount (43.021458ms)
✔ store account epoch clears completed results in all four task families (84.687417ms)
✔ runPortfolio old account error is ignored even after switching back (48.685416ms)
✔ runMultiStrategy old account error is ignored even after switching back (19.247958ms)
✔ runOptimize old account error is ignored even after switching back (33.527042ms)
✔ runOptimizeAll old account error is ignored even after switching back (23.21325ms)
✔ optimizer takes an input snapshot before awaiting bars and hands off the result strategy/adjustment (29.593ms)
✔ portfolio late save cannot close or annotate newly changed configuration (24.104875ms)
✔ library name lookup cannot mix later input or account into a save (78.915416ms)
✔ library saves a multi result with submitted adjustment, not the later global preference (25.121708ms)
✔ late library list cannot replace a newly created record and owner change clears all personal rows (19.334417ms)
✔ portfolio identity rejects mixed markets, repeats and invalid lengths (0.352291ms)
✔ late preference response cannot revert a newer adjustment; queued patch is captured (289.539791ms)
✔ account switch drops old queue, permits new account immediately and ignores late response (28.3285ms)
✔ same-account logout/login does not accept response from prior session epoch (103.31075ms)
✔ failed saves reject caller, do not wedge queue or restore stale role permissions (13.613417ms)
✔ mismatched response owner and logged-out saves are rejected (13.73375ms)
✔ market preference watcher survives the first route unmount and follows owner changes (56.593584ms)
✔ tracking ownership watcher survives route scope disposal and clears on revocation or logout (377.952209ms)
✔ late name hydration cannot write across accounts; new owner hydrates independently (94.890375ms)
✔ sidebar hydration never writes, old-owner timers cancel, failures are handled (144.644875ms)
✔ forming candles preserve OHLC and use dashed empty outlines (0.449959ms)
✔ forming volume and signed MACD columns preserve values and direction (0.097666ms)
✔ query defaults to system, manual intent is synchronous and explicit (0.647875ms)
✔ direct bar snapshot fetch preserves explicit intent, including failed requests (67.609667ms)
✔ pending manual requests do not mark concurrent automatic work or async continuations (0.173125ms)
✔ API dispatch tags manual queries but excludes automatic name lookup and task polling (256.147792ms)
✔ save keeps original full input separate from replay prefix, fully detached from live state (9.81525ms)
✔ same-bar opposite signals remain distinct; source survives JSON import without task or network (1.649208ms)
✔ recompute uses only saved chart prefix, keeps original scan signals and version unchanged (4.044542ms)
✔ reject wrong target before saving; never silently drop invalid lineage (0.866125ms)
✔ reject board target before saving; never silently drop invalid lineage (4.164208ms)
✔ reject wrong market before saving; never silently drop invalid lineage (0.802ms)
✔ reject reference before saving; never silently drop invalid lineage (0.1905ms)
✔ reject invalid date type before saving; never silently drop invalid lineage (0.257834ms)
✔ reject noncanonical cutoff before saving; never silently drop invalid lineage (0.192209ms)
✔ reject row summary before saving; never silently drop invalid lineage (0.3325ms)
✔ reject row last date before saving; never silently drop invalid lineage (0.239667ms)
✔ reject outside signal window before saving; never silently drop invalid lineage (0.233833ms)
✔ reject row source before saving; never silently drop invalid lineage (0.217041ms)
✔ reject row requested adjust before saving; never silently drop invalid lineage (0.219209ms)
✔ reject row quality before saving; never silently drop invalid lineage (0.216916ms)
✔ reject open candle before saving; never silently drop invalid lineage (3.089167ms)
✔ reject unsupported storage before saving; never silently drop invalid lineage (0.422375ms)
✔ legacy snapshot without original input still opens without invented source (0.172375ms)
✔ original task references round-trip and legacy references remain distinguishable (5.149125ms)
✔ cache receipt must be a real ID string, never coerced or inherited from another owner (3.50425ms)
✔ all frozen bars and precision survive; changed code is disclosed, not represented as old execution (2.377833ms)
✔ invalid original receipt task stops instead of substituting live data (0.604ms)
✔ invalid original receipt row stops instead of substituting live data (0.277708ms)
✔ invalid original receipt market stops instead of substituting live data (0.1905ms)
✔ invalid original receipt symbol stops instead of substituting live data (1.426416ms)
✔ invalid original receipt params stops instead of substituting live data (1.705292ms)
✔ invalid original receipt strategy stops instead of substituting live data (0.77875ms)
✔ invalid original receipt fingerprint stops instead of substituting live data (1.613375ms)
✔ invalid original receipt adjust stops instead of substituting live data (0.981167ms)
✔ invalid original receipt signal stops instead of substituting live data (0.13ms)
✔ invalid original receipt malformed signals stops instead of substituting live data (0.067083ms)
✔ invalid original receipt row error stops instead of substituting live data (0.054709ms)
✔ invalid original receipt storage stops instead of substituting live data (0.05925ms)
✔ invalid original receipt version stops instead of substituting live data (0.052625ms)
✔ invalid original receipt missing bars stops instead of substituting live data (0.656375ms)
✔ invalid original receipt null bar stops instead of substituting live data (0.513125ms)
✔ invalid original receipt order stops instead of substituting live data (0.11825ms)
✔ invalid original receipt open bar stops instead of substituting live data (0.070625ms)
✔ invalid original receipt future stops instead of substituting live data (0.068959ms)
✔ invalid original receipt negative duration stops instead of substituting live data (0.069958ms)
✔ invalid original receipt missing cutoff stops instead of substituting live data (0.274875ms)
✔ invalid original receipt number string stops instead of substituting live data (0.082292ms)
✔ invalid original receipt NaN stops instead of substituting live data (1.311875ms)
✔ invalid original receipt bad low stops instead of substituting live data (0.218875ms)
✔ invalid original receipt negative volume stops instead of substituting live data (0.257125ms)
✔ API sends owner and abort signal with no-store; unavailable receipt never calls a live feed (189.469167ms)
✔ radar submits captured owner with manual intent, polls as system, and preserves old cache adjustment (55.461917ms)
✔ late submit after adjust cannot become a scan result or cache (56.794042ms)
✔ late submit after window cannot become a scan result or cache (1.051041ms)
✔ late submit after owner cannot become a scan result or cache (6.888334ms)
✔ late submit after roundtrip cannot become a scan result or cache (2.28825ms)
✔ late submit after unmount cannot become a scan result or cache (2.73225ms)
✔ late poll after adjust cannot become a scan result or cache (8.413208ms)
✔ late poll after window cannot become a scan result or cache (10.655208ms)
✔ late poll after owner cannot become a scan result or cache (3.553833ms)
✔ late poll after roundtrip cannot become a scan result or cache (12.086208ms)
✔ late poll after unmount cannot become a scan result or cache (14.557667ms)
✔ a failed new scan cannot re-display or replace old success; explicit retry is independent (4.873ms)
✔ invalid result rows is never cached (1.81325ms)
✔ invalid result counts is never cached (0.627541ms)
✔ invalid result id is never cached (0.740625ms)
✔ storage denial preserves valid live results with an explicit notice (0.646833ms)
✔ actual picker loads the original complete warmup and stores actual dates, not form defaults (6.620333ms)
✔ failed original input does not fall back to newly fetched prices (1.355208ms)
✔ pending original input cannot commit after owner (31.971708ms)
✔ pending original input cannot commit after code (3.331958ms)
✔ pending original input cannot commit after unmount (4.610542ms)
✔ radar review captures row adjustment, exact minute, strategy and original cutoff (1.299709ms)
✔ invalid or legacy reviews fail explicitly without guessing data or adjustment (0.460916ms)
✔ exchange-local dates validate without browser timezone conversion (0.080625ms)
✔ review excludes future and unclosed bars, resets derived fingerprint and reports actual range without mutating source (3.999584ms)
✔ radar cache is owner scoped and malformed/legacy records never enter the UI (0.711791ms)
✔ late messages, close and errors from an old socket cannot affect replacement (4.047958ms)
✔ invalid messages and control responses never become ticks; close reason retained (0.232916ms)
✔ matching versions are selected by case identity without mutation (0.915417ms)
✔ future snapshots, wrong rules, incomplete chains and duplicate cases are rejected (0.213459ms)
✔ labels never confuse endpoint consistency or higher-centre proof with completion (0.138125ms)
✔ v2 keeps the detached prefix and v1 remains readable (0.302334ms)
✔ v3 supports trend search while retaining the same ownership guards (0.110708ms)
✔ missing, duplicated, misattributed or silently completed prefix is rejected (0.411959ms)
✔ reincorporation is recorded explicitly instead of erasing detached history (4.783209ms)
✔ accepts bounded history and empty verified batches (1.332791ms)
✔ rejects wrong batch, future indices, broken sources and contradictory state (0.430083ms)
✔ research labels distinguish absence, release, retained and internal (0.125375ms)
✔ late old responses cannot own a newer research request (0.924625ms)
✔ submission fields are captured values, not mutable form references (0.460542ms)
✔ navigation preserves explicit stock/index/fund/board identity and parameters without auto run (7.292208ms)
✔ ambiguous identity is rejected rather than guessed or numeric code padded (0.157166ms)
✔ query parser rejects incomplete, duplicate, incompatible and mixed-context values (1.426708ms)
✔ snapshot import keeps original data and normalizes optional display metadata (2.050625ms)
✔ reject invalid schema, periods, oversized arrays and impossible candle prices (0.913583ms)
✔ cloud archives retain larger frozen windows and all supported distinct periods (23.500458ms)
✔ import keeps valid frozen outputs and rejects mismatched frozen data instead of recomputing (0.598167ms)
✔ window is exchange local and bounded by the snapshot cutoff (1.2245ms)
✔ missing numbers and candidate status are never promoted (0.216583ms)
✔ amber projection resolves daily and minute labels, ignores open candle (0.435375ms)
✔ three workspaces are keyboard traversable without dropping an existing mode (1.814584ms)
✔ mobile comparison shows exactly the selected snapshot; desktop shows both (0.12325ms)
✔ inactive research never starts automatic work, valid active research does (0.093ms)
✔ saved single strategy restores market, period, adjustment and all execution costs exactly (3.129167ms)
✔ missing legacy fields disclose supplied defaults instead of claiming complete restoration (0.306042ms)
✔ explicit contradictory market and unsupported instruments are not silently rewritten (2.586125ms)
✔ invalid present fields are errors, not fallback defaults (1.0295ms)
✔ saved links identify records only and cannot inject alternate execution context (0.447958ms)
✔ market entry preserves local dates and strategy, runs only on explicit request (9.891083ms)
✔ boards entry preserves local dates and strategy, runs only on explicit request (3.354042ms)
✔ mixed market context blocks all loading and computation: savedStrategyId (2.333917ms)
✔ mixed market context blocks all loading and computation: optimizationContext (2.279ms)
✔ mixed market context blocks all loading and computation: autoRun (1.754375ms)
✔ mixed market context blocks all loading and computation: unexpected (1.414791ms)
✔ slow catalog cannot overwrite input with a market entry (6.177458ms)
✔ slow catalog cannot overwrite owner with a market entry (3.130584ms)
✔ catalog-stage input cannot restore saved inputs or dispatch a task (2.691292ms)
✔ catalog-stage params cannot restore saved inputs or dispatch a task (2.398333ms)
✔ catalog-stage owner cannot restore saved inputs or dispatch a task (4.796458ms)
✔ catalog-stage failure cannot restore saved inputs or dispatch a task (2.169875ms)
✔ optimization context restores every execution field and malformed context blocks dispatch (1.458792ms)
✔ actual backtest view loads exact saved context without running, then saves the configuration used (3.681291ms)
✔ saving original radar warmup uses loaded input dates, not hidden form defaults (5.321584ms)
✔ late saved record cannot overwrite owner (4.352084ms)
✔ late saved record cannot overwrite route (2.472833ms)
✔ late saved record cannot overwrite input (2.75825ms)
✔ late saved record cannot overwrite unmount (4.069583ms)
✔ invalid saved context blocks run, while legacy missing fields disclose fallback (3.731209ms)
✔ every execution input invalidates the old result before it can be saved (27.039541ms)
✔ editing a cost while bars are pending never runs the new form on the old request (2.235042ms)
✔ save completion after owner cannot write into a different page or account (1.15425ms)
✔ save completion after route cannot write into a different page or account (1.359375ms)
✔ save completion after unmount cannot write into a different page or account (1.335792ms)
✔ audit description translates permissions and never renders arbitrary detail fields (0.4885ms)
✔ audit time is explicitly Shanghai time and invalid data remains readable (83.355542ms)
✔ audit API preserves bounded pagination/filter state and authenticated credentials (16.143ms)
✔ distinguishes no candidate, failed current audit, and actual invalidation without promoting legacy state (2.256625ms)
✔ filters independent families and directions without merging special and local dual-line evidence (1.820959ms)
✔ searches lifecycle dates and failure reasons with all terms required, retaining original source objects (0.323416ms)
✔ searches diagnostic rejection history without silently reviving historical candidates (0.673166ms)
✔ all excludes bc false, preserves input order and records, and does not infer missing direction (0.335083ms)
✔ legacy diagnostic family is standard, and empty diagnostics do not invent rejection records (0.125167ms)
✔ structural points retain their own confirmation and evidence, never deriving them from a MACD source (0.684334ms)
✔ M1 uses exact existing gates and remains a separate view of its original standard event (0.685209ms)
✔ combined date query finds independent point, prompt and event records without deduplication or additive counts (0.12675ms)
✔ chart date matches structured lifecycle timestamps, not coincidental prose dates (0.588542ms)
✔ minute evidence uses exact exchange-local minute, accepting T/space and refusing missing time (0.10425ms)
✔ chart date includes diagnostic ABC and rejection coverage without inventing open or reversed intervals (0.57575ms)
✔ date scope combines with all filters for structural points and original M1 sources (0.132916ms)
✔ new standard evidence explains price, old blocker and independent special lifecycle (1.1745ms)
✔ new gates include counts, boundary and dates without undefined placeholder (0.247291ms)
✔ legacy comparisons retain old detected confirmed and invalidated dates (0.157166ms)
✔ initial schema and refreshed catalog preserve supplied parameters; strategy change alone resets (3.571583ms)
✔ late catalog defaults are suspended until route validation and then fill only missing fields (0.710375ms)
✔ structure dates remove midnight noise without changing intraday precision (1.487584ms)
✔ centre evidence distinguishes fixed core, outer range and candidate expansion (0.724375ms)
✔ segment evidence includes source prices and reverse proof with one-based labels (0.184083ms)
✔ missing legacy evidence does not invent confirmation (0.105292ms)
✔ special inclusion explains boundary exception without labelling it an ordinary fractal (0.379083ms)
✔ centre relation history distinguishes current candidate from original separation (0.164083ms)
✔ confirmation replay translates raw indices without date matching (0.087125ms)
✔ unknown, invalid or out-of-snapshot confirmations have no replay target (0.089875ms)
✔ connection badge validates shared time, price and alternating direction (0.122375ms)
✔ reverse preview uses observed extreme, not last close or a future target (1.318625ms)
✔ mirrored lows produce an upward reference (0.121917ms)
✔ no invented reference for missing, ambiguous, extending, or invalid inputs (0.109417ms)
✔ replay prefix cannot use a later extreme; ties retain first occurrence (0.104583ms)
✔ ongoing consolidation differs by color, line pattern, and fill (0.107625ms)
✔ defaults and bounded settings never expose strict price overrides (1.003542ms)
✔ evidence replay uses its own frozen period settings (0.099791ms)
✔ settings disclosure is closed by default and reuses existing controls (0.356542ms)
✔ actual component captures every selected period and failure; automatic work stays system-origin (22.375875ms)
✔ all collection failures are exportable reports, never empty success or recomputable invented bars (2.025709ms)
✔ missing response rows are retained as explicit errors; unexpected rows or cutoff cannot enter a saved result (3.622583ms)
✔ late study response cannot be saved after account (1.434958ms)
✔ late study response cannot be saved after input (2.108541ms)
✔ late study response cannot be saved after unmount (1.190625ms)
✔ invalid collection coverage cannot silently omit a period during import (1.899417ms)
✔ actual study freezes independent radar lineage, preserves it through import and recompute, and refuses foreign source (3.384917ms)
✔ task stores detached actual inputs, user submission and system polling (7.972875ms)
✔ invalidated submit resolve cannot revive result/error/spinner (4.420625ms)
✔ invalidated submit reject cannot revive result/error/spinner (8.101625ms)
✔ invalidated poll resolve cannot revive result/error/spinner (7.437291ms)
✔ invalidated poll reject cannot revive result/error/spinner (2.063417ms)
✔ earlier request completion cannot stop a newer task or replace its context (21.791584ms)
✔ owner change stops polling and cannot attribute prior account result to the new account (9.10475ms)
✔ failed remains failure, never successful completion (0.536875ms)
✔ cancelled remains failure, never successful completion (0.224959ms)
✔ timed_out remains failure, never successful completion (13.919208ms)
✔ cancelling is not completed; wrong ID, malformed result and unknown status fail closed (10.332125ms)
✔ deadline aborts polling and explicitly says the server may still be running (15.356042ms)
✔ task API sends captured owner and abort signal; old callers remain compatible (22.995041ms)
✔ progress is bounded, readable work units rather than inferred total percent (0.849125ms)
✔ factor result review freezes complete task data without lookup or recomputation (92.925792ms)
✔ completed phase never publishes result while task is still running (16.270958ms)
✔ untrusted progress cannot be used to publish an apparently completed task (0.311625ms)
✔ historical review uses owner-bound read-only fetch and account invalidation (0.702542ms)
✔ task list rejects malformed responses instead of replacing records with undefined (21.446708ms)
✔ cancelling is not terminal and elapsed values remain readable (0.199417ms)
✔ runBacktestWithPolling waits through cancelling and returns cancelled (2.5255ms)
✔ runBacktestWithPolling waits through cancelling and returns timed_out (2.197583ms)
✔ runSignalScanWithPolling waits through cancelling and returns cancelled (2.036709ms)
✔ runSignalScanWithPolling waits through cancelling and returns timed_out (2.005417ms)
✔ cancel API uses POST, and partial cancelled scan results are never accepted (0.36325ms)
✔ persistent recovery and version mismatch are distinct from completion (0.299834ms)
✔ terminal task deletion handles empty 204 and encodes identity (0.447875ms)
✔ checkpoint presence is not confused with verified reuse or task completion (0.351291ms)
✔ cached completed submission is retrieved rather than shown as running (0.755667ms)
✔ network failures are localized across WebKit, Chromium and Firefox (0.195166ms)
✔ tracking archive preserves raw input, precision, rules and can import read-only (5.493292ms)
✔ missing raw input (0.239208ms)
✔ wrong adjustment (0.100125ms)
✔ wrong period (0.108583ms)
✔ duplicate target (0.103959ms)
✔ false success (0.114959ms)
✔ unknown state (0.080167ms)
✔ cancelled empty expansion and partially completed batches retain actual states (0.109084ms)
✔ failed upload retries same identity and frozen payload, independent new batch gets a new identity (74.993708ms)
✔ late previous-owner save is discarded and never retried as the next account (0.4285ms)
✔ non-finite result stays unsaved rather than converting to null (6.956334ms)
✔ empty selections include every row, including incomplete results (0.466792ms)
✔ same period/column selections are OR, other columns and periods are AND (0.183375ms)
✔ total selection does not bypass other criteria; missing periods never count as neutral signals (0.431ms)
✔ toggle/removal preserves all other selections and never mutates input (0.6745ms)
✔ status selection uses OR with empty meaning all; can combine with breadth (0.108416ms)
✔ route consumer can unmount and remount while the one sequential analysis continues (6.062541ms)
✔ explicit stop retains completed rows and marks running/unstarted rows cancelled (0.372125ms)
✔ owner change or revoked access clears results and rejects late old publications (0.614958ms)
✔ background completion includes per-target failure and expansion failure without false success (0.904208ms)
✔ cancel during board expansion cannot publish late entries (0.260167ms)
✔ tracking transport binds owner, stops on permission failure and does not relabel name/market requests (25.82875ms)
✔ late auth error on an already-cancelled old transport never stops the next job (0.277875ms)
✔ route delegates lifetime and owns bounded vertical scrolling; application binds ownership (0.442667ms)
✔ finished batches emit independent history even without a route consumer (0.6835ms)
✔ tracking identity separates asset types, exchanges and board catalogues (0.8885ms)
✔ cloud book validates without silently dropping corrupt groups or duplicate entries (1.487583ms)
✔ expansion preserves every member and all board/direct sources, not a 200-row display page (6.364583ms)
✔ membership failure is explicit and malformed partial membership is never accepted (0.272917ms)
✔ batch runs sequentially, keeps partial errors and continues after a failed target (31.52725ms)
✔ cancellation marks in-flight and unstarted rows, ignoring a late success (0.2045ms)
✔ group breadth counts only available periods, never treats failed targets as neutral evidence (0.252083ms)
✔ every clickable breadth count equals matching target count; periods and point families stay independent (0.210542ms)
✔ exact current revision accepts only its own evidence without mutation (1.0345ms)
✔ old partition, stale version, future evidence and false completion are rejected (0.25ms)
✔ historical audit cannot import a later opposite segment (0.076708ms)
✔ empty partitions and higher-proof priority retain explicit blockers (0.066625ms)
✔ new blockers use Chinese labels without calling prerequisites completion (0.127708ms)
✔ missing comparison interval is explained in Chinese without inventing a date (1.582625ms)
✔ special diagnostics identify each A indicator witness rather than the price witness (0.582083ms)
✔ nonstandard DEA axis gate remains explicit without an improvement requirement (0.3185ms)
✔ DEA tolerance discloses research threshold, precise deviation and near-zero fallback (0.619625ms)
✔ wave evidence separates effective A from original wave and local pivots (1.003ms)
✔ rounded equal line extrema disclose the precise failed values and witness times (0.139083ms)
✔ comparisons are explicitly research only and preserve B/C axis checks (0.107333ms)
✔ unformed candidate shows Chinese gates, two-decimal values and rejection dates (0.101791ms)
✔ new nonstandard audit explicitly uses full A and first-formed reverse evidence explains gaps (0.10775ms)
ℹ tests 670
ℹ suites 0
ℹ pass 670
ℹ fail 0
ℹ cancelled 0
ℹ skipped 0
ℹ todo 0
ℹ duration_ms 23036.75075
→ 打包中…
→ 运行测试…
京东方评级: D 分数: 34.3
维度明细: 卡玛比率=22.7, 最大回撤=27.5, 胜率=33.5, 利润因子=34.1, 夏普比率=41.5, 波动率=50.1
否决: 利润因子 1.11 接近 1，仅勉强盈亏平衡
长线优质策略评级: B 分数: 64.5
维度权重: 卡玛比率=28%, 最大回撤=26%, 胜率=0%, 利润因子=0%, 夏普比率=23%, 波动率=23%
优质案例评级: A 分数: 83.9
寻优点评级: A 74
组合重算指标: { '年化': '20.83%', '回撤': '0.80%', '夏普': '5.27', '卡玛': '26.03' }
稳定上涨组合评级: S 91.8
波动组合重算: { '回撤': '44.15%', '夏普': '-2.64', '持续': 60 }
波动组合评级: D 18.5
✔ 新版组合评级使用后端采样，不按图表柱数重新日线年化 (2.554958ms)
✔ 必要风险指标缺失不能展示为零风险或正常评级 (0.334917ms)
✔ 无穷比率不等于满分，真实零利润因子仍按亏损判断 (0.13775ms)
✔ 京东方回测必须评为 D 档（用户核心诉求验证点） (0.523583ms)
✔ 京东方评分应在 30-43 区间（C 与 D 的边界） (0.114208ms)
✔ 低利润因子触发系统亏损否决 (0.070042ms)
✔ 样本不足（< 10 笔交易）降权但不否决整个评级 (0.136709ms)
✔ 用户实测场景：6年6笔交易 + 高夏普 → 应得 A/B（核心回归测试） (0.165291ms)
✔ 深回撤 > 60% 触发直接 D 否决 (0.100583ms)
✔ 优质回测应得 A 或 S 档 (0.143208ms)
✔ 高回撤但收益高 → 最高 B（一票否决 cap） (0.080875ms)
✔ 插值函数：边界值取端点分数 (0.062542ms)
✔ 插值函数：中间值线性插值 (0.049833ms)
✔ 寻优评级：4 维度降级版 (0.0875ms)
✔ 寻优评级：网格点交易太少 → 降权但评级照常 (0.056209ms)
✔ 组合评级：稳定上涨净值应得 A 或 S (2.133458ms)
✔ 组合评级：高波动深回撤净值 → 低档 (0.710666ms)
✔ combinedMetrics：单点净值返回全 0（兜底） (0.093375ms)
✔ 历史组合仅保留原值，不从曲线推断日线或重算评级 (0.546792ms)
✔ v1-v4、未知版本及不完整依据不伪装为新版结果 (0.591125ms)
✔ 新版结果使用已记录指标，真实 999 和零不被当作历史哨兵 (0.084875ms)
✔ 指标状态缺失或与数值冲突不能产出评级，包括被降权维度 (0.107416ms)
✔ 低交易样本的真实不可用逐笔指标仍可降权，不误拦截可用净值评级 (0.094125ms)
✔ 寻优逐行核验新版采样与候选状态，输入范围不替代候选证据 (0.114042ms)
✔ 完整快照保留精度、真实 0/999、全部指标及版本且不关联可变输入 (0.953458ms)
✔ 策略保存接受真实 Vue 响应式结果，不因 Proxy 无法 structuredClone 而失败 (0.954458ms)
✔ 再次保存历史指标不补造新版计算或评级依据 (0.108875ms)
✔ 对比展示原值并指出版本、周期、范围与利率差异，不自动重算 (0.249666ms)
ℹ tests 28
ℹ suites 0
ℹ pass 28
ℹ fail 0
ℹ cancelled 0
ℹ skipped 0
ℹ todo 0
ℹ duration_ms 115.068958
