........................................................................ [  6%]
........................................................................ [ 12%]
........................................................................ [ 18%]
........................................................................ [ 25%]
........................................................................ [ 31%]
........................................................................ [ 37%]
........................................................................ [ 43%]
........................................................................ [ 50%]
........................................................................ [ 56%]
........................................................................ [ 62%]
........................................................................ [ 68%]
........................................................................ [ 75%]
..................................................ss.................... [ 81%]
........................................................................ [ 87%]
........................................................................ [ 93%]
.......................................................................  [100%]
=============================== warnings summary ===============================
.venv/lib/python3.10/site-packages/starlette/testclient.py:37
  /Users/bowen/Documents/Python/Google/TDX-work/.venv/lib/python3.10/site-packages/starlette/testclient.py:37: DeprecationWarning: The anyio.abc.BlockingPortal alias is deprecated, use anyio.from_thread.BlockingPortal instead.
    _PortalFactoryType = typing.Callable[[], typing.ContextManager[anyio.abc.BlockingPortal]]

tests/unit/test_durable_task_api.py::test_six_http_submissions_execute_frozen_inputs_in_actual_worker[optimize_all]
tests/unit/test_durable_task_api.py::test_six_http_submissions_execute_frozen_inputs_in_actual_worker[optimize_all]
tests/unit/test_durable_task_api.py::test_six_http_submissions_execute_frozen_inputs_in_actual_worker[optimize_all]
tests/unit/test_durable_task_api.py::test_six_http_submissions_execute_frozen_inputs_in_actual_worker[optimize_all]
tests/unit/test_durable_task_api.py::test_six_http_submissions_execute_frozen_inputs_in_actual_worker[optimize_all]
tests/unit/test_durable_task_api.py::test_six_http_submissions_execute_frozen_inputs_in_actual_worker[optimize_all]
  /Users/bowen/Documents/Python/Google/TDX-work/src/easy_tdx/MyTT.py:343: RuntimeWarning: invalid value encountered in divide
    ADX = MA(ABS(MDI - PDI) / (PDI + MDI) * 100, M2)

-- Docs: https://docs.pytest.org/en/stable/how-to/capture-warnings.html
1149 passed, 2 skipped, 7 warnings in 138.94s (0:02:18)
