
> web-ui@0.0.0 build
> vue-tsc -b && vite build

vite v8.1.3 building client environment for production...
[2Ktransforming...✓ 1075 modules transformed.
rendering chunks...
computing gzip size...
dist/index.html                                      0.65 kB │ gzip:   0.44 kB
dist/assets/AdjustPicker-D00KpYkY.css                0.38 kB │ gzip:   0.20 kB
dist/assets/ChanlunTargetPicker-D-d8ErAX.css         0.42 kB │ gzip:   0.22 kB
dist/assets/StockQueryField-DZM9BaFv.css             0.51 kB │ gzip:   0.31 kB
dist/assets/MetricStateNotes-Ds5ln-hd.css            0.65 kB │ gzip:   0.32 kB
dist/assets/SymbolPicker-BRRK5lsO.css                0.66 kB │ gzip:   0.32 kB
dist/assets/FactorArchiveTools-BvB1PnmX.css          0.68 kB │ gzip:   0.35 kB
dist/assets/StocksPicker-DtZSuV36.css                0.87 kB │ gzip:   0.36 kB
dist/assets/PerformanceContextNote-B1O3ZqFf.css      1.09 kB │ gzip:   0.51 kB
dist/assets/backtest-z6wr6NnL.css                    1.16 kB │ gzip:   0.47 kB
dist/assets/PortfolioSummaryTable-DuOi_Kod.css       1.46 kB │ gzip:   0.58 kB
dist/assets/ResearchNavigationBar-CHjWWZBp.css       1.60 kB │ gzip:   0.56 kB
dist/assets/ResearchEntryContext-D-_RhXbO.css        1.60 kB │ gzip:   0.55 kB
dist/assets/DataGrid-wmKp9PWY.css                    1.63 kB │ gzip:   0.67 kB
dist/assets/DataProvenance-rwYj3IKj.css              1.71 kB │ gzip:   0.60 kB
dist/assets/NumberStepper-8K7Mvx4I.css               1.78 kB │ gzip:   0.66 kB
dist/assets/StrategyPicker-B8xuoqXR.css              1.90 kB │ gzip:   0.62 kB
dist/assets/CompareView-gCT0qtdc.css                 2.53 kB │ gzip:   0.75 kB
dist/assets/MultiPeriodOverviewTable-BvTcnRGq.css    2.53 kB │ gzip:   0.87 kB
dist/assets/MarketCenterView-B4QMzyP-.css            2.71 kB │ gzip:   0.86 kB
dist/assets/ServerSettingsView-Dr8cBAAI.css          2.99 kB │ gzip:   0.85 kB
dist/assets/ChartFrame-DpbssJ_h.css                  3.16 kB │ gzip:   0.82 kB
dist/assets/BoardResearchView-t3jinDma.css           3.19 kB │ gzip:   0.96 kB
dist/assets/ExtendedMarketView-DmyMqztu.css          3.27 kB │ gzip:   0.97 kB
dist/assets/IntradayResearchView-Dozupkkc.css        3.44 kB │ gzip:   1.06 kB
dist/assets/ResultDataProvenance-C84gzG9S.css        3.61 kB │ gzip:   1.03 kB
dist/assets/MacSelect-8VETZDy2.css                   3.64 kB │ gzip:   1.12 kB
dist/assets/AdminDataCenterView-CxKBhypf.css         4.03 kB │ gzip:   1.09 kB
dist/assets/PortfolioView-DiSHYMkO.css               4.07 kB │ gzip:   0.99 kB
dist/assets/StockHistoryMenu-BZAt5rDk.css            4.53 kB │ gzip:   1.28 kB
dist/assets/BacktestView-C_gwZXLU.css                5.09 kB │ gzip:   1.31 kB
dist/assets/OptimizeView-CKCk_lXy.css                6.61 kB │ gzip:   1.78 kB
dist/assets/TrackingView-DE8HSi9j.css                7.25 kB │ gzip:   1.73 kB
dist/assets/LoginView-C6otUSAi.css                   7.39 kB │ gzip:   2.13 kB
dist/assets/KlineChart-B9kDaKzs.css                  8.52 kB │ gzip:   2.12 kB
dist/assets/AccountView-BO9pt2Vb.css                 8.78 kB │ gzip:   2.05 kB
dist/assets/StrategiesView-sORTs1Aa.css             10.87 kB │ gzip:   2.35 kB
dist/assets/SignalRadarView-C4HuODLB.css            12.89 kB │ gzip:   2.91 kB
dist/assets/AdminAccountsView-BSr7g-GH.css          13.81 kB │ gzip:   3.06 kB
dist/assets/CompanyResearchView-BVn318qQ.css        22.45 kB │ gzip:   4.10 kB
dist/assets/QuantResearchView-BjLwGnDV.css          25.32 kB │ gzip:   4.71 kB
dist/assets/index-DIJBR0Y9.css                      28.67 kB │ gzip:   6.64 kB
dist/assets/CloudResearchArchives-GbXG3UzW.css      33.28 kB │ gzip:   6.04 kB
dist/assets/ChanlunView-fiLNWjHs.css               117.43 kB │ gzip:  18.51 kB
dist/assets/format-BbMv5Yas.js                       0.08 kB │ gzip:   0.10 kB
dist/assets/mobile-settings-ouR8Ey7_.js              0.18 kB │ gzip:   0.16 kB
dist/assets/research-input-C5-rhLeS.js               0.33 kB │ gzip:   0.23 kB
dist/assets/market-preferences-Dqke_A5d.js           0.69 kB │ gzip:   0.50 kB
dist/assets/AdjustPicker-BhHAXdRo.js                 0.78 kB │ gzip:   0.56 kB
dist/assets/bar-time-CQCKboTN.js                     0.90 kB │ gzip:   0.48 kB
dist/assets/task-progress-CGu1vGZX.js                0.99 kB │ gzip:   0.64 kB
dist/assets/StockQueryField-BCv3TU2z.js              1.03 kB │ gzip:   0.66 kB
dist/assets/FactorArchiveTools-tlsqfheY.js           1.22 kB │ gzip:   0.88 kB
dist/assets/StocksPicker-fCcKKgMs.js                 1.66 kB │ gzip:   1.01 kB
dist/assets/PerformanceContextNote-Ce3sWoOD.js       1.77 kB │ gzip:   1.06 kB
dist/assets/ResearchNavigationBar-CndQfZee.js        2.22 kB │ gzip:   1.22 kB
dist/assets/MetricStateNotes-BLT5yokm.js             2.33 kB │ gzip:   1.49 kB
dist/assets/NumberStepper-kGsuKWZ7.js                2.51 kB │ gzip:   1.20 kB
dist/assets/task-execution-B91kxkDf.js               2.54 kB │ gzip:   1.33 kB
dist/assets/performance-context-C7y1-vGq.js          2.59 kB │ gzip:   1.38 kB
dist/assets/DataProvenance-CblC8Ies.js               3.31 kB │ gzip:   1.45 kB
dist/assets/research-navigation-CzYQAKce.js          3.48 kB │ gzip:   1.71 kB
dist/assets/DataGrid-d-MpBj7Y.js                     3.64 kB │ gzip:   2.01 kB
dist/assets/AdminDataCenterView-Dtl83dXK.js          3.73 kB │ gzip:   1.92 kB
dist/assets/ServerSettingsView-CwrabODY.js           4.00 kB │ gzip:   1.97 kB
dist/assets/ChanlunTargetPicker-C8YBdByd.js          4.21 kB │ gzip:   1.95 kB
dist/assets/ResearchEntryContext-CrudpaT6.js         4.23 kB │ gzip:   2.12 kB
dist/assets/execution-context-DrK2kjJr.js            4.40 kB │ gzip:   2.07 kB
dist/assets/tracking-VLqpAwIo.js                     4.42 kB │ gzip:   2.13 kB
dist/assets/StrategyPicker-fxMwbxXQ.js               4.55 kB │ gzip:   2.06 kB
dist/assets/SymbolPicker-CqrDCX5z.js                 4.97 kB │ gzip:   2.39 kB
dist/assets/MacSelect-DKVxSSHf.js                    5.27 kB │ gzip:   2.20 kB
dist/assets/LoginView-B6vEHD1u.js                    5.39 kB │ gzip:   2.50 kB
dist/assets/ExtendedMarketView-B_TMDt37.js           5.69 kB │ gzip:   2.64 kB
dist/assets/ResultDataProvenance-DFfHQXmw.js         5.75 kB │ gzip:   2.51 kB
dist/assets/MultiPeriodOverviewTable-DpjFJPPG.js     5.76 kB │ gzip:   3.09 kB
dist/assets/PortfolioSummaryTable-a8mo3D43.js        6.25 kB │ gzip:   3.27 kB
dist/assets/StockHistoryMenu-DOQCb0-d.js             6.30 kB │ gzip:   2.92 kB
dist/assets/CompareView-Cs1dFUFz.js                  6.37 kB │ gzip:   2.94 kB
dist/assets/MarketCenterView-0Bu2PKiz.js             7.32 kB │ gzip:   3.10 kB
dist/assets/IntradayResearchView-DhaB4DMb.js         9.33 kB │ gzip:   4.31 kB
dist/assets/BoardResearchView-DZKJPW1r.js            9.53 kB │ gzip:   3.95 kB
dist/assets/SignalRadarView-CeaWwfXx.js             11.44 kB │ gzip:   5.00 kB
dist/assets/AccountView-DDHaArF0.js                 11.56 kB │ gzip:   4.97 kB
dist/assets/PortfolioView-BeXHDcv_.js               15.16 kB │ gzip:   5.90 kB
dist/assets/backtest-CdnfJHTU.js                    15.56 kB │ gzip:   6.18 kB
dist/assets/BacktestView-BaKdOYyG.js                18.21 kB │ gzip:   7.49 kB
dist/assets/TrackingView-Bn3r3W6W.js                18.71 kB │ gzip:   7.64 kB
dist/assets/AdminAccountsView-CeYlyXZh.js           20.42 kB │ gzip:   8.03 kB
dist/assets/KlineChart-BbeVdpD7.js                  20.85 kB │ gzip:   8.96 kB
dist/assets/StrategiesView-kHOFmdu1.js              23.83 kB │ gzip:   9.09 kB
dist/assets/OptimizeView-DLs_SiNb.js                28.57 kB │ gzip:  11.30 kB
dist/assets/QuantResearchView-DZo76o1b.js           52.22 kB │ gzip:  18.61 kB
dist/assets/CompanyResearchView-Dts7AteJ.js         99.02 kB │ gzip:  33.66 kB
dist/assets/index-X1I-8SiD.js                      159.08 kB │ gzip:  60.19 kB
dist/assets/CloudResearchArchives-QvAOCQsW.js      211.61 kB │ gzip:  72.39 kB
dist/assets/ChanlunView-By06N92k.js                228.55 kB │ gzip:  70.07 kB
dist/assets/ChartFrame-BW25LrRp.js                 682.14 kB │ gzip: 227.98 kB

✓ built in 956ms
[plugin builtin:vite-reporter] 
(!) Some chunks are larger than 500 kB after minification. Consider:
- Using dynamic import() to code-split the application
- Use build.rolldownOptions.output.codeSplitting to improve chunking: https://rolldown.rs/reference/OutputOptions.codeSplitting
- Adjust chunk size limit for this warning via build.chunkSizeWarningLimit.
