
> web-ui@0.0.0 test
> node scripts/run-tests.mjs

✔ tracking is restricted to active administrators and explicitly authorized users (0.425ms)
✔ presence requires visible focused recent interaction and never negative elapsed time (0.159ms)
✔ admin query descriptions label metadata and disclose truncated targets (0.179ms)
✔ all current chart inspector evidence stays readable without altering original nested data (10.754625ms)
✔ reject malformed fields reachable from overlays, popovers and every inspector section with exact paths (27.469ms)
✔ optional old fields and empty failure checkpoints remain readable, no missing-state invention (0.141625ms)
✔ archive calendar validation rejects normalized impossible dates and illegal clock/offset values (12.023584ms)
✔ bar validation compares actual instants, retains raw strings, rejects equal instants and malformed volume (0.844292ms)
✔ existing frozen matrix bar sources remain readable without mutation (52.051709ms)
✔ event lists and evidence-set reordering never imply new or changed signals; originals remain intact (14.898792ms)
✔ state, lifecycle times and unrounded evidence are classified separately on the same identity (0.641667ms)
✔ same date across families and sides remains independent; true event additions/removals are distinct (0.45ms)
✔ duplicate identities preserve all records and are never paired arbitrarily (0.440084ms)
✔ missing identity does not cause false removals or additions in its collection (2.267208ms)
✔ missing source/list is unknown, not empty or proof of no events (16.285459ms)
✔ never-candidate diagnostics match without A or reference, including special B-only records (22.751958ms)
✔ A trimming changes evidence not identity; original wave anchors and reference changes distinguish bases (8.451ms)
✔ date normalization preserves intraday, microsecond and timezone distinctions (2.496458ms)
✔ source differences and unknown fields/ordered evidence are retained (2.988417ms)
✔ different instruments, periods or study results are not matched (0.272708ms)
✔ structure divergences are supported without inventing MACD wave anchors (1.3055ms)
✔ legacy local migration keeps original payload, precision, versions and unknown fields without upgrading (11.615459ms)
✔ cloud exports use latest metadata but retain the original immutable payload, not old cloud ID/revision (0.633708ms)
✔ study import preserves successful and failed periods plus original warmup and primary metadata (0.657084ms)
✔ unknown, incomplete, oversized and nonfinite backups are rejected, never uploaded as summaries (265.35775ms)
✔ all supported chart outputs preserve full precision, null warmups, style and instance order (13.143833ms)
✔ migration IDs survive rescanning/reload, preserve precision and isolate owners and changed content (24.75575ms)
✔ migration rejects missing owners, foreign archives and malformed inputs before upload (0.413333ms)
✔ post-inspection changes never upload under a previously confirmed identity (2.196083ms)
✔ lost response retries the same immutable body and id, without automatic retry or local deletion (3.0885ms)
✔ stop or account changes before/after read and upload discard stale results (3.194ms)
✔ deleted cloud copies are not restored, purged copies and wrong response IDs are not treated as success (3.793208ms)
✔ chart plan freezes original data and uses original identity/window, not current selection (2.403792ms)
✔ missing volume/time/parameters and unsupported length never silently become a smaller/default study (6.417459ms)
✔ study plan preserves actual research settings and saved time labels (0.185125ms)
✔ unrounded path diff distinguishes null, missing, structure, empty arrays, and ordering (0.272875ms)
✔ response must match request, instrument, version, scope and period identities (1.676666ms)
✔ new archive retains original bars/lineage but never relabels frozen old indicators as recomputed (1.584417ms)
✔ study without saved input retains an explicit uncomputed row, never pretends all periods succeeded (0.291583ms)
✔ complete indicator recompute preserves saved settings, checks response and saves only new values (3.286167ms)
✔ missing or unknown saved indicator parameters cannot borrow current defaults (1.033417ms)
✔ original valid study rows retain precision, unknown fields, true zero and no recomputation (9.945792ms)
✔ invalid nested fields become explicit per-period errors, not silently missing rows (0.968709ms)
✔ strict pen fields reject coercion and preserve historical source errors without reading their invalid nested fields (18.200334ms)
✔ duplicates are not cherry-picked and malformed or future rows remain in original-record entries (0.199292ms)
✔ full backtest file and cloud envelope retain all fields; no implicit Chanlun recompute (8.500167ms)
✔ invalid cash cannot become a readable archive (0.1165ms)
✔ invalid params cannot become a readable archive (0.089291ms)
✔ invalid adjust cannot become a readable archive (0.304833ms)
✔ invalid null lineage cannot become a readable archive (0.5705ms)
✔ invalid net value cannot become a readable archive (0.121333ms)
✔ invalid future trade cannot become a readable archive (0.093792ms)
✔ invalid duplicate date cannot become a readable archive (0.081916ms)
✔ invalid missing metrics cannot become a readable archive (0.085417ms)
✔ invalid nested infinity cannot become a readable archive (0.160667ms)
✔ invalid coerced rejected cannot become a readable archive (0.107375ms)
✔ actual store freezes submitted input and result separately from later source mutation (414.780542ms)
✔ actual store rejects stale or failed owner run and clears prior archive (27.03925ms)
✔ actual store rejects stale or failed input run and clears prior archive (27.884292ms)
✔ actual store rejects stale or failed clear run and clears prior archive (13.043708ms)
✔ actual store rejects stale or failed failure run and clears prior archive (34.57825ms)
✔ trade lookup keeps the exact minute across separators, precision and days (0.643333ms)
✔ date-only values cannot choose the midnight bar of an ambiguous day (0.074791ms)
✔ daily and duplicate exact timestamps keep first positional matches (0.069ms)
✔ nanoseconds and timezone text are not truncated into a false match (0.080125ms)
✔ date labels preserve useful precision without local timezone conversion (0.078875ms)
✔ higher sources resolve actual records and separate original from current review time (2.251166ms)
✔ base sources and foreign witness rejection have distinct Chinese descriptions (0.150583ms)
✔ inconsistent candidate has no replay evidence: unknown reason (0.09075ms)
✔ inconsistent candidate has no replay evidence: prototype key (0.737791ms)
✔ inconsistent candidate has no replay evidence: future version (1.172542ms)
✔ inconsistent candidate has no replay evidence: future completion (0.201916ms)
✔ inconsistent candidate has no replay evidence: missing time (0.129834ms)
✔ inconsistent candidate has no replay evidence: empty source (0.114875ms)
✔ inconsistent candidate has no replay evidence: duplicate source (0.59725ms)
✔ inconsistent candidate has no replay evidence: unknown source (0.268375ms)
✔ inconsistent candidate has no replay evidence: mixed levels (0.13825ms)
✔ inconsistent candidate has no replay evidence: future child (0.130916ms)
✔ inconsistent candidate has no replay evidence: wrong child level (0.236375ms)
✔ inconsistent candidate has no replay evidence: duplicate record (0.070125ms)
✔ inconsistent candidate has no replay evidence: empty record range (0.0595ms)
✔ inconsistent candidate has no replay evidence: gap (0.066125ms)
✔ inconsistent candidate has no replay evidence: wrong parent range (0.03525ms)
✔ inconsistent candidate has no replay evidence: reversed sources (0.044667ms)
✔ inconsistent candidate has no replay evidence: unsafe base number (0.042708ms)
✔ 80 percent transparency is 20 percent alpha, for both candle directions (1.924334ms)
✔ transparency stays finite, integer, and bounded (0.11825ms)
✔ body is symmetric around the unchanged wick across widths and fractional positions (1.43ms)
✔ horizontal candles preserve every price coordinate (0.09075ms)
✔ missing or non-finite candle layouts are left untouched (2.517333ms)
✔ native ECharts layout remains centred after resize, zoom and data replacement (501.389834ms)
✔ zooming out of large-data line mode restores centred candle bodies (38.85775ms)
✔ structure widths retain existing defaults and hover appearance (1.000167ms)
✔ manual values stay finite, bounded, and at two decimal places (0.705375ms)
✔ raw index overrides rounded dates, including zero (0.4815ms)
✔ legacy intraday dates never fall back to the first bar of the day (0.1085ms)
✔ duplicate formatted times fail safely without a raw index (0.072666ms)
✔ padding keeps the 23px marker plus radius inside the price pane (0.125292ms)
✔ flat, zero and negative ranges get finite padding; invalid extents do not (0.078583ms)
✔ single-bar time link is a thin line limited to each actual plot (2.221166ms)
✔ multi-bar time link has no border and clips to plot, never clamps offscreen data to an edge (0.135459ms)
✔ time links map daily coverage to all minute bars, not a matching ordinal (0.179333ms)
✔ weekly and monthly end-labelled bars cover earlier constituent dates without changing data (1.271292ms)
✔ nearest marker wins regardless of signal family, only co-located points share chooser (0.910209ms)
✔ immutable request cache deduplicates pending work, isolates payload keys and retries errors (0.782208ms)
✔ all six structural types keep extrema and confirmation separate with original evidence (0.584375ms)
✔ legacy records do not invent confirmation or structural sources (0.266834ms)
✔ M1 keeps independent MACD source and original direction, never a structural type (0.699292ms)
✔ all chart layers override independent animation and progressive rendering (2.774291ms)
✔ archive tooltip labels and evidence remain text, not active HTML (0.742333ms)
✔ rejects invalid saved zooms (1.816333ms)
✔ same-snapshot redraw keeps current manually chosen view (0.234375ms)
✔ focus redraw keeps manual zoom; clearing restores pre-focus view (0.165667ms)
✔ switching focus preserves the original return view (0.148416ms)
✔ new snapshot resets saved focus view and never revives old zoom (0.149834ms)
✔ default inactive; moving does not show cards and leaving does not deactivate (1.0345ms)
✔ object previews can read date-card activation without activating it (0.167041ms)
✔ click selects a point; outside click closes; inside click is not dismissed (0.116083ms)
✔ activated cards follow movement until outside dismissal, then require another click (0.127917ms)
✔ zoom clears stale coordinates but preserves activation (0.080166ms)
✔ data reset and Escape deactivate; teardown removes all handlers (0.103542ms)
✔ archive requests bind current owner and bypass browser cache (35.821542ms)
✔ cloud directory validates all rows, quotas and identities without dropping broken entries (6.052875ms)
✔ original detail requires an object payload but action receipts may omit it (0.322959ms)
✔ account change discards delayed success and delayed errors (0.219916ms)
✔ unauthenticated archive requests do not reach server; structured conflicts remain actionable (0.170833ms)
✔ upload retries retain immutable captured body and all numerical precision (0.162542ms)
✔ directed centre chain is candidate evidence, not completion (0.877084ms)
✔ touching, opposing, future, overlapping or malformed chains fail closed (0.225583ms)
✔ single-centre and legacy components remain readable (0.073541ms)
✔ inside, border, reversed y and overlapping rectangles resolve newest first (5.364417ms)
✔ invalid or missing render coordinates cannot create hits (0.163708ms)
✔ popup stays within narrow viewport and near-edge right click (1.196125ms)
✔ roles are Chinese and unknown roles never claim completion (0.582ms)
✔ source ranges keep one-based indices without disguising gaps (0.127417ms)
✔ coverage checks counts, repeats and missing IDs (0.231917ms)
✔ missing, empty and rejected suffix are explicit (0.076708ms)
✔ invalid counts and empty blocks cannot pass the coverage audit (0.078167ms)
✔ uses raw indices, allows shared endpoints and bounds zoom padding (1.046125ms)
✔ does not invent a B interval or infer indices from formatted dates (0.136958ms)
✔ rejects partial, reversed, overlapping and out-of-snapshot evidence (0.133166ms)
✔ allows inspection of historical failed evidence without reviving it (0.114666ms)
✔ local proof draws frozen exact endpoints only after its actual confirmation (0.17775ms)
✔ dual-line divergence uses two exact raw indices, never artificial ABC ranges (0.083833ms)
✔ dual-line focus rejects missing, duplicate, reversed and out-of-range points (0.080625ms)
✔ special wave focus uses AB and its extreme without inventing C (0.086917ms)
✔ direction, family and lifecycle have independent marker styles (0.6245ms)
✔ no-C dual-line remains a circle and fills only on first reverse-pen confirmation (1.661875ms)
✔ M1 is restricted to confirmed waves with a later actual confirmation (0.198458ms)
✔ four families retain independent records and nonstandard uses a triangle (0.716792ms)
✔ October 4 marker matrix uses shape for family and colour only for direction (0.391709ms)
✔ special AB evidence separates A line extrema from both price anchors and legacy pivots (0.348625ms)
✔ history is opt-in, inactive stays grey hollow, never creates M1 (0.297416ms)
✔ every historical shape uses a continuous hollow contour, including on hover (0.293792ms)
✔ new nonstandard evidence relaxes prices only and records each subtype (0.287875ms)
✔ new dual rule cannot fill without recorded later local confirmation (0.236375ms)
✔ historical engineering match retains original timing without claiming regrouping completion (1.380542ms)
✔ future, stale, mismatched or incomplete evidence fails closed (0.308791ms)
✔ older snapshots and unmatched parts keep existing natural audit available (0.063416ms)
✔ engineering provenance uses the same one-based numbering as other inspectors (0.60425ms)
✔ mixed recursion distinguishes consolidation and trend from the old trend view (0.180959ms)
✔ unknown or reversed provenance is not presented as a completed trend (0.074375ms)
✔ indicator and price values use two decimals without inventing missing evidence (0.074875ms)
✔ recursive centre relations never call extension candidates completed types (0.090625ms)
✔ admissions distinguish unit confirmation from later failed-return admission (0.060291ms)
✔ display fields retain all text including dates, provenance, and secondary colons (3.166584ms)
✔ narrative, missing evidence, and timestamp headings remain whole (0.253375ms)
✔ selects the exact source without replacing missing comparison periods with the primary (5.76075ms)
✔ prefix audit preserves original warmup snapshot and its own instrument and period (2.572875ms)
✔ rejects invalid positions, missing identity and explicitly unclosed prefix data (0.279375ms)
✔ optimization carries full execution and identity without live defaults (4.014958ms)
✔ malformed, mixed, missing or conflicting optimization context never silently defaults (0.589584ms)
✔ multi original replay preserves costs, slots and adjustment; extend changes only end dates (0.349458ms)
✔ multi rejects corrupt and incompatible slots without dropping or repairing any (0.313959ms)
✔ legacy missing settings are disclosed with deterministic defaults, explicit invalid values rejected (0.140708ms)
✔ combining equal-account singles preserves per-slot cash and costs; conflicts rejected not rewritten (1.542458ms)
✔ all candidate states distinguish eligibility from completed natural types (0.553416ms)
✔ opposite geometry identifies reused next-part evidence, including nonzero source IDs (0.546666ms)
✔ external opposite geometry is not added to candidate membership (0.10125ms)
✔ missing, stale, misattributed or future opposite geometry is not displayed as matched (0.145ms)
✔ preferred endpoints are never called completed types; conflicts are retained (0.078042ms)
✔ opposite base turn is not same-level completion (0.0955ms)
✔ price formatting preserves zero and boundary contact, guards non-finite values (0.110916ms)
✔ candidate audit joins by identity, not response order (0.081458ms)
✔ part audit must match ordinal AND exact raw source IDs, including shifted IDs (0.14575ms)
✔ locates the three raw ranges without relabelling them as MACD or confirmed centres (1.369667ms)
✔ candidate must already be observable at the CURRENT replay prefix (2.858667ms)
✔ no incomplete, waiting or unsupported candidate is given a fabricated range (0.137708ms)
✔ raw bar boundaries must be contiguous and inside the visible window (0.146958ms)
✔ source partitions must cover every original segment once, preserving nonzero IDs (0.237ms)
✔ conflicting geometric fallback remains viewable for manual audit (0.294875ms)
✔ clearing a regrouping focus restores original zoom; a new replay snapshot does not (41.80175ms)
✔ membership labels distinguish source confirmation from later admission (0.515042ms)
✔ admission witness distinguishes confirmation dependency from geometric membership (0.089042ms)
✔ old or malformed evidence never invents an admission witness (0.070958ms)
✔ real frozen result archives preserve every input, missing tag, precision and failed factor (10.919834ms)
✔ factor cloud envelope imports as independent copy without original identity (1.705958ms)
✔ partial or incompatible archives fail explicitly, not repaired from the current catalog (554.564417ms)
✔ read-only renderer has no execution or market API imports; explicit replay is separate (0.856125ms)
✔ same-account profile refresh preserves replay state; identity changes invalidate synchronously (1.088875ms)
✔ library navigation and Chinese/identifier/family search preserve full matching set (12.38925ms)
✔ availability is evaluated by adjustment and period without mutating selections (0.941292ms)
✔ correlation uses its mathematical range; raw factors keep their own scale (4.604792ms)
✔ tiny values remain visible and tooltip raw precision is not rounded (0.191208ms)
✔ percentage is presentation only, gaps and source values are preserved (0.4975ms)
✔ horizon selection is bounded, canonical and never silently amended (0.893ms)
✔ horizon view uses frozen results without changing configuration or primary report (62.741917ms)
✔ all horizons survive draft/export/import and old single archives still read (106.569166ms)
✔ missing windows, wrong labels and disagreement with primary reports fail closed (288.663208ms)
✔ request selection invalidates immediately; display-only switching does not (16.08375ms)
✔ multiple horizons dispatch one explicitly manual request with complete selection (67.27625ms)
✔ parameter selection copies only active settings without mutating cached settings (3.87025ms)
✔ builtin decimal multiplier, ordering, effective identity and actual labels (0.655291ms)
✔ reset only one parameter, retain other overrides without mutating input (0.105542ms)
✔ history warning uses full effective warmup, not all parameters as rolling windows (0.1795ms)
✔ names and validation use actual windows; equivalent formula choices rejected (0.179125ms)
✔ statistics version is frozen provenance, never inferred as the current version (0.464584ms)
✔ factor glossary accepts standard abbreviations with spaces or underscores (0.148125ms)
✔ factor missing values never become valid zero (0.091083ms)
✔ factor ranking is stable, non-mutating and missing-last in both directions (15.491791ms)
✔ small factor values do not round to fake zeros; raw precision keeps original number (0.10025ms)
✔ compatibility aliases are only shown for exact legacy lookup or active selection (0.101417ms)
✔ favorite IDs are bounded, deduplicated and malformed saved preferences never get overwritten (12.161459ms)
✔ favorites use acknowledgment and only patch their own key; same-session writes serialize (0.819042ms)
✔ failed favorite updates do not pretend success and can retry (0.250041ms)
✔ other preference acknowledgment exposing pending patch cannot fake a saved favorite (0.2035ms)
✔ owner switch clears state immediately and old failure cannot affect new save (0.30825ms)
✔ series compare shares all x axes but preserves independent raw values, scales, gaps and tooltip precision (1.366042ms)
✔ future appending leaves prior plotted values unchanged, missing is never replaced by zero (0.522417ms)
✔ multi-factor comparison is reused in live and read-only views, favorites do not change research settings (5.45525ms)
✔ factor submission marks only explicit dispatch, preserves owner/signal, polling/cancel stay automatic (26.280459ms)
✔ cancel acknowledged during pending poll cannot regress UI or publish partial result (19.589542ms)
✔ late cancellation cannot revive cleared or changed-account task UI (1.504ms)
✔ unconfirmed cancellation keeps polling; successful task remains recoverable (2.167375ms)
✔ factor panel uses shared execution and distinguishes cancel from detach (0.360375ms)
✔ time modes construct explicit configs without random dates or implied training (2.207209ms)
✔ invalid dates, hidden shrinkage and numeric coercion are rejected (0.373ms)
✔ full frozen time results survive import, draft and readonly validation unchanged (183.112708ms)
✔ missing, mismatched and nonfinite temporal archive results fail explicitly (18.739792ms)
✔ changes invalidate synchronously; same-account profile refresh does not change split (1.569875ms)
✔ menus stay inside phone, keyboard and landscape viewports (3.327916ms)
✔ near-bottom controls open upwards without changing ordinary desktop width (0.299375ms)
✔ warmup null, missing and invalid indicator values never become invented zeroes (2.316291ms)
✔ freeze all supported indicator outputs, warmup holes, volume averages and exact numerical precision (196.672291ms)
✔ frozen playback keeps captured values despite different current prices and never queries APIs (20.889167ms)
✔ malformed or mismatched frozen values fail closed, never fall back to recomputation (2.656416ms)
✔ marker hit uses signed stacking offset for both directions, not candle position (0.969625ms)
✔ symbol size and invalid render positions are handled safely (0.260875ms)
✔ market tab changes discard old success and cannot stop the new spinner (289.285166ms)
✔ market late failure after filter cannot resurrect an error (55.292166ms)
✔ market late failure after owner cannot resurrect an error (18.988083ms)
✔ market late failure after unmount cannot resurrect an error (78.743166ms)
✔ directory count failure preserves valid rows; late totals cannot cross markets (16.75925ms)
✔ board selection clears old details and ignores slower preceding member responses (41.608166ms)
✔ board list filter changes invalidate pending member requests and prevent old auto-selection (22.871ms)
✔ default board preload remains system-origin after manual list refresh (39.136041ms)
✔ belonging response after stock cannot change results or stock history (24.421416ms)
✔ belonging response after owner cannot change results or stock history (18.566292ms)
✔ belonging response after unmount cannot change results or stock history (19.148625ms)
✔ current belonging success records captured stock; concurrent member failure has separate feedback (17.085292ms)
✔ market selection uses loaded market, clears on filters, and distinguishes shared stock/index codes (42.708292ms)
✔ board analysis uses result classification; members require their own market (71.903708ms)
✔ aborted late response cannot publish metadata even if transport ignores abort (16.644875ms)
✔ missing provenance or silently changed adjustment never reaches research (0.142ms)
✔ reported gaps do not falsely label suspension or prevent inspecting valid candles (0.149958ms)
✔ history fetch consumes one verified range and publishes complete metadata only after validation (2.081708ms)
✔ unclosed response never updates provenance or reaches the backtest (0.864791ms)
✔ null, true zero, infinities and real 999 are distinct after JSON roundtrip (0.449584ms)
✔ single, saved and comparison results retain authoritative metric basis (1.314292ms)
✔ whole proof validated without mutation, and cross-role ownership remains visible (1.031834ms)
✔ stale, future, duplicated, incomplete, falsely completed and mismatched sources rejected (0.339167ms)
✔ base runs cannot masquerade as proofs or own multiple provisional regions (0.076458ms)
✔ blocked covers show full conflicts, never fabricated flattened blocks (0.096667ms)
✔ labels retain provisional scope (0.066042ms)
✔ all seven MA presets are available but only MA5 and MA10 start visible (0.826792ms)
✔ each chart session gets independent editable settings without changing presets (0.075917ms)
✔ MA presets retain the requested yellow, white, purple, green, cyan, orange, red palette (0.109083ms)
✔ legend retains every MA choice and explicit hidden states override stale chart selection (0.208584ms)
✔ cross-boundary details resolve actual input and nested ownership records (1.462375ms)
✔ unowned reverse evidence stays explicitly unowned for boundary rejection (0.136416ms)
✔ foreign witness can be shown for an otherwise single-owner candidate (0.11175ms)
✔ legacy candidates do not invent missing conflict details (0.12525ms)
✔ damaged detail is not presented: mismatched candidate sources (0.103458ms)
✔ damaged detail is not presented: wrong layer (0.639333ms)
✔ damaged detail is not presented: unknown reverse input (0.067125ms)
✔ damaged detail is not presented: wrong reverse range (0.058166ms)
✔ damaged detail is not presented: reverse overlaps prices (0.06025ms)
✔ damaged detail is not presented: future reverse confirmation (0.105375ms)
✔ damaged detail is not presented: wrong reverse time (0.06375ms)
✔ damaged detail is not presented: incomplete domain list (0.061959ms)
✔ damaged detail is not presented: duplicate domains (0.044875ms)
✔ damaged detail is not presented: noncontinuous domain (0.039458ms)
✔ damaged detail is not presented: foreign domain misses witness (0.041625ms)
✔ damaged detail is not presented: false unowned witness (0.044042ms)
✔ damaged detail is not presented: missing nested record (0.048333ms)
✔ damaged detail is not presented: wrong reason (0.055375ms)
✔ only current owner revisions form the displayed ownership set (0.763875ms)
✔ internal provenance remains distinct and validates enclosing ownership (0.305375ms)
✔ parent-covered history is not labeled as an additional effective input (0.071291ms)
✔ nested provenance validates containment and strictly increasing input levels (0.168666ms)
✔ current owner labels are distinct from creation IDs and tolerate old snapshots (0.09125ms)
✔ summary mode lists every historical address, not just current versions (0.713541ms)
✔ full and missing legacy snapshots stay readable without inventing history (0.080875ms)
✔ all four analysis paths explicitly request summary delivery without changing input (0.355125ms)
✔ complete lifecycle stays chronological, does not mutate input, and uses Chinese labels (2.3385ms)
✔ legacy or future history is not invented (1.100417ms)
✔ dangling, reordered, duplicated, miscounted and conflicting histories fail closed (2.708625ms)
✔ equal counts cannot hide swapped source identities (0.27125ms)
✔ intermediate event boundaries must equal actual inherited and added sources (0.21975ms)
✔ input evidence must exist at the correct level and be available at admission (0.68875ms)
✔ invalid domain sources, membership and parent context fail closed (0.697459ms)
✔ leftward growth, shifted sources and newly filled merge gaps remain valid (0.186084ms)
✔ both periods exclude future and open candles while retaining original warm-up start (0.621459ms)
✔ snapshot observation time caps cutoff; bar start before cutoff is not enough (0.081458ms)
✔ no timeframe fallback or fabricated candles when historical minute range is unavailable (0.060584ms)
✔ index and board snapshots retain NONE adjustment, mismatch is rejected (0.228ms)
✔ missing completion evidence, timezone timestamps and unordered bars fail explicitly (0.140334ms)
✔ week/month completion boundary comes from provider annotation, not day label (0.097375ms)
✔ matrix defaults to exactly the five requested periods in image order and six information columns (7.099708ms)
✔ does not turn current reversal observation into a confirmed opposite pen (0.2165ms)
✔ keeps true zero distinct from missing, and numerical display never overwrites original axis judgment (0.134333ms)
✔ keeps divergence family, extrema and actual confirmation separate; never drops records (10.720291ms)
✔ missing pen and divergence are bounded claims; quality limitations stay visible (0.16875ms)
✔ portfolio: all original values survive import and cloud envelope; no Chanlun recompute (3.346583ms)
✔ portfolio: actual component fetches only explicitly, binds owner/request/result and freezes capture (60.751625ms)
✔ portfolio: late receipt discarded after owner (5.085083ms)
✔ portfolio: late receipt discarded after request (1.182917ms)
✔ portfolio: late receipt discarded after task (0.786416ms)
✔ portfolio: late receipt discarded after result (13.183584ms)
✔ portfolio: late receipt discarded after busy (4.363958ms)
✔ portfolio: late receipt discarded after unmount (5.894375ms)
✔ portfolio: invalid missing rejected (0.44225ms)
✔ portfolio: invalid allocation rejected (0.486625ms)
✔ portfolio: invalid metadata rejected (0.236041ms)
✔ portfolio: invalid date rejected (0.221667ms)
✔ portfolio: invalid precision rejected (0.434375ms)
✔ portfolio: invalid curve rejected (0.401708ms)
✔ portfolio: invalid request rejected (0.174375ms)
✔ portfolio: invalid trade rejected (0.261541ms)
✔ portfolio: unavailable or different task never falls back to fetching data (25.716667ms)
✔ multi_strategy: all original values survive import and cloud envelope; no Chanlun recompute (1.040666ms)
✔ multi_strategy: actual component fetches only explicitly, binds owner/request/result and freezes capture (1.906958ms)
✔ multi_strategy: late receipt discarded after owner (0.794625ms)
✔ multi_strategy: late receipt discarded after request (0.764ms)
✔ multi_strategy: late receipt discarded after task (0.698458ms)
✔ multi_strategy: late receipt discarded after result (0.6965ms)
✔ multi_strategy: late receipt discarded after busy (0.660542ms)
✔ multi_strategy: late receipt discarded after unmount (0.670959ms)
✔ multi_strategy: invalid missing rejected (0.097ms)
✔ multi_strategy: invalid allocation rejected (0.16725ms)
✔ multi_strategy: invalid metadata rejected (0.084333ms)
✔ multi_strategy: invalid date rejected (0.860291ms)
✔ multi_strategy: invalid precision rejected (0.581917ms)
✔ multi_strategy: invalid curve rejected (7.967125ms)
✔ multi_strategy: invalid request rejected (0.109667ms)
✔ multi_strategy: invalid trade rejected (0.132875ms)
✔ multi_strategy: unavailable or different task never falls back to fetching data (51.397875ms)
✔ normalized server defaults may extend but not alter submitted parameters (0.083084ms)
✔ library original/extended multi replay uses saved costs despite global preference changes (333.907167ms)
✔ portfolio load -> actual store task lifecycle -> save uses identical context and all costs (110.414542ms)
✔ portfolio catalog-stage input is isolated before saved fetch (39.600708ms)
✔ portfolio catalog-stage params is isolated before saved fetch (70.864666ms)
✔ portfolio catalog-stage owner is isolated before saved fetch (39.285167ms)
✔ portfolio catalog-stage failure is isolated before saved fetch (21.7435ms)
✔ portfolio catalog-stage empty is isolated before saved fetch (28.570333ms)
✔ pending portfolio cannot survive input (19.673ms)
✔ pending portfolio cannot survive owner (25.8285ms)
✔ pending portfolio cannot survive unmount (39.839167ms)
✔ store account epoch clears completed results in all four task families (16.281875ms)
✔ runPortfolio old account error is ignored even after switching back (15.93925ms)
✔ runMultiStrategy old account error is ignored even after switching back (17.532083ms)
✔ runOptimize old account error is ignored even after switching back (15.197541ms)
✔ runOptimizeAll old account error is ignored even after switching back (14.907167ms)
✔ optimizer takes an input snapshot before awaiting bars and hands off the result strategy/adjustment (22.96275ms)
✔ portfolio late save cannot close or annotate newly changed configuration (15.371583ms)
✔ library name lookup cannot mix later input or account into a save (64.970541ms)
✔ library saves a multi result with submitted adjustment, not the later global preference (20.385708ms)
✔ late library list cannot replace a newly created record and owner change clears all personal rows (17.806958ms)
✔ portfolio identity rejects mixed markets, repeats and invalid lengths (0.247041ms)
✔ late preference response cannot revert a newer adjustment; queued patch is captured (263.111458ms)
✔ account switch drops old queue, permits new account immediately and ignores late response (51.953417ms)
✔ same-account logout/login does not accept response from prior session epoch (7.672708ms)
✔ failed saves reject caller, do not wedge queue or restore stale role permissions (25.563666ms)
✔ mismatched response owner and logged-out saves are rejected (11.799792ms)
✔ market preference watcher survives the first route unmount and follows owner changes (12.355709ms)
✔ late name hydration cannot write across accounts; new owner hydrates independently (69.503125ms)
✔ sidebar hydration never writes, old-owner timers cancel, failures are handled (70.0995ms)
✔ forming candles preserve OHLC and use dashed empty outlines (0.962375ms)
✔ forming volume and signed MACD columns preserve values and direction (0.245917ms)
✔ query defaults to system, manual intent is synchronous and explicit (0.519542ms)
✔ direct bar snapshot fetch preserves explicit intent, including failed requests (73.395833ms)
✔ pending manual requests do not mark concurrent automatic work or async continuations (2.983ms)
✔ API dispatch tags manual queries but excludes automatic name lookup and task polling (5.992084ms)
✔ save keeps original full input separate from replay prefix, fully detached from live state (5.280542ms)
✔ same-bar opposite signals remain distinct; source survives JSON import without task or network (2.672334ms)
✔ recompute uses only saved chart prefix, keeps original scan signals and version unchanged (3.576708ms)
✔ reject wrong target before saving; never silently drop invalid lineage (1.604458ms)
✔ reject board target before saving; never silently drop invalid lineage (0.836791ms)
✔ reject wrong market before saving; never silently drop invalid lineage (1.275833ms)
✔ reject reference before saving; never silently drop invalid lineage (0.244584ms)
✔ reject invalid date type before saving; never silently drop invalid lineage (0.152667ms)
✔ reject noncanonical cutoff before saving; never silently drop invalid lineage (0.872709ms)
✔ reject row summary before saving; never silently drop invalid lineage (0.910917ms)
✔ reject row last date before saving; never silently drop invalid lineage (0.633ms)
✔ reject outside signal window before saving; never silently drop invalid lineage (0.617042ms)
✔ reject row source before saving; never silently drop invalid lineage (0.553291ms)
✔ reject row requested adjust before saving; never silently drop invalid lineage (0.96725ms)
✔ reject row quality before saving; never silently drop invalid lineage (0.743083ms)
✔ reject open candle before saving; never silently drop invalid lineage (0.657833ms)
✔ reject unsupported storage before saving; never silently drop invalid lineage (0.428375ms)
✔ legacy snapshot without original input still opens without invented source (0.404917ms)
✔ original task references round-trip and legacy references remain distinguishable (1.103583ms)
✔ cache receipt must be a real ID string, never coerced or inherited from another owner (0.319083ms)
✔ all frozen bars and precision survive; changed code is disclosed, not represented as old execution (1.413959ms)
✔ invalid original receipt task stops instead of substituting live data (1.543583ms)
✔ invalid original receipt row stops instead of substituting live data (0.135959ms)
✔ invalid original receipt market stops instead of substituting live data (0.083417ms)
✔ invalid original receipt symbol stops instead of substituting live data (0.07525ms)
✔ invalid original receipt params stops instead of substituting live data (0.066167ms)
✔ invalid original receipt strategy stops instead of substituting live data (0.080625ms)
✔ invalid original receipt fingerprint stops instead of substituting live data (0.1165ms)
✔ invalid original receipt adjust stops instead of substituting live data (0.096958ms)
✔ invalid original receipt signal stops instead of substituting live data (0.091083ms)
✔ invalid original receipt malformed signals stops instead of substituting live data (0.0595ms)
✔ invalid original receipt row error stops instead of substituting live data (0.058459ms)
✔ invalid original receipt storage stops instead of substituting live data (0.0605ms)
✔ invalid original receipt version stops instead of substituting live data (0.057125ms)
✔ invalid original receipt missing bars stops instead of substituting live data (0.061916ms)
✔ invalid original receipt null bar stops instead of substituting live data (0.062708ms)
✔ invalid original receipt order stops instead of substituting live data (0.0665ms)
✔ invalid original receipt open bar stops instead of substituting live data (0.074375ms)
✔ invalid original receipt future stops instead of substituting live data (0.085583ms)
✔ invalid original receipt negative duration stops instead of substituting live data (0.070291ms)
✔ invalid original receipt missing cutoff stops instead of substituting live data (0.054041ms)
✔ invalid original receipt number string stops instead of substituting live data (0.057ms)
✔ invalid original receipt NaN stops instead of substituting live data (0.049167ms)
✔ invalid original receipt bad low stops instead of substituting live data (0.049959ms)
✔ invalid original receipt negative volume stops instead of substituting live data (0.168916ms)
✔ API sends owner and abort signal with no-store; unavailable receipt never calls a live feed (56.553083ms)
✔ radar submits captured owner with manual intent, polls as system, and preserves old cache adjustment (95.064416ms)
✔ late submit after adjust cannot become a scan result or cache (9.735292ms)
✔ late submit after window cannot become a scan result or cache (0.885334ms)
✔ late submit after owner cannot become a scan result or cache (1.248ms)
✔ late submit after roundtrip cannot become a scan result or cache (2.562666ms)
✔ late submit after unmount cannot become a scan result or cache (1.634291ms)
✔ late poll after adjust cannot become a scan result or cache (2.152791ms)
✔ late poll after window cannot become a scan result or cache (2.853541ms)
✔ late poll after owner cannot become a scan result or cache (2.821667ms)
✔ late poll after roundtrip cannot become a scan result or cache (1.93825ms)
✔ late poll after unmount cannot become a scan result or cache (0.95475ms)
✔ a failed new scan cannot re-display or replace old success; explicit retry is independent (2.353583ms)
✔ invalid result rows is never cached (2.060125ms)
✔ invalid result counts is never cached (1.456584ms)
✔ invalid result id is never cached (2.647375ms)
✔ storage denial preserves valid live results with an explicit notice (25.4245ms)
✔ actual picker loads the original complete warmup and stores actual dates, not form defaults (19.880125ms)
✔ failed original input does not fall back to newly fetched prices (17.771916ms)
✔ pending original input cannot commit after owner (34.986333ms)
✔ pending original input cannot commit after code (1.285625ms)
✔ pending original input cannot commit after unmount (2.043958ms)
✔ radar review captures row adjustment, exact minute, strategy and original cutoff (0.897833ms)
✔ invalid or legacy reviews fail explicitly without guessing data or adjustment (1.140792ms)
✔ exchange-local dates validate without browser timezone conversion (0.316917ms)
✔ review excludes future and unclosed bars, resets derived fingerprint and reports actual range without mutating source (1.191583ms)
✔ radar cache is owner scoped and malformed/legacy records never enter the UI (0.570875ms)
✔ late messages, close and errors from an old socket cannot affect replacement (1.725833ms)
✔ invalid messages and control responses never become ticks; close reason retained (0.216291ms)
✔ matching versions are selected by case identity without mutation (0.868417ms)
✔ future snapshots, wrong rules, incomplete chains and duplicate cases are rejected (0.20725ms)
✔ labels never confuse endpoint consistency or higher-centre proof with completion (0.128916ms)
✔ v2 keeps the detached prefix and v1 remains readable (0.291375ms)
✔ v3 supports trend search while retaining the same ownership guards (0.109125ms)
✔ missing, duplicated, misattributed or silently completed prefix is rejected (1.403083ms)
✔ reincorporation is recorded explicitly instead of erasing detached history (1.291666ms)
✔ accepts bounded history and empty verified batches (1.196084ms)
✔ rejects wrong batch, future indices, broken sources and contradictory state (0.564166ms)
✔ research labels distinguish absence, release, retained and internal (0.099041ms)
✔ late old responses cannot own a newer research request (1.187375ms)
✔ submission fields are captured values, not mutable form references (0.437792ms)
✔ navigation preserves explicit stock/index/fund/board identity and parameters without auto run (1.508542ms)
✔ ambiguous identity is rejected rather than guessed or numeric code padded (0.131708ms)
✔ query parser rejects incomplete, duplicate, incompatible and mixed-context values (1.479458ms)
✔ snapshot import keeps original data and normalizes optional display metadata (3.92675ms)
✔ reject invalid schema, periods, oversized arrays and impossible candle prices (0.883375ms)
✔ cloud archives retain larger frozen windows and all supported distinct periods (15.835792ms)
✔ import keeps valid frozen outputs and rejects mismatched frozen data instead of recomputing (0.41125ms)
✔ window is exchange local and bounded by the snapshot cutoff (0.679208ms)
✔ missing numbers and candidate status are never promoted (0.07975ms)
✔ amber projection resolves daily and minute labels, ignores open candle (0.269292ms)
✔ three workspaces are keyboard traversable without dropping an existing mode (0.731667ms)
✔ mobile comparison shows exactly the selected snapshot; desktop shows both (0.096875ms)
✔ inactive research never starts automatic work, valid active research does (0.080875ms)
✔ saved single strategy restores market, period, adjustment and all execution costs exactly (3.796125ms)
✔ missing legacy fields disclose supplied defaults instead of claiming complete restoration (0.649459ms)
✔ explicit contradictory market and unsupported instruments are not silently rewritten (1.653917ms)
✔ invalid present fields are errors, not fallback defaults (0.497333ms)
✔ saved links identify records only and cannot inject alternate execution context (0.200875ms)
✔ market entry preserves local dates and strategy, runs only on explicit request (7.658417ms)
✔ boards entry preserves local dates and strategy, runs only on explicit request (1.65025ms)
✔ mixed market context blocks all loading and computation: savedStrategyId (1.092041ms)
✔ mixed market context blocks all loading and computation: optimizationContext (0.939291ms)
✔ mixed market context blocks all loading and computation: autoRun (0.93625ms)
✔ mixed market context blocks all loading and computation: unexpected (0.853625ms)
✔ slow catalog cannot overwrite input with a market entry (3.780042ms)
✔ slow catalog cannot overwrite owner with a market entry (3.24575ms)
✔ catalog-stage input cannot restore saved inputs or dispatch a task (3.685041ms)
✔ catalog-stage params cannot restore saved inputs or dispatch a task (1.614ms)
✔ catalog-stage owner cannot restore saved inputs or dispatch a task (1.428541ms)
✔ catalog-stage failure cannot restore saved inputs or dispatch a task (1.405416ms)
✔ optimization context restores every execution field and malformed context blocks dispatch (2.015333ms)
✔ actual backtest view loads exact saved context without running, then saves the configuration used (1.2675ms)
✔ saving original radar warmup uses loaded input dates, not hidden form defaults (1.759833ms)
✔ late saved record cannot overwrite owner (2.242208ms)
✔ late saved record cannot overwrite route (2.650792ms)
✔ late saved record cannot overwrite input (2.446625ms)
✔ late saved record cannot overwrite unmount (3.815958ms)
✔ invalid saved context blocks run, while legacy missing fields disclose fallback (17.456209ms)
✔ every execution input invalidates the old result before it can be saved (19.631167ms)
✔ editing a cost while bars are pending never runs the new form on the old request (1.321333ms)
✔ save completion after owner cannot write into a different page or account (1.726166ms)
✔ save completion after route cannot write into a different page or account (1.752125ms)
✔ save completion after unmount cannot write into a different page or account (1.272791ms)
✔ audit description translates permissions and never renders arbitrary detail fields (4.444875ms)
✔ audit time is explicitly Shanghai time and invalid data remains readable (49.14925ms)
✔ audit API preserves bounded pagination/filter state and authenticated credentials (55.123375ms)
✔ distinguishes no candidate, failed current audit, and actual invalidation without promoting legacy state (1.242958ms)
✔ filters independent families and directions without merging special and local dual-line evidence (2.072ms)
✔ searches lifecycle dates and failure reasons with all terms required, retaining original source objects (0.13075ms)
✔ searches diagnostic rejection history without silently reviving historical candidates (0.387167ms)
✔ all excludes bc false, preserves input order and records, and does not infer missing direction (0.130041ms)
✔ legacy diagnostic family is standard, and empty diagnostics do not invent rejection records (0.094208ms)
✔ structural points retain their own confirmation and evidence, never deriving them from a MACD source (0.27625ms)
✔ M1 uses exact existing gates and remains a separate view of its original standard event (0.201833ms)
✔ combined date query finds independent point, prompt and event records without deduplication or additive counts (0.573292ms)
✔ chart date matches structured lifecycle timestamps, not coincidental prose dates (0.662875ms)
✔ minute evidence uses exact exchange-local minute, accepting T/space and refusing missing time (0.225708ms)
✔ chart date includes diagnostic ABC and rejection coverage without inventing open or reversed intervals (0.480542ms)
✔ date scope combines with all filters for structural points and original M1 sources (0.18625ms)
✔ new standard evidence explains price, old blocker and independent special lifecycle (1.926292ms)
✔ new gates include counts, boundary and dates without undefined placeholder (0.226375ms)
✔ legacy comparisons retain old detected confirmed and invalidated dates (0.149291ms)
✔ initial schema and refreshed catalog preserve supplied parameters; strategy change alone resets (2.88325ms)
✔ late catalog defaults are suspended until route validation and then fill only missing fields (0.652417ms)
✔ structure dates remove midnight noise without changing intraday precision (0.451583ms)
✔ centre evidence distinguishes fixed core, outer range and candidate expansion (0.57775ms)
✔ segment evidence includes source prices and reverse proof with one-based labels (0.161416ms)
✔ missing legacy evidence does not invent confirmation (0.098542ms)
✔ special inclusion explains boundary exception without labelling it an ordinary fractal (0.064333ms)
✔ centre relation history distinguishes current candidate from original separation (0.092875ms)
✔ confirmation replay translates raw indices without date matching (0.066042ms)
✔ unknown, invalid or out-of-snapshot confirmations have no replay target (0.074125ms)
✔ connection badge validates shared time, price and alternating direction (0.13075ms)
✔ reverse preview uses observed extreme, not last close or a future target (6.048583ms)
✔ mirrored lows produce an upward reference (0.13375ms)
✔ no invented reference for missing, ambiguous, extending, or invalid inputs (0.125042ms)
✔ replay prefix cannot use a later extreme; ties retain first occurrence (0.09325ms)
✔ ongoing consolidation differs by color, line pattern, and fill (0.105458ms)
✔ actual component captures every selected period and failure; automatic work stays system-origin (17.298084ms)
✔ all collection failures are exportable reports, never empty success or recomputable invented bars (1.739125ms)
✔ missing response rows are retained as explicit errors; unexpected rows or cutoff cannot enter a saved result (7.133167ms)
✔ late study response cannot be saved after account (1.037667ms)
✔ late study response cannot be saved after input (0.942333ms)
✔ late study response cannot be saved after unmount (0.801ms)
✔ invalid collection coverage cannot silently omit a period during import (1.959041ms)
✔ actual study freezes independent radar lineage, preserves it through import and recompute, and refuses foreign source (3.311709ms)
✔ task stores detached actual inputs, user submission and system polling (1.695083ms)
✔ invalidated submit resolve cannot revive result/error/spinner (1.785042ms)
✔ invalidated submit reject cannot revive result/error/spinner (0.357209ms)
✔ invalidated poll resolve cannot revive result/error/spinner (0.740208ms)
✔ invalidated poll reject cannot revive result/error/spinner (1.335375ms)
✔ earlier request completion cannot stop a newer task or replace its context (2.333625ms)
✔ owner change stops polling and cannot attribute prior account result to the new account (4.026834ms)
✔ failed remains failure, never successful completion (0.248583ms)
✔ cancelled remains failure, never successful completion (0.097917ms)
✔ timed_out remains failure, never successful completion (0.099833ms)
✔ cancelling is not completed; wrong ID, malformed result and unknown status fail closed (1.991833ms)
✔ deadline aborts polling and explicitly says the server may still be running (16.805292ms)
✔ task API sends captured owner and abort signal; old callers remain compatible (19.613542ms)
✔ progress is bounded, readable work units rather than inferred total percent (1.957583ms)
✔ factor result review freezes complete task data without lookup or recomputation (35.733417ms)
✔ completed phase never publishes result while task is still running (17.113917ms)
✔ untrusted progress cannot be used to publish an apparently completed task (0.262083ms)
✔ historical review uses owner-bound read-only fetch and account invalidation (1.232917ms)
✔ task list rejects malformed responses instead of replacing records with undefined (35.103875ms)
✔ cancelling is not terminal and elapsed values remain readable (0.157709ms)
✔ runBacktestWithPolling waits through cancelling and returns cancelled (2.080084ms)
✔ runBacktestWithPolling waits through cancelling and returns timed_out (1.966916ms)
✔ runSignalScanWithPolling waits through cancelling and returns cancelled (2.649125ms)
✔ runSignalScanWithPolling waits through cancelling and returns timed_out (0.862209ms)
✔ cancel API uses POST, and partial cancelled scan results are never accepted (0.76525ms)
✔ persistent recovery and version mismatch are distinct from completion (0.327084ms)
✔ terminal task deletion handles empty 204 and encodes identity (0.164834ms)
✔ checkpoint presence is not confused with verified reuse or task completion (0.29775ms)
✔ cached completed submission is retrieved rather than shown as running (0.186667ms)
✔ network failures are localized across WebKit, Chromium and Firefox (0.155458ms)
✔ tracking identity separates asset types, exchanges and board catalogues (0.927125ms)
✔ cloud book validates without silently dropping corrupt groups or duplicate entries (0.743166ms)
✔ expansion preserves every member and all board/direct sources, not a 200-row display page (1.198834ms)
✔ membership failure is explicit and malformed partial membership is never accepted (0.228042ms)
✔ batch runs sequentially, keeps partial errors and continues after a failed target (11.486417ms)
✔ cancellation marks in-flight and unstarted rows, ignoring a late success (0.158917ms)
✔ group breadth counts only available periods, never treats failed targets as neutral evidence (0.193041ms)
✔ exact current revision accepts only its own evidence without mutation (1.022042ms)
✔ old partition, stale version, future evidence and false completion are rejected (0.271167ms)
✔ historical audit cannot import a later opposite segment (0.079667ms)
✔ empty partitions and higher-proof priority retain explicit blockers (0.072667ms)
✔ new blockers use Chinese labels without calling prerequisites completion (0.130584ms)
✔ missing comparison interval is explained in Chinese without inventing a date (0.603167ms)
✔ special diagnostics identify each A indicator witness rather than the price witness (0.18775ms)
✔ nonstandard DEA axis gate remains explicit without an improvement requirement (0.142417ms)
✔ DEA tolerance discloses research threshold, precise deviation and near-zero fallback (0.77125ms)
✔ wave evidence separates effective A from original wave and local pivots (0.290584ms)
✔ rounded equal line extrema disclose the precise failed values and witness times (0.121334ms)
✔ comparisons are explicitly research only and preserve B/C axis checks (0.099833ms)
✔ unformed candidate shows Chinese gates, two-decimal values and rejection dates (0.091166ms)
✔ new nonstandard audit explicitly uses full A and first-formed reverse evidence explains gaps (0.110083ms)
ℹ tests 616
ℹ suites 0
ℹ pass 616
ℹ fail 0
ℹ cancelled 0
ℹ skipped 0
ℹ todo 0
ℹ duration_ms 4183.13025
→ 打包中…
→ 运行测试…
京东方评级: D 分数: 34.3
维度明细: 卡玛比率=22.7, 最大回撤=27.5, 胜率=33.5, 利润因子=34.1, 夏普比率=41.5, 波动率=50.1
否决: 利润因子 1.11 接近 1，仅勉强盈亏平衡
长线优质策略评级: B 分数: 64.5
维度权重: 卡玛比率=28%, 最大回撤=26%, 胜率=0%, 利润因子=0%, 夏普比率=23%, 波动率=23%
优质案例评级: A 分数: 83.9
寻优点评级: A 74
组合重算指标: { '年化': '20.83%', '回撤': '0.80%', '夏普': '5.27', '卡玛': '26.03' }
稳定上涨组合评级: S 91.8
波动组合重算: { '回撤': '44.15%', '夏普': '-2.64', '持续': 60 }
波动组合评级: D 18.5
✔ 新版组合评级使用后端采样，不按图表柱数重新日线年化 (1.3645ms)
✔ 必要风险指标缺失不能展示为零风险或正常评级 (0.217542ms)
✔ 无穷比率不等于满分，真实零利润因子仍按亏损判断 (0.121375ms)
✔ 京东方回测必须评为 D 档（用户核心诉求验证点） (0.433708ms)
✔ 京东方评分应在 30-43 区间（C 与 D 的边界） (0.094125ms)
✔ 低利润因子触发系统亏损否决 (0.062916ms)
✔ 样本不足（< 10 笔交易）降权但不否决整个评级 (0.123792ms)
✔ 用户实测场景：6年6笔交易 + 高夏普 → 应得 A/B（核心回归测试） (0.124167ms)
✔ 深回撤 > 60% 触发直接 D 否决 (0.099375ms)
✔ 优质回测应得 A 或 S 档 (0.123125ms)
✔ 高回撤但收益高 → 最高 B（一票否决 cap） (0.070708ms)
✔ 插值函数：边界值取端点分数 (0.059209ms)
✔ 插值函数：中间值线性插值 (0.043583ms)
✔ 寻优评级：4 维度降级版 (0.083417ms)
✔ 寻优评级：网格点交易太少 → 降权但评级照常 (0.060833ms)
✔ 组合评级：稳定上涨净值应得 A 或 S (1.662125ms)
✔ 组合评级：高波动深回撤净值 → 低档 (0.57ms)
✔ combinedMetrics：单点净值返回全 0（兜底） (0.061125ms)
✔ 历史组合仅保留原值，不从曲线推断日线或重算评级 (0.503792ms)
✔ v1-v4、未知版本及不完整依据不伪装为新版结果 (0.564042ms)
✔ 新版结果使用已记录指标，真实 999 和零不被当作历史哨兵 (0.088458ms)
✔ 指标状态缺失或与数值冲突不能产出评级，包括被降权维度 (0.099542ms)
✔ 低交易样本的真实不可用逐笔指标仍可降权，不误拦截可用净值评级 (0.084583ms)
✔ 寻优逐行核验新版采样与候选状态，输入范围不替代候选证据 (0.10775ms)
✔ 完整快照保留精度、真实 0/999、全部指标及版本且不关联可变输入 (0.678959ms)
✔ 策略保存接受真实 Vue 响应式结果，不因 Proxy 无法 structuredClone 而失败 (0.614ms)
✔ 再次保存历史指标不补造新版计算或评级依据 (0.105125ms)
✔ 对比展示原值并指出版本、周期、范围与利率差异，不自动重算 (0.2625ms)
ℹ tests 28
ℹ suites 0
ℹ pass 28
ℹ fail 0
ℹ cancelled 0
ℹ skipped 0
ℹ todo 0
ℹ duration_ms 89.748
