
> web-ui@0.0.0 test
> node scripts/run-tests.mjs

✔ tracking is restricted to active administrators and explicitly authorized users (2.458417ms)
✔ presence requires visible focused recent interaction and never negative elapsed time (0.120042ms)
✔ admin query descriptions label metadata and disclose truncated targets (0.212916ms)
✔ code labels use market-qualified identities and visible missing-name fallback (0.48575ms)
✔ name hydration is automatic, market-separated, bounded, and abort-aware (128.332583ms)
✔ all current chart inspector evidence stays readable without altering original nested data (24.583625ms)
✔ reject malformed fields reachable from overlays, popovers and every inspector section with exact paths (25.8515ms)
✔ optional old fields and empty failure checkpoints remain readable, no missing-state invention (0.622875ms)
✔ archive calendar validation rejects normalized impossible dates and illegal clock/offset values (37.325208ms)
✔ bar validation compares actual instants, retains raw strings, rejects equal instants and malformed volume (4.846291ms)
✔ existing frozen matrix bar sources remain readable without mutation (39.222292ms)
✔ event lists and evidence-set reordering never imply new or changed signals; originals remain intact (34.834708ms)
✔ state, lifecycle times and unrounded evidence are classified separately on the same identity (5.592834ms)
✔ same date across families and sides remains independent; true event additions/removals are distinct (0.5455ms)
✔ duplicate identities preserve all records and are never paired arbitrarily (0.481583ms)
✔ missing identity does not cause false removals or additions in its collection (0.5815ms)
✔ missing source/list is unknown, not empty or proof of no events (0.790292ms)
✔ never-candidate diagnostics match without A or reference, including special B-only records (1.13ms)
✔ A trimming changes evidence not identity; original wave anchors and reference changes distinguish bases (1.190708ms)
✔ date normalization preserves intraday, microsecond and timezone distinctions (1.274833ms)
✔ source differences and unknown fields/ordered evidence are retained (0.608333ms)
✔ different instruments, periods or study results are not matched (0.087792ms)
✔ structure divergences are supported without inventing MACD wave anchors (0.275958ms)
✔ legacy local migration keeps original payload, precision, versions and unknown fields without upgrading (2.930458ms)
✔ cloud exports use latest metadata but retain the original immutable payload, not old cloud ID/revision (1.01625ms)
✔ study import preserves successful and failed periods plus original warmup and primary metadata (2.065292ms)
✔ unknown, incomplete, oversized and nonfinite backups are rejected, never uploaded as summaries (270.002292ms)
✔ all supported chart outputs preserve full precision, null warmups, style and instance order (12.305792ms)
✔ migration IDs survive rescanning/reload, preserve precision and isolate owners and changed content (15.656291ms)
✔ migration rejects missing owners, foreign archives and malformed inputs before upload (0.430833ms)
✔ post-inspection changes never upload under a previously confirmed identity (2.792667ms)
✔ lost response retries the same immutable body and id, without automatic retry or local deletion (1.239833ms)
✔ stop or account changes before/after read and upload discard stale results (0.554709ms)
✔ deleted cloud copies are not restored, purged copies and wrong response IDs are not treated as success (0.718958ms)
✔ chart plan freezes original data and uses original identity/window, not current selection (2.592041ms)
✔ missing volume/time/parameters and unsupported length never silently become a smaller/default study (12.581ms)
✔ study plan preserves actual research settings and saved time labels (0.187542ms)
✔ unrounded path diff distinguishes null, missing, structure, empty arrays, and ordering (0.247125ms)
✔ response must match request, instrument, version, scope and period identities (0.513125ms)
✔ new archive retains original bars/lineage but never relabels frozen old indicators as recomputed (0.714708ms)
✔ study without saved input retains an explicit uncomputed row, never pretends all periods succeeded (0.793375ms)
✔ complete indicator recompute preserves saved settings, checks response and saves only new values (2.151917ms)
✔ missing or unknown saved indicator parameters cannot borrow current defaults (0.357375ms)
✔ original valid study rows retain precision, unknown fields, true zero and no recomputation (3.833834ms)
✔ invalid nested fields become explicit per-period errors, not silently missing rows (0.540125ms)
✔ strict pen fields reject coercion and preserve historical source errors without reading their invalid nested fields (0.545125ms)
✔ duplicates are not cherry-picked and malformed or future rows remain in original-record entries (0.350041ms)
✔ full backtest file and cloud envelope retain all fields; no implicit Chanlun recompute (24.580917ms)
✔ invalid cash cannot become a readable archive (213.635125ms)
✔ invalid params cannot become a readable archive (0.166875ms)
✔ invalid adjust cannot become a readable archive (0.119459ms)
✔ invalid null lineage cannot become a readable archive (0.162667ms)
✔ invalid net value cannot become a readable archive (0.10275ms)
✔ invalid future trade cannot become a readable archive (0.110416ms)
✔ invalid duplicate date cannot become a readable archive (0.081208ms)
✔ invalid missing metrics cannot become a readable archive (0.08475ms)
✔ invalid nested infinity cannot become a readable archive (0.163167ms)
✔ invalid coerced rejected cannot become a readable archive (0.089792ms)
✔ actual store freezes submitted input and result separately from later source mutation (470.376958ms)
✔ actual store rejects stale or failed owner run and clears prior archive (59.892042ms)
✔ actual store rejects stale or failed input run and clears prior archive (85.451042ms)
✔ actual store rejects stale or failed clear run and clears prior archive (27.332833ms)
✔ actual store rejects stale or failed failure run and clears prior archive (7.475292ms)
✔ trade lookup keeps the exact minute across separators, precision and days (0.643708ms)
✔ date-only values cannot choose the midnight bar of an ambiguous day (0.078625ms)
✔ daily and duplicate exact timestamps keep first positional matches (0.067458ms)
✔ nanoseconds and timezone text are not truncated into a false match (0.084875ms)
✔ date labels preserve useful precision without local timezone conversion (0.082291ms)
✔ higher sources resolve actual records and separate original from current review time (2.363417ms)
✔ base sources and foreign witness rejection have distinct Chinese descriptions (0.112625ms)
✔ inconsistent candidate has no replay evidence: unknown reason (1.063291ms)
✔ inconsistent candidate has no replay evidence: prototype key (0.110166ms)
✔ inconsistent candidate has no replay evidence: future version (0.064959ms)
✔ inconsistent candidate has no replay evidence: future completion (0.055833ms)
✔ inconsistent candidate has no replay evidence: missing time (0.073875ms)
✔ inconsistent candidate has no replay evidence: empty source (0.840167ms)
✔ inconsistent candidate has no replay evidence: duplicate source (0.066667ms)
✔ inconsistent candidate has no replay evidence: unknown source (0.109583ms)
✔ inconsistent candidate has no replay evidence: mixed levels (0.0625ms)
✔ inconsistent candidate has no replay evidence: future child (0.054041ms)
✔ inconsistent candidate has no replay evidence: wrong child level (2.333875ms)
✔ inconsistent candidate has no replay evidence: duplicate record (0.090542ms)
✔ inconsistent candidate has no replay evidence: empty record range (0.359ms)
✔ inconsistent candidate has no replay evidence: gap (0.073458ms)
✔ inconsistent candidate has no replay evidence: wrong parent range (0.045083ms)
✔ inconsistent candidate has no replay evidence: reversed sources (0.044875ms)
✔ inconsistent candidate has no replay evidence: unsafe base number (0.047833ms)
✔ 80 percent transparency is 20 percent alpha, for both candle directions (0.426917ms)
✔ transparency stays finite, integer, and bounded (0.145083ms)
✔ body is symmetric around the unchanged wick across widths and fractional positions (1.467875ms)
✔ horizontal candles preserve every price coordinate (0.111292ms)
✔ missing or non-finite candle layouts are left untouched (0.108708ms)
✔ native ECharts layout remains centred after resize, zoom and data replacement (325.21175ms)
✔ zooming out of large-data line mode restores centred candle bodies (27.551167ms)
✔ structure widths retain existing defaults and hover appearance (1.18925ms)
✔ manual values stay finite, bounded, and at two decimal places (0.14675ms)
✔ raw index overrides rounded dates, including zero (0.466917ms)
✔ legacy intraday dates never fall back to the first bar of the day (0.109333ms)
✔ duplicate formatted times fail safely without a raw index (0.074208ms)
✔ padding keeps the 23px marker plus radius inside the price pane (0.114292ms)
✔ flat, zero and negative ranges get finite padding; invalid extents do not (0.092083ms)
✔ single-bar time link is a thin line limited to each actual plot (1.5535ms)
✔ multi-bar time link has no border and clips to plot, never clamps offscreen data to an edge (0.399208ms)
✔ time links map daily coverage to all minute bars, not a matching ordinal (0.1825ms)
✔ weekly and monthly end-labelled bars cover earlier constituent dates without changing data (1.418708ms)
✔ nearest marker wins regardless of signal family, only co-located points share chooser (0.224208ms)
✔ immutable request cache deduplicates pending work, isolates payload keys and retries errors (0.316ms)
✔ all six structural types keep extrema and confirmation separate with original evidence (0.573875ms)
✔ legacy records do not invent confirmation or structural sources (1.370083ms)
✔ M1 keeps independent MACD source and original direction, never a structural type (8.280333ms)
✔ all chart layers override independent animation and progressive rendering (0.978459ms)
✔ archive tooltip labels and evidence remain text, not active HTML (5.156792ms)
✔ rejects invalid saved zooms (1.7545ms)
✔ same-snapshot redraw keeps current manually chosen view (7.32025ms)
✔ focus redraw keeps manual zoom; clearing restores pre-focus view (16.721666ms)
✔ switching focus preserves the original return view (0.125041ms)
✔ new snapshot resets saved focus view and never revives old zoom (0.088041ms)
✔ default inactive; moving does not show cards and leaving does not deactivate (1.97175ms)
✔ object previews can read date-card activation without activating it (0.181ms)
✔ click selects a point; outside click closes; inside click is not dismissed (0.532625ms)
✔ activated cards follow movement until outside dismissal, then require another click (0.301542ms)
✔ zoom clears stale coordinates but preserves activation (0.199417ms)
✔ data reset and Escape deactivate; teardown removes all handlers (0.259708ms)
✔ archive requests bind current owner and bypass browser cache (104.688333ms)
✔ cloud directory validates all rows, quotas and identities without dropping broken entries (18.519042ms)
✔ original detail requires an object payload but action receipts may omit it (1.759208ms)
✔ account change discards delayed success and delayed errors (0.357916ms)
✔ unauthenticated archive requests do not reach server; structured conflicts remain actionable (0.251291ms)
✔ upload retries retain immutable captured body and all numerical precision (0.19425ms)
✔ directed centre chain is candidate evidence, not completion (15.427125ms)
✔ touching, opposing, future, overlapping or malformed chains fail closed (1.969666ms)
✔ single-centre and legacy components remain readable (0.232875ms)
✔ inside, border, reversed y and overlapping rectangles resolve newest first (1.005959ms)
✔ invalid or missing render coordinates cannot create hits (0.099208ms)
✔ popup stays within narrow viewport and near-edge right click (0.103959ms)
✔ roles are Chinese and unknown roles never claim completion (1.347083ms)
✔ source ranges keep one-based indices without disguising gaps (0.379708ms)
✔ coverage checks counts, repeats and missing IDs (1.135333ms)
✔ missing, empty and rejected suffix are explicit (0.735959ms)
✔ invalid counts and empty blocks cannot pass the coverage audit (0.144791ms)
✔ uses raw indices, allows shared endpoints and bounds zoom padding (3.917625ms)
✔ does not invent a B interval or infer indices from formatted dates (11.032458ms)
✔ rejects partial, reversed, overlapping and out-of-snapshot evidence (4.800916ms)
✔ allows inspection of historical failed evidence without reviving it (0.14425ms)
✔ local proof draws frozen exact endpoints only after its actual confirmation (0.180084ms)
✔ dual-line divergence uses two exact raw indices, never artificial ABC ranges (0.087166ms)
✔ dual-line focus rejects missing, duplicate, reversed and out-of-range points (0.090208ms)
✔ special wave focus uses AB and its extreme without inventing C (0.091208ms)
✔ direction, family and lifecycle have independent marker styles (0.617625ms)
✔ no-C dual-line remains a circle and fills only on first reverse-pen confirmation (0.933083ms)
✔ M1 is restricted to confirmed waves with a later actual confirmation (2.232292ms)
✔ four families retain independent records and nonstandard uses a triangle (0.71ms)
✔ October 4 marker matrix uses shape for family and colour only for direction (0.224125ms)
✔ special AB evidence separates A line extrema from both price anchors and legacy pivots (0.173666ms)
✔ history is opt-in, inactive stays grey hollow, never creates M1 (1.584042ms)
✔ every historical shape uses a continuous hollow contour, including on hover (26.253083ms)
✔ new nonstandard evidence relaxes prices only and records each subtype (0.1965ms)
✔ new dual rule cannot fill without recorded later local confirmation (0.111667ms)
✔ historical engineering match retains original timing without claiming regrouping completion (3.959541ms)
✔ future, stale, mismatched or incomplete evidence fails closed (0.539458ms)
✔ older snapshots and unmatched parts keep existing natural audit available (0.138167ms)
✔ engineering provenance uses the same one-based numbering as other inspectors (1.370041ms)
✔ mixed recursion distinguishes consolidation and trend from the old trend view (0.207334ms)
✔ unknown or reversed provenance is not presented as a completed trend (0.076625ms)
✔ indicator and price values use two decimals without inventing missing evidence (0.077ms)
✔ recursive centre relations never call extension candidates completed types (0.090375ms)
✔ admissions distinguish unit confirmation from later failed-return admission (0.058208ms)
✔ display fields retain all text including dates, provenance, and secondary colons (2.882708ms)
✔ narrative, missing evidence, and timestamp headings remain whole (0.122041ms)
✔ selects the exact source without replacing missing comparison periods with the primary (0.411542ms)
✔ prefix audit preserves original warmup snapshot and its own instrument and period (2.020833ms)
✔ rejects invalid positions, missing identity and explicitly unclosed prefix data (0.220541ms)
✔ optimization carries full execution and identity without live defaults (7.995875ms)
✔ malformed, mixed, missing or conflicting optimization context never silently defaults (0.561375ms)
✔ multi original replay preserves costs, slots and adjustment; extend changes only end dates (0.327666ms)
✔ multi rejects corrupt and incompatible slots without dropping or repairing any (0.268708ms)
✔ legacy missing settings are disclosed with deterministic defaults, explicit invalid values rejected (0.133042ms)
✔ combining equal-account singles preserves per-slot cash and costs; conflicts rejected not rewritten (0.323917ms)
✔ all candidate states distinguish eligibility from completed natural types (3.99ms)
✔ opposite geometry identifies reused next-part evidence, including nonzero source IDs (0.755375ms)
✔ external opposite geometry is not added to candidate membership (0.11575ms)
✔ missing, stale, misattributed or future opposite geometry is not displayed as matched (0.146416ms)
✔ preferred endpoints are never called completed types; conflicts are retained (0.085625ms)
✔ opposite base turn is not same-level completion (0.097542ms)
✔ price formatting preserves zero and boundary contact, guards non-finite values (0.181ms)
✔ candidate audit joins by identity, not response order (0.085667ms)
✔ part audit must match ordinal AND exact raw source IDs, including shifted IDs (0.4145ms)
✔ locates the three raw ranges without relabelling them as MACD or confirmed centres (1.998125ms)
✔ candidate must already be observable at the CURRENT replay prefix (0.178792ms)
✔ no incomplete, waiting or unsupported candidate is given a fabricated range (0.094125ms)
✔ raw bar boundaries must be contiguous and inside the visible window (0.1335ms)
✔ source partitions must cover every original segment once, preserving nonzero IDs (0.114959ms)
✔ conflicting geometric fallback remains viewable for manual audit (0.071416ms)
✔ clearing a regrouping focus restores original zoom; a new replay snapshot does not (0.113042ms)
✔ membership labels distinguish source confirmation from later admission (12.403542ms)
✔ admission witness distinguishes confirmation dependency from geometric membership (0.128042ms)
✔ old or malformed evidence never invents an admission witness (0.762416ms)
✔ real frozen result archives preserve every input, missing tag, precision and failed factor (25.747ms)
✔ factor cloud envelope imports as independent copy without original identity (1.615958ms)
✔ partial or incompatible archives fail explicitly, not repaired from the current catalog (427.275917ms)
✔ read-only renderer has no execution or market API imports; explicit replay is separate (36.218208ms)
✔ same-account profile refresh preserves replay state; identity changes invalidate synchronously (44.707459ms)
✔ library navigation and Chinese/identifier/family search preserve full matching set (2.132041ms)
✔ availability is evaluated by adjustment and period without mutating selections (1.731125ms)
✔ correlation uses its mathematical range; raw factors keep their own scale (0.62625ms)
✔ tiny values remain visible and tooltip raw precision is not rounded (0.159042ms)
✔ percentage is presentation only, gaps and source values are preserved (0.795083ms)
✔ disabled combination does not add implicit weights; enabled selection is explicit (0.932334ms)
✔ actual Python report preserves the combination through export and read-only reopen (34.767583ms)
✔ incomplete or contradictory composition archive is rejected, never repaired (65.89025ms)
✔ horizon selection is bounded, canonical and never silently amended (0.832125ms)
✔ horizon view uses frozen results without changing configuration or primary report (69.428583ms)
✔ all horizons survive draft/export/import and old single archives still read (149.689667ms)
✔ missing windows, wrong labels and disagreement with primary reports fail closed (29.876042ms)
✔ request selection invalidates immediately; display-only switching does not (2.369292ms)
✔ multiple horizons dispatch one explicitly manual request with complete selection (83.34375ms)
✔ parameter selection copies only active settings without mutating cached settings (0.849083ms)
✔ builtin decimal multiplier, ordering, effective identity and actual labels (0.409ms)
✔ reset only one parameter, retain other overrides without mutating input (0.09225ms)
✔ history warning uses full effective warmup, not all parameters as rolling windows (0.165667ms)
✔ names and validation use actual windows; equivalent formula choices rejected (0.166917ms)
✔ recompute task request binds owner, source revision and manual intent; polling stays automatic (24.234ms)
✔ history retains the complete recompute envelope, not just numerical results (13.34275ms)
✔ replay uses shared task invalidation and archive saving preserves replay metadata (1.467292ms)
✔ statistics version is frozen provenance, never inferred as the current version (0.560791ms)
✔ factor glossary accepts standard abbreviations with spaces or underscores (0.163625ms)
✔ factor missing values never become valid zero (0.097208ms)
✔ factor ranking is stable, non-mutating and missing-last in both directions (40.742875ms)
✔ small factor values do not round to fake zeros; raw precision keeps original number (0.143041ms)
✔ compatibility aliases are only shown for exact legacy lookup or active selection (0.114291ms)
✔ series automatic initialization is system intent, only deliberate task submission is a query (45.995333ms)
✔ saved series task reopens as series without lookup, all diagnostics and original inputs survive (3.949375ms)
✔ cleared series execution cannot publish an old stock result (0.219458ms)
✔ live series and history use shared tasks, invalidate on input/account/route and never treat as trading backtest (0.986291ms)
✔ late catalog never submits after unmount, input/account/tab changes, or manual run (0.238917ms)
✔ failed catalog does not silently start default research or publish after leaving (0.150166ms)
✔ favorite IDs are bounded, deduplicated and malformed saved preferences never get overwritten (29.804209ms)
✔ favorites use acknowledgment and only patch their own key; same-session writes serialize (0.49225ms)
✔ failed favorite updates do not pretend success and can retry (0.252833ms)
✔ other preference acknowledgment exposing pending patch cannot fake a saved favorite (0.204125ms)
✔ owner switch clears state immediately and old failure cannot affect new save (0.309667ms)
✔ series compare shares all x axes but preserves independent raw values, scales, gaps and tooltip precision (11.488167ms)
✔ future appending leaves prior plotted values unchanged, missing is never replaced by zero (25.099375ms)
✔ multi-factor comparison is reused in live and read-only views, favorites do not change research settings (10.492959ms)
✔ factor submission marks only explicit dispatch, preserves owner/signal, polling/cancel stay automatic (65.498875ms)
✔ cancel acknowledged during pending poll cannot regress UI or publish partial result (25.3175ms)
✔ late cancellation cannot revive cleared or changed-account task UI (19.695917ms)
✔ unconfirmed cancellation keeps polling; successful task remains recoverable (26.439708ms)
✔ factor panel uses shared execution and distinguishes cancel from detach (0.350667ms)
✔ explicit stock-only finite latest selection; missing and fund/index stay unavailable (1.695625ms)
✔ origin and precision survive JSON and later group membership edits (1.578875ms)
✔ only explicit action writes owner assertion and source revision, never sends computed score (12.802583ms)
✔ late owner response rejected; permission denial and source mismatch not successful (0.590416ms)
✔ time modes construct explicit configs without random dates or implied training (6.070959ms)
✔ invalid dates, hidden shrinkage and numeric coercion are rejected (0.499333ms)
✔ full frozen time results survive import, draft and readonly validation unchanged (16.398833ms)
✔ missing, mismatched and nonfinite temporal archive results fail explicitly (12.653917ms)
✔ changes invalidate synchronously; same-account profile refresh does not change split (1.828875ms)
✔ menus stay inside phone, keyboard and landscape viewports (7.476333ms)
✔ near-bottom controls open upwards without changing ordinary desktop width (0.225667ms)
✔ warmup null, missing and invalid indicator values never become invented zeroes (1.174209ms)
✔ freeze all supported indicator outputs, warmup holes, volume averages and exact numerical precision (12.294ms)
✔ frozen playback keeps captured values despite different current prices and never queries APIs (0.674042ms)
✔ malformed or mismatched frozen values fail closed, never fall back to recomputation (1.21825ms)
✔ marker hit uses signed stacking offset for both directions, not candle position (0.977083ms)
✔ symbol size and invalid render positions are handled safely (0.115125ms)
✔ market tab changes discard old success and cannot stop the new spinner (314.359708ms)
✔ market late failure after filter cannot resurrect an error (51.002583ms)
✔ market late failure after owner cannot resurrect an error (48.999416ms)
✔ market late failure after unmount cannot resurrect an error (41.526917ms)
✔ directory count failure preserves valid rows; late totals cannot cross markets (13.280916ms)
✔ board selection clears old details and ignores slower preceding member responses (56.025166ms)
✔ board list filter changes invalidate pending member requests and prevent old auto-selection (15.585208ms)
✔ default board preload remains system-origin after manual list refresh (66.883625ms)
✔ belonging response after stock cannot change results or stock history (24.98425ms)
✔ belonging response after owner cannot change results or stock history (18.309375ms)
✔ belonging response after unmount cannot change results or stock history (12.987667ms)
✔ current belonging success records captured stock; concurrent member failure has separate feedback (59.22ms)
✔ market selection uses loaded market, clears on filters, and distinguishes shared stock/index codes (23.992583ms)
✔ board analysis uses result classification; members require their own market (37.443ms)
✔ aborted late response cannot publish metadata even if transport ignores abort (21.43725ms)
✔ missing provenance or silently changed adjustment never reaches research (0.253ms)
✔ reported gaps do not falsely label suspension or prevent inspecting valid candles (8.697333ms)
✔ history fetch consumes one verified range and publishes complete metadata only after validation (0.681334ms)
✔ unclosed response never updates provenance or reaches the backtest (2.294209ms)
✔ null, true zero, infinities and real 999 are distinct after JSON roundtrip (0.442209ms)
✔ single, saved and comparison results retain authoritative metric basis (0.415875ms)
✔ whole proof validated without mutation, and cross-role ownership remains visible (1.004458ms)
✔ stale, future, duplicated, incomplete, falsely completed and mismatched sources rejected (0.333833ms)
✔ base runs cannot masquerade as proofs or own multiple provisional regions (0.072042ms)
✔ blocked covers show full conflicts, never fabricated flattened blocks (0.088334ms)
✔ labels retain provisional scope (0.060417ms)
✔ all seven MA presets are available but only MA5 and MA10 start visible (0.800292ms)
✔ each chart session gets independent editable settings without changing presets (0.080208ms)
✔ MA presets retain the requested yellow, white, purple, green, cyan, orange, red palette (0.070167ms)
✔ legend retains every MA choice and explicit hidden states override stale chart selection (0.098417ms)
✔ cross-boundary details resolve actual input and nested ownership records (1.407292ms)
✔ unowned reverse evidence stays explicitly unowned for boundary rejection (0.117292ms)
✔ foreign witness can be shown for an otherwise single-owner candidate (0.101542ms)
✔ legacy candidates do not invent missing conflict details (0.108667ms)
✔ damaged detail is not presented: mismatched candidate sources (0.0855ms)
✔ damaged detail is not presented: wrong layer (0.059292ms)
✔ damaged detail is not presented: unknown reverse input (2.274417ms)
✔ damaged detail is not presented: wrong reverse range (0.109875ms)
✔ damaged detail is not presented: reverse overlaps prices (0.087542ms)
✔ damaged detail is not presented: future reverse confirmation (0.124083ms)
✔ damaged detail is not presented: wrong reverse time (0.071042ms)
✔ damaged detail is not presented: incomplete domain list (0.076ms)
✔ damaged detail is not presented: duplicate domains (0.054125ms)
✔ damaged detail is not presented: noncontinuous domain (0.048708ms)
✔ damaged detail is not presented: foreign domain misses witness (0.052125ms)
✔ damaged detail is not presented: false unowned witness (0.055833ms)
✔ damaged detail is not presented: missing nested record (0.060166ms)
✔ damaged detail is not presented: wrong reason (0.065292ms)
✔ only current owner revisions form the displayed ownership set (0.768375ms)
✔ internal provenance remains distinct and validates enclosing ownership (0.914791ms)
✔ parent-covered history is not labeled as an additional effective input (0.437708ms)
✔ nested provenance validates containment and strictly increasing input levels (0.415542ms)
✔ current owner labels are distinct from creation IDs and tolerate old snapshots (0.221166ms)
✔ summary mode lists every historical address, not just current versions (0.7285ms)
✔ full and missing legacy snapshots stay readable without inventing history (0.081417ms)
✔ all four analysis paths explicitly request summary delivery without changing input (0.372042ms)
✔ complete lifecycle stays chronological, does not mutate input, and uses Chinese labels (1.311208ms)
✔ legacy or future history is not invented (0.127875ms)
✔ dangling, reordered, duplicated, miscounted and conflicting histories fail closed (1.296542ms)
✔ equal counts cannot hide swapped source identities (0.0895ms)
✔ intermediate event boundaries must equal actual inherited and added sources (0.077583ms)
✔ input evidence must exist at the correct level and be available at admission (0.302167ms)
✔ invalid domain sources, membership and parent context fail closed (0.296709ms)
✔ leftward growth, shifted sources and newly filled merge gaps remain valid (0.198416ms)
✔ both periods exclude future and open candles while retaining original warm-up start (0.627667ms)
✔ snapshot observation time caps cutoff; bar start before cutoff is not enough (0.096625ms)
✔ no timeframe fallback or fabricated candles when historical minute range is unavailable (0.075333ms)
✔ index and board snapshots retain NONE adjustment, mismatch is rejected (0.231833ms)
✔ missing completion evidence, timezone timestamps and unordered bars fail explicitly (0.142042ms)
✔ week/month completion boundary comes from provider annotation, not day label (0.104167ms)
✔ matrix defaults to five requested periods and includes separate buy/sell evidence column (0.9435ms)
✔ does not turn current reversal observation into a confirmed opposite pen (0.170958ms)
✔ keeps true zero distinct from missing, and numerical display never overwrites original axis judgment (0.122709ms)
✔ keeps divergence family, extrema and actual confirmation separate; never drops records (13.695833ms)
✔ missing pen and divergence are bounded claims; quality limitations stay visible (0.190958ms)
✔ buy/sell evidence distinguishes missing old archives, no points, structure and M1 (0.194125ms)
✔ portfolio: all original values survive import and cloud envelope; no Chanlun recompute (19.506458ms)
✔ portfolio: actual component fetches only explicitly, binds owner/request/result and freezes capture (19.126667ms)
✔ portfolio: late receipt discarded after owner (3.907458ms)
✔ portfolio: late receipt discarded after request (1.73825ms)
✔ portfolio: late receipt discarded after task (1.269042ms)
✔ portfolio: late receipt discarded after result (0.953458ms)
✔ portfolio: late receipt discarded after busy (1.115334ms)
✔ portfolio: late receipt discarded after unmount (1.8835ms)
✔ portfolio: invalid missing rejected (0.191208ms)
✔ portfolio: invalid allocation rejected (0.242458ms)
✔ portfolio: invalid metadata rejected (0.10525ms)
✔ portfolio: invalid date rejected (0.170041ms)
✔ portfolio: invalid precision rejected (0.415ms)
✔ portfolio: invalid curve rejected (0.249042ms)
✔ portfolio: invalid request rejected (0.092458ms)
✔ portfolio: invalid trade rejected (0.1255ms)
✔ portfolio: unavailable or different task never falls back to fetching data (5.242125ms)
✔ multi_strategy: all original values survive import and cloud envelope; no Chanlun recompute (1.00425ms)
✔ multi_strategy: actual component fetches only explicitly, binds owner/request/result and freezes capture (2.044ms)
✔ multi_strategy: late receipt discarded after owner (0.955708ms)
✔ multi_strategy: late receipt discarded after request (31.081583ms)
✔ multi_strategy: late receipt discarded after task (73.037666ms)
✔ multi_strategy: late receipt discarded after result (3.081958ms)
✔ multi_strategy: late receipt discarded after busy (3.291541ms)
✔ multi_strategy: late receipt discarded after unmount (1.702834ms)
✔ multi_strategy: invalid missing rejected (0.155458ms)
✔ multi_strategy: invalid allocation rejected (0.214667ms)
✔ multi_strategy: invalid metadata rejected (0.09325ms)
✔ multi_strategy: invalid date rejected (0.09675ms)
✔ multi_strategy: invalid precision rejected (0.180666ms)
✔ multi_strategy: invalid curve rejected (0.155833ms)
✔ multi_strategy: invalid request rejected (0.105375ms)
✔ multi_strategy: invalid trade rejected (0.109083ms)
✔ multi_strategy: unavailable or different task never falls back to fetching data (2.173ms)
✔ normalized server defaults may extend but not alter submitted parameters (0.068292ms)
✔ library original/extended multi replay uses saved costs despite global preference changes (282.848958ms)
✔ portfolio load -> actual store task lifecycle -> save uses identical context and all costs (91.7355ms)
✔ portfolio catalog-stage input is isolated before saved fetch (141.984125ms)
✔ portfolio catalog-stage params is isolated before saved fetch (101.165083ms)
✔ portfolio catalog-stage owner is isolated before saved fetch (49.975333ms)
✔ portfolio catalog-stage failure is isolated before saved fetch (53.303042ms)
✔ portfolio catalog-stage empty is isolated before saved fetch (49.666917ms)
✔ pending portfolio cannot survive input (85.546542ms)
✔ pending portfolio cannot survive owner (34.73175ms)
✔ pending portfolio cannot survive unmount (36.909208ms)
✔ store account epoch clears completed results in all four task families (25.808416ms)
✔ runPortfolio old account error is ignored even after switching back (24.780875ms)
✔ runMultiStrategy old account error is ignored even after switching back (31.396708ms)
✔ runOptimize old account error is ignored even after switching back (18.577417ms)
✔ runOptimizeAll old account error is ignored even after switching back (17.627ms)
✔ optimizer takes an input snapshot before awaiting bars and hands off the result strategy/adjustment (26.303209ms)
✔ portfolio late save cannot close or annotate newly changed configuration (18.952583ms)
✔ library name lookup cannot mix later input or account into a save (70.630458ms)
✔ library saves a multi result with submitted adjustment, not the later global preference (21.932875ms)
✔ late library list cannot replace a newly created record and owner change clears all personal rows (23.128125ms)
✔ portfolio identity rejects mixed markets, repeats and invalid lengths (0.265083ms)
✔ late preference response cannot revert a newer adjustment; queued patch is captured (239.353167ms)
✔ account switch drops old queue, permits new account immediately and ignores late response (29.374291ms)
✔ same-account logout/login does not accept response from prior session epoch (10.549916ms)
✔ failed saves reject caller, do not wedge queue or restore stale role permissions (37.825833ms)
✔ mismatched response owner and logged-out saves are rejected (34.275292ms)
✔ market preference watcher survives the first route unmount and follows owner changes (14.193625ms)
✔ tracking ownership watcher survives route scope disposal and clears on revocation or logout (206.240084ms)
✔ late name hydration cannot write across accounts; new owner hydrates independently (18.165416ms)
✔ sidebar hydration never writes, old-owner timers cancel, failures are handled (192.159542ms)
✔ forming candles preserve OHLC and use dashed empty outlines (0.681166ms)
✔ forming volume and signed MACD columns preserve values and direction (0.103541ms)
✔ query defaults to system, manual intent is synchronous and explicit (13.354916ms)
✔ direct bar snapshot fetch preserves explicit intent, including failed requests (22.152625ms)
✔ pending manual requests do not mark concurrent automatic work or async continuations (1.444042ms)
✔ API dispatch tags manual queries but excludes automatic name lookup and task polling (1.370416ms)
✔ save keeps original full input separate from replay prefix, fully detached from live state (72.090625ms)
✔ same-bar opposite signals remain distinct; source survives JSON import without task or network (1.329ms)
✔ recompute uses only saved chart prefix, keeps original scan signals and version unchanged (1.324584ms)
✔ reject wrong target before saving; never silently drop invalid lineage (1.200333ms)
✔ reject board target before saving; never silently drop invalid lineage (0.353458ms)
✔ reject wrong market before saving; never silently drop invalid lineage (0.317042ms)
✔ reject reference before saving; never silently drop invalid lineage (0.4185ms)
✔ reject invalid date type before saving; never silently drop invalid lineage (0.141042ms)
✔ reject noncanonical cutoff before saving; never silently drop invalid lineage (0.143041ms)
✔ reject row summary before saving; never silently drop invalid lineage (0.33325ms)
✔ reject row last date before saving; never silently drop invalid lineage (0.24425ms)
✔ reject outside signal window before saving; never silently drop invalid lineage (0.277666ms)
✔ reject row source before saving; never silently drop invalid lineage (0.250083ms)
✔ reject row requested adjust before saving; never silently drop invalid lineage (1.04725ms)
✔ reject row quality before saving; never silently drop invalid lineage (0.648416ms)
✔ reject open candle before saving; never silently drop invalid lineage (2.329708ms)
✔ reject unsupported storage before saving; never silently drop invalid lineage (0.530584ms)
✔ legacy snapshot without original input still opens without invented source (0.481541ms)
✔ original task references round-trip and legacy references remain distinguishable (2.199166ms)
✔ cache receipt must be a real ID string, never coerced or inherited from another owner (1.090167ms)
✔ all frozen bars and precision survive; changed code is disclosed, not represented as old execution (1.625334ms)
✔ invalid original receipt task stops instead of substituting live data (0.208417ms)
✔ invalid original receipt row stops instead of substituting live data (0.083541ms)
✔ invalid original receipt market stops instead of substituting live data (0.065958ms)
✔ invalid original receipt symbol stops instead of substituting live data (0.06175ms)
✔ invalid original receipt params stops instead of substituting live data (0.056417ms)
✔ invalid original receipt strategy stops instead of substituting live data (0.076834ms)
✔ invalid original receipt fingerprint stops instead of substituting live data (0.124083ms)
✔ invalid original receipt adjust stops instead of substituting live data (0.073583ms)
✔ invalid original receipt signal stops instead of substituting live data (0.083583ms)
✔ invalid original receipt malformed signals stops instead of substituting live data (0.055542ms)
✔ invalid original receipt row error stops instead of substituting live data (0.048875ms)
✔ invalid original receipt storage stops instead of substituting live data (0.053375ms)
✔ invalid original receipt version stops instead of substituting live data (0.051166ms)
✔ invalid original receipt missing bars stops instead of substituting live data (0.058417ms)
✔ invalid original receipt null bar stops instead of substituting live data (0.059334ms)
✔ invalid original receipt order stops instead of substituting live data (0.157083ms)
✔ invalid original receipt open bar stops instead of substituting live data (0.105542ms)
✔ invalid original receipt future stops instead of substituting live data (0.079875ms)
✔ invalid original receipt negative duration stops instead of substituting live data (0.441833ms)
✔ invalid original receipt missing cutoff stops instead of substituting live data (0.068208ms)
✔ invalid original receipt number string stops instead of substituting live data (0.091417ms)
✔ invalid original receipt NaN stops instead of substituting live data (0.071917ms)
✔ invalid original receipt bad low stops instead of substituting live data (0.061292ms)
✔ invalid original receipt negative volume stops instead of substituting live data (0.067084ms)
✔ API sends owner and abort signal with no-store; unavailable receipt never calls a live feed (22.429667ms)
✔ radar submits captured owner with manual intent, polls as system, and preserves old cache adjustment (17.801083ms)
✔ late submit after adjust cannot become a scan result or cache (54.602583ms)
✔ late submit after window cannot become a scan result or cache (1.430625ms)
✔ late submit after owner cannot become a scan result or cache (8.703375ms)
✔ late submit after roundtrip cannot become a scan result or cache (5.052291ms)
✔ late submit after unmount cannot become a scan result or cache (3.519125ms)
✔ late poll after adjust cannot become a scan result or cache (1.509208ms)
✔ late poll after window cannot become a scan result or cache (1.488667ms)
✔ late poll after owner cannot become a scan result or cache (4.678584ms)
✔ late poll after roundtrip cannot become a scan result or cache (2.331417ms)
✔ late poll after unmount cannot become a scan result or cache (2.19925ms)
✔ a failed new scan cannot re-display or replace old success; explicit retry is independent (2.035208ms)
✔ invalid result rows is never cached (1.656958ms)
✔ invalid result counts is never cached (0.734667ms)
✔ invalid result id is never cached (0.801ms)
✔ storage denial preserves valid live results with an explicit notice (0.616041ms)
✔ actual picker loads the original complete warmup and stores actual dates, not form defaults (5.042541ms)
✔ failed original input does not fall back to newly fetched prices (2.732292ms)
✔ pending original input cannot commit after owner (32.40075ms)
✔ pending original input cannot commit after code (21.189917ms)
✔ pending original input cannot commit after unmount (15.865542ms)
✔ radar review captures row adjustment, exact minute, strategy and original cutoff (0.92525ms)
✔ invalid or legacy reviews fail explicitly without guessing data or adjustment (0.683542ms)
✔ exchange-local dates validate without browser timezone conversion (0.096042ms)
✔ review excludes future and unclosed bars, resets derived fingerprint and reports actual range without mutating source (1.633958ms)
✔ radar cache is owner scoped and malformed/legacy records never enter the UI (0.590459ms)
✔ late messages, close and errors from an old socket cannot affect replacement (0.820208ms)
✔ invalid messages and control responses never become ticks; close reason retained (0.164542ms)
✔ matching versions are selected by case identity without mutation (1.098833ms)
✔ future snapshots, wrong rules, incomplete chains and duplicate cases are rejected (0.24ms)
✔ labels never confuse endpoint consistency or higher-centre proof with completion (0.144041ms)
✔ v2 keeps the detached prefix and v1 remains readable (0.891875ms)
✔ v3 supports trend search while retaining the same ownership guards (0.14375ms)
✔ missing, duplicated, misattributed or silently completed prefix is rejected (0.321625ms)
✔ reincorporation is recorded explicitly instead of erasing detached history (0.140041ms)
✔ accepts bounded history and empty verified batches (1.271834ms)
✔ rejects wrong batch, future indices, broken sources and contradictory state (0.576083ms)
✔ research labels distinguish absence, release, retained and internal (0.237334ms)
✔ late old responses cannot own a newer research request (0.913375ms)
✔ submission fields are captured values, not mutable form references (1.049375ms)
✔ navigation preserves explicit stock/index/fund/board identity and parameters without auto run (2.904959ms)
✔ ambiguous identity is rejected rather than guessed or numeric code padded (0.135041ms)
✔ query parser rejects incomplete, duplicate, incompatible and mixed-context values (1.633584ms)
✔ snapshot import keeps original data and normalizes optional display metadata (3.807333ms)
✔ reject invalid schema, periods, oversized arrays and impossible candle prices (0.436458ms)
✔ cloud archives retain larger frozen windows and all supported distinct periods (10.938167ms)
✔ import keeps valid frozen outputs and rejects mismatched frozen data instead of recomputing (0.430667ms)
✔ window is exchange local and bounded by the snapshot cutoff (0.468583ms)
✔ missing numbers and candidate status are never promoted (0.079084ms)
✔ amber projection resolves daily and minute labels, ignores open candle (0.24075ms)
✔ three workspaces are keyboard traversable without dropping an existing mode (0.776125ms)
✔ mobile comparison shows exactly the selected snapshot; desktop shows both (0.100917ms)
✔ inactive research never starts automatic work, valid active research does (0.088625ms)
✔ saved single strategy restores market, period, adjustment and all execution costs exactly (3.185917ms)
✔ missing legacy fields disclose supplied defaults instead of claiming complete restoration (0.235125ms)
✔ explicit contradictory market and unsupported instruments are not silently rewritten (0.840208ms)
✔ invalid present fields are errors, not fallback defaults (0.281292ms)
✔ saved links identify records only and cannot inject alternate execution context (0.16625ms)
✔ market entry preserves local dates and strategy, runs only on explicit request (8.821542ms)
✔ boards entry preserves local dates and strategy, runs only on explicit request (1.40775ms)
✔ mixed market context blocks all loading and computation: savedStrategyId (1.139875ms)
✔ mixed market context blocks all loading and computation: optimizationContext (0.974875ms)
✔ mixed market context blocks all loading and computation: autoRun (0.939875ms)
✔ mixed market context blocks all loading and computation: unexpected (0.910209ms)
✔ slow catalog cannot overwrite input with a market entry (4.04975ms)
✔ slow catalog cannot overwrite owner with a market entry (2.03325ms)
✔ catalog-stage input cannot restore saved inputs or dispatch a task (5.111792ms)
✔ catalog-stage params cannot restore saved inputs or dispatch a task (2.527959ms)
✔ catalog-stage owner cannot restore saved inputs or dispatch a task (1.469ms)
✔ catalog-stage failure cannot restore saved inputs or dispatch a task (1.13825ms)
✔ optimization context restores every execution field and malformed context blocks dispatch (1.502542ms)
✔ actual backtest view loads exact saved context without running, then saves the configuration used (1.167208ms)
✔ saving original radar warmup uses loaded input dates, not hidden form defaults (1.809167ms)
✔ late saved record cannot overwrite owner (2.555ms)
✔ late saved record cannot overwrite route (1.648458ms)
✔ late saved record cannot overwrite input (1.150375ms)
✔ late saved record cannot overwrite unmount (1.157416ms)
✔ invalid saved context blocks run, while legacy missing fields disclose fallback (4.724541ms)
✔ every execution input invalidates the old result before it can be saved (15.623167ms)
✔ editing a cost while bars are pending never runs the new form on the old request (1.087625ms)
✔ save completion after owner cannot write into a different page or account (1.077417ms)
✔ save completion after route cannot write into a different page or account (1.037792ms)
✔ save completion after unmount cannot write into a different page or account (1.013375ms)
✔ audit description translates permissions and never renders arbitrary detail fields (0.495167ms)
✔ audit time is explicitly Shanghai time and invalid data remains readable (40.616334ms)
✔ audit API preserves bounded pagination/filter state and authenticated credentials (22.602333ms)
✔ distinguishes no candidate, failed current audit, and actual invalidation without promoting legacy state (1.53825ms)
✔ filters independent families and directions without merging special and local dual-line evidence (1.621792ms)
✔ searches lifecycle dates and failure reasons with all terms required, retaining original source objects (0.137917ms)
✔ searches diagnostic rejection history without silently reviving historical candidates (0.396208ms)
✔ all excludes bc false, preserves input order and records, and does not infer missing direction (0.133583ms)
✔ legacy diagnostic family is standard, and empty diagnostics do not invent rejection records (0.100583ms)
✔ structural points retain their own confirmation and evidence, never deriving them from a MACD source (0.297083ms)
✔ M1 uses exact existing gates and remains a separate view of its original standard event (0.207625ms)
✔ combined date query finds independent point, prompt and event records without deduplication or additive counts (0.114167ms)
✔ chart date matches structured lifecycle timestamps, not coincidental prose dates (0.310291ms)
✔ minute evidence uses exact exchange-local minute, accepting T/space and refusing missing time (0.111375ms)
✔ chart date includes diagnostic ABC and rejection coverage without inventing open or reversed intervals (0.214916ms)
✔ date scope combines with all filters for structural points and original M1 sources (0.101083ms)
✔ new standard evidence explains price, old blocker and independent special lifecycle (1.052125ms)
✔ new gates include counts, boundary and dates without undefined placeholder (0.218958ms)
✔ legacy comparisons retain old detected confirmed and invalidated dates (0.210417ms)
✔ initial schema and refreshed catalog preserve supplied parameters; strategy change alone resets (3.166791ms)
✔ late catalog defaults are suspended until route validation and then fill only missing fields (0.645834ms)
✔ structure dates remove midnight noise without changing intraday precision (0.558291ms)
✔ centre evidence distinguishes fixed core, outer range and candidate expansion (1.441042ms)
✔ segment evidence includes source prices and reverse proof with one-based labels (0.198125ms)
✔ missing legacy evidence does not invent confirmation (0.109084ms)
✔ special inclusion explains boundary exception without labelling it an ordinary fractal (0.065208ms)
✔ centre relation history distinguishes current candidate from original separation (0.097209ms)
✔ confirmation replay translates raw indices without date matching (0.068625ms)
✔ unknown, invalid or out-of-snapshot confirmations have no replay target (0.081833ms)
✔ connection badge validates shared time, price and alternating direction (0.101583ms)
✔ reverse preview uses observed extreme, not last close or a future target (0.949333ms)
✔ mirrored lows produce an upward reference (0.105125ms)
✔ no invented reference for missing, ambiguous, extending, or invalid inputs (0.101583ms)
✔ replay prefix cannot use a later extreme; ties retain first occurrence (0.103791ms)
✔ ongoing consolidation differs by color, line pattern, and fill (0.103167ms)
✔ actual component captures every selected period and failure; automatic work stays system-origin (15.860291ms)
✔ all collection failures are exportable reports, never empty success or recomputable invented bars (5.064417ms)
✔ missing response rows are retained as explicit errors; unexpected rows or cutoff cannot enter a saved result (4.543333ms)
✔ late study response cannot be saved after account (1.380542ms)
✔ late study response cannot be saved after input (1.58425ms)
✔ late study response cannot be saved after unmount (0.947ms)
✔ invalid collection coverage cannot silently omit a period during import (1.809458ms)
✔ actual study freezes independent radar lineage, preserves it through import and recompute, and refuses foreign source (3.231666ms)
✔ task stores detached actual inputs, user submission and system polling (3.877458ms)
✔ invalidated submit resolve cannot revive result/error/spinner (4.872667ms)
✔ invalidated submit reject cannot revive result/error/spinner (1.748791ms)
✔ invalidated poll resolve cannot revive result/error/spinner (0.339167ms)
✔ invalidated poll reject cannot revive result/error/spinner (1.480917ms)
✔ earlier request completion cannot stop a newer task or replace its context (3.224ms)
✔ owner change stops polling and cannot attribute prior account result to the new account (2.375208ms)
✔ failed remains failure, never successful completion (1.0885ms)
✔ cancelled remains failure, never successful completion (0.105459ms)
✔ timed_out remains failure, never successful completion (0.097417ms)
✔ cancelling is not completed; wrong ID, malformed result and unknown status fail closed (1.1ms)
✔ deadline aborts polling and explicitly says the server may still be running (17.528375ms)
✔ task API sends captured owner and abort signal; old callers remain compatible (37.38275ms)
✔ progress is bounded, readable work units rather than inferred total percent (6.031875ms)
✔ factor result review freezes complete task data without lookup or recomputation (18.456792ms)
✔ completed phase never publishes result while task is still running (16.846458ms)
✔ untrusted progress cannot be used to publish an apparently completed task (0.612792ms)
✔ historical review uses owner-bound read-only fetch and account invalidation (1.249625ms)
✔ task list rejects malformed responses instead of replacing records with undefined (29.982583ms)
✔ cancelling is not terminal and elapsed values remain readable (0.129667ms)
✔ runBacktestWithPolling waits through cancelling and returns cancelled (1.993917ms)
✔ runBacktestWithPolling waits through cancelling and returns timed_out (1.103208ms)
✔ runSignalScanWithPolling waits through cancelling and returns cancelled (3.23125ms)
✔ runSignalScanWithPolling waits through cancelling and returns timed_out (1.870625ms)
✔ cancel API uses POST, and partial cancelled scan results are never accepted (0.294459ms)
✔ persistent recovery and version mismatch are distinct from completion (0.350708ms)
✔ terminal task deletion handles empty 204 and encodes identity (0.620458ms)
✔ checkpoint presence is not confused with verified reuse or task completion (0.818583ms)
✔ cached completed submission is retrieved rather than shown as running (0.624792ms)
✔ network failures are localized across WebKit, Chromium and Firefox (0.512583ms)
✔ tracking archive preserves raw input, precision, rules and can import read-only (21.772167ms)
✔ missing raw input (3.77075ms)
✔ wrong adjustment (0.112292ms)
✔ wrong period (0.106833ms)
✔ duplicate target (0.0985ms)
✔ false success (0.113042ms)
✔ unknown state (0.067458ms)
✔ cancelled empty expansion and partially completed batches retain actual states (0.106041ms)
✔ failed upload retries same identity and frozen payload, independent new batch gets a new identity (27.341125ms)
✔ late previous-owner save is discarded and never retried as the next account (0.411416ms)
✔ non-finite result stays unsaved rather than converting to null (0.17125ms)
✔ route consumer can unmount and remount while the one sequential analysis continues (4.373209ms)
✔ explicit stop retains completed rows and marks running/unstarted rows cancelled (0.8375ms)
✔ owner change or revoked access clears results and rejects late old publications (0.662083ms)
✔ background completion includes per-target failure and expansion failure without false success (0.373125ms)
✔ cancel during board expansion cannot publish late entries (0.216584ms)
✔ tracking transport binds owner, stops on permission failure and does not relabel name/market requests (24.484416ms)
✔ late auth error on an already-cancelled old transport never stops the next job (2.646417ms)
✔ route delegates lifetime and owns bounded vertical scrolling; application binds ownership (8.280375ms)
✔ finished batches emit independent history even without a route consumer (1.635041ms)
✔ tracking identity separates asset types, exchanges and board catalogues (1.681084ms)
✔ cloud book validates without silently dropping corrupt groups or duplicate entries (0.718958ms)
✔ expansion preserves every member and all board/direct sources, not a 200-row display page (1.258208ms)
✔ membership failure is explicit and malformed partial membership is never accepted (0.232584ms)
✔ batch runs sequentially, keeps partial errors and continues after a failed target (7.071875ms)
✔ cancellation marks in-flight and unstarted rows, ignoring a late success (0.545ms)
✔ group breadth counts only available periods, never treats failed targets as neutral evidence (1.163209ms)
✔ every clickable breadth count equals matching target count; periods and point families stay independent (0.226542ms)
✔ exact current revision accepts only its own evidence without mutation (1.813792ms)
✔ old partition, stale version, future evidence and false completion are rejected (0.328541ms)
✔ historical audit cannot import a later opposite segment (0.092416ms)
✔ empty partitions and higher-proof priority retain explicit blockers (0.077167ms)
✔ new blockers use Chinese labels without calling prerequisites completion (0.145167ms)
✔ missing comparison interval is explained in Chinese without inventing a date (0.723291ms)
✔ special diagnostics identify each A indicator witness rather than the price witness (0.178416ms)
✔ nonstandard DEA axis gate remains explicit without an improvement requirement (0.139917ms)
✔ DEA tolerance discloses research threshold, precise deviation and near-zero fallback (0.1665ms)
✔ wave evidence separates effective A from original wave and local pivots (1.0485ms)
✔ rounded equal line extrema disclose the precise failed values and witness times (1.348708ms)
✔ comparisons are explicitly research only and preserve B/C axis checks (0.140292ms)
✔ unformed candidate shows Chinese gates, two-decimal values and rejection dates (0.109333ms)
✔ new nonstandard audit explicitly uses full A and first-formed reverse evidence explains gaps (0.177584ms)
ℹ tests 657
ℹ suites 0
ℹ pass 657
ℹ fail 0
ℹ cancelled 0
ℹ skipped 0
ℹ todo 0
ℹ duration_ms 9889.163584
→ 打包中…
→ 运行测试…
京东方评级: D 分数: 34.3
维度明细: 卡玛比率=22.7, 最大回撤=27.5, 胜率=33.5, 利润因子=34.1, 夏普比率=41.5, 波动率=50.1
否决: 利润因子 1.11 接近 1，仅勉强盈亏平衡
长线优质策略评级: B 分数: 64.5
维度权重: 卡玛比率=28%, 最大回撤=26%, 胜率=0%, 利润因子=0%, 夏普比率=23%, 波动率=23%
优质案例评级: A 分数: 83.9
寻优点评级: A 74
组合重算指标: { '年化': '20.83%', '回撤': '0.80%', '夏普': '5.27', '卡玛': '26.03' }
稳定上涨组合评级: S 91.8
波动组合重算: { '回撤': '44.15%', '夏普': '-2.64', '持续': 60 }
波动组合评级: D 18.5
✔ 新版组合评级使用后端采样，不按图表柱数重新日线年化 (1.35275ms)
✔ 必要风险指标缺失不能展示为零风险或正常评级 (0.2785ms)
✔ 无穷比率不等于满分，真实零利润因子仍按亏损判断 (0.365875ms)
✔ 京东方回测必须评为 D 档（用户核心诉求验证点） (0.739209ms)
✔ 京东方评分应在 30-43 区间（C 与 D 的边界） (0.1085ms)
✔ 低利润因子触发系统亏损否决 (0.067584ms)
✔ 样本不足（< 10 笔交易）降权但不否决整个评级 (0.127584ms)
✔ 用户实测场景：6年6笔交易 + 高夏普 → 应得 A/B（核心回归测试） (0.138417ms)
✔ 深回撤 > 60% 触发直接 D 否决 (0.107083ms)
✔ 优质回测应得 A 或 S 档 (0.141958ms)
✔ 高回撤但收益高 → 最高 B（一票否决 cap） (0.079416ms)
✔ 插值函数：边界值取端点分数 (0.068875ms)
✔ 插值函数：中间值线性插值 (0.046875ms)
✔ 寻优评级：4 维度降级版 (0.085708ms)
✔ 寻优评级：网格点交易太少 → 降权但评级照常 (0.061833ms)
✔ 组合评级：稳定上涨净值应得 A 或 S (1.660584ms)
✔ 组合评级：高波动深回撤净值 → 低档 (0.476959ms)
✔ combinedMetrics：单点净值返回全 0（兜底） (0.040959ms)
✔ 历史组合仅保留原值，不从曲线推断日线或重算评级 (0.427625ms)
✔ v1-v4、未知版本及不完整依据不伪装为新版结果 (0.519125ms)
✔ 新版结果使用已记录指标，真实 999 和零不被当作历史哨兵 (0.06675ms)
✔ 指标状态缺失或与数值冲突不能产出评级，包括被降权维度 (0.085833ms)
✔ 低交易样本的真实不可用逐笔指标仍可降权，不误拦截可用净值评级 (0.077209ms)
✔ 寻优逐行核验新版采样与候选状态，输入范围不替代候选证据 (0.100125ms)
✔ 完整快照保留精度、真实 0/999、全部指标及版本且不关联可变输入 (0.691167ms)
✔ 策略保存接受真实 Vue 响应式结果，不因 Proxy 无法 structuredClone 而失败 (0.619375ms)
✔ 再次保存历史指标不补造新版计算或评级依据 (0.104334ms)
✔ 对比展示原值并指出版本、周期、范围与利率差异，不自动重算 (0.251167ms)
ℹ tests 28
ℹ suites 0
ℹ pass 28
ℹ fail 0
ℹ cancelled 0
ℹ skipped 0
ℹ todo 0
ℹ duration_ms 94.072875
