
> web-ui@0.0.0 test
> node scripts/run-tests.mjs

✔ tracking is restricted to active administrators and explicitly authorized users (0.421792ms)
✔ presence requires visible focused recent interaction and never negative elapsed time (0.105625ms)
✔ admin query descriptions label metadata and disclose truncated targets (0.181708ms)
✔ code labels use market-qualified identities and visible missing-name fallback (0.600709ms)
✔ name hydration is automatic, market-separated, bounded, and abort-aware (24.727291ms)
✔ all current chart inspector evidence stays readable without altering original nested data (6.609542ms)
✔ reject malformed fields reachable from overlays, popovers and every inspector section with exact paths (15.132292ms)
✔ optional old fields and empty failure checkpoints remain readable, no missing-state invention (0.1695ms)
✔ archive calendar validation rejects normalized impossible dates and illegal clock/offset values (3.174583ms)
✔ bar validation compares actual instants, retains raw strings, rejects equal instants and malformed volume (0.798083ms)
✔ existing frozen matrix bar sources remain readable without mutation (24.347834ms)
✔ event lists and evidence-set reordering never imply new or changed signals; originals remain intact (11.759375ms)
✔ state, lifecycle times and unrounded evidence are classified separately on the same identity (0.871417ms)
✔ same date across families and sides remains independent; true event additions/removals are distinct (1.139667ms)
✔ duplicate identities preserve all records and are never paired arbitrarily (2.592791ms)
✔ missing identity does not cause false removals or additions in its collection (0.36125ms)
✔ missing source/list is unknown, not empty or proof of no events (0.31525ms)
✔ never-candidate diagnostics match without A or reference, including special B-only records (0.440667ms)
✔ A trimming changes evidence not identity; original wave anchors and reference changes distinguish bases (1.263667ms)
✔ date normalization preserves intraday, microsecond and timezone distinctions (3.246459ms)
✔ source differences and unknown fields/ordered evidence are retained (0.637708ms)
✔ different instruments, periods or study results are not matched (0.08775ms)
✔ structure divergences are supported without inventing MACD wave anchors (0.265375ms)
✔ legacy local migration keeps original payload, precision, versions and unknown fields without upgrading (4.3655ms)
✔ cloud exports use latest metadata but retain the original immutable payload, not old cloud ID/revision (0.67875ms)
✔ study import preserves successful and failed periods plus original warmup and primary metadata (0.674166ms)
✔ unknown, incomplete, oversized and nonfinite backups are rejected, never uploaded as summaries (636.545208ms)
✔ all supported chart outputs preserve full precision, null warmups, style and instance order (16.626667ms)
✔ migration IDs survive rescanning/reload, preserve precision and isolate owners and changed content (14.098125ms)
✔ migration rejects missing owners, foreign archives and malformed inputs before upload (1.30975ms)
✔ post-inspection changes never upload under a previously confirmed identity (1.739875ms)
✔ lost response retries the same immutable body and id, without automatic retry or local deletion (1.406417ms)
✔ stop or account changes before/after read and upload discard stale results (1.719417ms)
✔ deleted cloud copies are not restored, purged copies and wrong response IDs are not treated as success (0.762458ms)
✔ chart plan freezes original data and uses original identity/window, not current selection (5.387542ms)
✔ missing volume/time/parameters and unsupported length never silently become a smaller/default study (7.236375ms)
✔ study plan preserves actual research settings and saved time labels (0.198208ms)
✔ saved structural settings survive chart and study archive replay; mismatch is rejected (1.355709ms)
✔ unrounded path diff distinguishes null, missing, structure, empty arrays, and ordering (0.616166ms)
✔ response must match request, instrument, version, scope and period identities (0.566ms)
✔ new archive retains original bars/lineage but never relabels frozen old indicators as recomputed (0.419208ms)
✔ study without saved input retains an explicit uncomputed row, never pretends all periods succeeded (0.208834ms)
✔ complete indicator recompute preserves saved settings, checks response and saves only new values (1.462125ms)
✔ missing or unknown saved indicator parameters cannot borrow current defaults (0.32925ms)
✔ original valid study rows retain precision, unknown fields, true zero and no recomputation (6.699875ms)
✔ invalid nested fields become explicit per-period errors, not silently missing rows (1.680292ms)
✔ strict pen fields reject coercion and preserve historical source errors without reading their invalid nested fields (1.128417ms)
✔ duplicates are not cherry-picked and malformed or future rows remain in original-record entries (0.295792ms)
✔ full backtest file and cloud envelope retain all fields; no implicit Chanlun recompute (3.379083ms)
✔ invalid cash cannot become a readable archive (0.107875ms)
✔ invalid params cannot become a readable archive (0.076333ms)
✔ invalid adjust cannot become a readable archive (0.098042ms)
✔ invalid null lineage cannot become a readable archive (0.127834ms)
✔ invalid net value cannot become a readable archive (0.092291ms)
✔ invalid future trade cannot become a readable archive (0.084125ms)
✔ invalid duplicate date cannot become a readable archive (0.077833ms)
✔ invalid missing metrics cannot become a readable archive (0.080375ms)
✔ invalid nested infinity cannot become a readable archive (1.343958ms)
✔ invalid coerced rejected cannot become a readable archive (0.136708ms)
✔ actual store freezes submitted input and result separately from later source mutation (411.613709ms)
✔ actual store rejects stale or failed owner run and clears prior archive (53.941833ms)
✔ actual store rejects stale or failed input run and clears prior archive (26.018125ms)
✔ actual store rejects stale or failed clear run and clears prior archive (72.939ms)
✔ actual store rejects stale or failed failure run and clears prior archive (45.816125ms)
✔ trade lookup keeps the exact minute across separators, precision and days (0.665167ms)
✔ date-only values cannot choose the midnight bar of an ambiguous day (0.079792ms)
✔ daily and duplicate exact timestamps keep first positional matches (0.073916ms)
✔ nanoseconds and timezone text are not truncated into a false match (1.77075ms)
✔ date labels preserve useful precision without local timezone conversion (0.259416ms)
✔ higher sources resolve actual records and separate original from current review time (1.07225ms)
✔ base sources and foreign witness rejection have distinct Chinese descriptions (0.095625ms)
✔ inconsistent candidate has no replay evidence: unknown reason (0.22325ms)
✔ inconsistent candidate has no replay evidence: prototype key (0.223166ms)
✔ inconsistent candidate has no replay evidence: future version (0.162292ms)
✔ inconsistent candidate has no replay evidence: future completion (0.138125ms)
✔ inconsistent candidate has no replay evidence: missing time (0.985167ms)
✔ inconsistent candidate has no replay evidence: empty source (0.129667ms)
✔ inconsistent candidate has no replay evidence: duplicate source (0.145625ms)
✔ inconsistent candidate has no replay evidence: unknown source (0.401792ms)
✔ inconsistent candidate has no replay evidence: mixed levels (0.18325ms)
✔ inconsistent candidate has no replay evidence: future child (0.160792ms)
✔ inconsistent candidate has no replay evidence: wrong child level (0.422583ms)
✔ inconsistent candidate has no replay evidence: duplicate record (0.073667ms)
✔ inconsistent candidate has no replay evidence: empty record range (0.060792ms)
✔ inconsistent candidate has no replay evidence: gap (0.05125ms)
✔ inconsistent candidate has no replay evidence: wrong parent range (0.042667ms)
✔ inconsistent candidate has no replay evidence: reversed sources (0.211458ms)
✔ inconsistent candidate has no replay evidence: unsafe base number (0.174333ms)
✔ 80 percent transparency is 20 percent alpha, for both candle directions (0.470125ms)
✔ transparency stays finite, integer, and bounded (0.087167ms)
✔ body is symmetric around the unchanged wick across widths and fractional positions (2.69175ms)
✔ horizontal candles preserve every price coordinate (0.1095ms)
✔ missing or non-finite candle layouts are left untouched (0.094ms)
✔ native ECharts layout remains centred after resize, zoom and data replacement (430.236792ms)
✔ zooming out of large-data line mode restores centred candle bodies (25.196208ms)
✔ structure widths retain existing defaults and hover appearance (0.808875ms)
✔ manual values stay finite, bounded, and at two decimal places (0.142208ms)
✔ raw index overrides rounded dates, including zero (0.985291ms)
✔ legacy intraday dates never fall back to the first bar of the day (0.112458ms)
✔ duplicate formatted times fail safely without a raw index (0.082084ms)
✔ padding keeps the 23px marker plus radius inside the price pane (0.116625ms)
✔ flat, zero and negative ranges get finite padding; invalid extents do not (0.076875ms)
✔ single-bar time link is a thin line limited to each actual plot (3.877917ms)
✔ multi-bar time link has no border and clips to plot, never clamps offscreen data to an edge (0.128417ms)
✔ time links map daily coverage to all minute bars, not a matching ordinal (0.17175ms)
✔ weekly and monthly end-labelled bars cover earlier constituent dates without changing data (1.750875ms)
✔ nearest marker wins regardless of signal family, only co-located points share chooser (0.566708ms)
✔ immutable request cache deduplicates pending work, isolates payload keys and retries errors (0.708709ms)
✔ all six structural types keep extrema and confirmation separate with original evidence (0.618667ms)
✔ legacy records do not invent confirmation or structural sources (0.212666ms)
✔ M1 keeps independent MACD source and original direction, never a structural type (1.300292ms)
✔ all chart layers override independent animation and progressive rendering (1.129208ms)
✔ archive tooltip labels and evidence remain text, not active HTML (0.471209ms)
✔ rejects invalid saved zooms (2.261666ms)
✔ same-snapshot redraw keeps current manually chosen view (0.252458ms)
✔ focus redraw keeps manual zoom; clearing restores pre-focus view (0.184458ms)
✔ switching focus preserves the original return view (0.21025ms)
✔ new snapshot resets saved focus view and never revives old zoom (0.161333ms)
✔ default inactive; moving does not show cards and leaving does not deactivate (3.89275ms)
✔ object previews can read date-card activation without activating it (4.389417ms)
✔ click selects a point; outside click closes; inside click is not dismissed (0.206583ms)
✔ activated cards follow movement until outside dismissal, then require another click (0.651834ms)
✔ zoom clears stale coordinates but preserves activation (0.094083ms)
✔ data reset and Escape deactivate; teardown removes all handlers (1.143417ms)
✔ archive requests bind current owner and bypass browser cache (74.883958ms)
✔ cloud directory validates all rows, quotas and identities without dropping broken entries (85.266ms)
✔ original detail requires an object payload but action receipts may omit it (1.516708ms)
✔ account change discards delayed success and delayed errors (1.525791ms)
✔ unauthenticated archive requests do not reach server; structured conflicts remain actionable (0.250166ms)
✔ upload retries retain immutable captured body and all numerical precision (2.014708ms)
✔ directed centre chain is candidate evidence, not completion (0.895666ms)
✔ touching, opposing, future, overlapping or malformed chains fail closed (0.228958ms)
✔ single-centre and legacy components remain readable (0.065375ms)
✔ inside, border, reversed y and overlapping rectangles resolve newest first (2.402208ms)
✔ invalid or missing render coordinates cannot create hits (0.117042ms)
✔ popup stays within narrow viewport and near-edge right click (0.095333ms)
✔ roles are Chinese and unknown roles never claim completion (1.567125ms)
✔ source ranges keep one-based indices without disguising gaps (0.242542ms)
✔ coverage checks counts, repeats and missing IDs (0.262792ms)
✔ missing, empty and rejected suffix are explicit (0.098791ms)
✔ invalid counts and empty blocks cannot pass the coverage audit (0.087417ms)
✔ uses raw indices, allows shared endpoints and bounds zoom padding (21.39625ms)
✔ does not invent a B interval or infer indices from formatted dates (0.582208ms)
✔ rejects partial, reversed, overlapping and out-of-snapshot evidence (0.732083ms)
✔ allows inspection of historical failed evidence without reviving it (0.128125ms)
✔ local proof draws frozen exact endpoints only after its actual confirmation (0.182833ms)
✔ dual-line divergence uses two exact raw indices, never artificial ABC ranges (0.323916ms)
✔ dual-line focus rejects missing, duplicate, reversed and out-of-range points (0.379792ms)
✔ special wave focus uses AB and its extreme without inventing C (0.149666ms)
✔ direction, family and lifecycle have independent marker styles (0.629041ms)
✔ no-C dual-line remains a circle and fills only on first reverse-pen confirmation (2.623334ms)
✔ M1 is restricted to confirmed waves with a later actual confirmation (0.594875ms)
✔ four families retain independent records and nonstandard uses a triangle (0.253208ms)
✔ October 4 marker matrix uses shape for family and colour only for direction (0.224125ms)
✔ special AB evidence separates A line extrema from both price anchors and legacy pivots (0.227666ms)
✔ history is opt-in, inactive stays grey hollow, never creates M1 (31.145917ms)
✔ every historical shape uses a continuous hollow contour, including on hover (0.858042ms)
✔ new nonstandard evidence relaxes prices only and records each subtype (0.2365ms)
✔ new dual rule cannot fill without recorded later local confirmation (0.16175ms)
✔ historical engineering match retains original timing without claiming regrouping completion (3.542709ms)
✔ future, stale, mismatched or incomplete evidence fails closed (0.324416ms)
✔ older snapshots and unmatched parts keep existing natural audit available (0.065875ms)
✔ engineering provenance uses the same one-based numbering as other inspectors (0.571166ms)
✔ mixed recursion distinguishes consolidation and trend from the old trend view (1.263208ms)
✔ unknown or reversed provenance is not presented as a completed trend (0.151125ms)
✔ indicator and price values use two decimals without inventing missing evidence (0.138ms)
✔ recursive centre relations never call extension candidates completed types (0.105584ms)
✔ admissions distinguish unit confirmation from later failed-return admission (0.076625ms)
✔ display fields retain all text including dates, provenance, and secondary colons (0.797666ms)
✔ narrative, missing evidence, and timestamp headings remain whole (0.116875ms)
✔ selects the exact source without replacing missing comparison periods with the primary (0.418167ms)
✔ prefix audit preserves original warmup snapshot and its own instrument and period (0.415584ms)
✔ rejects invalid positions, missing identity and explicitly unclosed prefix data (0.178875ms)
✔ optimization carries full execution and identity without live defaults (42.643666ms)
✔ malformed, mixed, missing or conflicting optimization context never silently defaults (0.826375ms)
✔ multi original replay preserves costs, slots and adjustment; extend changes only end dates (0.376459ms)
✔ multi rejects corrupt and incompatible slots without dropping or repairing any (0.300667ms)
✔ legacy missing settings are disclosed with deterministic defaults, explicit invalid values rejected (0.150541ms)
✔ combining equal-account singles preserves per-slot cash and costs; conflicts rejected not rewritten (0.349708ms)
✔ all candidate states distinguish eligibility from completed natural types (0.5535ms)
✔ opposite geometry identifies reused next-part evidence, including nonzero source IDs (0.577875ms)
✔ external opposite geometry is not added to candidate membership (0.10675ms)
✔ missing, stale, misattributed or future opposite geometry is not displayed as matched (0.139084ms)
✔ preferred endpoints are never called completed types; conflicts are retained (0.12175ms)
✔ opposite base turn is not same-level completion (0.096041ms)
✔ price formatting preserves zero and boundary contact, guards non-finite values (0.114792ms)
✔ candidate audit joins by identity, not response order (0.07475ms)
✔ part audit must match ordinal AND exact raw source IDs, including shifted IDs (0.144333ms)
✔ locates the three raw ranges without relabelling them as MACD or confirmed centres (1.336ms)
✔ candidate must already be observable at the CURRENT replay prefix (0.611917ms)
✔ no incomplete, waiting or unsupported candidate is given a fabricated range (0.2635ms)
✔ raw bar boundaries must be contiguous and inside the visible window (0.339166ms)
✔ source partitions must cover every original segment once, preserving nonzero IDs (0.28275ms)
✔ conflicting geometric fallback remains viewable for manual audit (0.17575ms)
✔ clearing a regrouping focus restores original zoom; a new replay snapshot does not (0.290083ms)
✔ membership labels distinguish source confirmation from later admission (0.799583ms)
✔ admission witness distinguishes confirmation dependency from geometric membership (0.128458ms)
✔ old or malformed evidence never invents an admission witness (0.080958ms)
✔ real frozen result archives preserve every input, missing tag, precision and failed factor (10.191ms)
✔ factor cloud envelope imports as independent copy without original identity (52.962791ms)
✔ partial or incompatible archives fail explicitly, not repaired from the current catalog (455.662167ms)
✔ read-only renderer has no execution or market API imports; explicit replay is separate (16.650625ms)
✔ same-account profile refresh preserves replay state; identity changes invalidate synchronously (3.45375ms)
✔ benchmark dependency uses declared input not a guessed name (0.495292ms)
✔ pool rejects mixed frozen index versions, allowing different stock calendars (1.52675ms)
✔ frozen exact pairing retains absent date and rejects silent fill or replacement (0.270916ms)
✔ failed auxiliary fetch must be explicitly recorded for both fields; legacy needs none (0.082833ms)
✔ UI exposes benchmark conditionally and invalidates both research paths (4.294292ms)
✔ library navigation and Chinese/identifier/family search preserve full matching set (0.616541ms)
✔ availability is evaluated by adjustment and period without mutating selections (0.457583ms)
✔ single and multi-track axes share compact large units and distinct small ticks (1.7405ms)
✔ correlation uses its mathematical range; raw factors keep their own scale (0.143959ms)
✔ tiny values remain visible and tooltip raw precision is not rounded (0.101791ms)
✔ percentage is presentation only, gaps and source values are preserved (0.4525ms)
✔ disabled combination does not add implicit weights; enabled selection is explicit (3.368333ms)
✔ actual Python report preserves the combination through export and read-only reopen (61.742791ms)
✔ incomplete or contradictory composition archive is rejected, never repaired (195.393208ms)
✔ horizon selection is bounded, canonical and never silently amended (10.257917ms)
✔ horizon view uses frozen results without changing configuration or primary report (12.235959ms)
✔ all horizons survive draft/export/import and old single archives still read (37.574833ms)
✔ missing windows, wrong labels and disagreement with primary reports fail closed (60.737041ms)
✔ request selection invalidates immediately; display-only switching does not (2.630208ms)
✔ multiple horizons dispatch one explicitly manual request with complete selection (38.916916ms)
✔ dimensionless exponents are not presented as bar counts (12.766208ms)
✔ filtered sample windows are never labelled as calendar periods (0.874291ms)
✔ named GTJA dependency paths use maximum chain and all edited windows (0.811125ms)
✔ GTJA compound windows and cross-library identical mean ratios are explicit (0.180042ms)
✔ parameter selection copies only active settings without mutating cached settings (0.155209ms)
✔ builtin decimal multiplier, ordering, effective identity and actual labels (0.168417ms)
✔ reset only one parameter, retain other overrides without mutating input (0.099834ms)
✔ history warning uses full effective warmup, not all parameters as rolling windows (1.832917ms)
✔ names and validation use actual windows; equivalent formula choices rejected (1.058791ms)
✔ recompute task request binds owner, source revision and manual intent; polling stays automatic (81.310125ms)
✔ history retains the complete recompute envelope, not just numerical results (14.343625ms)
✔ replay uses shared task invalidation and archive saving preserves replay metadata (1.771584ms)
✔ statistics version is frozen provenance, never inferred as the current version (15.044458ms)
✔ factor glossary accepts standard abbreviations with spaces or underscores (0.530291ms)
✔ factor missing values never become valid zero (0.266916ms)
✔ factor ranking is stable, non-mutating and missing-last in both directions (24.121291ms)
✔ small factor values do not round to fake zeros; raw precision keeps original number (0.12525ms)
✔ compatibility aliases are only shown for exact legacy lookup or active selection (0.108125ms)
✔ series automatic initialization is system intent, only deliberate task submission is a query (124.829458ms)
✔ saved series task reopens as series without lookup, all diagnostics and original inputs survive (17.482666ms)
✔ cleared series execution cannot publish an old stock result (0.235125ms)
✔ live series and history use shared tasks, invalidate on input/account/route and never treat as trading backtest (1.569583ms)
✔ late catalog never submits after unmount, input/account/tab changes, or manual run (0.406708ms)
✔ failed catalog does not silently start default research or publish after leaving (0.212459ms)
✔ favorite IDs are bounded, deduplicated and malformed saved preferences never get overwritten (3.822875ms)
✔ favorites use acknowledgment and only patch their own key; same-session writes serialize (0.489041ms)
✔ failed favorite updates do not pretend success and can retry (0.246292ms)
✔ other preference acknowledgment exposing pending patch cannot fake a saved favorite (0.202375ms)
✔ owner switch clears state immediately and old failure cannot affect new save (2.893ms)
✔ series compare shares all x axes but preserves independent raw values, scales, gaps and tooltip precision (0.88425ms)
✔ future appending leaves prior plotted values unchanged, missing is never replaced by zero (0.167583ms)
✔ multi-factor comparison is reused in live and read-only views, favorites do not change research settings (3.655125ms)
✔ factor submission marks only explicit dispatch, preserves owner/signal, polling/cancel stay automatic (24.51275ms)
✔ cancel acknowledged during pending poll cannot regress UI or publish partial result (14.259917ms)
✔ late cancellation cannot revive cleared or changed-account task UI (0.961708ms)
✔ unconfirmed cancellation keeps polling; successful task remains recoverable (1.357459ms)
✔ factor panel uses shared execution and distinguishes cancel from detach (0.333541ms)
✔ explicit stock-only finite latest selection; missing and fund/index stay unavailable (1.339416ms)
✔ origin and precision survive JSON and later group membership edits (0.695959ms)
✔ only explicit action writes owner assertion and source revision, never sends computed score (76.058708ms)
✔ late owner response rejected; permission denial and source mismatch not successful (0.609333ms)
✔ time modes construct explicit configs without random dates or implied training (3.980542ms)
✔ invalid dates, hidden shrinkage and numeric coercion are rejected (0.34725ms)
✔ full frozen time results survive import, draft and readonly validation unchanged (8.191916ms)
✔ missing, mismatched and nonfinite temporal archive results fail explicitly (19.087625ms)
✔ changes invalidate synchronously; same-account profile refresh does not change split (1.54625ms)
✔ menus stay inside phone, keyboard and landscape viewports (0.573666ms)
✔ near-bottom controls open upwards without changing ordinary desktop width (2.883917ms)
✔ warmup null, missing and invalid indicator values never become invented zeroes (1.056541ms)
✔ freeze all supported indicator outputs, warmup holes, volume averages and exact numerical precision (74.417ms)
✔ frozen playback keeps captured values despite different current prices and never queries APIs (0.657375ms)
✔ malformed or mismatched frozen values fail closed, never fall back to recomputation (0.613958ms)
✔ marker hit uses signed stacking offset for both directions, not candle position (1.469875ms)
✔ symbol size and invalid render positions are handled safely (0.100875ms)
✔ market tab changes discard old success and cannot stop the new spinner (357.231625ms)
✔ market late failure after filter cannot resurrect an error (79.72025ms)
✔ market late failure after owner cannot resurrect an error (14.338125ms)
✔ market late failure after unmount cannot resurrect an error (32.248708ms)
✔ directory count failure preserves valid rows; late totals cannot cross markets (29.105833ms)
✔ board selection clears old details and ignores slower preceding member responses (85.8605ms)
✔ board list filter changes invalidate pending member requests and prevent old auto-selection (62.334542ms)
✔ default board preload remains system-origin after manual list refresh (11.136542ms)
✔ belonging response after stock cannot change results or stock history (57.358792ms)
✔ belonging response after owner cannot change results or stock history (51.12625ms)
✔ belonging response after unmount cannot change results or stock history (32.65325ms)
✔ current belonging success records captured stock; concurrent member failure has separate feedback (119.950334ms)
✔ market selection uses loaded market, clears on filters, and distinguishes shared stock/index codes (46.291ms)
✔ board analysis uses result classification; members require their own market (65.281125ms)
✔ aborted late response cannot publish metadata even if transport ignores abort (78.161375ms)
✔ missing provenance or silently changed adjustment never reaches research (0.146ms)
✔ reported gaps do not falsely label suspension or prevent inspecting valid candles (0.340541ms)
✔ history fetch consumes one verified range and publishes complete metadata only after validation (0.5785ms)
✔ unclosed response never updates provenance or reaches the backtest (0.257666ms)
✔ null, true zero, infinities and real 999 are distinct after JSON roundtrip (0.489041ms)
✔ single, saved and comparison results retain authoritative metric basis (1.092917ms)
✔ whole proof validated without mutation, and cross-role ownership remains visible (1.025708ms)
✔ stale, future, duplicated, incomplete, falsely completed and mismatched sources rejected (0.364458ms)
✔ base runs cannot masquerade as proofs or own multiple provisional regions (0.083292ms)
✔ blocked covers show full conflicts, never fabricated flattened blocks (0.101792ms)
✔ labels retain provisional scope (0.124708ms)
✔ all seven MA presets are available but only MA5 and MA10 start visible (0.754208ms)
✔ each chart session gets independent editable settings without changing presets (0.079125ms)
✔ MA presets retain the requested yellow, white, purple, green, cyan, orange, red palette (0.074584ms)
✔ legend retains every MA choice and explicit hidden states override stale chart selection (0.099ms)
✔ cross-boundary details resolve actual input and nested ownership records (1.302041ms)
✔ unowned reverse evidence stays explicitly unowned for boundary rejection (0.10975ms)
✔ foreign witness can be shown for an otherwise single-owner candidate (0.094334ms)
✔ legacy candidates do not invent missing conflict details (0.137292ms)
✔ damaged detail is not presented: mismatched candidate sources (0.07925ms)
✔ damaged detail is not presented: wrong layer (0.055416ms)
✔ damaged detail is not presented: unknown reverse input (2.446166ms)
✔ damaged detail is not presented: wrong reverse range (0.073709ms)
✔ damaged detail is not presented: reverse overlaps prices (0.075208ms)
✔ damaged detail is not presented: future reverse confirmation (0.117042ms)
✔ damaged detail is not presented: wrong reverse time (0.080542ms)
✔ damaged detail is not presented: incomplete domain list (0.068041ms)
✔ damaged detail is not presented: duplicate domains (0.053375ms)
✔ damaged detail is not presented: noncontinuous domain (0.044791ms)
✔ damaged detail is not presented: foreign domain misses witness (0.049667ms)
✔ damaged detail is not presented: false unowned witness (0.048292ms)
✔ damaged detail is not presented: missing nested record (0.056459ms)
✔ damaged detail is not presented: wrong reason (0.05475ms)
✔ only current owner revisions form the displayed ownership set (2.424042ms)
✔ internal provenance remains distinct and validates enclosing ownership (0.365584ms)
✔ parent-covered history is not labeled as an additional effective input (0.076ms)
✔ nested provenance validates containment and strictly increasing input levels (0.169917ms)
✔ current owner labels are distinct from creation IDs and tolerate old snapshots (0.092042ms)
✔ summary mode lists every historical address, not just current versions (0.932542ms)
✔ full and missing legacy snapshots stay readable without inventing history (0.095208ms)
✔ all four analysis paths explicitly request summary delivery without changing input (0.877792ms)
✔ complete lifecycle stays chronological, does not mutate input, and uses Chinese labels (9.47425ms)
✔ legacy or future history is not invented (0.139292ms)
✔ dangling, reordered, duplicated, miscounted and conflicting histories fail closed (1.814875ms)
✔ equal counts cannot hide swapped source identities (0.36725ms)
✔ intermediate event boundaries must equal actual inherited and added sources (0.149709ms)
✔ input evidence must exist at the correct level and be available at admission (0.380875ms)
✔ invalid domain sources, membership and parent context fail closed (0.189042ms)
✔ leftward growth, shifted sources and newly filled merge gaps remain valid (0.148458ms)
✔ both periods exclude future and open candles while retaining original warm-up start (6.808625ms)
✔ snapshot observation time caps cutoff; bar start before cutoff is not enough (0.124458ms)
✔ no timeframe fallback or fabricated candles when historical minute range is unavailable (0.07075ms)
✔ index and board snapshots retain NONE adjustment, mismatch is rejected (0.238ms)
✔ missing completion evidence, timezone timestamps and unordered bars fail explicitly (0.145333ms)
✔ week/month completion boundary comes from provider annotation, not day label (0.10125ms)
✔ matrix defaults to five requested periods and includes separate buy/sell evidence column (0.957292ms)
✔ does not turn current reversal observation into a confirmed opposite pen (0.168209ms)
✔ keeps true zero distinct from missing, and numerical display never overwrites original axis judgment (0.126542ms)
✔ keeps divergence family, extrema and actual confirmation separate; never drops records (7.078583ms)
✔ missing pen and divergence are bounded claims; quality limitations stay visible (0.188041ms)
✔ buy/sell evidence distinguishes missing old archives, no points, structure and M1 (1.359541ms)
✔ portfolio: all original values survive import and cloud envelope; no Chanlun recompute (46.538958ms)
✔ portfolio: actual component fetches only explicitly, binds owner/request/result and freezes capture (14.418959ms)
✔ portfolio: late receipt discarded after owner (2.142542ms)
✔ portfolio: late receipt discarded after request (1.01425ms)
✔ portfolio: late receipt discarded after task (1.805083ms)
✔ portfolio: late receipt discarded after result (2.058375ms)
✔ portfolio: late receipt discarded after busy (0.823ms)
✔ portfolio: late receipt discarded after unmount (0.696833ms)
✔ portfolio: invalid missing rejected (0.1855ms)
✔ portfolio: invalid allocation rejected (0.217625ms)
✔ portfolio: invalid metadata rejected (0.1025ms)
✔ portfolio: invalid date rejected (0.098625ms)
✔ portfolio: invalid precision rejected (0.182541ms)
✔ portfolio: invalid curve rejected (0.1805ms)
✔ portfolio: invalid request rejected (0.078958ms)
✔ portfolio: invalid trade rejected (0.130708ms)
✔ portfolio: unavailable or different task never falls back to fetching data (40.917375ms)
✔ multi_strategy: all original values survive import and cloud envelope; no Chanlun recompute (4.702959ms)
✔ multi_strategy: actual component fetches only explicitly, binds owner/request/result and freezes capture (2.863166ms)
✔ multi_strategy: late receipt discarded after owner (2.687625ms)
✔ multi_strategy: late receipt discarded after request (1.605083ms)
✔ multi_strategy: late receipt discarded after task (1.694667ms)
✔ multi_strategy: late receipt discarded after result (1.188292ms)
✔ multi_strategy: late receipt discarded after busy (0.794417ms)
✔ multi_strategy: late receipt discarded after unmount (0.76375ms)
✔ multi_strategy: invalid missing rejected (0.127875ms)
✔ multi_strategy: invalid allocation rejected (0.197959ms)
✔ multi_strategy: invalid metadata rejected (0.091708ms)
✔ multi_strategy: invalid date rejected (0.107041ms)
✔ multi_strategy: invalid precision rejected (0.179667ms)
✔ multi_strategy: invalid curve rejected (0.154917ms)
✔ multi_strategy: invalid request rejected (0.0885ms)
✔ multi_strategy: invalid trade rejected (0.108167ms)
✔ multi_strategy: unavailable or different task never falls back to fetching data (2.020584ms)
✔ normalized server defaults may extend but not alter submitted parameters (0.072375ms)
✔ library original/extended multi replay uses saved costs despite global preference changes (190.844375ms)
✔ portfolio load -> actual store task lifecycle -> save uses identical context and all costs (225.461208ms)
✔ portfolio catalog-stage input is isolated before saved fetch (126.335792ms)
✔ portfolio catalog-stage params is isolated before saved fetch (168.763584ms)
✔ portfolio catalog-stage owner is isolated before saved fetch (95.134584ms)
✔ portfolio catalog-stage failure is isolated before saved fetch (83.663125ms)
✔ portfolio catalog-stage empty is isolated before saved fetch (50.624458ms)
✔ pending portfolio cannot survive input (55.085709ms)
✔ pending portfolio cannot survive owner (76.766375ms)
✔ pending portfolio cannot survive unmount (75.892125ms)
✔ store account epoch clears completed results in all four task families (22.668625ms)
✔ runPortfolio old account error is ignored even after switching back (39.684375ms)
✔ runMultiStrategy old account error is ignored even after switching back (39.34025ms)
✔ runOptimize old account error is ignored even after switching back (50.9945ms)
✔ runOptimizeAll old account error is ignored even after switching back (38.321083ms)
✔ optimizer takes an input snapshot before awaiting bars and hands off the result strategy/adjustment (37.062584ms)
✔ portfolio late save cannot close or annotate newly changed configuration (20.837292ms)
✔ library name lookup cannot mix later input or account into a save (137.236042ms)
✔ library saves a multi result with submitted adjustment, not the later global preference (32.404ms)
✔ late library list cannot replace a newly created record and owner change clears all personal rows (27.518209ms)
✔ portfolio identity rejects mixed markets, repeats and invalid lengths (0.284333ms)
✔ late preference response cannot revert a newer adjustment; queued patch is captured (227.40525ms)
✔ account switch drops old queue, permits new account immediately and ignores late response (23.297625ms)
✔ same-account logout/login does not accept response from prior session epoch (20.661417ms)
✔ failed saves reject caller, do not wedge queue or restore stale role permissions (11.908ms)
✔ mismatched response owner and logged-out saves are rejected (39.091334ms)
✔ market preference watcher survives the first route unmount and follows owner changes (9.386666ms)
✔ tracking ownership watcher survives route scope disposal and clears on revocation or logout (332.128833ms)
✔ late name hydration cannot write across accounts; new owner hydrates independently (105.033166ms)
✔ sidebar hydration never writes, old-owner timers cancel, failures are handled (92.432333ms)
✔ forming candles preserve OHLC and use dashed empty outlines (0.764458ms)
✔ forming volume and signed MACD columns preserve values and direction (0.119667ms)
✔ query defaults to system, manual intent is synchronous and explicit (0.499166ms)
✔ direct bar snapshot fetch preserves explicit intent, including failed requests (28.06575ms)
✔ pending manual requests do not mark concurrent automatic work or async continuations (0.30575ms)
✔ API dispatch tags manual queries but excludes automatic name lookup and task polling (1.608917ms)
✔ save keeps original full input separate from replay prefix, fully detached from live state (6.378083ms)
✔ same-bar opposite signals remain distinct; source survives JSON import without task or network (1.180792ms)
✔ recompute uses only saved chart prefix, keeps original scan signals and version unchanged (1.270333ms)
✔ reject wrong target before saving; never silently drop invalid lineage (4.154333ms)
✔ reject board target before saving; never silently drop invalid lineage (1.935916ms)
✔ reject wrong market before saving; never silently drop invalid lineage (0.292875ms)
✔ reject reference before saving; never silently drop invalid lineage (0.1675ms)
✔ reject invalid date type before saving; never silently drop invalid lineage (0.130875ms)
✔ reject noncanonical cutoff before saving; never silently drop invalid lineage (0.13725ms)
✔ reject row summary before saving; never silently drop invalid lineage (0.29875ms)
✔ reject row last date before saving; never silently drop invalid lineage (2.938042ms)
✔ reject outside signal window before saving; never silently drop invalid lineage (0.358167ms)
✔ reject row source before saving; never silently drop invalid lineage (0.238625ms)
✔ reject row requested adjust before saving; never silently drop invalid lineage (6.440209ms)
✔ reject row quality before saving; never silently drop invalid lineage (1.704333ms)
✔ reject open candle before saving; never silently drop invalid lineage (0.171125ms)
✔ reject unsupported storage before saving; never silently drop invalid lineage (12.775709ms)
✔ legacy snapshot without original input still opens without invented source (0.190792ms)
✔ original task references round-trip and legacy references remain distinguishable (2.457083ms)
✔ cache receipt must be a real ID string, never coerced or inherited from another owner (0.36375ms)
✔ all frozen bars and precision survive; changed code is disclosed, not represented as old execution (0.604ms)
✔ invalid original receipt task stops instead of substituting live data (0.150875ms)
✔ invalid original receipt row stops instead of substituting live data (0.077625ms)
✔ invalid original receipt market stops instead of substituting live data (0.065166ms)
✔ invalid original receipt symbol stops instead of substituting live data (0.0655ms)
✔ invalid original receipt params stops instead of substituting live data (0.059166ms)
✔ invalid original receipt strategy stops instead of substituting live data (0.080875ms)
✔ invalid original receipt fingerprint stops instead of substituting live data (0.111625ms)
✔ invalid original receipt adjust stops instead of substituting live data (0.089541ms)
✔ invalid original receipt signal stops instead of substituting live data (0.089833ms)
✔ invalid original receipt malformed signals stops instead of substituting live data (0.06275ms)
✔ invalid original receipt row error stops instead of substituting live data (0.062209ms)
✔ invalid original receipt storage stops instead of substituting live data (0.055375ms)
✔ invalid original receipt version stops instead of substituting live data (0.05475ms)
✔ invalid original receipt missing bars stops instead of substituting live data (0.058ms)
✔ invalid original receipt null bar stops instead of substituting live data (0.0655ms)
✔ invalid original receipt order stops instead of substituting live data (0.072458ms)
✔ invalid original receipt open bar stops instead of substituting live data (0.070666ms)
✔ invalid original receipt future stops instead of substituting live data (0.061667ms)
✔ invalid original receipt negative duration stops instead of substituting live data (0.065292ms)
✔ invalid original receipt missing cutoff stops instead of substituting live data (0.041584ms)
✔ invalid original receipt number string stops instead of substituting live data (0.060458ms)
✔ invalid original receipt NaN stops instead of substituting live data (0.053083ms)
✔ invalid original receipt bad low stops instead of substituting live data (0.057ms)
✔ invalid original receipt negative volume stops instead of substituting live data (0.053084ms)
✔ API sends owner and abort signal with no-store; unavailable receipt never calls a live feed (58.416667ms)
✔ radar submits captured owner with manual intent, polls as system, and preserves old cache adjustment (17.265459ms)
✔ late submit after adjust cannot become a scan result or cache (54.463292ms)
✔ late submit after window cannot become a scan result or cache (1.516041ms)
✔ late submit after owner cannot become a scan result or cache (0.910125ms)
✔ late submit after roundtrip cannot become a scan result or cache (1.051375ms)
✔ late submit after unmount cannot become a scan result or cache (1.930458ms)
✔ late poll after adjust cannot become a scan result or cache (1.011167ms)
✔ late poll after window cannot become a scan result or cache (2.210709ms)
✔ late poll after owner cannot become a scan result or cache (1.628375ms)
✔ late poll after roundtrip cannot become a scan result or cache (0.871583ms)
✔ late poll after unmount cannot become a scan result or cache (1.169667ms)
✔ a failed new scan cannot re-display or replace old success; explicit retry is independent (2.48025ms)
✔ invalid result rows is never cached (2.03925ms)
✔ invalid result counts is never cached (1.053292ms)
✔ invalid result id is never cached (1.213166ms)
✔ storage denial preserves valid live results with an explicit notice (1.457125ms)
✔ actual picker loads the original complete warmup and stores actual dates, not form defaults (5.991917ms)
✔ failed original input does not fall back to newly fetched prices (1.778417ms)
✔ pending original input cannot commit after owner (10.437416ms)
✔ pending original input cannot commit after code (1.103666ms)
✔ pending original input cannot commit after unmount (7.871083ms)
✔ radar review captures row adjustment, exact minute, strategy and original cutoff (10.498667ms)
✔ invalid or legacy reviews fail explicitly without guessing data or adjustment (0.728417ms)
✔ exchange-local dates validate without browser timezone conversion (12.310833ms)
✔ review excludes future and unclosed bars, resets derived fingerprint and reports actual range without mutating source (0.60325ms)
✔ radar cache is owner scoped and malformed/legacy records never enter the UI (6.81575ms)
✔ late messages, close and errors from an old socket cannot affect replacement (0.89475ms)
✔ invalid messages and control responses never become ticks; close reason retained (0.174958ms)
✔ matching versions are selected by case identity without mutation (0.868542ms)
✔ future snapshots, wrong rules, incomplete chains and duplicate cases are rejected (0.201916ms)
✔ labels never confuse endpoint consistency or higher-centre proof with completion (0.126291ms)
✔ v2 keeps the detached prefix and v1 remains readable (0.290625ms)
✔ v3 supports trend search while retaining the same ownership guards (0.108583ms)
✔ missing, duplicated, misattributed or silently completed prefix is rejected (0.304041ms)
✔ reincorporation is recorded explicitly instead of erasing detached history (0.688583ms)
✔ accepts bounded history and empty verified batches (0.509792ms)
✔ rejects wrong batch, future indices, broken sources and contradictory state (0.228958ms)
✔ research labels distinguish absence, release, retained and internal (0.078666ms)
✔ late old responses cannot own a newer research request (0.563041ms)
✔ submission fields are captured values, not mutable form references (1.100833ms)
✔ navigation preserves explicit stock/index/fund/board identity and parameters without auto run (1.720542ms)
✔ ambiguous identity is rejected rather than guessed or numeric code padded (0.530458ms)
✔ query parser rejects incomplete, duplicate, incompatible and mixed-context values (2.007916ms)
✔ snapshot import keeps original data and normalizes optional display metadata (7.047833ms)
✔ reject invalid schema, periods, oversized arrays and impossible candle prices (1.158541ms)
✔ cloud archives retain larger frozen windows and all supported distinct periods (12.375917ms)
✔ import keeps valid frozen outputs and rejects mismatched frozen data instead of recomputing (0.462375ms)
✔ window is exchange local and bounded by the snapshot cutoff (1.519458ms)
✔ missing numbers and candidate status are never promoted (0.110042ms)
✔ amber projection resolves daily and minute labels, ignores open candle (0.291291ms)
✔ three workspaces are keyboard traversable without dropping an existing mode (0.81ms)
✔ mobile comparison shows exactly the selected snapshot; desktop shows both (0.102333ms)
✔ inactive research never starts automatic work, valid active research does (0.091292ms)
✔ saved single strategy restores market, period, adjustment and all execution costs exactly (3.290542ms)
✔ missing legacy fields disclose supplied defaults instead of claiming complete restoration (0.760583ms)
✔ explicit contradictory market and unsupported instruments are not silently rewritten (0.394333ms)
✔ invalid present fields are errors, not fallback defaults (0.295375ms)
✔ saved links identify records only and cannot inject alternate execution context (0.168042ms)
✔ market entry preserves local dates and strategy, runs only on explicit request (7.698166ms)
✔ boards entry preserves local dates and strategy, runs only on explicit request (6.848209ms)
✔ mixed market context blocks all loading and computation: savedStrategyId (1.192958ms)
✔ mixed market context blocks all loading and computation: optimizationContext (0.949416ms)
✔ mixed market context blocks all loading and computation: autoRun (0.960458ms)
✔ mixed market context blocks all loading and computation: unexpected (0.928083ms)
✔ slow catalog cannot overwrite input with a market entry (7.487166ms)
✔ slow catalog cannot overwrite owner with a market entry (2.493667ms)
✔ catalog-stage input cannot restore saved inputs or dispatch a task (8.056791ms)
✔ catalog-stage params cannot restore saved inputs or dispatch a task (4.051208ms)
✔ catalog-stage owner cannot restore saved inputs or dispatch a task (2.300333ms)
✔ catalog-stage failure cannot restore saved inputs or dispatch a task (1.904125ms)
✔ optimization context restores every execution field and malformed context blocks dispatch (2.086667ms)
✔ actual backtest view loads exact saved context without running, then saves the configuration used (2.289834ms)
✔ saving original radar warmup uses loaded input dates, not hidden form defaults (2.879125ms)
✔ late saved record cannot overwrite owner (4.959167ms)
✔ late saved record cannot overwrite route (1.446292ms)
✔ late saved record cannot overwrite input (4.011542ms)
✔ late saved record cannot overwrite unmount (1.590833ms)
✔ invalid saved context blocks run, while legacy missing fields disclose fallback (7.625458ms)
✔ every execution input invalidates the old result before it can be saved (40.598083ms)
✔ editing a cost while bars are pending never runs the new form on the old request (2.3475ms)
✔ save completion after owner cannot write into a different page or account (1.925291ms)
✔ save completion after route cannot write into a different page or account (5.148334ms)
✔ save completion after unmount cannot write into a different page or account (2.028709ms)
✔ audit description translates permissions and never renders arbitrary detail fields (0.489917ms)
✔ audit time is explicitly Shanghai time and invalid data remains readable (80.82525ms)
✔ audit API preserves bounded pagination/filter state and authenticated credentials (38.298709ms)
✔ distinguishes no candidate, failed current audit, and actual invalidation without promoting legacy state (5.355667ms)
✔ filters independent families and directions without merging special and local dual-line evidence (1.869334ms)
✔ searches lifecycle dates and failure reasons with all terms required, retaining original source objects (0.21275ms)
✔ searches diagnostic rejection history without silently reviving historical candidates (0.521167ms)
✔ all excludes bc false, preserves input order and records, and does not infer missing direction (0.149958ms)
✔ legacy diagnostic family is standard, and empty diagnostics do not invent rejection records (0.495125ms)
✔ structural points retain their own confirmation and evidence, never deriving them from a MACD source (0.463792ms)
✔ M1 uses exact existing gates and remains a separate view of its original standard event (0.311666ms)
✔ combined date query finds independent point, prompt and event records without deduplication or additive counts (0.48025ms)
✔ chart date matches structured lifecycle timestamps, not coincidental prose dates (0.818667ms)
✔ minute evidence uses exact exchange-local minute, accepting T/space and refusing missing time (0.351541ms)
✔ chart date includes diagnostic ABC and rejection coverage without inventing open or reversed intervals (0.5495ms)
✔ date scope combines with all filters for structural points and original M1 sources (0.203417ms)
✔ new standard evidence explains price, old blocker and independent special lifecycle (1.042209ms)
✔ new gates include counts, boundary and dates without undefined placeholder (0.215458ms)
✔ legacy comparisons retain old detected confirmed and invalidated dates (0.150041ms)
✔ initial schema and refreshed catalog preserve supplied parameters; strategy change alone resets (2.737791ms)
✔ late catalog defaults are suspended until route validation and then fill only missing fields (1.62675ms)
✔ structure dates remove midnight noise without changing intraday precision (1.04825ms)
✔ centre evidence distinguishes fixed core, outer range and candidate expansion (0.609875ms)
✔ segment evidence includes source prices and reverse proof with one-based labels (0.168041ms)
✔ missing legacy evidence does not invent confirmation (0.099375ms)
✔ special inclusion explains boundary exception without labelling it an ordinary fractal (0.063583ms)
✔ centre relation history distinguishes current candidate from original separation (0.09525ms)
✔ confirmation replay translates raw indices without date matching (0.068916ms)
✔ unknown, invalid or out-of-snapshot confirmations have no replay target (0.07ms)
✔ connection badge validates shared time, price and alternating direction (0.101542ms)
✔ reverse preview uses observed extreme, not last close or a future target (0.981416ms)
✔ mirrored lows produce an upward reference (0.09925ms)
✔ no invented reference for missing, ambiguous, extending, or invalid inputs (0.294167ms)
✔ replay prefix cannot use a later extreme; ties retain first occurrence (0.269833ms)
✔ ongoing consolidation differs by color, line pattern, and fill (0.26125ms)
✔ defaults and bounded settings never expose strict price overrides (1.807292ms)
✔ evidence replay uses its own frozen period settings (0.11525ms)
✔ settings disclosure is closed by default and reuses existing controls (1.240958ms)
✔ actual component captures every selected period and failure; automatic work stays system-origin (34.987166ms)
✔ all collection failures are exportable reports, never empty success or recomputable invented bars (5.228042ms)
✔ missing response rows are retained as explicit errors; unexpected rows or cutoff cannot enter a saved result (5.808541ms)
✔ late study response cannot be saved after account (1.462375ms)
✔ late study response cannot be saved after input (1.870125ms)
✔ late study response cannot be saved after unmount (1.442125ms)
✔ invalid collection coverage cannot silently omit a period during import (2.060625ms)
✔ actual study freezes independent radar lineage, preserves it through import and recompute, and refuses foreign source (5.97ms)
✔ task stores detached actual inputs, user submission and system polling (1.696167ms)
✔ invalidated submit resolve cannot revive result/error/spinner (7.559333ms)
✔ invalidated submit reject cannot revive result/error/spinner (5.510625ms)
✔ invalidated poll resolve cannot revive result/error/spinner (11.788292ms)
✔ invalidated poll reject cannot revive result/error/spinner (2.396792ms)
✔ earlier request completion cannot stop a newer task or replace its context (1.660958ms)
✔ owner change stops polling and cannot attribute prior account result to the new account (2.075625ms)
✔ failed remains failure, never successful completion (4.281208ms)
✔ cancelled remains failure, never successful completion (0.136959ms)
✔ timed_out remains failure, never successful completion (0.109291ms)
✔ cancelling is not completed; wrong ID, malformed result and unknown status fail closed (0.696333ms)
✔ deadline aborts polling and explicitly says the server may still be running (21.663125ms)
✔ task API sends captured owner and abort signal; old callers remain compatible (24.627333ms)
✔ progress is bounded, readable work units rather than inferred total percent (1.556875ms)
✔ factor result review freezes complete task data without lookup or recomputation (65.547125ms)
✔ completed phase never publishes result while task is still running (21.467375ms)
✔ untrusted progress cannot be used to publish an apparently completed task (0.677666ms)
✔ historical review uses owner-bound read-only fetch and account invalidation (1.595167ms)
✔ task list rejects malformed responses instead of replacing records with undefined (29.233917ms)
✔ cancelling is not terminal and elapsed values remain readable (0.539833ms)
✔ runBacktestWithPolling waits through cancelling and returns cancelled (4.085667ms)
✔ runBacktestWithPolling waits through cancelling and returns timed_out (1.507917ms)
✔ runSignalScanWithPolling waits through cancelling and returns cancelled (5.063791ms)
✔ runSignalScanWithPolling waits through cancelling and returns timed_out (8.215542ms)
✔ cancel API uses POST, and partial cancelled scan results are never accepted (0.529333ms)
✔ persistent recovery and version mismatch are distinct from completion (1.06425ms)
✔ terminal task deletion handles empty 204 and encodes identity (5.008041ms)
✔ checkpoint presence is not confused with verified reuse or task completion (0.674792ms)
✔ cached completed submission is retrieved rather than shown as running (4.626875ms)
✔ network failures are localized across WebKit, Chromium and Firefox (0.789334ms)
✔ tracking archive preserves raw input, precision, rules and can import read-only (6.329167ms)
✔ missing raw input (0.603042ms)
✔ wrong adjustment (0.404083ms)
✔ wrong period (0.285833ms)
✔ duplicate target (0.247542ms)
✔ false success (0.234542ms)
✔ unknown state (0.165208ms)
✔ cancelled empty expansion and partially completed batches retain actual states (0.687958ms)
✔ failed upload retries same identity and frozen payload, independent new batch gets a new identity (102.418625ms)
✔ late previous-owner save is discarded and never retried as the next account (1.108167ms)
✔ non-finite result stays unsaved rather than converting to null (0.555375ms)
✔ empty selections include every row, including incomplete results (0.623791ms)
✔ same period/column selections are OR, other columns and periods are AND (0.188625ms)
✔ total selection does not bypass other criteria; missing periods never count as neutral signals (0.090083ms)
✔ toggle/removal preserves all other selections and never mutates input (0.437875ms)
✔ status selection uses OR with empty meaning all; can combine with breadth (0.09525ms)
✔ route consumer can unmount and remount while the one sequential analysis continues (3.626916ms)
✔ explicit stop retains completed rows and marks running/unstarted rows cancelled (0.385916ms)
✔ owner change or revoked access clears results and rejects late old publications (0.284334ms)
✔ background completion includes per-target failure and expansion failure without false success (0.303792ms)
✔ cancel during board expansion cannot publish late entries (0.221958ms)
✔ tracking transport binds owner, stops on permission failure and does not relabel name/market requests (21.629958ms)
✔ late auth error on an already-cancelled old transport never stops the next job (0.230083ms)
✔ route delegates lifetime and owns bounded vertical scrolling; application binds ownership (0.895083ms)
✔ finished batches emit independent history even without a route consumer (0.853917ms)
✔ tracking identity separates asset types, exchanges and board catalogues (0.779916ms)
✔ cloud book validates without silently dropping corrupt groups or duplicate entries (0.634959ms)
✔ expansion preserves every member and all board/direct sources, not a 200-row display page (1.933708ms)
✔ membership failure is explicit and malformed partial membership is never accepted (2.051333ms)
✔ batch runs sequentially, keeps partial errors and continues after a failed target (9.684375ms)
✔ cancellation marks in-flight and unstarted rows, ignoring a late success (0.413833ms)
✔ group breadth counts only available periods, never treats failed targets as neutral evidence (0.50775ms)
✔ every clickable breadth count equals matching target count; periods and point families stay independent (0.455916ms)
✔ exact current revision accepts only its own evidence without mutation (2.720541ms)
✔ old partition, stale version, future evidence and false completion are rejected (0.660709ms)
✔ historical audit cannot import a later opposite segment (0.143208ms)
✔ empty partitions and higher-proof priority retain explicit blockers (0.078125ms)
✔ new blockers use Chinese labels without calling prerequisites completion (0.146041ms)
✔ missing comparison interval is explained in Chinese without inventing a date (1.956291ms)
✔ special diagnostics identify each A indicator witness rather than the price witness (0.1955ms)
✔ nonstandard DEA axis gate remains explicit without an improvement requirement (0.145792ms)
✔ DEA tolerance discloses research threshold, precise deviation and near-zero fallback (1.424541ms)
✔ wave evidence separates effective A from original wave and local pivots (0.734583ms)
✔ rounded equal line extrema disclose the precise failed values and witness times (0.298458ms)
✔ comparisons are explicitly research only and preserve B/C axis checks (0.247125ms)
✔ unformed candidate shows Chinese gates, two-decimal values and rejection dates (0.241375ms)
✔ new nonstandard audit explicitly uses full A and first-formed reverse evidence explains gaps (0.278958ms)
ℹ tests 676
ℹ suites 0
ℹ pass 676
ℹ fail 0
ℹ cancelled 0
ℹ skipped 0
ℹ todo 0
ℹ duration_ms 11940.051125
→ 打包中…
→ 运行测试…
京东方评级: D 分数: 34.3
维度明细: 卡玛比率=22.7, 最大回撤=27.5, 胜率=33.5, 利润因子=34.1, 夏普比率=41.5, 波动率=50.1
否决: 利润因子 1.11 接近 1，仅勉强盈亏平衡
长线优质策略评级: B 分数: 64.5
维度权重: 卡玛比率=28%, 最大回撤=26%, 胜率=0%, 利润因子=0%, 夏普比率=23%, 波动率=23%
优质案例评级: A 分数: 83.9
寻优点评级: A 74
组合重算指标: { '年化': '20.83%', '回撤': '0.80%', '夏普': '5.27', '卡玛': '26.03' }
稳定上涨组合评级: S 91.8
波动组合重算: { '回撤': '44.15%', '夏普': '-2.64', '持续': 60 }
波动组合评级: D 18.5
✔ 新版组合评级使用后端采样，不按图表柱数重新日线年化 (1.617708ms)
✔ 必要风险指标缺失不能展示为零风险或正常评级 (0.238125ms)
✔ 无穷比率不等于满分，真实零利润因子仍按亏损判断 (0.13025ms)
✔ 京东方回测必须评为 D 档（用户核心诉求验证点） (0.468083ms)
✔ 京东方评分应在 30-43 区间（C 与 D 的边界） (0.101583ms)
✔ 低利润因子触发系统亏损否决 (0.066875ms)
✔ 样本不足（< 10 笔交易）降权但不否决整个评级 (0.130125ms)
✔ 用户实测场景：6年6笔交易 + 高夏普 → 应得 A/B（核心回归测试） (0.142583ms)
✔ 深回撤 > 60% 触发直接 D 否决 (0.096167ms)
✔ 优质回测应得 A 或 S 档 (0.148166ms)
✔ 高回撤但收益高 → 最高 B（一票否决 cap） (0.081958ms)
✔ 插值函数：边界值取端点分数 (0.055458ms)
✔ 插值函数：中间值线性插值 (0.042834ms)
✔ 寻优评级：4 维度降级版 (0.094459ms)
✔ 寻优评级：网格点交易太少 → 降权但评级照常 (0.074958ms)
✔ 组合评级：稳定上涨净值应得 A 或 S (1.913209ms)
✔ 组合评级：高波动深回撤净值 → 低档 (1.101833ms)
✔ combinedMetrics：单点净值返回全 0（兜底） (0.186958ms)
✔ 历史组合仅保留原值，不从曲线推断日线或重算评级 (0.730125ms)
✔ v1-v4、未知版本及不完整依据不伪装为新版结果 (0.64825ms)
✔ 新版结果使用已记录指标，真实 999 和零不被当作历史哨兵 (0.092292ms)
✔ 指标状态缺失或与数值冲突不能产出评级，包括被降权维度 (0.103916ms)
✔ 低交易样本的真实不可用逐笔指标仍可降权，不误拦截可用净值评级 (0.081166ms)
✔ 寻优逐行核验新版采样与候选状态，输入范围不替代候选证据 (0.124ms)
✔ 完整快照保留精度、真实 0/999、全部指标及版本且不关联可变输入 (0.681625ms)
✔ 策略保存接受真实 Vue 响应式结果，不因 Proxy 无法 structuredClone 而失败 (0.56875ms)
✔ 再次保存历史指标不补造新版计算或评级依据 (0.103667ms)
✔ 对比展示原值并指出版本、周期、范围与利率差异，不自动重算 (0.241084ms)
ℹ tests 28
ℹ suites 0
ℹ pass 28
ℹ fail 0
ℹ cancelled 0
ℹ skipped 0
ℹ todo 0
ℹ duration_ms 110.554625
