
> web-ui@0.0.0 build
> vue-tsc -b && vite build

vite v8.1.3 building client environment for production...
[2Ktransforming...✓ 1011 modules transformed.
rendering chunks...
computing gzip size...
dist/index.html                                      0.65 kB │ gzip:   0.44 kB
dist/assets/KlineChart-CB8YVHs-.css                  0.28 kB │ gzip:   0.19 kB
dist/assets/AdjustPicker-D00KpYkY.css                0.38 kB │ gzip:   0.20 kB
dist/assets/ChanlunTargetPicker-D-d8ErAX.css         0.42 kB │ gzip:   0.22 kB
dist/assets/StockQueryField-DZM9BaFv.css             0.51 kB │ gzip:   0.31 kB
dist/assets/SymbolPicker-DLb5uyL6.css                0.56 kB │ gzip:   0.30 kB
dist/assets/PortfolioSummaryTable-Mpax1D9i.css       0.62 kB │ gzip:   0.27 kB
dist/assets/MetricStateNotes-Ds5ln-hd.css            0.65 kB │ gzip:   0.32 kB
dist/assets/MetricTable-C8YU7S37.css                 0.67 kB │ gzip:   0.31 kB
dist/assets/StocksPicker-DtZSuV36.css                0.87 kB │ gzip:   0.36 kB
dist/assets/PerformanceContextNote-B1O3ZqFf.css      1.09 kB │ gzip:   0.51 kB
dist/assets/ResearchNavigationBar-CHjWWZBp.css       1.60 kB │ gzip:   0.56 kB
dist/assets/ResearchEntryContext-Dut2kV-S.css        1.60 kB │ gzip:   0.54 kB
dist/assets/DataGrid-wmKp9PWY.css                    1.63 kB │ gzip:   0.67 kB
dist/assets/DataProvenance-rwYj3IKj.css              1.71 kB │ gzip:   0.60 kB
dist/assets/NumberStepper-8K7Mvx4I.css               1.78 kB │ gzip:   0.66 kB
dist/assets/StrategyPicker-DUptAOq2.css              1.95 kB │ gzip:   0.65 kB
dist/assets/CompareView-BlFR-tV5.css                 2.53 kB │ gzip:   0.75 kB
dist/assets/MultiPeriodOverviewTable-BvTcnRGq.css    2.53 kB │ gzip:   0.87 kB
dist/assets/MarketCenterView-B4QMzyP-.css            2.71 kB │ gzip:   0.86 kB
dist/assets/ServerSettingsView-Dr8cBAAI.css          2.99 kB │ gzip:   0.85 kB
dist/assets/ChartFrame-DpbssJ_h.css                  3.16 kB │ gzip:   0.82 kB
dist/assets/BoardResearchView-t3jinDma.css           3.19 kB │ gzip:   0.96 kB
dist/assets/ExtendedMarketView-DmyMqztu.css          3.27 kB │ gzip:   0.97 kB
dist/assets/IntradayResearchView-Dozupkkc.css        3.44 kB │ gzip:   1.06 kB
dist/assets/PortfolioView-nmEIKVib.css               3.56 kB │ gzip:   0.89 kB
dist/assets/MacSelect-8VETZDy2.css                   3.64 kB │ gzip:   1.12 kB
dist/assets/AdminDataCenterView-CxKBhypf.css         4.03 kB │ gzip:   1.09 kB
dist/assets/StockHistoryMenu-BZAt5rDk.css            4.53 kB │ gzip:   1.28 kB
dist/assets/backtest-VGZlEwbn.css                    4.77 kB │ gzip:   1.33 kB
dist/assets/BacktestView-C7a007Bm.css                6.05 kB │ gzip:   1.53 kB
dist/assets/OptimizeView-BXwBa1qG.css                6.61 kB │ gzip:   1.78 kB
dist/assets/TrackingView-DE8HSi9j.css                7.25 kB │ gzip:   1.73 kB
dist/assets/LoginView-C6otUSAi.css                   7.39 kB │ gzip:   2.13 kB
dist/assets/AccountView-DFlKvEz4.css                 7.47 kB │ gzip:   1.75 kB
dist/assets/TechnicalIndicatorPicker-DK8CWXik.css    8.24 kB │ gzip:   2.02 kB
dist/assets/StrategiesView-BA2fKmFE.css             10.63 kB │ gzip:   2.30 kB
dist/assets/SignalRadarView-EzyoOOkl.css            12.89 kB │ gzip:   2.91 kB
dist/assets/AdminAccountsView-BSr7g-GH.css          13.81 kB │ gzip:   3.06 kB
dist/assets/QuantResearchView-B1Z5DIrl.css          18.13 kB │ gzip:   3.64 kB
dist/assets/CloudResearchArchives-Cm8rDFpT.css      22.13 kB │ gzip:   4.31 kB
dist/assets/CompanyResearchView-BVn318qQ.css        22.45 kB │ gzip:   4.10 kB
dist/assets/index-DIJBR0Y9.css                      28.67 kB │ gzip:   6.64 kB
dist/assets/ChanlunView-DzacjYME.css               117.43 kB │ gzip:  18.50 kB
dist/assets/format-BbMv5Yas.js                       0.08 kB │ gzip:   0.10 kB
dist/assets/mobile-settings-Do3UvmLo.js              0.18 kB │ gzip:   0.16 kB
dist/assets/market-0_OJ8xZw.js                       0.24 kB │ gzip:   0.20 kB
dist/assets/chart-resize-XKjI5MAJ.js                 0.33 kB │ gzip:   0.22 kB
dist/assets/research-input-C5-rhLeS.js               0.33 kB │ gzip:   0.23 kB
dist/assets/market-preferences-CfYMcqLM.js           0.69 kB │ gzip:   0.50 kB
dist/assets/AdjustPicker-CnUqLPPf.js                 0.78 kB │ gzip:   0.56 kB
dist/assets/bar-time-CQCKboTN.js                     0.90 kB │ gzip:   0.48 kB
dist/assets/StockQueryField-CUXTr6K-.js              1.06 kB │ gzip:   0.67 kB
dist/assets/period-comparison-BOYUmVhF.js            1.15 kB │ gzip:   0.70 kB
dist/assets/StocksPicker-BsMwaPRF.js                 1.69 kB │ gzip:   1.01 kB
dist/assets/PerformanceContextNote-BfxoLV2d.js       1.77 kB │ gzip:   1.06 kB
dist/assets/ResearchNavigationBar-GXbk5QBA.js        2.22 kB │ gzip:   1.22 kB
dist/assets/NumberStepper-BtqFWKPY.js                2.51 kB │ gzip:   1.20 kB
dist/assets/MetricTable-D7_vHuGq.js                  2.80 kB │ gzip:   1.15 kB
dist/assets/PortfolioSummaryTable-CK8CEwVu.js        2.92 kB │ gzip:   1.55 kB
dist/assets/ResearchEntryContext-C9k_9jbT.js         2.97 kB │ gzip:   1.66 kB
dist/assets/DataProvenance-DSrzQKgE.js               3.31 kB │ gzip:   1.45 kB
dist/assets/research-navigation-CiDQbMW8.js          3.45 kB │ gzip:   1.74 kB
dist/assets/DataGrid-CYeuEGbf.js                     3.64 kB │ gzip:   2.01 kB
dist/assets/AdminDataCenterView-yGqU7foD.js          3.73 kB │ gzip:   1.92 kB
dist/assets/ServerSettingsView-BO-1JzOL.js           4.00 kB │ gzip:   1.97 kB
dist/assets/ChanlunTargetPicker-CqTYrz3D.js          4.21 kB │ gzip:   1.95 kB
dist/assets/SymbolPicker-B3EHgXi0.js                 4.24 kB │ gzip:   2.11 kB
dist/assets/tracking-C2oW7JYx.js                     4.42 kB │ gzip:   2.13 kB
dist/assets/MetricStateNotes-BooL4KKZ.js             4.58 kB │ gzip:   2.43 kB
dist/assets/radar-review-Fj9W3f5f.js                 5.12 kB │ gzip:   2.36 kB
dist/assets/MacSelect-DrVK3DGm.js                    5.27 kB │ gzip:   2.20 kB
dist/assets/LoginView-D4jBBRfY.js                    5.39 kB │ gzip:   2.50 kB
dist/assets/ExtendedMarketView-ByF1LG6f.js           5.68 kB │ gzip:   2.64 kB
dist/assets/MultiPeriodOverviewTable-DbkOyBCX.js     5.76 kB │ gzip:   3.09 kB
dist/assets/StrategyPicker-C5o-2L1_.js               5.96 kB │ gzip:   2.70 kB
dist/assets/KlineChart-Cy_nV_OF.js                   6.14 kB │ gzip:   2.78 kB
dist/assets/CompareView-MSPsloVV.js                  6.31 kB │ gzip:   2.92 kB
dist/assets/StockHistoryMenu-Dh_vzi-4.js             6.33 kB │ gzip:   2.92 kB
dist/assets/MarketCenterView-BhAjHDPu.js             7.32 kB │ gzip:   3.10 kB
dist/assets/AccountView-B6oILOz6.js                  9.09 kB │ gzip:   3.95 kB
dist/assets/IntradayResearchView-CewpCKnr.js         9.36 kB │ gzip:   4.32 kB
dist/assets/BoardResearchView-DKoaTex1.js            9.56 kB │ gzip:   3.95 kB
dist/assets/PortfolioView-DizflMEZ.js                9.86 kB │ gzip:   4.02 kB
dist/assets/SignalRadarView-BkrdlKEN.js             10.39 kB │ gzip:   4.57 kB
dist/assets/TechnicalIndicatorPicker-DKphkp0X.js    14.78 kB │ gzip:   6.64 kB
dist/assets/backtest-XWrLZHDs.js                    17.98 kB │ gzip:   6.53 kB
dist/assets/TrackingView-u30k8KnJ.js                18.74 kB │ gzip:   7.64 kB
dist/assets/BacktestView-DwCd-5qS.js                19.67 kB │ gzip:   8.12 kB
dist/assets/AdminAccountsView-B6XxdyGj.js           20.41 kB │ gzip:   8.00 kB
dist/assets/StrategiesView-Cllrw0_k.js              22.11 kB │ gzip:   8.41 kB
dist/assets/OptimizeView-Ch3cmVDl.js                26.95 kB │ gzip:  10.77 kB
dist/assets/QuantResearchView-PgIlP5WI.js           31.81 kB │ gzip:  12.23 kB
dist/assets/CompanyResearchView-ByJByZlm.js         99.05 kB │ gzip:  33.69 kB
dist/assets/CloudResearchArchives-D6ZZDscR.js      146.64 kB │ gzip:  51.39 kB
dist/assets/index-Bz0BZVc_.js                      148.58 kB │ gzip:  56.77 kB
dist/assets/ChanlunView-DOxfcMb7.js                227.04 kB │ gzip:  69.35 kB
dist/assets/ChartFrame-BH3toYDX.js                 682.14 kB │ gzip: 227.98 kB

✓ built in 692ms
[plugin builtin:vite-reporter] 
(!) Some chunks are larger than 500 kB after minification. Consider:
- Using dynamic import() to code-split the application
- Use build.rolldownOptions.output.codeSplitting to improve chunking: https://rolldown.rs/reference/OutputOptions.codeSplitting
- Adjust chunk size limit for this warning via build.chunkSizeWarningLimit.
