
> web-ui@0.0.0 test
> node scripts/run-tests.mjs

✔ tracking is restricted to active administrators and explicitly authorized users (0.420083ms)
✔ presence requires visible focused recent interaction and never negative elapsed time (0.100875ms)
✔ admin query descriptions label metadata and disclose truncated targets (0.190333ms)
✔ all current chart inspector evidence stays readable without altering original nested data (8.284708ms)
✔ reject malformed fields reachable from overlays, popovers and every inspector section with exact paths (13.494ms)
✔ optional old fields and empty failure checkpoints remain readable, no missing-state invention (0.388375ms)
✔ archive calendar validation rejects normalized impossible dates and illegal clock/offset values (3.023834ms)
✔ bar validation compares actual instants, retains raw strings, rejects equal instants and malformed volume (1.125875ms)
✔ existing frozen matrix bar sources remain readable without mutation (36.744875ms)
✔ event lists and evidence-set reordering never imply new or changed signals; originals remain intact (16.146333ms)
✔ state, lifecycle times and unrounded evidence are classified separately on the same identity (1.355667ms)
✔ same date across families and sides remains independent; true event additions/removals are distinct (0.929042ms)
✔ duplicate identities preserve all records and are never paired arbitrarily (0.46925ms)
✔ missing identity does not cause false removals or additions in its collection (0.355542ms)
✔ missing source/list is unknown, not empty or proof of no events (0.319292ms)
✔ never-candidate diagnostics match without A or reference, including special B-only records (58.812583ms)
✔ A trimming changes evidence not identity; original wave anchors and reference changes distinguish bases (0.679ms)
✔ date normalization preserves intraday, microsecond and timezone distinctions (4.553958ms)
✔ source differences and unknown fields/ordered evidence are retained (8.90275ms)
✔ different instruments, periods or study results are not matched (0.240208ms)
✔ structure divergences are supported without inventing MACD wave anchors (1.695709ms)
✔ legacy local migration keeps original payload, precision, versions and unknown fields without upgrading (2.822583ms)
✔ cloud exports use latest metadata but retain the original immutable payload, not old cloud ID/revision (0.592584ms)
✔ study import preserves successful and failed periods plus original warmup and primary metadata (0.622667ms)
✔ unknown, incomplete, oversized and nonfinite backups are rejected, never uploaded as summaries (231.763958ms)
✔ all supported chart outputs preserve full precision, null warmups, style and instance order (38.730583ms)
✔ migration IDs survive rescanning/reload, preserve precision and isolate owners and changed content (9.974166ms)
✔ migration rejects missing owners, foreign archives and malformed inputs before upload (0.91775ms)
✔ post-inspection changes never upload under a previously confirmed identity (1.696708ms)
✔ lost response retries the same immutable body and id, without automatic retry or local deletion (3.382958ms)
✔ stop or account changes before/after read and upload discard stale results (2.271459ms)
✔ deleted cloud copies are not restored, purged copies and wrong response IDs are not treated as success (13.313ms)
✔ chart plan freezes original data and uses original identity/window, not current selection (4.837417ms)
✔ missing volume/time/parameters and unsupported length never silently become a smaller/default study (16.971083ms)
✔ study plan preserves actual research settings and saved time labels (0.504875ms)
✔ unrounded path diff distinguishes null, missing, structure, empty arrays, and ordering (0.559333ms)
✔ response must match request, instrument, version, scope and period identities (0.677125ms)
✔ new archive retains original bars/lineage but never relabels frozen old indicators as recomputed (0.399708ms)
✔ study without saved input retains an explicit uncomputed row, never pretends all periods succeeded (0.220208ms)
✔ complete indicator recompute preserves saved settings, checks response and saves only new values (1.914834ms)
✔ missing or unknown saved indicator parameters cannot borrow current defaults (0.329541ms)
✔ original valid study rows retain precision, unknown fields, true zero and no recomputation (23.026375ms)
✔ invalid nested fields become explicit per-period errors, not silently missing rows (1.42425ms)
✔ strict pen fields reject coercion and preserve historical source errors without reading their invalid nested fields (0.496042ms)
✔ duplicates are not cherry-picked and malformed or future rows remain in original-record entries (0.160916ms)
✔ trade lookup keeps the exact minute across separators, precision and days (0.699667ms)
✔ date-only values cannot choose the midnight bar of an ambiguous day (0.07875ms)
✔ daily and duplicate exact timestamps keep first positional matches (0.074417ms)
✔ nanoseconds and timezone text are not truncated into a false match (0.59225ms)
✔ date labels preserve useful precision without local timezone conversion (0.151958ms)
✔ higher sources resolve actual records and separate original from current review time (1.074458ms)
✔ base sources and foreign witness rejection have distinct Chinese descriptions (0.093417ms)
✔ inconsistent candidate has no replay evidence: unknown reason (0.083916ms)
✔ inconsistent candidate has no replay evidence: prototype key (0.0705ms)
✔ inconsistent candidate has no replay evidence: future version (0.58075ms)
✔ inconsistent candidate has no replay evidence: future completion (0.05525ms)
✔ inconsistent candidate has no replay evidence: missing time (0.046459ms)
✔ inconsistent candidate has no replay evidence: empty source (0.042291ms)
✔ inconsistent candidate has no replay evidence: duplicate source (0.051417ms)
✔ inconsistent candidate has no replay evidence: unknown source (0.096667ms)
✔ inconsistent candidate has no replay evidence: mixed levels (0.059542ms)
✔ inconsistent candidate has no replay evidence: future child (0.060166ms)
✔ inconsistent candidate has no replay evidence: wrong child level (0.051417ms)
✔ inconsistent candidate has no replay evidence: duplicate record (0.049084ms)
✔ inconsistent candidate has no replay evidence: empty record range (0.050958ms)
✔ inconsistent candidate has no replay evidence: gap (0.048834ms)
✔ inconsistent candidate has no replay evidence: wrong parent range (0.038542ms)
✔ inconsistent candidate has no replay evidence: reversed sources (0.04975ms)
✔ inconsistent candidate has no replay evidence: unsafe base number (0.044625ms)
✔ 80 percent transparency is 20 percent alpha, for both candle directions (0.445417ms)
✔ transparency stays finite, integer, and bounded (0.079917ms)
✔ body is symmetric around the unchanged wick across widths and fractional positions (2.081625ms)
✔ horizontal candles preserve every price coordinate (0.108625ms)
✔ missing or non-finite candle layouts are left untouched (0.114875ms)
✔ native ECharts layout remains centred after resize, zoom and data replacement (144.669833ms)
✔ zooming out of large-data line mode restores centred candle bodies (39.083958ms)
✔ structure widths retain existing defaults and hover appearance (10.823917ms)
✔ manual values stay finite, bounded, and at two decimal places (0.17825ms)
✔ raw index overrides rounded dates, including zero (0.448917ms)
✔ legacy intraday dates never fall back to the first bar of the day (0.109041ms)
✔ duplicate formatted times fail safely without a raw index (0.07425ms)
✔ padding keeps the 23px marker plus radius inside the price pane (0.388416ms)
✔ flat, zero and negative ranges get finite padding; invalid extents do not (0.216666ms)
✔ single-bar time link is a thin line limited to each actual plot (0.836625ms)
✔ multi-bar time link has no border and clips to plot, never clamps offscreen data to an edge (0.096708ms)
✔ time links map daily coverage to all minute bars, not a matching ordinal (0.155583ms)
✔ weekly and monthly end-labelled bars cover earlier constituent dates without changing data (5.391917ms)
✔ nearest marker wins regardless of signal family, only co-located points share chooser (0.52775ms)
✔ immutable request cache deduplicates pending work, isolates payload keys and retries errors (0.8215ms)
✔ all six structural types keep extrema and confirmation separate with original evidence (0.5615ms)
✔ legacy records do not invent confirmation or structural sources (1.277333ms)
✔ M1 keeps independent MACD source and original direction, never a structural type (0.709167ms)
✔ all chart layers override independent animation and progressive rendering (1.148125ms)
✔ archive tooltip labels and evidence remain text, not active HTML (4.046041ms)
✔ rejects invalid saved zooms (0.786708ms)
✔ same-snapshot redraw keeps current manually chosen view (0.096666ms)
✔ focus redraw keeps manual zoom; clearing restores pre-focus view (0.094125ms)
✔ switching focus preserves the original return view (0.093583ms)
✔ new snapshot resets saved focus view and never revives old zoom (0.076416ms)
✔ default inactive; moving does not show cards and leaving does not deactivate (0.96ms)
✔ object previews can read date-card activation without activating it (4.534833ms)
✔ click selects a point; outside click closes; inside click is not dismissed (0.154833ms)
✔ activated cards follow movement until outside dismissal, then require another click (0.113958ms)
✔ zoom clears stale coordinates but preserves activation (0.083375ms)
✔ data reset and Escape deactivate; teardown removes all handlers (0.109625ms)
✔ archive requests bind current owner and bypass browser cache (18.581917ms)
✔ cloud directory validates all rows, quotas and identities without dropping broken entries (5.937583ms)
✔ original detail requires an object payload but action receipts may omit it (0.325125ms)
✔ account change discards delayed success and delayed errors (0.1975ms)
✔ unauthenticated archive requests do not reach server; structured conflicts remain actionable (0.168959ms)
✔ upload retries retain immutable captured body and all numerical precision (0.174458ms)
✔ directed centre chain is candidate evidence, not completion (1.608417ms)
✔ touching, opposing, future, overlapping or malformed chains fail closed (14.854125ms)
✔ single-centre and legacy components remain readable (0.091083ms)
✔ inside, border, reversed y and overlapping rectangles resolve newest first (0.879959ms)
✔ invalid or missing render coordinates cannot create hits (0.317208ms)
✔ popup stays within narrow viewport and near-edge right click (0.092875ms)
✔ roles are Chinese and unknown roles never claim completion (0.399667ms)
✔ source ranges keep one-based indices without disguising gaps (0.095083ms)
✔ coverage checks counts, repeats and missing IDs (0.19125ms)
✔ missing, empty and rejected suffix are explicit (4.959333ms)
✔ invalid counts and empty blocks cannot pass the coverage audit (0.110167ms)
✔ uses raw indices, allows shared endpoints and bounds zoom padding (0.974333ms)
✔ does not invent a B interval or infer indices from formatted dates (0.092792ms)
✔ rejects partial, reversed, overlapping and out-of-snapshot evidence (0.124916ms)
✔ allows inspection of historical failed evidence without reviving it (0.109375ms)
✔ local proof draws frozen exact endpoints only after its actual confirmation (0.978917ms)
✔ dual-line divergence uses two exact raw indices, never artificial ABC ranges (0.422334ms)
✔ dual-line focus rejects missing, duplicate, reversed and out-of-range points (0.292125ms)
✔ special wave focus uses AB and its extreme without inventing C (0.105834ms)
✔ direction, family and lifecycle have independent marker styles (0.607917ms)
✔ no-C dual-line remains a circle and fills only on first reverse-pen confirmation (0.775333ms)
✔ M1 is restricted to confirmed waves with a later actual confirmation (2.581833ms)
✔ four families retain independent records and nonstandard uses a triangle (1.239667ms)
✔ October 4 marker matrix uses shape for family and colour only for direction (0.366334ms)
✔ special AB evidence separates A line extrema from both price anchors and legacy pivots (0.544875ms)
✔ history is opt-in, inactive stays grey hollow, never creates M1 (0.315458ms)
✔ every historical shape uses a continuous hollow contour, including on hover (0.2415ms)
✔ new nonstandard evidence relaxes prices only and records each subtype (0.162875ms)
✔ new dual rule cannot fill without recorded later local confirmation (0.10725ms)
✔ historical engineering match retains original timing without claiming regrouping completion (0.941ms)
✔ future, stale, mismatched or incomplete evidence fails closed (0.300083ms)
✔ older snapshots and unmatched parts keep existing natural audit available (0.067333ms)
✔ engineering provenance uses the same one-based numbering as other inspectors (0.837125ms)
✔ mixed recursion distinguishes consolidation and trend from the old trend view (0.196708ms)
✔ unknown or reversed provenance is not presented as a completed trend (0.425042ms)
✔ indicator and price values use two decimals without inventing missing evidence (0.263583ms)
✔ recursive centre relations never call extension candidates completed types (0.171125ms)
✔ admissions distinguish unit confirmation from later failed-return admission (0.181792ms)
✔ display fields retain all text including dates, provenance, and secondary colons (0.786084ms)
✔ narrative, missing evidence, and timestamp headings remain whole (0.252709ms)
✔ selects the exact source without replacing missing comparison periods with the primary (0.507791ms)
✔ prefix audit preserves original warmup snapshot and its own instrument and period (0.47675ms)
✔ rejects invalid positions, missing identity and explicitly unclosed prefix data (0.218625ms)
✔ all candidate states distinguish eligibility from completed natural types (0.524917ms)
✔ opposite geometry identifies reused next-part evidence, including nonzero source IDs (0.538791ms)
✔ external opposite geometry is not added to candidate membership (0.097708ms)
✔ missing, stale, misattributed or future opposite geometry is not displayed as matched (0.132542ms)
✔ preferred endpoints are never called completed types; conflicts are retained (0.073541ms)
✔ opposite base turn is not same-level completion (0.09425ms)
✔ price formatting preserves zero and boundary contact, guards non-finite values (0.105084ms)
✔ candidate audit joins by identity, not response order (0.073416ms)
✔ part audit must match ordinal AND exact raw source IDs, including shifted IDs (0.133875ms)
✔ locates the three raw ranges without relabelling them as MACD or confirmed centres (1.665042ms)
✔ candidate must already be observable at the CURRENT replay prefix (0.183667ms)
✔ no incomplete, waiting or unsupported candidate is given a fabricated range (0.096833ms)
✔ raw bar boundaries must be contiguous and inside the visible window (0.137958ms)
✔ source partitions must cover every original segment once, preserving nonzero IDs (0.113542ms)
✔ conflicting geometric fallback remains viewable for manual audit (0.0725ms)
✔ clearing a regrouping focus restores original zoom; a new replay snapshot does not (0.121917ms)
✔ membership labels distinguish source confirmation from later admission (0.443917ms)
✔ admission witness distinguishes confirmation dependency from geometric membership (0.0885ms)
✔ old or malformed evidence never invents an admission witness (0.069709ms)
✔ factor glossary accepts standard abbreviations with spaces or underscores (0.762208ms)
✔ factor missing values never become valid zero (0.128333ms)
✔ factor ranking is stable, non-mutating and missing-last in both directions (7.86025ms)
✔ menus stay inside phone, keyboard and landscape viewports (0.559209ms)
✔ near-bottom controls open upwards without changing ordinary desktop width (0.088792ms)
✔ warmup null, missing and invalid indicator values never become invented zeroes (0.917834ms)
✔ freeze all supported indicator outputs, warmup holes, volume averages and exact numerical precision (11.156834ms)
✔ frozen playback keeps captured values despite different current prices and never queries APIs (0.619375ms)
✔ malformed or mismatched frozen values fail closed, never fall back to recomputation (0.588292ms)
✔ marker hit uses signed stacking offset for both directions, not candle position (0.438875ms)
✔ symbol size and invalid render positions are handled safely (0.092875ms)
✔ market tab changes discard old success and cannot stop the new spinner (176.144708ms)
✔ market late failure after filter cannot resurrect an error (27.472708ms)
✔ market late failure after owner cannot resurrect an error (10.795417ms)
✔ market late failure after unmount cannot resurrect an error (10.849709ms)
✔ directory count failure preserves valid rows; late totals cannot cross markets (10.843958ms)
✔ board selection clears old details and ignores slower preceding member responses (21.1495ms)
✔ board list filter changes invalidate pending member requests and prevent old auto-selection (13.141667ms)
✔ default board preload remains system-origin after manual list refresh (12.826292ms)
✔ belonging response after stock cannot change results or stock history (13.23775ms)
✔ belonging response after owner cannot change results or stock history (11.82725ms)
✔ belonging response after unmount cannot change results or stock history (10.014834ms)
✔ current belonging success records captured stock; concurrent member failure has separate feedback (9.6705ms)
✔ market selection uses loaded market, clears on filters, and distinguishes shared stock/index codes (8.767666ms)
✔ board analysis uses result classification; members require their own market (9.612041ms)
✔ aborted late response cannot publish metadata even if transport ignores abort (17.498875ms)
✔ missing provenance or silently changed adjustment never reaches research (0.14725ms)
✔ reported gaps do not falsely label suspension or prevent inspecting valid candles (0.104416ms)
✔ history fetch consumes one verified range and publishes complete metadata only after validation (0.503042ms)
✔ unclosed response never updates provenance or reaches the backtest (0.221625ms)
✔ null, true zero, infinities and real 999 are distinct after JSON roundtrip (0.425083ms)
✔ single, saved and comparison results retain authoritative metric basis (0.40375ms)
✔ whole proof validated without mutation, and cross-role ownership remains visible (0.991041ms)
✔ stale, future, duplicated, incomplete, falsely completed and mismatched sources rejected (0.30225ms)
✔ base runs cannot masquerade as proofs or own multiple provisional regions (0.07425ms)
✔ blocked covers show full conflicts, never fabricated flattened blocks (0.091292ms)
✔ labels retain provisional scope (0.071042ms)
✔ all seven MA presets are available but only MA5 and MA10 start visible (0.771916ms)
✔ each chart session gets independent editable settings without changing presets (0.075666ms)
✔ MA presets retain the requested yellow, white, purple, green, cyan, orange, red palette (0.083542ms)
✔ legend retains every MA choice and explicit hidden states override stale chart selection (0.096125ms)
✔ cross-boundary details resolve actual input and nested ownership records (1.362917ms)
✔ unowned reverse evidence stays explicitly unowned for boundary rejection (0.116834ms)
✔ foreign witness can be shown for an otherwise single-owner candidate (0.098625ms)
✔ legacy candidates do not invent missing conflict details (0.101833ms)
✔ damaged detail is not presented: mismatched candidate sources (0.086708ms)
✔ damaged detail is not presented: wrong layer (0.067417ms)
✔ damaged detail is not presented: unknown reverse input (0.075333ms)
✔ damaged detail is not presented: wrong reverse range (0.069958ms)
✔ damaged detail is not presented: reverse overlaps prices (0.069208ms)
✔ damaged detail is not presented: future reverse confirmation (0.108625ms)
✔ damaged detail is not presented: wrong reverse time (0.065833ms)
✔ damaged detail is not presented: incomplete domain list (0.070042ms)
✔ damaged detail is not presented: duplicate domains (0.049125ms)
✔ damaged detail is not presented: noncontinuous domain (0.044666ms)
✔ damaged detail is not presented: foreign domain misses witness (0.046041ms)
✔ damaged detail is not presented: false unowned witness (0.047291ms)
✔ damaged detail is not presented: missing nested record (0.052167ms)
✔ damaged detail is not presented: wrong reason (0.054375ms)
✔ only current owner revisions form the displayed ownership set (2.273375ms)
✔ internal provenance remains distinct and validates enclosing ownership (0.365583ms)
✔ parent-covered history is not labeled as an additional effective input (0.080291ms)
✔ nested provenance validates containment and strictly increasing input levels (0.172167ms)
✔ current owner labels are distinct from creation IDs and tolerate old snapshots (0.092ms)
✔ summary mode lists every historical address, not just current versions (0.733125ms)
✔ full and missing legacy snapshots stay readable without inventing history (0.081334ms)
✔ all four analysis paths explicitly request summary delivery without changing input (0.361959ms)
✔ complete lifecycle stays chronological, does not mutate input, and uses Chinese labels (1.263792ms)
✔ legacy or future history is not invented (0.11975ms)
✔ dangling, reordered, duplicated, miscounted and conflicting histories fail closed (0.97025ms)
✔ equal counts cannot hide swapped source identities (0.071667ms)
✔ intermediate event boundaries must equal actual inherited and added sources (0.06825ms)
✔ input evidence must exist at the correct level and be available at admission (0.203875ms)
✔ invalid domain sources, membership and parent context fail closed (0.155875ms)
✔ leftward growth, shifted sources and newly filled merge gaps remain valid (0.144208ms)
✔ both periods exclude future and open candles while retaining original warm-up start (0.574542ms)
✔ snapshot observation time caps cutoff; bar start before cutoff is not enough (0.080792ms)
✔ no timeframe fallback or fabricated candles when historical minute range is unavailable (0.077042ms)
✔ index and board snapshots retain NONE adjustment, mismatch is rejected (0.229084ms)
✔ missing completion evidence, timezone timestamps and unordered bars fail explicitly (0.14275ms)
✔ week/month completion boundary comes from provider annotation, not day label (0.098834ms)
✔ matrix defaults to exactly the five requested periods in image order and six information columns (0.912041ms)
✔ does not turn current reversal observation into a confirmed opposite pen (0.156667ms)
✔ keeps true zero distinct from missing, and numerical display never overwrites original axis judgment (0.115542ms)
✔ keeps divergence family, extrema and actual confirmation separate; never drops records (25.392625ms)
✔ missing pen and divergence are bounded claims; quality limitations stay visible (0.170208ms)
✔ late preference response cannot revert a newer adjustment; queued patch is captured (83.959792ms)
✔ account switch drops old queue, permits new account immediately and ignores late response (10.8245ms)
✔ same-account logout/login does not accept response from prior session epoch (10.693375ms)
✔ failed saves reject caller, do not wedge queue or restore stale role permissions (7.11175ms)
✔ mismatched response owner and logged-out saves are rejected (4.993625ms)
✔ market preference watcher survives the first route unmount and follows owner changes (7.865542ms)
✔ late name hydration cannot write across accounts; new owner hydrates independently (20.327875ms)
✔ sidebar hydration never writes, old-owner timers cancel, failures are handled (41.999708ms)
✔ forming candles preserve OHLC and use dashed empty outlines (0.417125ms)
✔ forming volume and signed MACD columns preserve values and direction (0.096625ms)
✔ query defaults to system, manual intent is synchronous and explicit (1.12325ms)
✔ direct bar snapshot fetch preserves explicit intent, including failed requests (26.6425ms)
✔ pending manual requests do not mark concurrent automatic work or async continuations (0.148875ms)
✔ API dispatch tags manual queries but excludes automatic name lookup and task polling (0.977417ms)
✔ radar review captures row adjustment, exact minute, strategy and original cutoff (2.276083ms)
✔ invalid or legacy reviews fail explicitly without guessing data or adjustment (1.0625ms)
✔ exchange-local dates validate without browser timezone conversion (0.730333ms)
✔ review excludes future and unclosed bars, resets derived fingerprint and reports actual range without mutating source (6.411667ms)
✔ radar cache is owner scoped and malformed/legacy records never enter the UI (0.420834ms)
✔ late messages, close and errors from an old socket cannot affect replacement (0.825417ms)
✔ invalid messages and control responses never become ticks; close reason retained (0.154708ms)
✔ matching versions are selected by case identity without mutation (0.937583ms)
✔ future snapshots, wrong rules, incomplete chains and duplicate cases are rejected (0.207875ms)
✔ labels never confuse endpoint consistency or higher-centre proof with completion (0.133375ms)
✔ v2 keeps the detached prefix and v1 remains readable (1.273458ms)
✔ v3 supports trend search while retaining the same ownership guards (0.281792ms)
✔ missing, duplicated, misattributed or silently completed prefix is rejected (0.729541ms)
✔ reincorporation is recorded explicitly instead of erasing detached history (5.535541ms)
✔ accepts bounded history and empty verified batches (0.494292ms)
✔ rejects wrong batch, future indices, broken sources and contradictory state (0.232042ms)
✔ research labels distinguish absence, release, retained and internal (0.078ms)
✔ late old responses cannot own a newer research request (1.080459ms)
✔ submission fields are captured values, not mutable form references (0.470667ms)
✔ navigation preserves explicit stock/index/fund/board identity and parameters without auto run (5.580458ms)
✔ ambiguous identity is rejected rather than guessed or numeric code padded (0.340875ms)
✔ query parser rejects incomplete, duplicate, incompatible and mixed-context values (0.733917ms)
✔ snapshot import keeps original data and normalizes optional display metadata (4.277917ms)
✔ reject invalid schema, periods, oversized arrays and impossible candle prices (1.894416ms)
✔ cloud archives retain larger frozen windows and all supported distinct periods (23.219583ms)
✔ import keeps valid frozen outputs and rejects mismatched frozen data instead of recomputing (0.433834ms)
✔ window is exchange local and bounded by the snapshot cutoff (0.474792ms)
✔ missing numbers and candidate status are never promoted (0.079417ms)
✔ amber projection resolves daily and minute labels, ignores open candle (0.747167ms)
✔ three workspaces are keyboard traversable without dropping an existing mode (3.904ms)
✔ mobile comparison shows exactly the selected snapshot; desktop shows both (0.116375ms)
✔ inactive research never starts automatic work, valid active research does (0.085875ms)
✔ saved single strategy restores market, period, adjustment and all execution costs exactly (6.128916ms)
✔ missing legacy fields disclose supplied defaults instead of claiming complete restoration (0.265125ms)
✔ explicit contradictory market and unsupported instruments are not silently rewritten (0.326375ms)
✔ invalid present fields are errors, not fallback defaults (1.611959ms)
✔ saved links identify records only and cannot inject alternate execution context (0.221208ms)
✔ actual backtest view loads exact saved context without running, then saves the configuration used (5.362417ms)
✔ late saved record cannot overwrite owner (4.480875ms)
✔ late saved record cannot overwrite route (1.048ms)
✔ late saved record cannot overwrite input (0.915958ms)
✔ late saved record cannot overwrite unmount (0.893375ms)
✔ invalid saved context blocks run, while legacy missing fields disclose fallback (2.354291ms)
✔ every execution input invalidates the old result before it can be saved (8.658209ms)
✔ editing a cost while bars are pending never runs the new form on the old request (0.742125ms)
✔ save completion after owner cannot write into a different page or account (0.846667ms)
✔ save completion after route cannot write into a different page or account (0.740917ms)
✔ save completion after unmount cannot write into a different page or account (0.67275ms)
✔ audit description translates permissions and never renders arbitrary detail fields (0.492584ms)
✔ audit time is explicitly Shanghai time and invalid data remains readable (23.059167ms)
✔ audit API preserves bounded pagination/filter state and authenticated credentials (31.891042ms)
✔ distinguishes no candidate, failed current audit, and actual invalidation without promoting legacy state (1.231083ms)
✔ filters independent families and directions without merging special and local dual-line evidence (3.406625ms)
✔ searches lifecycle dates and failure reasons with all terms required, retaining original source objects (0.281292ms)
✔ searches diagnostic rejection history without silently reviving historical candidates (0.437875ms)
✔ all excludes bc false, preserves input order and records, and does not infer missing direction (0.147083ms)
✔ legacy diagnostic family is standard, and empty diagnostics do not invent rejection records (0.10575ms)
✔ structural points retain their own confirmation and evidence, never deriving them from a MACD source (0.30675ms)
✔ M1 uses exact existing gates and remains a separate view of its original standard event (1.554208ms)
✔ combined date query finds independent point, prompt and event records without deduplication or additive counts (1.547417ms)
✔ chart date matches structured lifecycle timestamps, not coincidental prose dates (0.249417ms)
✔ minute evidence uses exact exchange-local minute, accepting T/space and refusing missing time (0.094291ms)
✔ chart date includes diagnostic ABC and rejection coverage without inventing open or reversed intervals (0.201167ms)
✔ date scope combines with all filters for structural points and original M1 sources (0.093292ms)
✔ new standard evidence explains price, old blocker and independent special lifecycle (1.097834ms)
✔ new gates include counts, boundary and dates without undefined placeholder (0.210875ms)
✔ legacy comparisons retain old detected confirmed and invalidated dates (0.512291ms)
✔ structure dates remove midnight noise without changing intraday precision (7.415ms)
✔ centre evidence distinguishes fixed core, outer range and candidate expansion (1.381916ms)
✔ segment evidence includes source prices and reverse proof with one-based labels (0.382667ms)
✔ missing legacy evidence does not invent confirmation (0.229708ms)
✔ special inclusion explains boundary exception without labelling it an ordinary fractal (0.166584ms)
✔ centre relation history distinguishes current candidate from original separation (0.246125ms)
✔ confirmation replay translates raw indices without date matching (0.15675ms)
✔ unknown, invalid or out-of-snapshot confirmations have no replay target (0.171916ms)
✔ connection badge validates shared time, price and alternating direction (0.276709ms)
✔ reverse preview uses observed extreme, not last close or a future target (0.882583ms)
✔ mirrored lows produce an upward reference (0.09275ms)
✔ no invented reference for missing, ambiguous, extending, or invalid inputs (0.107292ms)
✔ replay prefix cannot use a later extreme; ties retain first occurrence (0.087375ms)
✔ ongoing consolidation differs by color, line pattern, and fill (0.097ms)
✔ task list rejects malformed responses instead of replacing records with undefined (28.632833ms)
✔ cancelling is not terminal and elapsed values remain readable (0.189959ms)
✔ runBacktestWithPolling waits through cancelling and returns cancelled (5.17175ms)
✔ runBacktestWithPolling waits through cancelling and returns timed_out (3.279666ms)
✔ runSignalScanWithPolling waits through cancelling and returns cancelled (4.730958ms)
✔ runSignalScanWithPolling waits through cancelling and returns timed_out (2.760625ms)
✔ cancel API uses POST, and partial cancelled scan results are never accepted (0.3805ms)
✔ persistent recovery and version mismatch are distinct from completion (0.266ms)
✔ terminal task deletion handles empty 204 and encodes identity (0.128334ms)
✔ checkpoint presence is not confused with verified reuse or task completion (0.274083ms)
✔ cached completed submission is retrieved rather than shown as running (0.149ms)
✔ network failures are localized across WebKit, Chromium and Firefox (0.147834ms)
✔ tracking identity separates asset types, exchanges and board catalogues (0.876542ms)
✔ cloud book validates without silently dropping corrupt groups or duplicate entries (0.824958ms)
✔ expansion preserves every member and all board/direct sources, not a 200-row display page (4.695958ms)
✔ membership failure is explicit and malformed partial membership is never accepted (0.910208ms)
✔ batch runs sequentially, keeps partial errors and continues after a failed target (9.706625ms)
✔ cancellation marks in-flight and unstarted rows, ignoring a late success (0.202833ms)
✔ group breadth counts only available periods, never treats failed targets as neutral evidence (0.211125ms)
✔ exact current revision accepts only its own evidence without mutation (1.08525ms)
✔ old partition, stale version, future evidence and false completion are rejected (0.279084ms)
✔ historical audit cannot import a later opposite segment (0.083667ms)
✔ empty partitions and higher-proof priority retain explicit blockers (0.074458ms)
✔ new blockers use Chinese labels without calling prerequisites completion (0.136083ms)
✔ missing comparison interval is explained in Chinese without inventing a date (0.6735ms)
✔ special diagnostics identify each A indicator witness rather than the price witness (0.176292ms)
✔ nonstandard DEA axis gate remains explicit without an improvement requirement (0.141625ms)
✔ DEA tolerance discloses research threshold, precise deviation and near-zero fallback (0.168084ms)
✔ wave evidence separates effective A from original wave and local pivots (0.663583ms)
✔ rounded equal line extrema disclose the precise failed values and witness times (0.1305ms)
✔ comparisons are explicitly research only and preserve B/C axis checks (0.098459ms)
✔ unformed candidate shows Chinese gates, two-decimal values and rejection dates (0.094416ms)
✔ new nonstandard audit explicitly uses full A and first-formed reverse evidence explains gaps (0.1075ms)
ℹ tests 387
ℹ suites 0
ℹ pass 387
ℹ fail 0
ℹ cancelled 0
ℹ skipped 0
ℹ todo 0
ℹ duration_ms 1773.106167
→ 打包中…
→ 运行测试…
京东方评级: D 分数: 34.3
维度明细: 卡玛比率=22.7, 最大回撤=27.5, 胜率=33.5, 利润因子=34.1, 夏普比率=41.5, 波动率=50.1
否决: 利润因子 1.11 接近 1，仅勉强盈亏平衡
长线优质策略评级: B 分数: 64.5
维度权重: 卡玛比率=28%, 最大回撤=26%, 胜率=0%, 利润因子=0%, 夏普比率=23%, 波动率=23%
优质案例评级: A 分数: 83.9
寻优点评级: A 74
组合重算指标: { '年化': '20.83%', '回撤': '0.80%', '夏普': '5.27', '卡玛': '26.03' }
稳定上涨组合评级: S 91.8
波动组合重算: { '回撤': '44.15%', '夏普': '-2.64', '持续': 60 }
波动组合评级: D 18.5
✔ 新版组合评级使用后端采样，不按图表柱数重新日线年化 (1.3ms)
✔ 必要风险指标缺失不能展示为零风险或正常评级 (0.213167ms)
✔ 无穷比率不等于满分，真实零利润因子仍按亏损判断 (0.120542ms)
✔ 京东方回测必须评为 D 档（用户核心诉求验证点） (0.429291ms)
✔ 京东方评分应在 30-43 区间（C 与 D 的边界） (0.095042ms)
✔ 低利润因子触发系统亏损否决 (0.064334ms)
✔ 样本不足（< 10 笔交易）降权但不否决整个评级 (0.126375ms)
✔ 用户实测场景：6年6笔交易 + 高夏普 → 应得 A/B（核心回归测试） (0.133542ms)
✔ 深回撤 > 60% 触发直接 D 否决 (0.104583ms)
✔ 优质回测应得 A 或 S 档 (0.129958ms)
✔ 高回撤但收益高 → 最高 B（一票否决 cap） (0.072833ms)
✔ 插值函数：边界值取端点分数 (0.055458ms)
✔ 插值函数：中间值线性插值 (0.046833ms)
✔ 寻优评级：4 维度降级版 (0.083709ms)
✔ 寻优评级：网格点交易太少 → 降权但评级照常 (0.074625ms)
✔ 组合评级：稳定上涨净值应得 A 或 S (1.450375ms)
✔ 组合评级：高波动深回撤净值 → 低档 (0.620541ms)
✔ combinedMetrics：单点净值返回全 0（兜底） (0.058458ms)
✔ 历史组合仅保留原值，不从曲线推断日线或重算评级 (0.458833ms)
✔ v1-v4、未知版本及不完整依据不伪装为新版结果 (0.530125ms)
✔ 新版结果使用已记录指标，真实 999 和零不被当作历史哨兵 (0.06875ms)
✔ 指标状态缺失或与数值冲突不能产出评级，包括被降权维度 (0.08575ms)
✔ 低交易样本的真实不可用逐笔指标仍可降权，不误拦截可用净值评级 (0.080833ms)
✔ 寻优逐行核验新版采样与候选状态，输入范围不替代候选证据 (0.103708ms)
✔ 完整快照保留精度、真实 0/999、全部指标及版本且不关联可变输入 (0.606ms)
✔ 策略保存接受真实 Vue 响应式结果，不因 Proxy 无法 structuredClone 而失败 (0.4925ms)
✔ 再次保存历史指标不补造新版计算或评级依据 (0.086083ms)
✔ 对比展示原值并指出版本、周期、范围与利率差异，不自动重算 (0.2265ms)
ℹ tests 28
ℹ suites 0
ℹ pass 28
ℹ fail 0
ℹ cancelled 0
ℹ skipped 0
ℹ todo 0
ℹ duration_ms 85.747375
