
> web-ui@0.0.0 test
> node scripts/run-tests.mjs

✔ tracking is restricted to active administrators and explicitly authorized users (0.419417ms)
✔ presence requires visible focused recent interaction and never negative elapsed time (1.835417ms)
✔ admin query descriptions label metadata and disclose truncated targets (0.634875ms)
✔ all current chart inspector evidence stays readable without altering original nested data (8.135625ms)
✔ reject malformed fields reachable from overlays, popovers and every inspector section with exact paths (6.94825ms)
✔ optional old fields and empty failure checkpoints remain readable, no missing-state invention (0.122542ms)
✔ archive calendar validation rejects normalized impossible dates and illegal clock/offset values (6.757542ms)
✔ bar validation compares actual instants, retains raw strings, rejects equal instants and malformed volume (0.377125ms)
✔ existing frozen matrix bar sources remain readable without mutation (23.465291ms)
✔ event lists and evidence-set reordering never imply new or changed signals; originals remain intact (25.325083ms)
✔ state, lifecycle times and unrounded evidence are classified separately on the same identity (0.681333ms)
✔ same date across families and sides remains independent; true event additions/removals are distinct (31.496792ms)
✔ duplicate identities preserve all records and are never paired arbitrarily (0.473458ms)
✔ missing identity does not cause false removals or additions in its collection (0.335417ms)
✔ missing source/list is unknown, not empty or proof of no events (0.840166ms)
✔ never-candidate diagnostics match without A or reference, including special B-only records (1.090542ms)
✔ A trimming changes evidence not identity; original wave anchors and reference changes distinguish bases (0.648709ms)
✔ date normalization preserves intraday, microsecond and timezone distinctions (1.285417ms)
✔ source differences and unknown fields/ordered evidence are retained (1.406625ms)
✔ different instruments, periods or study results are not matched (0.102458ms)
✔ structure divergences are supported without inventing MACD wave anchors (0.288625ms)
✔ legacy local migration keeps original payload, precision, versions and unknown fields without upgrading (5.0325ms)
✔ cloud exports use latest metadata but retain the original immutable payload, not old cloud ID/revision (0.5775ms)
✔ study import preserves successful and failed periods plus original warmup and primary metadata (0.642334ms)
✔ unknown, incomplete, oversized and nonfinite backups are rejected, never uploaded as summaries (199.819458ms)
✔ all supported chart outputs preserve full precision, null warmups, style and instance order (6.835625ms)
✔ migration IDs survive rescanning/reload, preserve precision and isolate owners and changed content (23.853417ms)
✔ migration rejects missing owners, foreign archives and malformed inputs before upload (0.461916ms)
✔ post-inspection changes never upload under a previously confirmed identity (3.608375ms)
✔ lost response retries the same immutable body and id, without automatic retry or local deletion (5.655792ms)
✔ stop or account changes before/after read and upload discard stale results (0.725917ms)
✔ deleted cloud copies are not restored, purged copies and wrong response IDs are not treated as success (5.600583ms)
✔ chart plan freezes original data and uses original identity/window, not current selection (5.476791ms)
✔ missing volume/time/parameters and unsupported length never silently become a smaller/default study (8.068166ms)
✔ study plan preserves actual research settings and saved time labels (0.1835ms)
✔ unrounded path diff distinguishes null, missing, structure, empty arrays, and ordering (0.242708ms)
✔ response must match request, instrument, version, scope and period identities (0.512834ms)
✔ new archive retains original bars/lineage but never relabels frozen old indicators as recomputed (0.900208ms)
✔ study without saved input retains an explicit uncomputed row, never pretends all periods succeeded (0.626416ms)
✔ complete indicator recompute preserves saved settings, checks response and saves only new values (3.256ms)
✔ missing or unknown saved indicator parameters cannot borrow current defaults (0.370708ms)
✔ original valid study rows retain precision, unknown fields, true zero and no recomputation (5.077667ms)
✔ invalid nested fields become explicit per-period errors, not silently missing rows (1.259917ms)
✔ strict pen fields reject coercion and preserve historical source errors without reading their invalid nested fields (2.09525ms)
✔ duplicates are not cherry-picked and malformed or future rows remain in original-record entries (0.169875ms)
✔ trade lookup keeps the exact minute across separators, precision and days (1.812542ms)
✔ date-only values cannot choose the midnight bar of an ambiguous day (0.105042ms)
✔ daily and duplicate exact timestamps keep first positional matches (0.077917ms)
✔ nanoseconds and timezone text are not truncated into a false match (0.072583ms)
✔ date labels preserve useful precision without local timezone conversion (0.090166ms)
✔ higher sources resolve actual records and separate original from current review time (2.542541ms)
✔ base sources and foreign witness rejection have distinct Chinese descriptions (0.247958ms)
✔ inconsistent candidate has no replay evidence: unknown reason (0.190333ms)
✔ inconsistent candidate has no replay evidence: prototype key (0.158208ms)
✔ inconsistent candidate has no replay evidence: future version (0.158792ms)
✔ inconsistent candidate has no replay evidence: future completion (1.176541ms)
✔ inconsistent candidate has no replay evidence: missing time (0.140334ms)
✔ inconsistent candidate has no replay evidence: empty source (0.125959ms)
✔ inconsistent candidate has no replay evidence: duplicate source (0.074666ms)
✔ inconsistent candidate has no replay evidence: unknown source (0.117583ms)
✔ inconsistent candidate has no replay evidence: mixed levels (0.065209ms)
✔ inconsistent candidate has no replay evidence: future child (0.059792ms)
✔ inconsistent candidate has no replay evidence: wrong child level (0.04975ms)
✔ inconsistent candidate has no replay evidence: duplicate record (0.043083ms)
✔ inconsistent candidate has no replay evidence: empty record range (0.048292ms)
✔ inconsistent candidate has no replay evidence: gap (0.046708ms)
✔ inconsistent candidate has no replay evidence: wrong parent range (0.034209ms)
✔ inconsistent candidate has no replay evidence: reversed sources (0.039625ms)
✔ inconsistent candidate has no replay evidence: unsafe base number (0.042333ms)
✔ 80 percent transparency is 20 percent alpha, for both candle directions (0.467542ms)
✔ transparency stays finite, integer, and bounded (0.089916ms)
✔ body is symmetric around the unchanged wick across widths and fractional positions (1.473625ms)
✔ horizontal candles preserve every price coordinate (0.101709ms)
✔ missing or non-finite candle layouts are left untouched (0.111833ms)
✔ native ECharts layout remains centred after resize, zoom and data replacement (105.619375ms)
✔ zooming out of large-data line mode restores centred candle bodies (15.532291ms)
✔ structure widths retain existing defaults and hover appearance (1.006084ms)
✔ manual values stay finite, bounded, and at two decimal places (0.174375ms)
✔ raw index overrides rounded dates, including zero (0.446417ms)
✔ legacy intraday dates never fall back to the first bar of the day (0.110917ms)
✔ duplicate formatted times fail safely without a raw index (0.070875ms)
✔ padding keeps the 23px marker plus radius inside the price pane (0.11ms)
✔ flat, zero and negative ranges get finite padding; invalid extents do not (0.075208ms)
✔ single-bar time link is a thin line limited to each actual plot (0.836916ms)
✔ multi-bar time link has no border and clips to plot, never clamps offscreen data to an edge (0.099ms)
✔ time links map daily coverage to all minute bars, not a matching ordinal (0.162708ms)
✔ weekly and monthly end-labelled bars cover earlier constituent dates without changing data (1.36575ms)
✔ nearest marker wins regardless of signal family, only co-located points share chooser (0.486375ms)
✔ immutable request cache deduplicates pending work, isolates payload keys and retries errors (0.693458ms)
✔ all six structural types keep extrema and confirmation separate with original evidence (0.604709ms)
✔ legacy records do not invent confirmation or structural sources (0.1195ms)
✔ M1 keeps independent MACD source and original direction, never a structural type (0.325042ms)
✔ all chart layers override independent animation and progressive rendering (0.758959ms)
✔ archive tooltip labels and evidence remain text, not active HTML (1.635208ms)
✔ rejects invalid saved zooms (1.837291ms)
✔ same-snapshot redraw keeps current manually chosen view (0.263875ms)
✔ focus redraw keeps manual zoom; clearing restores pre-focus view (0.169ms)
✔ switching focus preserves the original return view (0.1665ms)
✔ new snapshot resets saved focus view and never revives old zoom (0.16475ms)
✔ default inactive; moving does not show cards and leaving does not deactivate (0.799875ms)
✔ object previews can read date-card activation without activating it (0.144958ms)
✔ click selects a point; outside click closes; inside click is not dismissed (0.106208ms)
✔ activated cards follow movement until outside dismissal, then require another click (0.112625ms)
✔ zoom clears stale coordinates but preserves activation (0.073541ms)
✔ data reset and Escape deactivate; teardown removes all handlers (0.105334ms)
✔ archive requests bind current owner and bypass browser cache (18.22025ms)
✔ cloud directory validates all rows, quotas and identities without dropping broken entries (9.176375ms)
✔ original detail requires an object payload but action receipts may omit it (1.478334ms)
✔ account change discards delayed success and delayed errors (0.210917ms)
✔ unauthenticated archive requests do not reach server; structured conflicts remain actionable (0.172625ms)
✔ upload retries retain immutable captured body and all numerical precision (0.152875ms)
✔ directed centre chain is candidate evidence, not completion (1.029417ms)
✔ touching, opposing, future, overlapping or malformed chains fail closed (0.362625ms)
✔ single-centre and legacy components remain readable (0.07975ms)
✔ inside, border, reversed y and overlapping rectangles resolve newest first (1.30575ms)
✔ invalid or missing render coordinates cannot create hits (0.087708ms)
✔ popup stays within narrow viewport and near-edge right click (0.099167ms)
✔ roles are Chinese and unknown roles never claim completion (0.408542ms)
✔ source ranges keep one-based indices without disguising gaps (0.097875ms)
✔ coverage checks counts, repeats and missing IDs (0.195125ms)
✔ missing, empty and rejected suffix are explicit (0.07325ms)
✔ invalid counts and empty blocks cannot pass the coverage audit (0.077583ms)
✔ uses raw indices, allows shared endpoints and bounds zoom padding (0.857542ms)
✔ does not invent a B interval or infer indices from formatted dates (0.089209ms)
✔ rejects partial, reversed, overlapping and out-of-snapshot evidence (0.119833ms)
✔ allows inspection of historical failed evidence without reviving it (0.101542ms)
✔ local proof draws frozen exact endpoints only after its actual confirmation (0.149333ms)
✔ dual-line divergence uses two exact raw indices, never artificial ABC ranges (0.078625ms)
✔ dual-line focus rejects missing, duplicate, reversed and out-of-range points (0.08ms)
✔ special wave focus uses AB and its extreme without inventing C (0.083375ms)
✔ direction, family and lifecycle have independent marker styles (5.066583ms)
✔ no-C dual-line remains a circle and fills only on first reverse-pen confirmation (2.996042ms)
✔ M1 is restricted to confirmed waves with a later actual confirmation (1.403375ms)
✔ four families retain independent records and nonstandard uses a triangle (0.222375ms)
✔ October 4 marker matrix uses shape for family and colour only for direction (0.132625ms)
✔ special AB evidence separates A line extrema from both price anchors and legacy pivots (0.130792ms)
✔ history is opt-in, inactive stays grey hollow, never creates M1 (0.117166ms)
✔ every historical shape uses a continuous hollow contour, including on hover (1.226417ms)
✔ new nonstandard evidence relaxes prices only and records each subtype (0.39275ms)
✔ new dual rule cannot fill without recorded later local confirmation (0.130958ms)
✔ historical engineering match retains original timing without claiming regrouping completion (2.100541ms)
✔ future, stale, mismatched or incomplete evidence fails closed (0.327375ms)
✔ older snapshots and unmatched parts keep existing natural audit available (0.074208ms)
✔ engineering provenance uses the same one-based numbering as other inspectors (1.061667ms)
✔ mixed recursion distinguishes consolidation and trend from the old trend view (0.170041ms)
✔ unknown or reversed provenance is not presented as a completed trend (0.074084ms)
✔ indicator and price values use two decimals without inventing missing evidence (0.076875ms)
✔ recursive centre relations never call extension candidates completed types (0.089292ms)
✔ admissions distinguish unit confirmation from later failed-return admission (0.0605ms)
✔ display fields retain all text including dates, provenance, and secondary colons (1.673416ms)
✔ narrative, missing evidence, and timestamp headings remain whole (0.233ms)
✔ selects the exact source without replacing missing comparison periods with the primary (0.628041ms)
✔ prefix audit preserves original warmup snapshot and its own instrument and period (0.929375ms)
✔ rejects invalid positions, missing identity and explicitly unclosed prefix data (0.361417ms)
✔ all candidate states distinguish eligibility from completed natural types (0.518208ms)
✔ opposite geometry identifies reused next-part evidence, including nonzero source IDs (0.518084ms)
✔ external opposite geometry is not added to candidate membership (0.091083ms)
✔ missing, stale, misattributed or future opposite geometry is not displayed as matched (0.178916ms)
✔ preferred endpoints are never called completed types; conflicts are retained (0.100083ms)
✔ opposite base turn is not same-level completion (0.110458ms)
✔ price formatting preserves zero and boundary contact, guards non-finite values (0.120292ms)
✔ candidate audit joins by identity, not response order (0.08375ms)
✔ part audit must match ordinal AND exact raw source IDs, including shifted IDs (0.271708ms)
✔ locates the three raw ranges without relabelling them as MACD or confirmed centres (0.913958ms)
✔ candidate must already be observable at the CURRENT replay prefix (0.163083ms)
✔ no incomplete, waiting or unsupported candidate is given a fabricated range (0.091041ms)
✔ raw bar boundaries must be contiguous and inside the visible window (0.132958ms)
✔ source partitions must cover every original segment once, preserving nonzero IDs (0.117959ms)
✔ conflicting geometric fallback remains viewable for manual audit (0.071875ms)
✔ clearing a regrouping focus restores original zoom; a new replay snapshot does not (0.109833ms)
✔ membership labels distinguish source confirmation from later admission (0.463291ms)
✔ admission witness distinguishes confirmation dependency from geometric membership (0.084917ms)
✔ old or malformed evidence never invents an admission witness (0.071292ms)
✔ factor glossary accepts standard abbreviations with spaces or underscores (1.241125ms)
✔ factor missing values never become valid zero (0.204125ms)
✔ factor ranking is stable, non-mutating and missing-last in both directions (10.355292ms)
✔ menus stay inside phone, keyboard and landscape viewports (4.192084ms)
✔ near-bottom controls open upwards without changing ordinary desktop width (0.093875ms)
✔ warmup null, missing and invalid indicator values never become invented zeroes (0.866542ms)
✔ freeze all supported indicator outputs, warmup holes, volume averages and exact numerical precision (4.50125ms)
✔ frozen playback keeps captured values despite different current prices and never queries APIs (0.5495ms)
✔ malformed or mismatched frozen values fail closed, never fall back to recomputation (0.625917ms)
✔ marker hit uses signed stacking offset for both directions, not candle position (0.423291ms)
✔ symbol size and invalid render positions are handled safely (0.105083ms)
✔ market tab changes discard old success and cannot stop the new spinner (184.665833ms)
✔ market late failure after filter cannot resurrect an error (23.1845ms)
✔ market late failure after owner cannot resurrect an error (13.792125ms)
✔ market late failure after unmount cannot resurrect an error (12.570042ms)
✔ directory count failure preserves valid rows; late totals cannot cross markets (15.978333ms)
✔ board selection clears old details and ignores slower preceding member responses (17.463458ms)
✔ board list filter changes invalidate pending member requests and prevent old auto-selection (14.748666ms)
✔ default board preload remains system-origin after manual list refresh (11.848791ms)
✔ belonging response after stock cannot change results or stock history (14.129125ms)
✔ belonging response after owner cannot change results or stock history (12.402333ms)
✔ belonging response after unmount cannot change results or stock history (9.336ms)
✔ current belonging success records captured stock; concurrent member failure has separate feedback (9.629084ms)
✔ market selection uses loaded market, clears on filters, and distinguishes shared stock/index codes (13.34575ms)
✔ board analysis uses result classification; members require their own market (9.590167ms)
✔ aborted late response cannot publish metadata even if transport ignores abort (20.617542ms)
✔ missing provenance or silently changed adjustment never reaches research (0.433417ms)
✔ reported gaps do not falsely label suspension or prevent inspecting valid candles (0.3475ms)
✔ history fetch consumes one verified range and publishes complete metadata only after validation (0.613917ms)
✔ unclosed response never updates provenance or reaches the backtest (0.24975ms)
✔ null, true zero, infinities and real 999 are distinct after JSON roundtrip (0.982375ms)
✔ single, saved and comparison results retain authoritative metric basis (0.432791ms)
✔ whole proof validated without mutation, and cross-role ownership remains visible (1.238292ms)
✔ stale, future, duplicated, incomplete, falsely completed and mismatched sources rejected (0.323417ms)
✔ base runs cannot masquerade as proofs or own multiple provisional regions (0.073541ms)
✔ blocked covers show full conflicts, never fabricated flattened blocks (0.086916ms)
✔ labels retain provisional scope (0.060792ms)
✔ all seven MA presets are available but only MA5 and MA10 start visible (0.836458ms)
✔ each chart session gets independent editable settings without changing presets (0.081ms)
✔ MA presets retain the requested yellow, white, purple, green, cyan, orange, red palette (0.077208ms)
✔ legend retains every MA choice and explicit hidden states override stale chart selection (0.102583ms)
✔ cross-boundary details resolve actual input and nested ownership records (2.12725ms)
✔ unowned reverse evidence stays explicitly unowned for boundary rejection (0.519167ms)
✔ foreign witness can be shown for an otherwise single-owner candidate (0.151792ms)
✔ legacy candidates do not invent missing conflict details (0.123542ms)
✔ damaged detail is not presented: mismatched candidate sources (0.6895ms)
✔ damaged detail is not presented: wrong layer (0.064708ms)
✔ damaged detail is not presented: unknown reverse input (0.061208ms)
✔ damaged detail is not presented: wrong reverse range (0.0565ms)
✔ damaged detail is not presented: reverse overlaps prices (0.065291ms)
✔ damaged detail is not presented: future reverse confirmation (0.111042ms)
✔ damaged detail is not presented: wrong reverse time (0.0625ms)
✔ damaged detail is not presented: incomplete domain list (0.064958ms)
✔ damaged detail is not presented: duplicate domains (0.053583ms)
✔ damaged detail is not presented: noncontinuous domain (0.043541ms)
✔ damaged detail is not presented: foreign domain misses witness (0.048458ms)
✔ damaged detail is not presented: false unowned witness (0.047375ms)
✔ damaged detail is not presented: missing nested record (0.053625ms)
✔ damaged detail is not presented: wrong reason (0.049125ms)
✔ only current owner revisions form the displayed ownership set (1.034917ms)
✔ internal provenance remains distinct and validates enclosing ownership (0.339ms)
✔ parent-covered history is not labeled as an additional effective input (0.069792ms)
✔ nested provenance validates containment and strictly increasing input levels (0.159084ms)
✔ current owner labels are distinct from creation IDs and tolerate old snapshots (0.089583ms)
✔ summary mode lists every historical address, not just current versions (0.720166ms)
✔ full and missing legacy snapshots stay readable without inventing history (0.079125ms)
✔ all four analysis paths explicitly request summary delivery without changing input (0.637333ms)
✔ complete lifecycle stays chronological, does not mutate input, and uses Chinese labels (1.2575ms)
✔ legacy or future history is not invented (0.123084ms)
✔ dangling, reordered, duplicated, miscounted and conflicting histories fail closed (1.0565ms)
✔ equal counts cannot hide swapped source identities (0.074375ms)
✔ intermediate event boundaries must equal actual inherited and added sources (0.067333ms)
✔ input evidence must exist at the correct level and be available at admission (0.178875ms)
✔ invalid domain sources, membership and parent context fail closed (0.170209ms)
✔ leftward growth, shifted sources and newly filled merge gaps remain valid (0.142084ms)
✔ both periods exclude future and open candles while retaining original warm-up start (0.565917ms)
✔ snapshot observation time caps cutoff; bar start before cutoff is not enough (0.08225ms)
✔ no timeframe fallback or fabricated candles when historical minute range is unavailable (0.08025ms)
✔ index and board snapshots retain NONE adjustment, mismatch is rejected (0.215959ms)
✔ missing completion evidence, timezone timestamps and unordered bars fail explicitly (0.136458ms)
✔ week/month completion boundary comes from provider annotation, not day label (0.099167ms)
✔ matrix defaults to exactly the five requested periods in image order and six information columns (0.903958ms)
✔ does not turn current reversal observation into a confirmed opposite pen (0.156417ms)
✔ keeps true zero distinct from missing, and numerical display never overwrites original axis judgment (0.119917ms)
✔ keeps divergence family, extrema and actual confirmation separate; never drops records (7.848875ms)
✔ missing pen and divergence are bounded claims; quality limitations stay visible (0.167083ms)
✔ late preference response cannot revert a newer adjustment; queued patch is captured (91.847833ms)
✔ account switch drops old queue, permits new account immediately and ignores late response (14.98025ms)
✔ same-account logout/login does not accept response from prior session epoch (7.329875ms)
✔ failed saves reject caller, do not wedge queue or restore stale role permissions (5.74025ms)
✔ mismatched response owner and logged-out saves are rejected (4.718833ms)
✔ market preference watcher survives the first route unmount and follows owner changes (7.058542ms)
✔ late name hydration cannot write across accounts; new owner hydrates independently (24.281083ms)
✔ sidebar hydration never writes, old-owner timers cancel, failures are handled (42.052541ms)
✔ forming candles preserve OHLC and use dashed empty outlines (0.403833ms)
✔ forming volume and signed MACD columns preserve values and direction (0.10025ms)
✔ query defaults to system, manual intent is synchronous and explicit (3.092834ms)
✔ direct bar snapshot fetch preserves explicit intent, including failed requests (18.393583ms)
✔ pending manual requests do not mark concurrent automatic work or async continuations (0.231208ms)
✔ API dispatch tags manual queries but excludes automatic name lookup and task polling (1.312958ms)
✔ radar review captures row adjustment, exact minute, strategy and original cutoff (0.951459ms)
✔ invalid or legacy reviews fail explicitly without guessing data or adjustment (1.154375ms)
✔ exchange-local dates validate without browser timezone conversion (0.203042ms)
✔ review excludes future and unclosed bars, resets derived fingerprint and reports actual range without mutating source (4.208291ms)
✔ radar cache is owner scoped and malformed/legacy records never enter the UI (1.424833ms)
✔ late messages, close and errors from an old socket cannot affect replacement (0.831708ms)
✔ invalid messages and control responses never become ticks; close reason retained (0.161333ms)
✔ matching versions are selected by case identity without mutation (3.111958ms)
✔ future snapshots, wrong rules, incomplete chains and duplicate cases are rejected (0.600209ms)
✔ labels never confuse endpoint consistency or higher-centre proof with completion (0.338541ms)
✔ v2 keeps the detached prefix and v1 remains readable (0.368041ms)
✔ v3 supports trend search while retaining the same ownership guards (0.116ms)
✔ missing, duplicated, misattributed or silently completed prefix is rejected (0.317333ms)
✔ reincorporation is recorded explicitly instead of erasing detached history (2.020542ms)
✔ accepts bounded history and empty verified batches (0.489167ms)
✔ rejects wrong batch, future indices, broken sources and contradictory state (0.218667ms)
✔ research labels distinguish absence, release, retained and internal (0.07725ms)
✔ late old responses cannot own a newer research request (0.457875ms)
✔ submission fields are captured values, not mutable form references (0.406916ms)
✔ navigation preserves explicit stock/index/fund/board identity and parameters without auto run (1.87975ms)
✔ ambiguous identity is rejected rather than guessed or numeric code padded (0.4255ms)
✔ query parser rejects incomplete, duplicate, incompatible and mixed-context values (4.521584ms)
✔ snapshot import keeps original data and normalizes optional display metadata (4.446459ms)
✔ reject invalid schema, periods, oversized arrays and impossible candle prices (1.191417ms)
✔ cloud archives retain larger frozen windows and all supported distinct periods (13.740625ms)
✔ import keeps valid frozen outputs and rejects mismatched frozen data instead of recomputing (0.439625ms)
✔ window is exchange local and bounded by the snapshot cutoff (1.838209ms)
✔ missing numbers and candidate status are never promoted (0.194375ms)
✔ amber projection resolves daily and minute labels, ignores open candle (2.155ms)
✔ three workspaces are keyboard traversable without dropping an existing mode (0.786292ms)
✔ mobile comparison shows exactly the selected snapshot; desktop shows both (0.097292ms)
✔ inactive research never starts automatic work, valid active research does (0.083916ms)
✔ saved single strategy restores market, period, adjustment and all execution costs exactly (5.5125ms)
✔ missing legacy fields disclose supplied defaults instead of claiming complete restoration (0.551459ms)
✔ explicit contradictory market and unsupported instruments are not silently rewritten (0.733958ms)
✔ invalid present fields are errors, not fallback defaults (1.864875ms)
✔ saved links identify records only and cannot inject alternate execution context (0.180417ms)
✔ actual backtest view loads exact saved context without running, then saves the configuration used (5.376125ms)
✔ late saved record cannot overwrite owner (4.635334ms)
✔ late saved record cannot overwrite route (1.107083ms)
✔ late saved record cannot overwrite input (0.965583ms)
✔ late saved record cannot overwrite unmount (0.906167ms)
✔ invalid saved context blocks run, while legacy missing fields disclose fallback (2.401917ms)
✔ save completion after owner cannot write into a different page or account (0.878416ms)
✔ save completion after route cannot write into a different page or account (0.775708ms)
✔ save completion after unmount cannot write into a different page or account (0.709167ms)
✔ audit description translates permissions and never renders arbitrary detail fields (1.748458ms)
✔ audit time is explicitly Shanghai time and invalid data remains readable (21.163167ms)
✔ audit API preserves bounded pagination/filter state and authenticated credentials (23.248875ms)
✔ distinguishes no candidate, failed current audit, and actual invalidation without promoting legacy state (0.505125ms)
✔ filters independent families and directions without merging special and local dual-line evidence (8.894292ms)
✔ searches lifecycle dates and failure reasons with all terms required, retaining original source objects (0.287916ms)
✔ searches diagnostic rejection history without silently reviving historical candidates (0.8545ms)
✔ all excludes bc false, preserves input order and records, and does not infer missing direction (0.314ms)
✔ legacy diagnostic family is standard, and empty diagnostics do not invent rejection records (0.241458ms)
✔ structural points retain their own confirmation and evidence, never deriving them from a MACD source (0.635042ms)
✔ M1 uses exact existing gates and remains a separate view of its original standard event (0.844125ms)
✔ combined date query finds independent point, prompt and event records without deduplication or additive counts (0.141ms)
✔ chart date matches structured lifecycle timestamps, not coincidental prose dates (0.269667ms)
✔ minute evidence uses exact exchange-local minute, accepting T/space and refusing missing time (0.103791ms)
✔ chart date includes diagnostic ABC and rejection coverage without inventing open or reversed intervals (0.215125ms)
✔ date scope combines with all filters for structural points and original M1 sources (0.101459ms)
✔ new standard evidence explains price, old blocker and independent special lifecycle (1.059375ms)
✔ new gates include counts, boundary and dates without undefined placeholder (0.216792ms)
✔ legacy comparisons retain old detected confirmed and invalidated dates (0.152583ms)
✔ structure dates remove midnight noise without changing intraday precision (1.481792ms)
✔ centre evidence distinguishes fixed core, outer range and candidate expansion (0.604958ms)
✔ segment evidence includes source prices and reverse proof with one-based labels (0.160792ms)
✔ missing legacy evidence does not invent confirmation (0.099ms)
✔ special inclusion explains boundary exception without labelling it an ordinary fractal (0.0655ms)
✔ centre relation history distinguishes current candidate from original separation (0.093416ms)
✔ confirmation replay translates raw indices without date matching (0.065333ms)
✔ unknown, invalid or out-of-snapshot confirmations have no replay target (0.070625ms)
✔ connection badge validates shared time, price and alternating direction (0.098709ms)
✔ reverse preview uses observed extreme, not last close or a future target (0.902542ms)
✔ mirrored lows produce an upward reference (0.100125ms)
✔ no invented reference for missing, ambiguous, extending, or invalid inputs (0.10025ms)
✔ replay prefix cannot use a later extreme; ties retain first occurrence (0.093875ms)
✔ ongoing consolidation differs by color, line pattern, and fill (0.09925ms)
✔ task list rejects malformed responses instead of replacing records with undefined (24.026375ms)
✔ cancelling is not terminal and elapsed values remain readable (0.136208ms)
✔ runBacktestWithPolling waits through cancelling and returns cancelled (2.0795ms)
✔ runBacktestWithPolling waits through cancelling and returns timed_out (3.515542ms)
✔ runSignalScanWithPolling waits through cancelling and returns cancelled (3.3085ms)
✔ runSignalScanWithPolling waits through cancelling and returns timed_out (1.212333ms)
✔ cancel API uses POST, and partial cancelled scan results are never accepted (0.327333ms)
✔ persistent recovery and version mismatch are distinct from completion (0.601042ms)
✔ terminal task deletion handles empty 204 and encodes identity (0.193375ms)
✔ checkpoint presence is not confused with verified reuse or task completion (0.416584ms)
✔ cached completed submission is retrieved rather than shown as running (0.196541ms)
✔ network failures are localized across WebKit, Chromium and Firefox (1.162375ms)
✔ tracking identity separates asset types, exchanges and board catalogues (0.747375ms)
✔ cloud book validates without silently dropping corrupt groups or duplicate entries (0.599041ms)
✔ expansion preserves every member and all board/direct sources, not a 200-row display page (5.529166ms)
✔ membership failure is explicit and malformed partial membership is never accepted (1.13775ms)
✔ batch runs sequentially, keeps partial errors and continues after a failed target (11.699542ms)
✔ cancellation marks in-flight and unstarted rows, ignoring a late success (0.162708ms)
✔ group breadth counts only available periods, never treats failed targets as neutral evidence (0.187375ms)
✔ exact current revision accepts only its own evidence without mutation (1.515834ms)
✔ old partition, stale version, future evidence and false completion are rejected (0.276042ms)
✔ historical audit cannot import a later opposite segment (0.083542ms)
✔ empty partitions and higher-proof priority retain explicit blockers (0.073041ms)
✔ new blockers use Chinese labels without calling prerequisites completion (0.138333ms)
✔ missing comparison interval is explained in Chinese without inventing a date (0.642375ms)
✔ special diagnostics identify each A indicator witness rather than the price witness (0.170083ms)
✔ nonstandard DEA axis gate remains explicit without an improvement requirement (0.138ms)
✔ DEA tolerance discloses research threshold, precise deviation and near-zero fallback (0.168708ms)
✔ wave evidence separates effective A from original wave and local pivots (0.809209ms)
✔ rounded equal line extrema disclose the precise failed values and witness times (0.116792ms)
✔ comparisons are explicitly research only and preserve B/C axis checks (0.100875ms)
✔ unformed candidate shows Chinese gates, two-decimal values and rejection dates (0.105917ms)
✔ new nonstandard audit explicitly uses full A and first-formed reverse evidence explains gaps (0.108417ms)
ℹ tests 385
ℹ suites 0
ℹ pass 385
ℹ fail 0
ℹ cancelled 0
ℹ skipped 0
ℹ todo 0
ℹ duration_ms 1883.602416
→ 打包中…
→ 运行测试…
京东方评级: D 分数: 34.3
维度明细: 卡玛比率=22.7, 最大回撤=27.5, 胜率=33.5, 利润因子=34.1, 夏普比率=41.5, 波动率=50.1
否决: 利润因子 1.11 接近 1，仅勉强盈亏平衡
长线优质策略评级: B 分数: 64.5
维度权重: 卡玛比率=28%, 最大回撤=26%, 胜率=0%, 利润因子=0%, 夏普比率=23%, 波动率=23%
优质案例评级: A 分数: 83.9
寻优点评级: A 74
组合重算指标: { '年化': '20.83%', '回撤': '0.80%', '夏普': '5.27', '卡玛': '26.03' }
稳定上涨组合评级: S 91.8
波动组合重算: { '回撤': '44.15%', '夏普': '-2.64', '持续': 60 }
波动组合评级: D 18.5
✔ 新版组合评级使用后端采样，不按图表柱数重新日线年化 (1.270209ms)
✔ 必要风险指标缺失不能展示为零风险或正常评级 (0.211042ms)
✔ 无穷比率不等于满分，真实零利润因子仍按亏损判断 (0.125125ms)
✔ 京东方回测必须评为 D 档（用户核心诉求验证点） (0.534125ms)
✔ 京东方评分应在 30-43 区间（C 与 D 的边界） (0.121167ms)
✔ 低利润因子触发系统亏损否决 (0.075375ms)
✔ 样本不足（< 10 笔交易）降权但不否决整个评级 (0.143084ms)
✔ 用户实测场景：6年6笔交易 + 高夏普 → 应得 A/B（核心回归测试） (0.146334ms)
✔ 深回撤 > 60% 触发直接 D 否决 (0.0985ms)
✔ 优质回测应得 A 或 S 档 (0.1255ms)
✔ 高回撤但收益高 → 最高 B（一票否决 cap） (0.073167ms)
✔ 插值函数：边界值取端点分数 (0.072291ms)
✔ 插值函数：中间值线性插值 (0.050584ms)
✔ 寻优评级：4 维度降级版 (0.086584ms)
✔ 寻优评级：网格点交易太少 → 降权但评级照常 (0.064041ms)
✔ 组合评级：稳定上涨净值应得 A 或 S (1.45025ms)
✔ 组合评级：高波动深回撤净值 → 低档 (0.509ms)
✔ combinedMetrics：单点净值返回全 0（兜底） (0.049083ms)
✔ 历史组合仅保留原值，不从曲线推断日线或重算评级 (0.41225ms)
✔ v1-v4、未知版本及不完整依据不伪装为新版结果 (0.521709ms)
✔ 新版结果使用已记录指标，真实 999 和零不被当作历史哨兵 (0.071167ms)
✔ 指标状态缺失或与数值冲突不能产出评级，包括被降权维度 (0.087541ms)
✔ 低交易样本的真实不可用逐笔指标仍可降权，不误拦截可用净值评级 (0.080041ms)
✔ 寻优逐行核验新版采样与候选状态，输入范围不替代候选证据 (0.101333ms)
✔ 完整快照保留精度、真实 0/999、全部指标及版本且不关联可变输入 (0.576ms)
✔ 策略保存接受真实 Vue 响应式结果，不因 Proxy 无法 structuredClone 而失败 (0.498709ms)
✔ 再次保存历史指标不补造新版计算或评级依据 (0.0875ms)
✔ 对比展示原值并指出版本、周期、范围与利率差异，不自动重算 (0.230833ms)
ℹ tests 28
ℹ suites 0
ℹ pass 28
ℹ fail 0
ℹ cancelled 0
ℹ skipped 0
ℹ todo 0
ℹ duration_ms 85.393
