
> web-ui@0.0.0 test
> node scripts/run-tests.mjs

✔ tracking is restricted to active administrators and explicitly authorized users (3.499375ms)
✔ presence requires visible focused recent interaction and never negative elapsed time (3.157083ms)
✔ admin query descriptions label metadata and disclose truncated targets (0.286417ms)
✔ all current chart inspector evidence stays readable without altering original nested data (23.57925ms)
✔ reject malformed fields reachable from overlays, popovers and every inspector section with exact paths (24.815833ms)
✔ optional old fields and empty failure checkpoints remain readable, no missing-state invention (0.146791ms)
✔ archive calendar validation rejects normalized impossible dates and illegal clock/offset values (10.930459ms)
✔ bar validation compares actual instants, retains raw strings, rejects equal instants and malformed volume (0.382417ms)
✔ existing frozen matrix bar sources remain readable without mutation (54.665375ms)
✔ event lists and evidence-set reordering never imply new or changed signals; originals remain intact (17.093459ms)
✔ state, lifecycle times and unrounded evidence are classified separately on the same identity (0.730125ms)
✔ same date across families and sides remains independent; true event additions/removals are distinct (1.206167ms)
✔ duplicate identities preserve all records and are never paired arbitrarily (1.233042ms)
✔ missing identity does not cause false removals or additions in its collection (1.043417ms)
✔ missing source/list is unknown, not empty or proof of no events (0.783291ms)
✔ never-candidate diagnostics match without A or reference, including special B-only records (1.161667ms)
✔ A trimming changes evidence not identity; original wave anchors and reference changes distinguish bases (0.629417ms)
✔ date normalization preserves intraday, microsecond and timezone distinctions (2.208542ms)
✔ source differences and unknown fields/ordered evidence are retained (1.771959ms)
✔ different instruments, periods or study results are not matched (0.193333ms)
✔ structure divergences are supported without inventing MACD wave anchors (0.679667ms)
✔ legacy local migration keeps original payload, precision, versions and unknown fields without upgrading (11.777625ms)
✔ cloud exports use latest metadata but retain the original immutable payload, not old cloud ID/revision (3.949291ms)
✔ study import preserves successful and failed periods plus original warmup and primary metadata (1.417833ms)
✔ unknown, incomplete, oversized and nonfinite backups are rejected, never uploaded as summaries (216.795458ms)
✔ all supported chart outputs preserve full precision, null warmups, style and instance order (13.044167ms)
✔ migration IDs survive rescanning/reload, preserve precision and isolate owners and changed content (15.142041ms)
✔ migration rejects missing owners, foreign archives and malformed inputs before upload (0.400583ms)
✔ post-inspection changes never upload under a previously confirmed identity (1.410541ms)
✔ lost response retries the same immutable body and id, without automatic retry or local deletion (3.113ms)
✔ stop or account changes before/after read and upload discard stale results (0.747084ms)
✔ deleted cloud copies are not restored, purged copies and wrong response IDs are not treated as success (1.621417ms)
✔ chart plan freezes original data and uses original identity/window, not current selection (6.49175ms)
✔ missing volume/time/parameters and unsupported length never silently become a smaller/default study (14.052791ms)
✔ study plan preserves actual research settings and saved time labels (0.344791ms)
✔ unrounded path diff distinguishes null, missing, structure, empty arrays, and ordering (0.269291ms)
✔ response must match request, instrument, version, scope and period identities (2.150834ms)
✔ new archive retains original bars/lineage but never relabels frozen old indicators as recomputed (0.429542ms)
✔ study without saved input retains an explicit uncomputed row, never pretends all periods succeeded (0.207833ms)
✔ complete indicator recompute preserves saved settings, checks response and saves only new values (7.648458ms)
✔ missing or unknown saved indicator parameters cannot borrow current defaults (1.54225ms)
✔ original valid study rows retain precision, unknown fields, true zero and no recomputation (13.544834ms)
✔ invalid nested fields become explicit per-period errors, not silently missing rows (0.538542ms)
✔ strict pen fields reject coercion and preserve historical source errors without reading their invalid nested fields (5.636083ms)
✔ duplicates are not cherry-picked and malformed or future rows remain in original-record entries (0.199125ms)
✔ trade lookup keeps the exact minute across separators, precision and days (0.670625ms)
✔ date-only values cannot choose the midnight bar of an ambiguous day (0.144917ms)
✔ daily and duplicate exact timestamps keep first positional matches (0.105625ms)
✔ nanoseconds and timezone text are not truncated into a false match (0.081042ms)
✔ date labels preserve useful precision without local timezone conversion (0.092041ms)
✔ higher sources resolve actual records and separate original from current review time (1.053333ms)
✔ base sources and foreign witness rejection have distinct Chinese descriptions (0.094625ms)
✔ inconsistent candidate has no replay evidence: unknown reason (0.081083ms)
✔ inconsistent candidate has no replay evidence: prototype key (0.060375ms)
✔ inconsistent candidate has no replay evidence: future version (0.057917ms)
✔ inconsistent candidate has no replay evidence: future completion (1.022958ms)
✔ inconsistent candidate has no replay evidence: missing time (0.2625ms)
✔ inconsistent candidate has no replay evidence: empty source (0.143875ms)
✔ inconsistent candidate has no replay evidence: duplicate source (0.14275ms)
✔ inconsistent candidate has no replay evidence: unknown source (0.235291ms)
✔ inconsistent candidate has no replay evidence: mixed levels (0.13975ms)
✔ inconsistent candidate has no replay evidence: future child (0.129ms)
✔ inconsistent candidate has no replay evidence: wrong child level (0.107875ms)
✔ inconsistent candidate has no replay evidence: duplicate record (0.099209ms)
✔ inconsistent candidate has no replay evidence: empty record range (0.115167ms)
✔ inconsistent candidate has no replay evidence: gap (0.796667ms)
✔ inconsistent candidate has no replay evidence: wrong parent range (0.326916ms)
✔ inconsistent candidate has no replay evidence: reversed sources (0.082708ms)
✔ inconsistent candidate has no replay evidence: unsafe base number (0.052208ms)
✔ 80 percent transparency is 20 percent alpha, for both candle directions (0.423125ms)
✔ transparency stays finite, integer, and bounded (0.079875ms)
✔ body is symmetric around the unchanged wick across widths and fractional positions (1.445292ms)
✔ horizontal candles preserve every price coordinate (0.097875ms)
✔ missing or non-finite candle layouts are left untouched (0.109375ms)
✔ native ECharts layout remains centred after resize, zoom and data replacement (116.297417ms)
✔ zooming out of large-data line mode restores centred candle bodies (16.948208ms)
✔ structure widths retain existing defaults and hover appearance (0.754375ms)
✔ manual values stay finite, bounded, and at two decimal places (0.135041ms)
✔ raw index overrides rounded dates, including zero (1.04325ms)
✔ legacy intraday dates never fall back to the first bar of the day (0.260083ms)
✔ duplicate formatted times fail safely without a raw index (0.674417ms)
✔ padding keeps the 23px marker plus radius inside the price pane (0.652458ms)
✔ flat, zero and negative ranges get finite padding; invalid extents do not (2.879375ms)
✔ single-bar time link is a thin line limited to each actual plot (1.924416ms)
✔ multi-bar time link has no border and clips to plot, never clamps offscreen data to an edge (0.210209ms)
✔ time links map daily coverage to all minute bars, not a matching ordinal (0.335583ms)
✔ weekly and monthly end-labelled bars cover earlier constituent dates without changing data (1.359167ms)
✔ nearest marker wins regardless of signal family, only co-located points share chooser (0.465209ms)
✔ immutable request cache deduplicates pending work, isolates payload keys and retries errors (0.696208ms)
✔ all six structural types keep extrema and confirmation separate with original evidence (3.653125ms)
✔ legacy records do not invent confirmation or structural sources (0.147834ms)
✔ M1 keeps independent MACD source and original direction, never a structural type (0.390417ms)
✔ all chart layers override independent animation and progressive rendering (0.797042ms)
✔ archive tooltip labels and evidence remain text, not active HTML (0.448125ms)
✔ rejects invalid saved zooms (0.921958ms)
✔ same-snapshot redraw keeps current manually chosen view (0.350625ms)
✔ focus redraw keeps manual zoom; clearing restores pre-focus view (0.170291ms)
✔ switching focus preserves the original return view (0.093833ms)
✔ new snapshot resets saved focus view and never revives old zoom (0.078875ms)
✔ default inactive; moving does not show cards and leaving does not deactivate (1.945833ms)
✔ object previews can read date-card activation without activating it (0.383209ms)
✔ click selects a point; outside click closes; inside click is not dismissed (0.272083ms)
✔ activated cards follow movement until outside dismissal, then require another click (0.255833ms)
✔ zoom clears stale coordinates but preserves activation (0.173708ms)
✔ data reset and Escape deactivate; teardown removes all handlers (0.23525ms)
✔ archive requests bind current owner and bypass browser cache (19.208292ms)
✔ cloud directory validates all rows, quotas and identities without dropping broken entries (7.091917ms)
✔ original detail requires an object payload but action receipts may omit it (0.913958ms)
✔ account change discards delayed success and delayed errors (0.287875ms)
✔ unauthenticated archive requests do not reach server; structured conflicts remain actionable (0.194458ms)
✔ upload retries retain immutable captured body and all numerical precision (0.168ms)
✔ directed centre chain is candidate evidence, not completion (1.082083ms)
✔ touching, opposing, future, overlapping or malformed chains fail closed (0.375333ms)
✔ single-centre and legacy components remain readable (0.104416ms)
✔ inside, border, reversed y and overlapping rectangles resolve newest first (1.231333ms)
✔ invalid or missing render coordinates cannot create hits (0.300667ms)
✔ popup stays within narrow viewport and near-edge right click (0.221875ms)
✔ roles are Chinese and unknown roles never claim completion (1.667125ms)
✔ source ranges keep one-based indices without disguising gaps (0.1235ms)
✔ coverage checks counts, repeats and missing IDs (0.20925ms)
✔ missing, empty and rejected suffix are explicit (0.071042ms)
✔ invalid counts and empty blocks cannot pass the coverage audit (0.074416ms)
✔ uses raw indices, allows shared endpoints and bounds zoom padding (0.947958ms)
✔ does not invent a B interval or infer indices from formatted dates (0.311125ms)
✔ rejects partial, reversed, overlapping and out-of-snapshot evidence (0.205208ms)
✔ allows inspection of historical failed evidence without reviving it (0.133042ms)
✔ local proof draws frozen exact endpoints only after its actual confirmation (0.175709ms)
✔ dual-line divergence uses two exact raw indices, never artificial ABC ranges (0.087667ms)
✔ dual-line focus rejects missing, duplicate, reversed and out-of-range points (0.0885ms)
✔ special wave focus uses AB and its extreme without inventing C (0.087125ms)
✔ direction, family and lifecycle have independent marker styles (3.837375ms)
✔ no-C dual-line remains a circle and fills only on first reverse-pen confirmation (4.895125ms)
✔ M1 is restricted to confirmed waves with a later actual confirmation (0.276ms)
✔ four families retain independent records and nonstandard uses a triangle (0.424334ms)
✔ October 4 marker matrix uses shape for family and colour only for direction (0.336584ms)
✔ special AB evidence separates A line extrema from both price anchors and legacy pivots (0.185458ms)
✔ history is opt-in, inactive stays grey hollow, never creates M1 (0.258291ms)
✔ every historical shape uses a continuous hollow contour, including on hover (0.324958ms)
✔ new nonstandard evidence relaxes prices only and records each subtype (0.3125ms)
✔ new dual rule cannot fill without recorded later local confirmation (0.2375ms)
✔ historical engineering match retains original timing without claiming regrouping completion (2.109708ms)
✔ future, stale, mismatched or incomplete evidence fails closed (0.727084ms)
✔ older snapshots and unmatched parts keep existing natural audit available (0.077292ms)
✔ engineering provenance uses the same one-based numbering as other inspectors (0.574292ms)
✔ mixed recursion distinguishes consolidation and trend from the old trend view (0.143208ms)
✔ unknown or reversed provenance is not presented as a completed trend (0.084ms)
✔ indicator and price values use two decimals without inventing missing evidence (0.074417ms)
✔ recursive centre relations never call extension candidates completed types (0.08675ms)
✔ admissions distinguish unit confirmation from later failed-return admission (0.065209ms)
✔ display fields retain all text including dates, provenance, and secondary colons (1.668208ms)
✔ narrative, missing evidence, and timestamp headings remain whole (0.121417ms)
✔ selects the exact source without replacing missing comparison periods with the primary (0.421042ms)
✔ prefix audit preserves original warmup snapshot and its own instrument and period (0.418375ms)
✔ rejects invalid positions, missing identity and explicitly unclosed prefix data (0.185375ms)
✔ all candidate states distinguish eligibility from completed natural types (1.596125ms)
✔ opposite geometry identifies reused next-part evidence, including nonzero source IDs (0.594917ms)
✔ external opposite geometry is not added to candidate membership (0.105542ms)
✔ missing, stale, misattributed or future opposite geometry is not displayed as matched (0.140208ms)
✔ preferred endpoints are never called completed types; conflicts are retained (0.079292ms)
✔ opposite base turn is not same-level completion (0.094375ms)
✔ price formatting preserves zero and boundary contact, guards non-finite values (0.121458ms)
✔ candidate audit joins by identity, not response order (0.086875ms)
✔ part audit must match ordinal AND exact raw source IDs, including shifted IDs (0.146667ms)
✔ locates the three raw ranges without relabelling them as MACD or confirmed centres (0.970417ms)
✔ candidate must already be observable at the CURRENT replay prefix (0.169ms)
✔ no incomplete, waiting or unsupported candidate is given a fabricated range (0.10075ms)
✔ raw bar boundaries must be contiguous and inside the visible window (0.140333ms)
✔ source partitions must cover every original segment once, preserving nonzero IDs (0.118375ms)
✔ conflicting geometric fallback remains viewable for manual audit (0.0695ms)
✔ clearing a regrouping focus restores original zoom; a new replay snapshot does not (0.112334ms)
✔ membership labels distinguish source confirmation from later admission (0.513375ms)
✔ admission witness distinguishes confirmation dependency from geometric membership (0.088042ms)
✔ old or malformed evidence never invents an admission witness (0.070833ms)
✔ factor glossary accepts standard abbreviations with spaces or underscores (0.551667ms)
✔ factor missing values never become valid zero (0.2635ms)
✔ factor ranking is stable, non-mutating and missing-last in both directions (13.2615ms)
✔ menus stay inside phone, keyboard and landscape viewports (0.572208ms)
✔ near-bottom controls open upwards without changing ordinary desktop width (0.09325ms)
✔ warmup null, missing and invalid indicator values never become invented zeroes (2.306875ms)
✔ freeze all supported indicator outputs, warmup holes, volume averages and exact numerical precision (15.374125ms)
✔ frozen playback keeps captured values despite different current prices and never queries APIs (1.172583ms)
✔ malformed or mismatched frozen values fail closed, never fall back to recomputation (0.596542ms)
✔ marker hit uses signed stacking offset for both directions, not candle position (0.434708ms)
✔ symbol size and invalid render positions are handled safely (0.08225ms)
✔ market tab changes discard old success and cannot stop the new spinner (86.583083ms)
✔ market late failure after filter cannot resurrect an error (15.160292ms)
✔ market late failure after owner cannot resurrect an error (10.366458ms)
✔ market late failure after unmount cannot resurrect an error (10.40575ms)
✔ directory count failure preserves valid rows; late totals cannot cross markets (10.475041ms)
✔ board selection clears old details and ignores slower preceding member responses (16.305458ms)
✔ board list filter changes invalidate pending member requests and prevent old auto-selection (12.798792ms)
✔ default board preload remains system-origin after manual list refresh (9.784166ms)
✔ belonging response after stock cannot change results or stock history (9.829625ms)
✔ belonging response after owner cannot change results or stock history (10.622291ms)
✔ belonging response after unmount cannot change results or stock history (8.957458ms)
✔ current belonging success records captured stock; concurrent member failure has separate feedback (8.77675ms)
✔ market selection uses loaded market, clears on filters, and distinguishes shared stock/index codes (10.087916ms)
✔ board analysis uses result classification; members require their own market (9.028833ms)
✔ aborted late response cannot publish metadata even if transport ignores abort (22.724791ms)
✔ missing provenance or silently changed adjustment never reaches research (0.378458ms)
✔ reported gaps do not falsely label suspension or prevent inspecting valid candles (0.249ms)
✔ history fetch consumes one verified range and publishes complete metadata only after validation (1.547042ms)
✔ unclosed response never updates provenance or reaches the backtest (0.294625ms)
✔ null, true zero, infinities and real 999 are distinct after JSON roundtrip (0.475792ms)
✔ single, saved and comparison results retain authoritative metric basis (0.430542ms)
✔ whole proof validated without mutation, and cross-role ownership remains visible (0.94775ms)
✔ stale, future, duplicated, incomplete, falsely completed and mismatched sources rejected (0.294916ms)
✔ base runs cannot masquerade as proofs or own multiple provisional regions (0.072375ms)
✔ blocked covers show full conflicts, never fabricated flattened blocks (0.089083ms)
✔ labels retain provisional scope (0.058458ms)
✔ all seven MA presets are available but only MA5 and MA10 start visible (1.044542ms)
✔ each chart session gets independent editable settings without changing presets (0.080583ms)
✔ MA presets retain the requested yellow, white, purple, green, cyan, orange, red palette (0.078667ms)
✔ legend retains every MA choice and explicit hidden states override stale chart selection (0.118667ms)
✔ cross-boundary details resolve actual input and nested ownership records (1.324292ms)
✔ unowned reverse evidence stays explicitly unowned for boundary rejection (0.109208ms)
✔ foreign witness can be shown for an otherwise single-owner candidate (0.102625ms)
✔ legacy candidates do not invent missing conflict details (0.113583ms)
✔ damaged detail is not presented: mismatched candidate sources (0.962667ms)
✔ damaged detail is not presented: wrong layer (0.217ms)
✔ damaged detail is not presented: unknown reverse input (0.243ms)
✔ damaged detail is not presented: wrong reverse range (0.140959ms)
✔ damaged detail is not presented: reverse overlaps prices (0.17625ms)
✔ damaged detail is not presented: future reverse confirmation (0.265917ms)
✔ damaged detail is not presented: wrong reverse time (0.196667ms)
✔ damaged detail is not presented: incomplete domain list (0.24475ms)
✔ damaged detail is not presented: duplicate domains (0.081792ms)
✔ damaged detail is not presented: noncontinuous domain (0.050834ms)
✔ damaged detail is not presented: foreign domain misses witness (0.050917ms)
✔ damaged detail is not presented: false unowned witness (0.05025ms)
✔ damaged detail is not presented: missing nested record (0.058166ms)
✔ damaged detail is not presented: wrong reason (0.054709ms)
✔ only current owner revisions form the displayed ownership set (0.736542ms)
✔ internal provenance remains distinct and validates enclosing ownership (0.314208ms)
✔ parent-covered history is not labeled as an additional effective input (0.065708ms)
✔ nested provenance validates containment and strictly increasing input levels (0.169875ms)
✔ current owner labels are distinct from creation IDs and tolerate old snapshots (0.090541ms)
✔ summary mode lists every historical address, not just current versions (0.740167ms)
✔ full and missing legacy snapshots stay readable without inventing history (0.08475ms)
✔ all four analysis paths explicitly request summary delivery without changing input (4.166833ms)
✔ complete lifecycle stays chronological, does not mutate input, and uses Chinese labels (1.235958ms)
✔ legacy or future history is not invented (0.122791ms)
✔ dangling, reordered, duplicated, miscounted and conflicting histories fail closed (2.059375ms)
✔ equal counts cannot hide swapped source identities (0.197542ms)
✔ intermediate event boundaries must equal actual inherited and added sources (0.197917ms)
✔ input evidence must exist at the correct level and be available at admission (0.279375ms)
✔ invalid domain sources, membership and parent context fail closed (0.17675ms)
✔ leftward growth, shifted sources and newly filled merge gaps remain valid (0.147416ms)
✔ both periods exclude future and open candles while retaining original warm-up start (5.261167ms)
✔ snapshot observation time caps cutoff; bar start before cutoff is not enough (0.107958ms)
✔ no timeframe fallback or fabricated candles when historical minute range is unavailable (0.081167ms)
✔ index and board snapshots retain NONE adjustment, mismatch is rejected (0.234958ms)
✔ missing completion evidence, timezone timestamps and unordered bars fail explicitly (1.834125ms)
✔ week/month completion boundary comes from provider annotation, not day label (0.299333ms)
✔ matrix defaults to exactly the five requested periods in image order and six information columns (1.600292ms)
✔ does not turn current reversal observation into a confirmed opposite pen (0.18925ms)
✔ keeps true zero distinct from missing, and numerical display never overwrites original axis judgment (0.123833ms)
✔ keeps divergence family, extrema and actual confirmation separate; never drops records (12.8245ms)
✔ missing pen and divergence are bounded claims; quality limitations stay visible (0.158958ms)
✔ forming candles preserve OHLC and use dashed empty outlines (0.393791ms)
✔ forming volume and signed MACD columns preserve values and direction (0.094875ms)
✔ query defaults to system, manual intent is synchronous and explicit (1.946834ms)
✔ pending manual requests do not mark concurrent automatic work or async continuations (1.160667ms)
✔ API dispatch tags manual queries but excludes automatic name lookup and task polling (20.453875ms)
✔ radar review captures row adjustment, exact minute, strategy and original cutoff (0.867541ms)
✔ invalid or legacy reviews fail explicitly without guessing data or adjustment (0.814292ms)
✔ exchange-local dates validate without browser timezone conversion (0.103708ms)
✔ review excludes future and unclosed bars, resets derived fingerprint and reports actual range without mutating source (2.963584ms)
✔ radar cache is owner scoped and malformed/legacy records never enter the UI (0.93625ms)
✔ late messages, close and errors from an old socket cannot affect replacement (2.513542ms)
✔ invalid messages and control responses never become ticks; close reason retained (0.164375ms)
✔ matching versions are selected by case identity without mutation (1.691125ms)
✔ future snapshots, wrong rules, incomplete chains and duplicate cases are rejected (0.562333ms)
✔ labels never confuse endpoint consistency or higher-centre proof with completion (0.415125ms)
✔ v2 keeps the detached prefix and v1 remains readable (0.432417ms)
✔ v3 supports trend search while retaining the same ownership guards (0.278ms)
✔ missing, duplicated, misattributed or silently completed prefix is rejected (0.817625ms)
✔ reincorporation is recorded explicitly instead of erasing detached history (0.153167ms)
✔ accepts bounded history and empty verified batches (1.12975ms)
✔ rejects wrong batch, future indices, broken sources and contradictory state (0.753ms)
✔ research labels distinguish absence, release, retained and internal (0.181416ms)
✔ late old responses cannot own a newer research request (0.438333ms)
✔ submission fields are captured values, not mutable form references (0.405625ms)
✔ navigation preserves explicit stock/index/fund/board identity and parameters without auto run (2.216083ms)
✔ ambiguous identity is rejected rather than guessed or numeric code padded (0.120875ms)
✔ query parser rejects incomplete, duplicate, incompatible and mixed-context values (3.87325ms)
✔ snapshot import keeps original data and normalizes optional display metadata (2.064833ms)
✔ reject invalid schema, periods, oversized arrays and impossible candle prices (0.360791ms)
✔ cloud archives retain larger frozen windows and all supported distinct periods (8.720042ms)
✔ import keeps valid frozen outputs and rejects mismatched frozen data instead of recomputing (0.418041ms)
✔ window is exchange local and bounded by the snapshot cutoff (0.477458ms)
✔ missing numbers and candidate status are never promoted (0.091375ms)
✔ amber projection resolves daily and minute labels, ignores open candle (0.260542ms)
✔ three workspaces are keyboard traversable without dropping an existing mode (1.540292ms)
✔ mobile comparison shows exactly the selected snapshot; desktop shows both (0.2785ms)
✔ inactive research never starts automatic work, valid active research does (1.069459ms)
✔ audit description translates permissions and never renders arbitrary detail fields (0.4525ms)
✔ audit time is explicitly Shanghai time and invalid data remains readable (56.723541ms)
✔ audit API preserves bounded pagination/filter state and authenticated credentials (14.446833ms)
✔ distinguishes no candidate, failed current audit, and actual invalidation without promoting legacy state (0.96575ms)
✔ filters independent families and directions without merging special and local dual-line evidence (1.339292ms)
✔ searches lifecycle dates and failure reasons with all terms required, retaining original source objects (0.131042ms)
✔ searches diagnostic rejection history without silently reviving historical candidates (0.365333ms)
✔ all excludes bc false, preserves input order and records, and does not infer missing direction (0.127542ms)
✔ legacy diagnostic family is standard, and empty diagnostics do not invent rejection records (0.094542ms)
✔ structural points retain their own confirmation and evidence, never deriving them from a MACD source (0.264083ms)
✔ M1 uses exact existing gates and remains a separate view of its original standard event (0.207791ms)
✔ combined date query finds independent point, prompt and event records without deduplication or additive counts (0.110042ms)
✔ chart date matches structured lifecycle timestamps, not coincidental prose dates (0.2265ms)
✔ minute evidence uses exact exchange-local minute, accepting T/space and refusing missing time (0.094ms)
✔ chart date includes diagnostic ABC and rejection coverage without inventing open or reversed intervals (0.200125ms)
✔ date scope combines with all filters for structural points and original M1 sources (0.098333ms)
✔ new standard evidence explains price, old blocker and independent special lifecycle (1.105625ms)
✔ new gates include counts, boundary and dates without undefined placeholder (0.214958ms)
✔ legacy comparisons retain old detected confirmed and invalidated dates (0.15ms)
✔ structure dates remove midnight noise without changing intraday precision (0.478125ms)
✔ centre evidence distinguishes fixed core, outer range and candidate expansion (0.57125ms)
✔ segment evidence includes source prices and reverse proof with one-based labels (0.155208ms)
✔ missing legacy evidence does not invent confirmation (0.095542ms)
✔ special inclusion explains boundary exception without labelling it an ordinary fractal (0.063333ms)
✔ centre relation history distinguishes current candidate from original separation (0.099667ms)
✔ confirmation replay translates raw indices without date matching (0.07275ms)
✔ unknown, invalid or out-of-snapshot confirmations have no replay target (0.08375ms)
✔ connection badge validates shared time, price and alternating direction (0.099958ms)
✔ reverse preview uses observed extreme, not last close or a future target (0.877666ms)
✔ mirrored lows produce an upward reference (0.092417ms)
✔ no invented reference for missing, ambiguous, extending, or invalid inputs (0.092917ms)
✔ replay prefix cannot use a later extreme; ties retain first occurrence (0.087958ms)
✔ ongoing consolidation differs by color, line pattern, and fill (0.099375ms)
✔ task list rejects malformed responses instead of replacing records with undefined (20.192084ms)
✔ cancelling is not terminal and elapsed values remain readable (0.13625ms)
✔ runBacktestWithPolling waits through cancelling and returns cancelled (2.424459ms)
✔ runBacktestWithPolling waits through cancelling and returns timed_out (1.345709ms)
✔ runSignalScanWithPolling waits through cancelling and returns cancelled (3.81075ms)
✔ runSignalScanWithPolling waits through cancelling and returns timed_out (1.2535ms)
✔ cancel API uses POST, and partial cancelled scan results are never accepted (0.2495ms)
✔ persistent recovery and version mismatch are distinct from completion (0.258166ms)
✔ terminal task deletion handles empty 204 and encodes identity (0.132833ms)
✔ checkpoint presence is not confused with verified reuse or task completion (0.511458ms)
✔ cached completed submission is retrieved rather than shown as running (0.211833ms)
✔ network failures are localized across WebKit, Chromium and Firefox (0.164916ms)
✔ tracking identity separates asset types, exchanges and board catalogues (0.721ms)
✔ cloud book validates without silently dropping corrupt groups or duplicate entries (0.587667ms)
✔ expansion preserves every member and all board/direct sources, not a 200-row display page (1.307833ms)
✔ membership failure is explicit and malformed partial membership is never accepted (0.216ms)
✔ batch runs sequentially, keeps partial errors and continues after a failed target (12.089959ms)
✔ cancellation marks in-flight and unstarted rows, ignoring a late success (0.151084ms)
✔ group breadth counts only available periods, never treats failed targets as neutral evidence (0.181584ms)
✔ exact current revision accepts only its own evidence without mutation (1.024125ms)
✔ old partition, stale version, future evidence and false completion are rejected (0.25225ms)
✔ historical audit cannot import a later opposite segment (0.07775ms)
✔ empty partitions and higher-proof priority retain explicit blockers (0.068292ms)
✔ new blockers use Chinese labels without calling prerequisites completion (0.127334ms)
✔ missing comparison interval is explained in Chinese without inventing a date (0.591292ms)
✔ special diagnostics identify each A indicator witness rather than the price witness (0.165875ms)
✔ nonstandard DEA axis gate remains explicit without an improvement requirement (0.296292ms)
✔ DEA tolerance discloses research threshold, precise deviation and near-zero fallback (0.603084ms)
✔ wave evidence separates effective A from original wave and local pivots (0.361334ms)
✔ rounded equal line extrema disclose the precise failed values and witness times (0.138ms)
✔ comparisons are explicitly research only and preserve B/C axis checks (0.111917ms)
✔ unformed candidate shows Chinese gates, two-decimal values and rejection dates (0.140209ms)
✔ new nonstandard audit explicitly uses full A and first-formed reverse evidence explains gaps (0.11925ms)
ℹ tests 362
ℹ suites 0
ℹ pass 362
ℹ fail 0
ℹ cancelled 0
ℹ skipped 0
ℹ todo 0
ℹ duration_ms 1509.080041
→ 打包中…
→ 运行测试…
京东方评级: D 分数: 34.3
维度明细: 卡玛比率=22.7, 最大回撤=27.5, 胜率=33.5, 利润因子=34.1, 夏普比率=41.5, 波动率=50.1
否决: 利润因子 1.11 接近 1，仅勉强盈亏平衡
长线优质策略评级: B 分数: 64.5
维度权重: 卡玛比率=28%, 最大回撤=26%, 胜率=0%, 利润因子=0%, 夏普比率=23%, 波动率=23%
优质案例评级: A 分数: 83.9
寻优点评级: A 74
组合重算指标: { '年化': '20.83%', '回撤': '0.80%', '夏普': '5.27', '卡玛': '26.03' }
稳定上涨组合评级: S 91.8
波动组合重算: { '回撤': '44.15%', '夏普': '-2.64', '持续': 60 }
波动组合评级: D 18.5
✔ 新版组合评级使用后端采样，不按图表柱数重新日线年化 (1.46825ms)
✔ 必要风险指标缺失不能展示为零风险或正常评级 (0.24025ms)
✔ 无穷比率不等于满分，真实零利润因子仍按亏损判断 (0.135541ms)
✔ 京东方回测必须评为 D 档（用户核心诉求验证点） (0.483625ms)
✔ 京东方评分应在 30-43 区间（C 与 D 的边界） (0.11075ms)
✔ 低利润因子触发系统亏损否决 (0.080125ms)
✔ 样本不足（< 10 笔交易）降权但不否决整个评级 (0.143542ms)
✔ 用户实测场景：6年6笔交易 + 高夏普 → 应得 A/B（核心回归测试） (0.164334ms)
✔ 深回撤 > 60% 触发直接 D 否决 (0.110375ms)
✔ 优质回测应得 A 或 S 档 (0.265208ms)
✔ 高回撤但收益高 → 最高 B（一票否决 cap） (0.095084ms)
✔ 插值函数：边界值取端点分数 (0.067875ms)
✔ 插值函数：中间值线性插值 (0.044125ms)
✔ 寻优评级：4 维度降级版 (0.115667ms)
✔ 寻优评级：网格点交易太少 → 降权但评级照常 (0.057416ms)
✔ 组合评级：稳定上涨净值应得 A 或 S (1.501416ms)
✔ 组合评级：高波动深回撤净值 → 低档 (0.504541ms)
✔ combinedMetrics：单点净值返回全 0（兜底） (0.047833ms)
✔ 历史组合仅保留原值，不从曲线推断日线或重算评级 (0.456333ms)
✔ v1-v4、未知版本及不完整依据不伪装为新版结果 (0.564292ms)
✔ 新版结果使用已记录指标，真实 999 和零不被当作历史哨兵 (0.072833ms)
✔ 指标状态缺失或与数值冲突不能产出评级，包括被降权维度 (0.101958ms)
✔ 低交易样本的真实不可用逐笔指标仍可降权，不误拦截可用净值评级 (0.086625ms)
✔ 寻优逐行核验新版采样与候选状态，输入范围不替代候选证据 (0.109792ms)
✔ 完整快照保留精度、真实 0/999、全部指标及版本且不关联可变输入 (0.632292ms)
✔ 策略保存接受真实 Vue 响应式结果，不因 Proxy 无法 structuredClone 而失败 (0.633458ms)
✔ 再次保存历史指标不补造新版计算或评级依据 (0.112583ms)
✔ 对比展示原值并指出版本、周期、范围与利率差异，不自动重算 (0.278709ms)
ℹ tests 28
ℹ suites 0
ℹ pass 28
ℹ fail 0
ℹ cancelled 0
ℹ skipped 0
ℹ todo 0
ℹ duration_ms 89.379375
