
> web-ui@0.0.0 test
> node scripts/run-tests.mjs

✔ tracking is restricted to active administrators and explicitly authorized users (0.412584ms)
✔ presence requires visible focused recent interaction and never negative elapsed time (0.117916ms)
✔ admin query descriptions label metadata and disclose truncated targets (0.58575ms)
✔ all current chart inspector evidence stays readable without altering original nested data (8.5585ms)
✔ reject malformed fields reachable from overlays, popovers and every inspector section with exact paths (13.51675ms)
✔ optional old fields and empty failure checkpoints remain readable, no missing-state invention (0.124916ms)
✔ archive calendar validation rejects normalized impossible dates and illegal clock/offset values (4.796708ms)
✔ bar validation compares actual instants, retains raw strings, rejects equal instants and malformed volume (0.5285ms)
✔ existing frozen matrix bar sources remain readable without mutation (23.42ms)
✔ event lists and evidence-set reordering never imply new or changed signals; originals remain intact (13.798875ms)
✔ state, lifecycle times and unrounded evidence are classified separately on the same identity (0.67475ms)
✔ same date across families and sides remains independent; true event additions/removals are distinct (0.688334ms)
✔ duplicate identities preserve all records and are never paired arbitrarily (0.400125ms)
✔ missing identity does not cause false removals or additions in its collection (12.391084ms)
✔ missing source/list is unknown, not empty or proof of no events (8.266291ms)
✔ never-candidate diagnostics match without A or reference, including special B-only records (0.822833ms)
✔ A trimming changes evidence not identity; original wave anchors and reference changes distinguish bases (0.524541ms)
✔ date normalization preserves intraday, microsecond and timezone distinctions (12.488375ms)
✔ source differences and unknown fields/ordered evidence are retained (0.648625ms)
✔ different instruments, periods or study results are not matched (0.088083ms)
✔ structure divergences are supported without inventing MACD wave anchors (0.252334ms)
✔ legacy local migration keeps original payload, precision, versions and unknown fields without upgrading (9.064125ms)
✔ cloud exports use latest metadata but retain the original immutable payload, not old cloud ID/revision (0.635583ms)
✔ study import preserves successful and failed periods plus original warmup and primary metadata (0.633959ms)
✔ unknown, incomplete, oversized and nonfinite backups are rejected, never uploaded as summaries (205.771125ms)
✔ all supported chart outputs preserve full precision, null warmups, style and instance order (15.984916ms)
✔ migration IDs survive rescanning/reload, preserve precision and isolate owners and changed content (12.378916ms)
✔ migration rejects missing owners, foreign archives and malformed inputs before upload (1.141ms)
✔ post-inspection changes never upload under a previously confirmed identity (2.242833ms)
✔ lost response retries the same immutable body and id, without automatic retry or local deletion (3.659334ms)
✔ stop or account changes before/after read and upload discard stale results (1.568208ms)
✔ deleted cloud copies are not restored, purged copies and wrong response IDs are not treated as success (0.884208ms)
✔ chart plan freezes original data and uses original identity/window, not current selection (11.0975ms)
✔ missing volume/time/parameters and unsupported length never silently become a smaller/default study (7.816625ms)
✔ study plan preserves actual research settings and saved time labels (0.53475ms)
✔ unrounded path diff distinguishes null, missing, structure, empty arrays, and ordering (0.531541ms)
✔ response must match request, instrument, version, scope and period identities (0.714208ms)
✔ new archive retains original bars/lineage but never relabels frozen old indicators as recomputed (0.372417ms)
✔ study without saved input retains an explicit uncomputed row, never pretends all periods succeeded (18.049166ms)
✔ complete indicator recompute preserves saved settings, checks response and saves only new values (10.189667ms)
✔ missing or unknown saved indicator parameters cannot borrow current defaults (0.86975ms)
✔ original valid study rows retain precision, unknown fields, true zero and no recomputation (3.50075ms)
✔ invalid nested fields become explicit per-period errors, not silently missing rows (0.497542ms)
✔ strict pen fields reject coercion and preserve historical source errors without reading their invalid nested fields (2.105875ms)
✔ duplicates are not cherry-picked and malformed or future rows remain in original-record entries (0.392292ms)
✔ trade lookup keeps the exact minute across separators, precision and days (0.754208ms)
✔ date-only values cannot choose the midnight bar of an ambiguous day (0.079625ms)
✔ daily and duplicate exact timestamps keep first positional matches (0.077ms)
✔ nanoseconds and timezone text are not truncated into a false match (0.107375ms)
✔ date labels preserve useful precision without local timezone conversion (0.167666ms)
✔ higher sources resolve actual records and separate original from current review time (1.511542ms)
✔ base sources and foreign witness rejection have distinct Chinese descriptions (0.155708ms)
✔ inconsistent candidate has no replay evidence: unknown reason (0.09ms)
✔ inconsistent candidate has no replay evidence: prototype key (0.074333ms)
✔ inconsistent candidate has no replay evidence: future version (0.060667ms)
✔ inconsistent candidate has no replay evidence: future completion (0.060625ms)
✔ inconsistent candidate has no replay evidence: missing time (0.615708ms)
✔ inconsistent candidate has no replay evidence: empty source (0.047292ms)
✔ inconsistent candidate has no replay evidence: duplicate source (0.053167ms)
✔ inconsistent candidate has no replay evidence: unknown source (0.099542ms)
✔ inconsistent candidate has no replay evidence: mixed levels (0.05875ms)
✔ inconsistent candidate has no replay evidence: future child (0.05525ms)
✔ inconsistent candidate has no replay evidence: wrong child level (0.0495ms)
✔ inconsistent candidate has no replay evidence: duplicate record (0.04125ms)
✔ inconsistent candidate has no replay evidence: empty record range (0.047375ms)
✔ inconsistent candidate has no replay evidence: gap (0.049125ms)
✔ inconsistent candidate has no replay evidence: wrong parent range (0.036625ms)
✔ inconsistent candidate has no replay evidence: reversed sources (0.039ms)
✔ inconsistent candidate has no replay evidence: unsafe base number (0.044667ms)
✔ 80 percent transparency is 20 percent alpha, for both candle directions (0.424291ms)
✔ transparency stays finite, integer, and bounded (0.087125ms)
✔ body is symmetric around the unchanged wick across widths and fractional positions (1.408917ms)
✔ horizontal candles preserve every price coordinate (0.092291ms)
✔ missing or non-finite candle layouts are left untouched (0.096083ms)
✔ native ECharts layout remains centred after resize, zoom and data replacement (250.657292ms)
✔ zooming out of large-data line mode restores centred candle bodies (19.137666ms)
✔ structure widths retain existing defaults and hover appearance (1.343333ms)
✔ manual values stay finite, bounded, and at two decimal places (0.682625ms)
✔ raw index overrides rounded dates, including zero (0.46175ms)
✔ legacy intraday dates never fall back to the first bar of the day (0.097917ms)
✔ duplicate formatted times fail safely without a raw index (0.084875ms)
✔ padding keeps the 23px marker plus radius inside the price pane (0.118125ms)
✔ flat, zero and negative ranges get finite padding; invalid extents do not (0.078458ms)
✔ single-bar time link is a thin line limited to each actual plot (2.038417ms)
✔ multi-bar time link has no border and clips to plot, never clamps offscreen data to an edge (0.350584ms)
✔ time links map daily coverage to all minute bars, not a matching ordinal (0.395708ms)
✔ weekly and monthly end-labelled bars cover earlier constituent dates without changing data (1.850125ms)
✔ nearest marker wins regardless of signal family, only co-located points share chooser (0.69175ms)
✔ immutable request cache deduplicates pending work, isolates payload keys and retries errors (0.722459ms)
✔ all six structural types keep extrema and confirmation separate with original evidence (0.569416ms)
✔ legacy records do not invent confirmation or structural sources (0.117666ms)
✔ M1 keeps independent MACD source and original direction, never a structural type (0.30025ms)
✔ all chart layers override independent animation and progressive rendering (0.779083ms)
✔ archive tooltip labels and evidence remain text, not active HTML (0.470333ms)
✔ rejects invalid saved zooms (0.716291ms)
✔ same-snapshot redraw keeps current manually chosen view (0.09425ms)
✔ focus redraw keeps manual zoom; clearing restores pre-focus view (0.074792ms)
✔ switching focus preserves the original return view (0.065125ms)
✔ new snapshot resets saved focus view and never revives old zoom (0.06525ms)
✔ default inactive; moving does not show cards and leaving does not deactivate (0.815291ms)
✔ object previews can read date-card activation without activating it (0.165167ms)
✔ click selects a point; outside click closes; inside click is not dismissed (0.110667ms)
✔ activated cards follow movement until outside dismissal, then require another click (0.121125ms)
✔ zoom clears stale coordinates but preserves activation (0.078167ms)
✔ data reset and Escape deactivate; teardown removes all handlers (0.114ms)
✔ archive requests bind current owner and bypass browser cache (13.914334ms)
✔ cloud directory validates all rows, quotas and identities without dropping broken entries (10.042916ms)
✔ original detail requires an object payload but action receipts may omit it (1.552667ms)
✔ account change discards delayed success and delayed errors (0.253708ms)
✔ unauthenticated archive requests do not reach server; structured conflicts remain actionable (0.206916ms)
✔ upload retries retain immutable captured body and all numerical precision (0.17575ms)
✔ directed centre chain is candidate evidence, not completion (0.874375ms)
✔ touching, opposing, future, overlapping or malformed chains fail closed (0.236417ms)
✔ single-centre and legacy components remain readable (0.067458ms)
✔ inside, border, reversed y and overlapping rectangles resolve newest first (0.886875ms)
✔ invalid or missing render coordinates cannot create hits (0.083333ms)
✔ popup stays within narrow viewport and near-edge right click (0.084875ms)
✔ roles are Chinese and unknown roles never claim completion (0.442375ms)
✔ source ranges keep one-based indices without disguising gaps (0.109375ms)
✔ coverage checks counts, repeats and missing IDs (0.212958ms)
✔ missing, empty and rejected suffix are explicit (0.238167ms)
✔ invalid counts and empty blocks cannot pass the coverage audit (0.45275ms)
✔ uses raw indices, allows shared endpoints and bounds zoom padding (1.894333ms)
✔ does not invent a B interval or infer indices from formatted dates (0.117333ms)
✔ rejects partial, reversed, overlapping and out-of-snapshot evidence (0.12875ms)
✔ allows inspection of historical failed evidence without reviving it (0.116583ms)
✔ local proof draws frozen exact endpoints only after its actual confirmation (0.169375ms)
✔ dual-line divergence uses two exact raw indices, never artificial ABC ranges (0.091666ms)
✔ dual-line focus rejects missing, duplicate, reversed and out-of-range points (0.092959ms)
✔ special wave focus uses AB and its extreme without inventing C (0.095375ms)
✔ direction, family and lifecycle have independent marker styles (0.617542ms)
✔ no-C dual-line remains a circle and fills only on first reverse-pen confirmation (0.776958ms)
✔ M1 is restricted to confirmed waves with a later actual confirmation (1.882292ms)
✔ four families retain independent records and nonstandard uses a triangle (0.307625ms)
✔ October 4 marker matrix uses shape for family and colour only for direction (0.772583ms)
✔ special AB evidence separates A line extrema from both price anchors and legacy pivots (0.215125ms)
✔ history is opt-in, inactive stays grey hollow, never creates M1 (0.13175ms)
✔ every historical shape uses a continuous hollow contour, including on hover (0.139667ms)
✔ new nonstandard evidence relaxes prices only and records each subtype (0.116542ms)
✔ new dual rule cannot fill without recorded later local confirmation (0.102042ms)
✔ historical engineering match retains original timing without claiming regrouping completion (0.904084ms)
✔ future, stale, mismatched or incomplete evidence fails closed (0.2945ms)
✔ older snapshots and unmatched parts keep existing natural audit available (0.061084ms)
✔ engineering provenance uses the same one-based numbering as other inspectors (1.14ms)
✔ mixed recursion distinguishes consolidation and trend from the old trend view (0.179333ms)
✔ unknown or reversed provenance is not presented as a completed trend (0.077541ms)
✔ indicator and price values use two decimals without inventing missing evidence (0.076709ms)
✔ recursive centre relations never call extension candidates completed types (0.089042ms)
✔ admissions distinguish unit confirmation from later failed-return admission (0.056208ms)
✔ display fields retain all text including dates, provenance, and secondary colons (2.382958ms)
✔ narrative, missing evidence, and timestamp headings remain whole (0.117667ms)
✔ selects the exact source without replacing missing comparison periods with the primary (0.401916ms)
✔ prefix audit preserves original warmup snapshot and its own instrument and period (3.987084ms)
✔ rejects invalid positions, missing identity and explicitly unclosed prefix data (1.936958ms)
✔ all candidate states distinguish eligibility from completed natural types (0.475542ms)
✔ opposite geometry identifies reused next-part evidence, including nonzero source IDs (0.523334ms)
✔ external opposite geometry is not added to candidate membership (0.091917ms)
✔ missing, stale, misattributed or future opposite geometry is not displayed as matched (0.126458ms)
✔ preferred endpoints are never called completed types; conflicts are retained (0.071917ms)
✔ opposite base turn is not same-level completion (0.087208ms)
✔ price formatting preserves zero and boundary contact, guards non-finite values (0.099584ms)
✔ candidate audit joins by identity, not response order (0.071541ms)
✔ part audit must match ordinal AND exact raw source IDs, including shifted IDs (0.122125ms)
✔ locates the three raw ranges without relabelling them as MACD or confirmed centres (0.935791ms)
✔ candidate must already be observable at the CURRENT replay prefix (0.156209ms)
✔ no incomplete, waiting or unsupported candidate is given a fabricated range (0.092167ms)
✔ raw bar boundaries must be contiguous and inside the visible window (2.543458ms)
✔ source partitions must cover every original segment once, preserving nonzero IDs (0.948959ms)
✔ conflicting geometric fallback remains viewable for manual audit (0.17625ms)
✔ clearing a regrouping focus restores original zoom; a new replay snapshot does not (0.265625ms)
✔ membership labels distinguish source confirmation from later admission (0.4435ms)
✔ admission witness distinguishes confirmation dependency from geometric membership (0.080708ms)
✔ old or malformed evidence never invents an admission witness (0.070333ms)
✔ factor glossary accepts standard abbreviations with spaces or underscores (1.130667ms)
✔ factor missing values never become valid zero (0.108708ms)
✔ factor ranking is stable, non-mutating and missing-last in both directions (8.2455ms)
✔ menus stay inside phone, keyboard and landscape viewports (0.549625ms)
✔ near-bottom controls open upwards without changing ordinary desktop width (0.091875ms)
✔ warmup null, missing and invalid indicator values never become invented zeroes (0.940458ms)
✔ freeze all supported indicator outputs, warmup holes, volume averages and exact numerical precision (6.828333ms)
✔ frozen playback keeps captured values despite different current prices and never queries APIs (0.574917ms)
✔ malformed or mismatched frozen values fail closed, never fall back to recomputation (0.625542ms)
✔ marker hit uses signed stacking offset for both directions, not candle position (0.41425ms)
✔ symbol size and invalid render positions are handled safely (0.078333ms)
✔ market tab changes discard old success and cannot stop the new spinner (82.728125ms)
✔ market late failure after filter cannot resurrect an error (21.909375ms)
✔ market late failure after owner cannot resurrect an error (76.626708ms)
✔ market late failure after unmount cannot resurrect an error (25.851541ms)
✔ directory count failure preserves valid rows; late totals cannot cross markets (11.302625ms)
✔ board selection clears old details and ignores slower preceding member responses (17.208459ms)
✔ board list filter changes invalidate pending member requests and prevent old auto-selection (13.093ms)
✔ default board preload remains system-origin after manual list refresh (10.466167ms)
✔ belonging response after stock cannot change results or stock history (10.264917ms)
✔ belonging response after owner cannot change results or stock history (10.118459ms)
✔ belonging response after unmount cannot change results or stock history (11.941292ms)
✔ current belonging success records captured stock; concurrent member failure has separate feedback (13.771667ms)
✔ aborted late response cannot publish metadata even if transport ignores abort (64.316291ms)
✔ missing provenance or silently changed adjustment never reaches research (6.006833ms)
✔ reported gaps do not falsely label suspension or prevent inspecting valid candles (0.325875ms)
✔ history fetch consumes one verified range and publishes complete metadata only after validation (0.613958ms)
✔ unclosed response never updates provenance or reaches the backtest (0.247458ms)
✔ null, true zero, infinities and real 999 are distinct after JSON roundtrip (0.457417ms)
✔ single, saved and comparison results retain authoritative metric basis (0.432583ms)
✔ whole proof validated without mutation, and cross-role ownership remains visible (0.931ms)
✔ stale, future, duplicated, incomplete, falsely completed and mismatched sources rejected (0.283084ms)
✔ base runs cannot masquerade as proofs or own multiple provisional regions (0.072958ms)
✔ blocked covers show full conflicts, never fabricated flattened blocks (0.089792ms)
✔ labels retain provisional scope (0.061583ms)
✔ all seven MA presets are available but only MA5 and MA10 start visible (0.843ms)
✔ each chart session gets independent editable settings without changing presets (0.081083ms)
✔ MA presets retain the requested yellow, white, purple, green, cyan, orange, red palette (0.079875ms)
✔ legend retains every MA choice and explicit hidden states override stale chart selection (0.104459ms)
✔ cross-boundary details resolve actual input and nested ownership records (1.425375ms)
✔ unowned reverse evidence stays explicitly unowned for boundary rejection (0.1145ms)
✔ foreign witness can be shown for an otherwise single-owner candidate (0.102875ms)
✔ legacy candidates do not invent missing conflict details (0.108667ms)
✔ damaged detail is not presented: mismatched candidate sources (0.088625ms)
✔ damaged detail is not presented: wrong layer (0.061166ms)
✔ damaged detail is not presented: unknown reverse input (0.062959ms)
✔ damaged detail is not presented: wrong reverse range (1.056334ms)
✔ damaged detail is not presented: reverse overlaps prices (0.208333ms)
✔ damaged detail is not presented: future reverse confirmation (1.066ms)
✔ damaged detail is not presented: wrong reverse time (0.355709ms)
✔ damaged detail is not presented: incomplete domain list (0.173291ms)
✔ damaged detail is not presented: duplicate domains (0.372791ms)
✔ damaged detail is not presented: noncontinuous domain (0.052292ms)
✔ damaged detail is not presented: foreign domain misses witness (0.049542ms)
✔ damaged detail is not presented: false unowned witness (0.049084ms)
✔ damaged detail is not presented: missing nested record (0.207ms)
✔ damaged detail is not presented: wrong reason (0.056541ms)
✔ only current owner revisions form the displayed ownership set (0.845375ms)
✔ internal provenance remains distinct and validates enclosing ownership (0.323791ms)
✔ parent-covered history is not labeled as an additional effective input (0.070792ms)
✔ nested provenance validates containment and strictly increasing input levels (0.168291ms)
✔ current owner labels are distinct from creation IDs and tolerate old snapshots (0.096458ms)
✔ summary mode lists every historical address, not just current versions (0.737875ms)
✔ full and missing legacy snapshots stay readable without inventing history (0.085875ms)
✔ all four analysis paths explicitly request summary delivery without changing input (0.368709ms)
✔ complete lifecycle stays chronological, does not mutate input, and uses Chinese labels (1.355417ms)
✔ legacy or future history is not invented (0.634417ms)
✔ dangling, reordered, duplicated, miscounted and conflicting histories fail closed (1.336708ms)
✔ equal counts cannot hide swapped source identities (0.287ms)
✔ intermediate event boundaries must equal actual inherited and added sources (0.182333ms)
✔ input evidence must exist at the correct level and be available at admission (0.467417ms)
✔ invalid domain sources, membership and parent context fail closed (0.467042ms)
✔ leftward growth, shifted sources and newly filled merge gaps remain valid (0.404625ms)
✔ both periods exclude future and open candles while retaining original warm-up start (0.636041ms)
✔ snapshot observation time caps cutoff; bar start before cutoff is not enough (0.083917ms)
✔ no timeframe fallback or fabricated candles when historical minute range is unavailable (0.062209ms)
✔ index and board snapshots retain NONE adjustment, mismatch is rejected (0.218584ms)
✔ missing completion evidence, timezone timestamps and unordered bars fail explicitly (0.135875ms)
✔ week/month completion boundary comes from provider annotation, not day label (0.099333ms)
✔ matrix defaults to exactly the five requested periods in image order and six information columns (1.597292ms)
✔ does not turn current reversal observation into a confirmed opposite pen (0.205208ms)
✔ keeps true zero distinct from missing, and numerical display never overwrites original axis judgment (0.126208ms)
✔ keeps divergence family, extrema and actual confirmation separate; never drops records (6.933667ms)
✔ missing pen and divergence are bounded claims; quality limitations stay visible (0.132459ms)
✔ forming candles preserve OHLC and use dashed empty outlines (0.415625ms)
✔ forming volume and signed MACD columns preserve values and direction (0.095834ms)
✔ query defaults to system, manual intent is synchronous and explicit (0.930167ms)
✔ pending manual requests do not mark concurrent automatic work or async continuations (0.601833ms)
✔ API dispatch tags manual queries but excludes automatic name lookup and task polling (32.665916ms)
✔ radar review captures row adjustment, exact minute, strategy and original cutoff (2.049125ms)
✔ invalid or legacy reviews fail explicitly without guessing data or adjustment (0.462209ms)
✔ exchange-local dates validate without browser timezone conversion (0.083042ms)
✔ review excludes future and unclosed bars, resets derived fingerprint and reports actual range without mutating source (6.399625ms)
✔ radar cache is owner scoped and malformed/legacy records never enter the UI (0.41225ms)
✔ late messages, close and errors from an old socket cannot affect replacement (0.859875ms)
✔ invalid messages and control responses never become ticks; close reason retained (0.159375ms)
✔ matching versions are selected by case identity without mutation (0.877583ms)
✔ future snapshots, wrong rules, incomplete chains and duplicate cases are rejected (0.212916ms)
✔ labels never confuse endpoint consistency or higher-centre proof with completion (0.135666ms)
✔ v2 keeps the detached prefix and v1 remains readable (0.292959ms)
✔ v3 supports trend search while retaining the same ownership guards (0.107708ms)
✔ missing, duplicated, misattributed or silently completed prefix is rejected (0.853292ms)
✔ reincorporation is recorded explicitly instead of erasing detached history (0.130917ms)
✔ accepts bounded history and empty verified batches (1.121458ms)
✔ rejects wrong batch, future indices, broken sources and contradictory state (0.544542ms)
✔ research labels distinguish absence, release, retained and internal (0.1645ms)
✔ late old responses cannot own a newer research request (0.504542ms)
✔ submission fields are captured values, not mutable form references (1.18825ms)
✔ snapshot import keeps original data and normalizes optional display metadata (3.371375ms)
✔ reject invalid schema, periods, oversized arrays and impossible candle prices (0.470292ms)
✔ cloud archives retain larger frozen windows and all supported distinct periods (8.332333ms)
✔ import keeps valid frozen outputs and rejects mismatched frozen data instead of recomputing (0.456041ms)
✔ window is exchange local and bounded by the snapshot cutoff (0.464041ms)
✔ missing numbers and candidate status are never promoted (0.097959ms)
✔ amber projection resolves daily and minute labels, ignores open candle (0.28425ms)
✔ three workspaces are keyboard traversable without dropping an existing mode (0.806541ms)
✔ mobile comparison shows exactly the selected snapshot; desktop shows both (0.104292ms)
✔ inactive research never starts automatic work, valid active research does (0.082875ms)
✔ audit description translates permissions and never renders arbitrary detail fields (1.196083ms)
✔ audit time is explicitly Shanghai time and invalid data remains readable (22.542291ms)
✔ audit API preserves bounded pagination/filter state and authenticated credentials (13.632459ms)
✔ distinguishes no candidate, failed current audit, and actual invalidation without promoting legacy state (0.559209ms)
✔ filters independent families and directions without merging special and local dual-line evidence (14.340333ms)
✔ searches lifecycle dates and failure reasons with all terms required, retaining original source objects (0.157417ms)
✔ searches diagnostic rejection history without silently reviving historical candidates (0.395666ms)
✔ all excludes bc false, preserves input order and records, and does not infer missing direction (0.136875ms)
✔ legacy diagnostic family is standard, and empty diagnostics do not invent rejection records (0.107792ms)
✔ structural points retain their own confirmation and evidence, never deriving them from a MACD source (0.280583ms)
✔ M1 uses exact existing gates and remains a separate view of its original standard event (0.192833ms)
✔ combined date query finds independent point, prompt and event records without deduplication or additive counts (0.112292ms)
✔ chart date matches structured lifecycle timestamps, not coincidental prose dates (0.228291ms)
✔ minute evidence uses exact exchange-local minute, accepting T/space and refusing missing time (0.090958ms)
✔ chart date includes diagnostic ABC and rejection coverage without inventing open or reversed intervals (0.196958ms)
✔ date scope combines with all filters for structural points and original M1 sources (0.094458ms)
✔ new standard evidence explains price, old blocker and independent special lifecycle (2.08525ms)
✔ new gates include counts, boundary and dates without undefined placeholder (0.235625ms)
✔ legacy comparisons retain old detected confirmed and invalidated dates (0.278459ms)
✔ structure dates remove midnight noise without changing intraday precision (0.524291ms)
✔ centre evidence distinguishes fixed core, outer range and candidate expansion (1.744958ms)
✔ segment evidence includes source prices and reverse proof with one-based labels (0.374292ms)
✔ missing legacy evidence does not invent confirmation (0.21775ms)
✔ special inclusion explains boundary exception without labelling it an ordinary fractal (0.147833ms)
✔ centre relation history distinguishes current candidate from original separation (0.288125ms)
✔ confirmation replay translates raw indices without date matching (0.165208ms)
✔ unknown, invalid or out-of-snapshot confirmations have no replay target (0.095333ms)
✔ connection badge validates shared time, price and alternating direction (0.115667ms)
✔ reverse preview uses observed extreme, not last close or a future target (0.905542ms)
✔ mirrored lows produce an upward reference (0.097208ms)
✔ no invented reference for missing, ambiguous, extending, or invalid inputs (0.095833ms)
✔ replay prefix cannot use a later extreme; ties retain first occurrence (0.087834ms)
✔ ongoing consolidation differs by color, line pattern, and fill (0.096416ms)
✔ task list rejects malformed responses instead of replacing records with undefined (21.135541ms)
✔ cancelling is not terminal and elapsed values remain readable (0.180834ms)
✔ runBacktestWithPolling waits through cancelling and returns cancelled (2.331042ms)
✔ runBacktestWithPolling waits through cancelling and returns timed_out (0.519583ms)
✔ runSignalScanWithPolling waits through cancelling and returns cancelled (2.035709ms)
✔ runSignalScanWithPolling waits through cancelling and returns timed_out (1.358916ms)
✔ cancel API uses POST, and partial cancelled scan results are never accepted (0.277417ms)
✔ persistent recovery and version mismatch are distinct from completion (0.274375ms)
✔ terminal task deletion handles empty 204 and encodes identity (0.140125ms)
✔ checkpoint presence is not confused with verified reuse or task completion (0.309875ms)
✔ cached completed submission is retrieved rather than shown as running (0.157625ms)
✔ network failures are localized across WebKit, Chromium and Firefox (0.159ms)
✔ tracking identity separates asset types, exchanges and board catalogues (0.754916ms)
✔ cloud book validates without silently dropping corrupt groups or duplicate entries (0.607458ms)
✔ expansion preserves every member and all board/direct sources, not a 200-row display page (1.416167ms)
✔ membership failure is explicit and malformed partial membership is never accepted (0.207083ms)
✔ batch runs sequentially, keeps partial errors and continues after a failed target (8.156542ms)
✔ cancellation marks in-flight and unstarted rows, ignoring a late success (0.155917ms)
✔ group breadth counts only available periods, never treats failed targets as neutral evidence (0.193959ms)
✔ exact current revision accepts only its own evidence without mutation (1.017209ms)
✔ old partition, stale version, future evidence and false completion are rejected (0.573625ms)
✔ historical audit cannot import a later opposite segment (0.1485ms)
✔ empty partitions and higher-proof priority retain explicit blockers (0.091625ms)
✔ new blockers use Chinese labels without calling prerequisites completion (0.161084ms)
✔ missing comparison interval is explained in Chinese without inventing a date (0.676542ms)
✔ special diagnostics identify each A indicator witness rather than the price witness (0.174667ms)
✔ nonstandard DEA axis gate remains explicit without an improvement requirement (0.146542ms)
✔ DEA tolerance discloses research threshold, precise deviation and near-zero fallback (0.16625ms)
✔ wave evidence separates effective A from original wave and local pivots (0.972334ms)
✔ rounded equal line extrema disclose the precise failed values and witness times (0.409958ms)
✔ comparisons are explicitly research only and preserve B/C axis checks (0.269ms)
✔ unformed candidate shows Chinese gates, two-decimal values and rejection dates (0.239791ms)
✔ new nonstandard audit explicitly uses full A and first-formed reverse evidence explains gaps (0.184208ms)
ℹ tests 357
ℹ suites 0
ℹ pass 357
ℹ fail 0
ℹ cancelled 0
ℹ skipped 0
ℹ todo 0
ℹ duration_ms 1664.806
→ 打包中…
→ 运行测试…
京东方评级: D 分数: 34.3
维度明细: 卡玛比率=22.7, 最大回撤=27.5, 胜率=33.5, 利润因子=34.1, 夏普比率=41.5, 波动率=50.1
否决: 利润因子 1.11 接近 1，仅勉强盈亏平衡
长线优质策略评级: B 分数: 64.5
维度权重: 卡玛比率=28%, 最大回撤=26%, 胜率=0%, 利润因子=0%, 夏普比率=23%, 波动率=23%
优质案例评级: A 分数: 83.9
寻优点评级: A 74
组合重算指标: { '年化': '20.83%', '回撤': '0.80%', '夏普': '5.27', '卡玛': '26.03' }
稳定上涨组合评级: S 91.8
波动组合重算: { '回撤': '44.15%', '夏普': '-2.64', '持续': 60 }
波动组合评级: D 18.5
✔ 新版组合评级使用后端采样，不按图表柱数重新日线年化 (1.283292ms)
✔ 必要风险指标缺失不能展示为零风险或正常评级 (0.212458ms)
✔ 无穷比率不等于满分，真实零利润因子仍按亏损判断 (0.118ms)
✔ 京东方回测必须评为 D 档（用户核心诉求验证点） (0.571083ms)
✔ 京东方评分应在 30-43 区间（C 与 D 的边界） (0.125375ms)
✔ 低利润因子触发系统亏损否决 (0.077625ms)
✔ 样本不足（< 10 笔交易）降权但不否决整个评级 (0.150791ms)
✔ 用户实测场景：6年6笔交易 + 高夏普 → 应得 A/B（核心回归测试） (0.151416ms)
✔ 深回撤 > 60% 触发直接 D 否决 (0.098667ms)
✔ 优质回测应得 A 或 S 档 (0.156791ms)
✔ 高回撤但收益高 → 最高 B（一票否决 cap） (0.112917ms)
✔ 插值函数：边界值取端点分数 (0.090792ms)
✔ 插值函数：中间值线性插值 (0.057458ms)
✔ 寻优评级：4 维度降级版 (0.123792ms)
✔ 寻优评级：网格点交易太少 → 降权但评级照常 (0.056708ms)
✔ 组合评级：稳定上涨净值应得 A 或 S (1.4375ms)
✔ 组合评级：高波动深回撤净值 → 低档 (0.504292ms)
✔ combinedMetrics：单点净值返回全 0（兜底） (0.0485ms)
✔ 历史组合仅保留原值，不从曲线推断日线或重算评级 (0.43825ms)
✔ v1-v4、未知版本及不完整依据不伪装为新版结果 (0.530208ms)
✔ 新版结果使用已记录指标，真实 999 和零不被当作历史哨兵 (0.064375ms)
✔ 指标状态缺失或与数值冲突不能产出评级，包括被降权维度 (0.091084ms)
✔ 低交易样本的真实不可用逐笔指标仍可降权，不误拦截可用净值评级 (0.071709ms)
✔ 寻优逐行核验新版采样与候选状态，输入范围不替代候选证据 (0.097334ms)
✔ 完整快照保留精度、真实 0/999、全部指标及版本且不关联可变输入 (0.598583ms)
✔ 策略保存接受真实 Vue 响应式结果，不因 Proxy 无法 structuredClone 而失败 (0.499125ms)
✔ 再次保存历史指标不补造新版计算或评级依据 (0.088167ms)
✔ 对比展示原值并指出版本、周期、范围与利率差异，不自动重算 (0.214042ms)
ℹ tests 28
ℹ suites 0
ℹ pass 28
ℹ fail 0
ℹ cancelled 0
ℹ skipped 0
ℹ todo 0
ℹ duration_ms 86.030166
