
> web-ui@0.0.0 test
> node scripts/run-tests.mjs

✔ tracking is restricted to active administrators and explicitly authorized users (0.396875ms)
✔ presence requires visible focused recent interaction and never negative elapsed time (0.100791ms)
✔ admin query descriptions label metadata and disclose truncated targets (0.16925ms)
✔ all current chart inspector evidence stays readable without altering original nested data (16.251375ms)
✔ reject malformed fields reachable from overlays, popovers and every inspector section with exact paths (81.531125ms)
✔ optional old fields and empty failure checkpoints remain readable, no missing-state invention (0.14675ms)
✔ archive calendar validation rejects normalized impossible dates and illegal clock/offset values (5.168708ms)
✔ bar validation compares actual instants, retains raw strings, rejects equal instants and malformed volume (0.800959ms)
✔ existing frozen matrix bar sources remain readable without mutation (43.91875ms)
✔ legacy local migration keeps original payload, precision, versions and unknown fields without upgrading (3.526291ms)
✔ cloud exports use latest metadata but retain the original immutable payload, not old cloud ID/revision (0.747542ms)
✔ study import preserves successful and failed periods plus original warmup and primary metadata (1.267209ms)
✔ unknown, incomplete, oversized and nonfinite backups are rejected, never uploaded as summaries (376.437833ms)
✔ original valid study rows retain precision, unknown fields, true zero and no recomputation (6.282708ms)
✔ invalid nested fields become explicit per-period errors, not silently missing rows (0.551208ms)
✔ strict pen fields reject coercion and preserve historical source errors without reading their invalid nested fields (0.540042ms)
✔ duplicates are not cherry-picked and malformed or future rows remain in original-record entries (0.166208ms)
✔ trade lookup keeps the exact minute across separators, precision and days (0.663542ms)
✔ date-only values cannot choose the midnight bar of an ambiguous day (0.079083ms)
✔ daily and duplicate exact timestamps keep first positional matches (0.071792ms)
✔ nanoseconds and timezone text are not truncated into a false match (0.083292ms)
✔ date labels preserve useful precision without local timezone conversion (0.080791ms)
✔ higher sources resolve actual records and separate original from current review time (2.146083ms)
✔ base sources and foreign witness rejection have distinct Chinese descriptions (0.11275ms)
✔ inconsistent candidate has no replay evidence: unknown reason (0.092667ms)
✔ inconsistent candidate has no replay evidence: prototype key (0.068542ms)
✔ inconsistent candidate has no replay evidence: future version (0.514291ms)
✔ inconsistent candidate has no replay evidence: future completion (0.107084ms)
✔ inconsistent candidate has no replay evidence: missing time (0.222416ms)
✔ inconsistent candidate has no replay evidence: empty source (0.06ms)
✔ inconsistent candidate has no replay evidence: duplicate source (0.061792ms)
✔ inconsistent candidate has no replay evidence: unknown source (0.108ms)
✔ inconsistent candidate has no replay evidence: mixed levels (0.081959ms)
✔ inconsistent candidate has no replay evidence: future child (0.064542ms)
✔ inconsistent candidate has no replay evidence: wrong child level (0.141833ms)
✔ inconsistent candidate has no replay evidence: duplicate record (0.06125ms)
✔ inconsistent candidate has no replay evidence: empty record range (0.0585ms)
✔ inconsistent candidate has no replay evidence: gap (0.057208ms)
✔ inconsistent candidate has no replay evidence: wrong parent range (0.040458ms)
✔ inconsistent candidate has no replay evidence: reversed sources (0.042084ms)
✔ inconsistent candidate has no replay evidence: unsafe base number (0.073541ms)
✔ 80 percent transparency is 20 percent alpha, for both candle directions (0.437583ms)
✔ transparency stays finite, integer, and bounded (0.086416ms)
✔ body is symmetric around the unchanged wick across widths and fractional positions (1.507666ms)
✔ horizontal candles preserve every price coordinate (0.093875ms)
✔ missing or non-finite candle layouts are left untouched (0.117041ms)
✔ native ECharts layout remains centred after resize, zoom and data replacement (352.112166ms)
✔ zooming out of large-data line mode restores centred candle bodies (87.8565ms)
✔ structure widths retain existing defaults and hover appearance (1.653542ms)
✔ manual values stay finite, bounded, and at two decimal places (0.297583ms)
✔ raw index overrides rounded dates, including zero (0.4485ms)
✔ legacy intraday dates never fall back to the first bar of the day (0.098083ms)
✔ duplicate formatted times fail safely without a raw index (0.094041ms)
✔ padding keeps the 23px marker plus radius inside the price pane (2.703333ms)
✔ flat, zero and negative ranges get finite padding; invalid extents do not (1.139167ms)
✔ single-bar time link is a thin line limited to each actual plot (0.894125ms)
✔ multi-bar time link has no border and clips to plot, never clamps offscreen data to an edge (0.096ms)
✔ time links map daily coverage to all minute bars, not a matching ordinal (0.160875ms)
✔ weekly and monthly end-labelled bars cover earlier constituent dates without changing data (10.794125ms)
✔ nearest marker wins regardless of signal family, only co-located points share chooser (0.275833ms)
✔ immutable request cache deduplicates pending work, isolates payload keys and retries errors (0.318166ms)
✔ all six structural types keep extrema and confirmation separate with original evidence (0.588125ms)
✔ legacy records do not invent confirmation or structural sources (0.119417ms)
✔ M1 keeps independent MACD source and original direction, never a structural type (0.302583ms)
✔ all chart layers override independent animation and progressive rendering (1.203875ms)
✔ archive tooltip labels and evidence remain text, not active HTML (0.469666ms)
✔ rejects invalid saved zooms (2.156167ms)
✔ same-snapshot redraw keeps current manually chosen view (0.184292ms)
✔ focus redraw keeps manual zoom; clearing restores pre-focus view (0.093708ms)
✔ switching focus preserves the original return view (0.092833ms)
✔ new snapshot resets saved focus view and never revives old zoom (0.073917ms)
✔ default inactive; moving does not show cards and leaving does not deactivate (1.996375ms)
✔ object previews can read date-card activation without activating it (0.400959ms)
✔ click selects a point; outside click closes; inside click is not dismissed (0.200459ms)
✔ activated cards follow movement until outside dismissal, then require another click (0.269833ms)
✔ zoom clears stale coordinates but preserves activation (0.257041ms)
✔ data reset and Escape deactivate; teardown removes all handlers (0.299791ms)
✔ archive requests bind current owner and bypass browser cache (35.98425ms)
✔ cloud directory validates all rows, quotas and identities without dropping broken entries (6.246375ms)
✔ original detail requires an object payload but action receipts may omit it (0.938ms)
✔ account change discards delayed success and delayed errors (0.273458ms)
✔ unauthenticated archive requests do not reach server; structured conflicts remain actionable (0.189875ms)
✔ upload retries retain immutable captured body and all numerical precision (0.211584ms)
✔ directed centre chain is candidate evidence, not completion (1.147042ms)
✔ touching, opposing, future, overlapping or malformed chains fail closed (0.976791ms)
✔ single-centre and legacy components remain readable (0.440666ms)
✔ inside, border, reversed y and overlapping rectangles resolve newest first (0.996084ms)
✔ invalid or missing render coordinates cannot create hits (0.3255ms)
✔ popup stays within narrow viewport and near-edge right click (0.239ms)
✔ roles are Chinese and unknown roles never claim completion (5.649333ms)
✔ source ranges keep one-based indices without disguising gaps (0.142041ms)
✔ coverage checks counts, repeats and missing IDs (0.223417ms)
✔ missing, empty and rejected suffix are explicit (0.19625ms)
✔ invalid counts and empty blocks cannot pass the coverage audit (0.13675ms)
✔ uses raw indices, allows shared endpoints and bounds zoom padding (0.887542ms)
✔ does not invent a B interval or infer indices from formatted dates (0.0875ms)
✔ rejects partial, reversed, overlapping and out-of-snapshot evidence (0.120125ms)
✔ allows inspection of historical failed evidence without reviving it (0.109334ms)
✔ local proof draws frozen exact endpoints only after its actual confirmation (0.162833ms)
✔ dual-line divergence uses two exact raw indices, never artificial ABC ranges (0.084292ms)
✔ dual-line focus rejects missing, duplicate, reversed and out-of-range points (0.086166ms)
✔ special wave focus uses AB and its extreme without inventing C (0.1015ms)
✔ direction, family and lifecycle have independent marker styles (0.583542ms)
✔ no-C dual-line remains a circle and fills only on first reverse-pen confirmation (3.329583ms)
✔ M1 is restricted to confirmed waves with a later actual confirmation (0.216667ms)
✔ four families retain independent records and nonstandard uses a triangle (0.209709ms)
✔ October 4 marker matrix uses shape for family and colour only for direction (0.138542ms)
✔ special AB evidence separates A line extrema from both price anchors and legacy pivots (0.1395ms)
✔ history is opt-in, inactive stays grey hollow, never creates M1 (0.1175ms)
✔ every historical shape uses a continuous hollow contour, including on hover (0.125625ms)
✔ new nonstandard evidence relaxes prices only and records each subtype (0.109041ms)
✔ new dual rule cannot fill without recorded later local confirmation (0.097709ms)
✔ historical engineering match retains original timing without claiming regrouping completion (1.801833ms)
✔ future, stale, mismatched or incomplete evidence fails closed (0.314708ms)
✔ older snapshots and unmatched parts keep existing natural audit available (0.06325ms)
✔ engineering provenance uses the same one-based numbering as other inspectors (0.547291ms)
✔ mixed recursion distinguishes consolidation and trend from the old trend view (0.1355ms)
✔ unknown or reversed provenance is not presented as a completed trend (0.068833ms)
✔ indicator and price values use two decimals without inventing missing evidence (0.072375ms)
✔ recursive centre relations never call extension candidates completed types (1.517916ms)
✔ admissions distinguish unit confirmation from later failed-return admission (0.072042ms)
✔ display fields retain all text including dates, provenance, and secondary colons (0.753667ms)
✔ narrative, missing evidence, and timestamp headings remain whole (0.093458ms)
✔ selects the exact source without replacing missing comparison periods with the primary (1.098625ms)
✔ prefix audit preserves original warmup snapshot and its own instrument and period (0.98175ms)
✔ rejects invalid positions, missing identity and explicitly unclosed prefix data (0.443458ms)
✔ all candidate states distinguish eligibility from completed natural types (1.640625ms)
✔ opposite geometry identifies reused next-part evidence, including nonzero source IDs (0.574375ms)
✔ external opposite geometry is not added to candidate membership (0.099959ms)
✔ missing, stale, misattributed or future opposite geometry is not displayed as matched (0.139208ms)
✔ preferred endpoints are never called completed types; conflicts are retained (0.079375ms)
✔ opposite base turn is not same-level completion (0.089708ms)
✔ price formatting preserves zero and boundary contact, guards non-finite values (0.107042ms)
✔ candidate audit joins by identity, not response order (0.086083ms)
✔ part audit must match ordinal AND exact raw source IDs, including shifted IDs (0.151083ms)
✔ locates the three raw ranges without relabelling them as MACD or confirmed centres (2.101958ms)
✔ candidate must already be observable at the CURRENT replay prefix (0.419958ms)
✔ no incomplete, waiting or unsupported candidate is given a fabricated range (0.221959ms)
✔ raw bar boundaries must be contiguous and inside the visible window (0.4285ms)
✔ source partitions must cover every original segment once, preserving nonzero IDs (0.191542ms)
✔ conflicting geometric fallback remains viewable for manual audit (0.092291ms)
✔ clearing a regrouping focus restores original zoom; a new replay snapshot does not (0.711208ms)
✔ membership labels distinguish source confirmation from later admission (0.513958ms)
✔ admission witness distinguishes confirmation dependency from geometric membership (0.088ms)
✔ old or malformed evidence never invents an admission witness (0.075292ms)
✔ menus stay inside phone, keyboard and landscape viewports (0.57375ms)
✔ near-bottom controls open upwards without changing ordinary desktop width (0.093334ms)
✔ freeze all supported indicator outputs, warmup holes, volume averages and exact numerical precision (32.724ms)
✔ frozen playback keeps captured values despite different current prices and never queries APIs (0.590708ms)
✔ malformed or mismatched frozen values fail closed, never fall back to recomputation (0.607667ms)
✔ marker hit uses signed stacking offset for both directions, not candle position (0.426625ms)
✔ symbol size and invalid render positions are handled safely (0.081917ms)
✔ aborted late response cannot publish metadata even if transport ignores abort (16.554584ms)
✔ missing provenance or silently changed adjustment never reaches research (0.158042ms)
✔ reported gaps do not falsely label suspension or prevent inspecting valid candles (0.104542ms)
✔ history fetch consumes one verified range and publishes complete metadata only after validation (0.529833ms)
✔ unclosed response never updates provenance or reaches the backtest (0.227375ms)
✔ null, true zero, infinities and real 999 are distinct after JSON roundtrip (22.57025ms)
✔ single, saved and comparison results retain authoritative metric basis (0.585875ms)
✔ whole proof validated without mutation, and cross-role ownership remains visible (14.362417ms)
✔ stale, future, duplicated, incomplete, falsely completed and mismatched sources rejected (0.456791ms)
✔ base runs cannot masquerade as proofs or own multiple provisional regions (0.861459ms)
✔ blocked covers show full conflicts, never fabricated flattened blocks (0.152792ms)
✔ labels retain provisional scope (0.076333ms)
✔ all seven MA presets are available but only MA5 and MA10 start visible (0.797125ms)
✔ each chart session gets independent editable settings without changing presets (0.081209ms)
✔ MA presets retain the requested yellow, white, purple, green, cyan, orange, red palette (0.076708ms)
✔ legend retains every MA choice and explicit hidden states override stale chart selection (0.10175ms)
✔ cross-boundary details resolve actual input and nested ownership records (2.968584ms)
✔ unowned reverse evidence stays explicitly unowned for boundary rejection (0.132875ms)
✔ foreign witness can be shown for an otherwise single-owner candidate (0.110209ms)
✔ legacy candidates do not invent missing conflict details (0.194542ms)
✔ damaged detail is not presented: mismatched candidate sources (0.197ms)
✔ damaged detail is not presented: wrong layer (0.083875ms)
✔ damaged detail is not presented: unknown reverse input (0.74875ms)
✔ damaged detail is not presented: wrong reverse range (0.066167ms)
✔ damaged detail is not presented: reverse overlaps prices (0.066042ms)
✔ damaged detail is not presented: future reverse confirmation (0.106375ms)
✔ damaged detail is not presented: wrong reverse time (0.062416ms)
✔ damaged detail is not presented: incomplete domain list (0.06375ms)
✔ damaged detail is not presented: duplicate domains (0.044958ms)
✔ damaged detail is not presented: noncontinuous domain (0.039292ms)
✔ damaged detail is not presented: foreign domain misses witness (0.042125ms)
✔ damaged detail is not presented: false unowned witness (0.043333ms)
✔ damaged detail is not presented: missing nested record (0.049083ms)
✔ damaged detail is not presented: wrong reason (0.046458ms)
✔ only current owner revisions form the displayed ownership set (0.791958ms)
✔ internal provenance remains distinct and validates enclosing ownership (0.333791ms)
✔ parent-covered history is not labeled as an additional effective input (0.067375ms)
✔ nested provenance validates containment and strictly increasing input levels (0.168292ms)
✔ current owner labels are distinct from creation IDs and tolerate old snapshots (0.092334ms)
✔ summary mode lists every historical address, not just current versions (2.776458ms)
✔ full and missing legacy snapshots stay readable without inventing history (0.419083ms)
✔ all four analysis paths explicitly request summary delivery without changing input (1.091042ms)
✔ complete lifecycle stays chronological, does not mutate input, and uses Chinese labels (2.220084ms)
✔ legacy or future history is not invented (0.202ms)
✔ dangling, reordered, duplicated, miscounted and conflicting histories fail closed (0.98125ms)
✔ equal counts cannot hide swapped source identities (0.081916ms)
✔ intermediate event boundaries must equal actual inherited and added sources (0.071334ms)
✔ input evidence must exist at the correct level and be available at admission (0.1895ms)
✔ invalid domain sources, membership and parent context fail closed (0.159083ms)
✔ leftward growth, shifted sources and newly filled merge gaps remain valid (0.150208ms)
✔ both periods exclude future and open candles while retaining original warm-up start (0.7665ms)
✔ snapshot observation time caps cutoff; bar start before cutoff is not enough (0.088417ms)
✔ no timeframe fallback or fabricated candles when historical minute range is unavailable (0.080291ms)
✔ index and board snapshots retain NONE adjustment, mismatch is rejected (0.244083ms)
✔ missing completion evidence, timezone timestamps and unordered bars fail explicitly (0.600166ms)
✔ week/month completion boundary comes from provider annotation, not day label (0.410208ms)
✔ matrix defaults to exactly the five requested periods in image order and six information columns (0.915791ms)
✔ does not turn current reversal observation into a confirmed opposite pen (0.161333ms)
✔ keeps true zero distinct from missing, and numerical display never overwrites original axis judgment (0.358875ms)
✔ keeps divergence family, extrema and actual confirmation separate; never drops records (10.186292ms)
✔ missing pen and divergence are bounded claims; quality limitations stay visible (0.482125ms)
✔ forming candles preserve OHLC and use dashed empty outlines (1.949625ms)
✔ forming volume and signed MACD columns preserve values and direction (0.308625ms)
✔ radar review captures row adjustment, exact minute, strategy and original cutoff (1.517042ms)
✔ invalid or legacy reviews fail explicitly without guessing data or adjustment (1.1195ms)
✔ exchange-local dates validate without browser timezone conversion (0.139791ms)
✔ review excludes future and unclosed bars, resets derived fingerprint and reports actual range without mutating source (0.4705ms)
✔ radar cache is owner scoped and malformed/legacy records never enter the UI (0.387458ms)
✔ late messages, close and errors from an old socket cannot affect replacement (1.981166ms)
✔ invalid messages and control responses never become ticks; close reason retained (0.437542ms)
✔ matching versions are selected by case identity without mutation (2.76775ms)
✔ future snapshots, wrong rules, incomplete chains and duplicate cases are rejected (1.537917ms)
✔ labels never confuse endpoint consistency or higher-centre proof with completion (0.661375ms)
✔ v2 keeps the detached prefix and v1 remains readable (1.088417ms)
✔ v3 supports trend search while retaining the same ownership guards (0.30325ms)
✔ missing, duplicated, misattributed or silently completed prefix is rejected (0.361916ms)
✔ reincorporation is recorded explicitly instead of erasing detached history (0.7845ms)
✔ accepts bounded history and empty verified batches (0.819666ms)
✔ rejects wrong batch, future indices, broken sources and contradictory state (0.870667ms)
✔ research labels distinguish absence, release, retained and internal (0.201333ms)
✔ late old responses cannot own a newer research request (0.501458ms)
✔ submission fields are captured values, not mutable form references (0.4165ms)
✔ snapshot import keeps original data and normalizes optional display metadata (3.252583ms)
✔ reject invalid schema, periods, oversized arrays and impossible candle prices (0.814ms)
✔ cloud archives retain larger frozen windows and all supported distinct periods (41.839209ms)
✔ import keeps valid frozen outputs and rejects mismatched frozen data instead of recomputing (0.454625ms)
✔ window is exchange local and bounded by the snapshot cutoff (0.454917ms)
✔ missing numbers and candidate status are never promoted (0.136459ms)
✔ amber projection resolves daily and minute labels, ignores open candle (0.27725ms)
✔ three workspaces are keyboard traversable without dropping an existing mode (0.746792ms)
✔ mobile comparison shows exactly the selected snapshot; desktop shows both (0.096ms)
✔ inactive research never starts automatic work, valid active research does (0.09375ms)
✔ audit description translates permissions and never renders arbitrary detail fields (1.067709ms)
✔ audit time is explicitly Shanghai time and invalid data remains readable (33.861125ms)
✔ audit API preserves bounded pagination/filter state and authenticated credentials (46.78925ms)
✔ distinguishes no candidate, failed current audit, and actual invalidation without promoting legacy state (2.102959ms)
✔ filters independent families and directions without merging special and local dual-line evidence (3.140208ms)
✔ searches lifecycle dates and failure reasons with all terms required, retaining original source objects (0.133042ms)
✔ searches diagnostic rejection history without silently reviving historical candidates (0.39275ms)
✔ all excludes bc false, preserves input order and records, and does not infer missing direction (0.132541ms)
✔ legacy diagnostic family is standard, and empty diagnostics do not invent rejection records (0.094584ms)
✔ structural points retain their own confirmation and evidence, never deriving them from a MACD source (0.2595ms)
✔ M1 uses exact existing gates and remains a separate view of its original standard event (0.183042ms)
✔ combined date query finds independent point, prompt and event records without deduplication or additive counts (0.103375ms)
✔ chart date matches structured lifecycle timestamps, not coincidental prose dates (0.233041ms)
✔ minute evidence uses exact exchange-local minute, accepting T/space and refusing missing time (0.092083ms)
✔ chart date includes diagnostic ABC and rejection coverage without inventing open or reversed intervals (0.196417ms)
✔ date scope combines with all filters for structural points and original M1 sources (0.090958ms)
✔ new standard evidence explains price, old blocker and independent special lifecycle (1.093ms)
✔ new gates include counts, boundary and dates without undefined placeholder (0.217583ms)
✔ legacy comparisons retain old detected confirmed and invalidated dates (0.154958ms)
✔ structure dates remove midnight noise without changing intraday precision (1.155416ms)
✔ centre evidence distinguishes fixed core, outer range and candidate expansion (0.578542ms)
✔ segment evidence includes source prices and reverse proof with one-based labels (0.163791ms)
✔ missing legacy evidence does not invent confirmation (0.174958ms)
✔ special inclusion explains boundary exception without labelling it an ordinary fractal (0.13925ms)
✔ centre relation history distinguishes current candidate from original separation (0.127084ms)
✔ confirmation replay translates raw indices without date matching (0.085167ms)
✔ unknown, invalid or out-of-snapshot confirmations have no replay target (0.085792ms)
✔ connection badge validates shared time, price and alternating direction (0.1105ms)
✔ reverse preview uses observed extreme, not last close or a future target (2.307209ms)
✔ mirrored lows produce an upward reference (0.221666ms)
✔ no invented reference for missing, ambiguous, extending, or invalid inputs (0.133708ms)
✔ replay prefix cannot use a later extreme; ties retain first occurrence (0.104667ms)
✔ ongoing consolidation differs by color, line pattern, and fill (0.110625ms)
✔ task list rejects malformed responses instead of replacing records with undefined (51.931042ms)
✔ cancelling is not terminal and elapsed values remain readable (0.14375ms)
✔ runBacktestWithPolling waits through cancelling and returns cancelled (4.647542ms)
✔ runBacktestWithPolling waits through cancelling and returns timed_out (1.398917ms)
✔ runSignalScanWithPolling waits through cancelling and returns cancelled (1.226458ms)
✔ runSignalScanWithPolling waits through cancelling and returns timed_out (5.430542ms)
✔ cancel API uses POST, and partial cancelled scan results are never accepted (0.697167ms)
✔ persistent recovery and version mismatch are distinct from completion (0.298833ms)
✔ terminal task deletion handles empty 204 and encodes identity (0.15925ms)
✔ checkpoint presence is not confused with verified reuse or task completion (0.303792ms)
✔ cached completed submission is retrieved rather than shown as running (0.173292ms)
✔ network failures are localized across WebKit, Chromium and Firefox (0.156334ms)
✔ tracking identity separates asset types, exchanges and board catalogues (2.504459ms)
✔ cloud book validates without silently dropping corrupt groups or duplicate entries (0.95025ms)
✔ expansion preserves every member and all board/direct sources, not a 200-row display page (6.594917ms)
✔ membership failure is explicit and malformed partial membership is never accepted (1.434583ms)
✔ batch runs sequentially, keeps partial errors and continues after a failed target (18.125792ms)
✔ cancellation marks in-flight and unstarted rows, ignoring a late success (0.630958ms)
✔ group breadth counts only available periods, never treats failed targets as neutral evidence (0.594333ms)
✔ exact current revision accepts only its own evidence without mutation (3.641542ms)
✔ old partition, stale version, future evidence and false completion are rejected (0.306958ms)
✔ historical audit cannot import a later opposite segment (0.088834ms)
✔ empty partitions and higher-proof priority retain explicit blockers (0.07025ms)
✔ new blockers use Chinese labels without calling prerequisites completion (0.137166ms)
✔ missing comparison interval is explained in Chinese without inventing a date (0.841333ms)
✔ special diagnostics identify each A indicator witness rather than the price witness (0.187833ms)
✔ nonstandard DEA axis gate remains explicit without an improvement requirement (0.146ms)
✔ DEA tolerance discloses research threshold, precise deviation and near-zero fallback (0.6435ms)
✔ wave evidence separates effective A from original wave and local pivots (0.720625ms)
✔ rounded equal line extrema disclose the precise failed values and witness times (0.296708ms)
✔ comparisons are explicitly research only and preserve B/C axis checks (0.310583ms)
✔ unformed candidate shows Chinese gates, two-decimal values and rejection dates (0.215625ms)
✔ new nonstandard audit explicitly uses full A and first-formed reverse evidence explains gaps (0.245791ms)
ℹ tests 310
ℹ suites 0
ℹ pass 310
ℹ fail 0
ℹ cancelled 0
ℹ skipped 0
ℹ todo 0
ℹ duration_ms 1544.994709
→ 打包中…
→ 运行测试…
京东方评级: D 分数: 34.3
维度明细: 卡玛比率=22.7, 最大回撤=27.5, 胜率=33.5, 利润因子=34.1, 夏普比率=41.5, 波动率=50.1
否决: 利润因子 1.11 接近 1，仅勉强盈亏平衡
长线优质策略评级: B 分数: 64.5
维度权重: 卡玛比率=28%, 最大回撤=26%, 胜率=0%, 利润因子=0%, 夏普比率=23%, 波动率=23%
优质案例评级: A 分数: 83.9
寻优点评级: A 74
组合重算指标: { '年化': '20.83%', '回撤': '0.80%', '夏普': '5.27', '卡玛': '26.03' }
稳定上涨组合评级: S 91.8
波动组合重算: { '回撤': '44.15%', '夏普': '-2.64', '持续': 60 }
波动组合评级: D 18.5
✔ 新版组合评级使用后端采样，不按图表柱数重新日线年化 (1.510667ms)
✔ 必要风险指标缺失不能展示为零风险或正常评级 (0.2535ms)
✔ 无穷比率不等于满分，真实零利润因子仍按亏损判断 (0.13225ms)
✔ 京东方回测必须评为 D 档（用户核心诉求验证点） (0.463958ms)
✔ 京东方评分应在 30-43 区间（C 与 D 的边界） (0.102542ms)
✔ 低利润因子触发系统亏损否决 (0.067709ms)
✔ 样本不足（< 10 笔交易）降权但不否决整个评级 (0.131083ms)
✔ 用户实测场景：6年6笔交易 + 高夏普 → 应得 A/B（核心回归测试） (0.133833ms)
✔ 深回撤 > 60% 触发直接 D 否决 (0.090708ms)
✔ 优质回测应得 A 或 S 档 (0.129541ms)
✔ 高回撤但收益高 → 最高 B（一票否决 cap） (0.075541ms)
✔ 插值函数：边界值取端点分数 (0.053334ms)
✔ 插值函数：中间值线性插值 (0.041417ms)
✔ 寻优评级：4 维度降级版 (0.091166ms)
✔ 寻优评级：网格点交易太少 → 降权但评级照常 (0.06375ms)
✔ 组合评级：稳定上涨净值应得 A 或 S (1.564292ms)
✔ 组合评级：高波动深回撤净值 → 低档 (0.508958ms)
✔ combinedMetrics：单点净值返回全 0（兜底） (0.051417ms)
✔ 历史组合仅保留原值，不从曲线推断日线或重算评级 (0.568667ms)
✔ v1-v4、未知版本及不完整依据不伪装为新版结果 (0.669916ms)
✔ 新版结果使用已记录指标，真实 999 和零不被当作历史哨兵 (0.089709ms)
✔ 指标状态缺失或与数值冲突不能产出评级，包括被降权维度 (0.185292ms)
✔ 低交易样本的真实不可用逐笔指标仍可降权，不误拦截可用净值评级 (0.207125ms)
✔ 寻优逐行核验新版采样与候选状态，输入范围不替代候选证据 (0.134917ms)
✔ 完整快照保留精度、真实 0/999、全部指标及版本且不关联可变输入 (0.6865ms)
✔ 策略保存接受真实 Vue 响应式结果，不因 Proxy 无法 structuredClone 而失败 (0.573458ms)
✔ 再次保存历史指标不补造新版计算或评级依据 (0.095083ms)
✔ 对比展示原值并指出版本、周期、范围与利率差异，不自动重算 (0.251375ms)
ℹ tests 28
ℹ suites 0
ℹ pass 28
ℹ fail 0
ℹ cancelled 0
ℹ skipped 0
ℹ todo 0
ℹ duration_ms 94.984791
