
> web-ui@0.0.0 test
> node scripts/run-tests.mjs

✔ tracking is restricted to active administrators and explicitly authorized users (0.963583ms)
✔ presence requires visible focused recent interaction and never negative elapsed time (0.236041ms)
✔ admin query descriptions label metadata and disclose truncated targets (0.533208ms)
✔ all current chart inspector evidence stays readable without altering original nested data (8.994625ms)
✔ reject malformed fields reachable from overlays, popovers and every inspector section with exact paths (7.58925ms)
✔ optional old fields and empty failure checkpoints remain readable, no missing-state invention (0.147917ms)
✔ archive calendar validation rejects normalized impossible dates and illegal clock/offset values (2.174ms)
✔ bar validation compares actual instants, retains raw strings, rejects equal instants and malformed volume (0.838875ms)
✔ existing frozen matrix bar sources remain readable without mutation (12.936167ms)
✔ event lists and evidence-set reordering never imply new or changed signals; originals remain intact (12.4025ms)
✔ state, lifecycle times and unrounded evidence are classified separately on the same identity (0.660084ms)
✔ same date across families and sides remains independent; true event additions/removals are distinct (1.59475ms)
✔ duplicate identities preserve all records and are never paired arbitrarily (2.099583ms)
✔ missing identity does not cause false removals or additions in its collection (0.918375ms)
✔ missing source/list is unknown, not empty or proof of no events (1.109166ms)
✔ never-candidate diagnostics match without A or reference, including special B-only records (2.124375ms)
✔ A trimming changes evidence not identity; original wave anchors and reference changes distinguish bases (2.768125ms)
✔ date normalization preserves intraday, microsecond and timezone distinctions (3.588666ms)
✔ source differences and unknown fields/ordered evidence are retained (1.206042ms)
✔ different instruments, periods or study results are not matched (0.132791ms)
✔ structure divergences are supported without inventing MACD wave anchors (0.323792ms)
✔ legacy local migration keeps original payload, precision, versions and unknown fields without upgrading (15.438125ms)
✔ cloud exports use latest metadata but retain the original immutable payload, not old cloud ID/revision (2.176583ms)
✔ study import preserves successful and failed periods plus original warmup and primary metadata (0.637792ms)
✔ unknown, incomplete, oversized and nonfinite backups are rejected, never uploaded as summaries (263.404292ms)
✔ all supported chart outputs preserve full precision, null warmups, style and instance order (5.326459ms)
✔ migration IDs survive rescanning/reload, preserve precision and isolate owners and changed content (53.842958ms)
✔ migration rejects missing owners, foreign archives and malformed inputs before upload (0.489833ms)
✔ post-inspection changes never upload under a previously confirmed identity (1.764458ms)
✔ lost response retries the same immutable body and id, without automatic retry or local deletion (7.784916ms)
✔ stop or account changes before/after read and upload discard stale results (1.798083ms)
✔ deleted cloud copies are not restored, purged copies and wrong response IDs are not treated as success (4.613667ms)
✔ chart plan freezes original data and uses original identity/window, not current selection (22.263416ms)
✔ missing volume/time/parameters and unsupported length never silently become a smaller/default study (24.663042ms)
✔ study plan preserves actual research settings and saved time labels (1.987125ms)
✔ unrounded path diff distinguishes null, missing, structure, empty arrays, and ordering (0.758708ms)
✔ response must match request, instrument, version, scope and period identities (0.794958ms)
✔ new archive retains original bars/lineage but never relabels frozen old indicators as recomputed (0.381959ms)
✔ study without saved input retains an explicit uncomputed row, never pretends all periods succeeded (0.197583ms)
✔ complete indicator recompute preserves saved settings, checks response and saves only new values (2.667833ms)
✔ missing or unknown saved indicator parameters cannot borrow current defaults (0.355ms)
✔ original valid study rows retain precision, unknown fields, true zero and no recomputation (4.956667ms)
✔ invalid nested fields become explicit per-period errors, not silently missing rows (1.140542ms)
✔ strict pen fields reject coercion and preserve historical source errors without reading their invalid nested fields (0.526459ms)
✔ duplicates are not cherry-picked and malformed or future rows remain in original-record entries (0.151584ms)
✔ trade lookup keeps the exact minute across separators, precision and days (0.627333ms)
✔ date-only values cannot choose the midnight bar of an ambiguous day (0.075125ms)
✔ daily and duplicate exact timestamps keep first positional matches (0.084042ms)
✔ nanoseconds and timezone text are not truncated into a false match (0.069792ms)
✔ date labels preserve useful precision without local timezone conversion (0.0815ms)
✔ higher sources resolve actual records and separate original from current review time (4.470334ms)
✔ base sources and foreign witness rejection have distinct Chinese descriptions (0.117166ms)
✔ inconsistent candidate has no replay evidence: unknown reason (0.088125ms)
✔ inconsistent candidate has no replay evidence: prototype key (0.071333ms)
✔ inconsistent candidate has no replay evidence: future version (0.073ms)
✔ inconsistent candidate has no replay evidence: future completion (0.049458ms)
✔ inconsistent candidate has no replay evidence: missing time (0.04725ms)
✔ inconsistent candidate has no replay evidence: empty source (0.052958ms)
✔ inconsistent candidate has no replay evidence: duplicate source (0.052666ms)
✔ inconsistent candidate has no replay evidence: unknown source (0.099917ms)
✔ inconsistent candidate has no replay evidence: mixed levels (0.063791ms)
✔ inconsistent candidate has no replay evidence: future child (0.055958ms)
✔ inconsistent candidate has no replay evidence: wrong child level (0.051541ms)
✔ inconsistent candidate has no replay evidence: duplicate record (0.043083ms)
✔ inconsistent candidate has no replay evidence: empty record range (0.048375ms)
✔ inconsistent candidate has no replay evidence: gap (0.048667ms)
✔ inconsistent candidate has no replay evidence: wrong parent range (0.038708ms)
✔ inconsistent candidate has no replay evidence: reversed sources (0.043417ms)
✔ inconsistent candidate has no replay evidence: unsafe base number (0.049083ms)
✔ 80 percent transparency is 20 percent alpha, for both candle directions (0.447667ms)
✔ transparency stays finite, integer, and bounded (0.080334ms)
✔ body is symmetric around the unchanged wick across widths and fractional positions (1.4035ms)
✔ horizontal candles preserve every price coordinate (0.093ms)
✔ missing or non-finite candle layouts are left untouched (0.096084ms)
✔ native ECharts layout remains centred after resize, zoom and data replacement (107.485458ms)
✔ zooming out of large-data line mode restores centred candle bodies (82.874833ms)
✔ structure widths retain existing defaults and hover appearance (0.710167ms)
✔ manual values stay finite, bounded, and at two decimal places (0.133333ms)
✔ raw index overrides rounded dates, including zero (0.421833ms)
✔ legacy intraday dates never fall back to the first bar of the day (0.093542ms)
✔ duplicate formatted times fail safely without a raw index (0.066542ms)
✔ padding keeps the 23px marker plus radius inside the price pane (0.1175ms)
✔ flat, zero and negative ranges get finite padding; invalid extents do not (0.071334ms)
✔ single-bar time link is a thin line limited to each actual plot (1.281167ms)
✔ multi-bar time link has no border and clips to plot, never clamps offscreen data to an edge (0.228583ms)
✔ time links map daily coverage to all minute bars, not a matching ordinal (0.426ms)
✔ weekly and monthly end-labelled bars cover earlier constituent dates without changing data (3.617291ms)
✔ nearest marker wins regardless of signal family, only co-located points share chooser (1.420917ms)
✔ immutable request cache deduplicates pending work, isolates payload keys and retries errors (0.336958ms)
✔ all six structural types keep extrema and confirmation separate with original evidence (0.636708ms)
✔ legacy records do not invent confirmation or structural sources (0.11525ms)
✔ M1 keeps independent MACD source and original direction, never a structural type (0.31075ms)
✔ all chart layers override independent animation and progressive rendering (1.021958ms)
✔ archive tooltip labels and evidence remain text, not active HTML (2.607542ms)
✔ rejects invalid saved zooms (1.377ms)
✔ same-snapshot redraw keeps current manually chosen view (0.113875ms)
✔ focus redraw keeps manual zoom; clearing restores pre-focus view (0.079083ms)
✔ switching focus preserves the original return view (0.076583ms)
✔ new snapshot resets saved focus view and never revives old zoom (0.069083ms)
✔ default inactive; moving does not show cards and leaving does not deactivate (0.847667ms)
✔ object previews can read date-card activation without activating it (0.153041ms)
✔ click selects a point; outside click closes; inside click is not dismissed (0.119959ms)
✔ activated cards follow movement until outside dismissal, then require another click (0.117584ms)
✔ zoom clears stale coordinates but preserves activation (0.075375ms)
✔ data reset and Escape deactivate; teardown removes all handlers (0.103083ms)
✔ archive requests bind current owner and bypass browser cache (19.760417ms)
✔ cloud directory validates all rows, quotas and identities without dropping broken entries (4.627ms)
✔ original detail requires an object payload but action receipts may omit it (0.329166ms)
✔ account change discards delayed success and delayed errors (0.231666ms)
✔ unauthenticated archive requests do not reach server; structured conflicts remain actionable (0.193ms)
✔ upload retries retain immutable captured body and all numerical precision (1.513333ms)
✔ directed centre chain is candidate evidence, not completion (0.882ms)
✔ touching, opposing, future, overlapping or malformed chains fail closed (0.237625ms)
✔ single-centre and legacy components remain readable (0.068459ms)
✔ inside, border, reversed y and overlapping rectangles resolve newest first (0.865167ms)
✔ invalid or missing render coordinates cannot create hits (0.081917ms)
✔ popup stays within narrow viewport and near-edge right click (0.085709ms)
✔ roles are Chinese and unknown roles never claim completion (0.412584ms)
✔ source ranges keep one-based indices without disguising gaps (0.099084ms)
✔ coverage checks counts, repeats and missing IDs (0.190625ms)
✔ missing, empty and rejected suffix are explicit (0.074417ms)
✔ invalid counts and empty blocks cannot pass the coverage audit (0.076333ms)
✔ uses raw indices, allows shared endpoints and bounds zoom padding (0.889542ms)
✔ does not invent a B interval or infer indices from formatted dates (0.081458ms)
✔ rejects partial, reversed, overlapping and out-of-snapshot evidence (0.116792ms)
✔ allows inspection of historical failed evidence without reviving it (0.101667ms)
✔ local proof draws frozen exact endpoints only after its actual confirmation (0.161791ms)
✔ dual-line divergence uses two exact raw indices, never artificial ABC ranges (0.085875ms)
✔ dual-line focus rejects missing, duplicate, reversed and out-of-range points (0.084583ms)
✔ special wave focus uses AB and its extreme without inventing C (0.093416ms)
✔ direction, family and lifecycle have independent marker styles (0.574541ms)
✔ no-C dual-line remains a circle and fills only on first reverse-pen confirmation (0.793334ms)
✔ M1 is restricted to confirmed waves with a later actual confirmation (0.562791ms)
✔ four families retain independent records and nonstandard uses a triangle (0.197708ms)
✔ October 4 marker matrix uses shape for family and colour only for direction (0.127542ms)
✔ special AB evidence separates A line extrema from both price anchors and legacy pivots (0.124625ms)
✔ history is opt-in, inactive stays grey hollow, never creates M1 (0.109583ms)
✔ every historical shape uses a continuous hollow contour, including on hover (0.125416ms)
✔ new nonstandard evidence relaxes prices only and records each subtype (0.120875ms)
✔ new dual rule cannot fill without recorded later local confirmation (0.098542ms)
✔ historical engineering match retains original timing without claiming regrouping completion (2.8515ms)
✔ future, stale, mismatched or incomplete evidence fails closed (0.334ms)
✔ older snapshots and unmatched parts keep existing natural audit available (0.334625ms)
✔ engineering provenance uses the same one-based numbering as other inspectors (0.641916ms)
✔ mixed recursion distinguishes consolidation and trend from the old trend view (0.141333ms)
✔ unknown or reversed provenance is not presented as a completed trend (0.07025ms)
✔ indicator and price values use two decimals without inventing missing evidence (0.069625ms)
✔ recursive centre relations never call extension candidates completed types (0.066625ms)
✔ admissions distinguish unit confirmation from later failed-return admission (0.054416ms)
✔ display fields retain all text including dates, provenance, and secondary colons (0.9365ms)
✔ narrative, missing evidence, and timestamp headings remain whole (0.10525ms)
✔ selects the exact source without replacing missing comparison periods with the primary (0.419291ms)
✔ prefix audit preserves original warmup snapshot and its own instrument and period (0.412458ms)
✔ rejects invalid positions, missing identity and explicitly unclosed prefix data (0.179208ms)
✔ all candidate states distinguish eligibility from completed natural types (0.500833ms)
✔ opposite geometry identifies reused next-part evidence, including nonzero source IDs (0.507375ms)
✔ external opposite geometry is not added to candidate membership (0.092292ms)
✔ missing, stale, misattributed or future opposite geometry is not displayed as matched (0.132ms)
✔ preferred endpoints are never called completed types; conflicts are retained (0.077834ms)
✔ opposite base turn is not same-level completion (0.0915ms)
✔ price formatting preserves zero and boundary contact, guards non-finite values (0.115833ms)
✔ candidate audit joins by identity, not response order (0.085792ms)
✔ part audit must match ordinal AND exact raw source IDs, including shifted IDs (2.742209ms)
✔ locates the three raw ranges without relabelling them as MACD or confirmed centres (0.998042ms)
✔ candidate must already be observable at the CURRENT replay prefix (0.184375ms)
✔ no incomplete, waiting or unsupported candidate is given a fabricated range (0.093084ms)
✔ raw bar boundaries must be contiguous and inside the visible window (0.129416ms)
✔ source partitions must cover every original segment once, preserving nonzero IDs (0.104583ms)
✔ conflicting geometric fallback remains viewable for manual audit (0.072208ms)
✔ clearing a regrouping focus restores original zoom; a new replay snapshot does not (0.109166ms)
✔ membership labels distinguish source confirmation from later admission (0.461125ms)
✔ admission witness distinguishes confirmation dependency from geometric membership (0.08175ms)
✔ old or malformed evidence never invents an admission witness (0.070541ms)
✔ factor glossary accepts standard abbreviations with spaces or underscores (0.510333ms)
✔ factor missing values never become valid zero (0.08775ms)
✔ factor ranking is stable, non-mutating and missing-last in both directions (7.423375ms)
✔ menus stay inside phone, keyboard and landscape viewports (0.582208ms)
✔ near-bottom controls open upwards without changing ordinary desktop width (0.454625ms)
✔ warmup null, missing and invalid indicator values never become invented zeroes (27.235167ms)
✔ freeze all supported indicator outputs, warmup holes, volume averages and exact numerical precision (25.703875ms)
✔ frozen playback keeps captured values despite different current prices and never queries APIs (5.120792ms)
✔ malformed or mismatched frozen values fail closed, never fall back to recomputation (1.804167ms)
✔ marker hit uses signed stacking offset for both directions, not candle position (2.682833ms)
✔ symbol size and invalid render positions are handled safely (0.096958ms)
✔ market tab changes discard old success and cannot stop the new spinner (96.712209ms)
✔ market late failure after filter cannot resurrect an error (15.454541ms)
✔ market late failure after owner cannot resurrect an error (9.52625ms)
✔ market late failure after unmount cannot resurrect an error (11.018833ms)
✔ directory count failure preserves valid rows; late totals cannot cross markets (11.227375ms)
✔ board selection clears old details and ignores slower preceding member responses (17.906875ms)
✔ board list filter changes invalidate pending member requests and prevent old auto-selection (13.036167ms)
✔ default board preload remains system-origin after manual list refresh (10.351042ms)
✔ belonging response after stock cannot change results or stock history (10.539ms)
✔ belonging response after owner cannot change results or stock history (9.853708ms)
✔ belonging response after unmount cannot change results or stock history (9.600208ms)
✔ current belonging success records captured stock; concurrent member failure has separate feedback (9.307292ms)
✔ market selection uses loaded market, clears on filters, and distinguishes shared stock/index codes (9.3595ms)
✔ board analysis uses result classification; members require their own market (9.536084ms)
✔ aborted late response cannot publish metadata even if transport ignores abort (29.822166ms)
✔ missing provenance or silently changed adjustment never reaches research (0.139667ms)
✔ reported gaps do not falsely label suspension or prevent inspecting valid candles (0.107667ms)
✔ history fetch consumes one verified range and publishes complete metadata only after validation (0.519458ms)
✔ unclosed response never updates provenance or reaches the backtest (0.222916ms)
✔ null, true zero, infinities and real 999 are distinct after JSON roundtrip (0.449209ms)
✔ single, saved and comparison results retain authoritative metric basis (0.412708ms)
✔ whole proof validated without mutation, and cross-role ownership remains visible (5.15775ms)
✔ stale, future, duplicated, incomplete, falsely completed and mismatched sources rejected (0.797459ms)
✔ base runs cannot masquerade as proofs or own multiple provisional regions (0.247792ms)
✔ blocked covers show full conflicts, never fabricated flattened blocks (0.218458ms)
✔ labels retain provisional scope (0.777375ms)
✔ all seven MA presets are available but only MA5 and MA10 start visible (1.289292ms)
✔ each chart session gets independent editable settings without changing presets (0.082584ms)
✔ MA presets retain the requested yellow, white, purple, green, cyan, orange, red palette (0.073584ms)
✔ legend retains every MA choice and explicit hidden states override stale chart selection (0.248875ms)
✔ cross-boundary details resolve actual input and nested ownership records (1.335916ms)
✔ unowned reverse evidence stays explicitly unowned for boundary rejection (0.109291ms)
✔ foreign witness can be shown for an otherwise single-owner candidate (0.094125ms)
✔ legacy candidates do not invent missing conflict details (0.095792ms)
✔ damaged detail is not presented: mismatched candidate sources (0.076916ms)
✔ damaged detail is not presented: wrong layer (0.054959ms)
✔ damaged detail is not presented: unknown reverse input (0.058875ms)
✔ damaged detail is not presented: wrong reverse range (0.061542ms)
✔ damaged detail is not presented: reverse overlaps prices (0.0625ms)
✔ damaged detail is not presented: future reverse confirmation (0.101541ms)
✔ damaged detail is not presented: wrong reverse time (0.063208ms)
✔ damaged detail is not presented: incomplete domain list (0.060708ms)
✔ damaged detail is not presented: duplicate domains (0.045958ms)
✔ damaged detail is not presented: noncontinuous domain (0.039875ms)
✔ damaged detail is not presented: foreign domain misses witness (0.044083ms)
✔ damaged detail is not presented: false unowned witness (0.047333ms)
✔ damaged detail is not presented: missing nested record (0.050833ms)
✔ damaged detail is not presented: wrong reason (0.053292ms)
✔ only current owner revisions form the displayed ownership set (0.900042ms)
✔ internal provenance remains distinct and validates enclosing ownership (0.863875ms)
✔ parent-covered history is not labeled as an additional effective input (0.078667ms)
✔ nested provenance validates containment and strictly increasing input levels (0.192083ms)
✔ current owner labels are distinct from creation IDs and tolerate old snapshots (0.1ms)
✔ summary mode lists every historical address, not just current versions (0.82625ms)
✔ full and missing legacy snapshots stay readable without inventing history (0.087209ms)
✔ all four analysis paths explicitly request summary delivery without changing input (0.354583ms)
✔ complete lifecycle stays chronological, does not mutate input, and uses Chinese labels (1.4875ms)
✔ legacy or future history is not invented (0.129833ms)
✔ dangling, reordered, duplicated, miscounted and conflicting histories fail closed (1.78375ms)
✔ equal counts cannot hide swapped source identities (0.084959ms)
✔ intermediate event boundaries must equal actual inherited and added sources (0.074042ms)
✔ input evidence must exist at the correct level and be available at admission (0.201542ms)
✔ invalid domain sources, membership and parent context fail closed (0.169917ms)
✔ leftward growth, shifted sources and newly filled merge gaps remain valid (0.156917ms)
✔ both periods exclude future and open candles while retaining original warm-up start (0.57975ms)
✔ snapshot observation time caps cutoff; bar start before cutoff is not enough (0.081375ms)
✔ no timeframe fallback or fabricated candles when historical minute range is unavailable (0.078125ms)
✔ index and board snapshots retain NONE adjustment, mismatch is rejected (0.216958ms)
✔ missing completion evidence, timezone timestamps and unordered bars fail explicitly (0.138542ms)
✔ week/month completion boundary comes from provider annotation, not day label (0.098834ms)
✔ matrix defaults to exactly the five requested periods in image order and six information columns (1.803292ms)
✔ does not turn current reversal observation into a confirmed opposite pen (0.41725ms)
✔ keeps true zero distinct from missing, and numerical display never overwrites original axis judgment (0.277959ms)
✔ keeps divergence family, extrema and actual confirmation separate; never drops records (10.631833ms)
✔ missing pen and divergence are bounded claims; quality limitations stay visible (0.192416ms)
✔ late preference response cannot revert a newer adjustment; queued patch is captured (54.121375ms)
✔ account switch drops old queue, permits new account immediately and ignores late response (9.639166ms)
✔ same-account logout/login does not accept response from prior session epoch (6.412959ms)
✔ failed saves reject caller, do not wedge queue or restore stale role permissions (6.15925ms)
✔ mismatched response owner and logged-out saves are rejected (5.602292ms)
✔ market preference watcher survives the first route unmount and follows owner changes (7.818208ms)
✔ late name hydration cannot write across accounts; new owner hydrates independently (19.693042ms)
✔ sidebar hydration never writes, old-owner timers cancel, failures are handled (40.64275ms)
✔ forming candles preserve OHLC and use dashed empty outlines (2.603125ms)
✔ forming volume and signed MACD columns preserve values and direction (0.117083ms)
✔ query defaults to system, manual intent is synchronous and explicit (7.399667ms)
✔ direct bar snapshot fetch preserves explicit intent, including failed requests (53.922125ms)
✔ pending manual requests do not mark concurrent automatic work or async continuations (0.12575ms)
✔ API dispatch tags manual queries but excludes automatic name lookup and task polling (3.939209ms)
✔ radar review captures row adjustment, exact minute, strategy and original cutoff (1.886625ms)
✔ invalid or legacy reviews fail explicitly without guessing data or adjustment (1.186666ms)
✔ exchange-local dates validate without browser timezone conversion (1.42875ms)
✔ review excludes future and unclosed bars, resets derived fingerprint and reports actual range without mutating source (0.536959ms)
✔ radar cache is owner scoped and malformed/legacy records never enter the UI (0.421709ms)
✔ late messages, close and errors from an old socket cannot affect replacement (0.803875ms)
✔ invalid messages and control responses never become ticks; close reason retained (0.152167ms)
✔ matching versions are selected by case identity without mutation (2.261042ms)
✔ future snapshots, wrong rules, incomplete chains and duplicate cases are rejected (0.523042ms)
✔ labels never confuse endpoint consistency or higher-centre proof with completion (0.332541ms)
✔ v2 keeps the detached prefix and v1 remains readable (0.694167ms)
✔ v3 supports trend search while retaining the same ownership guards (0.239958ms)
✔ missing, duplicated, misattributed or silently completed prefix is rejected (0.634583ms)
✔ reincorporation is recorded explicitly instead of erasing detached history (1.819833ms)
✔ accepts bounded history and empty verified batches (0.541875ms)
✔ rejects wrong batch, future indices, broken sources and contradictory state (0.224958ms)
✔ research labels distinguish absence, release, retained and internal (0.079834ms)
✔ late old responses cannot own a newer research request (0.492709ms)
✔ submission fields are captured values, not mutable form references (0.397792ms)
✔ navigation preserves explicit stock/index/fund/board identity and parameters without auto run (5.558125ms)
✔ ambiguous identity is rejected rather than guessed or numeric code padded (0.293666ms)
✔ query parser rejects incomplete, duplicate, incompatible and mixed-context values (1.487459ms)
✔ snapshot import keeps original data and normalizes optional display metadata (5.907167ms)
✔ reject invalid schema, periods, oversized arrays and impossible candle prices (0.892958ms)
✔ cloud archives retain larger frozen windows and all supported distinct periods (45.026417ms)
✔ import keeps valid frozen outputs and rejects mismatched frozen data instead of recomputing (0.448208ms)
✔ window is exchange local and bounded by the snapshot cutoff (0.45075ms)
✔ missing numbers and candidate status are never promoted (0.08925ms)
✔ amber projection resolves daily and minute labels, ignores open candle (0.257208ms)
✔ three workspaces are keyboard traversable without dropping an existing mode (0.7925ms)
✔ mobile comparison shows exactly the selected snapshot; desktop shows both (0.096458ms)
✔ inactive research never starts automatic work, valid active research does (0.087625ms)
✔ audit description translates permissions and never renders arbitrary detail fields (1.242292ms)
✔ audit time is explicitly Shanghai time and invalid data remains readable (14.133792ms)
✔ audit API preserves bounded pagination/filter state and authenticated credentials (51.361291ms)
✔ distinguishes no candidate, failed current audit, and actual invalidation without promoting legacy state (9.008833ms)
✔ filters independent families and directions without merging special and local dual-line evidence (1.179459ms)
✔ searches lifecycle dates and failure reasons with all terms required, retaining original source objects (0.139583ms)
✔ searches diagnostic rejection history without silently reviving historical candidates (0.395292ms)
✔ all excludes bc false, preserves input order and records, and does not infer missing direction (0.13ms)
✔ legacy diagnostic family is standard, and empty diagnostics do not invent rejection records (0.09725ms)
✔ structural points retain their own confirmation and evidence, never deriving them from a MACD source (0.277792ms)
✔ M1 uses exact existing gates and remains a separate view of its original standard event (0.183917ms)
✔ combined date query finds independent point, prompt and event records without deduplication or additive counts (0.10775ms)
✔ chart date matches structured lifecycle timestamps, not coincidental prose dates (0.225208ms)
✔ minute evidence uses exact exchange-local minute, accepting T/space and refusing missing time (0.093625ms)
✔ chart date includes diagnostic ABC and rejection coverage without inventing open or reversed intervals (0.676334ms)
✔ date scope combines with all filters for structural points and original M1 sources (0.128417ms)
✔ new standard evidence explains price, old blocker and independent special lifecycle (1.439042ms)
✔ new gates include counts, boundary and dates without undefined placeholder (0.459292ms)
✔ legacy comparisons retain old detected confirmed and invalidated dates (0.3735ms)
✔ structure dates remove midnight noise without changing intraday precision (1.135792ms)
✔ centre evidence distinguishes fixed core, outer range and candidate expansion (0.579292ms)
✔ segment evidence includes source prices and reverse proof with one-based labels (0.159833ms)
✔ missing legacy evidence does not invent confirmation (0.096458ms)
✔ special inclusion explains boundary exception without labelling it an ordinary fractal (0.061667ms)
✔ centre relation history distinguishes current candidate from original separation (0.099042ms)
✔ confirmation replay translates raw indices without date matching (0.070167ms)
✔ unknown, invalid or out-of-snapshot confirmations have no replay target (0.07475ms)
✔ connection badge validates shared time, price and alternating direction (0.182042ms)
✔ reverse preview uses observed extreme, not last close or a future target (0.916083ms)
✔ mirrored lows produce an upward reference (0.107625ms)
✔ no invented reference for missing, ambiguous, extending, or invalid inputs (0.260875ms)
✔ replay prefix cannot use a later extreme; ties retain first occurrence (0.134292ms)
✔ ongoing consolidation differs by color, line pattern, and fill (0.379083ms)
✔ task list rejects malformed responses instead of replacing records with undefined (31.265125ms)
✔ cancelling is not terminal and elapsed values remain readable (0.139791ms)
✔ runBacktestWithPolling waits through cancelling and returns cancelled (2.785083ms)
✔ runBacktestWithPolling waits through cancelling and returns timed_out (1.421834ms)
✔ runSignalScanWithPolling waits through cancelling and returns cancelled (2.69775ms)
✔ runSignalScanWithPolling waits through cancelling and returns timed_out (1.478708ms)
✔ cancel API uses POST, and partial cancelled scan results are never accepted (0.2525ms)
✔ persistent recovery and version mismatch are distinct from completion (0.257167ms)
✔ terminal task deletion handles empty 204 and encodes identity (0.143167ms)
✔ checkpoint presence is not confused with verified reuse or task completion (0.287334ms)
✔ cached completed submission is retrieved rather than shown as running (0.150125ms)
✔ network failures are localized across WebKit, Chromium and Firefox (0.175125ms)
✔ tracking identity separates asset types, exchanges and board catalogues (1.71775ms)
✔ cloud book validates without silently dropping corrupt groups or duplicate entries (0.664833ms)
✔ expansion preserves every member and all board/direct sources, not a 200-row display page (1.985875ms)
✔ membership failure is explicit and malformed partial membership is never accepted (0.273417ms)
✔ batch runs sequentially, keeps partial errors and continues after a failed target (7.43525ms)
✔ cancellation marks in-flight and unstarted rows, ignoring a late success (1.995916ms)
✔ group breadth counts only available periods, never treats failed targets as neutral evidence (0.210125ms)
✔ exact current revision accepts only its own evidence without mutation (1.627541ms)
✔ old partition, stale version, future evidence and false completion are rejected (0.294541ms)
✔ historical audit cannot import a later opposite segment (0.084417ms)
✔ empty partitions and higher-proof priority retain explicit blockers (0.072167ms)
✔ new blockers use Chinese labels without calling prerequisites completion (0.140125ms)
✔ missing comparison interval is explained in Chinese without inventing a date (0.627208ms)
✔ special diagnostics identify each A indicator witness rather than the price witness (0.1725ms)
✔ nonstandard DEA axis gate remains explicit without an improvement requirement (0.136708ms)
✔ DEA tolerance discloses research threshold, precise deviation and near-zero fallback (0.161375ms)
✔ wave evidence separates effective A from original wave and local pivots (1.038166ms)
✔ rounded equal line extrema disclose the precise failed values and witness times (0.1715ms)
✔ comparisons are explicitly research only and preserve B/C axis checks (0.111917ms)
✔ unformed candidate shows Chinese gates, two-decimal values and rejection dates (0.102792ms)
✔ new nonstandard audit explicitly uses full A and first-formed reverse evidence explains gaps (0.131667ms)
ℹ tests 371
ℹ suites 0
ℹ pass 371
ℹ fail 0
ℹ cancelled 0
ℹ skipped 0
ℹ todo 0
ℹ duration_ms 1759.906584
→ 打包中…
→ 运行测试…
京东方评级: D 分数: 34.3
维度明细: 卡玛比率=22.7, 最大回撤=27.5, 胜率=33.5, 利润因子=34.1, 夏普比率=41.5, 波动率=50.1
否决: 利润因子 1.11 接近 1，仅勉强盈亏平衡
长线优质策略评级: B 分数: 64.5
维度权重: 卡玛比率=28%, 最大回撤=26%, 胜率=0%, 利润因子=0%, 夏普比率=23%, 波动率=23%
优质案例评级: A 分数: 83.9
寻优点评级: A 74
组合重算指标: { '年化': '20.83%', '回撤': '0.80%', '夏普': '5.27', '卡玛': '26.03' }
稳定上涨组合评级: S 91.8
波动组合重算: { '回撤': '44.15%', '夏普': '-2.64', '持续': 60 }
波动组合评级: D 18.5
✔ 新版组合评级使用后端采样，不按图表柱数重新日线年化 (1.265541ms)
✔ 必要风险指标缺失不能展示为零风险或正常评级 (0.203833ms)
✔ 无穷比率不等于满分，真实零利润因子仍按亏损判断 (0.115666ms)
✔ 京东方回测必须评为 D 档（用户核心诉求验证点） (0.413125ms)
✔ 京东方评分应在 30-43 区间（C 与 D 的边界） (0.088542ms)
✔ 低利润因子触发系统亏损否决 (0.06025ms)
✔ 样本不足（< 10 笔交易）降权但不否决整个评级 (0.118167ms)
✔ 用户实测场景：6年6笔交易 + 高夏普 → 应得 A/B（核心回归测试） (0.127959ms)
✔ 深回撤 > 60% 触发直接 D 否决 (0.106541ms)
✔ 优质回测应得 A 或 S 档 (0.129667ms)
✔ 高回撤但收益高 → 最高 B（一票否决 cap） (0.077542ms)
✔ 插值函数：边界值取端点分数 (0.066875ms)
✔ 插值函数：中间值线性插值 (0.039709ms)
✔ 寻优评级：4 维度降级版 (0.088583ms)
✔ 寻优评级：网格点交易太少 → 降权但评级照常 (0.0485ms)
✔ 组合评级：稳定上涨净值应得 A 或 S (1.369041ms)
✔ 组合评级：高波动深回撤净值 → 低档 (0.484417ms)
✔ combinedMetrics：单点净值返回全 0（兜底） (0.045666ms)
✔ 历史组合仅保留原值，不从曲线推断日线或重算评级 (0.395333ms)
✔ v1-v4、未知版本及不完整依据不伪装为新版结果 (0.502833ms)
✔ 新版结果使用已记录指标，真实 999 和零不被当作历史哨兵 (0.06925ms)
✔ 指标状态缺失或与数值冲突不能产出评级，包括被降权维度 (0.083208ms)
✔ 低交易样本的真实不可用逐笔指标仍可降权，不误拦截可用净值评级 (0.076792ms)
✔ 寻优逐行核验新版采样与候选状态，输入范围不替代候选证据 (0.099917ms)
✔ 完整快照保留精度、真实 0/999、全部指标及版本且不关联可变输入 (0.484291ms)
✔ 策略保存接受真实 Vue 响应式结果，不因 Proxy 无法 structuredClone 而失败 (0.449458ms)
✔ 再次保存历史指标不补造新版计算或评级依据 (0.081625ms)
✔ 对比展示原值并指出版本、周期、范围与利率差异，不自动重算 (0.197959ms)
ℹ tests 28
ℹ suites 0
ℹ pass 28
ℹ fail 0
ℹ cancelled 0
ℹ skipped 0
ℹ todo 0
ℹ duration_ms 87.84725
