
> web-ui@0.0.0 test
> node scripts/run-tests.mjs

✔ tracking is restricted to active administrators and explicitly authorized users (0.419834ms)
✔ presence requires visible focused recent interaction and never negative elapsed time (0.100333ms)
✔ admin query descriptions label metadata and disclose truncated targets (0.184875ms)
✔ all current chart inspector evidence stays readable without altering original nested data (5.854917ms)
✔ reject malformed fields reachable from overlays, popovers and every inspector section with exact paths (17.670375ms)
✔ optional old fields and empty failure checkpoints remain readable, no missing-state invention (0.140208ms)
✔ archive calendar validation rejects normalized impossible dates and illegal clock/offset values (58.031ms)
✔ bar validation compares actual instants, retains raw strings, rejects equal instants and malformed volume (1.151375ms)
✔ existing frozen matrix bar sources remain readable without mutation (15.981166ms)
✔ event lists and evidence-set reordering never imply new or changed signals; originals remain intact (10.864833ms)
✔ state, lifecycle times and unrounded evidence are classified separately on the same identity (0.701333ms)
✔ same date across families and sides remains independent; true event additions/removals are distinct (18.963333ms)
✔ duplicate identities preserve all records and are never paired arbitrarily (20.370208ms)
✔ missing identity does not cause false removals or additions in its collection (1.684958ms)
✔ missing source/list is unknown, not empty or proof of no events (0.347791ms)
✔ never-candidate diagnostics match without A or reference, including special B-only records (0.716958ms)
✔ A trimming changes evidence not identity; original wave anchors and reference changes distinguish bases (0.549208ms)
✔ date normalization preserves intraday, microsecond and timezone distinctions (1.269875ms)
✔ source differences and unknown fields/ordered evidence are retained (0.861333ms)
✔ different instruments, periods or study results are not matched (0.099584ms)
✔ structure divergences are supported without inventing MACD wave anchors (0.285666ms)
✔ legacy local migration keeps original payload, precision, versions and unknown fields without upgrading (4.931709ms)
✔ cloud exports use latest metadata but retain the original immutable payload, not old cloud ID/revision (1.156583ms)
✔ study import preserves successful and failed periods plus original warmup and primary metadata (0.651833ms)
✔ unknown, incomplete, oversized and nonfinite backups are rejected, never uploaded as summaries (208.125208ms)
✔ all supported chart outputs preserve full precision, null warmups, style and instance order (11.29475ms)
✔ migration IDs survive rescanning/reload, preserve precision and isolate owners and changed content (12.945833ms)
✔ migration rejects missing owners, foreign archives and malformed inputs before upload (0.413292ms)
✔ post-inspection changes never upload under a previously confirmed identity (2.497959ms)
✔ lost response retries the same immutable body and id, without automatic retry or local deletion (16.163625ms)
✔ stop or account changes before/after read and upload discard stale results (1.445875ms)
✔ deleted cloud copies are not restored, purged copies and wrong response IDs are not treated as success (3.426625ms)
✔ chart plan freezes original data and uses original identity/window, not current selection (22.674917ms)
✔ missing volume/time/parameters and unsupported length never silently become a smaller/default study (7.787333ms)
✔ study plan preserves actual research settings and saved time labels (0.20275ms)
✔ unrounded path diff distinguishes null, missing, structure, empty arrays, and ordering (0.258958ms)
✔ response must match request, instrument, version, scope and period identities (1.888ms)
✔ new archive retains original bars/lineage but never relabels frozen old indicators as recomputed (3.177375ms)
✔ study without saved input retains an explicit uncomputed row, never pretends all periods succeeded (0.228791ms)
✔ complete indicator recompute preserves saved settings, checks response and saves only new values (1.775583ms)
✔ missing or unknown saved indicator parameters cannot borrow current defaults (0.332541ms)
✔ original valid study rows retain precision, unknown fields, true zero and no recomputation (2.663834ms)
✔ invalid nested fields become explicit per-period errors, not silently missing rows (1.153125ms)
✔ strict pen fields reject coercion and preserve historical source errors without reading their invalid nested fields (0.477041ms)
✔ duplicates are not cherry-picked and malformed or future rows remain in original-record entries (0.150167ms)
✔ trade lookup keeps the exact minute across separators, precision and days (0.684792ms)
✔ date-only values cannot choose the midnight bar of an ambiguous day (0.073667ms)
✔ daily and duplicate exact timestamps keep first positional matches (0.070542ms)
✔ nanoseconds and timezone text are not truncated into a false match (0.083417ms)
✔ date labels preserve useful precision without local timezone conversion (0.080292ms)
✔ higher sources resolve actual records and separate original from current review time (2.057333ms)
✔ base sources and foreign witness rejection have distinct Chinese descriptions (0.112792ms)
✔ inconsistent candidate has no replay evidence: unknown reason (0.087167ms)
✔ inconsistent candidate has no replay evidence: prototype key (0.069625ms)
✔ inconsistent candidate has no replay evidence: future version (0.059708ms)
✔ inconsistent candidate has no replay evidence: future completion (0.929958ms)
✔ inconsistent candidate has no replay evidence: missing time (0.177708ms)
✔ inconsistent candidate has no replay evidence: empty source (0.12ms)
✔ inconsistent candidate has no replay evidence: duplicate source (0.135875ms)
✔ inconsistent candidate has no replay evidence: unknown source (0.236875ms)
✔ inconsistent candidate has no replay evidence: mixed levels (0.138458ms)
✔ inconsistent candidate has no replay evidence: future child (0.152792ms)
✔ inconsistent candidate has no replay evidence: wrong child level (0.06375ms)
✔ inconsistent candidate has no replay evidence: duplicate record (0.046667ms)
✔ inconsistent candidate has no replay evidence: empty record range (0.050791ms)
✔ inconsistent candidate has no replay evidence: gap (0.054666ms)
✔ inconsistent candidate has no replay evidence: wrong parent range (0.040416ms)
✔ inconsistent candidate has no replay evidence: reversed sources (0.045792ms)
✔ inconsistent candidate has no replay evidence: unsafe base number (0.043417ms)
✔ 80 percent transparency is 20 percent alpha, for both candle directions (1.074792ms)
✔ transparency stays finite, integer, and bounded (0.104792ms)
✔ body is symmetric around the unchanged wick across widths and fractional positions (1.434875ms)
✔ horizontal candles preserve every price coordinate (0.09625ms)
✔ missing or non-finite candle layouts are left untouched (0.111041ms)
✔ native ECharts layout remains centred after resize, zoom and data replacement (120.868292ms)
✔ zooming out of large-data line mode restores centred candle bodies (19.901792ms)
✔ structure widths retain existing defaults and hover appearance (1.658084ms)
✔ manual values stay finite, bounded, and at two decimal places (0.2985ms)
✔ raw index overrides rounded dates, including zero (0.513583ms)
✔ legacy intraday dates never fall back to the first bar of the day (0.105917ms)
✔ duplicate formatted times fail safely without a raw index (0.069625ms)
✔ padding keeps the 23px marker plus radius inside the price pane (0.135208ms)
✔ flat, zero and negative ranges get finite padding; invalid extents do not (0.078208ms)
✔ single-bar time link is a thin line limited to each actual plot (1.76825ms)
✔ multi-bar time link has no border and clips to plot, never clamps offscreen data to an edge (0.247334ms)
✔ time links map daily coverage to all minute bars, not a matching ordinal (0.414916ms)
✔ weekly and monthly end-labelled bars cover earlier constituent dates without changing data (1.6815ms)
✔ nearest marker wins regardless of signal family, only co-located points share chooser (0.433708ms)
✔ immutable request cache deduplicates pending work, isolates payload keys and retries errors (0.631292ms)
✔ all six structural types keep extrema and confirmation separate with original evidence (1.448042ms)
✔ legacy records do not invent confirmation or structural sources (0.168084ms)
✔ M1 keeps independent MACD source and original direction, never a structural type (0.338667ms)
✔ all chart layers override independent animation and progressive rendering (0.835625ms)
✔ archive tooltip labels and evidence remain text, not active HTML (0.4475ms)
✔ rejects invalid saved zooms (1.849375ms)
✔ same-snapshot redraw keeps current manually chosen view (0.243958ms)
✔ focus redraw keeps manual zoom; clearing restores pre-focus view (0.277333ms)
✔ switching focus preserves the original return view (0.192792ms)
✔ new snapshot resets saved focus view and never revives old zoom (0.179958ms)
✔ default inactive; moving does not show cards and leaving does not deactivate (1.333167ms)
✔ object previews can read date-card activation without activating it (0.395625ms)
✔ click selects a point; outside click closes; inside click is not dismissed (0.269417ms)
✔ activated cards follow movement until outside dismissal, then require another click (0.270792ms)
✔ zoom clears stale coordinates but preserves activation (0.200333ms)
✔ data reset and Escape deactivate; teardown removes all handlers (0.1595ms)
✔ archive requests bind current owner and bypass browser cache (40.691875ms)
✔ cloud directory validates all rows, quotas and identities without dropping broken entries (4.9965ms)
✔ original detail requires an object payload but action receipts may omit it (1.36025ms)
✔ account change discards delayed success and delayed errors (0.748875ms)
✔ unauthenticated archive requests do not reach server; structured conflicts remain actionable (0.38275ms)
✔ upload retries retain immutable captured body and all numerical precision (0.204417ms)
✔ directed centre chain is candidate evidence, not completion (0.941292ms)
✔ touching, opposing, future, overlapping or malformed chains fail closed (0.226583ms)
✔ single-centre and legacy components remain readable (0.065708ms)
✔ inside, border, reversed y and overlapping rectangles resolve newest first (0.768083ms)
✔ invalid or missing render coordinates cannot create hits (0.086958ms)
✔ popup stays within narrow viewport and near-edge right click (0.093292ms)
✔ roles are Chinese and unknown roles never claim completion (0.418917ms)
✔ source ranges keep one-based indices without disguising gaps (0.095417ms)
✔ coverage checks counts, repeats and missing IDs (0.18775ms)
✔ missing, empty and rejected suffix are explicit (0.069875ms)
✔ invalid counts and empty blocks cannot pass the coverage audit (0.07525ms)
✔ uses raw indices, allows shared endpoints and bounds zoom padding (0.88825ms)
✔ does not invent a B interval or infer indices from formatted dates (0.098958ms)
✔ rejects partial, reversed, overlapping and out-of-snapshot evidence (0.119125ms)
✔ allows inspection of historical failed evidence without reviving it (0.108208ms)
✔ local proof draws frozen exact endpoints only after its actual confirmation (0.155833ms)
✔ dual-line divergence uses two exact raw indices, never artificial ABC ranges (1.68975ms)
✔ dual-line focus rejects missing, duplicate, reversed and out-of-range points (0.302583ms)
✔ special wave focus uses AB and its extreme without inventing C (0.230458ms)
✔ direction, family and lifecycle have independent marker styles (0.582333ms)
✔ no-C dual-line remains a circle and fills only on first reverse-pen confirmation (1.731041ms)
✔ M1 is restricted to confirmed waves with a later actual confirmation (1.390833ms)
✔ four families retain independent records and nonstandard uses a triangle (0.21775ms)
✔ October 4 marker matrix uses shape for family and colour only for direction (0.130167ms)
✔ special AB evidence separates A line extrema from both price anchors and legacy pivots (0.138083ms)
✔ history is opt-in, inactive stays grey hollow, never creates M1 (0.107834ms)
✔ every historical shape uses a continuous hollow contour, including on hover (0.120667ms)
✔ new nonstandard evidence relaxes prices only and records each subtype (0.114542ms)
✔ new dual rule cannot fill without recorded later local confirmation (0.098459ms)
✔ historical engineering match retains original timing without claiming regrouping completion (1.171375ms)
✔ future, stale, mismatched or incomplete evidence fails closed (0.399833ms)
✔ older snapshots and unmatched parts keep existing natural audit available (0.093875ms)
✔ engineering provenance uses the same one-based numbering as other inspectors (0.8975ms)
✔ mixed recursion distinguishes consolidation and trend from the old trend view (0.147375ms)
✔ unknown or reversed provenance is not presented as a completed trend (0.070125ms)
✔ indicator and price values use two decimals without inventing missing evidence (0.088875ms)
✔ recursive centre relations never call extension candidates completed types (0.068958ms)
✔ admissions distinguish unit confirmation from later failed-return admission (0.058583ms)
✔ display fields retain all text including dates, provenance, and secondary colons (0.792875ms)
✔ narrative, missing evidence, and timestamp headings remain whole (0.17275ms)
✔ selects the exact source without replacing missing comparison periods with the primary (0.882291ms)
✔ prefix audit preserves original warmup snapshot and its own instrument and period (0.965209ms)
✔ rejects invalid positions, missing identity and explicitly unclosed prefix data (0.463167ms)
✔ optimization carries full execution and identity without live defaults (3.282583ms)
✔ malformed, mixed, missing or conflicting optimization context never silently defaults (0.825875ms)
✔ multi original replay preserves costs, slots and adjustment; extend changes only end dates (0.378125ms)
✔ multi rejects corrupt and incompatible slots without dropping or repairing any (0.8445ms)
✔ legacy missing settings are disclosed with deterministic defaults, explicit invalid values rejected (0.376959ms)
✔ combining equal-account singles preserves per-slot cash and costs; conflicts rejected not rewritten (0.805417ms)
✔ all candidate states distinguish eligibility from completed natural types (0.965959ms)
✔ opposite geometry identifies reused next-part evidence, including nonzero source IDs (1.08ms)
✔ external opposite geometry is not added to candidate membership (0.304125ms)
✔ missing, stale, misattributed or future opposite geometry is not displayed as matched (0.458958ms)
✔ preferred endpoints are never called completed types; conflicts are retained (0.217208ms)
✔ opposite base turn is not same-level completion (0.465375ms)
✔ price formatting preserves zero and boundary contact, guards non-finite values (0.148917ms)
✔ candidate audit joins by identity, not response order (0.097875ms)
✔ part audit must match ordinal AND exact raw source IDs, including shifted IDs (0.160625ms)
✔ locates the three raw ranges without relabelling them as MACD or confirmed centres (3.007916ms)
✔ candidate must already be observable at the CURRENT replay prefix (0.230458ms)
✔ no incomplete, waiting or unsupported candidate is given a fabricated range (0.125ms)
✔ raw bar boundaries must be contiguous and inside the visible window (0.152625ms)
✔ source partitions must cover every original segment once, preserving nonzero IDs (0.122417ms)
✔ conflicting geometric fallback remains viewable for manual audit (0.11675ms)
✔ clearing a regrouping focus restores original zoom; a new replay snapshot does not (0.124125ms)
✔ membership labels distinguish source confirmation from later admission (0.4695ms)
✔ admission witness distinguishes confirmation dependency from geometric membership (0.085125ms)
✔ old or malformed evidence never invents an admission witness (0.074042ms)
✔ factor glossary accepts standard abbreviations with spaces or underscores (0.514375ms)
✔ factor missing values never become valid zero (0.088584ms)
✔ factor ranking is stable, non-mutating and missing-last in both directions (7.399917ms)
✔ menus stay inside phone, keyboard and landscape viewports (0.581125ms)
✔ near-bottom controls open upwards without changing ordinary desktop width (0.094542ms)
✔ warmup null, missing and invalid indicator values never become invented zeroes (3.959417ms)
✔ freeze all supported indicator outputs, warmup holes, volume averages and exact numerical precision (16.244167ms)
✔ frozen playback keeps captured values despite different current prices and never queries APIs (0.65225ms)
✔ malformed or mismatched frozen values fail closed, never fall back to recomputation (0.635375ms)
✔ marker hit uses signed stacking offset for both directions, not candle position (0.510541ms)
✔ symbol size and invalid render positions are handled safely (0.094ms)
✔ market tab changes discard old success and cannot stop the new spinner (369.520333ms)
✔ market late failure after filter cannot resurrect an error (29.11775ms)
✔ market late failure after owner cannot resurrect an error (19.935334ms)
✔ market late failure after unmount cannot resurrect an error (51.540375ms)
✔ directory count failure preserves valid rows; late totals cannot cross markets (24.409458ms)
✔ board selection clears old details and ignores slower preceding member responses (23.2685ms)
✔ board list filter changes invalidate pending member requests and prevent old auto-selection (15.359167ms)
✔ default board preload remains system-origin after manual list refresh (20.407917ms)
✔ belonging response after stock cannot change results or stock history (13.980916ms)
✔ belonging response after owner cannot change results or stock history (16.871333ms)
✔ belonging response after unmount cannot change results or stock history (17.346208ms)
✔ current belonging success records captured stock; concurrent member failure has separate feedback (11.772458ms)
✔ market selection uses loaded market, clears on filters, and distinguishes shared stock/index codes (6.603208ms)
✔ board analysis uses result classification; members require their own market (11.515916ms)
✔ aborted late response cannot publish metadata even if transport ignores abort (13.270917ms)
✔ missing provenance or silently changed adjustment never reaches research (0.138834ms)
✔ reported gaps do not falsely label suspension or prevent inspecting valid candles (0.109833ms)
✔ history fetch consumes one verified range and publishes complete metadata only after validation (0.543291ms)
✔ unclosed response never updates provenance or reaches the backtest (0.235958ms)
✔ null, true zero, infinities and real 999 are distinct after JSON roundtrip (0.448208ms)
✔ single, saved and comparison results retain authoritative metric basis (0.426041ms)
✔ whole proof validated without mutation, and cross-role ownership remains visible (1.278625ms)
✔ stale, future, duplicated, incomplete, falsely completed and mismatched sources rejected (0.333542ms)
✔ base runs cannot masquerade as proofs or own multiple provisional regions (0.078083ms)
✔ blocked covers show full conflicts, never fabricated flattened blocks (0.092541ms)
✔ labels retain provisional scope (0.062833ms)
✔ all seven MA presets are available but only MA5 and MA10 start visible (0.763959ms)
✔ each chart session gets independent editable settings without changing presets (0.276083ms)
✔ MA presets retain the requested yellow, white, purple, green, cyan, orange, red palette (0.109208ms)
✔ legend retains every MA choice and explicit hidden states override stale chart selection (0.139833ms)
✔ cross-boundary details resolve actual input and nested ownership records (1.275917ms)
✔ unowned reverse evidence stays explicitly unowned for boundary rejection (0.118166ms)
✔ foreign witness can be shown for an otherwise single-owner candidate (0.098334ms)
✔ legacy candidates do not invent missing conflict details (0.105833ms)
✔ damaged detail is not presented: mismatched candidate sources (0.091167ms)
✔ damaged detail is not presented: wrong layer (0.073542ms)
✔ damaged detail is not presented: unknown reverse input (3.339875ms)
✔ damaged detail is not presented: wrong reverse range (0.085ms)
✔ damaged detail is not presented: reverse overlaps prices (0.067292ms)
✔ damaged detail is not presented: future reverse confirmation (0.105875ms)
✔ damaged detail is not presented: wrong reverse time (0.063083ms)
✔ damaged detail is not presented: incomplete domain list (0.066209ms)
✔ damaged detail is not presented: duplicate domains (0.049167ms)
✔ damaged detail is not presented: noncontinuous domain (0.042625ms)
✔ damaged detail is not presented: foreign domain misses witness (0.050209ms)
✔ damaged detail is not presented: false unowned witness (0.049166ms)
✔ damaged detail is not presented: missing nested record (0.052167ms)
✔ damaged detail is not presented: wrong reason (0.061ms)
✔ only current owner revisions form the displayed ownership set (2.604125ms)
✔ internal provenance remains distinct and validates enclosing ownership (0.342917ms)
✔ parent-covered history is not labeled as an additional effective input (0.073375ms)
✔ nested provenance validates containment and strictly increasing input levels (0.163875ms)
✔ current owner labels are distinct from creation IDs and tolerate old snapshots (0.090791ms)
✔ summary mode lists every historical address, not just current versions (0.704084ms)
✔ full and missing legacy snapshots stay readable without inventing history (0.079167ms)
✔ all four analysis paths explicitly request summary delivery without changing input (0.567708ms)
✔ complete lifecycle stays chronological, does not mutate input, and uses Chinese labels (1.232666ms)
✔ legacy or future history is not invented (0.119125ms)
✔ dangling, reordered, duplicated, miscounted and conflicting histories fail closed (0.837875ms)
✔ equal counts cannot hide swapped source identities (0.073833ms)
✔ intermediate event boundaries must equal actual inherited and added sources (0.068167ms)
✔ input evidence must exist at the correct level and be available at admission (0.186917ms)
✔ invalid domain sources, membership and parent context fail closed (0.15575ms)
✔ leftward growth, shifted sources and newly filled merge gaps remain valid (0.146916ms)
✔ both periods exclude future and open candles while retaining original warm-up start (0.606042ms)
✔ snapshot observation time caps cutoff; bar start before cutoff is not enough (0.081583ms)
✔ no timeframe fallback or fabricated candles when historical minute range is unavailable (0.077459ms)
✔ index and board snapshots retain NONE adjustment, mismatch is rejected (0.2175ms)
✔ missing completion evidence, timezone timestamps and unordered bars fail explicitly (0.136166ms)
✔ week/month completion boundary comes from provider annotation, not day label (0.1025ms)
✔ matrix defaults to exactly the five requested periods in image order and six information columns (0.919125ms)
✔ does not turn current reversal observation into a confirmed opposite pen (0.168625ms)
✔ keeps true zero distinct from missing, and numerical display never overwrites original axis judgment (0.132125ms)
✔ keeps divergence family, extrema and actual confirmation separate; never drops records (14.29225ms)
✔ missing pen and divergence are bounded claims; quality limitations stay visible (0.185584ms)
✔ library original/extended multi replay uses saved costs despite global preference changes (209.480666ms)
✔ portfolio load -> actual store task lifecycle -> save uses identical context and all costs (32.463333ms)
✔ pending portfolio cannot survive input (22.575708ms)
✔ pending portfolio cannot survive owner (24.217875ms)
✔ pending portfolio cannot survive unmount (17.907458ms)
✔ store account epoch clears completed results in all four task families (14.726958ms)
✔ runPortfolio old account error is ignored even after switching back (15.67425ms)
✔ runMultiStrategy old account error is ignored even after switching back (15.782791ms)
✔ runOptimize old account error is ignored even after switching back (13.177083ms)
✔ runOptimizeAll old account error is ignored even after switching back (13.3065ms)
✔ optimizer takes an input snapshot before awaiting bars and hands off the result strategy/adjustment (20.460375ms)
✔ portfolio late save cannot close or annotate newly changed configuration (18.258291ms)
✔ library name lookup cannot mix later input or account into a save (58.901583ms)
✔ library saves a multi result with submitted adjustment, not the later global preference (15.469708ms)
✔ late library list cannot replace a newly created record and owner change clears all personal rows (15.301458ms)
✔ portfolio identity rejects mixed markets, repeats and invalid lengths (0.234833ms)
✔ late preference response cannot revert a newer adjustment; queued patch is captured (98.964292ms)
✔ account switch drops old queue, permits new account immediately and ignores late response (26.628458ms)
✔ same-account logout/login does not accept response from prior session epoch (22.719833ms)
✔ failed saves reject caller, do not wedge queue or restore stale role permissions (15.478458ms)
✔ mismatched response owner and logged-out saves are rejected (5.237584ms)
✔ market preference watcher survives the first route unmount and follows owner changes (7.099042ms)
✔ late name hydration cannot write across accounts; new owner hydrates independently (22.52975ms)
✔ sidebar hydration never writes, old-owner timers cancel, failures are handled (56.120791ms)
✔ forming candles preserve OHLC and use dashed empty outlines (0.437792ms)
✔ forming volume and signed MACD columns preserve values and direction (0.102791ms)
✔ query defaults to system, manual intent is synchronous and explicit (0.572375ms)
✔ direct bar snapshot fetch preserves explicit intent, including failed requests (33.140334ms)
✔ pending manual requests do not mark concurrent automatic work or async continuations (0.115458ms)
✔ API dispatch tags manual queries but excludes automatic name lookup and task polling (0.899791ms)
✔ radar review captures row adjustment, exact minute, strategy and original cutoff (3.189ms)
✔ invalid or legacy reviews fail explicitly without guessing data or adjustment (2.007125ms)
✔ exchange-local dates validate without browser timezone conversion (1.393667ms)
✔ review excludes future and unclosed bars, resets derived fingerprint and reports actual range without mutating source (17.983709ms)
✔ radar cache is owner scoped and malformed/legacy records never enter the UI (9.918917ms)
✔ late messages, close and errors from an old socket cannot affect replacement (0.922291ms)
✔ invalid messages and control responses never become ticks; close reason retained (0.165125ms)
✔ matching versions are selected by case identity without mutation (0.909125ms)
✔ future snapshots, wrong rules, incomplete chains and duplicate cases are rejected (0.203916ms)
✔ labels never confuse endpoint consistency or higher-centre proof with completion (0.13025ms)
✔ v2 keeps the detached prefix and v1 remains readable (0.297959ms)
✔ v3 supports trend search while retaining the same ownership guards (0.1105ms)
✔ missing, duplicated, misattributed or silently completed prefix is rejected (0.300792ms)
✔ reincorporation is recorded explicitly instead of erasing detached history (0.655208ms)
✔ accepts bounded history and empty verified batches (38.504791ms)
✔ rejects wrong batch, future indices, broken sources and contradictory state (0.257917ms)
✔ research labels distinguish absence, release, retained and internal (0.07925ms)
✔ late old responses cannot own a newer research request (0.455875ms)
✔ submission fields are captured values, not mutable form references (0.418791ms)
✔ navigation preserves explicit stock/index/fund/board identity and parameters without auto run (1.524917ms)
✔ ambiguous identity is rejected rather than guessed or numeric code padded (0.135125ms)
✔ query parser rejects incomplete, duplicate, incompatible and mixed-context values (0.996916ms)
✔ snapshot import keeps original data and normalizes optional display metadata (1.859166ms)
✔ reject invalid schema, periods, oversized arrays and impossible candle prices (0.384708ms)
✔ cloud archives retain larger frozen windows and all supported distinct periods (12.401375ms)
✔ import keeps valid frozen outputs and rejects mismatched frozen data instead of recomputing (0.5865ms)
✔ window is exchange local and bounded by the snapshot cutoff (0.543625ms)
✔ missing numbers and candidate status are never promoted (0.083584ms)
✔ amber projection resolves daily and minute labels, ignores open candle (0.332667ms)
✔ three workspaces are keyboard traversable without dropping an existing mode (1.636542ms)
✔ mobile comparison shows exactly the selected snapshot; desktop shows both (0.136125ms)
✔ inactive research never starts automatic work, valid active research does (0.088291ms)
✔ saved single strategy restores market, period, adjustment and all execution costs exactly (22.806125ms)
✔ missing legacy fields disclose supplied defaults instead of claiming complete restoration (0.301333ms)
✔ explicit contradictory market and unsupported instruments are not silently rewritten (10.335375ms)
✔ invalid present fields are errors, not fallback defaults (0.31975ms)
✔ saved links identify records only and cannot inject alternate execution context (0.184ms)
✔ optimization context restores every execution field and malformed context blocks dispatch (4.980042ms)
✔ actual backtest view loads exact saved context without running, then saves the configuration used (1.824667ms)
✔ late saved record cannot overwrite owner (6.929375ms)
✔ late saved record cannot overwrite route (1.042167ms)
✔ late saved record cannot overwrite input (0.832167ms)
✔ late saved record cannot overwrite unmount (0.778834ms)
✔ invalid saved context blocks run, while legacy missing fields disclose fallback (2.615084ms)
✔ every execution input invalidates the old result before it can be saved (8.157541ms)
✔ editing a cost while bars are pending never runs the new form on the old request (0.634666ms)
✔ save completion after owner cannot write into a different page or account (0.767584ms)
✔ save completion after route cannot write into a different page or account (0.640417ms)
✔ save completion after unmount cannot write into a different page or account (0.61125ms)
✔ audit description translates permissions and never renders arbitrary detail fields (1.095583ms)
✔ audit time is explicitly Shanghai time and invalid data remains readable (118.143959ms)
✔ audit API preserves bounded pagination/filter state and authenticated credentials (58.646833ms)
✔ distinguishes no candidate, failed current audit, and actual invalidation without promoting legacy state (1.230125ms)
✔ filters independent families and directions without merging special and local dual-line evidence (5.61675ms)
✔ searches lifecycle dates and failure reasons with all terms required, retaining original source objects (0.325292ms)
✔ searches diagnostic rejection history without silently reviving historical candidates (2.315625ms)
✔ all excludes bc false, preserves input order and records, and does not infer missing direction (0.514958ms)
✔ legacy diagnostic family is standard, and empty diagnostics do not invent rejection records (0.310917ms)
✔ structural points retain their own confirmation and evidence, never deriving them from a MACD source (0.908167ms)
✔ M1 uses exact existing gates and remains a separate view of its original standard event (0.532125ms)
✔ combined date query finds independent point, prompt and event records without deduplication or additive counts (2.251125ms)
✔ chart date matches structured lifecycle timestamps, not coincidental prose dates (0.411334ms)
✔ minute evidence uses exact exchange-local minute, accepting T/space and refusing missing time (0.109541ms)
✔ chart date includes diagnostic ABC and rejection coverage without inventing open or reversed intervals (0.220125ms)
✔ date scope combines with all filters for structural points and original M1 sources (0.1085ms)
✔ new standard evidence explains price, old blocker and independent special lifecycle (3.51825ms)
✔ new gates include counts, boundary and dates without undefined placeholder (0.270791ms)
✔ legacy comparisons retain old detected confirmed and invalidated dates (0.161291ms)
✔ structure dates remove midnight noise without changing intraday precision (1.108667ms)
✔ centre evidence distinguishes fixed core, outer range and candidate expansion (1.318917ms)
✔ segment evidence includes source prices and reverse proof with one-based labels (10.071ms)
✔ missing legacy evidence does not invent confirmation (9.284042ms)
✔ special inclusion explains boundary exception without labelling it an ordinary fractal (0.236416ms)
✔ centre relation history distinguishes current candidate from original separation (0.404541ms)
✔ confirmation replay translates raw indices without date matching (0.110166ms)
✔ unknown, invalid or out-of-snapshot confirmations have no replay target (0.089292ms)
✔ connection badge validates shared time, price and alternating direction (0.1175ms)
✔ reverse preview uses observed extreme, not last close or a future target (1.654167ms)
✔ mirrored lows produce an upward reference (0.257875ms)
✔ no invented reference for missing, ambiguous, extending, or invalid inputs (0.220584ms)
✔ replay prefix cannot use a later extreme; ties retain first occurrence (0.218792ms)
✔ ongoing consolidation differs by color, line pattern, and fill (0.243333ms)
✔ task stores detached actual inputs, user submission and system polling (4.04775ms)
✔ invalidated submit resolve cannot revive result/error/spinner (5.262792ms)
✔ invalidated submit reject cannot revive result/error/spinner (1.341917ms)
✔ invalidated poll resolve cannot revive result/error/spinner (3.708ms)
✔ invalidated poll reject cannot revive result/error/spinner (0.51025ms)
✔ earlier request completion cannot stop a newer task or replace its context (1.259958ms)
✔ owner change stops polling and cannot attribute prior account result to the new account (1.451084ms)
✔ failed remains failure, never successful completion (0.220625ms)
✔ cancelled remains failure, never successful completion (0.092042ms)
✔ timed_out remains failure, never successful completion (0.119208ms)
✔ cancelling is not completed; wrong ID, malformed result and unknown status fail closed (0.659708ms)
✔ deadline aborts polling and explicitly says the server may still be running (18.33425ms)
✔ task API sends captured owner and abort signal; old callers remain compatible (19.455958ms)
✔ task list rejects malformed responses instead of replacing records with undefined (34.429917ms)
✔ cancelling is not terminal and elapsed values remain readable (0.156208ms)
✔ runBacktestWithPolling waits through cancelling and returns cancelled (24.235ms)
✔ runBacktestWithPolling waits through cancelling and returns timed_out (2.008709ms)
✔ runSignalScanWithPolling waits through cancelling and returns cancelled (1.73975ms)
✔ runSignalScanWithPolling waits through cancelling and returns timed_out (2.19ms)
✔ cancel API uses POST, and partial cancelled scan results are never accepted (1.080083ms)
✔ persistent recovery and version mismatch are distinct from completion (0.980583ms)
✔ terminal task deletion handles empty 204 and encodes identity (0.364833ms)
✔ checkpoint presence is not confused with verified reuse or task completion (0.660416ms)
✔ cached completed submission is retrieved rather than shown as running (0.849041ms)
✔ network failures are localized across WebKit, Chromium and Firefox (0.401459ms)
✔ tracking identity separates asset types, exchanges and board catalogues (0.793041ms)
✔ cloud book validates without silently dropping corrupt groups or duplicate entries (0.811625ms)
✔ expansion preserves every member and all board/direct sources, not a 200-row display page (1.57375ms)
✔ membership failure is explicit and malformed partial membership is never accepted (0.232958ms)
✔ batch runs sequentially, keeps partial errors and continues after a failed target (11.787416ms)
✔ cancellation marks in-flight and unstarted rows, ignoring a late success (0.371583ms)
✔ group breadth counts only available periods, never treats failed targets as neutral evidence (0.438125ms)
✔ exact current revision accepts only its own evidence without mutation (0.995708ms)
✔ old partition, stale version, future evidence and false completion are rejected (0.253792ms)
✔ historical audit cannot import a later opposite segment (0.078334ms)
✔ empty partitions and higher-proof priority retain explicit blockers (0.069458ms)
✔ new blockers use Chinese labels without calling prerequisites completion (0.264375ms)
✔ missing comparison interval is explained in Chinese without inventing a date (0.644375ms)
✔ special diagnostics identify each A indicator witness rather than the price witness (0.171833ms)
✔ nonstandard DEA axis gate remains explicit without an improvement requirement (0.136292ms)
✔ DEA tolerance discloses research threshold, precise deviation and near-zero fallback (0.167125ms)
✔ wave evidence separates effective A from original wave and local pivots (0.397625ms)
✔ rounded equal line extrema disclose the precise failed values and witness times (0.140708ms)
✔ comparisons are explicitly research only and preserve B/C axis checks (0.329333ms)
✔ unformed candidate shows Chinese gates, two-decimal values and rejection dates (0.145875ms)
✔ new nonstandard audit explicitly uses full A and first-formed reverse evidence explains gaps (0.126916ms)
ℹ tests 423
ℹ suites 0
ℹ pass 423
ℹ fail 0
ℹ cancelled 0
ℹ skipped 0
ℹ todo 0
ℹ duration_ms 2370.827125
→ 打包中…
→ 运行测试…
京东方评级: D 分数: 34.3
维度明细: 卡玛比率=22.7, 最大回撤=27.5, 胜率=33.5, 利润因子=34.1, 夏普比率=41.5, 波动率=50.1
否决: 利润因子 1.11 接近 1，仅勉强盈亏平衡
长线优质策略评级: B 分数: 64.5
维度权重: 卡玛比率=28%, 最大回撤=26%, 胜率=0%, 利润因子=0%, 夏普比率=23%, 波动率=23%
优质案例评级: A 分数: 83.9
寻优点评级: A 74
组合重算指标: { '年化': '20.83%', '回撤': '0.80%', '夏普': '5.27', '卡玛': '26.03' }
稳定上涨组合评级: S 91.8
波动组合重算: { '回撤': '44.15%', '夏普': '-2.64', '持续': 60 }
波动组合评级: D 18.5
✔ 新版组合评级使用后端采样，不按图表柱数重新日线年化 (1.283917ms)
✔ 必要风险指标缺失不能展示为零风险或正常评级 (0.213334ms)
✔ 无穷比率不等于满分，真实零利润因子仍按亏损判断 (0.121667ms)
✔ 京东方回测必须评为 D 档（用户核心诉求验证点） (0.678917ms)
✔ 京东方评分应在 30-43 区间（C 与 D 的边界） (0.117292ms)
✔ 低利润因子触发系统亏损否决 (0.072125ms)
✔ 样本不足（< 10 笔交易）降权但不否决整个评级 (0.137333ms)
✔ 用户实测场景：6年6笔交易 + 高夏普 → 应得 A/B（核心回归测试） (0.140833ms)
✔ 深回撤 > 60% 触发直接 D 否决 (0.121417ms)
✔ 优质回测应得 A 或 S 档 (0.13225ms)
✔ 高回撤但收益高 → 最高 B（一票否决 cap） (0.084333ms)
✔ 插值函数：边界值取端点分数 (0.068875ms)
✔ 插值函数：中间值线性插值 (0.043417ms)
✔ 寻优评级：4 维度降级版 (0.085209ms)
✔ 寻优评级：网格点交易太少 → 降权但评级照常 (0.053167ms)
✔ 组合评级：稳定上涨净值应得 A 或 S (1.574208ms)
✔ 组合评级：高波动深回撤净值 → 低档 (0.57175ms)
✔ combinedMetrics：单点净值返回全 0（兜底） (0.060375ms)
✔ 历史组合仅保留原值，不从曲线推断日线或重算评级 (0.461208ms)
✔ v1-v4、未知版本及不完整依据不伪装为新版结果 (0.601958ms)
✔ 新版结果使用已记录指标，真实 999 和零不被当作历史哨兵 (0.100916ms)
✔ 指标状态缺失或与数值冲突不能产出评级，包括被降权维度 (0.103375ms)
✔ 低交易样本的真实不可用逐笔指标仍可降权，不误拦截可用净值评级 (0.08625ms)
✔ 寻优逐行核验新版采样与候选状态，输入范围不替代候选证据 (0.118417ms)
✔ 完整快照保留精度、真实 0/999、全部指标及版本且不关联可变输入 (0.624917ms)
✔ 策略保存接受真实 Vue 响应式结果，不因 Proxy 无法 structuredClone 而失败 (0.553042ms)
✔ 再次保存历史指标不补造新版计算或评级依据 (0.105459ms)
✔ 对比展示原值并指出版本、周期、范围与利率差异，不自动重算 (0.235ms)
ℹ tests 28
ℹ suites 0
ℹ pass 28
ℹ fail 0
ℹ cancelled 0
ℹ skipped 0
ℹ todo 0
ℹ duration_ms 88.871958
