
> web-ui@0.0.0 test
> node scripts/run-tests.mjs

✔ tracking is restricted to active administrators and explicitly authorized users (0.401959ms)
✔ presence requires visible focused recent interaction and never negative elapsed time (0.111042ms)
✔ admin query descriptions label metadata and disclose truncated targets (0.172334ms)
✔ all current chart inspector evidence stays readable without altering original nested data (6.691084ms)
✔ reject malformed fields reachable from overlays, popovers and every inspector section with exact paths (5.945875ms)
✔ optional old fields and empty failure checkpoints remain readable, no missing-state invention (0.136084ms)
✔ archive calendar validation rejects normalized impossible dates and illegal clock/offset values (4.318667ms)
✔ bar validation compares actual instants, retains raw strings, rejects equal instants and malformed volume (0.51925ms)
✔ existing frozen matrix bar sources remain readable without mutation (16.354209ms)
✔ event lists and evidence-set reordering never imply new or changed signals; originals remain intact (35.353916ms)
✔ state, lifecycle times and unrounded evidence are classified separately on the same identity (0.865667ms)
✔ same date across families and sides remains independent; true event additions/removals are distinct (0.891167ms)
✔ duplicate identities preserve all records and are never paired arbitrarily (0.466875ms)
✔ missing identity does not cause false removals or additions in its collection (1.028458ms)
✔ missing source/list is unknown, not empty or proof of no events (0.432625ms)
✔ never-candidate diagnostics match without A or reference, including special B-only records (1.261667ms)
✔ A trimming changes evidence not identity; original wave anchors and reference changes distinguish bases (1.44325ms)
✔ date normalization preserves intraday, microsecond and timezone distinctions (1.677ms)
✔ source differences and unknown fields/ordered evidence are retained (13.159708ms)
✔ different instruments, periods or study results are not matched (7.180166ms)
✔ structure divergences are supported without inventing MACD wave anchors (2.350875ms)
✔ legacy local migration keeps original payload, precision, versions and unknown fields without upgrading (2.13475ms)
✔ cloud exports use latest metadata but retain the original immutable payload, not old cloud ID/revision (0.584041ms)
✔ study import preserves successful and failed periods plus original warmup and primary metadata (0.613208ms)
✔ unknown, incomplete, oversized and nonfinite backups are rejected, never uploaded as summaries (378.018958ms)
✔ all supported chart outputs preserve full precision, null warmups, style and instance order (7.249333ms)
✔ migration IDs survive rescanning/reload, preserve precision and isolate owners and changed content (13.814209ms)
✔ migration rejects missing owners, foreign archives and malformed inputs before upload (0.418125ms)
✔ post-inspection changes never upload under a previously confirmed identity (1.83225ms)
✔ lost response retries the same immutable body and id, without automatic retry or local deletion (2.15525ms)
✔ stop or account changes before/after read and upload discard stale results (0.508958ms)
✔ deleted cloud copies are not restored, purged copies and wrong response IDs are not treated as success (1.144959ms)
✔ chart plan freezes original data and uses original identity/window, not current selection (8.120833ms)
✔ missing volume/time/parameters and unsupported length never silently become a smaller/default study (15.26375ms)
✔ study plan preserves actual research settings and saved time labels (0.22375ms)
✔ unrounded path diff distinguishes null, missing, structure, empty arrays, and ordering (0.268208ms)
✔ response must match request, instrument, version, scope and period identities (0.517375ms)
✔ new archive retains original bars/lineage but never relabels frozen old indicators as recomputed (0.380875ms)
✔ study without saved input retains an explicit uncomputed row, never pretends all periods succeeded (0.198666ms)
✔ complete indicator recompute preserves saved settings, checks response and saves only new values (1.740209ms)
✔ missing or unknown saved indicator parameters cannot borrow current defaults (0.315375ms)
✔ original valid study rows retain precision, unknown fields, true zero and no recomputation (5.081375ms)
✔ invalid nested fields become explicit per-period errors, not silently missing rows (1.389709ms)
✔ strict pen fields reject coercion and preserve historical source errors without reading their invalid nested fields (1.116084ms)
✔ duplicates are not cherry-picked and malformed or future rows remain in original-record entries (0.15425ms)
✔ trade lookup keeps the exact minute across separators, precision and days (0.648084ms)
✔ date-only values cannot choose the midnight bar of an ambiguous day (0.089583ms)
✔ daily and duplicate exact timestamps keep first positional matches (0.07575ms)
✔ nanoseconds and timezone text are not truncated into a false match (0.0715ms)
✔ date labels preserve useful precision without local timezone conversion (0.085ms)
✔ higher sources resolve actual records and separate original from current review time (1.160708ms)
✔ base sources and foreign witness rejection have distinct Chinese descriptions (0.099292ms)
✔ inconsistent candidate has no replay evidence: unknown reason (0.086792ms)
✔ inconsistent candidate has no replay evidence: prototype key (0.0705ms)
✔ inconsistent candidate has no replay evidence: future version (0.063292ms)
✔ inconsistent candidate has no replay evidence: future completion (0.060792ms)
✔ inconsistent candidate has no replay evidence: missing time (0.053125ms)
✔ inconsistent candidate has no replay evidence: empty source (0.926458ms)
✔ inconsistent candidate has no replay evidence: duplicate source (0.057625ms)
✔ inconsistent candidate has no replay evidence: unknown source (0.102542ms)
✔ inconsistent candidate has no replay evidence: mixed levels (0.063375ms)
✔ inconsistent candidate has no replay evidence: future child (0.05725ms)
✔ inconsistent candidate has no replay evidence: wrong child level (0.051584ms)
✔ inconsistent candidate has no replay evidence: duplicate record (0.041458ms)
✔ inconsistent candidate has no replay evidence: empty record range (0.046625ms)
✔ inconsistent candidate has no replay evidence: gap (0.047292ms)
✔ inconsistent candidate has no replay evidence: wrong parent range (0.135625ms)
✔ inconsistent candidate has no replay evidence: reversed sources (0.120667ms)
✔ inconsistent candidate has no replay evidence: unsafe base number (0.242208ms)
✔ 80 percent transparency is 20 percent alpha, for both candle directions (0.99875ms)
✔ transparency stays finite, integer, and bounded (0.109583ms)
✔ body is symmetric around the unchanged wick across widths and fractional positions (1.569917ms)
✔ horizontal candles preserve every price coordinate (0.102667ms)
✔ missing or non-finite candle layouts are left untouched (0.113834ms)
✔ native ECharts layout remains centred after resize, zoom and data replacement (458.154417ms)
✔ zooming out of large-data line mode restores centred candle bodies (61.148792ms)
✔ structure widths retain existing defaults and hover appearance (0.702667ms)
✔ manual values stay finite, bounded, and at two decimal places (0.13025ms)
✔ raw index overrides rounded dates, including zero (0.439417ms)
✔ legacy intraday dates never fall back to the first bar of the day (0.09725ms)
✔ duplicate formatted times fail safely without a raw index (0.07775ms)
✔ padding keeps the 23px marker plus radius inside the price pane (0.116708ms)
✔ flat, zero and negative ranges get finite padding; invalid extents do not (0.077083ms)
✔ single-bar time link is a thin line limited to each actual plot (2.200542ms)
✔ multi-bar time link has no border and clips to plot, never clamps offscreen data to an edge (0.128917ms)
✔ time links map daily coverage to all minute bars, not a matching ordinal (0.173292ms)
✔ weekly and monthly end-labelled bars cover earlier constituent dates without changing data (0.735792ms)
✔ nearest marker wins regardless of signal family, only co-located points share chooser (0.315583ms)
✔ immutable request cache deduplicates pending work, isolates payload keys and retries errors (0.3275ms)
✔ all six structural types keep extrema and confirmation separate with original evidence (1.395958ms)
✔ legacy records do not invent confirmation or structural sources (0.506458ms)
✔ M1 keeps independent MACD source and original direction, never a structural type (0.737959ms)
✔ all chart layers override independent animation and progressive rendering (3.140417ms)
✔ archive tooltip labels and evidence remain text, not active HTML (14.861125ms)
✔ rejects invalid saved zooms (0.769667ms)
✔ same-snapshot redraw keeps current manually chosen view (0.0955ms)
✔ focus redraw keeps manual zoom; clearing restores pre-focus view (0.070875ms)
✔ switching focus preserves the original return view (0.062792ms)
✔ new snapshot resets saved focus view and never revives old zoom (0.060958ms)
✔ default inactive; moving does not show cards and leaving does not deactivate (0.809625ms)
✔ object previews can read date-card activation without activating it (0.14825ms)
✔ click selects a point; outside click closes; inside click is not dismissed (0.107833ms)
✔ activated cards follow movement until outside dismissal, then require another click (0.119833ms)
✔ zoom clears stale coordinates but preserves activation (0.072791ms)
✔ data reset and Escape deactivate; teardown removes all handlers (0.096375ms)
✔ archive requests bind current owner and bypass browser cache (17.191167ms)
✔ cloud directory validates all rows, quotas and identities without dropping broken entries (20.069458ms)
✔ original detail requires an object payload but action receipts may omit it (0.358083ms)
✔ account change discards delayed success and delayed errors (0.233125ms)
✔ unauthenticated archive requests do not reach server; structured conflicts remain actionable (0.19ms)
✔ upload retries retain immutable captured body and all numerical precision (0.16275ms)
✔ directed centre chain is candidate evidence, not completion (0.9745ms)
✔ touching, opposing, future, overlapping or malformed chains fail closed (0.240375ms)
✔ single-centre and legacy components remain readable (0.084208ms)
✔ inside, border, reversed y and overlapping rectangles resolve newest first (0.799042ms)
✔ invalid or missing render coordinates cannot create hits (0.079542ms)
✔ popup stays within narrow viewport and near-edge right click (0.082292ms)
✔ roles are Chinese and unknown roles never claim completion (1.046917ms)
✔ source ranges keep one-based indices without disguising gaps (0.332208ms)
✔ coverage checks counts, repeats and missing IDs (0.453584ms)
✔ missing, empty and rejected suffix are explicit (0.195917ms)
✔ invalid counts and empty blocks cannot pass the coverage audit (0.177625ms)
✔ uses raw indices, allows shared endpoints and bounds zoom padding (1.784167ms)
✔ does not invent a B interval or infer indices from formatted dates (0.140917ms)
✔ rejects partial, reversed, overlapping and out-of-snapshot evidence (0.129583ms)
✔ allows inspection of historical failed evidence without reviving it (0.11025ms)
✔ local proof draws frozen exact endpoints only after its actual confirmation (0.166917ms)
✔ dual-line divergence uses two exact raw indices, never artificial ABC ranges (0.082584ms)
✔ dual-line focus rejects missing, duplicate, reversed and out-of-range points (0.084583ms)
✔ special wave focus uses AB and its extreme without inventing C (0.094042ms)
✔ direction, family and lifecycle have independent marker styles (1.803916ms)
✔ no-C dual-line remains a circle and fills only on first reverse-pen confirmation (2.282917ms)
✔ M1 is restricted to confirmed waves with a later actual confirmation (0.217666ms)
✔ four families retain independent records and nonstandard uses a triangle (0.220166ms)
✔ October 4 marker matrix uses shape for family and colour only for direction (0.137375ms)
✔ special AB evidence separates A line extrema from both price anchors and legacy pivots (0.137458ms)
✔ history is opt-in, inactive stays grey hollow, never creates M1 (0.125916ms)
✔ every historical shape uses a continuous hollow contour, including on hover (0.124042ms)
✔ new nonstandard evidence relaxes prices only and records each subtype (0.10875ms)
✔ new dual rule cannot fill without recorded later local confirmation (0.099792ms)
✔ historical engineering match retains original timing without claiming regrouping completion (0.926292ms)
✔ future, stale, mismatched or incomplete evidence fails closed (0.307333ms)
✔ older snapshots and unmatched parts keep existing natural audit available (0.066959ms)
✔ engineering provenance uses the same one-based numbering as other inspectors (1.731333ms)
✔ mixed recursion distinguishes consolidation and trend from the old trend view (0.19075ms)
✔ unknown or reversed provenance is not presented as a completed trend (0.074958ms)
✔ indicator and price values use two decimals without inventing missing evidence (0.21925ms)
✔ recursive centre relations never call extension candidates completed types (0.115792ms)
✔ admissions distinguish unit confirmation from later failed-return admission (0.077458ms)
✔ display fields retain all text including dates, provenance, and secondary colons (1.394167ms)
✔ narrative, missing evidence, and timestamp headings remain whole (0.110875ms)
✔ selects the exact source without replacing missing comparison periods with the primary (0.411583ms)
✔ prefix audit preserves original warmup snapshot and its own instrument and period (0.522042ms)
✔ rejects invalid positions, missing identity and explicitly unclosed prefix data (0.189167ms)
✔ optimization carries full execution and identity without live defaults (3.361083ms)
✔ malformed, mixed, missing or conflicting optimization context never silently defaults (1.196875ms)
✔ multi original replay preserves costs, slots and adjustment; extend changes only end dates (2.9435ms)
✔ multi rejects corrupt and incompatible slots without dropping or repairing any (1.000167ms)
✔ legacy missing settings are disclosed with deterministic defaults, explicit invalid values rejected (0.411291ms)
✔ combining equal-account singles preserves per-slot cash and costs; conflicts rejected not rewritten (0.38175ms)
✔ all candidate states distinguish eligibility from completed natural types (0.668708ms)
✔ opposite geometry identifies reused next-part evidence, including nonzero source IDs (2.933917ms)
✔ external opposite geometry is not added to candidate membership (0.130459ms)
✔ missing, stale, misattributed or future opposite geometry is not displayed as matched (0.1445ms)
✔ preferred endpoints are never called completed types; conflicts are retained (0.080542ms)
✔ opposite base turn is not same-level completion (0.100542ms)
✔ price formatting preserves zero and boundary contact, guards non-finite values (0.107166ms)
✔ candidate audit joins by identity, not response order (0.073708ms)
✔ part audit must match ordinal AND exact raw source IDs, including shifted IDs (0.138417ms)
✔ locates the three raw ranges without relabelling them as MACD or confirmed centres (1.020167ms)
✔ candidate must already be observable at the CURRENT replay prefix (0.174375ms)
✔ no incomplete, waiting or unsupported candidate is given a fabricated range (0.102792ms)
✔ raw bar boundaries must be contiguous and inside the visible window (0.138833ms)
✔ source partitions must cover every original segment once, preserving nonzero IDs (0.202417ms)
✔ conflicting geometric fallback remains viewable for manual audit (0.090916ms)
✔ clearing a regrouping focus restores original zoom; a new replay snapshot does not (0.131083ms)
✔ membership labels distinguish source confirmation from later admission (0.4365ms)
✔ admission witness distinguishes confirmation dependency from geometric membership (0.084583ms)
✔ old or malformed evidence never invents an admission witness (0.068916ms)
✔ factor glossary accepts standard abbreviations with spaces or underscores (0.541834ms)
✔ factor missing values never become valid zero (1.169625ms)
✔ factor ranking is stable, non-mutating and missing-last in both directions (10.8285ms)
✔ menus stay inside phone, keyboard and landscape viewports (5.342875ms)
✔ near-bottom controls open upwards without changing ordinary desktop width (0.108083ms)
✔ warmup null, missing and invalid indicator values never become invented zeroes (2.031792ms)
✔ freeze all supported indicator outputs, warmup holes, volume averages and exact numerical precision (15.58775ms)
✔ frozen playback keeps captured values despite different current prices and never queries APIs (9.651334ms)
✔ malformed or mismatched frozen values fail closed, never fall back to recomputation (1.073541ms)
✔ marker hit uses signed stacking offset for both directions, not candle position (0.41125ms)
✔ symbol size and invalid render positions are handled safely (0.080542ms)
✔ market tab changes discard old success and cannot stop the new spinner (260.184792ms)
✔ market late failure after filter cannot resurrect an error (54.633875ms)
✔ market late failure after owner cannot resurrect an error (10.757375ms)
✔ market late failure after unmount cannot resurrect an error (14.291458ms)
✔ directory count failure preserves valid rows; late totals cannot cross markets (40.456458ms)
✔ board selection clears old details and ignores slower preceding member responses (29.364417ms)
✔ board list filter changes invalidate pending member requests and prevent old auto-selection (23.475125ms)
✔ default board preload remains system-origin after manual list refresh (13.267292ms)
✔ belonging response after stock cannot change results or stock history (34.755458ms)
✔ belonging response after owner cannot change results or stock history (11.422416ms)
✔ belonging response after unmount cannot change results or stock history (9.402417ms)
✔ current belonging success records captured stock; concurrent member failure has separate feedback (9.032291ms)
✔ market selection uses loaded market, clears on filters, and distinguishes shared stock/index codes (14.772458ms)
✔ board analysis uses result classification; members require their own market (31.459833ms)
✔ aborted late response cannot publish metadata even if transport ignores abort (41.336666ms)
✔ missing provenance or silently changed adjustment never reaches research (4.846458ms)
✔ reported gaps do not falsely label suspension or prevent inspecting valid candles (0.811875ms)
✔ history fetch consumes one verified range and publishes complete metadata only after validation (7.499833ms)
✔ unclosed response never updates provenance or reaches the backtest (4.762167ms)
✔ null, true zero, infinities and real 999 are distinct after JSON roundtrip (0.458834ms)
✔ single, saved and comparison results retain authoritative metric basis (0.710875ms)
✔ whole proof validated without mutation, and cross-role ownership remains visible (2.677625ms)
✔ stale, future, duplicated, incomplete, falsely completed and mismatched sources rejected (0.343834ms)
✔ base runs cannot masquerade as proofs or own multiple provisional regions (0.080542ms)
✔ blocked covers show full conflicts, never fabricated flattened blocks (0.092375ms)
✔ labels retain provisional scope (0.066834ms)
✔ all seven MA presets are available but only MA5 and MA10 start visible (4.739709ms)
✔ each chart session gets independent editable settings without changing presets (0.280417ms)
✔ MA presets retain the requested yellow, white, purple, green, cyan, orange, red palette (1.600584ms)
✔ legend retains every MA choice and explicit hidden states override stale chart selection (0.136667ms)
✔ cross-boundary details resolve actual input and nested ownership records (3.029958ms)
✔ unowned reverse evidence stays explicitly unowned for boundary rejection (0.354292ms)
✔ foreign witness can be shown for an otherwise single-owner candidate (0.297084ms)
✔ legacy candidates do not invent missing conflict details (6.493125ms)
✔ damaged detail is not presented: mismatched candidate sources (2.448ms)
✔ damaged detail is not presented: wrong layer (1.278791ms)
✔ damaged detail is not presented: unknown reverse input (0.104792ms)
✔ damaged detail is not presented: wrong reverse range (0.070375ms)
✔ damaged detail is not presented: reverse overlaps prices (0.074833ms)
✔ damaged detail is not presented: future reverse confirmation (0.372ms)
✔ damaged detail is not presented: wrong reverse time (0.191333ms)
✔ damaged detail is not presented: incomplete domain list (0.170917ms)
✔ damaged detail is not presented: duplicate domains (0.169459ms)
✔ damaged detail is not presented: noncontinuous domain (0.145917ms)
✔ damaged detail is not presented: foreign domain misses witness (0.166334ms)
✔ damaged detail is not presented: false unowned witness (0.127792ms)
✔ damaged detail is not presented: missing nested record (0.123208ms)
✔ damaged detail is not presented: wrong reason (0.117208ms)
✔ only current owner revisions form the displayed ownership set (1.079166ms)
✔ internal provenance remains distinct and validates enclosing ownership (0.340583ms)
✔ parent-covered history is not labeled as an additional effective input (0.069542ms)
✔ nested provenance validates containment and strictly increasing input levels (0.305292ms)
✔ current owner labels are distinct from creation IDs and tolerate old snapshots (0.121209ms)
✔ summary mode lists every historical address, not just current versions (7.276666ms)
✔ full and missing legacy snapshots stay readable without inventing history (0.138833ms)
✔ all four analysis paths explicitly request summary delivery without changing input (0.418417ms)
✔ complete lifecycle stays chronological, does not mutate input, and uses Chinese labels (1.222833ms)
✔ legacy or future history is not invented (0.118667ms)
✔ dangling, reordered, duplicated, miscounted and conflicting histories fail closed (2.551542ms)
✔ equal counts cannot hide swapped source identities (0.11025ms)
✔ intermediate event boundaries must equal actual inherited and added sources (0.081208ms)
✔ input evidence must exist at the correct level and be available at admission (0.203ms)
✔ invalid domain sources, membership and parent context fail closed (0.172625ms)
✔ leftward growth, shifted sources and newly filled merge gaps remain valid (0.460167ms)
✔ both periods exclude future and open candles while retaining original warm-up start (1.347833ms)
✔ snapshot observation time caps cutoff; bar start before cutoff is not enough (0.20675ms)
✔ no timeframe fallback or fabricated candles when historical minute range is unavailable (0.147916ms)
✔ index and board snapshots retain NONE adjustment, mismatch is rejected (0.475125ms)
✔ missing completion evidence, timezone timestamps and unordered bars fail explicitly (0.32025ms)
✔ week/month completion boundary comes from provider annotation, not day label (0.24325ms)
✔ matrix defaults to exactly the five requested periods in image order and six information columns (3.999083ms)
✔ does not turn current reversal observation into a confirmed opposite pen (0.548167ms)
✔ keeps true zero distinct from missing, and numerical display never overwrites original axis judgment (0.331166ms)
✔ keeps divergence family, extrema and actual confirmation separate; never drops records (19.9105ms)
✔ missing pen and divergence are bounded claims; quality limitations stay visible (0.179875ms)
✔ library original/extended multi replay uses saved costs despite global preference changes (237.918042ms)
✔ portfolio load -> actual store task lifecycle -> save uses identical context and all costs (50.623ms)
✔ portfolio catalog-stage input is isolated before saved fetch (29.645541ms)
✔ portfolio catalog-stage params is isolated before saved fetch (27.55825ms)
✔ portfolio catalog-stage owner is isolated before saved fetch (19.300709ms)
✔ portfolio catalog-stage failure is isolated before saved fetch (15.924208ms)
✔ portfolio catalog-stage empty is isolated before saved fetch (16.692584ms)
✔ pending portfolio cannot survive input (17.456667ms)
✔ pending portfolio cannot survive owner (13.894292ms)
✔ pending portfolio cannot survive unmount (15.447417ms)
✔ store account epoch clears completed results in all four task families (13.312ms)
✔ runPortfolio old account error is ignored even after switching back (16.332709ms)
✔ runMultiStrategy old account error is ignored even after switching back (13.529042ms)
✔ runOptimize old account error is ignored even after switching back (12.626375ms)
✔ runOptimizeAll old account error is ignored even after switching back (17.597291ms)
✔ optimizer takes an input snapshot before awaiting bars and hands off the result strategy/adjustment (17.087208ms)
✔ portfolio late save cannot close or annotate newly changed configuration (12.342125ms)
✔ library name lookup cannot mix later input or account into a save (55.833833ms)
✔ library saves a multi result with submitted adjustment, not the later global preference (16.706417ms)
✔ late library list cannot replace a newly created record and owner change clears all personal rows (16.044083ms)
✔ portfolio identity rejects mixed markets, repeats and invalid lengths (0.255125ms)
✔ late preference response cannot revert a newer adjustment; queued patch is captured (177.975167ms)
✔ account switch drops old queue, permits new account immediately and ignores late response (43.208834ms)
✔ same-account logout/login does not accept response from prior session epoch (26.007291ms)
✔ failed saves reject caller, do not wedge queue or restore stale role permissions (8.115542ms)
✔ mismatched response owner and logged-out saves are rejected (11.886875ms)
✔ market preference watcher survives the first route unmount and follows owner changes (6.872041ms)
✔ late name hydration cannot write across accounts; new owner hydrates independently (32.294459ms)
✔ sidebar hydration never writes, old-owner timers cancel, failures are handled (52.121959ms)
✔ forming candles preserve OHLC and use dashed empty outlines (0.419542ms)
✔ forming volume and signed MACD columns preserve values and direction (0.094666ms)
✔ query defaults to system, manual intent is synchronous and explicit (4.858417ms)
✔ direct bar snapshot fetch preserves explicit intent, including failed requests (16.277333ms)
✔ pending manual requests do not mark concurrent automatic work or async continuations (0.118417ms)
✔ API dispatch tags manual queries but excludes automatic name lookup and task polling (0.925917ms)
✔ radar review captures row adjustment, exact minute, strategy and original cutoff (0.882833ms)
✔ invalid or legacy reviews fail explicitly without guessing data or adjustment (0.461958ms)
✔ exchange-local dates validate without browser timezone conversion (0.087458ms)
✔ review excludes future and unclosed bars, resets derived fingerprint and reports actual range without mutating source (1.499042ms)
✔ radar cache is owner scoped and malformed/legacy records never enter the UI (0.4065ms)
✔ late messages, close and errors from an old socket cannot affect replacement (0.840334ms)
✔ invalid messages and control responses never become ticks; close reason retained (0.157125ms)
✔ matching versions are selected by case identity without mutation (0.869625ms)
✔ future snapshots, wrong rules, incomplete chains and duplicate cases are rejected (0.217792ms)
✔ labels never confuse endpoint consistency or higher-centre proof with completion (0.130875ms)
✔ v2 keeps the detached prefix and v1 remains readable (0.302125ms)
✔ v3 supports trend search while retaining the same ownership guards (0.108083ms)
✔ missing, duplicated, misattributed or silently completed prefix is rejected (0.308708ms)
✔ reincorporation is recorded explicitly instead of erasing detached history (0.132542ms)
✔ accepts bounded history and empty verified batches (0.54225ms)
✔ rejects wrong batch, future indices, broken sources and contradictory state (0.227417ms)
✔ research labels distinguish absence, release, retained and internal (0.076709ms)
✔ late old responses cannot own a newer research request (1.234458ms)
✔ submission fields are captured values, not mutable form references (0.957083ms)
✔ navigation preserves explicit stock/index/fund/board identity and parameters without auto run (1.6625ms)
✔ ambiguous identity is rejected rather than guessed or numeric code padded (0.124208ms)
✔ query parser rejects incomplete, duplicate, incompatible and mixed-context values (0.528459ms)
✔ snapshot import keeps original data and normalizes optional display metadata (8.480209ms)
✔ reject invalid schema, periods, oversized arrays and impossible candle prices (0.380542ms)
✔ cloud archives retain larger frozen windows and all supported distinct periods (61.907416ms)
✔ import keeps valid frozen outputs and rejects mismatched frozen data instead of recomputing (2.613ms)
✔ window is exchange local and bounded by the snapshot cutoff (0.479083ms)
✔ missing numbers and candidate status are never promoted (0.090209ms)
✔ amber projection resolves daily and minute labels, ignores open candle (0.2615ms)
✔ three workspaces are keyboard traversable without dropping an existing mode (0.768166ms)
✔ mobile comparison shows exactly the selected snapshot; desktop shows both (0.098208ms)
✔ inactive research never starts automatic work, valid active research does (0.080792ms)
✔ saved single strategy restores market, period, adjustment and all execution costs exactly (2.008083ms)
✔ missing legacy fields disclose supplied defaults instead of claiming complete restoration (0.219083ms)
✔ explicit contradictory market and unsupported instruments are not silently rewritten (0.711208ms)
✔ invalid present fields are errors, not fallback defaults (0.305458ms)
✔ saved links identify records only and cannot inject alternate execution context (0.161959ms)
✔ catalog-stage input cannot restore saved inputs or dispatch a task (9.803875ms)
✔ catalog-stage params cannot restore saved inputs or dispatch a task (1.903416ms)
✔ catalog-stage owner cannot restore saved inputs or dispatch a task (1.276416ms)
✔ catalog-stage failure cannot restore saved inputs or dispatch a task (1.492708ms)
✔ optimization context restores every execution field and malformed context blocks dispatch (1.372959ms)
✔ actual backtest view loads exact saved context without running, then saves the configuration used (1.145166ms)
✔ late saved record cannot overwrite owner (1.102375ms)
✔ late saved record cannot overwrite route (1.046916ms)
✔ late saved record cannot overwrite input (1.407917ms)
✔ late saved record cannot overwrite unmount (1.6755ms)
✔ invalid saved context blocks run, while legacy missing fields disclose fallback (3.42825ms)
✔ every execution input invalidates the old result before it can be saved (14.652666ms)
✔ editing a cost while bars are pending never runs the new form on the old request (0.672042ms)
✔ save completion after owner cannot write into a different page or account (0.690459ms)
✔ save completion after route cannot write into a different page or account (1.35775ms)
✔ save completion after unmount cannot write into a different page or account (0.888875ms)
✔ audit description translates permissions and never renders arbitrary detail fields (13.0155ms)
✔ audit time is explicitly Shanghai time and invalid data remains readable (17.0405ms)
✔ audit API preserves bounded pagination/filter state and authenticated credentials (42.191959ms)
✔ distinguishes no candidate, failed current audit, and actual invalidation without promoting legacy state (0.578375ms)
✔ filters independent families and directions without merging special and local dual-line evidence (7.51025ms)
✔ searches lifecycle dates and failure reasons with all terms required, retaining original source objects (0.148666ms)
✔ searches diagnostic rejection history without silently reviving historical candidates (0.719042ms)
✔ all excludes bc false, preserves input order and records, and does not infer missing direction (0.160958ms)
✔ legacy diagnostic family is standard, and empty diagnostics do not invent rejection records (0.109625ms)
✔ structural points retain their own confirmation and evidence, never deriving them from a MACD source (0.311709ms)
✔ M1 uses exact existing gates and remains a separate view of its original standard event (0.209167ms)
✔ combined date query finds independent point, prompt and event records without deduplication or additive counts (0.131583ms)
✔ chart date matches structured lifecycle timestamps, not coincidental prose dates (0.238459ms)
✔ minute evidence uses exact exchange-local minute, accepting T/space and refusing missing time (0.096917ms)
✔ chart date includes diagnostic ABC and rejection coverage without inventing open or reversed intervals (0.214083ms)
✔ date scope combines with all filters for structural points and original M1 sources (0.090625ms)
✔ new standard evidence explains price, old blocker and independent special lifecycle (1.029417ms)
✔ new gates include counts, boundary and dates without undefined placeholder (0.200084ms)
✔ legacy comparisons retain old detected confirmed and invalidated dates (0.188833ms)
✔ initial schema and refreshed catalog preserve supplied parameters; strategy change alone resets (2.708125ms)
✔ late catalog defaults are suspended until route validation and then fill only missing fields (0.617375ms)
✔ structure dates remove midnight noise without changing intraday precision (0.51425ms)
✔ centre evidence distinguishes fixed core, outer range and candidate expansion (0.632667ms)
✔ segment evidence includes source prices and reverse proof with one-based labels (0.16525ms)
✔ missing legacy evidence does not invent confirmation (0.099792ms)
✔ special inclusion explains boundary exception without labelling it an ordinary fractal (0.063875ms)
✔ centre relation history distinguishes current candidate from original separation (0.104292ms)
✔ confirmation replay translates raw indices without date matching (0.069833ms)
✔ unknown, invalid or out-of-snapshot confirmations have no replay target (0.083583ms)
✔ connection badge validates shared time, price and alternating direction (0.8595ms)
✔ reverse preview uses observed extreme, not last close or a future target (2.139583ms)
✔ mirrored lows produce an upward reference (0.252625ms)
✔ no invented reference for missing, ambiguous, extending, or invalid inputs (0.887958ms)
✔ replay prefix cannot use a later extreme; ties retain first occurrence (0.471ms)
✔ ongoing consolidation differs by color, line pattern, and fill (0.387292ms)
✔ task stores detached actual inputs, user submission and system polling (4.395792ms)
✔ invalidated submit resolve cannot revive result/error/spinner (36.600666ms)
✔ invalidated submit reject cannot revive result/error/spinner (3.865166ms)
✔ invalidated poll resolve cannot revive result/error/spinner (1.5385ms)
✔ invalidated poll reject cannot revive result/error/spinner (6.578958ms)
✔ earlier request completion cannot stop a newer task or replace its context (5.106667ms)
✔ owner change stops polling and cannot attribute prior account result to the new account (2.740375ms)
✔ failed remains failure, never successful completion (0.201833ms)
✔ cancelled remains failure, never successful completion (0.089833ms)
✔ timed_out remains failure, never successful completion (0.091375ms)
✔ cancelling is not completed; wrong ID, malformed result and unknown status fail closed (1.415583ms)
✔ deadline aborts polling and explicitly says the server may still be running (16.600042ms)
✔ task API sends captured owner and abort signal; old callers remain compatible (17.753125ms)
✔ task list rejects malformed responses instead of replacing records with undefined (17.936916ms)
✔ cancelling is not terminal and elapsed values remain readable (0.139166ms)
✔ runBacktestWithPolling waits through cancelling and returns cancelled (3.206083ms)
✔ runBacktestWithPolling waits through cancelling and returns timed_out (1.915209ms)
✔ runSignalScanWithPolling waits through cancelling and returns cancelled (1.848708ms)
✔ runSignalScanWithPolling waits through cancelling and returns timed_out (1.362167ms)
✔ cancel API uses POST, and partial cancelled scan results are never accepted (0.274625ms)
✔ persistent recovery and version mismatch are distinct from completion (0.271042ms)
✔ terminal task deletion handles empty 204 and encodes identity (0.135292ms)
✔ checkpoint presence is not confused with verified reuse or task completion (0.288083ms)
✔ cached completed submission is retrieved rather than shown as running (0.159334ms)
✔ network failures are localized across WebKit, Chromium and Firefox (0.159708ms)
✔ tracking identity separates asset types, exchanges and board catalogues (1.255667ms)
✔ cloud book validates without silently dropping corrupt groups or duplicate entries (1.886458ms)
✔ expansion preserves every member and all board/direct sources, not a 200-row display page (9.649833ms)
✔ membership failure is explicit and malformed partial membership is never accepted (0.2735ms)
✔ batch runs sequentially, keeps partial errors and continues after a failed target (11.612166ms)
✔ cancellation marks in-flight and unstarted rows, ignoring a late success (0.181417ms)
✔ group breadth counts only available periods, never treats failed targets as neutral evidence (0.199416ms)
✔ exact current revision accepts only its own evidence without mutation (1.021167ms)
✔ old partition, stale version, future evidence and false completion are rejected (0.276875ms)
✔ historical audit cannot import a later opposite segment (0.083291ms)
✔ empty partitions and higher-proof priority retain explicit blockers (0.067417ms)
✔ new blockers use Chinese labels without calling prerequisites completion (0.133208ms)
✔ missing comparison interval is explained in Chinese without inventing a date (0.594625ms)
✔ special diagnostics identify each A indicator witness rather than the price witness (0.165833ms)
✔ nonstandard DEA axis gate remains explicit without an improvement requirement (0.583208ms)
✔ DEA tolerance discloses research threshold, precise deviation and near-zero fallback (0.159166ms)
✔ wave evidence separates effective A from original wave and local pivots (0.282292ms)
✔ rounded equal line extrema disclose the precise failed values and witness times (0.113708ms)
✔ comparisons are explicitly research only and preserve B/C axis checks (0.099417ms)
✔ unformed candidate shows Chinese gates, two-decimal values and rejection dates (0.085625ms)
✔ new nonstandard audit explicitly uses full A and first-formed reverse evidence explains gaps (0.098667ms)
ℹ tests 434
ℹ suites 0
ℹ pass 434
ℹ fail 0
ℹ cancelled 0
ℹ skipped 0
ℹ todo 0
ℹ duration_ms 2892.446792
→ 打包中…
→ 运行测试…
京东方评级: D 分数: 34.3
维度明细: 卡玛比率=22.7, 最大回撤=27.5, 胜率=33.5, 利润因子=34.1, 夏普比率=41.5, 波动率=50.1
否决: 利润因子 1.11 接近 1，仅勉强盈亏平衡
长线优质策略评级: B 分数: 64.5
维度权重: 卡玛比率=28%, 最大回撤=26%, 胜率=0%, 利润因子=0%, 夏普比率=23%, 波动率=23%
优质案例评级: A 分数: 83.9
寻优点评级: A 74
组合重算指标: { '年化': '20.83%', '回撤': '0.80%', '夏普': '5.27', '卡玛': '26.03' }
稳定上涨组合评级: S 91.8
波动组合重算: { '回撤': '44.15%', '夏普': '-2.64', '持续': 60 }
波动组合评级: D 18.5
✔ 新版组合评级使用后端采样，不按图表柱数重新日线年化 (1.365334ms)
✔ 必要风险指标缺失不能展示为零风险或正常评级 (0.225042ms)
✔ 无穷比率不等于满分，真实零利润因子仍按亏损判断 (0.1285ms)
✔ 京东方回测必须评为 D 档（用户核心诉求验证点） (0.50125ms)
✔ 京东方评分应在 30-43 区间（C 与 D 的边界） (0.098333ms)
✔ 低利润因子触发系统亏损否决 (0.065792ms)
✔ 样本不足（< 10 笔交易）降权但不否决整个评级 (0.126417ms)
✔ 用户实测场景：6年6笔交易 + 高夏普 → 应得 A/B（核心回归测试） (0.146416ms)
✔ 深回撤 > 60% 触发直接 D 否决 (0.112541ms)
✔ 优质回测应得 A 或 S 档 (0.134042ms)
✔ 高回撤但收益高 → 最高 B（一票否决 cap） (0.080458ms)
✔ 插值函数：边界值取端点分数 (0.057083ms)
✔ 插值函数：中间值线性插值 (0.0445ms)
✔ 寻优评级：4 维度降级版 (0.103708ms)
✔ 寻优评级：网格点交易太少 → 降权但评级照常 (0.054584ms)
✔ 组合评级：稳定上涨净值应得 A 或 S (1.861417ms)
✔ 组合评级：高波动深回撤净值 → 低档 (0.530666ms)
✔ combinedMetrics：单点净值返回全 0（兜底） (0.048167ms)
✔ 历史组合仅保留原值，不从曲线推断日线或重算评级 (0.465166ms)
✔ v1-v4、未知版本及不完整依据不伪装为新版结果 (0.56ms)
✔ 新版结果使用已记录指标，真实 999 和零不被当作历史哨兵 (0.0695ms)
✔ 指标状态缺失或与数值冲突不能产出评级，包括被降权维度 (0.085334ms)
✔ 低交易样本的真实不可用逐笔指标仍可降权，不误拦截可用净值评级 (0.080792ms)
✔ 寻优逐行核验新版采样与候选状态，输入范围不替代候选证据 (0.101625ms)
✔ 完整快照保留精度、真实 0/999、全部指标及版本且不关联可变输入 (0.663041ms)
✔ 策略保存接受真实 Vue 响应式结果，不因 Proxy 无法 structuredClone 而失败 (0.512459ms)
✔ 再次保存历史指标不补造新版计算或评级依据 (0.090917ms)
✔ 对比展示原值并指出版本、周期、范围与利率差异，不自动重算 (0.219583ms)
ℹ tests 28
ℹ suites 0
ℹ pass 28
ℹ fail 0
ℹ cancelled 0
ℹ skipped 0
ℹ todo 0
ℹ duration_ms 93.599333
