
> web-ui@0.0.0 test
> node scripts/run-tests.mjs

✔ tracking is restricted to active administrators and explicitly authorized users (0.434042ms)
✔ presence requires visible focused recent interaction and never negative elapsed time (0.4185ms)
✔ admin query descriptions label metadata and disclose truncated targets (0.241833ms)
✔ all current chart inspector evidence stays readable without altering original nested data (28.779459ms)
✔ reject malformed fields reachable from overlays, popovers and every inspector section with exact paths (6.060542ms)
✔ optional old fields and empty failure checkpoints remain readable, no missing-state invention (0.1465ms)
✔ archive calendar validation rejects normalized impossible dates and illegal clock/offset values (7.165833ms)
✔ bar validation compares actual instants, retains raw strings, rejects equal instants and malformed volume (0.669625ms)
✔ existing frozen matrix bar sources remain readable without mutation (39.0685ms)
✔ event lists and evidence-set reordering never imply new or changed signals; originals remain intact (13.883625ms)
✔ state, lifecycle times and unrounded evidence are classified separately on the same identity (0.6525ms)
✔ same date across families and sides remains independent; true event additions/removals are distinct (0.733084ms)
✔ duplicate identities preserve all records and are never paired arbitrarily (0.39775ms)
✔ missing identity does not cause false removals or additions in its collection (0.337959ms)
✔ missing source/list is unknown, not empty or proof of no events (0.451834ms)
✔ never-candidate diagnostics match without A or reference, including special B-only records (31.186625ms)
✔ A trimming changes evidence not identity; original wave anchors and reference changes distinguish bases (0.669208ms)
✔ date normalization preserves intraday, microsecond and timezone distinctions (1.304125ms)
✔ source differences and unknown fields/ordered evidence are retained (0.736292ms)
✔ different instruments, periods or study results are not matched (0.08575ms)
✔ structure divergences are supported without inventing MACD wave anchors (0.252667ms)
✔ legacy local migration keeps original payload, precision, versions and unknown fields without upgrading (4.403875ms)
✔ cloud exports use latest metadata but retain the original immutable payload, not old cloud ID/revision (0.629709ms)
✔ study import preserves successful and failed periods plus original warmup and primary metadata (0.64475ms)
✔ unknown, incomplete, oversized and nonfinite backups are rejected, never uploaded as summaries (358.173333ms)
✔ all supported chart outputs preserve full precision, null warmups, style and instance order (29.583958ms)
✔ migration IDs survive rescanning/reload, preserve precision and isolate owners and changed content (41.993542ms)
✔ migration rejects missing owners, foreign archives and malformed inputs before upload (0.964917ms)
✔ post-inspection changes never upload under a previously confirmed identity (16.296542ms)
✔ lost response retries the same immutable body and id, without automatic retry or local deletion (2.968ms)
✔ stop or account changes before/after read and upload discard stale results (1.341ms)
✔ deleted cloud copies are not restored, purged copies and wrong response IDs are not treated as success (1.451416ms)
✔ chart plan freezes original data and uses original identity/window, not current selection (4.316042ms)
✔ missing volume/time/parameters and unsupported length never silently become a smaller/default study (15.743042ms)
✔ study plan preserves actual research settings and saved time labels (0.22075ms)
✔ unrounded path diff distinguishes null, missing, structure, empty arrays, and ordering (0.262458ms)
✔ response must match request, instrument, version, scope and period identities (0.520666ms)
✔ new archive retains original bars/lineage but never relabels frozen old indicators as recomputed (0.380834ms)
✔ study without saved input retains an explicit uncomputed row, never pretends all periods succeeded (0.200875ms)
✔ complete indicator recompute preserves saved settings, checks response and saves only new values (7.753125ms)
✔ missing or unknown saved indicator parameters cannot borrow current defaults (0.522958ms)
✔ original valid study rows retain precision, unknown fields, true zero and no recomputation (2.2475ms)
✔ invalid nested fields become explicit per-period errors, not silently missing rows (5.475458ms)
✔ strict pen fields reject coercion and preserve historical source errors without reading their invalid nested fields (0.49475ms)
✔ duplicates are not cherry-picked and malformed or future rows remain in original-record entries (0.329833ms)
✔ trade lookup keeps the exact minute across separators, precision and days (0.666291ms)
✔ date-only values cannot choose the midnight bar of an ambiguous day (0.084333ms)
✔ daily and duplicate exact timestamps keep first positional matches (0.07725ms)
✔ nanoseconds and timezone text are not truncated into a false match (0.0915ms)
✔ date labels preserve useful precision without local timezone conversion (0.088417ms)
✔ higher sources resolve actual records and separate original from current review time (1.292958ms)
✔ base sources and foreign witness rejection have distinct Chinese descriptions (0.125625ms)
✔ inconsistent candidate has no replay evidence: unknown reason (0.090333ms)
✔ inconsistent candidate has no replay evidence: prototype key (0.065084ms)
✔ inconsistent candidate has no replay evidence: future version (0.059417ms)
✔ inconsistent candidate has no replay evidence: future completion (0.050083ms)
✔ inconsistent candidate has no replay evidence: missing time (0.70325ms)
✔ inconsistent candidate has no replay evidence: empty source (0.05525ms)
✔ inconsistent candidate has no replay evidence: duplicate source (0.061667ms)
✔ inconsistent candidate has no replay evidence: unknown source (0.10275ms)
✔ inconsistent candidate has no replay evidence: mixed levels (0.063833ms)
✔ inconsistent candidate has no replay evidence: future child (0.054709ms)
✔ inconsistent candidate has no replay evidence: wrong child level (0.048416ms)
✔ inconsistent candidate has no replay evidence: duplicate record (0.043916ms)
✔ inconsistent candidate has no replay evidence: empty record range (0.048834ms)
✔ inconsistent candidate has no replay evidence: gap (0.049875ms)
✔ inconsistent candidate has no replay evidence: wrong parent range (0.037083ms)
✔ inconsistent candidate has no replay evidence: reversed sources (0.043792ms)
✔ inconsistent candidate has no replay evidence: unsafe base number (0.045542ms)
✔ 80 percent transparency is 20 percent alpha, for both candle directions (0.513458ms)
✔ transparency stays finite, integer, and bounded (0.09575ms)
✔ body is symmetric around the unchanged wick across widths and fractional positions (1.509625ms)
✔ horizontal candles preserve every price coordinate (0.09475ms)
✔ missing or non-finite candle layouts are left untouched (0.114125ms)
✔ native ECharts layout remains centred after resize, zoom and data replacement (264.343708ms)
✔ zooming out of large-data line mode restores centred candle bodies (65.251291ms)
✔ structure widths retain existing defaults and hover appearance (1.174166ms)
✔ manual values stay finite, bounded, and at two decimal places (0.143ms)
✔ raw index overrides rounded dates, including zero (0.442333ms)
✔ legacy intraday dates never fall back to the first bar of the day (0.103292ms)
✔ duplicate formatted times fail safely without a raw index (0.068333ms)
✔ padding keeps the 23px marker plus radius inside the price pane (0.113542ms)
✔ flat, zero and negative ranges get finite padding; invalid extents do not (0.088541ms)
✔ single-bar time link is a thin line limited to each actual plot (2.244416ms)
✔ multi-bar time link has no border and clips to plot, never clamps offscreen data to an edge (0.108875ms)
✔ time links map daily coverage to all minute bars, not a matching ordinal (0.172042ms)
✔ weekly and monthly end-labelled bars cover earlier constituent dates without changing data (1.494792ms)
✔ nearest marker wins regardless of signal family, only co-located points share chooser (0.657875ms)
✔ immutable request cache deduplicates pending work, isolates payload keys and retries errors (0.302958ms)
✔ all six structural types keep extrema and confirmation separate with original evidence (2.052083ms)
✔ legacy records do not invent confirmation or structural sources (0.152667ms)
✔ M1 keeps independent MACD source and original direction, never a structural type (0.333208ms)
✔ all chart layers override independent animation and progressive rendering (1.532958ms)
✔ archive tooltip labels and evidence remain text, not active HTML (0.578083ms)
✔ rejects invalid saved zooms (0.800583ms)
✔ same-snapshot redraw keeps current manually chosen view (0.099167ms)
✔ focus redraw keeps manual zoom; clearing restores pre-focus view (0.071166ms)
✔ switching focus preserves the original return view (0.076125ms)
✔ new snapshot resets saved focus view and never revives old zoom (0.066375ms)
✔ default inactive; moving does not show cards and leaving does not deactivate (0.874417ms)
✔ object previews can read date-card activation without activating it (0.15325ms)
✔ click selects a point; outside click closes; inside click is not dismissed (0.1085ms)
✔ activated cards follow movement until outside dismissal, then require another click (0.1395ms)
✔ zoom clears stale coordinates but preserves activation (0.077417ms)
✔ data reset and Escape deactivate; teardown removes all handlers (0.103458ms)
✔ archive requests bind current owner and bypass browser cache (62.644708ms)
✔ cloud directory validates all rows, quotas and identities without dropping broken entries (36.320541ms)
✔ original detail requires an object payload but action receipts may omit it (0.330583ms)
✔ account change discards delayed success and delayed errors (0.204667ms)
✔ unauthenticated archive requests do not reach server; structured conflicts remain actionable (0.169459ms)
✔ upload retries retain immutable captured body and all numerical precision (0.15625ms)
✔ directed centre chain is candidate evidence, not completion (1.122458ms)
✔ touching, opposing, future, overlapping or malformed chains fail closed (0.410417ms)
✔ single-centre and legacy components remain readable (0.165833ms)
✔ inside, border, reversed y and overlapping rectangles resolve newest first (1.689916ms)
✔ invalid or missing render coordinates cannot create hits (0.089709ms)
✔ popup stays within narrow viewport and near-edge right click (0.090083ms)
✔ roles are Chinese and unknown roles never claim completion (0.427333ms)
✔ source ranges keep one-based indices without disguising gaps (0.13325ms)
✔ coverage checks counts, repeats and missing IDs (0.474958ms)
✔ missing, empty and rejected suffix are explicit (0.127042ms)
✔ invalid counts and empty blocks cannot pass the coverage audit (0.091041ms)
✔ uses raw indices, allows shared endpoints and bounds zoom padding (0.885667ms)
✔ does not invent a B interval or infer indices from formatted dates (0.095708ms)
✔ rejects partial, reversed, overlapping and out-of-snapshot evidence (0.115958ms)
✔ allows inspection of historical failed evidence without reviving it (0.104083ms)
✔ local proof draws frozen exact endpoints only after its actual confirmation (0.151459ms)
✔ dual-line divergence uses two exact raw indices, never artificial ABC ranges (0.082833ms)
✔ dual-line focus rejects missing, duplicate, reversed and out-of-range points (0.082417ms)
✔ special wave focus uses AB and its extreme without inventing C (0.087917ms)
✔ direction, family and lifecycle have independent marker styles (0.613709ms)
✔ no-C dual-line remains a circle and fills only on first reverse-pen confirmation (1.312417ms)
✔ M1 is restricted to confirmed waves with a later actual confirmation (0.160583ms)
✔ four families retain independent records and nonstandard uses a triangle (0.183708ms)
✔ October 4 marker matrix uses shape for family and colour only for direction (0.117917ms)
✔ special AB evidence separates A line extrema from both price anchors and legacy pivots (0.123916ms)
✔ history is opt-in, inactive stays grey hollow, never creates M1 (0.116084ms)
✔ every historical shape uses a continuous hollow contour, including on hover (0.119666ms)
✔ new nonstandard evidence relaxes prices only and records each subtype (0.110625ms)
✔ new dual rule cannot fill without recorded later local confirmation (0.099583ms)
✔ historical engineering match retains original timing without claiming regrouping completion (0.959334ms)
✔ future, stale, mismatched or incomplete evidence fails closed (0.316292ms)
✔ older snapshots and unmatched parts keep existing natural audit available (0.06275ms)
✔ engineering provenance uses the same one-based numbering as other inspectors (1.561709ms)
✔ mixed recursion distinguishes consolidation and trend from the old trend view (0.343958ms)
✔ unknown or reversed provenance is not presented as a completed trend (0.175583ms)
✔ indicator and price values use two decimals without inventing missing evidence (0.177583ms)
✔ recursive centre relations never call extension candidates completed types (0.19ms)
✔ admissions distinguish unit confirmation from later failed-return admission (0.134375ms)
✔ display fields retain all text including dates, provenance, and secondary colons (0.750291ms)
✔ narrative, missing evidence, and timestamp headings remain whole (0.092791ms)
✔ selects the exact source without replacing missing comparison periods with the primary (0.495125ms)
✔ prefix audit preserves original warmup snapshot and its own instrument and period (1.0375ms)
✔ rejects invalid positions, missing identity and explicitly unclosed prefix data (0.21325ms)
✔ optimization carries full execution and identity without live defaults (3.81825ms)
✔ malformed, mixed, missing or conflicting optimization context never silently defaults (1.733791ms)
✔ multi original replay preserves costs, slots and adjustment; extend changes only end dates (0.408791ms)
✔ multi rejects corrupt and incompatible slots without dropping or repairing any (0.2975ms)
✔ legacy missing settings are disclosed with deterministic defaults, explicit invalid values rejected (0.14025ms)
✔ combining equal-account singles preserves per-slot cash and costs; conflicts rejected not rewritten (0.388167ms)
✔ all candidate states distinguish eligibility from completed natural types (0.511375ms)
✔ opposite geometry identifies reused next-part evidence, including nonzero source IDs (0.539417ms)
✔ external opposite geometry is not added to candidate membership (0.095291ms)
✔ missing, stale, misattributed or future opposite geometry is not displayed as matched (0.134917ms)
✔ preferred endpoints are never called completed types; conflicts are retained (0.076917ms)
✔ opposite base turn is not same-level completion (0.424042ms)
✔ price formatting preserves zero and boundary contact, guards non-finite values (0.139958ms)
✔ candidate audit joins by identity, not response order (0.101666ms)
✔ part audit must match ordinal AND exact raw source IDs, including shifted IDs (0.160084ms)
✔ locates the three raw ranges without relabelling them as MACD or confirmed centres (1.004834ms)
✔ candidate must already be observable at the CURRENT replay prefix (0.169834ms)
✔ no incomplete, waiting or unsupported candidate is given a fabricated range (0.092375ms)
✔ raw bar boundaries must be contiguous and inside the visible window (0.136375ms)
✔ source partitions must cover every original segment once, preserving nonzero IDs (0.108583ms)
✔ conflicting geometric fallback remains viewable for manual audit (0.072417ms)
✔ clearing a regrouping focus restores original zoom; a new replay snapshot does not (0.112167ms)
✔ membership labels distinguish source confirmation from later admission (0.547334ms)
✔ admission witness distinguishes confirmation dependency from geometric membership (0.284708ms)
✔ old or malformed evidence never invents an admission witness (0.187333ms)
✔ factor glossary accepts standard abbreviations with spaces or underscores (0.523084ms)
✔ factor missing values never become valid zero (0.090667ms)
✔ factor ranking is stable, non-mutating and missing-last in both directions (12.676708ms)
✔ menus stay inside phone, keyboard and landscape viewports (0.583666ms)
✔ near-bottom controls open upwards without changing ordinary desktop width (0.098583ms)
✔ warmup null, missing and invalid indicator values never become invented zeroes (2.845208ms)
✔ freeze all supported indicator outputs, warmup holes, volume averages and exact numerical precision (5.596542ms)
✔ frozen playback keeps captured values despite different current prices and never queries APIs (0.567958ms)
✔ malformed or mismatched frozen values fail closed, never fall back to recomputation (0.566042ms)
✔ marker hit uses signed stacking offset for both directions, not candle position (0.413875ms)
✔ symbol size and invalid render positions are handled safely (0.090667ms)
✔ market tab changes discard old success and cannot stop the new spinner (270.174584ms)
✔ market late failure after filter cannot resurrect an error (28.857167ms)
✔ market late failure after owner cannot resurrect an error (10.79175ms)
✔ market late failure after unmount cannot resurrect an error (35.436542ms)
✔ directory count failure preserves valid rows; late totals cannot cross markets (16.93225ms)
✔ board selection clears old details and ignores slower preceding member responses (19.519125ms)
✔ board list filter changes invalidate pending member requests and prevent old auto-selection (19.953166ms)
✔ default board preload remains system-origin after manual list refresh (12.398208ms)
✔ belonging response after stock cannot change results or stock history (27.15775ms)
✔ belonging response after owner cannot change results or stock history (21.313708ms)
✔ belonging response after unmount cannot change results or stock history (12.157459ms)
✔ current belonging success records captured stock; concurrent member failure has separate feedback (12.682292ms)
✔ market selection uses loaded market, clears on filters, and distinguishes shared stock/index codes (19.264584ms)
✔ board analysis uses result classification; members require their own market (42.624958ms)
✔ aborted late response cannot publish metadata even if transport ignores abort (19.481333ms)
✔ missing provenance or silently changed adjustment never reaches research (1.422458ms)
✔ reported gaps do not falsely label suspension or prevent inspecting valid candles (0.13625ms)
✔ history fetch consumes one verified range and publishes complete metadata only after validation (0.704333ms)
✔ unclosed response never updates provenance or reaches the backtest (0.786291ms)
✔ null, true zero, infinities and real 999 are distinct after JSON roundtrip (0.478916ms)
✔ single, saved and comparison results retain authoritative metric basis (0.452708ms)
✔ whole proof validated without mutation, and cross-role ownership remains visible (0.988208ms)
✔ stale, future, duplicated, incomplete, falsely completed and mismatched sources rejected (0.831375ms)
✔ base runs cannot masquerade as proofs or own multiple provisional regions (0.09875ms)
✔ blocked covers show full conflicts, never fabricated flattened blocks (2.181333ms)
✔ labels retain provisional scope (0.09975ms)
✔ all seven MA presets are available but only MA5 and MA10 start visible (1.062042ms)
✔ each chart session gets independent editable settings without changing presets (0.090709ms)
✔ MA presets retain the requested yellow, white, purple, green, cyan, orange, red palette (0.081166ms)
✔ legend retains every MA choice and explicit hidden states override stale chart selection (0.10825ms)
✔ cross-boundary details resolve actual input and nested ownership records (4.543625ms)
✔ unowned reverse evidence stays explicitly unowned for boundary rejection (0.321208ms)
✔ foreign witness can be shown for an otherwise single-owner candidate (0.234166ms)
✔ legacy candidates do not invent missing conflict details (0.32675ms)
✔ damaged detail is not presented: mismatched candidate sources (0.127792ms)
✔ damaged detail is not presented: wrong layer (0.858958ms)
✔ damaged detail is not presented: unknown reverse input (0.193375ms)
✔ damaged detail is not presented: wrong reverse range (0.144375ms)
✔ damaged detail is not presented: reverse overlaps prices (0.170125ms)
✔ damaged detail is not presented: future reverse confirmation (0.270292ms)
✔ damaged detail is not presented: wrong reverse time (0.160417ms)
✔ damaged detail is not presented: incomplete domain list (0.162375ms)
✔ damaged detail is not presented: duplicate domains (0.111709ms)
✔ damaged detail is not presented: noncontinuous domain (0.56325ms)
✔ damaged detail is not presented: foreign domain misses witness (0.174375ms)
✔ damaged detail is not presented: false unowned witness (0.092458ms)
✔ damaged detail is not presented: missing nested record (0.066542ms)
✔ damaged detail is not presented: wrong reason (0.059208ms)
✔ only current owner revisions form the displayed ownership set (1.539041ms)
✔ internal provenance remains distinct and validates enclosing ownership (0.641834ms)
✔ parent-covered history is not labeled as an additional effective input (0.076417ms)
✔ nested provenance validates containment and strictly increasing input levels (1.455834ms)
✔ current owner labels are distinct from creation IDs and tolerate old snapshots (0.320542ms)
✔ summary mode lists every historical address, not just current versions (2.086791ms)
✔ full and missing legacy snapshots stay readable without inventing history (0.356708ms)
✔ all four analysis paths explicitly request summary delivery without changing input (0.896167ms)
✔ complete lifecycle stays chronological, does not mutate input, and uses Chinese labels (2.453667ms)
✔ legacy or future history is not invented (0.302792ms)
✔ dangling, reordered, duplicated, miscounted and conflicting histories fail closed (4.353083ms)
✔ equal counts cannot hide swapped source identities (0.093333ms)
✔ intermediate event boundaries must equal actual inherited and added sources (0.0885ms)
✔ input evidence must exist at the correct level and be available at admission (0.204625ms)
✔ invalid domain sources, membership and parent context fail closed (0.165709ms)
✔ leftward growth, shifted sources and newly filled merge gaps remain valid (4.407209ms)
✔ both periods exclude future and open candles while retaining original warm-up start (0.611333ms)
✔ snapshot observation time caps cutoff; bar start before cutoff is not enough (0.121375ms)
✔ no timeframe fallback or fabricated candles when historical minute range is unavailable (0.085916ms)
✔ index and board snapshots retain NONE adjustment, mismatch is rejected (0.224916ms)
✔ missing completion evidence, timezone timestamps and unordered bars fail explicitly (0.154167ms)
✔ week/month completion boundary comes from provider annotation, not day label (0.22225ms)
✔ matrix defaults to exactly the five requested periods in image order and six information columns (7.03375ms)
✔ does not turn current reversal observation into a confirmed opposite pen (4.072958ms)
✔ keeps true zero distinct from missing, and numerical display never overwrites original axis judgment (0.337792ms)
✔ keeps divergence family, extrema and actual confirmation separate; never drops records (31.8885ms)
✔ missing pen and divergence are bounded claims; quality limitations stay visible (2.761833ms)
✔ library original/extended multi replay uses saved costs despite global preference changes (267.521875ms)
✔ portfolio load -> actual store task lifecycle -> save uses identical context and all costs (70.467583ms)
✔ pending portfolio cannot survive input (26.531583ms)
✔ pending portfolio cannot survive owner (25.323666ms)
✔ pending portfolio cannot survive unmount (27.082917ms)
✔ store account epoch clears completed results in all four task families (16.533875ms)
✔ runPortfolio old account error is ignored even after switching back (15.195459ms)
✔ runMultiStrategy old account error is ignored even after switching back (14.839458ms)
✔ runOptimize old account error is ignored even after switching back (15.408042ms)
✔ runOptimizeAll old account error is ignored even after switching back (13.176125ms)
✔ optimizer takes an input snapshot before awaiting bars and hands off the result strategy/adjustment (19.591ms)
✔ portfolio late save cannot close or annotate newly changed configuration (15.1785ms)
✔ library name lookup cannot mix later input or account into a save (61.451917ms)
✔ library saves a multi result with submitted adjustment, not the later global preference (18.227917ms)
✔ late library list cannot replace a newly created record and owner change clears all personal rows (17.859667ms)
✔ portfolio identity rejects mixed markets, repeats and invalid lengths (0.257166ms)
✔ late preference response cannot revert a newer adjustment; queued patch is captured (102.286ms)
✔ account switch drops old queue, permits new account immediately and ignores late response (13.488834ms)
✔ same-account logout/login does not accept response from prior session epoch (7.694208ms)
✔ failed saves reject caller, do not wedge queue or restore stale role permissions (6.888ms)
✔ mismatched response owner and logged-out saves are rejected (7.910417ms)
✔ market preference watcher survives the first route unmount and follows owner changes (14.555542ms)
✔ late name hydration cannot write across accounts; new owner hydrates independently (25.538875ms)
✔ sidebar hydration never writes, old-owner timers cancel, failures are handled (74.963417ms)
✔ forming candles preserve OHLC and use dashed empty outlines (1.408ms)
✔ forming volume and signed MACD columns preserve values and direction (0.110041ms)
✔ query defaults to system, manual intent is synchronous and explicit (0.556334ms)
✔ direct bar snapshot fetch preserves explicit intent, including failed requests (24.784625ms)
✔ pending manual requests do not mark concurrent automatic work or async continuations (0.149292ms)
✔ API dispatch tags manual queries but excludes automatic name lookup and task polling (21.316208ms)
✔ radar review captures row adjustment, exact minute, strategy and original cutoff (1.043125ms)
✔ invalid or legacy reviews fail explicitly without guessing data or adjustment (0.450417ms)
✔ exchange-local dates validate without browser timezone conversion (0.0825ms)
✔ review excludes future and unclosed bars, resets derived fingerprint and reports actual range without mutating source (0.436042ms)
✔ radar cache is owner scoped and malformed/legacy records never enter the UI (0.389833ms)
✔ late messages, close and errors from an old socket cannot affect replacement (0.831458ms)
✔ invalid messages and control responses never become ticks; close reason retained (0.166209ms)
✔ matching versions are selected by case identity without mutation (2.140834ms)
✔ future snapshots, wrong rules, incomplete chains and duplicate cases are rejected (0.391542ms)
✔ labels never confuse endpoint consistency or higher-centre proof with completion (0.361708ms)
✔ v2 keeps the detached prefix and v1 remains readable (0.725125ms)
✔ v3 supports trend search while retaining the same ownership guards (0.283458ms)
✔ missing, duplicated, misattributed or silently completed prefix is rejected (3.869708ms)
✔ reincorporation is recorded explicitly instead of erasing detached history (1.029ms)
✔ accepts bounded history and empty verified batches (2.601667ms)
✔ rejects wrong batch, future indices, broken sources and contradictory state (0.266667ms)
✔ research labels distinguish absence, release, retained and internal (0.49225ms)
✔ late old responses cannot own a newer research request (0.478833ms)
✔ submission fields are captured values, not mutable form references (0.41875ms)
✔ navigation preserves explicit stock/index/fund/board identity and parameters without auto run (1.522291ms)
✔ ambiguous identity is rejected rather than guessed or numeric code padded (0.1245ms)
✔ query parser rejects incomplete, duplicate, incompatible and mixed-context values (0.99825ms)
✔ snapshot import keeps original data and normalizes optional display metadata (4.002875ms)
✔ reject invalid schema, periods, oversized arrays and impossible candle prices (0.380333ms)
✔ cloud archives retain larger frozen windows and all supported distinct periods (50.647792ms)
✔ import keeps valid frozen outputs and rejects mismatched frozen data instead of recomputing (1.7855ms)
✔ window is exchange local and bounded by the snapshot cutoff (0.600458ms)
✔ missing numbers and candidate status are never promoted (0.290791ms)
✔ amber projection resolves daily and minute labels, ignores open candle (0.719958ms)
✔ three workspaces are keyboard traversable without dropping an existing mode (1.646833ms)
✔ mobile comparison shows exactly the selected snapshot; desktop shows both (0.315875ms)
✔ inactive research never starts automatic work, valid active research does (0.217ms)
✔ saved single strategy restores market, period, adjustment and all execution costs exactly (3.233084ms)
✔ missing legacy fields disclose supplied defaults instead of claiming complete restoration (0.578459ms)
✔ explicit contradictory market and unsupported instruments are not silently rewritten (0.475833ms)
✔ invalid present fields are errors, not fallback defaults (0.310541ms)
✔ saved links identify records only and cannot inject alternate execution context (0.189167ms)
✔ optimization context restores every execution field and malformed context blocks dispatch (5.582208ms)
✔ actual backtest view loads exact saved context without running, then saves the configuration used (1.895792ms)
✔ late saved record cannot overwrite owner (5.41575ms)
✔ late saved record cannot overwrite route (1.149417ms)
✔ late saved record cannot overwrite input (1.070375ms)
✔ late saved record cannot overwrite unmount (0.996416ms)
✔ invalid saved context blocks run, while legacy missing fields disclose fallback (3.160959ms)
✔ every execution input invalidates the old result before it can be saved (8.553375ms)
✔ editing a cost while bars are pending never runs the new form on the old request (0.81475ms)
✔ save completion after owner cannot write into a different page or account (0.902584ms)
✔ save completion after route cannot write into a different page or account (0.717208ms)
✔ save completion after unmount cannot write into a different page or account (0.7015ms)
✔ audit description translates permissions and never renders arbitrary detail fields (4.459167ms)
✔ audit time is explicitly Shanghai time and invalid data remains readable (50.940708ms)
✔ audit API preserves bounded pagination/filter state and authenticated credentials (18.992333ms)
✔ distinguishes no candidate, failed current audit, and actual invalidation without promoting legacy state (2.935084ms)
✔ filters independent families and directions without merging special and local dual-line evidence (6.86575ms)
✔ searches lifecycle dates and failure reasons with all terms required, retaining original source objects (0.408292ms)
✔ searches diagnostic rejection history without silently reviving historical candidates (0.469042ms)
✔ all excludes bc false, preserves input order and records, and does not infer missing direction (0.151792ms)
✔ legacy diagnostic family is standard, and empty diagnostics do not invent rejection records (0.426875ms)
✔ structural points retain their own confirmation and evidence, never deriving them from a MACD source (2.388584ms)
✔ M1 uses exact existing gates and remains a separate view of its original standard event (0.225041ms)
✔ combined date query finds independent point, prompt and event records without deduplication or additive counts (0.661208ms)
✔ chart date matches structured lifecycle timestamps, not coincidental prose dates (0.326208ms)
✔ minute evidence uses exact exchange-local minute, accepting T/space and refusing missing time (0.153667ms)
✔ chart date includes diagnostic ABC and rejection coverage without inventing open or reversed intervals (0.237ms)
✔ date scope combines with all filters for structural points and original M1 sources (0.105167ms)
✔ new standard evidence explains price, old blocker and independent special lifecycle (1.054459ms)
✔ new gates include counts, boundary and dates without undefined placeholder (0.214625ms)
✔ legacy comparisons retain old detected confirmed and invalidated dates (0.153417ms)
✔ structure dates remove midnight noise without changing intraday precision (0.644125ms)
✔ centre evidence distinguishes fixed core, outer range and candidate expansion (0.563834ms)
✔ segment evidence includes source prices and reverse proof with one-based labels (0.155417ms)
✔ missing legacy evidence does not invent confirmation (0.093625ms)
✔ special inclusion explains boundary exception without labelling it an ordinary fractal (0.062625ms)
✔ centre relation history distinguishes current candidate from original separation (0.096584ms)
✔ confirmation replay translates raw indices without date matching (0.066416ms)
✔ unknown, invalid or out-of-snapshot confirmations have no replay target (0.075542ms)
✔ connection badge validates shared time, price and alternating direction (0.09725ms)
✔ reverse preview uses observed extreme, not last close or a future target (1.997958ms)
✔ mirrored lows produce an upward reference (0.504458ms)
✔ no invented reference for missing, ambiguous, extending, or invalid inputs (0.269ms)
✔ replay prefix cannot use a later extreme; ties retain first occurrence (2.417375ms)
✔ ongoing consolidation differs by color, line pattern, and fill (6.420333ms)
✔ task stores detached actual inputs, user submission and system polling (1.712875ms)
✔ invalidated submit resolve cannot revive result/error/spinner (4.340625ms)
✔ invalidated submit reject cannot revive result/error/spinner (0.732958ms)
✔ invalidated poll resolve cannot revive result/error/spinner (0.741125ms)
✔ invalidated poll reject cannot revive result/error/spinner (0.669458ms)
✔ earlier request completion cannot stop a newer task or replace its context (2.707833ms)
✔ owner change stops polling and cannot attribute prior account result to the new account (0.566083ms)
✔ failed remains failure, never successful completion (0.205084ms)
✔ cancelled remains failure, never successful completion (0.094459ms)
✔ timed_out remains failure, never successful completion (0.094291ms)
✔ cancelling is not completed; wrong ID, malformed result and unknown status fail closed (2.387667ms)
✔ deadline aborts polling and explicitly says the server may still be running (16.416583ms)
✔ task API sends captured owner and abort signal; old callers remain compatible (33.573791ms)
✔ task list rejects malformed responses instead of replacing records with undefined (30.878709ms)
✔ cancelling is not terminal and elapsed values remain readable (0.507125ms)
✔ runBacktestWithPolling waits through cancelling and returns cancelled (2.184875ms)
✔ runBacktestWithPolling waits through cancelling and returns timed_out (0.464ms)
✔ runSignalScanWithPolling waits through cancelling and returns cancelled (4.934958ms)
✔ runSignalScanWithPolling waits through cancelling and returns timed_out (4.223584ms)
✔ cancel API uses POST, and partial cancelled scan results are never accepted (0.641375ms)
✔ persistent recovery and version mismatch are distinct from completion (0.290417ms)
✔ terminal task deletion handles empty 204 and encodes identity (0.149834ms)
✔ checkpoint presence is not confused with verified reuse or task completion (0.292333ms)
✔ cached completed submission is retrieved rather than shown as running (0.175375ms)
✔ network failures are localized across WebKit, Chromium and Firefox (0.157917ms)
✔ tracking identity separates asset types, exchanges and board catalogues (0.811375ms)
✔ cloud book validates without silently dropping corrupt groups or duplicate entries (9.038167ms)
✔ expansion preserves every member and all board/direct sources, not a 200-row display page (4.639083ms)
✔ membership failure is explicit and malformed partial membership is never accepted (0.918083ms)
✔ batch runs sequentially, keeps partial errors and continues after a failed target (9.0455ms)
✔ cancellation marks in-flight and unstarted rows, ignoring a late success (0.261833ms)
✔ group breadth counts only available periods, never treats failed targets as neutral evidence (0.25175ms)
✔ exact current revision accepts only its own evidence without mutation (1.0225ms)
✔ old partition, stale version, future evidence and false completion are rejected (0.273166ms)
✔ historical audit cannot import a later opposite segment (0.082417ms)
✔ empty partitions and higher-proof priority retain explicit blockers (0.074583ms)
✔ new blockers use Chinese labels without calling prerequisites completion (0.130875ms)
✔ missing comparison interval is explained in Chinese without inventing a date (0.626083ms)
✔ special diagnostics identify each A indicator witness rather than the price witness (0.170167ms)
✔ nonstandard DEA axis gate remains explicit without an improvement requirement (0.1395ms)
✔ DEA tolerance discloses research threshold, precise deviation and near-zero fallback (0.167208ms)
✔ wave evidence separates effective A from original wave and local pivots (1.217542ms)
✔ rounded equal line extrema disclose the precise failed values and witness times (0.426291ms)
✔ comparisons are explicitly research only and preserve B/C axis checks (0.299417ms)
✔ unformed candidate shows Chinese gates, two-decimal values and rejection dates (0.424084ms)
✔ new nonstandard audit explicitly uses full A and first-formed reverse evidence explains gaps (0.23725ms)
ℹ tests 423
ℹ suites 0
ℹ pass 423
ℹ fail 0
ℹ cancelled 0
ℹ skipped 0
ℹ todo 0
ℹ duration_ms 2803.20625
→ 打包中…
→ 运行测试…
京东方评级: D 分数: 34.3
维度明细: 卡玛比率=22.7, 最大回撤=27.5, 胜率=33.5, 利润因子=34.1, 夏普比率=41.5, 波动率=50.1
否决: 利润因子 1.11 接近 1，仅勉强盈亏平衡
长线优质策略评级: B 分数: 64.5
维度权重: 卡玛比率=28%, 最大回撤=26%, 胜率=0%, 利润因子=0%, 夏普比率=23%, 波动率=23%
优质案例评级: A 分数: 83.9
寻优点评级: A 74
组合重算指标: { '年化': '20.83%', '回撤': '0.80%', '夏普': '5.27', '卡玛': '26.03' }
稳定上涨组合评级: S 91.8
波动组合重算: { '回撤': '44.15%', '夏普': '-2.64', '持续': 60 }
波动组合评级: D 18.5
✔ 新版组合评级使用后端采样，不按图表柱数重新日线年化 (1.435042ms)
✔ 必要风险指标缺失不能展示为零风险或正常评级 (0.212875ms)
✔ 无穷比率不等于满分，真实零利润因子仍按亏损判断 (0.126ms)
✔ 京东方回测必须评为 D 档（用户核心诉求验证点） (0.439166ms)
✔ 京东方评分应在 30-43 区间（C 与 D 的边界） (0.093958ms)
✔ 低利润因子触发系统亏损否决 (0.0665ms)
✔ 样本不足（< 10 笔交易）降权但不否决整个评级 (0.129083ms)
✔ 用户实测场景：6年6笔交易 + 高夏普 → 应得 A/B（核心回归测试） (0.135625ms)
✔ 深回撤 > 60% 触发直接 D 否决 (0.088625ms)
✔ 优质回测应得 A 或 S 档 (0.127583ms)
✔ 高回撤但收益高 → 最高 B（一票否决 cap） (0.072542ms)
✔ 插值函数：边界值取端点分数 (0.060166ms)
✔ 插值函数：中间值线性插值 (0.043791ms)
✔ 寻优评级：4 维度降级版 (0.079333ms)
✔ 寻优评级：网格点交易太少 → 降权但评级照常 (0.046834ms)
✔ 组合评级：稳定上涨净值应得 A 或 S (1.925542ms)
✔ 组合评级：高波动深回撤净值 → 低档 (0.5925ms)
✔ combinedMetrics：单点净值返回全 0（兜底） (0.047708ms)
✔ 历史组合仅保留原值，不从曲线推断日线或重算评级 (0.460833ms)
✔ v1-v4、未知版本及不完整依据不伪装为新版结果 (0.567833ms)
✔ 新版结果使用已记录指标，真实 999 和零不被当作历史哨兵 (0.070125ms)
✔ 指标状态缺失或与数值冲突不能产出评级，包括被降权维度 (0.091083ms)
✔ 低交易样本的真实不可用逐笔指标仍可降权，不误拦截可用净值评级 (0.081459ms)
✔ 寻优逐行核验新版采样与候选状态，输入范围不替代候选证据 (0.550458ms)
✔ 完整快照保留精度、真实 0/999、全部指标及版本且不关联可变输入 (0.2965ms)
✔ 策略保存接受真实 Vue 响应式结果，不因 Proxy 无法 structuredClone 而失败 (0.6035ms)
✔ 再次保存历史指标不补造新版计算或评级依据 (0.103666ms)
✔ 对比展示原值并指出版本、周期、范围与利率差异，不自动重算 (0.233417ms)
ℹ tests 28
ℹ suites 0
ℹ pass 28
ℹ fail 0
ℹ cancelled 0
ℹ skipped 0
ℹ todo 0
ℹ duration_ms 102.021
