
> web-ui@0.0.0 build
> vue-tsc -b && vite build

vite v8.1.3 building client environment for production...
[2Ktransforming...✓ 927 modules transformed.
rendering chunks...
computing gzip size...
dist/index.html                                      0.65 kB │ gzip:   0.44 kB
dist/assets/KlineChart-CB8YVHs-.css                  0.28 kB │ gzip:   0.19 kB
dist/assets/AdjustPicker-D00KpYkY.css                0.38 kB │ gzip:   0.20 kB
dist/assets/StockQueryField-DZM9BaFv.css             0.51 kB │ gzip:   0.31 kB
dist/assets/SymbolPicker-CrR66uUn.css                0.56 kB │ gzip:   0.30 kB
dist/assets/PortfolioSummaryTable-Mpax1D9i.css       0.62 kB │ gzip:   0.27 kB
dist/assets/MetricTable-CWR2c8mS.css                 0.67 kB │ gzip:   0.31 kB
dist/assets/StocksPicker-DtZSuV36.css                0.87 kB │ gzip:   0.36 kB
dist/assets/DataGrid-CaL60_Lc.css                    1.51 kB │ gzip:   0.63 kB
dist/assets/DataProvenance-DR_0qhut.css              1.71 kB │ gzip:   0.60 kB
dist/assets/NumberStepper-8K7Mvx4I.css               1.78 kB │ gzip:   0.66 kB
dist/assets/StrategyPicker-Cz0kbE6_.css              1.95 kB │ gzip:   0.65 kB
dist/assets/CompareView-el-0rqeI.css                 2.24 kB │ gzip:   0.69 kB
dist/assets/MarketCenterView-CJs8ve4U.css            2.71 kB │ gzip:   0.85 kB
dist/assets/ServerSettingsView-Dr8cBAAI.css          2.99 kB │ gzip:   0.85 kB
dist/assets/ChartFrame-BqFOyl-x.css                  3.16 kB │ gzip:   0.82 kB
dist/assets/BoardResearchView-aGshXhM0.css           3.19 kB │ gzip:   0.96 kB
dist/assets/ExtendedMarketView-C7xIY1Yr.css          3.27 kB │ gzip:   0.97 kB
dist/assets/IntradayResearchView-TO8z0DIh.css        3.44 kB │ gzip:   1.06 kB
dist/assets/PortfolioView-BvTigr-H.css               3.56 kB │ gzip:   0.89 kB
dist/assets/MacSelect-BpcWxKlu.css                   3.60 kB │ gzip:   1.09 kB
dist/assets/AdminDataCenterView-CxKBhypf.css         4.03 kB │ gzip:   1.09 kB
dist/assets/StockHistoryMenu-BZAt5rDk.css            4.53 kB │ gzip:   1.28 kB
dist/assets/backtest-C0aqP8Yn.css                    4.77 kB │ gzip:   1.33 kB
dist/assets/BacktestView-B6hdyNBW.css                5.55 kB │ gzip:   1.44 kB
dist/assets/OptimizeView-DsoOILOh.css                6.61 kB │ gzip:   1.78 kB
dist/assets/AccountView-DwPzwqDb.css                 7.21 kB │ gzip:   1.70 kB
dist/assets/LoginView-CHTOH9F6.css                   7.39 kB │ gzip:   2.13 kB
dist/assets/TechnicalIndicatorPicker-DK8CWXik.css    8.24 kB │ gzip:   2.02 kB
dist/assets/AdminAccountsView-DeErSA8e.css          10.22 kB │ gzip:   2.42 kB
dist/assets/StrategiesView-C2AVPYyq.css             10.63 kB │ gzip:   2.30 kB
dist/assets/SignalRadarView-JOl0KXf7.css            12.56 kB │ gzip:   2.85 kB
dist/assets/QuantResearchView-nRWBRRer.css          12.86 kB │ gzip:   2.66 kB
dist/assets/CompanyResearchView-Cp_oyn4p.css        22.45 kB │ gzip:   4.10 kB
dist/assets/index-BObxf_af.css                      28.67 kB │ gzip:   6.64 kB
dist/assets/ChanlunView-BLTFDo4-.css               117.56 kB │ gzip:  18.68 kB
dist/assets/format-BbMv5Yas.js                       0.08 kB │ gzip:   0.10 kB
dist/assets/mobile-settings-RO_LzQ3I.js              0.18 kB │ gzip:   0.16 kB
dist/assets/chart-resize-BH1oB_0C.js                 0.33 kB │ gzip:   0.22 kB
dist/assets/market-preferences-BrcCN8G3.js           0.65 kB │ gzip:   0.48 kB
dist/assets/AdjustPicker-_nr5kw8P.js                 0.78 kB │ gzip:   0.56 kB
dist/assets/bar-time-CQCKboTN.js                     0.90 kB │ gzip:   0.48 kB
dist/assets/StockQueryField-Daazg1Qa.js              1.03 kB │ gzip:   0.66 kB
dist/assets/StocksPicker-DmSKFhN-.js                 1.66 kB │ gzip:   1.00 kB
dist/assets/ChartFrame-CaRtn8FF.js                   2.40 kB │ gzip:   1.11 kB
dist/assets/NumberStepper-DNZg46Ip.js                2.51 kB │ gzip:   1.20 kB
dist/assets/MetricTable-D_3cMYqx.js                  2.62 kB │ gzip:   1.08 kB
dist/assets/PortfolioSummaryTable-DgFnJYxq.js        2.92 kB │ gzip:   1.55 kB
dist/assets/DataProvenance-B8h3d6ak.js               3.27 kB │ gzip:   1.43 kB
dist/assets/DataGrid-d2HopBdj.js                     3.44 kB │ gzip:   1.93 kB
dist/assets/AdminDataCenterView-B8UUkqEL.js          3.73 kB │ gzip:   1.92 kB
dist/assets/SymbolPicker-CA_ssmhA.js                 3.86 kB │ gzip:   1.92 kB
dist/assets/ServerSettingsView-uRqn8ViZ.js           4.00 kB │ gzip:   1.96 kB
dist/assets/MacSelect-BUaVebq3.js                    5.16 kB │ gzip:   2.16 kB
dist/assets/LoginView-M124Bafi.js                    5.31 kB │ gzip:   2.42 kB
dist/assets/CompareView-DyXgIh4n.js                  5.59 kB │ gzip:   2.69 kB
dist/assets/ExtendedMarketView-CnLe_q5_.js           5.62 kB │ gzip:   2.60 kB
dist/assets/StrategyPicker-DuTcmugg.js               5.71 kB │ gzip:   2.59 kB
dist/assets/MarketCenterView-pd1f_NSE.js             6.05 kB │ gzip:   2.58 kB
dist/assets/KlineChart-DniyYOgQ.js                   6.14 kB │ gzip:   2.78 kB
dist/assets/StockHistoryMenu-CcrQLGFw.js             6.35 kB │ gzip:   2.95 kB
dist/assets/BoardResearchView-BGB4xInu.js            7.82 kB │ gzip:   3.30 kB
dist/assets/AccountView-CZOh_6DO.js                  8.32 kB │ gzip:   3.45 kB
dist/assets/IntradayResearchView-DXCAQEAc.js         9.30 kB │ gzip:   4.29 kB
dist/assets/PortfolioView-DnHzj4W6.js                9.59 kB │ gzip:   3.92 kB
dist/assets/SignalRadarView-CALKiRUA.js              9.70 kB │ gzip:   4.12 kB
dist/assets/BacktestView-DA-YcuQd.js                12.38 kB │ gzip:   5.32 kB
dist/assets/AdminAccountsView-Nk1t1z7b.js           12.42 kB │ gzip:   5.04 kB
dist/assets/TechnicalIndicatorPicker-BL2TB1z1.js    14.71 kB │ gzip:   6.62 kB
dist/assets/QuantResearchView-Dv4h1lX1.js           16.55 kB │ gzip:   6.87 kB
dist/assets/backtest-n_3QUZiK.js                    18.63 kB │ gzip:   6.88 kB
dist/assets/StrategiesView-CO0Vy3Fw.js              21.65 kB │ gzip:   8.23 kB
dist/assets/OptimizeView-DBdTQZLq.js                26.40 kB │ gzip:  10.58 kB
dist/assets/CompanyResearchView-7v7ILAvX.js         98.81 kB │ gzip:  33.59 kB
dist/assets/index-BlY3RbOG.js                      141.93 kB │ gzip:  54.20 kB
dist/assets/ChanlunView-B1LZ1f-C.js                286.61 kB │ gzip:  89.36 kB
dist/assets/echarts-setup-6XypGsNX.js              679.24 kB │ gzip: 226.81 kB

✓ built in 647ms
[plugin builtin:vite-reporter] 
(!) Some chunks are larger than 500 kB after minification. Consider:
- Using dynamic import() to code-split the application
- Use build.rolldownOptions.output.codeSplitting to improve chunking: https://rolldown.rs/reference/OutputOptions.codeSplitting
- Adjust chunk size limit for this warning via build.chunkSizeWarningLimit.
