
> web-ui@0.0.0 build
> vue-tsc -b && vite build

vite v8.1.3 building client environment for production...
[2Ktransforming...✓ 923 modules transformed.
rendering chunks...
computing gzip size...
dist/index.html                                      0.65 kB │ gzip:   0.44 kB
dist/assets/KlineChart-DiU4Msbb.css                  0.28 kB │ gzip:   0.19 kB
dist/assets/AdjustPicker-D00KpYkY.css                0.38 kB │ gzip:   0.20 kB
dist/assets/StockQueryField-DZM9BaFv.css             0.51 kB │ gzip:   0.31 kB
dist/assets/SymbolPicker-CrR66uUn.css                0.56 kB │ gzip:   0.30 kB
dist/assets/PortfolioSummaryTable-Mpax1D9i.css       0.62 kB │ gzip:   0.27 kB
dist/assets/MetricTable-C-fCzTS9.css                 0.67 kB │ gzip:   0.31 kB
dist/assets/StocksPicker-DtZSuV36.css                0.87 kB │ gzip:   0.36 kB
dist/assets/DataGrid-CaL60_Lc.css                    1.51 kB │ gzip:   0.63 kB
dist/assets/DataProvenance-DR_0qhut.css              1.71 kB │ gzip:   0.60 kB
dist/assets/NumberStepper-8K7Mvx4I.css               1.78 kB │ gzip:   0.66 kB
dist/assets/StrategyPicker-BTsEJUMI.css              1.95 kB │ gzip:   0.65 kB
dist/assets/CompareView-el-0rqeI.css                 2.24 kB │ gzip:   0.69 kB
dist/assets/backtest-Dtni5qYo.css                    2.52 kB │ gzip:   0.86 kB
dist/assets/MarketCenterView-CJs8ve4U.css            2.71 kB │ gzip:   0.85 kB
dist/assets/ServerSettingsView-Dr8cBAAI.css          2.99 kB │ gzip:   0.85 kB
dist/assets/ChartFrame-BqFOyl-x.css                  3.16 kB │ gzip:   0.82 kB
dist/assets/BoardResearchView-aGshXhM0.css           3.19 kB │ gzip:   0.96 kB
dist/assets/ExtendedMarketView-C7xIY1Yr.css          3.27 kB │ gzip:   0.97 kB
dist/assets/IntradayResearchView-TO8z0DIh.css        3.44 kB │ gzip:   1.06 kB
dist/assets/PortfolioView-BvTigr-H.css               3.56 kB │ gzip:   0.89 kB
dist/assets/MacSelect-BpcWxKlu.css                   3.60 kB │ gzip:   1.09 kB
dist/assets/AdminDataCenterView-CxKBhypf.css         4.03 kB │ gzip:   1.09 kB
dist/assets/StockHistoryMenu-BZAt5rDk.css            4.53 kB │ gzip:   1.28 kB
dist/assets/BacktestView-Dt2LB-QT.css                5.45 kB │ gzip:   1.41 kB
dist/assets/AccountView-C6BZfOMo.css                 5.69 kB │ gzip:   1.53 kB
dist/assets/OptimizeView-CTN6fmtE.css                6.61 kB │ gzip:   1.78 kB
dist/assets/LoginView-CHTOH9F6.css                   7.39 kB │ gzip:   2.13 kB
dist/assets/TechnicalIndicatorPicker-DK8CWXik.css    8.24 kB │ gzip:   2.02 kB
dist/assets/AdminAccountsView-DeErSA8e.css          10.22 kB │ gzip:   2.42 kB
dist/assets/StrategiesView-BKIMut48.css             10.63 kB │ gzip:   2.30 kB
dist/assets/SignalRadarView-JOl0KXf7.css            12.56 kB │ gzip:   2.85 kB
dist/assets/QuantResearchView-nRWBRRer.css          12.86 kB │ gzip:   2.66 kB
dist/assets/CompanyResearchView-Cp_oyn4p.css        22.45 kB │ gzip:   4.10 kB
dist/assets/index-BObxf_af.css                      28.67 kB │ gzip:   6.64 kB
dist/assets/ChanlunView-BLTFDo4-.css               117.56 kB │ gzip:  18.68 kB
dist/assets/format-BbMv5Yas.js                       0.08 kB │ gzip:   0.10 kB
dist/assets/mobile-settings-BGU0yk3Q.js              0.18 kB │ gzip:   0.16 kB
dist/assets/chart-resize-vcy2C3Xd.js                 0.33 kB │ gzip:   0.22 kB
dist/assets/market-preferences-CDuWArYz.js           0.65 kB │ gzip:   0.48 kB
dist/assets/AdjustPicker-D01_mVPA.js                 0.78 kB │ gzip:   0.56 kB
dist/assets/StockQueryField-HzMrMcvY.js              1.03 kB │ gzip:   0.66 kB
dist/assets/StocksPicker-CVpchckh.js                 1.66 kB │ gzip:   1.01 kB
dist/assets/ChartFrame-BEbzMHfX.js                   2.40 kB │ gzip:   1.11 kB
dist/assets/NumberStepper-p8_lA2sE.js                2.51 kB │ gzip:   1.20 kB
dist/assets/MetricTable-BitCDcPt.js                  2.59 kB │ gzip:   1.07 kB
dist/assets/PortfolioSummaryTable-OyaV28gx.js        2.92 kB │ gzip:   1.55 kB
dist/assets/DataProvenance-TQRGXiLf.js               3.27 kB │ gzip:   1.43 kB
dist/assets/DataGrid-BhO15Fpg.js                     3.44 kB │ gzip:   1.93 kB
dist/assets/AdminDataCenterView-BeP41lXm.js          3.73 kB │ gzip:   1.92 kB
dist/assets/SymbolPicker-BIBYmrb4.js                 3.86 kB │ gzip:   1.92 kB
dist/assets/ServerSettingsView-rhdgMAY1.js           4.00 kB │ gzip:   1.96 kB
dist/assets/MacSelect-eAiuan2K.js                    5.16 kB │ gzip:   2.17 kB
dist/assets/LoginView-BrfZkDuH.js                    5.31 kB │ gzip:   2.43 kB
dist/assets/StrategyPicker-CnV6r0dO.js               5.57 kB │ gzip:   2.55 kB
dist/assets/CompareView-DodL-U3L.js                  5.59 kB │ gzip:   2.70 kB
dist/assets/ExtendedMarketView-DLH1qA-t.js           5.62 kB │ gzip:   2.60 kB
dist/assets/MarketCenterView-Dmtv5dcf.js             6.05 kB │ gzip:   2.58 kB
dist/assets/KlineChart-DA_cgJCK.js                   6.32 kB │ gzip:   2.88 kB
dist/assets/StockHistoryMenu-Qq2F14hf.js             6.35 kB │ gzip:   2.95 kB
dist/assets/AccountView-ueciM1uD.js                  7.32 kB │ gzip:   3.25 kB
dist/assets/BoardResearchView-1n7WYdNr.js            7.83 kB │ gzip:   3.30 kB
dist/assets/IntradayResearchView-DIyT2UBq.js         9.30 kB │ gzip:   4.29 kB
dist/assets/PortfolioView-C-_Z6WcS.js                9.59 kB │ gzip:   3.93 kB
dist/assets/SignalRadarView-CepIPgQr.js              9.70 kB │ gzip:   4.12 kB
dist/assets/BacktestView-C6AFEl5T.js                12.32 kB │ gzip:   5.28 kB
dist/assets/AdminAccountsView-DHWKLo2a.js           12.36 kB │ gzip:   5.02 kB
dist/assets/backtest-C1YbtQwi.js                    13.41 kB │ gzip:   5.08 kB
dist/assets/TechnicalIndicatorPicker-BrB-wc3K.js    14.71 kB │ gzip:   6.62 kB
dist/assets/QuantResearchView-DZdc0s8O.js           16.55 kB │ gzip:   6.88 kB
dist/assets/StrategiesView-1Jv2XMgQ.js              21.65 kB │ gzip:   8.25 kB
dist/assets/OptimizeView-BawqrsyC.js                26.38 kB │ gzip:  10.57 kB
dist/assets/CompanyResearchView-CedwbKCB.js         98.80 kB │ gzip:  33.59 kB
dist/assets/index-WsK5Rh4D.js                      139.03 kB │ gzip:  52.97 kB
dist/assets/ChanlunView-By9tXjOr.js                286.62 kB │ gzip:  89.37 kB
dist/assets/echarts-setup-6XypGsNX.js              679.24 kB │ gzip: 226.81 kB

✓ built in 840ms
[plugin builtin:vite-reporter] 
(!) Some chunks are larger than 500 kB after minification. Consider:
- Using dynamic import() to code-split the application
- Use build.rolldownOptions.output.codeSplitting to improve chunking: https://rolldown.rs/reference/OutputOptions.codeSplitting
- Adjust chunk size limit for this warning via build.chunkSizeWarningLimit.
