
> web-ui@0.0.0 build
> vue-tsc -b && vite build

vite v8.1.3 building client environment for production...
[2Ktransforming...✓ 950 modules transformed.
rendering chunks...
computing gzip size...
dist/index.html                                      0.65 kB │ gzip:   0.44 kB
dist/assets/KlineChart-CB8YVHs-.css                  0.28 kB │ gzip:   0.19 kB
dist/assets/AdjustPicker-D00KpYkY.css                0.38 kB │ gzip:   0.20 kB
dist/assets/StockQueryField-DZM9BaFv.css             0.51 kB │ gzip:   0.31 kB
dist/assets/SymbolPicker-CrR66uUn.css                0.56 kB │ gzip:   0.30 kB
dist/assets/PortfolioSummaryTable-Mpax1D9i.css       0.62 kB │ gzip:   0.27 kB
dist/assets/MetricStateNotes-Ds5ln-hd.css            0.65 kB │ gzip:   0.32 kB
dist/assets/MetricTable-C8YU7S37.css                 0.67 kB │ gzip:   0.31 kB
dist/assets/StocksPicker-DtZSuV36.css                0.87 kB │ gzip:   0.36 kB
dist/assets/PerformanceContextNote-B1O3ZqFf.css      1.09 kB │ gzip:   0.51 kB
dist/assets/DataGrid-CaL60_Lc.css                    1.51 kB │ gzip:   0.63 kB
dist/assets/DataProvenance-DR_0qhut.css              1.71 kB │ gzip:   0.60 kB
dist/assets/NumberStepper-8K7Mvx4I.css               1.78 kB │ gzip:   0.66 kB
dist/assets/StrategyPicker-DUptAOq2.css              1.95 kB │ gzip:   0.65 kB
dist/assets/CompareView-BlFR-tV5.css                 2.53 kB │ gzip:   0.75 kB
dist/assets/MarketCenterView-CJs8ve4U.css            2.71 kB │ gzip:   0.85 kB
dist/assets/ServerSettingsView-Dr8cBAAI.css          2.99 kB │ gzip:   0.85 kB
dist/assets/ChartFrame-BqFOyl-x.css                  3.16 kB │ gzip:   0.82 kB
dist/assets/BoardResearchView-aGshXhM0.css           3.19 kB │ gzip:   0.96 kB
dist/assets/ExtendedMarketView-C7xIY1Yr.css          3.27 kB │ gzip:   0.97 kB
dist/assets/IntradayResearchView-TO8z0DIh.css        3.44 kB │ gzip:   1.06 kB
dist/assets/PortfolioView-nmEIKVib.css               3.56 kB │ gzip:   0.89 kB
dist/assets/MacSelect-BpcWxKlu.css                   3.60 kB │ gzip:   1.09 kB
dist/assets/AdminDataCenterView-CxKBhypf.css         4.03 kB │ gzip:   1.09 kB
dist/assets/StockHistoryMenu-BZAt5rDk.css            4.53 kB │ gzip:   1.28 kB
dist/assets/backtest-VGZlEwbn.css                    4.77 kB │ gzip:   1.33 kB
dist/assets/BacktestView-BRQ8gzXu.css                5.55 kB │ gzip:   1.44 kB
dist/assets/OptimizeView-BXwBa1qG.css                6.61 kB │ gzip:   1.78 kB
dist/assets/AccountView-DwPzwqDb.css                 7.21 kB │ gzip:   1.70 kB
dist/assets/LoginView-CHTOH9F6.css                   7.39 kB │ gzip:   2.13 kB
dist/assets/TechnicalIndicatorPicker-DK8CWXik.css    8.24 kB │ gzip:   2.02 kB
dist/assets/AdminAccountsView-DeErSA8e.css          10.22 kB │ gzip:   2.42 kB
dist/assets/StrategiesView-Brd0IHJR.css             10.63 kB │ gzip:   2.30 kB
dist/assets/SignalRadarView-JOl0KXf7.css            12.56 kB │ gzip:   2.85 kB
dist/assets/QuantResearchView-nRWBRRer.css          12.86 kB │ gzip:   2.66 kB
dist/assets/CompanyResearchView-Cp_oyn4p.css        22.45 kB │ gzip:   4.10 kB
dist/assets/index-BObxf_af.css                      28.67 kB │ gzip:   6.64 kB
dist/assets/ChanlunView-5g5tpKhe.css               125.54 kB │ gzip:  19.99 kB
dist/assets/format-BbMv5Yas.js                       0.08 kB │ gzip:   0.10 kB
dist/assets/mobile-settings-u-xpKkZ1.js              0.18 kB │ gzip:   0.16 kB
dist/assets/market-preferences-Ltz62Ez9.js           0.65 kB │ gzip:   0.48 kB
dist/assets/AdjustPicker-BmshpHKo.js                 0.78 kB │ gzip:   0.56 kB
dist/assets/bar-time-CQCKboTN.js                     0.90 kB │ gzip:   0.48 kB
dist/assets/StockQueryField-BCgWRQex.js              1.03 kB │ gzip:   0.66 kB
dist/assets/StocksPicker-uoYVx92o.js                 1.66 kB │ gzip:   1.00 kB
dist/assets/PerformanceContextNote-Vu27zoTW.js       1.77 kB │ gzip:   1.06 kB
dist/assets/ChartFrame-L72-5ttL.js                   2.40 kB │ gzip:   1.10 kB
dist/assets/NumberStepper-Bnba6eqZ.js                2.51 kB │ gzip:   1.20 kB
dist/assets/MetricTable-CNZtjh9t.js                  2.80 kB │ gzip:   1.14 kB
dist/assets/PortfolioSummaryTable-HmYfmBzl.js        2.92 kB │ gzip:   1.55 kB
dist/assets/DataProvenance-BSiCNupc.js               3.27 kB │ gzip:   1.42 kB
dist/assets/DataGrid-C_EqEDHr.js                     3.44 kB │ gzip:   1.93 kB
dist/assets/AdminDataCenterView-Dd7A9gOr.js          3.73 kB │ gzip:   1.92 kB
dist/assets/SymbolPicker-D2Dno5Rq.js                 3.86 kB │ gzip:   1.92 kB
dist/assets/ServerSettingsView-o3w9OU5O.js           4.00 kB │ gzip:   1.96 kB
dist/assets/MetricStateNotes-BCIuayZc.js             4.88 kB │ gzip:   2.57 kB
dist/assets/MacSelect-DSxmC-QC.js                    5.16 kB │ gzip:   2.17 kB
dist/assets/LoginView-DoBOJQa5.js                    5.31 kB │ gzip:   2.42 kB
dist/assets/ExtendedMarketView-CNaKuJTg.js           5.62 kB │ gzip:   2.60 kB
dist/assets/StrategyPicker-pxSl1209.js               5.97 kB │ gzip:   2.70 kB
dist/assets/MarketCenterView-D9EpkPgG.js             6.05 kB │ gzip:   2.58 kB
dist/assets/KlineChart-CPZJz4eF.js                   6.14 kB │ gzip:   2.78 kB
dist/assets/CompareView-CBcVua1q.js                  6.32 kB │ gzip:   2.92 kB
dist/assets/StockHistoryMenu-DTiEVPEr.js             6.35 kB │ gzip:   2.95 kB
dist/assets/BoardResearchView-BMyf6vhh.js            7.83 kB │ gzip:   3.30 kB
dist/assets/AccountView-104jDvyF.js                  8.32 kB │ gzip:   3.46 kB
dist/assets/IntradayResearchView-CSO6jUSv.js         9.30 kB │ gzip:   4.30 kB
dist/assets/SignalRadarView-CovyraGT.js              9.70 kB │ gzip:   4.12 kB
dist/assets/PortfolioView-CFOH7Q8W.js                9.83 kB │ gzip:   4.00 kB
dist/assets/BacktestView-C9bhhMWz.js                12.26 kB │ gzip:   5.33 kB
dist/assets/AdminAccountsView-DTYhJsip.js           12.42 kB │ gzip:   5.05 kB
dist/assets/TechnicalIndicatorPicker-C2EFT8tJ.js    14.71 kB │ gzip:   6.62 kB
dist/assets/QuantResearchView-Dhs6cx5X.js           16.55 kB │ gzip:   6.87 kB
dist/assets/backtest-B_ezvZBa.js                    18.15 kB │ gzip:   6.62 kB
dist/assets/StrategiesView-B0P_Q66P.js              22.00 kB │ gzip:   8.35 kB
dist/assets/OptimizeView-BDCD0TGC.js                26.91 kB │ gzip:  10.74 kB
dist/assets/CompanyResearchView-CsOFqhDl.js         98.81 kB │ gzip:  33.59 kB
dist/assets/index-DaVfN6-_.js                      142.11 kB │ gzip:  54.28 kB
dist/assets/ChanlunView-DDX9S3Yu.js                309.55 kB │ gzip:  96.68 kB
dist/assets/echarts-setup-6XypGsNX.js              679.24 kB │ gzip: 226.81 kB

✓ built in 717ms
[plugin builtin:vite-reporter] 
(!) Some chunks are larger than 500 kB after minification. Consider:
- Using dynamic import() to code-split the application
- Use build.rolldownOptions.output.codeSplitting to improve chunking: https://rolldown.rs/reference/OutputOptions.codeSplitting
- Adjust chunk size limit for this warning via build.chunkSizeWarningLimit.
