........................................................................ [  9%]
........................................................................ [ 18%]
........................................................................ [ 27%]
........................................................................ [ 36%]
........................................................................ [ 45%]
........................................................................ [ 54%]
........................................................................ [ 63%]
.................F...................................................... [ 72%]
.................................ss..................................... [ 81%]
........................................................................ [ 90%]
........................................................................ [ 99%]
......                                                                   [100%]
=================================== FAILURES ===================================
________________________ test_task_runner_lru_eviction _________________________
tests/unit/test_web_backtest.py:440: in test_task_runner_lru_eviction
    if all(runner.peek(tid).status in ("done", "failed") for tid in alive):
tests/unit/test_web_backtest.py:440: in <genexpr>
    if all(runner.peek(tid).status in ("done", "failed") for tid in alive):
E   AttributeError: 'NoneType' object has no attribute 'status'
=========================== short test summary info ============================
FAILED tests/unit/test_web_backtest.py::test_task_runner_lru_eviction - Attri...
1 failed, 795 passed, 2 skipped, 7 warnings in 123.21s (0:02:03)
