### Page
- Page URL: http://127.0.0.1:8766/chanlun?from=tracking&targetKind=stock&symbol=300750&market=SZ&name=%E5%AE%81%E5%BE%B7%E6%97%B6%E4%BB%A3&category=DAY&adjust=QFQ
- Page Title: 股票分析 · Analysis Studio
### Snapshot
```yaml
- generic [ref=e4]:
  - complementary [ref=e5]:
    - button "收起左侧栏" [ref=e11] [cursor=pointer]
    - link "返回股票分析" [ref=e15]:
      - /url: /
      - generic [ref=e20]:
        - strong [ref=e21]: 股票分析
        - generic [ref=e22]: Analysis Studio
    - navigation "主要导航" [ref=e23]:
      - generic [ref=e24]:
        - paragraph [ref=e25]: 分析
        - link "个股分析" [ref=e26]:
          - /url: /
        - link "市场行情" [ref=e33]:
          - /url: /market
        - link "盘中研究" [ref=e39]:
          - /url: /intraday
        - link "缠论结构" [ref=e45]:
          - /url: /chanlun
        - link "信号雷达" [ref=e51]:
          - /url: /signals
        - link "追踪标的" [ref=e58]:
          - /url: /tracking
      - generic [ref=e64]:
        - paragraph [ref=e65]: 研究
        - link "板块研究" [ref=e66]:
          - /url: /boards
        - link "公司资料" [ref=e75]:
          - /url: /company
        - link "扩展市场" [ref=e83]:
          - /url: /extended
        - link "量化研究" [ref=e90]:
          - /url: /quant-research
        - link "组合回测" [ref=e96]:
          - /url: /portfolio
        - link "参数寻优" [ref=e105]:
          - /url: /optimize
        - link "结果对比" [ref=e110]:
          - /url: /compare
        - link "策略库" [ref=e115]:
          - /url: /strategies
      - generic [ref=e121]:
        - paragraph [ref=e122]: 系统
        - link "行情服务器" [ref=e123]:
          - /url: /settings
        - link "个人账户" [ref=e130]:
          - /url: /account
        - link "账户管理" [ref=e137]:
          - /url: /admin/accounts
        - link "数据中心" [ref=e146]:
          - /url: /admin/data
    - link "T tracking-qa 管理员" [ref=e154]:
      - /url: /account
      - generic [ref=e155]: T
      - generic [ref=e156]:
        - strong [ref=e157]: tracking-qa
        - generic [ref=e158]: 管理员
  - generic [ref=e159]:
    - generic [ref=e160]:
      - generic [ref=e161]:
        - heading "缠论结构" [level=1] [ref=e173]
        - paragraph [ref=e163]: 识别笔、线段、中枢、买卖点与背驰
      - generic [ref=e164]:
        - link "个人账户" [ref=e165]:
          - /url: /account
          - generic [ref=e166]: T
          - generic [ref=e167]: tracking-qa
          - generic [ref=e168]: ADMIN
        - button "退出登录" [ref=e169] [cursor=pointer]
    - main [ref=e172]:
      - generic [ref=e174]:
        - complementary [ref=e175]:
          - generic [ref=e176]:
            - generic [ref=e177]: ⌘
            - generic [ref=e178]:
              - heading "结构分析" [level=2] [ref=e179]
              - paragraph [ref=e180]: 从 K 线递进识别走势结构
          - generic [ref=e181]:
            - heading "标的与周期" [level=3] [ref=e182]
            - generic [ref=e183]:
              - generic [ref=e184]: 标的类型
              - combobox "缠论标的类型" [ref=e186] [cursor=pointer]:
                - generic [ref=e187]: 个股
            - generic [ref=e190]:
              - generic [ref=e191]:
                - generic [ref=e192]: 证券代码
                - button "股票历史" [ref=e194] [cursor=pointer]
              - textbox "000001" [ref=e200]
              - generic [ref=e201]: 深市
            - generic [ref=e202]:
              - generic [ref=e203]: 分析周期
              - combobox "缠论分析周期" [ref=e205] [cursor=pointer]:
                - generic [ref=e206]: 日线
            - generic [ref=e209]:
              - generic [ref=e210]: 历史窗口
              - combobox "缠论历史窗口" [ref=e212] [cursor=pointer]:
                - generic [ref=e213]: 600 根 · 推荐
            - generic [ref=e216]:
              - generic [ref=e217]: 复权方式
              - combobox "全局复权方式" [ref=e219] [cursor=pointer]:
                - generic [ref=e220]: 前复权
              - generic [ref=e223]: 自动应用到行情、分析与回测，并保存到当前账号
          - group [ref=e224]:
            - generic "均线系统 周期 · K 线数" [ref=e225] [cursor=pointer]:
              - heading "均线系统" [level=3] [ref=e226]
              - generic [ref=e227]: 周期 · K 线数
          - generic [ref=e229]:
            - heading "图层" [level=3] [ref=e230]
            - generic [ref=e231] [cursor=pointer]:
              - generic [ref=e232]: 三笔盘整
              - checkbox "三笔盘整" [checked] [ref=e233]
            - generic [ref=e234] [cursor=pointer]:
              - generic [ref=e235]: 笔
              - checkbox "笔" [checked] [ref=e236]
            - generic [ref=e237] [cursor=pointer]:
              - generic [ref=e238]: 中枢
              - checkbox "中枢" [ref=e239]
            - generic [ref=e240] [cursor=pointer]:
              - generic [ref=e241]: 线段
              - checkbox "线段" [ref=e242]
            - generic [ref=e243] [cursor=pointer]:
              - generic [ref=e244]: 买卖点
              - checkbox "买卖点" [checked] [ref=e245]
            - generic [ref=e246] [cursor=pointer]:
              - generic [ref=e247]: 背离 / 背驰
              - checkbox "背离 / 背驰" [checked] [ref=e248]
            - generic [ref=e249] [cursor=pointer]:
              - generic [ref=e250]: 待成笔方向
              - checkbox "待成笔方向" [checked] [ref=e251]
            - paragraph [ref=e252]: 虚线连接末笔端点与其后的反向极值，尚未成笔，端点可变；无反向区间或原笔继续延伸时不显示。不预测未来价格。
            - generic [ref=e253]:
              - generic [ref=e254] [cursor=pointer]:
                - generic [ref=e255]: 悬停显示对象信息
                - checkbox "悬停显示对象信息" [ref=e256]
              - paragraph [ref=e257]: 右键打开，或按住 ⌘ Command 悬停预览；松开隐藏。 图下详情按钮仍可使用，设置按账户保存。
          - region "结构线宽" [ref=e258]:
            - generic [ref=e259]:
              - heading "线条粗细" [level=3] [ref=e260]
              - button "恢复默认" [disabled] [ref=e261]
            - generic [ref=e262]:
              - generic [ref=e263]: 笔
              - generic [ref=e265]:
                - textbox "笔线宽" [ref=e266]: "1.35"
                - generic [ref=e267]:
                  - button "笔线宽增加" [ref=e268] [cursor=pointer]
                  - button "笔线宽减少" [ref=e271] [cursor=pointer]
              - generic [ref=e274]: px
            - generic [ref=e275]:
              - generic [ref=e276]: 线段
              - generic [ref=e278]:
                - textbox "线段线宽" [ref=e279]: "1.8"
                - generic [ref=e280]:
                  - button "线段线宽增加" [ref=e281] [cursor=pointer]
                  - button "线段线宽减少" [ref=e284] [cursor=pointer]
              - generic [ref=e287]: px
            - paragraph [ref=e288]: 0.5–6 px · 即时生效，个股与行业同步。
          - region "蜡烛填充" [ref=e289]:
            - generic [ref=e290]:
              - heading "蜡烛填充" [level=3] [ref=e291]
              - button "恢复默认" [disabled] [ref=e292]
            - generic [ref=e293]:
              - generic [ref=e294]: 透明度
              - generic [ref=e295]:
                - textbox "蜡烛填充透明度" [ref=e296]: "80"
                - generic [ref=e297]:
                  - button "蜡烛填充透明度增加" [ref=e298] [cursor=pointer]
                  - button "蜡烛填充透明度减少" [ref=e301] [cursor=pointer]
              - generic [ref=e304]: "%"
            - slider "透明度" [ref=e305] [cursor=pointer]: "80"
            - generic [aria-hidden] [ref=e306]:
              - generic [ref=e307]: 实心
              - generic [ref=e308]: 空心
            - paragraph [ref=e309]: 80% 透明 · 20% 填充。仅调整实体，边框与影线不变；未收盘 K 线仍为空心虚线。
          - generic [ref=e310]:
            - strong [ref=e311]: 计算管道
            - paragraph [ref=e312]: K 线合并 → 分型 → 笔 → 中枢 → 线段 → 买卖点 → 背驰
          - button "开始分析" [ref=e313] [cursor=pointer]
        - main [ref=e314]:
          - generic [ref=e315]: 追踪标的链接不完整
          - generic [ref=e316]:
            - generic [aria-hidden] [ref=e317]:
              - generic:
                - generic: 结构演化
                - generic: 已确认
              - img [ref=e318]:
                - generic [ref=e363]: 中枢
              - generic [ref=e378]:
                - generic [ref=e379]: K 线
                - generic [ref=e381]: 笔
                - generic [ref=e383]: 线段
                - generic [ref=e385]: 中枢
            - heading "观察价格如何形成结构" [level=2] [ref=e387]
            - paragraph [ref=e388]: 选择标的和周期，系统会把走势拆成笔、线段和中枢，并标出买卖点与背驰。
            - button "分析 000001" [ref=e389] [cursor=pointer]
```
