### Page
- Page URL: http://127.0.0.1:8766/chanlun?from=tracking&targetKind=stock&symbol=300750&market=SZ&name=%E5%AE%81%E5%BE%B7%E6%97%B6%E4%BB%A3&boardType=&category=DAY&adjust=QFQ
- Page Title: 股票分析 · Analysis Studio
### Snapshot
```yaml
- generic [ref=f2e5]:
  - generic [ref=f2e6]:
    - button "打开导航" [ref=f2e7] [cursor=pointer]: ☰
    - heading "缠论结构" [level=1] [ref=f2e17]
    - generic [ref=f2e10]:
      - link "个人账户" [ref=f2e11]:
        - /url: /account
        - generic [ref=f2e12]: T
      - button "退出登录" [ref=f2e13] [cursor=pointer]
  - main [ref=f2e16]:
    - generic [ref=f2e18]:
      - button "分析设置 · 300750 展开" [ref=f2e19] [cursor=pointer]:
        - generic [ref=f2e20]: 分析设置 · 300750
        - generic [ref=f2e21]: 展开
      - main [ref=f2e22]:
        - generic [ref=f2e23]:
          - navigation "缠论工作区" [ref=f2e24]:
            - button [pressed] [ref=f2e25] [cursor=pointer]:
              - strong [ref=f2e26]: 看图
            - button [ref=f2e27] [cursor=pointer]:
              - strong [ref=f2e28]: 研究
            - button [ref=f2e29] [cursor=pointer]:
              - strong [ref=f2e30]: 审核
          - generic [ref=f2e32]:
            - generic [ref=f2e33]:
              - generic "个股 · 300750" [ref=f2e34]
              - generic [ref=f2e35]: DAY
            - paragraph [ref=f2e38]: 当前 向下笔 · 进行中，尚未形成中枢
          - region "看图工作区" [ref=f2e39]:
            - region "行情数据口径" [ref=f2e40]:
              - group [ref=f2e41]:
                - generic "› 数据口径 MAC 行情 · 前复权 收盘截至 2026-10-09 15:00:00" [ref=f2e42] [cursor=pointer]:
                  - text: ›
                  - strong [ref=f2e43]: 数据口径
                  - generic [ref=f2e44]: MAC 行情 · 前复权
                  - time [ref=f2e45]: 收盘截至 2026-10-09 15:00:00
            - paragraph [ref=f2e46]: 线段基础结构 · 研究版 — 高层级递归尚未完成；买卖点标在极值处，交易依据为确认时间。
            - generic [ref=f2e47]:
              - generic [ref=f2e48]:
                - generic [ref=f2e49]:
                  - strong [ref=f2e50]: 快照末尾
                  - button "回放上一根 K 线" [ref=f2e51] [cursor=pointer]: 上一根
                  - slider "K 线回放位置" [ref=f2e52] [cursor=pointer]: "240"
                  - button "回放下一根 K 线" [disabled] [ref=f2e53]: 下一根
                - generic [ref=f2e54]:
                  - status [ref=f2e55]: 2026-10-09 · 240/240
                  - button "返回末尾" [disabled] [ref=f2e56]
              - generic [ref=f2e57]: 按当前标的快照回放，不代表历史当天的数据版本；个股与行业对比时采用共同截止点。
            - generic [ref=f2e58]:
              - generic [ref=f2e59]: 所属行业
              - generic [ref=f2e60]: 暂无行业归属数据
            - region "多周期图表对比" [ref=f2e61]:
              - generic [ref=f2e62]:
                - generic [ref=f2e63]:
                  - generic [ref=f2e64]:
                    - strong [ref=f2e65]: 多周期图表
                    - generic [ref=f2e66]: 主周期 日线
                  - generic [ref=f2e67]:
                    - generic [ref=f2e68]: 对照周期
                    - combobox "对照周期" [ref=f2e70] [cursor=pointer]:
                      - generic [ref=f2e71]: 30 分钟
                    - button "生成对比" [ref=f2e74] [cursor=pointer]
                - status [ref=f2e75]: 选择另一个周期，查看同一标的的独立分析，或与主周期上下对比。
                - generic [ref=f2e77]:
                  - generic [ref=f2e78]:
                    - generic [ref=f2e79]:
                      - heading "个股 · 300750 · 日线" [level=3] [ref=f2e80]
                      - paragraph [ref=f2e81]: 均线与缠论结构叠加；可在下方选择技术指标。
                    - generic [ref=f2e82]:
                      - generic [ref=f2e83]:
                        - generic [ref=f2e84]: 笔
                        - generic [ref=f2e85]: 盘整进行中
                        - generic [ref=f2e89]: 待成笔方向 · 观察
                        - generic [ref=f2e90]: 中枢
                        - generic [ref=f2e91]: 线段
                        - generic [ref=f2e92]: 底背离／背驰
                        - generic [ref=f2e93]: 顶背离／背驰
                      - generic [ref=f2e94] [cursor=pointer]:
                        - checkbox "显示失效历史" [checked] [ref=f2e95]
                        - generic [ref=f2e96]: 显示失效历史
                      - button "全屏查看个股 · 300750 · 日线" [ref=f2e97] [cursor=pointer]
                  - generic [ref=f2e101]:
                    - group "均线显示开关" [ref=f2e102]:
                      - button "MA5" [pressed] [ref=f2e103] [cursor=pointer]
                      - button "MA10" [pressed] [ref=f2e105] [cursor=pointer]
                      - button "MA20" [ref=f2e107] [cursor=pointer]
                      - button "MA30" [ref=f2e109] [cursor=pointer]
                      - button "MA60" [ref=f2e111] [cursor=pointer]
                      - button "MA120" [ref=f2e113] [cursor=pointer]
                      - button "MA250" [ref=f2e115] [cursor=pointer]
                    - region "蜡烛图绘图区" [ref=f2e117]
                    - generic [ref=f2e120]:
                      - generic [ref=f2e121]: 点击主图 K 线，可查找该日期关联证据
                      - button "查看所选日期证据" [disabled] [ref=f2e122]
                    - generic [ref=f2e123]:
                      - generic [ref=f2e124]: 右键盘整矩形，查看区间详情
                      - button "查看盘整详情" [ref=f2e125] [cursor=pointer]
                    - generic [ref=f2e126]:
                      - generic [ref=f2e127]: 右键背离／背驰标记，查看状态与依据
                      - button "查看背离详情" [ref=f2e128] [cursor=pointer]
                    - paragraph [ref=f2e129]: 琥珀虚线＝待成笔方向 · 仅连接可见已收盘行情的反向运动，端点可变；突破观察极值即撤销，不改变严格笔。
                    - paragraph [ref=f2e130]: 圆形＝双线 · 菱形＝标准 · 三角形＝非标准 · 大菱形＝特殊 · 底紫顶绿 · 彩色空心＝候选 · 实心＝确认 · 灰色空心＝已失效／被替代
                    - generic [ref=f2e131]:
                      - generic [ref=f2e132]: 技术指标 · 可同时显示多个
                      - button "＋ 添加指标" [ref=f2e133] [cursor=pointer]
                    - generic [ref=f2e134]:
                      - button "移除第 1 个指标" [ref=f2e135] [cursor=pointer]: 移除
                      - generic [ref=f2e136]:
                        - generic [ref=f2e139]:
                          - strong [ref=f2e140]: 技术指标
                          - generic [ref=f2e141]: 比较成交活跃程度，并显示 5、10 周期平均成交量。
                        - generic [ref=f2e142]:
                          - radiogroup "常用技术指标" [ref=f2e143]:
                            - radio "无指标" [ref=f2e144] [cursor=pointer]
                            - radio "成交量" [checked] [ref=f2e145] [cursor=pointer]
                            - radio "MACD" [ref=f2e146] [cursor=pointer]
                            - radio "KDJ" [ref=f2e147] [cursor=pointer]
                            - radio "RSI" [ref=f2e148] [cursor=pointer]
                            - radio "BOLL" [ref=f2e149] [cursor=pointer]
                          - button "全部指标" [ref=f2e150] [cursor=pointer]
                    - generic [ref=f2e154]:
                      - button "移除第 2 个指标" [ref=f2e155] [cursor=pointer]: 移除
                      - generic [ref=f2e156]:
                        - generic [ref=f2e159]:
                          - strong [ref=f2e160]: 技术指标
                          - generic [ref=f2e161]: 用快慢均线差观察趋势方向与动能变化。
                        - generic [ref=f2e162]:
                          - radiogroup "常用技术指标" [ref=f2e163]:
                            - radio "无指标" [ref=f2e164] [cursor=pointer]
                            - radio "成交量" [ref=f2e165] [cursor=pointer]
                            - radio "MACD" [checked] [ref=f2e166] [cursor=pointer]
                            - radio "KDJ" [ref=f2e167] [cursor=pointer]
                            - radio "RSI" [ref=f2e168] [cursor=pointer]
                            - radio "BOLL" [ref=f2e169] [cursor=pointer]
                          - button "全部指标" [ref=f2e170] [cursor=pointer]
```
