### Page
- Page URL: http://127.0.0.1:18094/chanlun?symbol=600699
- Page Title: 股票分析 · Analysis Studio
- Console: 4 errors, 0 warnings
### Snapshot
```yaml
- generic [ref=e4]:
  - complementary [ref=e5]:
    - button "收起左侧栏" [ref=e11] [cursor=pointer]
    - link "返回股票分析" [ref=e15]:
      - /url: /
      - generic [ref=e20]:
        - strong [ref=e21]: 股票分析
        - generic [ref=e22]: Analysis Studio
    - navigation "主要导航" [ref=e23]:
      - generic [ref=e24]:
        - paragraph [ref=e25]: 分析
        - link "个股分析" [ref=e26]:
          - /url: /
        - link "市场行情" [ref=e33]:
          - /url: /market
        - link "盘中研究" [ref=e39]:
          - /url: /intraday
        - link "缠论结构" [ref=e45]:
          - /url: /chanlun
        - link "信号雷达" [ref=e51]:
          - /url: /signals
      - generic [ref=e58]:
        - paragraph [ref=e59]: 研究
        - link "板块研究" [ref=e60]:
          - /url: /boards
        - link "公司资料" [ref=e69]:
          - /url: /company
        - link "扩展市场" [ref=e77]:
          - /url: /extended
        - link "量化研究" [ref=e84]:
          - /url: /quant-research
        - link "组合回测" [ref=e90]:
          - /url: /portfolio
        - link "参数寻优" [ref=e99]:
          - /url: /optimize
        - link "结果对比" [ref=e104]:
          - /url: /compare
        - link "策略库" [ref=e109]:
          - /url: /strategies
      - generic [ref=e115]:
        - paragraph [ref=e116]: 系统
        - link "行情服务器" [ref=e117]:
          - /url: /settings
        - link "个人账户" [ref=e124]:
          - /url: /account
        - link "账户管理" [ref=e131]:
          - /url: /admin/accounts
        - link "数据中心" [ref=e140]:
          - /url: /admin/data
    - link "本 本机证据验收 管理员" [ref=e148]:
      - /url: /account
      - generic [ref=e149]: 本
      - generic [ref=e150]:
        - strong [ref=e151]: 本机证据验收
        - generic [ref=e152]: 管理员
  - generic [ref=e153]:
    - generic [ref=e154]:
      - generic [ref=e155]:
        - heading "缠论结构" [level=1] [ref=e167]
        - paragraph [ref=e157]: 识别笔、线段、中枢、买卖点与背驰
      - generic [ref=e158]:
        - link "个人账户" [ref=e159]:
          - /url: /account
          - generic [ref=e160]: 本
          - generic [ref=e161]: 本机证据验收
          - generic [ref=e162]: ADMIN
        - button "退出登录" [ref=e163] [cursor=pointer]
    - main [ref=e166]:
      - generic [ref=e168]:
        - complementary [ref=e169]:
          - generic [ref=e170]:
            - generic [ref=e171]: ⌘
            - generic [ref=e172]:
              - heading "结构分析" [level=2] [ref=e173]
              - paragraph [ref=e174]: 从 K 线递进识别走势结构
          - generic [ref=e175]:
            - heading "标的与周期" [level=3] [ref=e176]
            - generic [ref=e177]:
              - generic [ref=e178]: 标的类型
              - combobox "缠论标的类型" [ref=e180] [cursor=pointer]:
                - generic [ref=e181]: 个股
            - generic [ref=e184]:
              - generic [ref=e185]:
                - generic [ref=e186]: 证券代码
                - button "股票历史" [ref=e188] [cursor=pointer]
              - textbox "000001" [ref=e194]: "300750"
              - generic [ref=e195]: 深市
            - generic [ref=e196]:
              - generic [ref=e197]: 分析周期
              - combobox "缠论分析周期" [ref=e199] [cursor=pointer]:
                - generic [ref=e200]: 15 分钟
            - generic [ref=e203]:
              - generic [ref=e204]: 历史窗口
              - combobox "缠论历史窗口" [ref=e206] [cursor=pointer]:
                - generic [ref=e207]: 600 根 · 推荐
            - generic [ref=e210]:
              - generic [ref=e211]: 复权方式
              - combobox "全局复权方式" [ref=e213] [cursor=pointer]:
                - generic [ref=e214]: 前复权
              - generic [ref=e217]: 自动应用到行情、分析与回测，并保存到当前账号
          - group [ref=e218]:
            - generic "均线系统 周期 · K 线数" [ref=e219] [cursor=pointer]:
              - heading "均线系统" [level=3] [ref=e220]
              - generic [ref=e221]: 周期 · K 线数
          - generic [ref=e223]:
            - heading "图层" [level=3] [ref=e224]
            - generic [ref=e225] [cursor=pointer]:
              - generic [ref=e226]: 三笔盘整
              - checkbox "三笔盘整" [checked] [ref=e227]
            - generic [ref=e228] [cursor=pointer]:
              - generic [ref=e229]: 笔
              - checkbox "笔" [checked] [ref=e230]
            - generic [ref=e231] [cursor=pointer]:
              - generic [ref=e232]: 中枢
              - checkbox "中枢" [ref=e233]
            - generic [ref=e234] [cursor=pointer]:
              - generic [ref=e235]: 线段
              - checkbox "线段" [ref=e236]
            - generic [ref=e237] [cursor=pointer]:
              - generic [ref=e238]: 买卖点
              - checkbox "买卖点" [checked] [ref=e239]
            - generic [ref=e240] [cursor=pointer]:
              - generic [ref=e241]: 背离 / 背驰
              - checkbox "背离 / 背驰" [checked] [ref=e242]
            - generic [ref=e243] [cursor=pointer]:
              - generic [ref=e244]: 待成笔方向
              - checkbox "待成笔方向" [checked] [ref=e245]
            - paragraph [ref=e246]: 虚线连接末笔端点与其后的反向极值，尚未成笔，端点可变；无反向区间或原笔继续延伸时不显示。不预测未来价格。
            - generic [ref=e247]:
              - generic [ref=e248] [cursor=pointer]:
                - generic [ref=e249]: 悬停显示对象信息
                - checkbox "悬停显示对象信息" [ref=e250]
              - paragraph [ref=e251]: 右键打开，或按住 ⌘ Command 悬停预览；松开隐藏。 图下详情按钮仍可使用，设置按账户保存。
          - region "结构线宽" [ref=e252]:
            - generic [ref=e253]:
              - heading "线条粗细" [level=3] [ref=e254]
              - button "恢复默认" [disabled] [ref=e255]
            - generic [ref=e256]:
              - generic [ref=e257]: 笔
              - generic [ref=e259]:
                - textbox "笔线宽" [ref=e260]: "1.35"
                - generic [ref=e261]:
                  - button "笔线宽增加" [ref=e262] [cursor=pointer]
                  - button "笔线宽减少" [ref=e265] [cursor=pointer]
              - generic [ref=e268]: px
            - generic [ref=e269]:
              - generic [ref=e270]: 线段
              - generic [ref=e272]:
                - textbox "线段线宽" [ref=e273]: "1.8"
                - generic [ref=e274]:
                  - button "线段线宽增加" [ref=e275] [cursor=pointer]
                  - button "线段线宽减少" [ref=e278] [cursor=pointer]
              - generic [ref=e281]: px
            - paragraph [ref=e282]: 0.5–6 px · 即时生效，个股与行业同步。
          - region "蜡烛填充" [ref=e283]:
            - generic [ref=e284]:
              - heading "蜡烛填充" [level=3] [ref=e285]
              - button "恢复默认" [disabled] [ref=e286]
            - generic [ref=e287]:
              - generic [ref=e288]: 透明度
              - generic [ref=e289]:
                - textbox "蜡烛填充透明度" [ref=e290]: "80"
                - generic [ref=e291]:
                  - button "蜡烛填充透明度增加" [ref=e292] [cursor=pointer]
                  - button "蜡烛填充透明度减少" [ref=e295] [cursor=pointer]
              - generic [ref=e298]: "%"
            - slider "透明度" [ref=e299] [cursor=pointer]: "80"
            - generic [aria-hidden] [ref=e300]:
              - generic [ref=e301]: 实心
              - generic [ref=e302]: 空心
            - paragraph [ref=e303]: 80% 透明 · 20% 填充。仅调整实体，边框与影线不变；未收盘 K 线仍为空心虚线。
          - generic [ref=e304]:
            - strong [ref=e305]: 计算管道
            - paragraph [ref=e306]: K 线合并 → 分型 → 笔 → 中枢 → 线段 → 买卖点 → 背驰
          - button "开始分析" [ref=e307] [cursor=pointer]
        - main [ref=e308]:
          - generic [ref=e1045]:
            - generic [ref=e1046]:
              - generic [ref=e1047]:
                - generic [ref=e1048]:
                  - generic "个股 · 300750" [ref=e1049]
                  - generic [ref=e1050]: MIN_15
                - paragraph [ref=e1053]: 当前 向上笔 · 进行中，尚未形成中枢
              - generic [ref=e1054]:
                - generic [ref=e1055]:
                  - strong [ref=e1056]: "240"
                  - generic [ref=e1057]: 原始 K 线
                - generic [ref=e1058]:
                  - strong [ref=e1059]: "176"
                  - generic [ref=e1060]: 合并 K 线
                - generic [ref=e1061]:
                  - strong [ref=e1062]: "78"
                  - generic [ref=e1063]: 分型
                - generic [ref=e1064]:
                  - strong [ref=e1065]: "15"
                  - generic [ref=e1066]: 笔
                - generic [ref=e1067]:
                  - strong [ref=e1068]: "0"
                  - generic [ref=e1069]: 基础中枢
                - generic [ref=e1070]:
                  - strong [ref=e1071]: "1"
                  - generic [ref=e1072]: 线段
                - generic [ref=e1073]:
                  - strong [ref=e1074]: "0"
                  - generic [ref=e1075]: 买卖点
                - generic [ref=e1076]:
                  - strong [ref=e1077]: "6"
                  - generic [ref=e1078]: 背离 / 背驰
            - generic [ref=e1079]:
              - region "行情数据口径" [ref=e1080]:
                - group [ref=e1081]:
                  - generic "› 数据口径 MAC 行情 · 前复权 收盘截至 2026-10-09 15:00:00" [ref=e1082] [cursor=pointer]:
                    - text: ›
                    - strong [ref=e1083]: 数据口径
                    - generic [ref=e1084]: MAC 行情 · 前复权
                    - time [ref=e1085]: 收盘截至 2026-10-09 15:00:00
              - paragraph [ref=e1086]: 线段基础结构 · 研究版 — 高层级递归尚未完成；买卖点标在极值处，交易依据为确认时间。
              - generic [ref=e1087]:
                - generic [ref=e1088]:
                  - generic [ref=e1089]:
                    - strong [ref=e1090]: 快照末尾
                    - button "回放上一根 K 线" [ref=e1091] [cursor=pointer]: 上一根
                    - slider "K 线回放位置" [ref=e1092] [cursor=pointer]: "240"
                    - button "回放下一根 K 线" [disabled] [ref=e1093]: 下一根
                  - generic [ref=e1094]:
                    - status [ref=e1095]: 2026-10-09 15:00:00 · 240/240
                    - button "返回末尾" [disabled] [ref=e1096]
                - generic [ref=e1097]: 按当前标的快照回放，不代表历史当天的数据版本；个股与行业对比时采用共同截止点。
              - generic [ref=e1098]:
                - generic [ref=e1099]: 所属行业
                - generic [ref=e1100]: 暂无行业归属数据
              - region "多周期图表对比" [ref=e1101]:
                - generic [ref=e1102]:
                  - generic [ref=e1103]:
                    - strong [ref=e1104]: 多周期图表
                    - generic [ref=e1105]: 主周期 15 分钟
                  - generic [ref=e1106]:
                    - generic [ref=e1107]: 对照周期
                    - combobox "对照周期" [ref=e1109] [cursor=pointer]:
                      - generic [ref=e1110]: 30 分钟
                    - button "生成对比" [ref=e1113] [cursor=pointer]
                - status [ref=e1114]: 选择另一个周期，查看同一标的的独立分析，或与主周期上下对比。
                - generic [ref=e1116]:
                  - generic [ref=e1117]:
                    - generic [ref=e1118]:
                      - heading "个股 · 300750 · 15 分钟" [level=3] [ref=e1119]
                      - paragraph [ref=e1120]: 均线与缠论结构叠加；可在下方选择技术指标。
                    - generic [ref=e1121]:
                      - generic [ref=e1122]:
                        - generic [ref=e1123]: 笔
                        - generic [ref=e1124]: 盘整进行中
                        - generic [ref=e1128]: 待成笔方向 · 观察
                        - generic [ref=e1129]: 中枢
                        - generic [ref=e1130]: 线段
                        - generic [ref=e1131]: 底背离／背驰
                        - generic [ref=e1132]: 顶背离／背驰
                      - generic [ref=e1133] [cursor=pointer]:
                        - checkbox "显示失效历史" [checked] [ref=e1134]
                        - generic [ref=e1135]: 显示失效历史
                      - button "全屏查看个股 · 300750 · 15 分钟" [ref=e1136] [cursor=pointer]:
                        - generic [ref=e1139]: 全屏
                  - generic [ref=e1141]:
                    - region "蜡烛图绘图区" [ref=e1142]
                    - generic [ref=e1145]:
                      - generic [ref=e1146]: 点击主图 K 线，可查找该日期关联证据
                      - button "查看所选日期证据" [disabled] [ref=e1147]
                    - generic [ref=e1148]:
                      - generic [ref=e1149]: 右键盘整矩形，查看区间详情
                      - button "查看盘整详情" [ref=e1150] [cursor=pointer]
                    - generic [ref=e1151]:
                      - generic [ref=e1152]: 右键背离／背驰标记，查看状态与依据
                      - button "查看背离详情" [ref=e1153] [cursor=pointer]
                    - generic [ref=e1154]:
                      - generic [ref=e1155]: 右键查看买卖点，或按住 ⌘ 悬停预览
                      - button "查看买卖点详情" [ref=e1156] [cursor=pointer]
                    - paragraph [ref=e1157]: 琥珀虚线＝待成笔方向 · 仅连接可见已收盘行情的反向运动，端点可变；突破观察极值即撤销，不改变严格笔。
                    - paragraph [ref=e1158]: 圆形＝双线 · 菱形＝标准 · 三角形＝非标准 · 大菱形＝特殊 · 底紫顶绿 · 彩色空心＝候选 · 实心＝确认 · 灰色空心＝已失效／被替代
                    - paragraph [ref=e1159]: M1 为 MACD 波段提示，非缠论结构一类点；标记位于极值日，实际确认日见提示详情。
                    - generic [ref=e1160]:
                      - generic [ref=e1161]: 技术指标 · 可同时显示多个
                      - button "＋ 添加指标" [ref=e1162] [cursor=pointer]
                    - generic [ref=e1163]:
                      - button "移除第 1 个指标" [ref=e1164] [cursor=pointer]: 移除
                      - generic [ref=e1165]:
                        - generic [ref=e1168]:
                          - strong [ref=e1169]: 技术指标
                          - generic [ref=e1170]: 比较成交活跃程度，并显示 5、10 周期平均成交量。
                        - generic [ref=e1171]:
                          - radiogroup "常用技术指标" [ref=e1172]:
                            - radio "无指标" [ref=e1173] [cursor=pointer]
                            - radio "成交量" [checked] [ref=e1174] [cursor=pointer]
                            - radio "MACD" [ref=e1175] [cursor=pointer]
                            - radio "KDJ" [ref=e1176] [cursor=pointer]
                            - radio "RSI" [ref=e1177] [cursor=pointer]
                            - radio "BOLL" [ref=e1178] [cursor=pointer]
                          - button "全部指标" [ref=e1179] [cursor=pointer]
                    - generic [ref=e1183]:
                      - button "移除第 2 个指标" [ref=e1184] [cursor=pointer]: 移除
                      - generic [ref=e1185]:
                        - generic [ref=e1188]:
                          - strong [ref=e1189]: 技术指标
                          - generic [ref=e1190]: 用快慢均线差观察趋势方向与动能变化。
                        - generic [ref=e1191]:
                          - radiogroup "常用技术指标" [ref=e1192]:
                            - radio "无指标" [ref=e1193] [cursor=pointer]
                            - radio "成交量" [ref=e1194] [cursor=pointer]
                            - radio "MACD" [checked] [ref=e1195] [cursor=pointer]
                            - radio "KDJ" [ref=e1196] [cursor=pointer]
                            - radio "RSI" [ref=e1197] [cursor=pointer]
                            - radio "BOLL" [ref=e1198] [cursor=pointer]
                          - button "全部指标" [ref=e1199] [cursor=pointer]
                - group [ref=e1203]:
                  - generic "周期明细审核 个股 · 300750 · 15 分钟 · 240 根" [ref=e1204] [cursor=pointer]:
                    - strong [ref=e1205]: 周期明细审核
                    - generic [ref=e1206]: 个股 · 300750 · 15 分钟 · 240 根
                - group [ref=e1207]:
                  - generic "研究偏好与快照 账户偏好 · 本地快照" [ref=e1208] [cursor=pointer]:
                    - strong [ref=e1209]: 研究偏好与快照
                    - generic [ref=e1210]: 账户偏好 · 本地快照
              - group [ref=e1211]:
                - generic "三笔盘整 4 组 笔级重叠 · 非中枢" [ref=e1212] [cursor=pointer]:
                  - strong [ref=e1213]: 三笔盘整 4 组
                  - generic [ref=e1214]: 笔级重叠 · 非中枢
              - group [ref=e1215]:
                - generic "多周期概览 · 300750 量价、动能、严格笔与背离" [ref=e1216] [cursor=pointer]:
                  - strong [ref=e1217]: 多周期概览 · 300750
                  - generic [ref=e1218]: 量价、动能、严格笔与背离
                - generic [ref=e1219]:
                  - generic [ref=e1220]:
                    - generic [ref=e1221]:
                      - generic [ref=e1222]: 共同截止
                      - time [ref=e1223]: 2026-10-09 15:00:00
                    - generic [ref=e1224]:
                      - checkbox "自动更新" [checked] [ref=e1225]
                      - text: 自动更新
                    - button "更新概览" [ref=e1373] [cursor=pointer]
                    - button "保存研究快照" [ref=e1227] [cursor=pointer]
                  - region "多周期概览表" [ref=e1228]:
                    - paragraph [ref=e1229]: 横向查看各项信息；点击周期查看完整依据。成交量均线沿用行情原始口径，同周期比较；数值显示两位小数，判定使用未舍入值。
                    - region "多周期概览数据，可横向滚动" [ref=e1230]:
                      - table [ref=e1231]:
                        - caption [ref=e1232]: 所选标的按周期汇总的量价、动能、严格笔与背离信息
                        - rowgroup [ref=e1233]:
                          - row [ref=e1234]:
                            - columnheader "周期" [ref=e1235]
                            - columnheader "均线 / 价格" [ref=e1236]
                            - columnheader "成交量" [ref=e1237]
                            - columnheader "MACD" [ref=e1238]
                            - columnheader "严格笔与当前方向" [ref=e1239]
                            - columnheader "背离" [ref=e1240]
                            - columnheader "其他" [ref=e1241]
                        - rowgroup [ref=e1242]:
                          - row [ref=e1374]:
                            - rowheader [ref=e1375]:
                              - button "查看周线完整依据" [ref=e1376] [cursor=pointer]:
                                - text: 周线
                                - generic [aria-hidden] [ref=e1377]: ↗
                              - generic [ref=e1378]:
                                - text: 已收盘截止
                                - time [ref=e1379]: 2026-10-09 15:00:00
                            - cell [ref=e1380]:
                              - paragraph [ref=e1381]: 收盘 297.75
                              - paragraph [ref=e1382]: MA5 302.96 / MA10 340.61
                              - paragraph [ref=e1383]: 短期空头展开，双线共同下降
                              - paragraph [ref=e1384]: 多头未排列 · 空头至 MA30
                            - cell [ref=e1385]:
                              - paragraph [ref=e1386]: MAVOL5 1463786.20
                              - paragraph [ref=e1387]: MAVOL10 1310723.40
                              - paragraph [ref=e1388]: 短期均量优势扩大
                              - paragraph [ref=e1389]: 本根 / 前 20 根均量：0.57 倍
                            - cell [ref=e1390]:
                              - paragraph [ref=e1391]: DIF -21.28 / DEA -9.97
                              - paragraph [ref=e1392]: 零轴下方 · 绿柱 · 缩短
                              - paragraph [ref=e1393]: DIF 位于 DEA 下方，间距收窄
                            - cell [ref=e1394]:
                              - paragraph [ref=e1395]: 向下严格笔 · 末端可延伸
                              - paragraph [ref=e1396]: 2026-05-08 00:00:00 → 2026-07-10 00:00:00；467.34 → 344.75
                              - paragraph [ref=e1397]: 当前观察：原反向观察已被新极值否定；原方向延伸，等待新分型
                              - paragraph [ref=e1398]: 观察可知：2026-07-24 15:00:00
                            - cell [ref=e1399]:
                              - paragraph [ref=e1400]: 本研究窗口未返回有效背离记录；不代表历史从未出现
                            - cell [ref=e1401]:
                              - paragraph [ref=e1402]: BOLL 带宽扩张（不表示突破方向）
                              - paragraph [ref=e1403]: 观察窗口：2026-05-29 00:00:00 — 2026-10-09 00:00:00（20 根）
                          - row [ref=e1404]:
                            - rowheader [ref=e1405]:
                              - button "查看日线完整依据" [ref=e1406] [cursor=pointer]:
                                - text: 日线
                                - generic [aria-hidden] [ref=e1407]: ↗
                              - generic [ref=e1408]:
                                - text: 已收盘截止
                                - time [ref=e1409]: 2026-10-09 15:00:00
                            - cell [ref=e1410]:
                              - paragraph [ref=e1411]: 收盘 297.75
                              - paragraph [ref=e1412]: MA5 290.88 / MA10 295.26
                              - paragraph [ref=e1413]: 短期均线由下方趋近，修复中
                              - paragraph [ref=e1414]: 多头未排列 · 空头至 MA120
                            - cell [ref=e1415]:
                              - paragraph [ref=e1416]: MAVOL5 36864942.80
                              - paragraph [ref=e1417]: MAVOL10 37201791.00
                              - paragraph [ref=e1418]: 短期均量相对差距收窄
                              - paragraph [ref=e1419]: 本根 / 前 20 根均量：1.49 倍
                            - cell [ref=e1420]:
                              - paragraph [ref=e1421]: DIF -19.47 / DEA -19.75
                              - paragraph [ref=e1422]: 零轴下方 · 红柱 · 换色
                              - paragraph [ref=e1423]: DIF 刚上穿 DEA
                            - cell [ref=e1424]:
                              - paragraph [ref=e1425]: 向下严格笔 · 末端可延伸
                              - paragraph [ref=e1426]: 2026-08-06 00:00:00 → 2026-09-29 00:00:00；408.59 → 285.74
                              - paragraph [ref=e1427]: 当前观察：原反向观察已被新极值否定；原方向延伸，等待新分型
                              - paragraph [ref=e1428]: 观察可知：2026-09-30 15:00:00
                            - cell [ref=e1429]:
                              - paragraph [ref=e1430]: 本研究窗口未返回有效背离记录；不代表历史从未出现
                            - cell [ref=e1431]:
                              - paragraph [ref=e1432]: 三组快慢线差值同时增加；仅表示联合修复，不等于买点
                              - paragraph [ref=e1433]: 观察窗口：2026-09-04 00:00:00 — 2026-10-09 00:00:00（20 根）
                          - row [ref=e1434]:
                            - rowheader [ref=e1435]:
                              - button "查看30 分钟完整依据" [ref=e1436] [cursor=pointer]:
                                - text: 30 分钟
                                - generic [aria-hidden] [ref=e1437]: ↗
                              - generic [ref=e1438]:
                                - text: 已收盘截止
                                - time [ref=e1439]: 2026-10-09 15:00:00
                            - cell [ref=e1440]:
                              - paragraph [ref=e1441]: 收盘 297.75
                              - paragraph [ref=e1442]: MA5 298.30 / MA10 294.86
                              - paragraph [ref=e1443]: 短期多头收敛
                              - paragraph [ref=e1444]: 多头至 MA30 · 空头未排列
                            - cell [ref=e1445]:
                              - paragraph [ref=e1446]: MAVOL5 4449380.00
                              - paragraph [ref=e1447]: MAVOL10 6273820.00
                              - paragraph [ref=e1448]: 短期均量相对差距扩大
                              - paragraph [ref=e1449]: 本根 / 前 20 根均量：0.96 倍
                            - cell [ref=e1450]:
                              - paragraph [ref=e1451]: DIF 1.93 / DEA 0.80
                              - paragraph [ref=e1452]: 零轴上方 · 红柱 · 缩短
                              - paragraph [ref=e1453]: DIF 位于 DEA 上方，间距收窄
                            - cell [ref=e1454]:
                              - paragraph [ref=e1455]: 向上严格笔 · 末端可延伸
                              - paragraph [ref=e1456]: 2026-10-08 15:00:00 → 2026-10-09 14:30:00；285.17 → 299.50
                              - paragraph [ref=e1457]: 当前观察：向下观察，尚未严格成笔
                              - paragraph [ref=e1458]: 观察可知：2026-10-09 15:00:00
                            - cell [ref=e1459]:
                              - paragraph [ref=e1460]: 本研究窗口未返回有效背离记录；不代表历史从未出现
                            - cell [ref=e1461]:
                              - paragraph [ref=e1462]: 三组快慢线差值同时减少；联合动能减弱
                              - paragraph [ref=e1463]: BOLL 带宽扩张（不表示突破方向）
                              - paragraph [ref=e1464]: 缩量回调：本根收盘下跌，量低于前 20 根均量
                              - paragraph [ref=e1465]: 观察窗口：2026-09-30 13:30:00 — 2026-10-09 15:00:00（20 根）
                          - row [ref=e1466]:
                            - rowheader [ref=e1467]:
                              - button "查看15 分钟完整依据" [ref=e1468] [cursor=pointer]:
                                - text: 15 分钟
                                - generic [aria-hidden] [ref=e1469]: ↗
                              - generic [ref=e1470]:
                                - text: 已收盘截止
                                - time [ref=e1471]: 2026-10-09 15:00:00
                            - cell [ref=e1472]:
                              - paragraph [ref=e1473]: 收盘 297.75
                              - paragraph [ref=e1474]: MA5 298.38 / MA10 298.36
                              - paragraph [ref=e1475]: MA5 刚上穿 MA10
                              - paragraph [ref=e1476]: 多头至 MA60 · 空头未排列
                            - cell [ref=e1477]:
                              - paragraph [ref=e1478]: MAVOL5 1877420.00
                              - paragraph [ref=e1479]: MAVOL10 2224690.00
                              - paragraph [ref=e1480]: 短期均量相对差距收窄
                              - paragraph [ref=e1481]: 本根 / 前 20 根均量：0.93 倍
                            - cell [ref=e1482]:
                              - paragraph [ref=e1483]: DIF 2.34 / DEA 2.18
                              - paragraph [ref=e1484]: 零轴上方 · 红柱 · 缩短
                              - paragraph [ref=e1485]: DIF 位于 DEA 上方，间距收窄
                            - cell [ref=e1486]:
                              - paragraph [ref=e1487]: 向上严格笔 · 末端可延伸
                              - paragraph [ref=e1488]: 2026-10-08 14:45:00 → 2026-10-09 11:00:00；285.17 → 301.42
                              - paragraph [ref=e1489]: 当前观察：已有反向局部分型；向下待成笔，严格价格或间距尚未满足
                              - paragraph [ref=e1490]: 观察可知：2026-10-09 13:15:00
                            - cell [ref=e1491]:
                              - paragraph [ref=e1492]: 本研究窗口未返回有效背离记录；不代表历史从未出现
                            - cell [ref=e1493]:
                              - paragraph [ref=e1494]: 缩量回调：本根收盘下跌，量低于前 20 根均量
                              - paragraph [ref=e1495]: 观察窗口：2026-10-08 14:15:00 — 2026-10-09 15:00:00（20 根）
                          - row [ref=e1496]:
                            - rowheader [ref=e1497]:
                              - button "查看5 分钟完整依据" [ref=e1498] [cursor=pointer]:
                                - text: 5 分钟
                                - generic [aria-hidden] [ref=e1499]: ↗
                              - generic [ref=e1500]:
                                - text: 已收盘截止
                                - time [ref=e1501]: 2026-10-09 15:00:00
                            - cell [ref=e1502]:
                              - paragraph [ref=e1503]: 收盘 297.75
                              - paragraph [ref=e1504]: MA5 298.02 / MA10 298.41
                              - paragraph [ref=e1505]: 短期均线由下方趋近，修复中
                              - paragraph [ref=e1506]: 多头未排列 · 空头至 MA10
                            - cell [ref=e1507]:
                              - paragraph [ref=e1508]: MAVOL5 841560.00
                              - paragraph [ref=e1509]: MAVOL10 695120.00
                              - paragraph [ref=e1510]: 短期均量优势扩大
                              - paragraph [ref=e1511]: 本根 / 前 20 根均量：1.69 倍
                            - cell [ref=e1512]:
                              - paragraph [ref=e1513]: DIF 0.50 / DEA 0.81
                              - paragraph [ref=e1514]: 零轴上方 · 绿柱 · 延长
                              - paragraph [ref=e1515]: DIF 位于 DEA 下方，间距扩大
                            - cell [ref=e1516]:
                              - paragraph [ref=e1517]: 向上严格笔 · 末端可延伸
                              - paragraph [ref=e1518]: 2026-10-09 13:10:00 → 2026-10-09 14:15:00；296.37 → 299.50
                              - paragraph [ref=e1519]: 当前观察：向下观察，尚未严格成笔
                              - paragraph [ref=e1520]: 观察可知：2026-10-09 14:20:00
                            - cell [ref=e1521]:
                              - paragraph [ref=e1522]: 双线顶背离 · 候选；极值 2026-10-09 14:15:00
                            - cell [ref=e1523]:
                              - paragraph [ref=e1524]: BOLL 带宽处于此前最多 120 根的低 20% 区间
                              - paragraph [ref=e1525]: BOLL 带宽扩张（不表示突破方向）
                              - paragraph [ref=e1526]: 观察窗口：2026-10-09 13:25:00 — 2026-10-09 15:00:00（20 根）
                  - group [ref=e1263]:
                    - generic "周期与研究参数" [ref=e1264] [cursor=pointer]
                  - generic [ref=e1527]:
                    - generic [ref=e1528]:
                      - heading "周期观察" [level=4] [ref=e1529]
                      - generic [ref=e1530]: 点击周期展开过程与依据
                    - group [ref=e1531]:
                      - generic "› 周线 下行 · 跌破前低后回抽，收盘暂未收回该前低 原反向观察已被新极值否定；原方向延伸，等待新分型 297.75 零轴下方" [ref=e1532] [cursor=pointer]:
                        - generic [ref=e1533]: › 周线
                        - generic [ref=e1534]:
                          - strong [ref=e1535]: 下行 · 跌破前低后回抽，收盘暂未收回该前低
                          - generic [ref=e1536]: 原反向观察已被新极值否定；原方向延伸，等待新分型
                        - generic [ref=e1537]:
                          - text: "297.75"
                          - generic [ref=e1538]: 零轴下方
                    - group [ref=e1539]:
                      - generic "› 日线 下行 · 末端反弹 原反向观察已被新极值否定；原方向延伸，等待新分型 297.75 零轴下方" [ref=e1540] [cursor=pointer]:
                        - generic [ref=e1541]: › 日线
                        - generic [ref=e1542]:
                          - strong [ref=e1543]: 下行 · 末端反弹
                          - generic [ref=e1544]: 原反向观察已被新极值否定；原方向延伸，等待新分型
                        - generic [ref=e1545]:
                          - text: "297.75"
                          - generic [ref=e1546]: 零轴下方
                    - group [ref=e1547]:
                      - generic "› 30 分钟 上行 · 末端回落 向下观察，尚未严格成笔 297.75 零轴上方" [ref=e1548] [cursor=pointer]:
                        - generic [ref=e1549]: › 30 分钟
                        - generic [ref=e1550]:
                          - strong [ref=e1551]: 上行 · 末端回落
                          - generic [ref=e1552]: 向下观察，尚未严格成笔
                        - generic [ref=e1553]:
                          - text: "297.75"
                          - generic [ref=e1554]: 零轴上方
                    - group [ref=e1555]:
                      - generic "› 15 分钟 上行 · 末端回落 已有反向局部分型；向下待成笔，严格价格或间距尚未满足 297.75 零轴上方" [ref=e1556] [cursor=pointer]:
                        - generic [ref=e1557]: › 15 分钟
                        - generic [ref=e1558]:
                          - strong [ref=e1559]: 上行 · 末端回落
                          - generic [ref=e1560]: 已有反向局部分型；向下待成笔，严格价格或间距尚未满足
                        - generic [ref=e1561]:
                          - text: "297.75"
                          - generic [ref=e1562]: 零轴上方
                    - group [ref=e1563]:
                      - generic "› 5 分钟 横向波动 · 末端回落 向下观察，尚未严格成笔 297.75 零轴上方" [ref=e1564] [cursor=pointer]:
                        - generic [ref=e1565]: › 5 分钟
                        - generic [ref=e1566]:
                          - strong [ref=e1567]: 横向波动 · 末端回落
                          - generic [ref=e1568]: 向下观察，尚未严格成笔
                        - generic [ref=e1569]:
                          - text: "297.75"
                          - generic [ref=e1570]: 零轴上方
                    - group [ref=e1571]:
                      - generic "跨周期过轴时间对照" [ref=e1572] [cursor=pointer]
                  - generic [ref=e1573]:
                    - heading "观察与分歧" [level=4] [ref=e1574]
                    - paragraph [ref=e1575]: 仅使用共同截止点前完整 K 线；结构层级不等于图表周期；不按周期多数投票；过轴先后只记录事实，不作强制条件。当前调整后快照不等于历史当天的数据版本；缺失的旧分钟行情不作推断。
            - generic [ref=e1266]:
              - paragraph [ref=e1267]: 以下结构明细对应个股 · 300750
              - navigation "缠论结果分类" [ref=e1268]:
                - button "结构 16" [ref=e1269] [cursor=pointer]:
                  - text: 结构
                  - generic [ref=e1270]: "16"
                - button "买卖点 0" [ref=e1271] [cursor=pointer]:
                  - text: 买卖点
                  - generic [ref=e1272]: "0"
                - button "背离 / 背驰 6" [ref=e1273] [cursor=pointer]:
                  - text: 背离 / 背驰
                  - generic [ref=e1274]: "6"
              - generic [ref=e1275]:
                - generic [ref=e1276]:
                  - heading "最近的笔" [level=4] [ref=e1277]
                  - generic [ref=e1278]:
                    - generic [ref=e1279]: ↗
                    - generic [ref=e1280]:
                      - strong [ref=e1281]: 2026-10-08 14:45 → 2026-10-09 11:00
                      - generic [ref=e1282]: 向上笔 · 进行中
                    - generic [ref=e1283]: 285.17–301.42
                  - generic [ref=e1284]:
                    - generic [ref=e1285]: ↘
                    - generic [ref=e1286]:
                      - strong [ref=e1287]: 2026-09-30 13:45 → 2026-10-08 14:45
                      - generic [ref=e1288]: 向下笔 · 已确认
                      - generic [ref=e1289]: 确认于 2026-10-09 13:15
                    - generic [ref=e1290]: 285.17–292.33
                  - generic [ref=e1291]:
                    - generic [ref=e1292]: ↗
                    - generic [ref=e1293]:
                      - strong [ref=e1294]: 2026-09-30 10:00 → 2026-09-30 13:45
                      - generic [ref=e1295]: 向上笔 · 已确认
                      - generic [ref=e1296]: 确认于 2026-10-08 10:15
                    - generic [ref=e1297]: 285.80–292.33
                  - generic [ref=e1298]:
                    - generic [ref=e1299]: ↘
                    - generic [ref=e1300]:
                      - strong [ref=e1301]: 2026-09-29 09:45 → 2026-09-30 10:00
                      - generic [ref=e1302]: 向下笔 · 已确认
                      - generic [ref=e1303]: 确认于 2026-09-30 13:30
                    - generic [ref=e1304]: 285.80–293.19
                  - generic [ref=e1305]:
                    - generic [ref=e1306]: ↗
                    - generic [ref=e1307]:
                      - strong [ref=e1308]: 2026-09-28 09:45 → 2026-09-29 09:45
                      - generic [ref=e1309]: 向上笔 · 已确认
                      - generic [ref=e1310]: 确认于 2026-09-29 14:45
                    - generic [ref=e1311]: 286.66–293.19
                  - generic [ref=e1312]:
                    - generic [ref=e1313]: ↘
                    - generic [ref=e1314]:
                      - strong [ref=e1315]: 2026-09-24 09:45 → 2026-09-28 09:45
                      - generic [ref=e1316]: 向下笔 · 已确认
                      - generic [ref=e1317]: 确认于 2026-09-28 13:30
                    - generic [ref=e1318]: 286.66–302.00
                  - generic [ref=e1319]:
                    - generic [ref=e1320]: ↗
                    - generic [ref=e1321]:
                      - strong [ref=e1322]: 2026-09-23 10:15 → 2026-09-24 09:45
                      - generic [ref=e1323]: 向上笔 · 已确认
                      - generic [ref=e1324]: 确认于 2026-09-24 14:30
                    - generic [ref=e1325]: 299.10–302.00
                  - generic [ref=e1326]:
                    - generic [ref=e1327]: ↘
                    - generic [ref=e1328]:
                      - strong [ref=e1329]: 2026-09-22 11:00 → 2026-09-23 10:15
                      - generic [ref=e1330]: 向下笔 · 已确认
                      - generic [ref=e1331]: 确认于 2026-09-23 14:15
                    - generic [ref=e1332]: 299.10–308.69
                - generic [ref=e1333]:
                  - heading "最近的基础中枢" [level=4] [ref=e1334]
                  - paragraph [ref=e1335]: 当前窗口尚未形成已确认线段构成的基础中枢。
                - group [ref=e1336]:
                  - generic "最近的线段 1 条已确认 · 1 条候选 端点连接一致" [ref=e1337] [cursor=pointer]:
                    - strong [ref=e1338]: 最近的线段
                    - generic [ref=e1339]:
                      - generic [ref=e1340]: 1 条已确认 · 1 条候选
                      - generic [ref=e1341]: 端点连接一致
                - group [ref=e1343]:
                  - generic "走势分解审核 1 条线段 · 无重复、无遗漏" [ref=e1344] [cursor=pointer]:
                    - strong [ref=e1345]: 走势分解审核
                    - generic [ref=e1346]: 1 条线段 · 无重复、无遗漏
                  - text: ›
                - group [ref=e1347]:
                  - generic "延伸升级核验 暂无可证明的升级" [ref=e1348] [cursor=pointer]:
                    - strong [ref=e1349]: 延伸升级核验
                    - generic [ref=e1350]: 暂无可证明的升级
                - group [ref=e1351]:
                  - generic "工程走势递归 旧解释 等待完整走势证据" [ref=e1352] [cursor=pointer]:
                    - strong [ref=e1353]:
                      - text: 工程走势递归
                      - generic [ref=e1354]: 旧解释
                    - generic [ref=e1355]: 等待完整走势证据
                - group [ref=e1356]:
                  - generic "全域走势递归 外部 0 条 · 最高 M0 · 已确认口径" [ref=e1357] [cursor=pointer]:
                    - strong [ref=e1358]: 全域走势递归
                    - generic [ref=e1359]: 外部 0 条 · 最高 M0 · 已确认口径
                - group [ref=e1360]:
                  - generic "归属时间轴与分解研究 按需计算 · 不改变默认分析" [ref=e1361] [cursor=pointer]:
                    - strong [ref=e1362]: 归属时间轴与分解研究
                    - generic [ref=e1363]: 按需计算 · 不改变默认分析
                - group [ref=e1364]:
                  - generic "分层归属与内部递归 旧解释 0 个归属区 · 独立解释" [ref=e1365] [cursor=pointer]:
                    - strong [ref=e1366]:
                      - text: 分层归属与内部递归
                      - generic [ref=e1367]: 旧解释
                    - generic [ref=e1368]: 0 个归属区 · 独立解释
                - group [ref=e1369]:
                  - generic "跨中枢候选核验 0 项候选 · 不用于高层级信号" [ref=e1370] [cursor=pointer]:
                    - strong [ref=e1371]: 跨中枢候选核验
                    - generic [ref=e1372]: 0 项候选 · 不用于高层级信号
```
