### Page
- Page URL: http://127.0.0.1:18094/chanlun?symbol=600699
- Page Title: 股票分析 · Analysis Studio
- Console: 4 errors, 0 warnings
### Snapshot
```yaml
- generic [ref=e4]:
  - complementary [ref=e5]:
    - button "收起左侧栏" [ref=e11] [cursor=pointer]
    - link "返回股票分析" [ref=e15]:
      - /url: /
      - generic [ref=e20]:
        - strong [ref=e21]: 股票分析
        - generic [ref=e22]: Analysis Studio
    - navigation "主要导航" [ref=e23]:
      - generic [ref=e24]:
        - paragraph [ref=e25]: 分析
        - link "个股分析" [ref=e26]:
          - /url: /
        - link "市场行情" [ref=e33]:
          - /url: /market
        - link "盘中研究" [ref=e39]:
          - /url: /intraday
        - link "缠论结构" [ref=e45]:
          - /url: /chanlun
        - link "信号雷达" [ref=e51]:
          - /url: /signals
      - generic [ref=e58]:
        - paragraph [ref=e59]: 研究
        - link "板块研究" [ref=e60]:
          - /url: /boards
        - link "公司资料" [ref=e69]:
          - /url: /company
        - link "扩展市场" [ref=e77]:
          - /url: /extended
        - link "量化研究" [ref=e84]:
          - /url: /quant-research
        - link "组合回测" [ref=e90]:
          - /url: /portfolio
        - link "参数寻优" [ref=e99]:
          - /url: /optimize
        - link "结果对比" [ref=e104]:
          - /url: /compare
        - link "策略库" [ref=e109]:
          - /url: /strategies
      - generic [ref=e115]:
        - paragraph [ref=e116]: 系统
        - link "行情服务器" [ref=e117]:
          - /url: /settings
        - link "个人账户" [ref=e124]:
          - /url: /account
        - link "账户管理" [ref=e131]:
          - /url: /admin/accounts
        - link "数据中心" [ref=e140]:
          - /url: /admin/data
    - link "本 本机证据验收 管理员" [ref=e148]:
      - /url: /account
      - generic [ref=e149]: 本
      - generic [ref=e150]:
        - strong [ref=e151]: 本机证据验收
        - generic [ref=e152]: 管理员
  - generic [ref=e153]:
    - generic [ref=e154]:
      - generic [ref=e155]:
        - heading "缠论结构" [level=1] [ref=e167]
        - paragraph [ref=e157]: 识别笔、线段、中枢、买卖点与背驰
      - generic [ref=e158]:
        - link "个人账户" [ref=e159]:
          - /url: /account
          - generic [ref=e160]: 本
          - generic [ref=e161]: 本机证据验收
          - generic [ref=e162]: ADMIN
        - button "退出登录" [ref=e163] [cursor=pointer]
    - main [ref=e166]:
      - generic [ref=e168]:
        - complementary [ref=e169]:
          - generic [ref=e170]:
            - generic [ref=e171]: ⌘
            - generic [ref=e172]:
              - heading "结构分析" [level=2] [ref=e173]
              - paragraph [ref=e174]: 从 K 线递进识别走势结构
          - generic [ref=e175]:
            - heading "标的与周期" [level=3] [ref=e176]
            - generic [ref=e177]:
              - generic [ref=e178]: 标的类型
              - combobox "缠论标的类型" [ref=e180] [cursor=pointer]:
                - generic [ref=e181]: 个股
            - generic [ref=e184]:
              - generic [ref=e185]:
                - generic [ref=e186]: 证券代码
                - button "股票历史" [ref=e188] [cursor=pointer]
              - textbox "000001" [ref=e194]: "600699"
              - generic [ref=e195]: 沪市
            - generic [ref=e196]:
              - generic [ref=e197]: 分析周期
              - combobox "缠论分析周期" [ref=e199] [cursor=pointer]:
                - generic [ref=e200]: 日线
            - generic [ref=e203]:
              - generic [ref=e204]: 历史窗口
              - combobox "缠论历史窗口" [ref=e206] [cursor=pointer]:
                - generic [ref=e207]: 600 根 · 推荐
            - generic [ref=e210]:
              - generic [ref=e211]: 复权方式
              - combobox "全局复权方式" [ref=e213] [cursor=pointer]:
                - generic [ref=e214]: 前复权
              - generic [ref=e217]: 自动应用到行情、分析与回测，并保存到当前账号
          - group [ref=e218]:
            - generic "均线系统 周期 · K 线数" [ref=e219] [cursor=pointer]:
              - heading "均线系统" [level=3] [ref=e220]
              - generic [ref=e221]: 周期 · K 线数
          - generic [ref=e223]:
            - heading "图层" [level=3] [ref=e224]
            - generic [ref=e225] [cursor=pointer]:
              - generic [ref=e226]: 三笔盘整
              - checkbox "三笔盘整" [checked] [ref=e227]
            - generic [ref=e228] [cursor=pointer]:
              - generic [ref=e229]: 笔
              - checkbox "笔" [checked] [ref=e230]
            - generic [ref=e231] [cursor=pointer]:
              - generic [ref=e232]: 中枢
              - checkbox "中枢" [ref=e233]
            - generic [ref=e234] [cursor=pointer]:
              - generic [ref=e235]: 线段
              - checkbox "线段" [ref=e236]
            - generic [ref=e237] [cursor=pointer]:
              - generic [ref=e238]: 买卖点
              - checkbox "买卖点" [checked] [ref=e239]
            - generic [ref=e240] [cursor=pointer]:
              - generic [ref=e241]: 背离 / 背驰
              - checkbox "背离 / 背驰" [checked] [ref=e242]
            - generic [ref=e243] [cursor=pointer]:
              - generic [ref=e244]: 待成笔方向
              - checkbox "待成笔方向" [checked] [ref=e245]
            - paragraph [ref=e246]: 虚线连接末笔端点与其后的反向极值，尚未成笔，端点可变；无反向区间或原笔继续延伸时不显示。不预测未来价格。
            - generic [ref=e247]:
              - generic [ref=e248] [cursor=pointer]:
                - generic [ref=e249]: 悬停显示对象信息
                - checkbox "悬停显示对象信息" [ref=e250]
              - paragraph [ref=e251]: 右键打开，或按住 ⌘ Command 悬停预览；松开隐藏。 图下详情按钮仍可使用，设置按账户保存。
          - region "结构线宽" [ref=e252]:
            - generic [ref=e253]:
              - heading "线条粗细" [level=3] [ref=e254]
              - button "恢复默认" [disabled] [ref=e255]
            - generic [ref=e256]:
              - generic [ref=e257]: 笔
              - generic [ref=e259]:
                - textbox "笔线宽" [ref=e260]: "1.35"
                - generic [ref=e261]:
                  - button "笔线宽增加" [ref=e262] [cursor=pointer]
                  - button "笔线宽减少" [ref=e265] [cursor=pointer]
              - generic [ref=e268]: px
            - generic [ref=e269]:
              - generic [ref=e270]: 线段
              - generic [ref=e272]:
                - textbox "线段线宽" [ref=e273]: "1.8"
                - generic [ref=e274]:
                  - button "线段线宽增加" [ref=e275] [cursor=pointer]
                  - button "线段线宽减少" [ref=e278] [cursor=pointer]
              - generic [ref=e281]: px
            - paragraph [ref=e282]: 0.5–6 px · 即时生效，个股与行业同步。
          - region "蜡烛填充" [ref=e283]:
            - generic [ref=e284]:
              - heading "蜡烛填充" [level=3] [ref=e285]
              - button "恢复默认" [disabled] [ref=e286]
            - generic [ref=e287]:
              - generic [ref=e288]: 透明度
              - generic [ref=e289]:
                - textbox "蜡烛填充透明度" [ref=e290]: "80"
                - generic [ref=e291]:
                  - button "蜡烛填充透明度增加" [ref=e292] [cursor=pointer]
                  - button "蜡烛填充透明度减少" [ref=e295] [cursor=pointer]
              - generic [ref=e298]: "%"
            - slider "透明度" [ref=e299] [cursor=pointer]: "80"
            - generic [aria-hidden] [ref=e300]:
              - generic [ref=e301]: 实心
              - generic [ref=e302]: 空心
            - paragraph [ref=e303]: 80% 透明 · 20% 填充。仅调整实体，边框与影线不变；未收盘 K 线仍为空心虚线。
          - generic [ref=e304]:
            - strong [ref=e305]: 计算管道
            - paragraph [ref=e306]: K 线合并 → 分型 → 笔 → 中枢 → 线段 → 买卖点 → 背驰
          - button "开始分析" [ref=e307] [cursor=pointer]
        - main [ref=e308]:
          - generic [ref=e383]:
            - generic [ref=e384]:
              - generic [ref=e385]:
                - generic [ref=e386]:
                  - generic "个股 · 600699" [ref=e387]
                  - generic [ref=e388]: DAY
                - paragraph [ref=e391]: 当前 向上笔 · 进行中，最近中枢 16.43–17.62
              - generic [ref=e392]:
                - generic [ref=e393]:
                  - strong [ref=e394]: "800"
                  - generic [ref=e395]: 原始 K 线
                - generic [ref=e396]:
                  - strong [ref=e397]: "604"
                  - generic [ref=e398]: 合并 K 线
                - generic [ref=e399]:
                  - strong [ref=e400]: "281"
                  - generic [ref=e401]: 分型
                - generic [ref=e402]:
                  - strong [ref=e403]: "52"
                  - generic [ref=e404]: 笔
                - generic [ref=e405]:
                  - strong [ref=e406]: "1"
                  - generic [ref=e407]: 基础中枢
                - generic [ref=e408]:
                  - strong [ref=e409]: "6"
                  - generic [ref=e410]: 线段
                - generic [ref=e411]:
                  - strong [ref=e412]: "1"
                  - generic [ref=e413]: 买卖点
                - generic [ref=e414]:
                  - strong [ref=e415]: "19"
                  - generic [ref=e416]: 背离 / 背驰
            - generic [ref=e417]:
              - region "行情数据口径" [ref=e418]:
                - group [ref=e419]:
                  - generic "› 数据口径 MAC 行情 · 前复权 收盘截至 2026-09-29 15:00:00" [ref=e420] [cursor=pointer]:
                    - text: ›
                    - strong [ref=e421]: 数据口径
                    - generic [ref=e422]: MAC 行情 · 前复权
                    - time [ref=e423]: 收盘截至 2026-09-29 15:00:00
              - paragraph [ref=e424]: 线段基础结构 · 研究版 — 高层级递归尚未完成；买卖点标在极值处，交易依据为确认时间。
              - generic [ref=e425]:
                - generic [ref=e426]:
                  - generic [ref=e427]:
                    - strong [ref=e428]: 快照末尾
                    - button "回放上一根 K 线" [ref=e429] [cursor=pointer]: 上一根
                    - slider "K 线回放位置" [ref=e430] [cursor=pointer]: "800"
                    - button "回放下一根 K 线" [disabled] [ref=e431]: 下一根
                  - generic [ref=e432]:
                    - status [ref=e433]: 2026-09-29 · 800/800
                    - button "返回末尾" [disabled] [ref=e434]
                - generic [ref=e435]: 按当前标的快照回放，不代表历史当天的数据版本；个股与行业对比时采用共同截止点。
              - generic [ref=e436]:
                - generic [ref=e437]: 所属行业
                - generic [ref=e438]: 暂无行业归属数据
              - region "多周期图表对比" [ref=e439]:
                - generic [ref=e440]:
                  - generic [ref=e441]:
                    - strong [ref=e442]: 多周期图表
                    - generic [ref=e443]: 主周期 日线
                  - generic [ref=e444]:
                    - generic [ref=e445]: 对照周期
                    - combobox "对照周期" [ref=e447] [cursor=pointer]:
                      - generic [ref=e448]: 30 分钟
                    - button "生成对比" [ref=e451] [cursor=pointer]
                - status [ref=e452]: 选择另一个周期，查看同一标的的独立分析，或与主周期上下对比。
                - generic [ref=e454]:
                  - generic [ref=e455]:
                    - generic [ref=e456]:
                      - heading "个股 · 600699 · 日线" [level=3] [ref=e457]
                      - paragraph [ref=e458]: 均线与缠论结构叠加；可在下方选择技术指标。
                    - generic [ref=e459]:
                      - generic [ref=e460]:
                        - generic [ref=e461]: 笔
                        - generic [ref=e462]: 盘整进行中
                        - generic [ref=e466]: 待成笔方向 · 观察
                        - generic [ref=e467]: 中枢
                        - generic [ref=e468]: 线段
                        - generic [ref=e469]: 底背离／背驰
                        - generic [ref=e470]: 顶背离／背驰
                      - generic [ref=e471] [cursor=pointer]:
                        - checkbox "显示失效历史" [checked] [ref=e472]
                        - generic [ref=e473]: 显示失效历史
                      - button "全屏查看个股 · 600699 · 日线" [ref=e474] [cursor=pointer]:
                        - generic [ref=e477]: 全屏
                  - generic [ref=e479]:
                    - region "蜡烛图绘图区" [ref=e480]
                    - generic [ref=e483]:
                      - generic [ref=e484]: 所选 K 线 · 2026-08-12 00:00:00
                      - button "查看所选日期证据" [ref=e485] [cursor=pointer]
                    - status [ref=e784]: 联动：2026-08-12 00:00:00 — 2026-08-12 15:00:00 · 对应 1 根
                    - generic [ref=e486]:
                      - generic [ref=e487]: 右键盘整矩形，查看区间详情
                      - button "查看盘整详情" [ref=e488] [cursor=pointer]
                    - generic [ref=e489]:
                      - generic [ref=e490]: 右键背离／背驰标记，查看状态与依据
                      - button "查看背离详情" [ref=e491] [cursor=pointer]
                    - generic [ref=e492]:
                      - generic [ref=e493]: 右键查看买卖点，或按住 ⌘ 悬停预览
                      - button "查看买卖点详情" [ref=e494] [cursor=pointer]
                    - dialog "买卖点详情" [ref=e785]:
                      - generic [ref=e786]:
                        - generic [ref=e787]:
                          - strong [ref=e788]: M1 · MACD 买入提示
                          - generic [ref=e789]: 已确认 · MACD 提示
                        - button "关闭买卖点详情" [active] [ref=e790] [cursor=pointer]: ×
                      - navigation "切换买卖点" [ref=e791]:
                        - button "M1 · MACD 买入提示 · 2026-09-16 · 标准波段底背离" [pressed] [ref=e792] [cursor=pointer]:
                          - text: M1 · MACD 买入提示 · 2026-09-16
                          - generic [ref=e793]: · 标准波段底背离
                        - button "M1 · MACD 买入提示 · 2026-07-14 · 标准波段底背离" [ref=e794] [cursor=pointer]:
                          - text: M1 · MACD 买入提示 · 2026-07-14
                          - generic [ref=e795]: · 标准波段底背离
                        - button "M1 · MACD 卖出提示 · 2024-05-06 · 标准波段顶背离" [ref=e796] [cursor=pointer]:
                          - text: M1 · MACD 卖出提示 · 2024-05-06
                          - generic [ref=e797]: · 标准波段顶背离
                        - button "M1 · MACD 买入提示 · 2024-01-24 · 标准波段底背离" [ref=e798] [cursor=pointer]:
                          - text: M1 · MACD 买入提示 · 2024-01-24
                          - generic [ref=e799]: · 标准波段底背离
                        - button "三类买点 · 2025-11-24" [ref=e800] [cursor=pointer]
                      - generic [ref=e801]:
                        - generic [ref=e802]:
                          - term [ref=e803]: 极值时间
                          - definition [ref=e804]: 2026-09-16
                        - generic [ref=e805]:
                          - term [ref=e806]: 标记价格
                          - definition [ref=e807]: "17.80"
                        - generic [ref=e808]:
                          - term [ref=e809]: 实际确认
                          - definition [ref=e810]: 2026-09-17
                        - generic [ref=e811]:
                          - term [ref=e812]: 识别来源
                          - definition [ref=e813]: 标准波段底背离
                      - paragraph [ref=e814]: MACD 标准波段底背离：C/A 绿柱面积=0.17，B 价格不限，C 最低 ≤ min(A、B 最低)；段内 DIF、DEA 谷值抬高且在零轴下方；未据此认定中枢或一类买卖点。
                      - paragraph [ref=e815]: M1 仅为 MACD 波段提示，不等同于缠论结构一类买卖点。
                      - button "查看判定依据" [ref=e816] [cursor=pointer]:
                        - text: 查看判定依据
                        - generic [aria-hidden] [ref=e817]: ＋
                      - generic [ref=e818]: 标记位于极值日，实际可知时间以确认记录为准，不保证后续涨跌。
                      - generic [ref=e819]:
                        - button "图中定位" [ref=e820] [cursor=pointer]
                        - button "查看审核明细" [ref=e821] [cursor=pointer]
                      - button "查看该日期证据" [ref=e823] [cursor=pointer]
                      - group [ref=e824]:
                        - generic "原始记录" [ref=e825]
                    - paragraph [ref=e495]: 琥珀虚线＝待成笔方向 · 仅连接可见已收盘行情的反向运动，端点可变；突破观察极值即撤销，不改变严格笔。
                    - paragraph [ref=e496]: 圆形＝双线 · 菱形＝标准 · 三角形＝非标准 · 大菱形＝特殊 · 底紫顶绿 · 彩色空心＝候选 · 实心＝确认 · 灰色空心＝已失效／被替代
                    - paragraph [ref=e497]: M1 为 MACD 波段提示，非缠论结构一类点；标记位于极值日，实际确认日见提示详情。
                    - generic [ref=e498]:
                      - generic [ref=e499]: 技术指标 · 可同时显示多个
                      - button "＋ 添加指标" [ref=e500] [cursor=pointer]
                    - generic [ref=e501]:
                      - button "移除第 1 个指标" [ref=e502] [cursor=pointer]: 移除
                      - generic [ref=e503]:
                        - generic [ref=e506]:
                          - strong [ref=e507]: 技术指标
                          - generic [ref=e508]: 比较成交活跃程度，并显示 5、10 周期平均成交量。
                        - generic [ref=e509]:
                          - radiogroup "常用技术指标" [ref=e510]:
                            - radio "无指标" [ref=e511] [cursor=pointer]
                            - radio "成交量" [checked] [ref=e512] [cursor=pointer]
                            - radio "MACD" [ref=e513] [cursor=pointer]
                            - radio "KDJ" [ref=e514] [cursor=pointer]
                            - radio "RSI" [ref=e515] [cursor=pointer]
                            - radio "BOLL" [ref=e516] [cursor=pointer]
                          - button "全部指标" [ref=e517] [cursor=pointer]
                    - generic [ref=e521]:
                      - button "移除第 2 个指标" [ref=e522] [cursor=pointer]: 移除
                      - generic [ref=e523]:
                        - generic [ref=e526]:
                          - strong [ref=e527]: 技术指标
                          - generic [ref=e528]: 用快慢均线差观察趋势方向与动能变化。
                        - generic [ref=e529]:
                          - radiogroup "常用技术指标" [ref=e530]:
                            - radio "无指标" [ref=e531] [cursor=pointer]
                            - radio "成交量" [ref=e532] [cursor=pointer]
                            - radio "MACD" [checked] [ref=e533] [cursor=pointer]
                            - radio "KDJ" [ref=e534] [cursor=pointer]
                            - radio "RSI" [ref=e535] [cursor=pointer]
                            - radio "BOLL" [ref=e536] [cursor=pointer]
                          - button "全部指标" [ref=e537] [cursor=pointer]
                - group [ref=e541]:
                  - generic "周期明细审核 个股 · 600699 · 日线 · 800 根" [ref=e542] [cursor=pointer]:
                    - strong [ref=e543]: 周期明细审核
                    - generic [ref=e544]: 个股 · 600699 · 日线 · 800 根
                - group [ref=e545]:
                  - generic "研究偏好与快照 账户偏好 · 本地快照" [ref=e546] [cursor=pointer]:
                    - strong [ref=e547]: 研究偏好与快照
                    - generic [ref=e548]: 账户偏好 · 本地快照
              - group [ref=e549]:
                - generic "三笔盘整 4 组 笔级重叠 · 非中枢" [ref=e550] [cursor=pointer]:
                  - strong [ref=e551]: 三笔盘整 4 组
                  - generic [ref=e552]: 笔级重叠 · 非中枢
              - group [ref=e553]:
                - generic "多周期概览 · 600699 量价、动能、严格笔与背离" [ref=e554] [cursor=pointer]:
                  - strong [ref=e555]: 多周期概览 · 600699
                  - generic [ref=e556]: 量价、动能、严格笔与背离
                - generic [ref=e557]:
                  - generic [ref=e558]:
                    - generic [ref=e559]:
                      - generic [ref=e560]: 共同截止
                      - time [ref=e561]: 2026-09-29 15:00:00
                    - generic [ref=e562]:
                      - checkbox "自动更新" [ref=e563]
                      - text: 自动更新
                    - button "更新概览" [ref=e564] [cursor=pointer]
                    - button "保存研究快照" [ref=e565] [cursor=pointer]
                  - region "多周期概览表" [ref=e566]:
                    - paragraph [ref=e567]: 横向查看各项信息；点击周期查看完整依据。成交量均线沿用行情原始口径，同周期比较；数值显示两位小数，判定使用未舍入值。
                    - region "多周期概览数据，可横向滚动" [ref=e568]:
                      - table [ref=e569]:
                        - caption [ref=e570]: 所选标的按周期汇总的量价、动能、严格笔与背离信息
                        - rowgroup [ref=e571]:
                          - row [ref=e572]:
                            - columnheader "周期" [ref=e573]
                            - columnheader "均线 / 价格" [ref=e574]
                            - columnheader "成交量" [ref=e575]
                            - columnheader "MACD" [ref=e576]
                            - columnheader "严格笔与当前方向" [ref=e577]
                            - columnheader "背离" [ref=e578]
                            - columnheader "其他" [ref=e579]
                        - rowgroup [ref=e580]:
                          - row [ref=e719]:
                            - rowheader [ref=e582]:
                              - strong [ref=e583]: 周线
                            - cell "本机验收：该周期冻结行情尚未提供 本周期未得出结论；其他周期独立保留。" [ref=e720]:
                              - text: 本机验收：该周期冻结行情尚未提供
                              - generic [ref=e721]: 本周期未得出结论；其他周期独立保留。
                          - row [ref=e722]:
                            - rowheader [ref=e723]:
                              - button "查看日线完整依据" [ref=e724] [cursor=pointer]:
                                - text: 日线
                                - generic [aria-hidden] [ref=e725]: ↗
                              - generic [ref=e726]:
                                - text: 已收盘截止
                                - time [ref=e727]: 2026-09-29 15:00:00
                            - cell [ref=e728]:
                              - paragraph [ref=e729]: 收盘 22.75
                              - paragraph [ref=e730]: MA5 22.34 / MA10 20.88
                              - paragraph [ref=e731]: 短期多头收敛
                              - paragraph [ref=e732]: 多头至 MA30 · 空头未排列
                            - cell [ref=e733]:
                              - paragraph [ref=e734]: MAVOL5 95152474.40
                              - paragraph [ref=e735]: MAVOL10 70584988.60
                              - paragraph [ref=e736]: 短期均量优势收窄
                              - paragraph [ref=e737]: 本根 / 前 20 根均量：2.08 倍
                            - cell [ref=e738]:
                              - paragraph [ref=e739]: DIF 0.69 / DEA 0.17
                              - paragraph [ref=e740]: 零轴上方 · 红柱 · 缩短
                              - paragraph [ref=e741]: DIF 位于 DEA 上方，间距收窄
                            - cell [ref=e742]:
                              - paragraph [ref=e743]: 向上严格笔 · 末端可延伸
                              - paragraph [ref=e744]: 2026-09-16 00:00:00 → 2026-09-28 00:00:00；17.80 → 24.50
                              - paragraph [ref=e745]: 当前观察：向下观察，尚未严格成笔
                              - paragraph [ref=e746]: 观察可知：2026-09-29 15:00:00
                            - cell [ref=e747]:
                              - paragraph [ref=e748]: 标准波段底背离 · 已确认；极值 2026-09-16 00:00:00；确认 2026-09-17 00:00:00
                            - cell [ref=e749]:
                              - paragraph [ref=e750]: 三组快慢线差值同时减少；联合动能减弱
                              - paragraph [ref=e751]: BOLL 带宽扩张（不表示突破方向）
                              - paragraph [ref=e752]: 成交量为前 20 根均量的 2.08 倍，达到异常放量观察阈值
                              - paragraph [ref=e753]: 观察窗口：2026-09-01 00:00:00 — 2026-09-29 00:00:00（20 根）
                          - row [ref=e754]:
                            - rowheader [ref=e590]:
                              - strong [ref=e591]: 30 分钟
                            - cell "本机验收：该周期冻结行情尚未提供 本周期未得出结论；其他周期独立保留。" [ref=e755]:
                              - text: 本机验收：该周期冻结行情尚未提供
                              - generic [ref=e756]: 本周期未得出结论；其他周期独立保留。
                          - row [ref=e757]:
                            - rowheader [ref=e594]:
                              - strong [ref=e595]: 15 分钟
                            - cell "本机验收：该周期冻结行情尚未提供 本周期未得出结论；其他周期独立保留。" [ref=e758]:
                              - text: 本机验收：该周期冻结行情尚未提供
                              - generic [ref=e759]: 本周期未得出结论；其他周期独立保留。
                          - row [ref=e760]:
                            - rowheader [ref=e598]:
                              - strong [ref=e599]: 5 分钟
                            - cell "本机验收：该周期冻结行情尚未提供 本周期未得出结论；其他周期独立保留。" [ref=e761]:
                              - text: 本机验收：该周期冻结行情尚未提供
                              - generic [ref=e762]: 本周期未得出结论；其他周期独立保留。
                  - group [ref=e601]:
                    - generic "周期与研究参数" [ref=e602] [cursor=pointer]
                  - alert [ref=e763]: 周线：本机验收：该周期冻结行情尚未提供
                  - alert [ref=e764]: 30 分钟：本机验收：该周期冻结行情尚未提供
                  - alert [ref=e765]: 15 分钟：本机验收：该周期冻结行情尚未提供
                  - alert [ref=e766]: 5 分钟：本机验收：该周期冻结行情尚未提供
                  - generic [ref=e767]:
                    - generic [ref=e768]:
                      - heading "周期观察" [level=4] [ref=e769]
                      - generic [ref=e770]: 点击周期展开过程与依据
                    - group [ref=e771]:
                      - generic "› 日线 上行 · 末端回落 向下观察，尚未严格成笔 22.75 零轴上方" [ref=e772] [cursor=pointer]:
                        - generic [ref=e773]: › 日线
                        - generic [ref=e774]:
                          - strong [ref=e775]: 上行 · 末端回落
                          - generic [ref=e776]: 向下观察，尚未严格成笔
                        - generic [ref=e777]:
                          - text: "22.75"
                          - generic [ref=e778]: 零轴上方
                    - group [ref=e779]:
                      - generic "跨周期过轴时间对照" [ref=e780] [cursor=pointer]
                  - generic [ref=e781]:
                    - heading "观察与分歧" [level=4] [ref=e782]
                    - paragraph [ref=e783]: 仅使用共同截止点前完整 K 线；结构层级不等于图表周期；不按周期多数投票；过轴先后只记录事实，不作强制条件。当前调整后快照不等于历史当天的数据版本；缺失的旧分钟行情不作推断。
            - generic [ref=e604]:
              - paragraph [ref=e605]: 以下结构明细对应个股 · 600699
              - navigation "缠论结果分类" [ref=e606]:
                - button "结构 59" [ref=e607] [cursor=pointer]:
                  - text: 结构
                  - generic [ref=e608]: "59"
                - button "买卖点 1" [ref=e609] [cursor=pointer]:
                  - text: 买卖点
                  - generic [ref=e610]: "1"
                - button "背离 / 背驰 19" [ref=e611] [cursor=pointer]:
                  - text: 背离 / 背驰
                  - generic [ref=e612]: "19"
              - region "信号证据检索" [ref=e827]:
                - generic [ref=e828]:
                  - generic [ref=e829]:
                    - heading "信号证据" [level=3] [ref=e830]
                    - paragraph [ref=e831]: 买卖点、M1、背离与核验共用检索，各自保留独立依据。
                  - button "清除筛选" [ref=e832] [cursor=pointer]
                - status [ref=e833]:
                  - generic [ref=e834]:
                    - strong [ref=e835]: 图表日期 · 2026-08-12
                    - paragraph [ref=e836]: 匹配极值、对照、提示、确认、失效日期，以及覆盖该日的 A/B/C 或拦截区间；不代表当时已确认。
                  - button "返回图表" [ref=e837] [cursor=pointer]
                - generic [ref=e838]:
                  - generic [ref=e839]:
                    - generic [ref=e840]: 日期或原因
                    - searchbox "日期或原因" [ref=e841]
                  - generic [ref=e842]:
                    - generic [ref=e843]: 识别类型
                    - combobox "证据识别类型" [ref=e845] [cursor=pointer]:
                      - generic [ref=e846]: 全部类型
                  - generic [ref=e849]:
                    - generic [ref=e850]: 当前状态
                    - combobox "证据当前状态" [ref=e852] [cursor=pointer]:
                      - generic [ref=e853]: 全部状态
                  - generic [ref=e856]:
                    - generic [ref=e857]: 方向
                    - combobox "证据方向" [ref=e859] [cursor=pointer]:
                      - generic [ref=e860]: 全部方向
                - status [ref=e863]:
                  - text: 买卖点 0 / 1 条
                  - generic [aria-hidden] [ref=e864]: ·
                  - text: M1 0 / 4 条
                  - generic [aria-hidden] [ref=e865]: ·
                  - text: 背离 0 / 71 条
                  - generic [aria-hidden] [ref=e866]: ·
                  - text: 核验 6 / 967 组
                - paragraph [ref=e867]: 仅搜索本次快照返回的日期、依据与拦截记录。M1 是部分已确认标准波段背离的提示，不是结构性一类点；各视图数量不相加作为信号总数。
                - group "证据视图" [ref=e868]:
                  - button "结构买卖点 0" [ref=e869] [cursor=pointer]:
                    - text: 结构买卖点
                    - generic [ref=e870]: "0"
                  - button "MACD M1 0" [ref=e871] [cursor=pointer]:
                    - text: MACD M1
                    - generic [ref=e872]: "0"
                  - button "背离事件 0" [ref=e873] [cursor=pointer]:
                    - text: 背离事件
                    - generic [ref=e874]: "0"
                  - button "规则核验 6" [pressed] [ref=e875] [cursor=pointer]:
                    - text: 规则核验
                    - generic [ref=e876]: "6"
                - group [ref=e877]:
                  - generic "背离核验与规则对照 6 组匹配 · 展示 6 组" [ref=e878] [cursor=pointer]:
                    - strong [ref=e879]: 背离核验与规则对照
                    - generic [ref=e880]: 6 组匹配 · 展示 6 组
                  - generic [ref=e881]:
                    - generic [ref=e882]:
                      - generic [ref=e883]:
                        - term [ref=e884]: 标准
                        - definition [ref=e885]: 使用有效 A
                      - generic [ref=e886]:
                        - term [ref=e887]: 非标准
                        - definition [ref=e888]: 完整 A · 保留 DIF 改善、B/C 同侧与 B 回拉
                      - generic [ref=e889]:
                        - term [ref=e890]: 特殊
                        - definition [ref=e891]: 对照前一 A 的指标极值
                      - generic [ref=e892]:
                        - term [ref=e893]: 双线
                        - definition [ref=e894]: 对照最近局部极值
                    - paragraph [ref=e895]: 各类分别记录依据，不互相覆盖。核验通过项数仅用于审核，不代表信号强弱或胜率。
                    - group [ref=e896]:
                      - generic "特殊顶背离 未形成候选 B 2026-08-20 — 2026-09-01 1 / 4 项通过 B 尚未达到前一 A 的价格极值；B 价格极值当根 DIF 未优于 A 段 DIF 极值或轴侧不符；B 价格极值当根 DEA 未优于 A 段 DEA 极值或轴侧不符" [ref=e897]:
                        - strong [ref=e898]: 特殊顶背离
                        - generic [ref=e899]: 未形成候选
                        - generic [ref=e900]:
                          - generic [ref=e901]: B 2026-08-20 — 2026-09-01
                          - generic [ref=e902]: 1 / 4 项通过
                        - generic [ref=e903]: B 尚未达到前一 A 的价格极值；B 价格极值当根 DIF 未优于 A 段 DIF 极值或轴侧不符；B 价格极值当根 DEA 未优于 A 段 DEA 极值或轴侧不符
                    - group [ref=e904]:
                      - generic "非标准顶背离 未形成候选 C 2026-09-02 — 2026-09-11 12 / 16 项通过 B、C 内 DIF 触轴或跨轴；DIF 段内极值未改善，或不在目标零轴一侧；B、C 内 DEA 触轴或跨轴；DEA 极值不在目标零轴一侧" [ref=e905]:
                        - strong [ref=e906]: 非标准顶背离
                        - generic [ref=e907]: 未形成候选
                        - generic [ref=e908]:
                          - generic [ref=e909]: C 2026-09-02 — 2026-09-11
                          - generic [ref=e910]: 12 / 16 项通过
                        - generic [ref=e911]: B、C 内 DIF 触轴或跨轴；DIF 段内极值未改善，或不在目标零轴一侧；B、C 内 DEA 触轴或跨轴；DEA 极值不在目标零轴一侧
                    - group [ref=e912]:
                      - generic "非标准底背离 未形成候选 C 2026-08-20 — 2026-09-01 14 / 16 项通过 C 同色柱面积未小于比较 A；B 最低低于 A 最低，或 B 最高高于 A 最高" [ref=e913]:
                        - strong [ref=e914]: 非标准底背离
                        - generic [ref=e915]: 未形成候选
                        - generic [ref=e916]:
                          - generic [ref=e917]: C 2026-08-20 — 2026-09-01
                          - generic [ref=e918]: 14 / 16 项通过
                        - generic [ref=e919]: C 同色柱面积未小于比较 A；B 最低低于 A 最低，或 B 最高高于 A 最高
                    - group [ref=e920]:
                      - generic "非标准顶背离 未形成候选 C 2026-07-15 — 2026-08-19 11 / 16 项通过 C 同色柱面积未小于比较 A；B、C 内 DIF 触轴或跨轴；DIF 段内极值未改善，或不在目标零轴一侧；B、C 内 DEA 触轴或跨轴；DEA 极值不在目标零轴一侧" [ref=e921]:
                        - strong [ref=e922]: 非标准顶背离
                        - generic [ref=e923]: 未形成候选
                        - generic [ref=e924]:
                          - generic [ref=e925]: C 2026-07-15 — 2026-08-19
                          - generic [ref=e926]: 11 / 16 项通过
                        - generic [ref=e927]: C 同色柱面积未小于比较 A；B、C 内 DIF 触轴或跨轴；DIF 段内极值未改善，或不在目标零轴一侧；B、C 内 DEA 触轴或跨轴；DEA 极值不在目标零轴一侧
                    - group [ref=e928]:
                      - generic "标准底背离 未形成候选 C 2026-08-20 — 2026-09-01 18 / 19 项通过 C 同色柱面积未小于比较 A" [ref=e929]:
                        - strong [ref=e930]: 标准底背离
                        - generic [ref=e931]: 未形成候选
                        - generic [ref=e932]:
                          - generic [ref=e933]: C 2026-08-20 — 2026-09-01
                          - generic [ref=e934]: 18 / 19 项通过
                        - generic [ref=e935]: C 同色柱面积未小于比较 A
                    - group [ref=e936]:
                      - generic "标准顶背离 未形成候选 C 2026-07-15 — 2026-08-19 2 / 3 项通过 A 尚无双线同在目标零轴一侧的有效尾段" [ref=e937]:
                        - strong [ref=e938]: 标准顶背离
                        - generic [ref=e939]: 未形成候选
                        - generic [ref=e940]:
                          - generic [ref=e941]: C 2026-07-15 — 2026-08-19
                          - generic [ref=e942]: 2 / 3 项通过
                        - generic [ref=e943]: A 尚无双线同在目标零轴一侧的有效尾段
```
