
> web-ui@0.0.0 test
> node scripts/run-tests.mjs

✔ higher sources resolve actual records and separate original from current review time (1.079209ms)
✔ base sources and foreign witness rejection have distinct Chinese descriptions (0.095875ms)
✔ inconsistent candidate has no replay evidence: unknown reason (0.081333ms)
✔ inconsistent candidate has no replay evidence: prototype key (0.061667ms)
✔ inconsistent candidate has no replay evidence: future version (0.057666ms)
✔ inconsistent candidate has no replay evidence: future completion (0.049042ms)
✔ inconsistent candidate has no replay evidence: missing time (0.049167ms)
✔ inconsistent candidate has no replay evidence: empty source (2.785583ms)
✔ inconsistent candidate has no replay evidence: duplicate source (0.205542ms)
✔ inconsistent candidate has no replay evidence: unknown source (0.1565ms)
✔ inconsistent candidate has no replay evidence: mixed levels (0.112042ms)
✔ inconsistent candidate has no replay evidence: future child (0.074834ms)
✔ inconsistent candidate has no replay evidence: wrong child level (0.060584ms)
✔ inconsistent candidate has no replay evidence: duplicate record (0.051709ms)
✔ inconsistent candidate has no replay evidence: empty record range (0.099167ms)
✔ inconsistent candidate has no replay evidence: gap (0.08225ms)
✔ inconsistent candidate has no replay evidence: wrong parent range (0.051167ms)
✔ inconsistent candidate has no replay evidence: reversed sources (1.091958ms)
✔ inconsistent candidate has no replay evidence: unsafe base number (0.900666ms)
✔ 80 percent transparency is 20 percent alpha, for both candle directions (0.652209ms)
✔ transparency stays finite, integer, and bounded (0.1995ms)
✔ body is symmetric around the unchanged wick across widths and fractional positions (22.14125ms)
✔ horizontal candles preserve every price coordinate (0.153667ms)
✔ missing or non-finite candle layouts are left untouched (0.137084ms)
✔ native ECharts layout remains centred after resize, zoom and data replacement (118.876334ms)
✔ zooming out of large-data line mode restores centred candle bodies (10.138125ms)
✔ structure widths retain existing defaults and hover appearance (1.846584ms)
✔ manual values stay finite, bounded, and at two decimal places (3.106375ms)
✔ raw index overrides rounded dates, including zero (0.449291ms)
✔ legacy intraday dates never fall back to the first bar of the day (0.099834ms)
✔ duplicate formatted times fail safely without a raw index (0.071167ms)
✔ padding keeps the 23px marker plus radius inside the price pane (0.111375ms)
✔ flat, zero and negative ranges get finite padding; invalid extents do not (0.084625ms)
✔ single-bar time link is a thin line limited to each actual plot (1.992416ms)
✔ multi-bar time link has no border and clips to plot, never clamps offscreen data to an edge (0.708583ms)
✔ time links map daily coverage to all minute bars, not a matching ordinal (0.197792ms)
✔ weekly and monthly end-labelled bars cover earlier constituent dates without changing data (1.415083ms)
✔ nearest marker wins regardless of signal family, only co-located points share chooser (1.615958ms)
✔ immutable request cache deduplicates pending work, isolates payload keys and retries errors (0.419791ms)
✔ all six structural types keep extrema and confirmation separate with original evidence (0.5655ms)
✔ legacy records do not invent confirmation or structural sources (0.118167ms)
✔ M1 keeps independent MACD source and original direction, never a structural type (0.317583ms)
✔ all chart layers override independent animation and progressive rendering (2.006ms)
✔ rejects invalid saved zooms (0.757333ms)
✔ same-snapshot redraw keeps current manually chosen view (0.091667ms)
✔ focus redraw keeps manual zoom; clearing restores pre-focus view (0.068625ms)
✔ switching focus preserves the original return view (0.060458ms)
✔ new snapshot resets saved focus view and never revives old zoom (0.06ms)
✔ default inactive; moving does not show cards and leaving does not deactivate (1.3235ms)
✔ object previews can read date-card activation without activating it (0.160417ms)
✔ click selects a point; outside click closes; inside click is not dismissed (0.107916ms)
✔ activated cards follow movement until outside dismissal, then require another click (0.106459ms)
✔ zoom clears stale coordinates but preserves activation (0.07875ms)
✔ data reset and Escape deactivate; teardown removes all handlers (0.1025ms)
✔ directed centre chain is candidate evidence, not completion (2.403125ms)
✔ touching, opposing, future, overlapping or malformed chains fail closed (0.277625ms)
✔ single-centre and legacy components remain readable (0.091166ms)
✔ inside, border, reversed y and overlapping rectangles resolve newest first (1.095666ms)
✔ invalid or missing render coordinates cannot create hits (0.118125ms)
✔ popup stays within narrow viewport and near-edge right click (0.095542ms)
✔ roles are Chinese and unknown roles never claim completion (0.83675ms)
✔ source ranges keep one-based indices without disguising gaps (1.371125ms)
✔ coverage checks counts, repeats and missing IDs (0.251542ms)
✔ missing, empty and rejected suffix are explicit (0.131625ms)
✔ invalid counts and empty blocks cannot pass the coverage audit (0.092292ms)
✔ uses raw indices, allows shared endpoints and bounds zoom padding (1.3735ms)
✔ does not invent a B interval or infer indices from formatted dates (0.104667ms)
✔ rejects partial, reversed, overlapping and out-of-snapshot evidence (0.123417ms)
✔ allows inspection of historical failed evidence without reviving it (0.286583ms)
✔ local proof draws frozen exact endpoints only after its actual confirmation (0.233584ms)
✔ dual-line divergence uses two exact raw indices, never artificial ABC ranges (0.10075ms)
✔ dual-line focus rejects missing, duplicate, reversed and out-of-range points (0.101792ms)
✔ special wave focus uses AB and its extreme without inventing C (0.100041ms)
✔ direction, family and lifecycle have independent marker styles (0.5935ms)
✔ no-C dual-line remains a circle and fills only on first reverse-pen confirmation (1.391792ms)
✔ M1 is restricted to confirmed waves with a later actual confirmation (0.165167ms)
✔ four families retain independent records and nonstandard uses a triangle (0.189791ms)
✔ October 4 marker matrix uses shape for family and colour only for direction (0.125167ms)
✔ special AB evidence separates A line extrema from both price anchors and legacy pivots (0.128042ms)
✔ history is opt-in, inactive stays grey hollow, never creates M1 (0.111625ms)
✔ every historical shape uses a continuous hollow contour, including on hover (0.121625ms)
✔ new nonstandard evidence relaxes prices only and records each subtype (0.115916ms)
✔ new dual rule cannot fill without recorded later local confirmation (0.097959ms)
✔ historical engineering match retains original timing without claiming regrouping completion (2.369917ms)
✔ future, stale, mismatched or incomplete evidence fails closed (0.794541ms)
✔ older snapshots and unmatched parts keep existing natural audit available (0.079333ms)
✔ engineering provenance uses the same one-based numbering as other inspectors (0.532625ms)
✔ mixed recursion distinguishes consolidation and trend from the old trend view (0.133791ms)
✔ unknown or reversed provenance is not presented as a completed trend (0.065ms)
✔ indicator and price values use two decimals without inventing missing evidence (0.079583ms)
✔ recursive centre relations never call extension candidates completed types (0.081416ms)
✔ admissions distinguish unit confirmation from later failed-return admission (0.056208ms)
✔ display fields retain all text including dates, provenance, and secondary colons (0.823625ms)
✔ narrative, missing evidence, and timestamp headings remain whole (0.09125ms)
✔ all candidate states distinguish eligibility from completed natural types (0.854667ms)
✔ opposite geometry identifies reused next-part evidence, including nonzero source IDs (0.55475ms)
✔ external opposite geometry is not added to candidate membership (0.095833ms)
✔ missing, stale, misattributed or future opposite geometry is not displayed as matched (0.137792ms)
✔ preferred endpoints are never called completed types; conflicts are retained (0.074542ms)
✔ opposite base turn is not same-level completion (0.089041ms)
✔ price formatting preserves zero and boundary contact, guards non-finite values (0.104291ms)
✔ candidate audit joins by identity, not response order (0.073125ms)
✔ part audit must match ordinal AND exact raw source IDs, including shifted IDs (0.12675ms)
✔ locates the three raw ranges without relabelling them as MACD or confirmed centres (1.862625ms)
✔ candidate must already be observable at the CURRENT replay prefix (0.189125ms)
✔ no incomplete, waiting or unsupported candidate is given a fabricated range (0.10425ms)
✔ raw bar boundaries must be contiguous and inside the visible window (0.154333ms)
✔ source partitions must cover every original segment once, preserving nonzero IDs (0.125541ms)
✔ conflicting geometric fallback remains viewable for manual audit (0.083ms)
✔ clearing a regrouping focus restores original zoom; a new replay snapshot does not (0.1205ms)
✔ membership labels distinguish source confirmation from later admission (0.472167ms)
✔ admission witness distinguishes confirmation dependency from geometric membership (0.285167ms)
✔ old or malformed evidence never invents an admission witness (0.188292ms)
✔ menus stay inside phone, keyboard and landscape viewports (0.547583ms)
✔ near-bottom controls open upwards without changing ordinary desktop width (0.08775ms)
✔ marker hit uses signed stacking offset for both directions, not candle position (0.903667ms)
✔ symbol size and invalid render positions are handled safely (0.46275ms)
✔ aborted late response cannot publish metadata even if transport ignores abort (36.862084ms)
✔ missing provenance or silently changed adjustment never reaches research (0.17475ms)
✔ reported gaps do not falsely label suspension or prevent inspecting valid candles (0.109584ms)
✔ history fetch consumes one verified range and publishes complete metadata only after validation (0.565125ms)
✔ unclosed response never updates provenance or reaches the backtest (0.279333ms)
✔ whole proof validated without mutation, and cross-role ownership remains visible (0.93225ms)
✔ stale, future, duplicated, incomplete, falsely completed and mismatched sources rejected (0.285708ms)
✔ base runs cannot masquerade as proofs or own multiple provisional regions (0.07025ms)
✔ blocked covers show full conflicts, never fabricated flattened blocks (0.086417ms)
✔ labels retain provisional scope (0.061916ms)
✔ all seven MA presets are available but only MA5 and MA10 start visible (0.809417ms)
✔ each chart session gets independent editable settings without changing presets (0.553584ms)
✔ MA presets retain the requested yellow, white, purple, green, cyan, orange, red palette (0.2065ms)
✔ legend retains every MA choice and explicit hidden states override stale chart selection (0.240667ms)
✔ cross-boundary details resolve actual input and nested ownership records (4.410792ms)
✔ unowned reverse evidence stays explicitly unowned for boundary rejection (0.157292ms)
✔ foreign witness can be shown for an otherwise single-owner candidate (0.111916ms)
✔ legacy candidates do not invent missing conflict details (0.1285ms)
✔ damaged detail is not presented: mismatched candidate sources (3.994083ms)
✔ damaged detail is not presented: wrong layer (0.127375ms)
✔ damaged detail is not presented: unknown reverse input (0.158875ms)
✔ damaged detail is not presented: wrong reverse range (0.082958ms)
✔ damaged detail is not presented: reverse overlaps prices (0.079416ms)
✔ damaged detail is not presented: future reverse confirmation (0.114833ms)
✔ damaged detail is not presented: wrong reverse time (0.068542ms)
✔ damaged detail is not presented: incomplete domain list (0.074041ms)
✔ damaged detail is not presented: duplicate domains (0.051542ms)
✔ damaged detail is not presented: noncontinuous domain (0.042583ms)
✔ damaged detail is not presented: foreign domain misses witness (0.048166ms)
✔ damaged detail is not presented: false unowned witness (0.046834ms)
✔ damaged detail is not presented: missing nested record (0.052042ms)
✔ damaged detail is not presented: wrong reason (0.055333ms)
✔ only current owner revisions form the displayed ownership set (1.861458ms)
✔ internal provenance remains distinct and validates enclosing ownership (1.4685ms)
✔ parent-covered history is not labeled as an additional effective input (0.205041ms)
✔ nested provenance validates containment and strictly increasing input levels (0.395209ms)
✔ current owner labels are distinct from creation IDs and tolerate old snapshots (0.271083ms)
✔ summary mode lists every historical address, not just current versions (0.752833ms)
✔ full and missing legacy snapshots stay readable without inventing history (0.080666ms)
✔ all four analysis paths explicitly request summary delivery without changing input (0.349333ms)
✔ complete lifecycle stays chronological, does not mutate input, and uses Chinese labels (2.735708ms)
✔ legacy or future history is not invented (0.559667ms)
✔ dangling, reordered, duplicated, miscounted and conflicting histories fail closed (2.166833ms)
✔ equal counts cannot hide swapped source identities (0.187791ms)
✔ intermediate event boundaries must equal actual inherited and added sources (0.167708ms)
✔ input evidence must exist at the correct level and be available at admission (0.449334ms)
✔ invalid domain sources, membership and parent context fail closed (0.391458ms)
✔ leftward growth, shifted sources and newly filled merge gaps remain valid (5.212084ms)
✔ both periods exclude future and open candles while retaining original warm-up start (0.60575ms)
✔ snapshot observation time caps cutoff; bar start before cutoff is not enough (0.079708ms)
✔ no timeframe fallback or fabricated candles when historical minute range is unavailable (0.075583ms)
✔ index and board snapshots retain NONE adjustment, mismatch is rejected (0.233167ms)
✔ missing completion evidence, timezone timestamps and unordered bars fail explicitly (0.148292ms)
✔ week/month completion boundary comes from provider annotation, not day label (0.100917ms)
✔ forming candles preserve OHLC and use dashed empty outlines (0.421084ms)
✔ forming volume and signed MACD columns preserve values and direction (0.097209ms)
✔ late messages, close and errors from an old socket cannot affect replacement (0.848ms)
✔ invalid messages and control responses never become ticks; close reason retained (0.505541ms)
✔ matching versions are selected by case identity without mutation (0.915167ms)
✔ future snapshots, wrong rules, incomplete chains and duplicate cases are rejected (0.208833ms)
✔ labels never confuse endpoint consistency or higher-centre proof with completion (0.125417ms)
✔ v2 keeps the detached prefix and v1 remains readable (0.290542ms)
✔ v3 supports trend search while retaining the same ownership guards (0.104125ms)
✔ missing, duplicated, misattributed or silently completed prefix is rejected (0.324625ms)
✔ reincorporation is recorded explicitly instead of erasing detached history (0.129958ms)
✔ accepts bounded history and empty verified batches (0.49ms)
✔ rejects wrong batch, future indices, broken sources and contradictory state (0.234666ms)
✔ research labels distinguish absence, release, retained and internal (0.076542ms)
✔ late old responses cannot own a newer research request (0.930458ms)
✔ submission fields are captured values, not mutable form references (0.8985ms)
✔ snapshot import keeps original data and normalizes optional display metadata (0.864625ms)
✔ reject invalid schema, periods, oversized arrays and impossible candle prices (0.283958ms)
✔ window is exchange local and bounded by the snapshot cutoff (0.9ms)
✔ missing numbers and candidate status are never promoted (0.108292ms)
✔ amber projection resolves daily and minute labels, ignores open candle (0.2875ms)
✔ audit description translates permissions and never renders arbitrary detail fields (4.655083ms)
✔ audit time is explicitly Shanghai time and invalid data remains readable (34.979709ms)
✔ audit API preserves bounded pagination/filter state and authenticated credentials (34.325792ms)
✔ new standard evidence explains price, old blocker and independent special lifecycle (1.085125ms)
✔ new gates include counts, boundary and dates without undefined placeholder (0.206166ms)
✔ legacy comparisons retain old detected confirmed and invalidated dates (0.144292ms)
✔ structure dates remove midnight noise without changing intraday precision (0.500959ms)
✔ centre evidence distinguishes fixed core, outer range and candidate expansion (1.148917ms)
✔ segment evidence includes source prices and reverse proof with one-based labels (0.383583ms)
✔ missing legacy evidence does not invent confirmation (0.2205ms)
✔ special inclusion explains boundary exception without labelling it an ordinary fractal (0.15275ms)
✔ centre relation history distinguishes current candidate from original separation (0.224792ms)
✔ confirmation replay translates raw indices without date matching (0.218458ms)
✔ unknown, invalid or out-of-snapshot confirmations have no replay target (0.177709ms)
✔ connection badge validates shared time, price and alternating direction (0.147334ms)
✔ reverse preview uses observed extreme, not last close or a future target (3.384125ms)
✔ mirrored lows produce an upward reference (0.114417ms)
✔ no invented reference for missing, ambiguous, extending, or invalid inputs (5.075292ms)
✔ replay prefix cannot use a later extreme; ties retain first occurrence (3.686458ms)
✔ ongoing consolidation differs by color, line pattern, and fill (0.174625ms)
✔ cancelling is not terminal and elapsed values remain readable (1.205708ms)
✔ runBacktestWithPolling waits through cancelling and returns cancelled (21.169542ms)
✔ runBacktestWithPolling waits through cancelling and returns timed_out (0.728666ms)
✔ runSignalScanWithPolling waits through cancelling and returns cancelled (1.951375ms)
✔ runSignalScanWithPolling waits through cancelling and returns timed_out (1.899417ms)
✔ cancel API uses POST, and partial cancelled scan results are never accepted (0.45175ms)
✔ persistent recovery and version mismatch are distinct from completion (0.282375ms)
✔ terminal task deletion handles empty 204 and encodes identity (0.141583ms)
✔ checkpoint presence is not confused with verified reuse or task completion (0.271584ms)
✔ cached completed submission is retrieved rather than shown as running (0.344166ms)
✔ network failures are localized across WebKit, Chromium and Firefox (0.386667ms)
✔ exact current revision accepts only its own evidence without mutation (1.370167ms)
✔ old partition, stale version, future evidence and false completion are rejected (0.295667ms)
✔ historical audit cannot import a later opposite segment (0.168083ms)
✔ empty partitions and higher-proof priority retain explicit blockers (0.199833ms)
✔ new blockers use Chinese labels without calling prerequisites completion (0.270625ms)
✔ missing comparison interval is explained in Chinese without inventing a date (0.661166ms)
✔ special diagnostics identify each A indicator witness rather than the price witness (0.247125ms)
✔ nonstandard DEA axis gate remains explicit without an improvement requirement (0.201708ms)
✔ DEA tolerance discloses research threshold, precise deviation and near-zero fallback (0.251125ms)
✔ wave evidence separates effective A from original wave and local pivots (1.536833ms)
✔ rounded equal line extrema disclose the precise failed values and witness times (0.325416ms)
✔ comparisons are explicitly research only and preserve B/C axis checks (0.133208ms)
✔ unformed candidate shows Chinese gates, two-decimal values and rejection dates (0.1135ms)
✔ new nonstandard audit explicitly uses full A and first-formed reverse evidence explains gaps (0.124375ms)
ℹ tests 237
ℹ suites 0
ℹ pass 237
ℹ fail 0
ℹ cancelled 0
ℹ skipped 0
ℹ todo 0
ℹ duration_ms 992.631833
→ 打包中…
→ 运行测试…
京东方评级: D 分数: 34.3
维度明细: 卡玛比率=22.7, 最大回撤=27.5, 胜率=33.5, 利润因子=34.1, 夏普比率=41.5, 波动率=50.1
否决: 利润因子 1.11 接近 1，仅勉强盈亏平衡
长线优质策略评级: B 分数: 64.5
维度权重: 卡玛比率=28%, 最大回撤=26%, 胜率=0%, 利润因子=0%, 夏普比率=23%, 波动率=23%
优质案例评级: A 分数: 83.9
寻优点评级: A 74
组合重算指标: { '年化': '20.83%', '回撤': '0.80%', '夏普': '5.27', '卡玛': '26.03' }
稳定上涨组合评级: S 91.8
波动组合重算: { '回撤': '44.15%', '夏普': '-2.64', '持续': 60 }
波动组合评级: D 18.5
✔ 京东方回测必须评为 D 档（用户核心诉求验证点） (1.805792ms)
✔ 京东方评分应在 30-43 区间（C 与 D 的边界） (0.139625ms)
✔ 低利润因子触发系统亏损否决 (0.090167ms)
✔ 样本不足（< 10 笔交易）降权但不否决整个评级 (0.176458ms)
✔ 用户实测场景：6年6笔交易 + 高夏普 → 应得 A/B（核心回归测试） (0.347ms)
✔ 深回撤 > 60% 触发直接 D 否决 (0.118875ms)
✔ 优质回测应得 A 或 S 档 (0.115459ms)
✔ 高回撤但收益高 → 最高 B（一票否决 cap） (0.079083ms)
✔ 插值函数：边界值取端点分数 (0.066625ms)
✔ 插值函数：中间值线性插值 (0.093334ms)
✔ 寻优评级：4 维度降级版 (0.118958ms)
✔ 寻优评级：网格点交易太少 → 降权但评级照常 (0.059875ms)
✔ 组合评级：稳定上涨净值应得 A 或 S (2.046ms)
✔ 组合评级：高波动深回撤净值 → 低档 (0.455625ms)
✔ combinedMetrics：单点净值返回全 0（兜底） (0.04075ms)
ℹ tests 15
ℹ suites 0
ℹ pass 15
ℹ fail 0
ℹ cancelled 0
ℹ skipped 0
ℹ todo 0
ℹ duration_ms 59.864834
