
> web-ui@0.0.0 test
> node scripts/run-tests.mjs

✔ trade lookup keeps the exact minute across separators, precision and days (12.23275ms)
✔ date-only values cannot choose the midnight bar of an ambiguous day (13.497542ms)
✔ daily and duplicate exact timestamps keep first positional matches (0.245584ms)
✔ nanoseconds and timezone text are not truncated into a false match (0.2135ms)
✔ date labels preserve useful precision without local timezone conversion (0.6595ms)
✔ higher sources resolve actual records and separate original from current review time (3.318792ms)
✔ base sources and foreign witness rejection have distinct Chinese descriptions (0.273917ms)
✔ inconsistent candidate has no replay evidence: unknown reason (0.18425ms)
✔ inconsistent candidate has no replay evidence: prototype key (0.154583ms)
✔ inconsistent candidate has no replay evidence: future version (0.145333ms)
✔ inconsistent candidate has no replay evidence: future completion (0.110833ms)
✔ inconsistent candidate has no replay evidence: missing time (1.418625ms)
✔ inconsistent candidate has no replay evidence: empty source (0.537791ms)
✔ inconsistent candidate has no replay evidence: duplicate source (0.098042ms)
✔ inconsistent candidate has no replay evidence: unknown source (0.117417ms)
✔ inconsistent candidate has no replay evidence: mixed levels (0.095875ms)
✔ inconsistent candidate has no replay evidence: future child (0.063292ms)
✔ inconsistent candidate has no replay evidence: wrong child level (0.050583ms)
✔ inconsistent candidate has no replay evidence: duplicate record (0.043417ms)
✔ inconsistent candidate has no replay evidence: empty record range (0.047334ms)
✔ inconsistent candidate has no replay evidence: gap (0.086417ms)
✔ inconsistent candidate has no replay evidence: wrong parent range (0.037583ms)
✔ inconsistent candidate has no replay evidence: reversed sources (0.04125ms)
✔ inconsistent candidate has no replay evidence: unsafe base number (0.075084ms)
✔ 80 percent transparency is 20 percent alpha, for both candle directions (0.434417ms)
✔ transparency stays finite, integer, and bounded (0.087541ms)
✔ body is symmetric around the unchanged wick across widths and fractional positions (2.599ms)
✔ horizontal candles preserve every price coordinate (0.107417ms)
✔ missing or non-finite candle layouts are left untouched (0.112125ms)
✔ native ECharts layout remains centred after resize, zoom and data replacement (76.952ms)
✔ zooming out of large-data line mode restores centred candle bodies (10.578333ms)
✔ structure widths retain existing defaults and hover appearance (6.988542ms)
✔ manual values stay finite, bounded, and at two decimal places (0.37125ms)
✔ raw index overrides rounded dates, including zero (1.704125ms)
✔ legacy intraday dates never fall back to the first bar of the day (0.274ms)
✔ duplicate formatted times fail safely without a raw index (0.695459ms)
✔ padding keeps the 23px marker plus radius inside the price pane (0.173083ms)
✔ flat, zero and negative ranges get finite padding; invalid extents do not (0.091584ms)
✔ single-bar time link is a thin line limited to each actual plot (0.853958ms)
✔ multi-bar time link has no border and clips to plot, never clamps offscreen data to an edge (0.096167ms)
✔ time links map daily coverage to all minute bars, not a matching ordinal (0.15575ms)
✔ weekly and monthly end-labelled bars cover earlier constituent dates without changing data (2.126375ms)
✔ nearest marker wins regardless of signal family, only co-located points share chooser (0.449125ms)
✔ immutable request cache deduplicates pending work, isolates payload keys and retries errors (0.438083ms)
✔ all six structural types keep extrema and confirmation separate with original evidence (0.5785ms)
✔ legacy records do not invent confirmation or structural sources (0.1155ms)
✔ M1 keeps independent MACD source and original direction, never a structural type (0.3025ms)
✔ all chart layers override independent animation and progressive rendering (0.842ms)
✔ rejects invalid saved zooms (0.790334ms)
✔ same-snapshot redraw keeps current manually chosen view (0.108875ms)
✔ focus redraw keeps manual zoom; clearing restores pre-focus view (0.075875ms)
✔ switching focus preserves the original return view (0.062541ms)
✔ new snapshot resets saved focus view and never revives old zoom (0.062542ms)
✔ default inactive; moving does not show cards and leaving does not deactivate (1.972583ms)
✔ object previews can read date-card activation without activating it (0.432542ms)
✔ click selects a point; outside click closes; inside click is not dismissed (0.15825ms)
✔ activated cards follow movement until outside dismissal, then require another click (0.111708ms)
✔ zoom clears stale coordinates but preserves activation (0.080167ms)
✔ data reset and Escape deactivate; teardown removes all handlers (0.108542ms)
✔ directed centre chain is candidate evidence, not completion (2.617042ms)
✔ touching, opposing, future, overlapping or malformed chains fail closed (0.681083ms)
✔ single-centre and legacy components remain readable (4.606833ms)
✔ inside, border, reversed y and overlapping rectangles resolve newest first (1.609208ms)
✔ invalid or missing render coordinates cannot create hits (0.366666ms)
✔ popup stays within narrow viewport and near-edge right click (0.217459ms)
✔ roles are Chinese and unknown roles never claim completion (0.448958ms)
✔ source ranges keep one-based indices without disguising gaps (0.100125ms)
✔ coverage checks counts, repeats and missing IDs (0.240084ms)
✔ missing, empty and rejected suffix are explicit (0.605084ms)
✔ invalid counts and empty blocks cannot pass the coverage audit (0.227625ms)
✔ uses raw indices, allows shared endpoints and bounds zoom padding (1.183458ms)
✔ does not invent a B interval or infer indices from formatted dates (0.099708ms)
✔ rejects partial, reversed, overlapping and out-of-snapshot evidence (0.124833ms)
✔ allows inspection of historical failed evidence without reviving it (0.107875ms)
✔ local proof draws frozen exact endpoints only after its actual confirmation (0.163958ms)
✔ dual-line divergence uses two exact raw indices, never artificial ABC ranges (0.087959ms)
✔ dual-line focus rejects missing, duplicate, reversed and out-of-range points (0.086917ms)
✔ special wave focus uses AB and its extreme without inventing C (0.094917ms)
✔ direction, family and lifecycle have independent marker styles (0.618833ms)
✔ no-C dual-line remains a circle and fills only on first reverse-pen confirmation (0.856ms)
✔ M1 is restricted to confirmed waves with a later actual confirmation (13.011083ms)
✔ four families retain independent records and nonstandard uses a triangle (0.25175ms)
✔ October 4 marker matrix uses shape for family and colour only for direction (0.141458ms)
✔ special AB evidence separates A line extrema from both price anchors and legacy pivots (0.141166ms)
✔ history is opt-in, inactive stays grey hollow, never creates M1 (0.137416ms)
✔ every historical shape uses a continuous hollow contour, including on hover (1.148ms)
✔ new nonstandard evidence relaxes prices only and records each subtype (1.080459ms)
✔ new dual rule cannot fill without recorded later local confirmation (0.111458ms)
✔ historical engineering match retains original timing without claiming regrouping completion (0.985583ms)
✔ future, stale, mismatched or incomplete evidence fails closed (0.309417ms)
✔ older snapshots and unmatched parts keep existing natural audit available (0.064209ms)
✔ engineering provenance uses the same one-based numbering as other inspectors (0.537875ms)
✔ mixed recursion distinguishes consolidation and trend from the old trend view (0.134833ms)
✔ unknown or reversed provenance is not presented as a completed trend (0.0705ms)
✔ indicator and price values use two decimals without inventing missing evidence (0.075125ms)
✔ recursive centre relations never call extension candidates completed types (0.065167ms)
✔ admissions distinguish unit confirmation from later failed-return admission (0.060041ms)
✔ display fields retain all text including dates, provenance, and secondary colons (10.248459ms)
✔ narrative, missing evidence, and timestamp headings remain whole (1.314541ms)
✔ selects the exact source without replacing missing comparison periods with the primary (0.427625ms)
✔ prefix audit preserves original warmup snapshot and its own instrument and period (0.434834ms)
✔ rejects invalid positions, missing identity and explicitly unclosed prefix data (0.198209ms)
✔ all candidate states distinguish eligibility from completed natural types (0.488125ms)
✔ opposite geometry identifies reused next-part evidence, including nonzero source IDs (0.564ms)
✔ external opposite geometry is not added to candidate membership (0.093625ms)
✔ missing, stale, misattributed or future opposite geometry is not displayed as matched (0.134417ms)
✔ preferred endpoints are never called completed types; conflicts are retained (0.073625ms)
✔ opposite base turn is not same-level completion (0.092583ms)
✔ price formatting preserves zero and boundary contact, guards non-finite values (0.108208ms)
✔ candidate audit joins by identity, not response order (0.0845ms)
✔ part audit must match ordinal AND exact raw source IDs, including shifted IDs (0.133334ms)
✔ locates the three raw ranges without relabelling them as MACD or confirmed centres (0.990375ms)
✔ candidate must already be observable at the CURRENT replay prefix (0.168875ms)
✔ no incomplete, waiting or unsupported candidate is given a fabricated range (0.105083ms)
✔ raw bar boundaries must be contiguous and inside the visible window (0.144833ms)
✔ source partitions must cover every original segment once, preserving nonzero IDs (0.124458ms)
✔ conflicting geometric fallback remains viewable for manual audit (0.077083ms)
✔ clearing a regrouping focus restores original zoom; a new replay snapshot does not (0.114375ms)
✔ membership labels distinguish source confirmation from later admission (1.527667ms)
✔ admission witness distinguishes confirmation dependency from geometric membership (0.343583ms)
✔ old or malformed evidence never invents an admission witness (0.173334ms)
✔ menus stay inside phone, keyboard and landscape viewports (1.422291ms)
✔ near-bottom controls open upwards without changing ordinary desktop width (0.307292ms)
✔ marker hit uses signed stacking offset for both directions, not candle position (1.44ms)
✔ symbol size and invalid render positions are handled safely (0.120916ms)
✔ aborted late response cannot publish metadata even if transport ignores abort (43.350417ms)
✔ missing provenance or silently changed adjustment never reaches research (0.136292ms)
✔ reported gaps do not falsely label suspension or prevent inspecting valid candles (0.115708ms)
✔ history fetch consumes one verified range and publishes complete metadata only after validation (0.535416ms)
✔ unclosed response never updates provenance or reaches the backtest (0.224333ms)
✔ null, true zero, infinities and real 999 are distinct after JSON roundtrip (1.483125ms)
✔ single, saved and comparison results retain authoritative metric basis (0.461708ms)
✔ whole proof validated without mutation, and cross-role ownership remains visible (1.047042ms)
✔ stale, future, duplicated, incomplete, falsely completed and mismatched sources rejected (0.313583ms)
✔ base runs cannot masquerade as proofs or own multiple provisional regions (0.078375ms)
✔ blocked covers show full conflicts, never fabricated flattened blocks (0.093625ms)
✔ labels retain provisional scope (0.070875ms)
✔ all seven MA presets are available but only MA5 and MA10 start visible (1.748709ms)
✔ each chart session gets independent editable settings without changing presets (0.119583ms)
✔ MA presets retain the requested yellow, white, purple, green, cyan, orange, red palette (0.09725ms)
✔ legend retains every MA choice and explicit hidden states override stale chart selection (0.122417ms)
✔ cross-boundary details resolve actual input and nested ownership records (1.47225ms)
✔ unowned reverse evidence stays explicitly unowned for boundary rejection (0.124791ms)
✔ foreign witness can be shown for an otherwise single-owner candidate (0.112791ms)
✔ legacy candidates do not invent missing conflict details (0.110875ms)
✔ damaged detail is not presented: mismatched candidate sources (0.085917ms)
✔ damaged detail is not presented: wrong layer (0.061708ms)
✔ damaged detail is not presented: unknown reverse input (6.029208ms)
✔ damaged detail is not presented: wrong reverse range (0.297083ms)
✔ damaged detail is not presented: reverse overlaps prices (0.7995ms)
✔ damaged detail is not presented: future reverse confirmation (0.135208ms)
✔ damaged detail is not presented: wrong reverse time (0.068791ms)
✔ damaged detail is not presented: incomplete domain list (0.071791ms)
✔ damaged detail is not presented: duplicate domains (0.047458ms)
✔ damaged detail is not presented: noncontinuous domain (0.039042ms)
✔ damaged detail is not presented: foreign domain misses witness (0.045208ms)
✔ damaged detail is not presented: false unowned witness (0.0435ms)
✔ damaged detail is not presented: missing nested record (0.048375ms)
✔ damaged detail is not presented: wrong reason (0.048916ms)
✔ only current owner revisions form the displayed ownership set (2.17825ms)
✔ internal provenance remains distinct and validates enclosing ownership (0.331542ms)
✔ parent-covered history is not labeled as an additional effective input (0.071625ms)
✔ nested provenance validates containment and strictly increasing input levels (0.181833ms)
✔ current owner labels are distinct from creation IDs and tolerate old snapshots (0.088958ms)
✔ summary mode lists every historical address, not just current versions (7.70075ms)
✔ full and missing legacy snapshots stay readable without inventing history (4.40975ms)
✔ all four analysis paths explicitly request summary delivery without changing input (4.75425ms)
✔ complete lifecycle stays chronological, does not mutate input, and uses Chinese labels (7.083458ms)
✔ legacy or future history is not invented (0.441042ms)
✔ dangling, reordered, duplicated, miscounted and conflicting histories fail closed (1.068875ms)
✔ equal counts cannot hide swapped source identities (0.080166ms)
✔ intermediate event boundaries must equal actual inherited and added sources (0.071125ms)
✔ input evidence must exist at the correct level and be available at admission (0.196833ms)
✔ invalid domain sources, membership and parent context fail closed (0.192625ms)
✔ leftward growth, shifted sources and newly filled merge gaps remain valid (0.139375ms)
✔ both periods exclude future and open candles while retaining original warm-up start (0.824209ms)
✔ snapshot observation time caps cutoff; bar start before cutoff is not enough (0.137375ms)
✔ no timeframe fallback or fabricated candles when historical minute range is unavailable (0.094083ms)
✔ index and board snapshots retain NONE adjustment, mismatch is rejected (0.260916ms)
✔ missing completion evidence, timezone timestamps and unordered bars fail explicitly (0.155417ms)
✔ week/month completion boundary comes from provider annotation, not day label (0.100958ms)
✔ matrix defaults to exactly the five requested periods in image order and six information columns (5.467666ms)
✔ does not turn current reversal observation into a confirmed opposite pen (0.166834ms)
✔ keeps true zero distinct from missing, and numerical display never overwrites original axis judgment (0.120792ms)
✔ keeps divergence family, extrema and actual confirmation separate; never drops records (47.554084ms)
✔ missing pen and divergence are bounded claims; quality limitations stay visible (0.208708ms)
✔ forming candles preserve OHLC and use dashed empty outlines (0.429583ms)
✔ forming volume and signed MACD columns preserve values and direction (0.097375ms)
✔ radar review captures row adjustment, exact minute, strategy and original cutoff (1.501458ms)
✔ invalid or legacy reviews fail explicitly without guessing data or adjustment (1.176041ms)
✔ exchange-local dates validate without browser timezone conversion (0.091292ms)
✔ review excludes future and unclosed bars, resets derived fingerprint and reports actual range without mutating source (0.901583ms)
✔ radar cache is owner scoped and malformed/legacy records never enter the UI (0.695125ms)
✔ late messages, close and errors from an old socket cannot affect replacement (0.786875ms)
✔ invalid messages and control responses never become ticks; close reason retained (0.155333ms)
✔ matching versions are selected by case identity without mutation (2.227166ms)
✔ future snapshots, wrong rules, incomplete chains and duplicate cases are rejected (0.559958ms)
✔ labels never confuse endpoint consistency or higher-centre proof with completion (0.319792ms)
✔ v2 keeps the detached prefix and v1 remains readable (0.509542ms)
✔ v3 supports trend search while retaining the same ownership guards (0.196208ms)
✔ missing, duplicated, misattributed or silently completed prefix is rejected (0.581917ms)
✔ reincorporation is recorded explicitly instead of erasing detached history (0.995208ms)
✔ accepts bounded history and empty verified batches (0.495209ms)
✔ rejects wrong batch, future indices, broken sources and contradictory state (0.227125ms)
✔ research labels distinguish absence, release, retained and internal (0.0785ms)
✔ late old responses cannot own a newer research request (0.496292ms)
✔ submission fields are captured values, not mutable form references (0.414292ms)
✔ snapshot import keeps original data and normalizes optional display metadata (4.340042ms)
✔ reject invalid schema, periods, oversized arrays and impossible candle prices (3.229041ms)
✔ window is exchange local and bounded by the snapshot cutoff (0.513167ms)
✔ missing numbers and candidate status are never promoted (0.080584ms)
✔ amber projection resolves daily and minute labels, ignores open candle (0.650959ms)
✔ audit description translates permissions and never renders arbitrary detail fields (0.46275ms)
✔ audit time is explicitly Shanghai time and invalid data remains readable (43.467291ms)
✔ audit API preserves bounded pagination/filter state and authenticated credentials (26.822458ms)
✔ distinguishes no candidate, failed current audit, and actual invalidation without promoting legacy state (8.548209ms)
✔ filters independent families and directions without merging special and local dual-line evidence (1.664292ms)
✔ searches lifecycle dates and failure reasons with all terms required, retaining original source objects (0.358459ms)
✔ searches diagnostic rejection history without silently reviving historical candidates (0.986834ms)
✔ all excludes bc false, preserves input order and records, and does not infer missing direction (0.406209ms)
✔ legacy diagnostic family is standard, and empty diagnostics do not invent rejection records (0.4635ms)
✔ structural points retain their own confirmation and evidence, never deriving them from a MACD source (0.354958ms)
✔ M1 uses exact existing gates and remains a separate view of its original standard event (0.244125ms)
✔ combined date query finds independent point, prompt and event records without deduplication or additive counts (0.120667ms)
✔ chart date matches structured lifecycle timestamps, not coincidental prose dates (0.613958ms)
✔ minute evidence uses exact exchange-local minute, accepting T/space and refusing missing time (0.294625ms)
✔ chart date includes diagnostic ABC and rejection coverage without inventing open or reversed intervals (0.670375ms)
✔ date scope combines with all filters for structural points and original M1 sources (0.198667ms)
✔ new standard evidence explains price, old blocker and independent special lifecycle (1.12ms)
✔ new gates include counts, boundary and dates without undefined placeholder (0.250125ms)
✔ legacy comparisons retain old detected confirmed and invalidated dates (0.143625ms)
✔ structure dates remove midnight noise without changing intraday precision (25.351708ms)
✔ centre evidence distinguishes fixed core, outer range and candidate expansion (0.589792ms)
✔ segment evidence includes source prices and reverse proof with one-based labels (0.165583ms)
✔ missing legacy evidence does not invent confirmation (0.101291ms)
✔ special inclusion explains boundary exception without labelling it an ordinary fractal (0.065916ms)
✔ centre relation history distinguishes current candidate from original separation (0.093458ms)
✔ confirmation replay translates raw indices without date matching (0.067958ms)
✔ unknown, invalid or out-of-snapshot confirmations have no replay target (0.074667ms)
✔ connection badge validates shared time, price and alternating direction (0.105375ms)
✔ reverse preview uses observed extreme, not last close or a future target (0.897625ms)
✔ mirrored lows produce an upward reference (0.0995ms)
✔ no invented reference for missing, ambiguous, extending, or invalid inputs (0.102042ms)
✔ replay prefix cannot use a later extreme; ties retain first occurrence (0.095583ms)
✔ ongoing consolidation differs by color, line pattern, and fill (0.099334ms)
✔ cancelling is not terminal and elapsed values remain readable (0.533958ms)
✔ runBacktestWithPolling waits through cancelling and returns cancelled (18.710291ms)
✔ runBacktestWithPolling waits through cancelling and returns timed_out (2.782417ms)
✔ runSignalScanWithPolling waits through cancelling and returns cancelled (0.652583ms)
✔ runSignalScanWithPolling waits through cancelling and returns timed_out (1.816958ms)
✔ cancel API uses POST, and partial cancelled scan results are never accepted (0.416208ms)
✔ persistent recovery and version mismatch are distinct from completion (0.273834ms)
✔ terminal task deletion handles empty 204 and encodes identity (0.136166ms)
✔ checkpoint presence is not confused with verified reuse or task completion (0.272458ms)
✔ cached completed submission is retrieved rather than shown as running (0.231875ms)
✔ network failures are localized across WebKit, Chromium and Firefox (0.158208ms)
✔ exact current revision accepts only its own evidence without mutation (1.383042ms)
✔ old partition, stale version, future evidence and false completion are rejected (0.478792ms)
✔ historical audit cannot import a later opposite segment (0.092958ms)
✔ empty partitions and higher-proof priority retain explicit blockers (0.078ms)
✔ new blockers use Chinese labels without calling prerequisites completion (0.144875ms)
✔ missing comparison interval is explained in Chinese without inventing a date (0.616875ms)
✔ special diagnostics identify each A indicator witness rather than the price witness (0.164333ms)
✔ nonstandard DEA axis gate remains explicit without an improvement requirement (0.133958ms)
✔ DEA tolerance discloses research threshold, precise deviation and near-zero fallback (0.732292ms)
✔ wave evidence separates effective A from original wave and local pivots (0.320792ms)
✔ rounded equal line extrema disclose the precise failed values and witness times (0.1295ms)
✔ comparisons are explicitly research only and preserve B/C axis checks (0.103875ms)
✔ unformed candidate shows Chinese gates, two-decimal values and rejection dates (0.112667ms)
✔ new nonstandard audit explicitly uses full A and first-formed reverse evidence explains gaps (0.108542ms)
ℹ tests 270
ℹ suites 0
ℹ pass 270
ℹ fail 0
ℹ cancelled 0
ℹ skipped 0
ℹ todo 0
ℹ duration_ms 1197.694625
→ 打包中…
→ 运行测试…
京东方评级: D 分数: 34.3
维度明细: 卡玛比率=22.7, 最大回撤=27.5, 胜率=33.5, 利润因子=34.1, 夏普比率=41.5, 波动率=50.1
否决: 利润因子 1.11 接近 1，仅勉强盈亏平衡
长线优质策略评级: B 分数: 64.5
维度权重: 卡玛比率=28%, 最大回撤=26%, 胜率=0%, 利润因子=0%, 夏普比率=23%, 波动率=23%
优质案例评级: A 分数: 83.9
寻优点评级: A 74
组合重算指标: { '年化': '20.83%', '回撤': '0.80%', '夏普': '5.27', '卡玛': '26.03' }
稳定上涨组合评级: S 91.8
波动组合重算: { '回撤': '44.15%', '夏普': '-2.64', '持续': 60 }
波动组合评级: D 18.5
✔ 新版组合评级使用后端采样，不按图表柱数重新日线年化 (1.283292ms)
✔ 必要风险指标缺失不能展示为零风险或正常评级 (0.204375ms)
✔ 无穷比率不等于满分，真实零利润因子仍按亏损判断 (0.120083ms)
✔ 京东方回测必须评为 D 档（用户核心诉求验证点） (0.437584ms)
✔ 京东方评分应在 30-43 区间（C 与 D 的边界） (0.096917ms)
✔ 低利润因子触发系统亏损否决 (0.064375ms)
✔ 样本不足（< 10 笔交易）降权但不否决整个评级 (0.124959ms)
✔ 用户实测场景：6年6笔交易 + 高夏普 → 应得 A/B（核心回归测试） (0.133417ms)
✔ 深回撤 > 60% 触发直接 D 否决 (0.102708ms)
✔ 优质回测应得 A 或 S 档 (0.12375ms)
✔ 高回撤但收益高 → 最高 B（一票否决 cap） (0.073417ms)
✔ 插值函数：边界值取端点分数 (0.054458ms)
✔ 插值函数：中间值线性插值 (0.051041ms)
✔ 寻优评级：4 维度降级版 (0.086917ms)
✔ 寻优评级：网格点交易太少 → 降权但评级照常 (0.063459ms)
✔ 组合评级：稳定上涨净值应得 A 或 S (1.6795ms)
✔ 组合评级：高波动深回撤净值 → 低档 (0.519666ms)
✔ combinedMetrics：单点净值返回全 0（兜底） (0.054542ms)
✔ 历史组合仅保留原值，不从曲线推断日线或重算评级 (0.442375ms)
✔ v1-v4、未知版本及不完整依据不伪装为新版结果 (0.517792ms)
✔ 新版结果使用已记录指标，真实 999 和零不被当作历史哨兵 (0.070791ms)
✔ 指标状态缺失或与数值冲突不能产出评级，包括被降权维度 (0.086209ms)
✔ 低交易样本的真实不可用逐笔指标仍可降权，不误拦截可用净值评级 (0.07775ms)
✔ 寻优逐行核验新版采样与候选状态，输入范围不替代候选证据 (0.09875ms)
✔ 完整快照保留精度、真实 0/999、全部指标及版本且不关联可变输入 (0.578458ms)
✔ 策略保存接受真实 Vue 响应式结果，不因 Proxy 无法 structuredClone 而失败 (0.505791ms)
✔ 再次保存历史指标不补造新版计算或评级依据 (0.091917ms)
✔ 对比展示原值并指出版本、周期、范围与利率差异，不自动重算 (0.218916ms)
ℹ tests 28
ℹ suites 0
ℹ pass 28
ℹ fail 0
ℹ cancelled 0
ℹ skipped 0
ℹ todo 0
ℹ duration_ms 94.453916
