
> web-ui@0.0.0 test
> node scripts/run-tests.mjs

✔ trade lookup keeps the exact minute across separators, precision and days (0.673667ms)
✔ date-only values cannot choose the midnight bar of an ambiguous day (0.08025ms)
✔ daily and duplicate exact timestamps keep first positional matches (0.071375ms)
✔ nanoseconds and timezone text are not truncated into a false match (0.087166ms)
✔ date labels preserve useful precision without local timezone conversion (0.081459ms)
✔ higher sources resolve actual records and separate original from current review time (1.653417ms)
✔ base sources and foreign witness rejection have distinct Chinese descriptions (0.14775ms)
✔ inconsistent candidate has no replay evidence: unknown reason (0.091125ms)
✔ inconsistent candidate has no replay evidence: prototype key (0.067709ms)
✔ inconsistent candidate has no replay evidence: future version (0.058625ms)
✔ inconsistent candidate has no replay evidence: future completion (0.053458ms)
✔ inconsistent candidate has no replay evidence: missing time (0.049584ms)
✔ inconsistent candidate has no replay evidence: empty source (1.304083ms)
✔ inconsistent candidate has no replay evidence: duplicate source (0.591334ms)
✔ inconsistent candidate has no replay evidence: unknown source (0.160917ms)
✔ inconsistent candidate has no replay evidence: mixed levels (0.07425ms)
✔ inconsistent candidate has no replay evidence: future child (0.061083ms)
✔ inconsistent candidate has no replay evidence: wrong child level (0.051375ms)
✔ inconsistent candidate has no replay evidence: duplicate record (0.045333ms)
✔ inconsistent candidate has no replay evidence: empty record range (0.063541ms)
✔ inconsistent candidate has no replay evidence: gap (0.04925ms)
✔ inconsistent candidate has no replay evidence: wrong parent range (0.041458ms)
✔ inconsistent candidate has no replay evidence: reversed sources (0.042417ms)
✔ inconsistent candidate has no replay evidence: unsafe base number (0.050625ms)
✔ 80 percent transparency is 20 percent alpha, for both candle directions (1.016792ms)
✔ transparency stays finite, integer, and bounded (0.197041ms)
✔ body is symmetric around the unchanged wick across widths and fractional positions (3.787417ms)
✔ horizontal candles preserve every price coordinate (0.098833ms)
✔ missing or non-finite candle layouts are left untouched (0.115375ms)
✔ native ECharts layout remains centred after resize, zoom and data replacement (73.692959ms)
✔ zooming out of large-data line mode restores centred candle bodies (10.764708ms)
✔ structure widths retain existing defaults and hover appearance (2.152584ms)
✔ manual values stay finite, bounded, and at two decimal places (0.161584ms)
✔ raw index overrides rounded dates, including zero (0.472792ms)
✔ legacy intraday dates never fall back to the first bar of the day (0.097417ms)
✔ duplicate formatted times fail safely without a raw index (0.141958ms)
✔ padding keeps the 23px marker plus radius inside the price pane (0.8185ms)
✔ flat, zero and negative ranges get finite padding; invalid extents do not (0.2065ms)
✔ single-bar time link is a thin line limited to each actual plot (0.918917ms)
✔ multi-bar time link has no border and clips to plot, never clamps offscreen data to an edge (0.109125ms)
✔ time links map daily coverage to all minute bars, not a matching ordinal (0.85575ms)
✔ weekly and monthly end-labelled bars cover earlier constituent dates without changing data (2.802416ms)
✔ nearest marker wins regardless of signal family, only co-located points share chooser (0.491583ms)
✔ immutable request cache deduplicates pending work, isolates payload keys and retries errors (0.695541ms)
✔ all six structural types keep extrema and confirmation separate with original evidence (1.060291ms)
✔ legacy records do not invent confirmation or structural sources (0.193208ms)
✔ M1 keeps independent MACD source and original direction, never a structural type (0.354625ms)
✔ all chart layers override independent animation and progressive rendering (0.815708ms)
✔ rejects invalid saved zooms (3.987625ms)
✔ same-snapshot redraw keeps current manually chosen view (0.155667ms)
✔ focus redraw keeps manual zoom; clearing restores pre-focus view (0.16375ms)
✔ switching focus preserves the original return view (0.175167ms)
✔ new snapshot resets saved focus view and never revives old zoom (0.101209ms)
✔ default inactive; moving does not show cards and leaving does not deactivate (1.768708ms)
✔ object previews can read date-card activation without activating it (0.258541ms)
✔ click selects a point; outside click closes; inside click is not dismissed (0.146ms)
✔ activated cards follow movement until outside dismissal, then require another click (0.108209ms)
✔ zoom clears stale coordinates but preserves activation (0.083542ms)
✔ data reset and Escape deactivate; teardown removes all handlers (0.110875ms)
✔ directed centre chain is candidate evidence, not completion (3.839333ms)
✔ touching, opposing, future, overlapping or malformed chains fail closed (0.291292ms)
✔ single-centre and legacy components remain readable (0.36375ms)
✔ inside, border, reversed y and overlapping rectangles resolve newest first (0.809333ms)
✔ invalid or missing render coordinates cannot create hits (0.08325ms)
✔ popup stays within narrow viewport and near-edge right click (0.085833ms)
✔ roles are Chinese and unknown roles never claim completion (0.485583ms)
✔ source ranges keep one-based indices without disguising gaps (0.103458ms)
✔ coverage checks counts, repeats and missing IDs (0.211542ms)
✔ missing, empty and rejected suffix are explicit (0.482041ms)
✔ invalid counts and empty blocks cannot pass the coverage audit (0.282584ms)
✔ uses raw indices, allows shared endpoints and bounds zoom padding (1.0525ms)
✔ does not invent a B interval or infer indices from formatted dates (4.298083ms)
✔ rejects partial, reversed, overlapping and out-of-snapshot evidence (0.53175ms)
✔ allows inspection of historical failed evidence without reviving it (0.986167ms)
✔ local proof draws frozen exact endpoints only after its actual confirmation (0.789917ms)
✔ dual-line divergence uses two exact raw indices, never artificial ABC ranges (0.406208ms)
✔ dual-line focus rejects missing, duplicate, reversed and out-of-range points (0.124917ms)
✔ special wave focus uses AB and its extreme without inventing C (0.630083ms)
✔ direction, family and lifecycle have independent marker styles (0.608542ms)
✔ no-C dual-line remains a circle and fills only on first reverse-pen confirmation (3.091583ms)
✔ M1 is restricted to confirmed waves with a later actual confirmation (0.401416ms)
✔ four families retain independent records and nonstandard uses a triangle (0.24475ms)
✔ October 4 marker matrix uses shape for family and colour only for direction (0.137625ms)
✔ special AB evidence separates A line extrema from both price anchors and legacy pivots (0.139625ms)
✔ history is opt-in, inactive stays grey hollow, never creates M1 (0.117292ms)
✔ every historical shape uses a continuous hollow contour, including on hover (0.124209ms)
✔ new nonstandard evidence relaxes prices only and records each subtype (0.705042ms)
✔ new dual rule cannot fill without recorded later local confirmation (0.44825ms)
✔ historical engineering match retains original timing without claiming regrouping completion (2.4875ms)
✔ future, stale, mismatched or incomplete evidence fails closed (0.803167ms)
✔ older snapshots and unmatched parts keep existing natural audit available (0.3295ms)
✔ engineering provenance uses the same one-based numbering as other inspectors (1.193083ms)
✔ mixed recursion distinguishes consolidation and trend from the old trend view (3.296583ms)
✔ unknown or reversed provenance is not presented as a completed trend (0.11625ms)
✔ indicator and price values use two decimals without inventing missing evidence (0.08575ms)
✔ recursive centre relations never call extension candidates completed types (0.136917ms)
✔ admissions distinguish unit confirmation from later failed-return admission (0.145583ms)
✔ display fields retain all text including dates, provenance, and secondary colons (0.776709ms)
✔ narrative, missing evidence, and timestamp headings remain whole (0.102875ms)
✔ all candidate states distinguish eligibility from completed natural types (1.1225ms)
✔ opposite geometry identifies reused next-part evidence, including nonzero source IDs (0.56625ms)
✔ external opposite geometry is not added to candidate membership (0.1005ms)
✔ missing, stale, misattributed or future opposite geometry is not displayed as matched (0.142459ms)
✔ preferred endpoints are never called completed types; conflicts are retained (0.082791ms)
✔ opposite base turn is not same-level completion (0.093625ms)
✔ price formatting preserves zero and boundary contact, guards non-finite values (0.106834ms)
✔ candidate audit joins by identity, not response order (0.075833ms)
✔ part audit must match ordinal AND exact raw source IDs, including shifted IDs (1.28175ms)
✔ locates the three raw ranges without relabelling them as MACD or confirmed centres (2.134625ms)
✔ candidate must already be observable at the CURRENT replay prefix (0.396666ms)
✔ no incomplete, waiting or unsupported candidate is given a fabricated range (0.266292ms)
✔ raw bar boundaries must be contiguous and inside the visible window (0.1735ms)
✔ source partitions must cover every original segment once, preserving nonzero IDs (0.290125ms)
✔ conflicting geometric fallback remains viewable for manual audit (0.128916ms)
✔ clearing a regrouping focus restores original zoom; a new replay snapshot does not (0.136375ms)
✔ membership labels distinguish source confirmation from later admission (0.485083ms)
✔ admission witness distinguishes confirmation dependency from geometric membership (0.088708ms)
✔ old or malformed evidence never invents an admission witness (0.075417ms)
✔ menus stay inside phone, keyboard and landscape viewports (1.412209ms)
✔ near-bottom controls open upwards without changing ordinary desktop width (0.354916ms)
✔ marker hit uses signed stacking offset for both directions, not candle position (1.363417ms)
✔ symbol size and invalid render positions are handled safely (0.364334ms)
✔ aborted late response cannot publish metadata even if transport ignores abort (35.040292ms)
✔ missing provenance or silently changed adjustment never reaches research (0.473458ms)
✔ reported gaps do not falsely label suspension or prevent inspecting valid candles (0.273791ms)
✔ history fetch consumes one verified range and publishes complete metadata only after validation (1.48675ms)
✔ unclosed response never updates provenance or reaches the backtest (2.194042ms)
✔ null, true zero, infinities and real 999 are distinct after JSON roundtrip (0.498792ms)
✔ single, saved and comparison results retain authoritative metric basis (0.442167ms)
✔ whole proof validated without mutation, and cross-role ownership remains visible (2.398042ms)
✔ stale, future, duplicated, incomplete, falsely completed and mismatched sources rejected (0.651167ms)
✔ base runs cannot masquerade as proofs or own multiple provisional regions (0.324083ms)
✔ blocked covers show full conflicts, never fabricated flattened blocks (0.284292ms)
✔ labels retain provisional scope (0.212583ms)
✔ all seven MA presets are available but only MA5 and MA10 start visible (0.827208ms)
✔ each chart session gets independent editable settings without changing presets (0.07975ms)
✔ MA presets retain the requested yellow, white, purple, green, cyan, orange, red palette (0.071333ms)
✔ legend retains every MA choice and explicit hidden states override stale chart selection (0.099791ms)
✔ cross-boundary details resolve actual input and nested ownership records (1.350458ms)
✔ unowned reverse evidence stays explicitly unowned for boundary rejection (0.113208ms)
✔ foreign witness can be shown for an otherwise single-owner candidate (0.323708ms)
✔ legacy candidates do not invent missing conflict details (0.199166ms)
✔ damaged detail is not presented: mismatched candidate sources (0.152791ms)
✔ damaged detail is not presented: wrong layer (1.920375ms)
✔ damaged detail is not presented: unknown reverse input (0.306958ms)
✔ damaged detail is not presented: wrong reverse range (0.181125ms)
✔ damaged detail is not presented: reverse overlaps prices (0.226667ms)
✔ damaged detail is not presented: future reverse confirmation (0.288625ms)
✔ damaged detail is not presented: wrong reverse time (0.175875ms)
✔ damaged detail is not presented: incomplete domain list (0.16725ms)
✔ damaged detail is not presented: duplicate domains (0.113417ms)
✔ damaged detail is not presented: noncontinuous domain (0.100334ms)
✔ damaged detail is not presented: foreign domain misses witness (0.123875ms)
✔ damaged detail is not presented: false unowned witness (0.127ms)
✔ damaged detail is not presented: missing nested record (0.119542ms)
✔ damaged detail is not presented: wrong reason (0.1235ms)
✔ only current owner revisions form the displayed ownership set (1.040833ms)
✔ internal provenance remains distinct and validates enclosing ownership (0.354875ms)
✔ parent-covered history is not labeled as an additional effective input (0.074291ms)
✔ nested provenance validates containment and strictly increasing input levels (0.161416ms)
✔ current owner labels are distinct from creation IDs and tolerate old snapshots (0.088791ms)
✔ summary mode lists every historical address, not just current versions (6.142291ms)
✔ full and missing legacy snapshots stay readable without inventing history (0.124792ms)
✔ all four analysis paths explicitly request summary delivery without changing input (0.457459ms)
✔ complete lifecycle stays chronological, does not mutate input, and uses Chinese labels (1.296416ms)
✔ legacy or future history is not invented (0.130375ms)
✔ dangling, reordered, duplicated, miscounted and conflicting histories fail closed (15.766709ms)
✔ equal counts cannot hide swapped source identities (23.855917ms)
✔ intermediate event boundaries must equal actual inherited and added sources (0.186292ms)
✔ input evidence must exist at the correct level and be available at admission (0.232792ms)
✔ invalid domain sources, membership and parent context fail closed (0.188416ms)
✔ leftward growth, shifted sources and newly filled merge gaps remain valid (0.154875ms)
✔ both periods exclude future and open candles while retaining original warm-up start (1.544875ms)
✔ snapshot observation time caps cutoff; bar start before cutoff is not enough (0.323042ms)
✔ no timeframe fallback or fabricated candles when historical minute range is unavailable (0.19125ms)
✔ index and board snapshots retain NONE adjustment, mismatch is rejected (0.550625ms)
✔ missing completion evidence, timezone timestamps and unordered bars fail explicitly (0.401916ms)
✔ week/month completion boundary comes from provider annotation, not day label (0.243ms)
✔ forming candles preserve OHLC and use dashed empty outlines (0.55525ms)
✔ forming volume and signed MACD columns preserve values and direction (0.119917ms)
✔ late messages, close and errors from an old socket cannot affect replacement (1.677958ms)
✔ invalid messages and control responses never become ticks; close reason retained (1.034042ms)
✔ matching versions are selected by case identity without mutation (0.893459ms)
✔ future snapshots, wrong rules, incomplete chains and duplicate cases are rejected (0.205792ms)
✔ labels never confuse endpoint consistency or higher-centre proof with completion (0.134875ms)
✔ v2 keeps the detached prefix and v1 remains readable (1.276416ms)
✔ v3 supports trend search while retaining the same ownership guards (0.386667ms)
✔ missing, duplicated, misattributed or silently completed prefix is rejected (1.318959ms)
✔ reincorporation is recorded explicitly instead of erasing detached history (0.440333ms)
✔ accepts bounded history and empty verified batches (2.249584ms)
✔ rejects wrong batch, future indices, broken sources and contradictory state (0.335916ms)
✔ research labels distinguish absence, release, retained and internal (0.109125ms)
✔ late old responses cannot own a newer research request (1.401125ms)
✔ submission fields are captured values, not mutable form references (0.623042ms)
✔ snapshot import keeps original data and normalizes optional display metadata (17.163292ms)
✔ reject invalid schema, periods, oversized arrays and impossible candle prices (0.791958ms)
✔ window is exchange local and bounded by the snapshot cutoff (1.591958ms)
✔ missing numbers and candidate status are never promoted (0.224083ms)
✔ amber projection resolves daily and minute labels, ignores open candle (0.683709ms)
✔ audit description translates permissions and never renders arbitrary detail fields (1.561958ms)
✔ audit time is explicitly Shanghai time and invalid data remains readable (40.545083ms)
✔ audit API preserves bounded pagination/filter state and authenticated credentials (11.79175ms)
✔ new standard evidence explains price, old blocker and independent special lifecycle (2.5805ms)
✔ new gates include counts, boundary and dates without undefined placeholder (0.233083ms)
✔ legacy comparisons retain old detected confirmed and invalidated dates (0.156584ms)
✔ structure dates remove midnight noise without changing intraday precision (1.748458ms)
✔ centre evidence distinguishes fixed core, outer range and candidate expansion (0.676625ms)
✔ segment evidence includes source prices and reverse proof with one-based labels (0.180667ms)
✔ missing legacy evidence does not invent confirmation (0.10475ms)
✔ special inclusion explains boundary exception without labelling it an ordinary fractal (0.066291ms)
✔ centre relation history distinguishes current candidate from original separation (0.097459ms)
✔ confirmation replay translates raw indices without date matching (0.07275ms)
✔ unknown, invalid or out-of-snapshot confirmations have no replay target (0.078666ms)
✔ connection badge validates shared time, price and alternating direction (0.109958ms)
✔ reverse preview uses observed extreme, not last close or a future target (4.021458ms)
✔ mirrored lows produce an upward reference (0.276209ms)
✔ no invented reference for missing, ambiguous, extending, or invalid inputs (0.373333ms)
✔ replay prefix cannot use a later extreme; ties retain first occurrence (4.979583ms)
✔ ongoing consolidation differs by color, line pattern, and fill (0.524625ms)
✔ cancelling is not terminal and elapsed values remain readable (1.163166ms)
✔ runBacktestWithPolling waits through cancelling and returns cancelled (20.120292ms)
✔ runBacktestWithPolling waits through cancelling and returns timed_out (0.653583ms)
✔ runSignalScanWithPolling waits through cancelling and returns cancelled (1.821208ms)
✔ runSignalScanWithPolling waits through cancelling and returns timed_out (1.866333ms)
✔ cancel API uses POST, and partial cancelled scan results are never accepted (0.410792ms)
✔ persistent recovery and version mismatch are distinct from completion (0.2825ms)
✔ terminal task deletion handles empty 204 and encodes identity (0.143ms)
✔ checkpoint presence is not confused with verified reuse or task completion (0.750583ms)
✔ cached completed submission is retrieved rather than shown as running (1.611333ms)
✔ network failures are localized across WebKit, Chromium and Firefox (0.714875ms)
✔ exact current revision accepts only its own evidence without mutation (1.115625ms)
✔ old partition, stale version, future evidence and false completion are rejected (0.802125ms)
✔ historical audit cannot import a later opposite segment (0.089917ms)
✔ empty partitions and higher-proof priority retain explicit blockers (0.285959ms)
✔ new blockers use Chinese labels without calling prerequisites completion (0.410417ms)
✔ missing comparison interval is explained in Chinese without inventing a date (0.661958ms)
✔ special diagnostics identify each A indicator witness rather than the price witness (0.174416ms)
✔ nonstandard DEA axis gate remains explicit without an improvement requirement (0.138833ms)
✔ DEA tolerance discloses research threshold, precise deviation and near-zero fallback (0.650042ms)
✔ wave evidence separates effective A from original wave and local pivots (0.301625ms)
✔ rounded equal line extrema disclose the precise failed values and witness times (0.135584ms)
✔ comparisons are explicitly research only and preserve B/C axis checks (0.110125ms)
✔ unformed candidate shows Chinese gates, two-decimal values and rejection dates (0.0995ms)
✔ new nonstandard audit explicitly uses full A and first-formed reverse evidence explains gaps (0.188792ms)
ℹ tests 244
ℹ suites 0
ℹ pass 244
ℹ fail 0
ℹ cancelled 0
ℹ skipped 0
ℹ todo 0
ℹ duration_ms 1205.593416
→ 打包中…
→ 运行测试…
京东方评级: D 分数: 34.3
维度明细: 卡玛比率=22.7, 最大回撤=27.5, 胜率=33.5, 利润因子=34.1, 夏普比率=41.5, 波动率=50.1
否决: 利润因子 1.11 接近 1，仅勉强盈亏平衡
长线优质策略评级: B 分数: 64.5
维度权重: 卡玛比率=28%, 最大回撤=26%, 胜率=0%, 利润因子=0%, 夏普比率=23%, 波动率=23%
优质案例评级: A 分数: 83.9
寻优点评级: A 74
组合重算指标: { '年化': '20.83%', '回撤': '0.80%', '夏普': '5.27', '卡玛': '26.03' }
稳定上涨组合评级: S 91.8
波动组合重算: { '回撤': '44.15%', '夏普': '-2.64', '持续': 60 }
波动组合评级: D 18.5
✔ 新版组合评级使用后端采样，不按图表柱数重新日线年化 (0.984542ms)
✔ 必要风险指标缺失不能展示为零风险或正常评级 (0.259667ms)
✔ 无穷比率不等于满分，真实零利润因子仍按亏损判断 (0.230416ms)
✔ 京东方回测必须评为 D 档（用户核心诉求验证点） (0.490042ms)
✔ 京东方评分应在 30-43 区间（C 与 D 的边界） (0.471ms)
✔ 低利润因子触发系统亏损否决 (0.22675ms)
✔ 样本不足（< 10 笔交易）降权但不否决整个评级 (0.422875ms)
✔ 用户实测场景：6年6笔交易 + 高夏普 → 应得 A/B（核心回归测试） (0.336583ms)
✔ 深回撤 > 60% 触发直接 D 否决 (0.223375ms)
✔ 优质回测应得 A 或 S 档 (0.652375ms)
✔ 高回撤但收益高 → 最高 B（一票否决 cap） (0.083083ms)
✔ 插值函数：边界值取端点分数 (0.048125ms)
✔ 插值函数：中间值线性插值 (0.063458ms)
✔ 寻优评级：4 维度降级版 (0.093542ms)
✔ 寻优评级：网格点交易太少 → 降权但评级照常 (0.0605ms)
✔ 组合评级：稳定上涨净值应得 A 或 S (1.541292ms)
✔ 组合评级：高波动深回撤净值 → 低档 (0.494708ms)
✔ combinedMetrics：单点净值返回全 0（兜底） (0.05125ms)
✔ 历史组合仅保留原值，不从曲线推断日线或重算评级 (0.506625ms)
✔ v1-v4、未知版本及不完整依据不伪装为新版结果 (0.537375ms)
✔ 新版结果使用已记录指标，真实 999 和零不被当作历史哨兵 (0.073ms)
✔ 指标状态缺失或与数值冲突不能产出评级，包括被降权维度 (0.091417ms)
✔ 寻优逐行核验新版采样与候选状态，输入范围不替代候选证据 (0.115167ms)
✔ 完整快照保留精度、真实 0/999、全部指标及版本且不关联可变输入 (0.231583ms)
✔ 对比展示原值并指出版本、周期、范围与利率差异，不自动重算 (0.267ms)
ℹ tests 25
ℹ suites 0
ℹ pass 25
ℹ fail 0
ℹ cancelled 0
ℹ skipped 0
ℹ todo 0
ℹ duration_ms 73.081875
