
> web-ui@0.0.0 test
> node scripts/run-tests.mjs

✔ higher sources resolve actual records and separate original from current review time (2.439041ms)
✔ base sources and foreign witness rejection have distinct Chinese descriptions (0.331ms)
✔ inconsistent candidate has no replay evidence: unknown reason (0.452667ms)
✔ inconsistent candidate has no replay evidence: prototype key (0.098292ms)
✔ inconsistent candidate has no replay evidence: future version (0.072167ms)
✔ inconsistent candidate has no replay evidence: future completion (0.056208ms)
✔ inconsistent candidate has no replay evidence: missing time (1.261917ms)
✔ inconsistent candidate has no replay evidence: empty source (0.075166ms)
✔ inconsistent candidate has no replay evidence: duplicate source (0.073083ms)
✔ inconsistent candidate has no replay evidence: unknown source (0.113333ms)
✔ inconsistent candidate has no replay evidence: mixed levels (0.07025ms)
✔ inconsistent candidate has no replay evidence: future child (0.060167ms)
✔ inconsistent candidate has no replay evidence: wrong child level (0.055ms)
✔ inconsistent candidate has no replay evidence: duplicate record (0.047208ms)
✔ inconsistent candidate has no replay evidence: empty record range (0.0635ms)
✔ inconsistent candidate has no replay evidence: gap (0.055833ms)
✔ inconsistent candidate has no replay evidence: wrong parent range (0.043375ms)
✔ inconsistent candidate has no replay evidence: reversed sources (0.04775ms)
✔ inconsistent candidate has no replay evidence: unsafe base number (0.053708ms)
✔ 80 percent transparency is 20 percent alpha, for both candle directions (0.426708ms)
✔ transparency stays finite, integer, and bounded (0.081041ms)
✔ body is symmetric around the unchanged wick across widths and fractional positions (12.272667ms)
✔ horizontal candles preserve every price coordinate (0.105417ms)
✔ missing or non-finite candle layouts are left untouched (0.097792ms)
✔ native ECharts layout remains centred after resize, zoom and data replacement (87.512292ms)
✔ zooming out of large-data line mode restores centred candle bodies (11.951416ms)
✔ structure widths retain existing defaults and hover appearance (3.497167ms)
✔ manual values stay finite, bounded, and at two decimal places (0.287333ms)
✔ raw index overrides rounded dates, including zero (0.426ms)
✔ legacy intraday dates never fall back to the first bar of the day (0.097334ms)
✔ duplicate formatted times fail safely without a raw index (0.071917ms)
✔ padding keeps the 23px marker plus radius inside the price pane (0.110042ms)
✔ flat, zero and negative ranges get finite padding; invalid extents do not (0.575334ms)
✔ single-bar time link is a thin line limited to each actual plot (2.015834ms)
✔ multi-bar time link has no border and clips to plot, never clamps offscreen data to an edge (0.115625ms)
✔ time links map daily coverage to all minute bars, not a matching ordinal (0.183542ms)
✔ weekly and monthly end-labelled bars cover earlier constituent dates without changing data (1.2315ms)
✔ nearest marker wins regardless of signal family, only co-located points share chooser (0.1925ms)
✔ immutable request cache deduplicates pending work, isolates payload keys and retries errors (0.311667ms)
✔ all six structural types keep extrema and confirmation separate with original evidence (0.574208ms)
✔ legacy records do not invent confirmation or structural sources (0.11875ms)
✔ M1 keeps independent MACD source and original direction, never a structural type (0.624333ms)
✔ all chart layers override independent animation and progressive rendering (1.834584ms)
✔ rejects invalid saved zooms (0.76425ms)
✔ same-snapshot redraw keeps current manually chosen view (0.380542ms)
✔ focus redraw keeps manual zoom; clearing restores pre-focus view (0.18525ms)
✔ switching focus preserves the original return view (0.105083ms)
✔ new snapshot resets saved focus view and never revives old zoom (0.075292ms)
✔ default inactive; moving does not show cards and leaving does not deactivate (0.804333ms)
✔ object previews can read date-card activation without activating it (0.1745ms)
✔ click selects a point; outside click closes; inside click is not dismissed (0.118333ms)
✔ activated cards follow movement until outside dismissal, then require another click (0.126625ms)
✔ zoom clears stale coordinates but preserves activation (0.081708ms)
✔ data reset and Escape deactivate; teardown removes all handlers (0.11875ms)
✔ directed centre chain is candidate evidence, not completion (1.116792ms)
✔ touching, opposing, future, overlapping or malformed chains fail closed (0.253792ms)
✔ single-centre and legacy components remain readable (0.072166ms)
✔ inside, border, reversed y and overlapping rectangles resolve newest first (0.783666ms)
✔ invalid or missing render coordinates cannot create hits (0.078333ms)
✔ popup stays within narrow viewport and near-edge right click (0.080125ms)
✔ roles are Chinese and unknown roles never claim completion (1.170958ms)
✔ source ranges keep one-based indices without disguising gaps (0.129375ms)
✔ coverage checks counts, repeats and missing IDs (0.560959ms)
✔ missing, empty and rejected suffix are explicit (0.428792ms)
✔ invalid counts and empty blocks cannot pass the coverage audit (0.273042ms)
✔ uses raw indices, allows shared endpoints and bounds zoom padding (1.3825ms)
✔ does not invent a B interval or infer indices from formatted dates (0.117125ms)
✔ rejects partial, reversed, overlapping and out-of-snapshot evidence (0.139375ms)
✔ allows inspection of historical failed evidence without reviving it (0.128166ms)
✔ local proof draws frozen exact endpoints only after its actual confirmation (0.180708ms)
✔ dual-line divergence uses two exact raw indices, never artificial ABC ranges (0.085792ms)
✔ dual-line focus rejects missing, duplicate, reversed and out-of-range points (0.085625ms)
✔ special wave focus uses AB and its extreme without inventing C (0.089125ms)
✔ direction, family and lifecycle have independent marker styles (0.562541ms)
✔ no-C dual-line remains a circle and fills only on first reverse-pen confirmation (0.787ms)
✔ M1 is restricted to confirmed waves with a later actual confirmation (1.268709ms)
✔ four families retain independent records and nonstandard uses a triangle (0.2135ms)
✔ October 4 marker matrix uses shape for family and colour only for direction (0.130833ms)
✔ special AB evidence separates A line extrema from both price anchors and legacy pivots (0.133334ms)
✔ history is opt-in, inactive stays grey hollow, never creates M1 (0.114833ms)
✔ every historical shape uses a continuous hollow contour, including on hover (0.128208ms)
✔ new nonstandard evidence relaxes prices only and records each subtype (0.107833ms)
✔ new dual rule cannot fill without recorded later local confirmation (0.094667ms)
✔ historical engineering match retains original timing without claiming regrouping completion (1.347875ms)
✔ future, stale, mismatched or incomplete evidence fails closed (0.329875ms)
✔ older snapshots and unmatched parts keep existing natural audit available (0.064375ms)
✔ engineering provenance uses the same one-based numbering as other inspectors (0.532625ms)
✔ mixed recursion distinguishes consolidation and trend from the old trend view (1.995584ms)
✔ unknown or reversed provenance is not presented as a completed trend (0.306916ms)
✔ indicator and price values use two decimals without inventing missing evidence (0.56675ms)
✔ recursive centre relations never call extension candidates completed types (0.238959ms)
✔ admissions distinguish unit confirmation from later failed-return admission (0.176666ms)
✔ display fields retain all text including dates, provenance, and secondary colons (2.131458ms)
✔ narrative, missing evidence, and timestamp headings remain whole (0.243041ms)
✔ all candidate states distinguish eligibility from completed natural types (0.552416ms)
✔ opposite geometry identifies reused next-part evidence, including nonzero source IDs (2.410958ms)
✔ external opposite geometry is not added to candidate membership (0.280459ms)
✔ missing, stale, misattributed or future opposite geometry is not displayed as matched (0.181375ms)
✔ preferred endpoints are never called completed types; conflicts are retained (0.081125ms)
✔ opposite base turn is not same-level completion (0.096083ms)
✔ price formatting preserves zero and boundary contact, guards non-finite values (0.108625ms)
✔ candidate audit joins by identity, not response order (0.074459ms)
✔ part audit must match ordinal AND exact raw source IDs, including shifted IDs (0.141167ms)
✔ locates the three raw ranges without relabelling them as MACD or confirmed centres (3.149042ms)
✔ candidate must already be observable at the CURRENT replay prefix (0.241542ms)
✔ no incomplete, waiting or unsupported candidate is given a fabricated range (0.111958ms)
✔ raw bar boundaries must be contiguous and inside the visible window (0.143333ms)
✔ source partitions must cover every original segment once, preserving nonzero IDs (0.127417ms)
✔ conflicting geometric fallback remains viewable for manual audit (0.119833ms)
✔ clearing a regrouping focus restores original zoom; a new replay snapshot does not (0.118541ms)
✔ membership labels distinguish source confirmation from later admission (0.48275ms)
✔ admission witness distinguishes confirmation dependency from geometric membership (0.087542ms)
✔ old or malformed evidence never invents an admission witness (0.069792ms)
✔ menus stay inside phone, keyboard and landscape viewports (0.555125ms)
✔ near-bottom controls open upwards without changing ordinary desktop width (0.094541ms)
✔ marker hit uses signed stacking offset for both directions, not candle position (0.499459ms)
✔ symbol size and invalid render positions are handled safely (0.084916ms)
✔ aborted late response cannot publish metadata even if transport ignores abort (48.697458ms)
✔ missing provenance or silently changed adjustment never reaches research (0.141792ms)
✔ reported gaps do not falsely label suspension or prevent inspecting valid candles (0.106292ms)
✔ history fetch consumes one verified range and publishes complete metadata only after validation (0.744791ms)
✔ unclosed response never updates provenance or reaches the backtest (0.252375ms)
✔ whole proof validated without mutation, and cross-role ownership remains visible (1.256292ms)
✔ stale, future, duplicated, incomplete, falsely completed and mismatched sources rejected (0.491291ms)
✔ base runs cannot masquerade as proofs or own multiple provisional regions (0.094708ms)
✔ blocked covers show full conflicts, never fabricated flattened blocks (0.102791ms)
✔ labels retain provisional scope (0.281083ms)
✔ all seven MA presets are available but only MA5 and MA10 start visible (2.476ms)
✔ each chart session gets independent editable settings without changing presets (0.083292ms)
✔ MA presets retain the requested yellow, white, purple, green, cyan, orange, red palette (0.07425ms)
✔ legend retains every MA choice and explicit hidden states override stale chart selection (0.119209ms)
✔ cross-boundary details resolve actual input and nested ownership records (2.657625ms)
✔ unowned reverse evidence stays explicitly unowned for boundary rejection (0.121666ms)
✔ foreign witness can be shown for an otherwise single-owner candidate (0.099625ms)
✔ legacy candidates do not invent missing conflict details (0.10525ms)
✔ damaged detail is not presented: mismatched candidate sources (0.082625ms)
✔ damaged detail is not presented: wrong layer (1.986ms)
✔ damaged detail is not presented: unknown reverse input (0.103792ms)
✔ damaged detail is not presented: wrong reverse range (5.08375ms)
✔ damaged detail is not presented: reverse overlaps prices (3.366833ms)
✔ damaged detail is not presented: future reverse confirmation (0.410125ms)
✔ damaged detail is not presented: wrong reverse time (0.29025ms)
✔ damaged detail is not presented: incomplete domain list (14.1055ms)
✔ damaged detail is not presented: duplicate domains (0.243541ms)
✔ damaged detail is not presented: noncontinuous domain (0.110375ms)
✔ damaged detail is not presented: foreign domain misses witness (0.397042ms)
✔ damaged detail is not presented: false unowned witness (0.396458ms)
✔ damaged detail is not presented: missing nested record (0.098708ms)
✔ damaged detail is not presented: wrong reason (0.060625ms)
✔ only current owner revisions form the displayed ownership set (0.823084ms)
✔ internal provenance remains distinct and validates enclosing ownership (0.334958ms)
✔ parent-covered history is not labeled as an additional effective input (0.067584ms)
✔ nested provenance validates containment and strictly increasing input levels (0.158917ms)
✔ current owner labels are distinct from creation IDs and tolerate old snapshots (0.086875ms)
✔ summary mode lists every historical address, not just current versions (1.411833ms)
✔ full and missing legacy snapshots stay readable without inventing history (0.128958ms)
✔ all four analysis paths explicitly request summary delivery without changing input (0.372542ms)
✔ complete lifecycle stays chronological, does not mutate input, and uses Chinese labels (2.791292ms)
✔ legacy or future history is not invented (0.426666ms)
✔ dangling, reordered, duplicated, miscounted and conflicting histories fail closed (4.642333ms)
✔ equal counts cannot hide swapped source identities (0.084083ms)
✔ intermediate event boundaries must equal actual inherited and added sources (0.072459ms)
✔ input evidence must exist at the correct level and be available at admission (0.633333ms)
✔ invalid domain sources, membership and parent context fail closed (0.201375ms)
✔ leftward growth, shifted sources and newly filled merge gaps remain valid (0.145583ms)
✔ both periods exclude future and open candles while retaining original warm-up start (0.866167ms)
✔ snapshot observation time caps cutoff; bar start before cutoff is not enough (0.247375ms)
✔ no timeframe fallback or fabricated candles when historical minute range is unavailable (0.139666ms)
✔ index and board snapshots retain NONE adjustment, mismatch is rejected (0.316958ms)
✔ missing completion evidence, timezone timestamps and unordered bars fail explicitly (0.1645ms)
✔ week/month completion boundary comes from provider annotation, not day label (0.103458ms)
✔ forming candles preserve OHLC and use dashed empty outlines (0.485375ms)
✔ forming volume and signed MACD columns preserve values and direction (1.460334ms)
✔ late messages, close and errors from an old socket cannot affect replacement (0.851458ms)
✔ invalid messages and control responses never become ticks; close reason retained (0.380209ms)
✔ matching versions are selected by case identity without mutation (0.900458ms)
✔ future snapshots, wrong rules, incomplete chains and duplicate cases are rejected (0.215375ms)
✔ labels never confuse endpoint consistency or higher-centre proof with completion (0.133125ms)
✔ v2 keeps the detached prefix and v1 remains readable (0.311791ms)
✔ v3 supports trend search while retaining the same ownership guards (0.112042ms)
✔ missing, duplicated, misattributed or silently completed prefix is rejected (0.305291ms)
✔ reincorporation is recorded explicitly instead of erasing detached history (0.138083ms)
✔ accepts bounded history and empty verified batches (0.541583ms)
✔ rejects wrong batch, future indices, broken sources and contradictory state (0.260166ms)
✔ research labels distinguish absence, release, retained and internal (0.839917ms)
✔ late old responses cannot own a newer research request (0.704125ms)
✔ submission fields are captured values, not mutable form references (0.438041ms)
✔ snapshot import keeps original data and normalizes optional display metadata (0.893709ms)
✔ reject invalid schema, periods, oversized arrays and impossible candle prices (0.281416ms)
✔ window is exchange local and bounded by the snapshot cutoff (0.610625ms)
✔ missing numbers and candidate status are never promoted (0.09ms)
✔ amber projection resolves daily and minute labels, ignores open candle (0.276917ms)
✔ audit description translates permissions and never renders arbitrary detail fields (0.476875ms)
✔ audit time is explicitly Shanghai time and invalid data remains readable (40.480417ms)
✔ audit API preserves bounded pagination/filter state and authenticated credentials (23.993958ms)
✔ new standard evidence explains price, old blocker and independent special lifecycle (1.12175ms)
✔ new gates include counts, boundary and dates without undefined placeholder (0.227125ms)
✔ legacy comparisons retain old detected confirmed and invalidated dates (0.156583ms)
✔ structure dates remove midnight noise without changing intraday precision (6.478ms)
✔ centre evidence distinguishes fixed core, outer range and candidate expansion (1.45275ms)
✔ segment evidence includes source prices and reverse proof with one-based labels (0.435917ms)
✔ missing legacy evidence does not invent confirmation (0.233458ms)
✔ special inclusion explains boundary exception without labelling it an ordinary fractal (0.231667ms)
✔ centre relation history distinguishes current candidate from original separation (0.141834ms)
✔ confirmation replay translates raw indices without date matching (0.082167ms)
✔ unknown, invalid or out-of-snapshot confirmations have no replay target (0.078958ms)
✔ connection badge validates shared time, price and alternating direction (0.106709ms)
✔ reverse preview uses observed extreme, not last close or a future target (4.742083ms)
✔ mirrored lows produce an upward reference (0.116583ms)
✔ no invented reference for missing, ambiguous, extending, or invalid inputs (0.102125ms)
✔ replay prefix cannot use a later extreme; ties retain first occurrence (0.11175ms)
✔ ongoing consolidation differs by color, line pattern, and fill (0.104292ms)
✔ cancelling is not terminal and elapsed values remain readable (2.534542ms)
✔ runBacktestWithPolling waits through cancelling and returns cancelled (26.956166ms)
✔ runBacktestWithPolling waits through cancelling and returns timed_out (2.765584ms)
✔ runSignalScanWithPolling waits through cancelling and returns cancelled (2.295667ms)
✔ runSignalScanWithPolling waits through cancelling and returns timed_out (0.731875ms)
✔ cancel API uses POST, and partial cancelled scan results are never accepted (0.434042ms)
✔ persistent recovery and version mismatch are distinct from completion (0.198125ms)
✔ terminal task deletion handles empty 204 and encodes identity (0.137042ms)
✔ cached completed submission is retrieved rather than shown as running (0.215875ms)
✔ network failures are localized across WebKit, Chromium and Firefox (0.380875ms)
✔ exact current revision accepts only its own evidence without mutation (3.163167ms)
✔ old partition, stale version, future evidence and false completion are rejected (0.276209ms)
✔ historical audit cannot import a later opposite segment (0.080917ms)
✔ empty partitions and higher-proof priority retain explicit blockers (0.069417ms)
✔ new blockers use Chinese labels without calling prerequisites completion (0.25375ms)
✔ missing comparison interval is explained in Chinese without inventing a date (0.621666ms)
✔ special diagnostics identify each A indicator witness rather than the price witness (0.172959ms)
✔ nonstandard DEA axis gate remains explicit without an improvement requirement (0.141541ms)
✔ DEA tolerance discloses research threshold, precise deviation and near-zero fallback (0.171209ms)
✔ wave evidence separates effective A from original wave and local pivots (0.277291ms)
✔ rounded equal line extrema disclose the precise failed values and witness times (0.114583ms)
✔ comparisons are explicitly research only and preserve B/C axis checks (0.098375ms)
✔ unformed candidate shows Chinese gates, two-decimal values and rejection dates (0.935709ms)
✔ new nonstandard audit explicitly uses full A and first-formed reverse evidence explains gaps (0.143375ms)
ℹ tests 236
ℹ suites 0
ℹ pass 236
ℹ fail 0
ℹ cancelled 0
ℹ skipped 0
ℹ todo 0
ℹ duration_ms 1101.856875
→ 打包中…
→ 运行测试…
京东方评级: D 分数: 34.3
维度明细: 卡玛比率=22.7, 最大回撤=27.5, 胜率=33.5, 利润因子=34.1, 夏普比率=41.5, 波动率=50.1
否决: 利润因子 1.11 接近 1，仅勉强盈亏平衡
长线优质策略评级: B 分数: 64.5
维度权重: 卡玛比率=28%, 最大回撤=26%, 胜率=0%, 利润因子=0%, 夏普比率=23%, 波动率=23%
优质案例评级: A 分数: 83.9
寻优点评级: A 74
组合重算指标: { '年化': '20.83%', '回撤': '0.80%', '夏普': '5.27', '卡玛': '26.03' }
稳定上涨组合评级: S 91.8
波动组合重算: { '回撤': '44.15%', '夏普': '-2.64', '持续': 60 }
波动组合评级: D 18.5
✔ 京东方回测必须评为 D 档（用户核心诉求验证点） (1.512958ms)
✔ 京东方评分应在 30-43 区间（C 与 D 的边界） (0.113542ms)
✔ 低利润因子触发系统亏损否决 (0.0785ms)
✔ 样本不足（< 10 笔交易）降权但不否决整个评级 (0.162583ms)
✔ 用户实测场景：6年6笔交易 + 高夏普 → 应得 A/B（核心回归测试） (0.152291ms)
✔ 深回撤 > 60% 触发直接 D 否决 (0.087083ms)
✔ 优质回测应得 A 或 S 档 (0.105833ms)
✔ 高回撤但收益高 → 最高 B（一票否决 cap） (0.072917ms)
✔ 插值函数：边界值取端点分数 (0.068209ms)
✔ 插值函数：中间值线性插值 (0.091709ms)
✔ 寻优评级：4 维度降级版 (0.12325ms)
✔ 寻优评级：网格点交易太少 → 降权但评级照常 (0.062583ms)
✔ 组合评级：稳定上涨净值应得 A 或 S (1.994042ms)
✔ 组合评级：高波动深回撤净值 → 低档 (0.507167ms)
✔ combinedMetrics：单点净值返回全 0（兜底） (0.073916ms)
ℹ tests 15
ℹ suites 0
ℹ pass 15
ℹ fail 0
ℹ cancelled 0
ℹ skipped 0
ℹ todo 0
ℹ duration_ms 57.9375
