
> web-ui@0.0.0 test
> node scripts/run-tests.mjs

✔ trade lookup keeps the exact minute across separators, precision and days (0.714708ms)
✔ date-only values cannot choose the midnight bar of an ambiguous day (0.08025ms)
✔ daily and duplicate exact timestamps keep first positional matches (0.071375ms)
✔ nanoseconds and timezone text are not truncated into a false match (0.08375ms)
✔ date labels preserve useful precision without local timezone conversion (0.083625ms)
✔ higher sources resolve actual records and separate original from current review time (1.159542ms)
✔ base sources and foreign witness rejection have distinct Chinese descriptions (0.154375ms)
✔ inconsistent candidate has no replay evidence: unknown reason (0.174708ms)
✔ inconsistent candidate has no replay evidence: prototype key (0.073458ms)
✔ inconsistent candidate has no replay evidence: future version (0.057625ms)
✔ inconsistent candidate has no replay evidence: future completion (0.526917ms)
✔ inconsistent candidate has no replay evidence: missing time (0.047084ms)
✔ inconsistent candidate has no replay evidence: empty source (0.042417ms)
✔ inconsistent candidate has no replay evidence: duplicate source (0.158584ms)
✔ inconsistent candidate has no replay evidence: unknown source (0.768333ms)
✔ inconsistent candidate has no replay evidence: mixed levels (1.410083ms)
✔ inconsistent candidate has no replay evidence: future child (0.074084ms)
✔ inconsistent candidate has no replay evidence: wrong child level (0.05625ms)
✔ inconsistent candidate has no replay evidence: duplicate record (0.044291ms)
✔ inconsistent candidate has no replay evidence: empty record range (0.048041ms)
✔ inconsistent candidate has no replay evidence: gap (0.049083ms)
✔ inconsistent candidate has no replay evidence: wrong parent range (0.036083ms)
✔ inconsistent candidate has no replay evidence: reversed sources (0.040709ms)
✔ inconsistent candidate has no replay evidence: unsafe base number (0.048583ms)
✔ 80 percent transparency is 20 percent alpha, for both candle directions (0.45775ms)
✔ transparency stays finite, integer, and bounded (0.252ms)
✔ body is symmetric around the unchanged wick across widths and fractional positions (1.574708ms)
✔ horizontal candles preserve every price coordinate (0.105917ms)
✔ missing or non-finite candle layouts are left untouched (0.112625ms)
✔ native ECharts layout remains centred after resize, zoom and data replacement (67.394125ms)
✔ zooming out of large-data line mode restores centred candle bodies (9.719042ms)
✔ structure widths retain existing defaults and hover appearance (1.737542ms)
✔ manual values stay finite, bounded, and at two decimal places (0.529125ms)
✔ raw index overrides rounded dates, including zero (0.510416ms)
✔ legacy intraday dates never fall back to the first bar of the day (0.145416ms)
✔ duplicate formatted times fail safely without a raw index (0.074792ms)
✔ padding keeps the 23px marker plus radius inside the price pane (0.145166ms)
✔ flat, zero and negative ranges get finite padding; invalid extents do not (0.089875ms)
✔ single-bar time link is a thin line limited to each actual plot (1.978333ms)
✔ multi-bar time link has no border and clips to plot, never clamps offscreen data to an edge (0.972875ms)
✔ time links map daily coverage to all minute bars, not a matching ordinal (0.998584ms)
✔ weekly and monthly end-labelled bars cover earlier constituent dates without changing data (0.85925ms)
✔ nearest marker wins regardless of signal family, only co-located points share chooser (0.546916ms)
✔ immutable request cache deduplicates pending work, isolates payload keys and retries errors (0.535959ms)
✔ all six structural types keep extrema and confirmation separate with original evidence (0.637209ms)
✔ legacy records do not invent confirmation or structural sources (0.610042ms)
✔ M1 keeps independent MACD source and original direction, never a structural type (0.350292ms)
✔ all chart layers override independent animation and progressive rendering (0.842917ms)
✔ rejects invalid saved zooms (0.800042ms)
✔ same-snapshot redraw keeps current manually chosen view (0.110458ms)
✔ focus redraw keeps manual zoom; clearing restores pre-focus view (0.077833ms)
✔ switching focus preserves the original return view (0.067458ms)
✔ new snapshot resets saved focus view and never revives old zoom (0.063042ms)
✔ default inactive; moving does not show cards and leaving does not deactivate (0.838459ms)
✔ object previews can read date-card activation without activating it (0.152167ms)
✔ click selects a point; outside click closes; inside click is not dismissed (0.109583ms)
✔ activated cards follow movement until outside dismissal, then require another click (0.118083ms)
✔ zoom clears stale coordinates but preserves activation (0.0735ms)
✔ data reset and Escape deactivate; teardown removes all handlers (0.101833ms)
✔ directed centre chain is candidate evidence, not completion (4.006833ms)
✔ touching, opposing, future, overlapping or malformed chains fail closed (0.686334ms)
✔ single-centre and legacy components remain readable (0.080167ms)
✔ inside, border, reversed y and overlapping rectangles resolve newest first (1.664666ms)
✔ invalid or missing render coordinates cannot create hits (0.239542ms)
✔ popup stays within narrow viewport and near-edge right click (0.196083ms)
✔ roles are Chinese and unknown roles never claim completion (1.214834ms)
✔ source ranges keep one-based indices without disguising gaps (0.647292ms)
✔ coverage checks counts, repeats and missing IDs (6.679792ms)
✔ missing, empty and rejected suffix are explicit (0.529625ms)
✔ invalid counts and empty blocks cannot pass the coverage audit (0.858334ms)
✔ uses raw indices, allows shared endpoints and bounds zoom padding (0.910916ms)
✔ does not invent a B interval or infer indices from formatted dates (0.087125ms)
✔ rejects partial, reversed, overlapping and out-of-snapshot evidence (0.122125ms)
✔ allows inspection of historical failed evidence without reviving it (0.108833ms)
✔ local proof draws frozen exact endpoints only after its actual confirmation (0.170625ms)
✔ dual-line divergence uses two exact raw indices, never artificial ABC ranges (0.085292ms)
✔ dual-line focus rejects missing, duplicate, reversed and out-of-range points (0.090583ms)
✔ special wave focus uses AB and its extreme without inventing C (0.099875ms)
✔ direction, family and lifecycle have independent marker styles (0.624416ms)
✔ no-C dual-line remains a circle and fills only on first reverse-pen confirmation (0.799042ms)
✔ M1 is restricted to confirmed waves with a later actual confirmation (0.728625ms)
✔ four families retain independent records and nonstandard uses a triangle (0.2035ms)
✔ October 4 marker matrix uses shape for family and colour only for direction (0.134083ms)
✔ special AB evidence separates A line extrema from both price anchors and legacy pivots (0.143208ms)
✔ history is opt-in, inactive stays grey hollow, never creates M1 (0.114916ms)
✔ every historical shape uses a continuous hollow contour, including on hover (0.128292ms)
✔ new nonstandard evidence relaxes prices only and records each subtype (4.64575ms)
✔ new dual rule cannot fill without recorded later local confirmation (0.164667ms)
✔ historical engineering match retains original timing without claiming regrouping completion (0.965625ms)
✔ future, stale, mismatched or incomplete evidence fails closed (0.342291ms)
✔ older snapshots and unmatched parts keep existing natural audit available (0.070667ms)
✔ engineering provenance uses the same one-based numbering as other inspectors (1.577083ms)
✔ mixed recursion distinguishes consolidation and trend from the old trend view (0.643417ms)
✔ unknown or reversed provenance is not presented as a completed trend (0.157625ms)
✔ indicator and price values use two decimals without inventing missing evidence (0.141916ms)
✔ recursive centre relations never call extension candidates completed types (0.220875ms)
✔ admissions distinguish unit confirmation from later failed-return admission (0.229666ms)
✔ display fields retain all text including dates, provenance, and secondary colons (0.774542ms)
✔ narrative, missing evidence, and timestamp headings remain whole (0.098375ms)
✔ selects the exact source without replacing missing comparison periods with the primary (0.801292ms)
✔ prefix audit preserves original warmup snapshot and its own instrument and period (0.420792ms)
✔ rejects invalid positions, missing identity and explicitly unclosed prefix data (0.193125ms)
✔ all candidate states distinguish eligibility from completed natural types (0.541917ms)
✔ opposite geometry identifies reused next-part evidence, including nonzero source IDs (0.539083ms)
✔ external opposite geometry is not added to candidate membership (0.09625ms)
✔ missing, stale, misattributed or future opposite geometry is not displayed as matched (0.137625ms)
✔ preferred endpoints are never called completed types; conflicts are retained (0.08075ms)
✔ opposite base turn is not same-level completion (0.09775ms)
✔ price formatting preserves zero and boundary contact, guards non-finite values (0.116084ms)
✔ candidate audit joins by identity, not response order (0.075417ms)
✔ part audit must match ordinal AND exact raw source IDs, including shifted IDs (0.125625ms)
✔ locates the three raw ranges without relabelling them as MACD or confirmed centres (1.000083ms)
✔ candidate must already be observable at the CURRENT replay prefix (0.178042ms)
✔ no incomplete, waiting or unsupported candidate is given a fabricated range (0.100375ms)
✔ raw bar boundaries must be contiguous and inside the visible window (0.141542ms)
✔ source partitions must cover every original segment once, preserving nonzero IDs (0.122125ms)
✔ conflicting geometric fallback remains viewable for manual audit (0.071167ms)
✔ clearing a regrouping focus restores original zoom; a new replay snapshot does not (0.115042ms)
✔ membership labels distinguish source confirmation from later admission (1.253709ms)
✔ admission witness distinguishes confirmation dependency from geometric membership (1.093292ms)
✔ old or malformed evidence never invents an admission witness (0.101959ms)
✔ menus stay inside phone, keyboard and landscape viewports (0.564792ms)
✔ near-bottom controls open upwards without changing ordinary desktop width (0.095625ms)
✔ marker hit uses signed stacking offset for both directions, not candle position (0.410083ms)
✔ symbol size and invalid render positions are handled safely (0.078125ms)
✔ aborted late response cannot publish metadata even if transport ignores abort (50.4515ms)
✔ missing provenance or silently changed adjustment never reaches research (0.165916ms)
✔ reported gaps do not falsely label suspension or prevent inspecting valid candles (0.120875ms)
✔ history fetch consumes one verified range and publishes complete metadata only after validation (0.652708ms)
✔ unclosed response never updates provenance or reaches the backtest (0.633ms)
✔ null, true zero, infinities and real 999 are distinct after JSON roundtrip (0.853833ms)
✔ single, saved and comparison results retain authoritative metric basis (0.817625ms)
✔ whole proof validated without mutation, and cross-role ownership remains visible (4.483375ms)
✔ stale, future, duplicated, incomplete, falsely completed and mismatched sources rejected (0.341916ms)
✔ base runs cannot masquerade as proofs or own multiple provisional regions (0.075042ms)
✔ blocked covers show full conflicts, never fabricated flattened blocks (0.087667ms)
✔ labels retain provisional scope (0.069208ms)
✔ all seven MA presets are available but only MA5 and MA10 start visible (4.175417ms)
✔ each chart session gets independent editable settings without changing presets (0.103ms)
✔ MA presets retain the requested yellow, white, purple, green, cyan, orange, red palette (0.083417ms)
✔ legend retains every MA choice and explicit hidden states override stale chart selection (0.125125ms)
✔ cross-boundary details resolve actual input and nested ownership records (11.050917ms)
✔ unowned reverse evidence stays explicitly unowned for boundary rejection (2.087458ms)
✔ foreign witness can be shown for an otherwise single-owner candidate (0.474667ms)
✔ legacy candidates do not invent missing conflict details (3.227667ms)
✔ damaged detail is not presented: mismatched candidate sources (0.330917ms)
✔ damaged detail is not presented: wrong layer (0.578042ms)
✔ damaged detail is not presented: unknown reverse input (0.309958ms)
✔ damaged detail is not presented: wrong reverse range (3.856833ms)
✔ damaged detail is not presented: reverse overlaps prices (0.124ms)
✔ damaged detail is not presented: future reverse confirmation (0.127375ms)
✔ damaged detail is not presented: wrong reverse time (0.0695ms)
✔ damaged detail is not presented: incomplete domain list (0.07475ms)
✔ damaged detail is not presented: duplicate domains (0.05725ms)
✔ damaged detail is not presented: noncontinuous domain (0.0425ms)
✔ damaged detail is not presented: foreign domain misses witness (0.047041ms)
✔ damaged detail is not presented: false unowned witness (1.215083ms)
✔ damaged detail is not presented: missing nested record (0.351125ms)
✔ damaged detail is not presented: wrong reason (0.60975ms)
✔ only current owner revisions form the displayed ownership set (3.5125ms)
✔ internal provenance remains distinct and validates enclosing ownership (1.904084ms)
✔ parent-covered history is not labeled as an additional effective input (0.113916ms)
✔ nested provenance validates containment and strictly increasing input levels (0.214291ms)
✔ current owner labels are distinct from creation IDs and tolerate old snapshots (0.104125ms)
✔ summary mode lists every historical address, not just current versions (2.718791ms)
✔ full and missing legacy snapshots stay readable without inventing history (0.199ms)
✔ all four analysis paths explicitly request summary delivery without changing input (0.771875ms)
✔ complete lifecycle stays chronological, does not mutate input, and uses Chinese labels (2.48275ms)
✔ legacy or future history is not invented (0.135709ms)
✔ dangling, reordered, duplicated, miscounted and conflicting histories fail closed (1.984833ms)
✔ equal counts cannot hide swapped source identities (1.074042ms)
✔ intermediate event boundaries must equal actual inherited and added sources (0.773417ms)
✔ input evidence must exist at the correct level and be available at admission (1.015916ms)
✔ invalid domain sources, membership and parent context fail closed (0.235875ms)
✔ leftward growth, shifted sources and newly filled merge gaps remain valid (0.172625ms)
✔ both periods exclude future and open candles while retaining original warm-up start (0.752833ms)
✔ snapshot observation time caps cutoff; bar start before cutoff is not enough (0.10125ms)
✔ no timeframe fallback or fabricated candles when historical minute range is unavailable (1.541708ms)
✔ index and board snapshots retain NONE adjustment, mismatch is rejected (0.307667ms)
✔ missing completion evidence, timezone timestamps and unordered bars fail explicitly (0.163584ms)
✔ week/month completion boundary comes from provider annotation, not day label (0.109708ms)
✔ matrix defaults to exactly the five requested periods in image order and six information columns (1.000208ms)
✔ does not turn current reversal observation into a confirmed opposite pen (0.1625ms)
✔ keeps true zero distinct from missing, and numerical display never overwrites original axis judgment (0.445667ms)
✔ keeps divergence family, extrema and actual confirmation separate; never drops records (15.148084ms)
✔ missing pen and divergence are bounded claims; quality limitations stay visible (0.499042ms)
✔ forming candles preserve OHLC and use dashed empty outlines (2.16475ms)
✔ forming volume and signed MACD columns preserve values and direction (0.107875ms)
✔ radar review captures row adjustment, exact minute, strategy and original cutoff (1.1355ms)
✔ invalid or legacy reviews fail explicitly without guessing data or adjustment (5.336667ms)
✔ exchange-local dates validate without browser timezone conversion (0.168292ms)
✔ review excludes future and unclosed bars, resets derived fingerprint and reports actual range without mutating source (0.537917ms)
✔ radar cache is owner scoped and malformed/legacy records never enter the UI (0.393459ms)
✔ late messages, close and errors from an old socket cannot affect replacement (0.816125ms)
✔ invalid messages and control responses never become ticks; close reason retained (0.388792ms)
✔ matching versions are selected by case identity without mutation (1.615958ms)
✔ future snapshots, wrong rules, incomplete chains and duplicate cases are rejected (0.215167ms)
✔ labels never confuse endpoint consistency or higher-centre proof with completion (0.132875ms)
✔ v2 keeps the detached prefix and v1 remains readable (0.307375ms)
✔ v3 supports trend search while retaining the same ownership guards (0.108166ms)
✔ missing, duplicated, misattributed or silently completed prefix is rejected (2.532916ms)
✔ reincorporation is recorded explicitly instead of erasing detached history (0.574916ms)
✔ accepts bounded history and empty verified batches (26.140417ms)
✔ rejects wrong batch, future indices, broken sources and contradictory state (0.565417ms)
✔ research labels distinguish absence, release, retained and internal (0.097791ms)
✔ late old responses cannot own a newer research request (0.465125ms)
✔ submission fields are captured values, not mutable form references (0.42975ms)
✔ snapshot import keeps original data and normalizes optional display metadata (2.541084ms)
✔ reject invalid schema, periods, oversized arrays and impossible candle prices (0.382167ms)
✔ window is exchange local and bounded by the snapshot cutoff (0.480542ms)
✔ missing numbers and candidate status are never promoted (0.082459ms)
✔ amber projection resolves daily and minute labels, ignores open candle (0.272416ms)
✔ three workspaces are keyboard traversable without dropping an existing mode (0.741584ms)
✔ mobile comparison shows exactly the selected snapshot; desktop shows both (0.10175ms)
✔ inactive research never starts automatic work, valid active research does (3.188458ms)
✔ audit description translates permissions and never renders arbitrary detail fields (1.020292ms)
✔ audit time is explicitly Shanghai time and invalid data remains readable (92.053291ms)
✔ audit API preserves bounded pagination/filter state and authenticated credentials (25.2095ms)
✔ distinguishes no candidate, failed current audit, and actual invalidation without promoting legacy state (0.526708ms)
✔ filters independent families and directions without merging special and local dual-line evidence (2.004875ms)
✔ searches lifecycle dates and failure reasons with all terms required, retaining original source objects (0.140416ms)
✔ searches diagnostic rejection history without silently reviving historical candidates (1.600375ms)
✔ all excludes bc false, preserves input order and records, and does not infer missing direction (0.649541ms)
✔ legacy diagnostic family is standard, and empty diagnostics do not invent rejection records (0.124583ms)
✔ structural points retain their own confirmation and evidence, never deriving them from a MACD source (0.307917ms)
✔ M1 uses exact existing gates and remains a separate view of its original standard event (0.211708ms)
✔ combined date query finds independent point, prompt and event records without deduplication or additive counts (0.11425ms)
✔ chart date matches structured lifecycle timestamps, not coincidental prose dates (0.40625ms)
✔ minute evidence uses exact exchange-local minute, accepting T/space and refusing missing time (0.8665ms)
✔ chart date includes diagnostic ABC and rejection coverage without inventing open or reversed intervals (0.682208ms)
✔ date scope combines with all filters for structural points and original M1 sources (0.292417ms)
✔ new standard evidence explains price, old blocker and independent special lifecycle (5.119083ms)
✔ new gates include counts, boundary and dates without undefined placeholder (0.27425ms)
✔ legacy comparisons retain old detected confirmed and invalidated dates (0.165125ms)
✔ structure dates remove midnight noise without changing intraday precision (0.546042ms)
✔ centre evidence distinguishes fixed core, outer range and candidate expansion (0.58925ms)
✔ segment evidence includes source prices and reverse proof with one-based labels (0.186125ms)
✔ missing legacy evidence does not invent confirmation (0.098041ms)
✔ special inclusion explains boundary exception without labelling it an ordinary fractal (0.068542ms)
✔ centre relation history distinguishes current candidate from original separation (0.094292ms)
✔ confirmation replay translates raw indices without date matching (0.068125ms)
✔ unknown, invalid or out-of-snapshot confirmations have no replay target (0.07225ms)
✔ connection badge validates shared time, price and alternating direction (0.100041ms)
✔ reverse preview uses observed extreme, not last close or a future target (0.889708ms)
✔ mirrored lows produce an upward reference (0.109375ms)
✔ no invented reference for missing, ambiguous, extending, or invalid inputs (0.101ms)
✔ replay prefix cannot use a later extreme; ties retain first occurrence (0.100083ms)
✔ ongoing consolidation differs by color, line pattern, and fill (0.095584ms)
✔ cancelling is not terminal and elapsed values remain readable (0.5535ms)
✔ runBacktestWithPolling waits through cancelling and returns cancelled (22.305292ms)
✔ runBacktestWithPolling waits through cancelling and returns timed_out (1.861959ms)
✔ runSignalScanWithPolling waits through cancelling and returns cancelled (3.040292ms)
✔ runSignalScanWithPolling waits through cancelling and returns timed_out (2.621792ms)
✔ cancel API uses POST, and partial cancelled scan results are never accepted (1.551ms)
✔ persistent recovery and version mismatch are distinct from completion (0.954333ms)
✔ terminal task deletion handles empty 204 and encodes identity (0.177792ms)
✔ checkpoint presence is not confused with verified reuse or task completion (0.307791ms)
✔ cached completed submission is retrieved rather than shown as running (0.236542ms)
✔ network failures are localized across WebKit, Chromium and Firefox (0.182125ms)
✔ tracking identity separates asset types, exchanges and board catalogues (0.758167ms)
✔ cloud book validates without silently dropping corrupt groups or duplicate entries (0.630583ms)
✔ expansion preserves every member and all board/direct sources, not a 200-row display page (1.761208ms)
✔ membership failure is explicit and malformed partial membership is never accepted (0.634875ms)
✔ batch runs sequentially, keeps partial errors and continues after a failed target (8.91675ms)
✔ cancellation marks in-flight and unstarted rows, ignoring a late success (0.204ms)
✔ group breadth counts only available periods, never treats failed targets as neutral evidence (0.210541ms)
✔ exact current revision accepts only its own evidence without mutation (1.551333ms)
✔ old partition, stale version, future evidence and false completion are rejected (0.71125ms)
✔ historical audit cannot import a later opposite segment (0.244ms)
✔ empty partitions and higher-proof priority retain explicit blockers (0.1695ms)
✔ new blockers use Chinese labels without calling prerequisites completion (0.331375ms)
✔ missing comparison interval is explained in Chinese without inventing a date (0.689583ms)
✔ special diagnostics identify each A indicator witness rather than the price witness (0.182875ms)
✔ nonstandard DEA axis gate remains explicit without an improvement requirement (0.137ms)
✔ DEA tolerance discloses research threshold, precise deviation and near-zero fallback (0.166458ms)
✔ wave evidence separates effective A from original wave and local pivots (0.37975ms)
✔ rounded equal line extrema disclose the precise failed values and witness times (0.14425ms)
✔ comparisons are explicitly research only and preserve B/C axis checks (0.116459ms)
✔ unformed candidate shows Chinese gates, two-decimal values and rejection dates (0.094958ms)
✔ new nonstandard audit explicitly uses full A and first-formed reverse evidence explains gaps (0.110375ms)
ℹ tests 280
ℹ suites 0
ℹ pass 280
ℹ fail 0
ℹ cancelled 0
ℹ skipped 0
ℹ todo 0
ℹ duration_ms 1227.340333
→ 打包中…
→ 运行测试…
京东方评级: D 分数: 34.3
维度明细: 卡玛比率=22.7, 最大回撤=27.5, 胜率=33.5, 利润因子=34.1, 夏普比率=41.5, 波动率=50.1
否决: 利润因子 1.11 接近 1，仅勉强盈亏平衡
长线优质策略评级: B 分数: 64.5
维度权重: 卡玛比率=28%, 最大回撤=26%, 胜率=0%, 利润因子=0%, 夏普比率=23%, 波动率=23%
优质案例评级: A 分数: 83.9
寻优点评级: A 74
组合重算指标: { '年化': '20.83%', '回撤': '0.80%', '夏普': '5.27', '卡玛': '26.03' }
稳定上涨组合评级: S 91.8
波动组合重算: { '回撤': '44.15%', '夏普': '-2.64', '持续': 60 }
波动组合评级: D 18.5
✔ 新版组合评级使用后端采样，不按图表柱数重新日线年化 (1.37125ms)
✔ 必要风险指标缺失不能展示为零风险或正常评级 (0.217916ms)
✔ 无穷比率不等于满分，真实零利润因子仍按亏损判断 (0.127834ms)
✔ 京东方回测必须评为 D 档（用户核心诉求验证点） (0.456375ms)
✔ 京东方评分应在 30-43 区间（C 与 D 的边界） (0.099ms)
✔ 低利润因子触发系统亏损否决 (0.064459ms)
✔ 样本不足（< 10 笔交易）降权但不否决整个评级 (0.125334ms)
✔ 用户实测场景：6年6笔交易 + 高夏普 → 应得 A/B（核心回归测试） (0.140084ms)
✔ 深回撤 > 60% 触发直接 D 否决 (0.300125ms)
✔ 优质回测应得 A 或 S 档 (0.1865ms)
✔ 高回撤但收益高 → 最高 B（一票否决 cap） (0.082542ms)
✔ 插值函数：边界值取端点分数 (0.059292ms)
✔ 插值函数：中间值线性插值 (0.045792ms)
✔ 寻优评级：4 维度降级版 (0.104709ms)
✔ 寻优评级：网格点交易太少 → 降权但评级照常 (0.0715ms)
✔ 组合评级：稳定上涨净值应得 A 或 S (1.637709ms)
✔ 组合评级：高波动深回撤净值 → 低档 (0.54375ms)
✔ combinedMetrics：单点净值返回全 0（兜底） (0.055833ms)
✔ 历史组合仅保留原值，不从曲线推断日线或重算评级 (0.483333ms)
✔ v1-v4、未知版本及不完整依据不伪装为新版结果 (0.5705ms)
✔ 新版结果使用已记录指标，真实 999 和零不被当作历史哨兵 (0.074875ms)
✔ 指标状态缺失或与数值冲突不能产出评级，包括被降权维度 (0.094167ms)
✔ 低交易样本的真实不可用逐笔指标仍可降权，不误拦截可用净值评级 (0.085041ms)
✔ 寻优逐行核验新版采样与候选状态，输入范围不替代候选证据 (0.108875ms)
✔ 完整快照保留精度、真实 0/999、全部指标及版本且不关联可变输入 (0.633208ms)
✔ 策略保存接受真实 Vue 响应式结果，不因 Proxy 无法 structuredClone 而失败 (0.511875ms)
✔ 再次保存历史指标不补造新版计算或评级依据 (0.088584ms)
✔ 对比展示原值并指出版本、周期、范围与利率差异，不自动重算 (0.223916ms)
ℹ tests 28
ℹ suites 0
ℹ pass 28
ℹ fail 0
ℹ cancelled 0
ℹ skipped 0
ℹ todo 0
ℹ duration_ms 96.357958
