
> web-ui@0.0.0 test
> node scripts/run-tests.mjs

✔ trade lookup keeps the exact minute across separators, precision and days (0.804375ms)
✔ date-only values cannot choose the midnight bar of an ambiguous day (0.099583ms)
✔ daily and duplicate exact timestamps keep first positional matches (0.074458ms)
✔ nanoseconds and timezone text are not truncated into a false match (0.075625ms)
✔ date labels preserve useful precision without local timezone conversion (0.086833ms)
✔ higher sources resolve actual records and separate original from current review time (1.096625ms)
✔ base sources and foreign witness rejection have distinct Chinese descriptions (0.094833ms)
✔ inconsistent candidate has no replay evidence: unknown reason (0.08125ms)
✔ inconsistent candidate has no replay evidence: prototype key (0.067291ms)
✔ inconsistent candidate has no replay evidence: future version (0.054042ms)
✔ inconsistent candidate has no replay evidence: future completion (0.056042ms)
✔ inconsistent candidate has no replay evidence: missing time (0.053042ms)
✔ inconsistent candidate has no replay evidence: empty source (1.817875ms)
✔ inconsistent candidate has no replay evidence: duplicate source (0.15875ms)
✔ inconsistent candidate has no replay evidence: unknown source (0.239083ms)
✔ inconsistent candidate has no replay evidence: mixed levels (0.141834ms)
✔ inconsistent candidate has no replay evidence: future child (0.203917ms)
✔ inconsistent candidate has no replay evidence: wrong child level (0.13475ms)
✔ inconsistent candidate has no replay evidence: duplicate record (0.172083ms)
✔ inconsistent candidate has no replay evidence: empty record range (0.134917ms)
✔ inconsistent candidate has no replay evidence: gap (0.114875ms)
✔ inconsistent candidate has no replay evidence: wrong parent range (1.135792ms)
✔ inconsistent candidate has no replay evidence: reversed sources (0.059875ms)
✔ inconsistent candidate has no replay evidence: unsafe base number (0.047ms)
✔ 80 percent transparency is 20 percent alpha, for both candle directions (0.426333ms)
✔ transparency stays finite, integer, and bounded (0.085166ms)
✔ body is symmetric around the unchanged wick across widths and fractional positions (5.651292ms)
✔ horizontal candles preserve every price coordinate (0.261208ms)
✔ missing or non-finite candle layouts are left untouched (0.271667ms)
✔ native ECharts layout remains centred after resize, zoom and data replacement (217.127584ms)
✔ zooming out of large-data line mode restores centred candle bodies (15.096791ms)
✔ structure widths retain existing defaults and hover appearance (2.75175ms)
✔ manual values stay finite, bounded, and at two decimal places (0.148875ms)
✔ raw index overrides rounded dates, including zero (0.433583ms)
✔ legacy intraday dates never fall back to the first bar of the day (0.097875ms)
✔ duplicate formatted times fail safely without a raw index (0.065542ms)
✔ padding keeps the 23px marker plus radius inside the price pane (0.238625ms)
✔ flat, zero and negative ranges get finite padding; invalid extents do not (0.103167ms)
✔ single-bar time link is a thin line limited to each actual plot (5.918167ms)
✔ multi-bar time link has no border and clips to plot, never clamps offscreen data to an edge (0.119041ms)
✔ time links map daily coverage to all minute bars, not a matching ordinal (0.413375ms)
✔ weekly and monthly end-labelled bars cover earlier constituent dates without changing data (2.849875ms)
✔ nearest marker wins regardless of signal family, only co-located points share chooser (0.198709ms)
✔ immutable request cache deduplicates pending work, isolates payload keys and retries errors (0.305167ms)
✔ all six structural types keep extrema and confirmation separate with original evidence (0.583917ms)
✔ legacy records do not invent confirmation or structural sources (0.277708ms)
✔ M1 keeps independent MACD source and original direction, never a structural type (0.348625ms)
✔ all chart layers override independent animation and progressive rendering (1.157167ms)
✔ archive tooltip labels and evidence remain text, not active HTML (0.855042ms)
✔ rejects invalid saved zooms (1.513416ms)
✔ same-snapshot redraw keeps current manually chosen view (0.268ms)
✔ focus redraw keeps manual zoom; clearing restores pre-focus view (0.227334ms)
✔ switching focus preserves the original return view (0.156125ms)
✔ new snapshot resets saved focus view and never revives old zoom (0.1655ms)
✔ default inactive; moving does not show cards and leaving does not deactivate (0.877375ms)
✔ object previews can read date-card activation without activating it (0.159375ms)
✔ click selects a point; outside click closes; inside click is not dismissed (0.128625ms)
✔ activated cards follow movement until outside dismissal, then require another click (0.114541ms)
✔ zoom clears stale coordinates but preserves activation (0.078417ms)
✔ data reset and Escape deactivate; teardown removes all handlers (0.108167ms)
✔ archive requests bind current owner and bypass browser cache (13.269584ms)
✔ cloud directory validates all rows, quotas and identities without dropping broken entries (4.788584ms)
✔ original detail requires an object payload but action receipts may omit it (1.647ms)
✔ account change discards delayed success and delayed errors (0.627583ms)
✔ unauthenticated archive requests do not reach server; structured conflicts remain actionable (0.902666ms)
✔ upload retries retain immutable captured body and all numerical precision (0.3995ms)
✔ directed centre chain is candidate evidence, not completion (0.985083ms)
✔ touching, opposing, future, overlapping or malformed chains fail closed (0.249208ms)
✔ single-centre and legacy components remain readable (0.073625ms)
✔ inside, border, reversed y and overlapping rectangles resolve newest first (1.673041ms)
✔ invalid or missing render coordinates cannot create hits (0.247833ms)
✔ popup stays within narrow viewport and near-edge right click (0.225709ms)
✔ roles are Chinese and unknown roles never claim completion (0.401625ms)
✔ source ranges keep one-based indices without disguising gaps (0.10575ms)
✔ coverage checks counts, repeats and missing IDs (0.220916ms)
✔ missing, empty and rejected suffix are explicit (0.071208ms)
✔ invalid counts and empty blocks cannot pass the coverage audit (0.07225ms)
✔ uses raw indices, allows shared endpoints and bounds zoom padding (2.234792ms)
✔ does not invent a B interval or infer indices from formatted dates (0.314084ms)
✔ rejects partial, reversed, overlapping and out-of-snapshot evidence (0.250084ms)
✔ allows inspection of historical failed evidence without reviving it (0.1365ms)
✔ local proof draws frozen exact endpoints only after its actual confirmation (0.179917ms)
✔ dual-line divergence uses two exact raw indices, never artificial ABC ranges (0.08775ms)
✔ dual-line focus rejects missing, duplicate, reversed and out-of-range points (0.086417ms)
✔ special wave focus uses AB and its extreme without inventing C (0.08775ms)
✔ direction, family and lifecycle have independent marker styles (0.690417ms)
✔ no-C dual-line remains a circle and fills only on first reverse-pen confirmation (0.818666ms)
✔ M1 is restricted to confirmed waves with a later actual confirmation (0.8135ms)
✔ four families retain independent records and nonstandard uses a triangle (0.19375ms)
✔ October 4 marker matrix uses shape for family and colour only for direction (0.123375ms)
✔ special AB evidence separates A line extrema from both price anchors and legacy pivots (0.129292ms)
✔ history is opt-in, inactive stays grey hollow, never creates M1 (0.107292ms)
✔ every historical shape uses a continuous hollow contour, including on hover (0.124042ms)
✔ new nonstandard evidence relaxes prices only and records each subtype (0.113375ms)
✔ new dual rule cannot fill without recorded later local confirmation (0.099917ms)
✔ historical engineering match retains original timing without claiming regrouping completion (0.951916ms)
✔ future, stale, mismatched or incomplete evidence fails closed (0.303625ms)
✔ older snapshots and unmatched parts keep existing natural audit available (0.062875ms)
✔ engineering provenance uses the same one-based numbering as other inspectors (1.212667ms)
✔ mixed recursion distinguishes consolidation and trend from the old trend view (0.315083ms)
✔ unknown or reversed provenance is not presented as a completed trend (3.15ms)
✔ indicator and price values use two decimals without inventing missing evidence (0.146167ms)
✔ recursive centre relations never call extension candidates completed types (0.092709ms)
✔ admissions distinguish unit confirmation from later failed-return admission (0.069042ms)
✔ display fields retain all text including dates, provenance, and secondary colons (0.760083ms)
✔ narrative, missing evidence, and timestamp headings remain whole (0.0975ms)
✔ selects the exact source without replacing missing comparison periods with the primary (0.412667ms)
✔ prefix audit preserves original warmup snapshot and its own instrument and period (0.6605ms)
✔ rejects invalid positions, missing identity and explicitly unclosed prefix data (0.218166ms)
✔ all candidate states distinguish eligibility from completed natural types (1.455542ms)
✔ opposite geometry identifies reused next-part evidence, including nonzero source IDs (1.293125ms)
✔ external opposite geometry is not added to candidate membership (0.250709ms)
✔ missing, stale, misattributed or future opposite geometry is not displayed as matched (0.312ms)
✔ preferred endpoints are never called completed types; conflicts are retained (0.179208ms)
✔ opposite base turn is not same-level completion (1.525666ms)
✔ price formatting preserves zero and boundary contact, guards non-finite values (0.169042ms)
✔ candidate audit joins by identity, not response order (0.091875ms)
✔ part audit must match ordinal AND exact raw source IDs, including shifted IDs (0.146708ms)
✔ locates the three raw ranges without relabelling them as MACD or confirmed centres (0.992459ms)
✔ candidate must already be observable at the CURRENT replay prefix (0.166166ms)
✔ no incomplete, waiting or unsupported candidate is given a fabricated range (0.096ms)
✔ raw bar boundaries must be contiguous and inside the visible window (0.134334ms)
✔ source partitions must cover every original segment once, preserving nonzero IDs (0.114625ms)
✔ conflicting geometric fallback remains viewable for manual audit (0.074ms)
✔ clearing a regrouping focus restores original zoom; a new replay snapshot does not (0.111042ms)
✔ membership labels distinguish source confirmation from later admission (0.475792ms)
✔ admission witness distinguishes confirmation dependency from geometric membership (0.084542ms)
✔ old or malformed evidence never invents an admission witness (0.070416ms)
✔ menus stay inside phone, keyboard and landscape viewports (0.604208ms)
✔ near-bottom controls open upwards without changing ordinary desktop width (0.089875ms)
✔ freeze all supported indicator outputs, warmup holes, volume averages and exact numerical precision (9.170916ms)
✔ frozen playback keeps captured values despite different current prices and never queries APIs (0.734333ms)
✔ malformed or mismatched frozen values fail closed, never fall back to recomputation (0.624708ms)
✔ marker hit uses signed stacking offset for both directions, not candle position (0.458959ms)
✔ symbol size and invalid render positions are handled safely (0.08325ms)
✔ aborted late response cannot publish metadata even if transport ignores abort (18.996458ms)
✔ missing provenance or silently changed adjustment never reaches research (0.147458ms)
✔ reported gaps do not falsely label suspension or prevent inspecting valid candles (0.102125ms)
✔ history fetch consumes one verified range and publishes complete metadata only after validation (0.518958ms)
✔ unclosed response never updates provenance or reaches the backtest (0.221459ms)
✔ null, true zero, infinities and real 999 are distinct after JSON roundtrip (0.477541ms)
✔ single, saved and comparison results retain authoritative metric basis (0.423958ms)
✔ whole proof validated without mutation, and cross-role ownership remains visible (0.953791ms)
✔ stale, future, duplicated, incomplete, falsely completed and mismatched sources rejected (0.32175ms)
✔ base runs cannot masquerade as proofs or own multiple provisional regions (0.078125ms)
✔ blocked covers show full conflicts, never fabricated flattened blocks (0.097166ms)
✔ labels retain provisional scope (0.064458ms)
✔ all seven MA presets are available but only MA5 and MA10 start visible (0.983583ms)
✔ each chart session gets independent editable settings without changing presets (0.113666ms)
✔ MA presets retain the requested yellow, white, purple, green, cyan, orange, red palette (0.084084ms)
✔ legend retains every MA choice and explicit hidden states override stale chart selection (0.114875ms)
✔ cross-boundary details resolve actual input and nested ownership records (1.284958ms)
✔ unowned reverse evidence stays explicitly unowned for boundary rejection (0.103208ms)
✔ foreign witness can be shown for an otherwise single-owner candidate (0.0945ms)
✔ legacy candidates do not invent missing conflict details (0.106625ms)
✔ damaged detail is not presented: mismatched candidate sources (0.082542ms)
✔ damaged detail is not presented: wrong layer (0.60725ms)
✔ damaged detail is not presented: unknown reverse input (0.064958ms)
✔ damaged detail is not presented: wrong reverse range (0.062042ms)
✔ damaged detail is not presented: reverse overlaps prices (0.068875ms)
✔ damaged detail is not presented: future reverse confirmation (0.108ms)
✔ damaged detail is not presented: wrong reverse time (0.063167ms)
✔ damaged detail is not presented: incomplete domain list (0.064458ms)
✔ damaged detail is not presented: duplicate domains (0.049542ms)
✔ damaged detail is not presented: noncontinuous domain (0.043917ms)
✔ damaged detail is not presented: foreign domain misses witness (0.049084ms)
✔ damaged detail is not presented: false unowned witness (0.049959ms)
✔ damaged detail is not presented: missing nested record (0.054208ms)
✔ damaged detail is not presented: wrong reason (0.052ms)
✔ only current owner revisions form the displayed ownership set (0.828625ms)
✔ internal provenance remains distinct and validates enclosing ownership (0.330875ms)
✔ parent-covered history is not labeled as an additional effective input (0.069583ms)
✔ nested provenance validates containment and strictly increasing input levels (0.171167ms)
✔ current owner labels are distinct from creation IDs and tolerate old snapshots (0.09375ms)
✔ summary mode lists every historical address, not just current versions (0.732334ms)
✔ full and missing legacy snapshots stay readable without inventing history (0.08325ms)
✔ all four analysis paths explicitly request summary delivery without changing input (0.344458ms)
✔ complete lifecycle stays chronological, does not mutate input, and uses Chinese labels (1.332792ms)
✔ legacy or future history is not invented (0.352625ms)
✔ dangling, reordered, duplicated, miscounted and conflicting histories fail closed (2.670542ms)
✔ equal counts cannot hide swapped source identities (0.207ms)
✔ intermediate event boundaries must equal actual inherited and added sources (0.3675ms)
✔ input evidence must exist at the correct level and be available at admission (0.661166ms)
✔ invalid domain sources, membership and parent context fail closed (0.916833ms)
✔ leftward growth, shifted sources and newly filled merge gaps remain valid (0.547458ms)
✔ both periods exclude future and open candles while retaining original warm-up start (0.805084ms)
✔ snapshot observation time caps cutoff; bar start before cutoff is not enough (0.098709ms)
✔ no timeframe fallback or fabricated candles when historical minute range is unavailable (0.064584ms)
✔ index and board snapshots retain NONE adjustment, mismatch is rejected (0.218167ms)
✔ missing completion evidence, timezone timestamps and unordered bars fail explicitly (0.198291ms)
✔ week/month completion boundary comes from provider annotation, not day label (0.125417ms)
✔ matrix defaults to exactly the five requested periods in image order and six information columns (0.902166ms)
✔ does not turn current reversal observation into a confirmed opposite pen (0.169083ms)
✔ keeps true zero distinct from missing, and numerical display never overwrites original axis judgment (0.136083ms)
✔ keeps divergence family, extrema and actual confirmation separate; never drops records (6.93675ms)
✔ missing pen and divergence are bounded claims; quality limitations stay visible (0.127917ms)
✔ forming candles preserve OHLC and use dashed empty outlines (1.089625ms)
✔ forming volume and signed MACD columns preserve values and direction (0.116958ms)
✔ radar review captures row adjustment, exact minute, strategy and original cutoff (0.863083ms)
✔ invalid or legacy reviews fail explicitly without guessing data or adjustment (0.420084ms)
✔ exchange-local dates validate without browser timezone conversion (0.077208ms)
✔ review excludes future and unclosed bars, resets derived fingerprint and reports actual range without mutating source (3.47675ms)
✔ radar cache is owner scoped and malformed/legacy records never enter the UI (0.895875ms)
✔ late messages, close and errors from an old socket cannot affect replacement (0.801208ms)
✔ invalid messages and control responses never become ticks; close reason retained (0.50775ms)
✔ matching versions are selected by case identity without mutation (0.927083ms)
✔ future snapshots, wrong rules, incomplete chains and duplicate cases are rejected (2.250209ms)
✔ labels never confuse endpoint consistency or higher-centre proof with completion (0.437042ms)
✔ v2 keeps the detached prefix and v1 remains readable (0.8665ms)
✔ v3 supports trend search while retaining the same ownership guards (0.147167ms)
✔ missing, duplicated, misattributed or silently completed prefix is rejected (0.355333ms)
✔ reincorporation is recorded explicitly instead of erasing detached history (0.23175ms)
✔ accepts bounded history and empty verified batches (0.480458ms)
✔ rejects wrong batch, future indices, broken sources and contradictory state (0.211125ms)
✔ research labels distinguish absence, release, retained and internal (0.0735ms)
✔ late old responses cannot own a newer research request (0.443208ms)
✔ submission fields are captured values, not mutable form references (0.402125ms)
✔ snapshot import keeps original data and normalizes optional display metadata (2.445958ms)
✔ reject invalid schema, periods, oversized arrays and impossible candle prices (0.789791ms)
✔ cloud archives retain larger frozen windows and all supported distinct periods (6.367125ms)
✔ import keeps valid frozen outputs and rejects mismatched frozen data instead of recomputing (0.44275ms)
✔ window is exchange local and bounded by the snapshot cutoff (1.157ms)
✔ missing numbers and candidate status are never promoted (0.238875ms)
✔ amber projection resolves daily and minute labels, ignores open candle (0.623541ms)
✔ three workspaces are keyboard traversable without dropping an existing mode (2.026ms)
✔ mobile comparison shows exactly the selected snapshot; desktop shows both (0.81525ms)
✔ inactive research never starts automatic work, valid active research does (0.293916ms)
✔ audit description translates permissions and never renders arbitrary detail fields (0.469208ms)
✔ audit time is explicitly Shanghai time and invalid data remains readable (43.486458ms)
✔ audit API preserves bounded pagination/filter state and authenticated credentials (13.731834ms)
✔ distinguishes no candidate, failed current audit, and actual invalidation without promoting legacy state (3.775292ms)
✔ filters independent families and directions without merging special and local dual-line evidence (1.75725ms)
✔ searches lifecycle dates and failure reasons with all terms required, retaining original source objects (0.133334ms)
✔ searches diagnostic rejection history without silently reviving historical candidates (0.368292ms)
✔ all excludes bc false, preserves input order and records, and does not infer missing direction (0.130875ms)
✔ legacy diagnostic family is standard, and empty diagnostics do not invent rejection records (0.094791ms)
✔ structural points retain their own confirmation and evidence, never deriving them from a MACD source (0.251333ms)
✔ M1 uses exact existing gates and remains a separate view of its original standard event (0.203541ms)
✔ combined date query finds independent point, prompt and event records without deduplication or additive counts (0.114041ms)
✔ chart date matches structured lifecycle timestamps, not coincidental prose dates (0.236584ms)
✔ minute evidence uses exact exchange-local minute, accepting T/space and refusing missing time (0.08925ms)
✔ chart date includes diagnostic ABC and rejection coverage without inventing open or reversed intervals (0.193583ms)
✔ date scope combines with all filters for structural points and original M1 sources (0.094875ms)
✔ new standard evidence explains price, old blocker and independent special lifecycle (1.0215ms)
✔ new gates include counts, boundary and dates without undefined placeholder (0.205833ms)
✔ legacy comparisons retain old detected confirmed and invalidated dates (0.143375ms)
✔ structure dates remove midnight noise without changing intraday precision (0.452292ms)
✔ centre evidence distinguishes fixed core, outer range and candidate expansion (0.607584ms)
✔ segment evidence includes source prices and reverse proof with one-based labels (0.160375ms)
✔ missing legacy evidence does not invent confirmation (0.10425ms)
✔ special inclusion explains boundary exception without labelling it an ordinary fractal (0.071417ms)
✔ centre relation history distinguishes current candidate from original separation (0.09875ms)
✔ confirmation replay translates raw indices without date matching (0.07075ms)
✔ unknown, invalid or out-of-snapshot confirmations have no replay target (0.07475ms)
✔ connection badge validates shared time, price and alternating direction (0.123208ms)
✔ reverse preview uses observed extreme, not last close or a future target (0.8915ms)
✔ mirrored lows produce an upward reference (0.098291ms)
✔ no invented reference for missing, ambiguous, extending, or invalid inputs (0.099125ms)
✔ replay prefix cannot use a later extreme; ties retain first occurrence (0.107792ms)
✔ ongoing consolidation differs by color, line pattern, and fill (0.099708ms)
✔ task list rejects malformed responses instead of replacing records with undefined (18.098167ms)
✔ cancelling is not terminal and elapsed values remain readable (0.149084ms)
✔ runBacktestWithPolling waits through cancelling and returns cancelled (2.615125ms)
✔ runBacktestWithPolling waits through cancelling and returns timed_out (1.898583ms)
✔ runSignalScanWithPolling waits through cancelling and returns cancelled (1.680792ms)
✔ runSignalScanWithPolling waits through cancelling and returns timed_out (0.960042ms)
✔ cancel API uses POST, and partial cancelled scan results are never accepted (0.300417ms)
✔ persistent recovery and version mismatch are distinct from completion (0.281833ms)
✔ terminal task deletion handles empty 204 and encodes identity (0.151917ms)
✔ checkpoint presence is not confused with verified reuse or task completion (0.291917ms)
✔ cached completed submission is retrieved rather than shown as running (0.161209ms)
✔ network failures are localized across WebKit, Chromium and Firefox (0.1625ms)
✔ tracking identity separates asset types, exchanges and board catalogues (1.175667ms)
✔ cloud book validates without silently dropping corrupt groups or duplicate entries (0.679375ms)
✔ expansion preserves every member and all board/direct sources, not a 200-row display page (1.34375ms)
✔ membership failure is explicit and malformed partial membership is never accepted (0.228ms)
✔ batch runs sequentially, keeps partial errors and continues after a failed target (18.007375ms)
✔ cancellation marks in-flight and unstarted rows, ignoring a late success (0.191666ms)
✔ group breadth counts only available periods, never treats failed targets as neutral evidence (0.197ms)
✔ exact current revision accepts only its own evidence without mutation (1.058167ms)
✔ old partition, stale version, future evidence and false completion are rejected (0.254959ms)
✔ historical audit cannot import a later opposite segment (0.078ms)
✔ empty partitions and higher-proof priority retain explicit blockers (0.069667ms)
✔ new blockers use Chinese labels without calling prerequisites completion (0.130458ms)
✔ missing comparison interval is explained in Chinese without inventing a date (0.6475ms)
✔ special diagnostics identify each A indicator witness rather than the price witness (0.182041ms)
✔ nonstandard DEA axis gate remains explicit without an improvement requirement (1.407125ms)
✔ DEA tolerance discloses research threshold, precise deviation and near-zero fallback (0.479708ms)
✔ wave evidence separates effective A from original wave and local pivots (0.350208ms)
✔ rounded equal line extrema disclose the precise failed values and witness times (0.144542ms)
✔ comparisons are explicitly research only and preserve B/C axis checks (0.118125ms)
✔ unformed candidate shows Chinese gates, two-decimal values and rejection dates (0.102208ms)
✔ new nonstandard audit explicitly uses full A and first-formed reverse evidence explains gaps (0.129833ms)
ℹ tests 293
ℹ suites 0
ℹ pass 293
ℹ fail 0
ℹ cancelled 0
ℹ skipped 0
ℹ todo 0
ℹ duration_ms 1496.318666
→ 打包中…
→ 运行测试…
京东方评级: D 分数: 34.3
维度明细: 卡玛比率=22.7, 最大回撤=27.5, 胜率=33.5, 利润因子=34.1, 夏普比率=41.5, 波动率=50.1
否决: 利润因子 1.11 接近 1，仅勉强盈亏平衡
长线优质策略评级: B 分数: 64.5
维度权重: 卡玛比率=28%, 最大回撤=26%, 胜率=0%, 利润因子=0%, 夏普比率=23%, 波动率=23%
优质案例评级: A 分数: 83.9
寻优点评级: A 74
组合重算指标: { '年化': '20.83%', '回撤': '0.80%', '夏普': '5.27', '卡玛': '26.03' }
稳定上涨组合评级: S 91.8
波动组合重算: { '回撤': '44.15%', '夏普': '-2.64', '持续': 60 }
波动组合评级: D 18.5
✔ 新版组合评级使用后端采样，不按图表柱数重新日线年化 (2.770875ms)
✔ 必要风险指标缺失不能展示为零风险或正常评级 (0.261417ms)
✔ 无穷比率不等于满分，真实零利润因子仍按亏损判断 (0.147792ms)
✔ 京东方回测必须评为 D 档（用户核心诉求验证点） (0.783083ms)
✔ 京东方评分应在 30-43 区间（C 与 D 的边界） (0.1355ms)
✔ 低利润因子触发系统亏损否决 (0.077667ms)
✔ 样本不足（< 10 笔交易）降权但不否决整个评级 (0.137959ms)
✔ 用户实测场景：6年6笔交易 + 高夏普 → 应得 A/B（核心回归测试） (0.157334ms)
✔ 深回撤 > 60% 触发直接 D 否决 (0.119125ms)
✔ 优质回测应得 A 或 S 档 (0.135125ms)
✔ 高回撤但收益高 → 最高 B（一票否决 cap） (0.081083ms)
✔ 插值函数：边界值取端点分数 (0.059125ms)
✔ 插值函数：中间值线性插值 (0.058417ms)
✔ 寻优评级：4 维度降级版 (0.097208ms)
✔ 寻优评级：网格点交易太少 → 降权但评级照常 (0.070375ms)
✔ 组合评级：稳定上涨净值应得 A 或 S (1.55125ms)
✔ 组合评级：高波动深回撤净值 → 低档 (0.508958ms)
✔ combinedMetrics：单点净值返回全 0（兜底） (0.047458ms)
✔ 历史组合仅保留原值，不从曲线推断日线或重算评级 (0.471792ms)
✔ v1-v4、未知版本及不完整依据不伪装为新版结果 (0.528ms)
✔ 新版结果使用已记录指标，真实 999 和零不被当作历史哨兵 (0.071166ms)
✔ 指标状态缺失或与数值冲突不能产出评级，包括被降权维度 (0.088875ms)
✔ 低交易样本的真实不可用逐笔指标仍可降权，不误拦截可用净值评级 (0.07425ms)
✔ 寻优逐行核验新版采样与候选状态，输入范围不替代候选证据 (0.101667ms)
✔ 完整快照保留精度、真实 0/999、全部指标及版本且不关联可变输入 (0.589042ms)
✔ 策略保存接受真实 Vue 响应式结果，不因 Proxy 无法 structuredClone 而失败 (0.48725ms)
✔ 再次保存历史指标不补造新版计算或评级依据 (0.081167ms)
✔ 对比展示原值并指出版本、周期、范围与利率差异，不自动重算 (0.210709ms)
ℹ tests 28
ℹ suites 0
ℹ pass 28
ℹ fail 0
ℹ cancelled 0
ℹ skipped 0
ℹ todo 0
ℹ duration_ms 101.795042
