
> web-ui@0.0.0 test
> node scripts/run-tests.mjs

✔ trade lookup keeps the exact minute across separators, precision and days (2.986166ms)
✔ date-only values cannot choose the midnight bar of an ambiguous day (0.210833ms)
✔ daily and duplicate exact timestamps keep first positional matches (0.286541ms)
✔ nanoseconds and timezone text are not truncated into a false match (0.790416ms)
✔ date labels preserve useful precision without local timezone conversion (0.166417ms)
✔ higher sources resolve actual records and separate original from current review time (1.674834ms)
✔ base sources and foreign witness rejection have distinct Chinese descriptions (0.106541ms)
✔ inconsistent candidate has no replay evidence: unknown reason (0.157208ms)
✔ inconsistent candidate has no replay evidence: prototype key (0.117833ms)
✔ inconsistent candidate has no replay evidence: future version (0.077166ms)
✔ inconsistent candidate has no replay evidence: future completion (0.057958ms)
✔ inconsistent candidate has no replay evidence: missing time (0.051375ms)
✔ inconsistent candidate has no replay evidence: empty source (0.744334ms)
✔ inconsistent candidate has no replay evidence: duplicate source (0.071291ms)
✔ inconsistent candidate has no replay evidence: unknown source (0.10775ms)
✔ inconsistent candidate has no replay evidence: mixed levels (0.064458ms)
✔ inconsistent candidate has no replay evidence: future child (0.055042ms)
✔ inconsistent candidate has no replay evidence: wrong child level (0.047541ms)
✔ inconsistent candidate has no replay evidence: duplicate record (0.042625ms)
✔ inconsistent candidate has no replay evidence: empty record range (0.048209ms)
✔ inconsistent candidate has no replay evidence: gap (0.045958ms)
✔ inconsistent candidate has no replay evidence: wrong parent range (0.038375ms)
✔ inconsistent candidate has no replay evidence: reversed sources (0.04ms)
✔ inconsistent candidate has no replay evidence: unsafe base number (0.321833ms)
✔ 80 percent transparency is 20 percent alpha, for both candle directions (0.743125ms)
✔ transparency stays finite, integer, and bounded (0.09375ms)
✔ body is symmetric around the unchanged wick across widths and fractional positions (1.460959ms)
✔ horizontal candles preserve every price coordinate (0.296458ms)
✔ missing or non-finite candle layouts are left untouched (0.287959ms)
✔ native ECharts layout remains centred after resize, zoom and data replacement (234.422667ms)
✔ zooming out of large-data line mode restores centred candle bodies (11.873958ms)
✔ structure widths retain existing defaults and hover appearance (1.520625ms)
✔ manual values stay finite, bounded, and at two decimal places (0.132625ms)
✔ raw index overrides rounded dates, including zero (0.438291ms)
✔ legacy intraday dates never fall back to the first bar of the day (0.094459ms)
✔ duplicate formatted times fail safely without a raw index (0.065667ms)
✔ padding keeps the 23px marker plus radius inside the price pane (0.110792ms)
✔ flat, zero and negative ranges get finite padding; invalid extents do not (0.081083ms)
✔ single-bar time link is a thin line limited to each actual plot (1.183375ms)
✔ multi-bar time link has no border and clips to plot, never clamps offscreen data to an edge (0.097125ms)
✔ time links map daily coverage to all minute bars, not a matching ordinal (0.160625ms)
✔ weekly and monthly end-labelled bars cover earlier constituent dates without changing data (4.60775ms)
✔ nearest marker wins regardless of signal family, only co-located points share chooser (0.244333ms)
✔ immutable request cache deduplicates pending work, isolates payload keys and retries errors (0.317042ms)
✔ all six structural types keep extrema and confirmation separate with original evidence (0.5775ms)
✔ legacy records do not invent confirmation or structural sources (0.14075ms)
✔ M1 keeps independent MACD source and original direction, never a structural type (0.602833ms)
✔ all chart layers override independent animation and progressive rendering (0.805ms)
✔ rejects invalid saved zooms (0.758583ms)
✔ same-snapshot redraw keeps current manually chosen view (0.1015ms)
✔ focus redraw keeps manual zoom; clearing restores pre-focus view (0.07675ms)
✔ switching focus preserves the original return view (0.062208ms)
✔ new snapshot resets saved focus view and never revives old zoom (0.13525ms)
✔ default inactive; moving does not show cards and leaving does not deactivate (0.850875ms)
✔ object previews can read date-card activation without activating it (0.16275ms)
✔ click selects a point; outside click closes; inside click is not dismissed (0.111375ms)
✔ activated cards follow movement until outside dismissal, then require another click (0.10925ms)
✔ zoom clears stale coordinates but preserves activation (0.080292ms)
✔ data reset and Escape deactivate; teardown removes all handlers (0.109042ms)
✔ directed centre chain is candidate evidence, not completion (4.201333ms)
✔ touching, opposing, future, overlapping or malformed chains fail closed (0.885375ms)
✔ single-centre and legacy components remain readable (1.139625ms)
✔ inside, border, reversed y and overlapping rectangles resolve newest first (0.790541ms)
✔ invalid or missing render coordinates cannot create hits (0.081208ms)
✔ popup stays within narrow viewport and near-edge right click (0.089292ms)
✔ roles are Chinese and unknown roles never claim completion (0.65975ms)
✔ source ranges keep one-based indices without disguising gaps (0.1095ms)
✔ coverage checks counts, repeats and missing IDs (0.218083ms)
✔ missing, empty and rejected suffix are explicit (0.0775ms)
✔ invalid counts and empty blocks cannot pass the coverage audit (0.07825ms)
✔ uses raw indices, allows shared endpoints and bounds zoom padding (1.563084ms)
✔ does not invent a B interval or infer indices from formatted dates (0.106583ms)
✔ rejects partial, reversed, overlapping and out-of-snapshot evidence (0.131416ms)
✔ allows inspection of historical failed evidence without reviving it (0.116291ms)
✔ local proof draws frozen exact endpoints only after its actual confirmation (0.167542ms)
✔ dual-line divergence uses two exact raw indices, never artificial ABC ranges (0.091375ms)
✔ dual-line focus rejects missing, duplicate, reversed and out-of-range points (0.090875ms)
✔ special wave focus uses AB and its extreme without inventing C (0.085375ms)
✔ direction, family and lifecycle have independent marker styles (1.685ms)
✔ no-C dual-line remains a circle and fills only on first reverse-pen confirmation (1.491834ms)
✔ M1 is restricted to confirmed waves with a later actual confirmation (5.305333ms)
✔ four families retain independent records and nonstandard uses a triangle (0.732583ms)
✔ October 4 marker matrix uses shape for family and colour only for direction (0.173167ms)
✔ special AB evidence separates A line extrema from both price anchors and legacy pivots (0.145333ms)
✔ history is opt-in, inactive stays grey hollow, never creates M1 (0.126166ms)
✔ every historical shape uses a continuous hollow contour, including on hover (0.125792ms)
✔ new nonstandard evidence relaxes prices only and records each subtype (0.111084ms)
✔ new dual rule cannot fill without recorded later local confirmation (0.098208ms)
✔ historical engineering match retains original timing without claiming regrouping completion (10.016791ms)
✔ future, stale, mismatched or incomplete evidence fails closed (0.313292ms)
✔ older snapshots and unmatched parts keep existing natural audit available (0.065334ms)
✔ engineering provenance uses the same one-based numbering as other inspectors (0.544375ms)
✔ mixed recursion distinguishes consolidation and trend from the old trend view (0.139708ms)
✔ unknown or reversed provenance is not presented as a completed trend (0.073541ms)
✔ indicator and price values use two decimals without inventing missing evidence (0.088417ms)
✔ recursive centre relations never call extension candidates completed types (0.066709ms)
✔ admissions distinguish unit confirmation from later failed-return admission (0.057ms)
✔ display fields retain all text including dates, provenance, and secondary colons (0.760917ms)
✔ narrative, missing evidence, and timestamp headings remain whole (0.095708ms)
✔ all candidate states distinguish eligibility from completed natural types (0.491166ms)
✔ opposite geometry identifies reused next-part evidence, including nonzero source IDs (0.515333ms)
✔ external opposite geometry is not added to candidate membership (0.093959ms)
✔ missing, stale, misattributed or future opposite geometry is not displayed as matched (0.14125ms)
✔ preferred endpoints are never called completed types; conflicts are retained (0.078292ms)
✔ opposite base turn is not same-level completion (0.099333ms)
✔ price formatting preserves zero and boundary contact, guards non-finite values (0.117334ms)
✔ candidate audit joins by identity, not response order (0.075292ms)
✔ part audit must match ordinal AND exact raw source IDs, including shifted IDs (0.122833ms)
✔ locates the three raw ranges without relabelling them as MACD or confirmed centres (0.958ms)
✔ candidate must already be observable at the CURRENT replay prefix (0.160542ms)
✔ no incomplete, waiting or unsupported candidate is given a fabricated range (0.093792ms)
✔ raw bar boundaries must be contiguous and inside the visible window (0.12875ms)
✔ source partitions must cover every original segment once, preserving nonzero IDs (0.107625ms)
✔ conflicting geometric fallback remains viewable for manual audit (0.068833ms)
✔ clearing a regrouping focus restores original zoom; a new replay snapshot does not (0.110125ms)
✔ membership labels distinguish source confirmation from later admission (1.792291ms)
✔ admission witness distinguishes confirmation dependency from geometric membership (0.095583ms)
✔ old or malformed evidence never invents an admission witness (0.077208ms)
✔ menus stay inside phone, keyboard and landscape viewports (0.571167ms)
✔ near-bottom controls open upwards without changing ordinary desktop width (0.094667ms)
✔ marker hit uses signed stacking offset for both directions, not candle position (0.440041ms)
✔ symbol size and invalid render positions are handled safely (0.278667ms)
✔ aborted late response cannot publish metadata even if transport ignores abort (55.765125ms)
✔ missing provenance or silently changed adjustment never reaches research (0.559292ms)
✔ reported gaps do not falsely label suspension or prevent inspecting valid candles (0.33075ms)
✔ history fetch consumes one verified range and publishes complete metadata only after validation (0.683583ms)
✔ unclosed response never updates provenance or reaches the backtest (0.248167ms)
✔ null, true zero, infinities and real 999 are distinct after JSON roundtrip (0.465625ms)
✔ single, saved and comparison results retain authoritative metric basis (0.421167ms)
✔ whole proof validated without mutation, and cross-role ownership remains visible (1.315834ms)
✔ stale, future, duplicated, incomplete, falsely completed and mismatched sources rejected (3.249667ms)
✔ base runs cannot masquerade as proofs or own multiple provisional regions (0.114292ms)
✔ blocked covers show full conflicts, never fabricated flattened blocks (0.1245ms)
✔ labels retain provisional scope (0.078791ms)
✔ all seven MA presets are available but only MA5 and MA10 start visible (0.75425ms)
✔ each chart session gets independent editable settings without changing presets (0.07425ms)
✔ MA presets retain the requested yellow, white, purple, green, cyan, orange, red palette (0.068541ms)
✔ legend retains every MA choice and explicit hidden states override stale chart selection (0.100833ms)
✔ cross-boundary details resolve actual input and nested ownership records (3.625041ms)
✔ unowned reverse evidence stays explicitly unowned for boundary rejection (0.26775ms)
✔ foreign witness can be shown for an otherwise single-owner candidate (0.217583ms)
✔ legacy candidates do not invent missing conflict details (0.247125ms)
✔ damaged detail is not presented: mismatched candidate sources (0.190208ms)
✔ damaged detail is not presented: wrong layer (0.135541ms)
✔ damaged detail is not presented: unknown reverse input (0.198375ms)
✔ damaged detail is not presented: wrong reverse range (0.138667ms)
✔ damaged detail is not presented: reverse overlaps prices (0.203875ms)
✔ damaged detail is not presented: future reverse confirmation (0.136417ms)
✔ damaged detail is not presented: wrong reverse time (0.073958ms)
✔ damaged detail is not presented: incomplete domain list (1.39275ms)
✔ damaged detail is not presented: duplicate domains (0.242292ms)
✔ damaged detail is not presented: noncontinuous domain (0.847875ms)
✔ damaged detail is not presented: foreign domain misses witness (0.067208ms)
✔ damaged detail is not presented: false unowned witness (0.057167ms)
✔ damaged detail is not presented: missing nested record (0.060792ms)
✔ damaged detail is not presented: wrong reason (0.049583ms)
✔ only current owner revisions form the displayed ownership set (13.947792ms)
✔ internal provenance remains distinct and validates enclosing ownership (4.482959ms)
✔ parent-covered history is not labeled as an additional effective input (0.095625ms)
✔ nested provenance validates containment and strictly increasing input levels (0.206458ms)
✔ current owner labels are distinct from creation IDs and tolerate old snapshots (0.102667ms)
✔ summary mode lists every historical address, not just current versions (1.699125ms)
✔ full and missing legacy snapshots stay readable without inventing history (0.086833ms)
✔ all four analysis paths explicitly request summary delivery without changing input (0.346541ms)
✔ complete lifecycle stays chronological, does not mutate input, and uses Chinese labels (9.7115ms)
✔ legacy or future history is not invented (0.434917ms)
✔ dangling, reordered, duplicated, miscounted and conflicting histories fail closed (2.486ms)
✔ equal counts cannot hide swapped source identities (0.229417ms)
✔ intermediate event boundaries must equal actual inherited and added sources (0.082667ms)
✔ input evidence must exist at the correct level and be available at admission (0.199708ms)
✔ invalid domain sources, membership and parent context fail closed (0.468833ms)
✔ leftward growth, shifted sources and newly filled merge gaps remain valid (0.397584ms)
✔ both periods exclude future and open candles while retaining original warm-up start (0.700708ms)
✔ snapshot observation time caps cutoff; bar start before cutoff is not enough (0.103875ms)
✔ no timeframe fallback or fabricated candles when historical minute range is unavailable (0.212625ms)
✔ index and board snapshots retain NONE adjustment, mismatch is rejected (0.454166ms)
✔ missing completion evidence, timezone timestamps and unordered bars fail explicitly (0.174208ms)
✔ week/month completion boundary comes from provider annotation, not day label (0.113042ms)
✔ matrix defaults to exactly the five requested periods in image order and six information columns (1.416708ms)
✔ does not turn current reversal observation into a confirmed opposite pen (0.171375ms)
✔ keeps true zero distinct from missing, and numerical display never overwrites original axis judgment (0.539416ms)
✔ keeps divergence family, extrema and actual confirmation separate; never drops records (13.10375ms)
✔ missing pen and divergence are bounded claims; quality limitations stay visible (0.1825ms)
✔ forming candles preserve OHLC and use dashed empty outlines (1.046084ms)
✔ forming volume and signed MACD columns preserve values and direction (0.133792ms)
✔ late messages, close and errors from an old socket cannot affect replacement (1.376125ms)
✔ invalid messages and control responses never become ticks; close reason retained (0.18975ms)
✔ matching versions are selected by case identity without mutation (0.946375ms)
✔ future snapshots, wrong rules, incomplete chains and duplicate cases are rejected (0.207791ms)
✔ labels never confuse endpoint consistency or higher-centre proof with completion (0.126375ms)
✔ v2 keeps the detached prefix and v1 remains readable (1.997666ms)
✔ v3 supports trend search while retaining the same ownership guards (0.34175ms)
✔ missing, duplicated, misattributed or silently completed prefix is rejected (0.729334ms)
✔ reincorporation is recorded explicitly instead of erasing detached history (2.664875ms)
✔ accepts bounded history and empty verified batches (0.485584ms)
✔ rejects wrong batch, future indices, broken sources and contradictory state (0.218791ms)
✔ research labels distinguish absence, release, retained and internal (0.080042ms)
✔ late old responses cannot own a newer research request (1.06175ms)
✔ submission fields are captured values, not mutable form references (1.023542ms)
✔ snapshot import keeps original data and normalizes optional display metadata (28.055583ms)
✔ reject invalid schema, periods, oversized arrays and impossible candle prices (0.357334ms)
✔ window is exchange local and bounded by the snapshot cutoff (0.474333ms)
✔ missing numbers and candidate status are never promoted (0.076208ms)
✔ amber projection resolves daily and minute labels, ignores open candle (0.346208ms)
✔ audit description translates permissions and never renders arbitrary detail fields (0.5735ms)
✔ audit time is explicitly Shanghai time and invalid data remains readable (75.613916ms)
✔ audit API preserves bounded pagination/filter state and authenticated credentials (20.922333ms)
✔ distinguishes no candidate, failed current audit, and actual invalidation without promoting legacy state (1.633417ms)
✔ filters independent families and directions without merging special and local dual-line evidence (4.41675ms)
✔ searches lifecycle dates and failure reasons with all terms required, retaining original source objects (0.982167ms)
✔ searches diagnostic rejection history without silently reviving historical candidates (3.740125ms)
✔ all excludes bc false, preserves input order and records, and does not infer missing direction (0.293ms)
✔ legacy diagnostic family is standard, and empty diagnostics do not invent rejection records (0.113584ms)
✔ structural points retain their own confirmation and evidence, never deriving them from a MACD source (0.331ms)
✔ M1 uses exact existing gates and remains a separate view of its original standard event (0.233541ms)
✔ combined date query finds independent point, prompt and event records without deduplication or additive counts (0.127292ms)
✔ new standard evidence explains price, old blocker and independent special lifecycle (9.956833ms)
✔ new gates include counts, boundary and dates without undefined placeholder (0.672459ms)
✔ legacy comparisons retain old detected confirmed and invalidated dates (0.453792ms)
✔ structure dates remove midnight noise without changing intraday precision (0.527375ms)
✔ centre evidence distinguishes fixed core, outer range and candidate expansion (0.577667ms)
✔ segment evidence includes source prices and reverse proof with one-based labels (0.183625ms)
✔ missing legacy evidence does not invent confirmation (0.10075ms)
✔ special inclusion explains boundary exception without labelling it an ordinary fractal (0.064625ms)
✔ centre relation history distinguishes current candidate from original separation (0.103208ms)
✔ confirmation replay translates raw indices without date matching (0.0655ms)
✔ unknown, invalid or out-of-snapshot confirmations have no replay target (0.0715ms)
✔ connection badge validates shared time, price and alternating direction (0.097416ms)
✔ reverse preview uses observed extreme, not last close or a future target (8.444208ms)
✔ mirrored lows produce an upward reference (0.150666ms)
✔ no invented reference for missing, ambiguous, extending, or invalid inputs (0.150917ms)
✔ replay prefix cannot use a later extreme; ties retain first occurrence (0.095584ms)
✔ ongoing consolidation differs by color, line pattern, and fill (0.114ms)
✔ cancelling is not terminal and elapsed values remain readable (0.505667ms)
✔ runBacktestWithPolling waits through cancelling and returns cancelled (34.128125ms)
✔ runBacktestWithPolling waits through cancelling and returns timed_out (1.715833ms)
✔ runSignalScanWithPolling waits through cancelling and returns cancelled (3.804ms)
✔ runSignalScanWithPolling waits through cancelling and returns timed_out (1.992792ms)
✔ cancel API uses POST, and partial cancelled scan results are never accepted (1.128416ms)
✔ persistent recovery and version mismatch are distinct from completion (0.644709ms)
✔ terminal task deletion handles empty 204 and encodes identity (0.324167ms)
✔ checkpoint presence is not confused with verified reuse or task completion (0.995333ms)
✔ cached completed submission is retrieved rather than shown as running (0.671959ms)
✔ network failures are localized across WebKit, Chromium and Firefox (0.321375ms)
✔ exact current revision accepts only its own evidence without mutation (1.066583ms)
✔ old partition, stale version, future evidence and false completion are rejected (0.283708ms)
✔ historical audit cannot import a later opposite segment (0.086458ms)
✔ empty partitions and higher-proof priority retain explicit blockers (0.07525ms)
✔ new blockers use Chinese labels without calling prerequisites completion (0.139916ms)
✔ missing comparison interval is explained in Chinese without inventing a date (0.629708ms)
✔ special diagnostics identify each A indicator witness rather than the price witness (0.172208ms)
✔ nonstandard DEA axis gate remains explicit without an improvement requirement (0.141042ms)
✔ DEA tolerance discloses research threshold, precise deviation and near-zero fallback (0.649209ms)
✔ wave evidence separates effective A from original wave and local pivots (0.28925ms)
✔ rounded equal line extrema disclose the precise failed values and witness times (0.243458ms)
✔ comparisons are explicitly research only and preserve B/C axis checks (0.138084ms)
✔ unformed candidate shows Chinese gates, two-decimal values and rejection dates (0.120458ms)
✔ new nonstandard audit explicitly uses full A and first-formed reverse evidence explains gaps (0.134375ms)
ℹ tests 258
ℹ suites 0
ℹ pass 258
ℹ fail 0
ℹ cancelled 0
ℹ skipped 0
ℹ todo 0
ℹ duration_ms 1137.433916
→ 打包中…
→ 运行测试…
京东方评级: D 分数: 34.3
维度明细: 卡玛比率=22.7, 最大回撤=27.5, 胜率=33.5, 利润因子=34.1, 夏普比率=41.5, 波动率=50.1
否决: 利润因子 1.11 接近 1，仅勉强盈亏平衡
长线优质策略评级: B 分数: 64.5
维度权重: 卡玛比率=28%, 最大回撤=26%, 胜率=0%, 利润因子=0%, 夏普比率=23%, 波动率=23%
优质案例评级: A 分数: 83.9
寻优点评级: A 74
组合重算指标: { '年化': '20.83%', '回撤': '0.80%', '夏普': '5.27', '卡玛': '26.03' }
稳定上涨组合评级: S 91.8
波动组合重算: { '回撤': '44.15%', '夏普': '-2.64', '持续': 60 }
波动组合评级: D 18.5
✔ 新版组合评级使用后端采样，不按图表柱数重新日线年化 (1.628625ms)
✔ 必要风险指标缺失不能展示为零风险或正常评级 (0.237291ms)
✔ 无穷比率不等于满分，真实零利润因子仍按亏损判断 (0.134584ms)
✔ 京东方回测必须评为 D 档（用户核心诉求验证点） (1.649417ms)
✔ 京东方评分应在 30-43 区间（C 与 D 的边界） (0.134334ms)
✔ 低利润因子触发系统亏损否决 (0.075916ms)
✔ 样本不足（< 10 笔交易）降权但不否决整个评级 (0.136959ms)
✔ 用户实测场景：6年6笔交易 + 高夏普 → 应得 A/B（核心回归测试） (0.166334ms)
✔ 深回撤 > 60% 触发直接 D 否决 (0.1235ms)
✔ 优质回测应得 A 或 S 档 (0.218625ms)
✔ 高回撤但收益高 → 最高 B（一票否决 cap） (0.163167ms)
✔ 插值函数：边界值取端点分数 (0.094833ms)
✔ 插值函数：中间值线性插值 (0.057791ms)
✔ 寻优评级：4 维度降级版 (0.119875ms)
✔ 寻优评级：网格点交易太少 → 降权但评级照常 (0.058375ms)
✔ 组合评级：稳定上涨净值应得 A 或 S (1.730875ms)
✔ 组合评级：高波动深回撤净值 → 低档 (0.651916ms)
✔ combinedMetrics：单点净值返回全 0（兜底） (0.066458ms)
✔ 历史组合仅保留原值，不从曲线推断日线或重算评级 (0.505083ms)
✔ v1-v4、未知版本及不完整依据不伪装为新版结果 (0.595125ms)
✔ 新版结果使用已记录指标，真实 999 和零不被当作历史哨兵 (0.081709ms)
✔ 指标状态缺失或与数值冲突不能产出评级，包括被降权维度 (0.100875ms)
✔ 低交易样本的真实不可用逐笔指标仍可降权，不误拦截可用净值评级 (0.08575ms)
✔ 寻优逐行核验新版采样与候选状态，输入范围不替代候选证据 (0.110916ms)
✔ 完整快照保留精度、真实 0/999、全部指标及版本且不关联可变输入 (0.660209ms)
✔ 策略保存接受真实 Vue 响应式结果，不因 Proxy 无法 structuredClone 而失败 (0.565291ms)
✔ 再次保存历史指标不补造新版计算或评级依据 (0.107084ms)
✔ 对比展示原值并指出版本、周期、范围与利率差异，不自动重算 (0.546334ms)
ℹ tests 28
ℹ suites 0
ℹ pass 28
ℹ fail 0
ℹ cancelled 0
ℹ skipped 0
ℹ todo 0
ℹ duration_ms 105.290875
