
> web-ui@0.0.0 test
> node scripts/run-tests.mjs

✔ higher sources resolve actual records and separate original from current review time (3.857875ms)
✔ base sources and foreign witness rejection have distinct Chinese descriptions (0.152542ms)
✔ inconsistent candidate has no replay evidence: unknown reason (0.09525ms)
✔ inconsistent candidate has no replay evidence: prototype key (0.082333ms)
✔ inconsistent candidate has no replay evidence: future version (0.057792ms)
✔ inconsistent candidate has no replay evidence: future completion (0.04875ms)
✔ inconsistent candidate has no replay evidence: missing time (0.046958ms)
✔ inconsistent candidate has no replay evidence: empty source (1.297167ms)
✔ inconsistent candidate has no replay evidence: duplicate source (0.098542ms)
✔ inconsistent candidate has no replay evidence: unknown source (0.111625ms)
✔ inconsistent candidate has no replay evidence: mixed levels (0.083208ms)
✔ inconsistent candidate has no replay evidence: future child (0.057917ms)
✔ inconsistent candidate has no replay evidence: wrong child level (0.052041ms)
✔ inconsistent candidate has no replay evidence: duplicate record (0.044542ms)
✔ inconsistent candidate has no replay evidence: empty record range (0.050667ms)
✔ inconsistent candidate has no replay evidence: gap (0.047291ms)
✔ inconsistent candidate has no replay evidence: wrong parent range (0.16025ms)
✔ inconsistent candidate has no replay evidence: reversed sources (0.060041ms)
✔ inconsistent candidate has no replay evidence: unsafe base number (0.05475ms)
✔ 80 percent transparency is 20 percent alpha, for both candle directions (0.480292ms)
✔ transparency stays finite, integer, and bounded (0.09ms)
✔ body is symmetric around the unchanged wick across widths and fractional positions (1.475209ms)
✔ horizontal candles preserve every price coordinate (1.098125ms)
✔ missing or non-finite candle layouts are left untouched (0.232208ms)
✔ native ECharts layout remains centred after resize, zoom and data replacement (125.52175ms)
✔ zooming out of large-data line mode restores centred candle bodies (23.943583ms)
✔ structure widths retain existing defaults and hover appearance (3.993125ms)
✔ manual values stay finite, bounded, and at two decimal places (0.167584ms)
✔ raw index overrides rounded dates, including zero (0.494375ms)
✔ legacy intraday dates never fall back to the first bar of the day (0.105708ms)
✔ duplicate formatted times fail safely without a raw index (0.073208ms)
✔ padding keeps the 23px marker plus radius inside the price pane (0.121084ms)
✔ flat, zero and negative ranges get finite padding; invalid extents do not (0.092959ms)
✔ single-bar time link is a thin line limited to each actual plot (0.827833ms)
✔ multi-bar time link has no border and clips to plot, never clamps offscreen data to an edge (0.091625ms)
✔ time links map daily coverage to all minute bars, not a matching ordinal (0.153292ms)
✔ weekly and monthly end-labelled bars cover earlier constituent dates without changing data (1.362833ms)
✔ nearest marker wins regardless of signal family, only co-located points share chooser (0.246875ms)
✔ immutable request cache deduplicates pending work, isolates payload keys and retries errors (0.314583ms)
✔ all six structural types keep extrema and confirmation separate with original evidence (2.578ms)
✔ legacy records do not invent confirmation or structural sources (0.386541ms)
✔ M1 keeps independent MACD source and original direction, never a structural type (0.950125ms)
✔ all chart layers override independent animation and progressive rendering (0.900041ms)
✔ rejects invalid saved zooms (1.176ms)
✔ same-snapshot redraw keeps current manually chosen view (0.104375ms)
✔ focus redraw keeps manual zoom; clearing restores pre-focus view (0.073542ms)
✔ switching focus preserves the original return view (0.064917ms)
✔ new snapshot resets saved focus view and never revives old zoom (0.063ms)
✔ default inactive; moving does not show cards and leaving does not deactivate (0.843458ms)
✔ object previews can read date-card activation without activating it (0.149083ms)
✔ click selects a point; outside click closes; inside click is not dismissed (0.107708ms)
✔ activated cards follow movement until outside dismissal, then require another click (0.111333ms)
✔ zoom clears stale coordinates but preserves activation (0.074791ms)
✔ data reset and Escape deactivate; teardown removes all handlers (0.100666ms)
✔ directed centre chain is candidate evidence, not completion (7.050209ms)
✔ touching, opposing, future, overlapping or malformed chains fail closed (0.28625ms)
✔ single-centre and legacy components remain readable (0.07225ms)
✔ inside, border, reversed y and overlapping rectangles resolve newest first (0.749292ms)
✔ invalid or missing render coordinates cannot create hits (0.085084ms)
✔ popup stays within narrow viewport and near-edge right click (0.08625ms)
✔ roles are Chinese and unknown roles never claim completion (0.400791ms)
✔ source ranges keep one-based indices without disguising gaps (0.102625ms)
✔ coverage checks counts, repeats and missing IDs (0.21725ms)
✔ missing, empty and rejected suffix are explicit (0.075083ms)
✔ invalid counts and empty blocks cannot pass the coverage audit (0.075958ms)
✔ uses raw indices, allows shared endpoints and bounds zoom padding (0.903334ms)
✔ does not invent a B interval or infer indices from formatted dates (0.377875ms)
✔ rejects partial, reversed, overlapping and out-of-snapshot evidence (0.333209ms)
✔ allows inspection of historical failed evidence without reviving it (0.265125ms)
✔ local proof draws frozen exact endpoints only after its actual confirmation (2.784458ms)
✔ dual-line divergence uses two exact raw indices, never artificial ABC ranges (0.79125ms)
✔ dual-line focus rejects missing, duplicate, reversed and out-of-range points (0.117208ms)
✔ special wave focus uses AB and its extreme without inventing C (0.105ms)
✔ direction, family and lifecycle have independent marker styles (0.564709ms)
✔ no-C dual-line remains a circle and fills only on first reverse-pen confirmation (2.273625ms)
✔ M1 is restricted to confirmed waves with a later actual confirmation (4.588208ms)
✔ four families retain independent records and nonstandard uses a triangle (0.272459ms)
✔ October 4 marker matrix uses shape for family and colour only for direction (0.144875ms)
✔ special AB evidence separates A line extrema from both price anchors and legacy pivots (0.145666ms)
✔ history is opt-in, inactive stays grey hollow, never creates M1 (0.131ms)
✔ every historical shape uses a continuous hollow contour, including on hover (0.142916ms)
✔ new nonstandard evidence relaxes prices only and records each subtype (0.125166ms)
✔ new dual rule cannot fill without recorded later local confirmation (0.10225ms)
✔ historical engineering match retains original timing without claiming regrouping completion (2.322167ms)
✔ future, stale, mismatched or incomplete evidence fails closed (0.523458ms)
✔ older snapshots and unmatched parts keep existing natural audit available (0.08425ms)
✔ engineering provenance uses the same one-based numbering as other inspectors (0.986375ms)
✔ mixed recursion distinguishes consolidation and trend from the old trend view (0.462875ms)
✔ unknown or reversed provenance is not presented as a completed trend (0.155916ms)
✔ indicator and price values use two decimals without inventing missing evidence (0.129333ms)
✔ recursive centre relations never call extension candidates completed types (0.085375ms)
✔ admissions distinguish unit confirmation from later failed-return admission (0.087875ms)
✔ display fields retain all text including dates, provenance, and secondary colons (0.830917ms)
✔ narrative, missing evidence, and timestamp headings remain whole (0.099166ms)
✔ all candidate states distinguish eligibility from completed natural types (0.614667ms)
✔ opposite geometry identifies reused next-part evidence, including nonzero source IDs (4.156834ms)
✔ external opposite geometry is not added to candidate membership (0.342792ms)
✔ missing, stale, misattributed or future opposite geometry is not displayed as matched (0.368667ms)
✔ preferred endpoints are never called completed types; conflicts are retained (0.203958ms)
✔ opposite base turn is not same-level completion (0.661667ms)
✔ price formatting preserves zero and boundary contact, guards non-finite values (0.236208ms)
✔ candidate audit joins by identity, not response order (0.102667ms)
✔ part audit must match ordinal AND exact raw source IDs, including shifted IDs (0.159542ms)
✔ locates the three raw ranges without relabelling them as MACD or confirmed centres (4.440958ms)
✔ candidate must already be observable at the CURRENT replay prefix (2.951167ms)
✔ no incomplete, waiting or unsupported candidate is given a fabricated range (0.449792ms)
✔ raw bar boundaries must be contiguous and inside the visible window (0.195792ms)
✔ source partitions must cover every original segment once, preserving nonzero IDs (0.772667ms)
✔ conflicting geometric fallback remains viewable for manual audit (12.265917ms)
✔ clearing a regrouping focus restores original zoom; a new replay snapshot does not (0.182959ms)
✔ membership labels distinguish source confirmation from later admission (0.469917ms)
✔ admission witness distinguishes confirmation dependency from geometric membership (0.114125ms)
✔ old or malformed evidence never invents an admission witness (0.188416ms)
✔ menus stay inside phone, keyboard and landscape viewports (0.593792ms)
✔ near-bottom controls open upwards without changing ordinary desktop width (0.435917ms)
✔ marker hit uses signed stacking offset for both directions, not candle position (0.623792ms)
✔ symbol size and invalid render positions are handled safely (0.100291ms)
✔ aborted late response cannot publish metadata even if transport ignores abort (67.727541ms)
✔ missing provenance or silently changed adjustment never reaches research (0.153666ms)
✔ reported gaps do not falsely label suspension or prevent inspecting valid candles (0.108209ms)
✔ history fetch consumes one verified range and publishes complete metadata only after validation (0.693167ms)
✔ unclosed response never updates provenance or reaches the backtest (0.254167ms)
✔ whole proof validated without mutation, and cross-role ownership remains visible (1.150833ms)
✔ stale, future, duplicated, incomplete, falsely completed and mismatched sources rejected (0.351083ms)
✔ base runs cannot masquerade as proofs or own multiple provisional regions (0.085625ms)
✔ blocked covers show full conflicts, never fabricated flattened blocks (0.093083ms)
✔ labels retain provisional scope (0.066084ms)
✔ all seven MA presets are available but only MA5 and MA10 start visible (0.778334ms)
✔ each chart session gets independent editable settings without changing presets (0.075666ms)
✔ MA presets retain the requested yellow, white, purple, green, cyan, orange, red palette (0.072459ms)
✔ legend retains every MA choice and explicit hidden states override stale chart selection (0.097291ms)
✔ cross-boundary details resolve actual input and nested ownership records (1.470708ms)
✔ unowned reverse evidence stays explicitly unowned for boundary rejection (0.115042ms)
✔ foreign witness can be shown for an otherwise single-owner candidate (0.103334ms)
✔ legacy candidates do not invent missing conflict details (0.10925ms)
✔ damaged detail is not presented: mismatched candidate sources (0.850834ms)
✔ damaged detail is not presented: wrong layer (0.08375ms)
✔ damaged detail is not presented: unknown reverse input (0.068875ms)
✔ damaged detail is not presented: wrong reverse range (0.060833ms)
✔ damaged detail is not presented: reverse overlaps prices (0.082041ms)
✔ damaged detail is not presented: future reverse confirmation (0.110708ms)
✔ damaged detail is not presented: wrong reverse time (0.064916ms)
✔ damaged detail is not presented: incomplete domain list (0.0675ms)
✔ damaged detail is not presented: duplicate domains (0.051667ms)
✔ damaged detail is not presented: noncontinuous domain (0.042667ms)
✔ damaged detail is not presented: foreign domain misses witness (0.046667ms)
✔ damaged detail is not presented: false unowned witness (0.04575ms)
✔ damaged detail is not presented: missing nested record (0.052416ms)
✔ damaged detail is not presented: wrong reason (0.054084ms)
✔ only current owner revisions form the displayed ownership set (0.739792ms)
✔ internal provenance remains distinct and validates enclosing ownership (0.310208ms)
✔ parent-covered history is not labeled as an additional effective input (0.066334ms)
✔ nested provenance validates containment and strictly increasing input levels (0.153042ms)
✔ current owner labels are distinct from creation IDs and tolerate old snapshots (0.088042ms)
✔ summary mode lists every historical address, not just current versions (10.600333ms)
✔ full and missing legacy snapshots stay readable without inventing history (3.882875ms)
✔ all four analysis paths explicitly request summary delivery without changing input (5.998208ms)
✔ complete lifecycle stays chronological, does not mutate input, and uses Chinese labels (1.864042ms)
✔ legacy or future history is not invented (0.303584ms)
✔ dangling, reordered, duplicated, miscounted and conflicting histories fail closed (1.570709ms)
✔ equal counts cannot hide swapped source identities (0.088875ms)
✔ intermediate event boundaries must equal actual inherited and added sources (0.070917ms)
✔ input evidence must exist at the correct level and be available at admission (0.191708ms)
✔ invalid domain sources, membership and parent context fail closed (0.158541ms)
✔ leftward growth, shifted sources and newly filled merge gaps remain valid (0.172ms)
✔ both periods exclude future and open candles while retaining original warm-up start (1.230916ms)
✔ snapshot observation time caps cutoff; bar start before cutoff is not enough (0.13275ms)
✔ no timeframe fallback or fabricated candles when historical minute range is unavailable (1.509708ms)
✔ index and board snapshots retain NONE adjustment, mismatch is rejected (0.438375ms)
✔ missing completion evidence, timezone timestamps and unordered bars fail explicitly (0.341708ms)
✔ week/month completion boundary comes from provider annotation, not day label (0.202125ms)
✔ forming candles preserve OHLC and use dashed empty outlines (0.475583ms)
✔ forming volume and signed MACD columns preserve values and direction (0.102875ms)
✔ matching versions are selected by case identity without mutation (0.940583ms)
✔ future snapshots, wrong rules, incomplete chains and duplicate cases are rejected (0.211375ms)
✔ labels never confuse endpoint consistency or higher-centre proof with completion (0.131ms)
✔ v2 keeps the detached prefix and v1 remains readable (0.414333ms)
✔ v3 supports trend search while retaining the same ownership guards (0.111125ms)
✔ missing, duplicated, misattributed or silently completed prefix is rejected (0.305667ms)
✔ reincorporation is recorded explicitly instead of erasing detached history (0.737959ms)
✔ accepts bounded history and empty verified batches (0.514208ms)
✔ rejects wrong batch, future indices, broken sources and contradictory state (0.466459ms)
✔ research labels distinguish absence, release, retained and internal (0.099667ms)
✔ late old responses cannot own a newer research request (1.792791ms)
✔ submission fields are captured values, not mutable form references (0.47025ms)
✔ snapshot import keeps original data and normalizes optional display metadata (1.188542ms)
✔ reject invalid schema, periods, oversized arrays and impossible candle prices (0.618333ms)
✔ window is exchange local and bounded by the snapshot cutoff (0.567583ms)
✔ missing numbers and candidate status are never promoted (0.081791ms)
✔ amber projection resolves daily and minute labels, ignores open candle (0.270459ms)
✔ audit description translates permissions and never renders arbitrary detail fields (0.571333ms)
✔ audit time is explicitly Shanghai time and invalid data remains readable (24.530375ms)
✔ audit API preserves bounded pagination/filter state and authenticated credentials (26.960667ms)
✔ new standard evidence explains price, old blocker and independent special lifecycle (1.089875ms)
✔ new gates include counts, boundary and dates without undefined placeholder (0.787375ms)
✔ legacy comparisons retain old detected confirmed and invalidated dates (0.151083ms)
✔ structure dates remove midnight noise without changing intraday precision (0.461708ms)
✔ centre evidence distinguishes fixed core, outer range and candidate expansion (0.59975ms)
✔ segment evidence includes source prices and reverse proof with one-based labels (0.163125ms)
✔ missing legacy evidence does not invent confirmation (0.112292ms)
✔ special inclusion explains boundary exception without labelling it an ordinary fractal (0.094292ms)
✔ centre relation history distinguishes current candidate from original separation (0.103208ms)
✔ confirmation replay translates raw indices without date matching (0.066584ms)
✔ unknown, invalid or out-of-snapshot confirmations have no replay target (0.069708ms)
✔ connection badge validates shared time, price and alternating direction (0.097375ms)
✔ reverse preview uses observed extreme, not last close or a future target (2.150042ms)
✔ mirrored lows produce an upward reference (0.112208ms)
✔ no invented reference for missing, ambiguous, extending, or invalid inputs (0.101458ms)
✔ replay prefix cannot use a later extreme; ties retain first occurrence (0.104584ms)
✔ ongoing consolidation differs by color, line pattern, and fill (0.098625ms)
✔ cancelling is not terminal and elapsed values remain readable (1.288ms)
✔ runBacktestWithPolling waits through cancelling and returns cancelled (27.1565ms)
✔ runBacktestWithPolling waits through cancelling and returns timed_out (2.898042ms)
✔ runSignalScanWithPolling waits through cancelling and returns cancelled (2.209667ms)
✔ runSignalScanWithPolling waits through cancelling and returns timed_out (1.24275ms)
✔ cancel API uses POST, and partial cancelled scan results are never accepted (0.518584ms)
✔ exact current revision accepts only its own evidence without mutation (1.138958ms)
✔ old partition, stale version, future evidence and false completion are rejected (0.288042ms)
✔ historical audit cannot import a later opposite segment (0.08875ms)
✔ empty partitions and higher-proof priority retain explicit blockers (0.07475ms)
✔ new blockers use Chinese labels without calling prerequisites completion (0.146375ms)
✔ special diagnostics identify each A indicator witness rather than the price witness (0.697834ms)
✔ nonstandard DEA axis gate remains explicit without an improvement requirement (0.227833ms)
✔ DEA tolerance discloses research threshold, precise deviation and near-zero fallback (0.299375ms)
✔ wave evidence separates effective A from original wave and local pivots (0.765458ms)
✔ rounded equal line extrema disclose the precise failed values and witness times (0.137625ms)
✔ comparisons are explicitly research only and preserve B/C axis checks (0.108ms)
✔ unformed candidate shows Chinese gates, two-decimal values and rejection dates (0.102959ms)
✔ new nonstandard audit explicitly uses full A and first-formed reverse evidence explains gaps (0.095417ms)
ℹ tests 229
ℹ suites 0
ℹ pass 229
ℹ fail 0
ℹ cancelled 0
ℹ skipped 0
ℹ todo 0
ℹ duration_ms 990.298542
→ 打包中…
→ 运行测试…
京东方评级: D 分数: 34.3
维度明细: 卡玛比率=22.7, 最大回撤=27.5, 胜率=33.5, 利润因子=34.1, 夏普比率=41.5, 波动率=50.1
否决: 利润因子 1.11 接近 1，仅勉强盈亏平衡
长线优质策略评级: B 分数: 64.5
维度权重: 卡玛比率=28%, 最大回撤=26%, 胜率=0%, 利润因子=0%, 夏普比率=23%, 波动率=23%
优质案例评级: A 分数: 83.9
寻优点评级: A 74
组合重算指标: { '年化': '20.83%', '回撤': '0.80%', '夏普': '5.27', '卡玛': '26.03' }
稳定上涨组合评级: S 91.8
波动组合重算: { '回撤': '44.15%', '夏普': '-2.64', '持续': 60 }
波动组合评级: D 18.5
✔ 京东方回测必须评为 D 档（用户核心诉求验证点） (1.617709ms)
✔ 京东方评分应在 30-43 区间（C 与 D 的边界） (0.172ms)
✔ 低利润因子触发系统亏损否决 (0.098833ms)
✔ 样本不足（< 10 笔交易）降权但不否决整个评级 (0.157042ms)
✔ 用户实测场景：6年6笔交易 + 高夏普 → 应得 A/B（核心回归测试） (0.17925ms)
✔ 深回撤 > 60% 触发直接 D 否决 (0.0945ms)
✔ 优质回测应得 A 或 S 档 (0.1685ms)
✔ 高回撤但收益高 → 最高 B（一票否决 cap） (0.116792ms)
✔ 插值函数：边界值取端点分数 (0.076291ms)
✔ 插值函数：中间值线性插值 (0.135708ms)
✔ 寻优评级：4 维度降级版 (0.142209ms)
✔ 寻优评级：网格点交易太少 → 降权但评级照常 (0.066708ms)
✔ 组合评级：稳定上涨净值应得 A 或 S (2.453ms)
✔ 组合评级：高波动深回撤净值 → 低档 (0.709459ms)
✔ combinedMetrics：单点净值返回全 0（兜底） (0.065041ms)
ℹ tests 15
ℹ suites 0
ℹ pass 15
ℹ fail 0
ℹ cancelled 0
ℹ skipped 0
ℹ todo 0
ℹ duration_ms 63.955208
