
> web-ui@0.0.0 test
> node scripts/run-tests.mjs

✔ trade lookup keeps the exact minute across separators, precision and days (3.590875ms)
✔ date-only values cannot choose the midnight bar of an ambiguous day (0.084041ms)
✔ daily and duplicate exact timestamps keep first positional matches (0.071292ms)
✔ nanoseconds and timezone text are not truncated into a false match (0.082666ms)
✔ date labels preserve useful precision without local timezone conversion (0.081417ms)
✔ higher sources resolve actual records and separate original from current review time (1.486125ms)
✔ base sources and foreign witness rejection have distinct Chinese descriptions (0.119083ms)
✔ inconsistent candidate has no replay evidence: unknown reason (0.081834ms)
✔ inconsistent candidate has no replay evidence: prototype key (0.0685ms)
✔ inconsistent candidate has no replay evidence: future version (0.060833ms)
✔ inconsistent candidate has no replay evidence: future completion (0.049042ms)
✔ inconsistent candidate has no replay evidence: missing time (0.049875ms)
✔ inconsistent candidate has no replay evidence: empty source (0.619041ms)
✔ inconsistent candidate has no replay evidence: duplicate source (0.073291ms)
✔ inconsistent candidate has no replay evidence: unknown source (0.105917ms)
✔ inconsistent candidate has no replay evidence: mixed levels (1.395125ms)
✔ inconsistent candidate has no replay evidence: future child (0.073875ms)
✔ inconsistent candidate has no replay evidence: wrong child level (0.061959ms)
✔ inconsistent candidate has no replay evidence: duplicate record (0.07725ms)
✔ inconsistent candidate has no replay evidence: empty record range (0.072833ms)
✔ inconsistent candidate has no replay evidence: gap (0.050791ms)
✔ inconsistent candidate has no replay evidence: wrong parent range (0.037291ms)
✔ inconsistent candidate has no replay evidence: reversed sources (0.044041ms)
✔ inconsistent candidate has no replay evidence: unsafe base number (0.050375ms)
✔ 80 percent transparency is 20 percent alpha, for both candle directions (0.865542ms)
✔ transparency stays finite, integer, and bounded (0.090333ms)
✔ body is symmetric around the unchanged wick across widths and fractional positions (1.453625ms)
✔ horizontal candles preserve every price coordinate (3.87125ms)
✔ missing or non-finite candle layouts are left untouched (0.207209ms)
✔ native ECharts layout remains centred after resize, zoom and data replacement (292.6105ms)
✔ zooming out of large-data line mode restores centred candle bodies (35.886875ms)
✔ structure widths retain existing defaults and hover appearance (0.704958ms)
✔ manual values stay finite, bounded, and at two decimal places (0.136125ms)
✔ raw index overrides rounded dates, including zero (0.57175ms)
✔ legacy intraday dates never fall back to the first bar of the day (0.135333ms)
✔ duplicate formatted times fail safely without a raw index (0.087125ms)
✔ padding keeps the 23px marker plus radius inside the price pane (0.137541ms)
✔ flat, zero and negative ranges get finite padding; invalid extents do not (0.081666ms)
✔ single-bar time link is a thin line limited to each actual plot (2.221958ms)
✔ multi-bar time link has no border and clips to plot, never clamps offscreen data to an edge (0.233167ms)
✔ time links map daily coverage to all minute bars, not a matching ordinal (0.537583ms)
✔ weekly and monthly end-labelled bars cover earlier constituent dates without changing data (2.120292ms)
✔ nearest marker wins regardless of signal family, only co-located points share chooser (0.219417ms)
✔ immutable request cache deduplicates pending work, isolates payload keys and retries errors (0.388458ms)
✔ all six structural types keep extrema and confirmation separate with original evidence (0.737ms)
✔ legacy records do not invent confirmation or structural sources (0.134917ms)
✔ M1 keeps independent MACD source and original direction, never a structural type (0.315083ms)
✔ all chart layers override independent animation and progressive rendering (0.863292ms)
✔ rejects invalid saved zooms (0.763875ms)
✔ same-snapshot redraw keeps current manually chosen view (0.113583ms)
✔ focus redraw keeps manual zoom; clearing restores pre-focus view (2.268834ms)
✔ switching focus preserves the original return view (0.088459ms)
✔ new snapshot resets saved focus view and never revives old zoom (0.072ms)
✔ default inactive; moving does not show cards and leaving does not deactivate (0.9165ms)
✔ object previews can read date-card activation without activating it (0.168666ms)
✔ click selects a point; outside click closes; inside click is not dismissed (0.113667ms)
✔ activated cards follow movement until outside dismissal, then require another click (0.112209ms)
✔ zoom clears stale coordinates but preserves activation (0.079375ms)
✔ data reset and Escape deactivate; teardown removes all handlers (0.108875ms)
✔ directed centre chain is candidate evidence, not completion (0.944791ms)
✔ touching, opposing, future, overlapping or malformed chains fail closed (0.257666ms)
✔ single-centre and legacy components remain readable (0.067167ms)
✔ inside, border, reversed y and overlapping rectangles resolve newest first (0.845541ms)
✔ invalid or missing render coordinates cannot create hits (0.081542ms)
✔ popup stays within narrow viewport and near-edge right click (0.090167ms)
✔ roles are Chinese and unknown roles never claim completion (0.430375ms)
✔ source ranges keep one-based indices without disguising gaps (0.0995ms)
✔ coverage checks counts, repeats and missing IDs (0.21225ms)
✔ missing, empty and rejected suffix are explicit (0.075125ms)
✔ invalid counts and empty blocks cannot pass the coverage audit (0.082584ms)
✔ uses raw indices, allows shared endpoints and bounds zoom padding (0.866708ms)
✔ does not invent a B interval or infer indices from formatted dates (0.091208ms)
✔ rejects partial, reversed, overlapping and out-of-snapshot evidence (0.126375ms)
✔ allows inspection of historical failed evidence without reviving it (0.11125ms)
✔ local proof draws frozen exact endpoints only after its actual confirmation (0.165417ms)
✔ dual-line divergence uses two exact raw indices, never artificial ABC ranges (0.0905ms)
✔ dual-line focus rejects missing, duplicate, reversed and out-of-range points (0.089625ms)
✔ special wave focus uses AB and its extreme without inventing C (0.094291ms)
✔ direction, family and lifecycle have independent marker styles (0.573041ms)
✔ no-C dual-line remains a circle and fills only on first reverse-pen confirmation (10.771417ms)
✔ M1 is restricted to confirmed waves with a later actual confirmation (3.069958ms)
✔ four families retain independent records and nonstandard uses a triangle (0.248209ms)
✔ October 4 marker matrix uses shape for family and colour only for direction (0.139875ms)
✔ special AB evidence separates A line extrema from both price anchors and legacy pivots (0.146875ms)
✔ history is opt-in, inactive stays grey hollow, never creates M1 (0.135875ms)
✔ every historical shape uses a continuous hollow contour, including on hover (0.12975ms)
✔ new nonstandard evidence relaxes prices only and records each subtype (0.117167ms)
✔ new dual rule cannot fill without recorded later local confirmation (0.993625ms)
✔ historical engineering match retains original timing without claiming regrouping completion (0.948042ms)
✔ future, stale, mismatched or incomplete evidence fails closed (0.302083ms)
✔ older snapshots and unmatched parts keep existing natural audit available (0.061542ms)
✔ engineering provenance uses the same one-based numbering as other inspectors (0.62325ms)
✔ mixed recursion distinguishes consolidation and trend from the old trend view (0.200833ms)
✔ unknown or reversed provenance is not presented as a completed trend (0.08475ms)
✔ indicator and price values use two decimals without inventing missing evidence (0.219333ms)
✔ recursive centre relations never call extension candidates completed types (0.43775ms)
✔ admissions distinguish unit confirmation from later failed-return admission (0.219792ms)
✔ display fields retain all text including dates, provenance, and secondary colons (0.875583ms)
✔ narrative, missing evidence, and timestamp headings remain whole (0.101292ms)
✔ selects the exact source without replacing missing comparison periods with the primary (0.40725ms)
✔ prefix audit preserves original warmup snapshot and its own instrument and period (0.412833ms)
✔ rejects invalid positions, missing identity and explicitly unclosed prefix data (0.17925ms)
✔ all candidate states distinguish eligibility from completed natural types (0.528583ms)
✔ opposite geometry identifies reused next-part evidence, including nonzero source IDs (2.468917ms)
✔ external opposite geometry is not added to candidate membership (0.255125ms)
✔ missing, stale, misattributed or future opposite geometry is not displayed as matched (13.251958ms)
✔ preferred endpoints are never called completed types; conflicts are retained (0.134792ms)
✔ opposite base turn is not same-level completion (0.11675ms)
✔ price formatting preserves zero and boundary contact, guards non-finite values (2.559333ms)
✔ candidate audit joins by identity, not response order (5.551833ms)
✔ part audit must match ordinal AND exact raw source IDs, including shifted IDs (0.841333ms)
✔ locates the three raw ranges without relabelling them as MACD or confirmed centres (1.32125ms)
✔ candidate must already be observable at the CURRENT replay prefix (0.177666ms)
✔ no incomplete, waiting or unsupported candidate is given a fabricated range (0.099875ms)
✔ raw bar boundaries must be contiguous and inside the visible window (0.138083ms)
✔ source partitions must cover every original segment once, preserving nonzero IDs (0.118959ms)
✔ conflicting geometric fallback remains viewable for manual audit (0.075375ms)
✔ clearing a regrouping focus restores original zoom; a new replay snapshot does not (0.361875ms)
✔ membership labels distinguish source confirmation from later admission (2.217625ms)
✔ admission witness distinguishes confirmation dependency from geometric membership (0.238417ms)
✔ old or malformed evidence never invents an admission witness (0.192459ms)
✔ menus stay inside phone, keyboard and landscape viewports (23.7635ms)
✔ near-bottom controls open upwards without changing ordinary desktop width (0.12125ms)
✔ marker hit uses signed stacking offset for both directions, not candle position (4.585208ms)
✔ symbol size and invalid render positions are handled safely (0.274375ms)
✔ aborted late response cannot publish metadata even if transport ignores abort (39.266125ms)
✔ missing provenance or silently changed adjustment never reaches research (0.163125ms)
✔ reported gaps do not falsely label suspension or prevent inspecting valid candles (0.113875ms)
✔ history fetch consumes one verified range and publishes complete metadata only after validation (0.598792ms)
✔ unclosed response never updates provenance or reaches the backtest (0.240333ms)
✔ null, true zero, infinities and real 999 are distinct after JSON roundtrip (0.469666ms)
✔ single, saved and comparison results retain authoritative metric basis (0.445708ms)
✔ whole proof validated without mutation, and cross-role ownership remains visible (4.905417ms)
✔ stale, future, duplicated, incomplete, falsely completed and mismatched sources rejected (0.354333ms)
✔ base runs cannot masquerade as proofs or own multiple provisional regions (0.07725ms)
✔ blocked covers show full conflicts, never fabricated flattened blocks (0.099041ms)
✔ labels retain provisional scope (0.067042ms)
✔ all seven MA presets are available but only MA5 and MA10 start visible (2.500583ms)
✔ each chart session gets independent editable settings without changing presets (0.438375ms)
✔ MA presets retain the requested yellow, white, purple, green, cyan, orange, red palette (0.623042ms)
✔ legend retains every MA choice and explicit hidden states override stale chart selection (0.549083ms)
✔ cross-boundary details resolve actual input and nested ownership records (3.762125ms)
✔ unowned reverse evidence stays explicitly unowned for boundary rejection (0.172625ms)
✔ foreign witness can be shown for an otherwise single-owner candidate (0.104334ms)
✔ legacy candidates do not invent missing conflict details (0.116958ms)
✔ damaged detail is not presented: mismatched candidate sources (0.0865ms)
✔ damaged detail is not presented: wrong layer (0.285958ms)
✔ damaged detail is not presented: unknown reverse input (0.235541ms)
✔ damaged detail is not presented: wrong reverse range (0.152ms)
✔ damaged detail is not presented: reverse overlaps prices (0.161ms)
✔ damaged detail is not presented: future reverse confirmation (0.242542ms)
✔ damaged detail is not presented: wrong reverse time (0.139833ms)
✔ damaged detail is not presented: incomplete domain list (0.148ms)
✔ damaged detail is not presented: duplicate domains (0.116041ms)
✔ damaged detail is not presented: noncontinuous domain (0.096542ms)
✔ damaged detail is not presented: foreign domain misses witness (2.184292ms)
✔ damaged detail is not presented: false unowned witness (0.071834ms)
✔ damaged detail is not presented: missing nested record (0.057834ms)
✔ damaged detail is not presented: wrong reason (0.051834ms)
✔ only current owner revisions form the displayed ownership set (2.048ms)
✔ internal provenance remains distinct and validates enclosing ownership (0.329458ms)
✔ parent-covered history is not labeled as an additional effective input (0.074083ms)
✔ nested provenance validates containment and strictly increasing input levels (0.159459ms)
✔ current owner labels are distinct from creation IDs and tolerate old snapshots (0.09ms)
✔ summary mode lists every historical address, not just current versions (3.070584ms)
✔ full and missing legacy snapshots stay readable without inventing history (0.199333ms)
✔ all four analysis paths explicitly request summary delivery without changing input (0.564541ms)
✔ complete lifecycle stays chronological, does not mutate input, and uses Chinese labels (1.264084ms)
✔ legacy or future history is not invented (0.115375ms)
✔ dangling, reordered, duplicated, miscounted and conflicting histories fail closed (2.541292ms)
✔ equal counts cannot hide swapped source identities (0.086541ms)
✔ intermediate event boundaries must equal actual inherited and added sources (0.073625ms)
✔ input evidence must exist at the correct level and be available at admission (0.1965ms)
✔ invalid domain sources, membership and parent context fail closed (0.161ms)
✔ leftward growth, shifted sources and newly filled merge gaps remain valid (0.150833ms)
✔ both periods exclude future and open candles while retaining original warm-up start (1.567084ms)
✔ snapshot observation time caps cutoff; bar start before cutoff is not enough (0.121083ms)
✔ no timeframe fallback or fabricated candles when historical minute range is unavailable (0.088917ms)
✔ index and board snapshots retain NONE adjustment, mismatch is rejected (0.230833ms)
✔ missing completion evidence, timezone timestamps and unordered bars fail explicitly (0.14475ms)
✔ week/month completion boundary comes from provider annotation, not day label (0.101208ms)
✔ matrix defaults to exactly the five requested periods in image order and six information columns (0.994833ms)
✔ does not turn current reversal observation into a confirmed opposite pen (0.1725ms)
✔ keeps true zero distinct from missing, and numerical display never overwrites original axis judgment (0.124458ms)
✔ keeps divergence family, extrema and actual confirmation separate; never drops records (14.329542ms)
✔ missing pen and divergence are bounded claims; quality limitations stay visible (0.194ms)
✔ forming candles preserve OHLC and use dashed empty outlines (2.469958ms)
✔ forming volume and signed MACD columns preserve values and direction (0.11025ms)
✔ radar review captures row adjustment, exact minute, strategy and original cutoff (1.881916ms)
✔ invalid or legacy reviews fail explicitly without guessing data or adjustment (2.424459ms)
✔ exchange-local dates validate without browser timezone conversion (0.286416ms)
✔ review excludes future and unclosed bars, resets derived fingerprint and reports actual range without mutating source (5.036458ms)
✔ radar cache is owner scoped and malformed/legacy records never enter the UI (0.603125ms)
✔ late messages, close and errors from an old socket cannot affect replacement (5.595416ms)
✔ invalid messages and control responses never become ticks; close reason retained (0.21425ms)
✔ matching versions are selected by case identity without mutation (3.642459ms)
✔ future snapshots, wrong rules, incomplete chains and duplicate cases are rejected (0.271167ms)
✔ labels never confuse endpoint consistency or higher-centre proof with completion (0.154959ms)
✔ v2 keeps the detached prefix and v1 remains readable (0.988291ms)
✔ v3 supports trend search while retaining the same ownership guards (0.130542ms)
✔ missing, duplicated, misattributed or silently completed prefix is rejected (0.329917ms)
✔ reincorporation is recorded explicitly instead of erasing detached history (0.13825ms)
✔ accepts bounded history and empty verified batches (0.50025ms)
✔ rejects wrong batch, future indices, broken sources and contradictory state (0.2255ms)
✔ research labels distinguish absence, release, retained and internal (0.078417ms)
✔ late old responses cannot own a newer research request (1.707ms)
✔ submission fields are captured values, not mutable form references (1.270583ms)
✔ snapshot import keeps original data and normalizes optional display metadata (0.936417ms)
✔ reject invalid schema, periods, oversized arrays and impossible candle prices (5.665333ms)
✔ window is exchange local and bounded by the snapshot cutoff (0.503333ms)
✔ missing numbers and candidate status are never promoted (1.499833ms)
✔ amber projection resolves daily and minute labels, ignores open candle (1.199917ms)
✔ three workspaces are keyboard traversable without dropping an existing mode (0.856375ms)
✔ mobile comparison shows exactly the selected snapshot; desktop shows both (0.125042ms)
✔ inactive research never starts automatic work, valid active research does (0.08975ms)
✔ audit description translates permissions and never renders arbitrary detail fields (1.819ms)
✔ audit time is explicitly Shanghai time and invalid data remains readable (53.412ms)
✔ audit API preserves bounded pagination/filter state and authenticated credentials (26.194292ms)
✔ distinguishes no candidate, failed current audit, and actual invalidation without promoting legacy state (1.847167ms)
✔ filters independent families and directions without merging special and local dual-line evidence (3.046375ms)
✔ searches lifecycle dates and failure reasons with all terms required, retaining original source objects (0.141083ms)
✔ searches diagnostic rejection history without silently reviving historical candidates (1.203917ms)
✔ all excludes bc false, preserves input order and records, and does not infer missing direction (1.859958ms)
✔ legacy diagnostic family is standard, and empty diagnostics do not invent rejection records (0.631583ms)
✔ structural points retain their own confirmation and evidence, never deriving them from a MACD source (0.594083ms)
✔ M1 uses exact existing gates and remains a separate view of its original standard event (0.253ms)
✔ combined date query finds independent point, prompt and event records without deduplication or additive counts (0.128167ms)
✔ chart date matches structured lifecycle timestamps, not coincidental prose dates (0.25875ms)
✔ minute evidence uses exact exchange-local minute, accepting T/space and refusing missing time (0.09725ms)
✔ chart date includes diagnostic ABC and rejection coverage without inventing open or reversed intervals (0.211958ms)
✔ date scope combines with all filters for structural points and original M1 sources (0.098667ms)
✔ new standard evidence explains price, old blocker and independent special lifecycle (4.050708ms)
✔ new gates include counts, boundary and dates without undefined placeholder (0.228042ms)
✔ legacy comparisons retain old detected confirmed and invalidated dates (0.157167ms)
✔ structure dates remove midnight noise without changing intraday precision (1.330917ms)
✔ centre evidence distinguishes fixed core, outer range and candidate expansion (0.778875ms)
✔ segment evidence includes source prices and reverse proof with one-based labels (0.329084ms)
✔ missing legacy evidence does not invent confirmation (0.163583ms)
✔ special inclusion explains boundary exception without labelling it an ordinary fractal (0.067833ms)
✔ centre relation history distinguishes current candidate from original separation (0.104875ms)
✔ confirmation replay translates raw indices without date matching (0.072208ms)
✔ unknown, invalid or out-of-snapshot confirmations have no replay target (0.2395ms)
✔ connection badge validates shared time, price and alternating direction (0.115667ms)
✔ reverse preview uses observed extreme, not last close or a future target (1.146709ms)
✔ mirrored lows produce an upward reference (4.342209ms)
✔ no invented reference for missing, ambiguous, extending, or invalid inputs (0.146375ms)
✔ replay prefix cannot use a later extreme; ties retain first occurrence (0.106583ms)
✔ ongoing consolidation differs by color, line pattern, and fill (0.112583ms)
✔ cancelling is not terminal and elapsed values remain readable (0.581667ms)
✔ runBacktestWithPolling waits through cancelling and returns cancelled (24.8715ms)
✔ runBacktestWithPolling waits through cancelling and returns timed_out (1.262375ms)
✔ runSignalScanWithPolling waits through cancelling and returns cancelled (1.891875ms)
✔ runSignalScanWithPolling waits through cancelling and returns timed_out (2.279708ms)
✔ cancel API uses POST, and partial cancelled scan results are never accepted (1.033542ms)
✔ persistent recovery and version mismatch are distinct from completion (0.297917ms)
✔ terminal task deletion handles empty 204 and encodes identity (0.145042ms)
✔ checkpoint presence is not confused with verified reuse or task completion (0.299583ms)
✔ cached completed submission is retrieved rather than shown as running (0.269667ms)
✔ network failures are localized across WebKit, Chromium and Firefox (0.194875ms)
✔ tracking identity separates asset types, exchanges and board catalogues (2.97025ms)
✔ cloud book validates without silently dropping corrupt groups or duplicate entries (3.727333ms)
✔ expansion preserves every member and all board/direct sources, not a 200-row display page (5.858458ms)
✔ membership failure is explicit and malformed partial membership is never accepted (0.728583ms)
✔ batch runs sequentially, keeps partial errors and continues after a failed target (12.117542ms)
✔ cancellation marks in-flight and unstarted rows, ignoring a late success (0.40375ms)
✔ group breadth counts only available periods, never treats failed targets as neutral evidence (0.455958ms)
✔ exact current revision accepts only its own evidence without mutation (2.266875ms)
✔ old partition, stale version, future evidence and false completion are rejected (0.31925ms)
✔ historical audit cannot import a later opposite segment (0.088125ms)
✔ empty partitions and higher-proof priority retain explicit blockers (0.077625ms)
✔ new blockers use Chinese labels without calling prerequisites completion (0.144334ms)
✔ missing comparison interval is explained in Chinese without inventing a date (0.856416ms)
✔ special diagnostics identify each A indicator witness rather than the price witness (0.197ms)
✔ nonstandard DEA axis gate remains explicit without an improvement requirement (0.147458ms)
✔ DEA tolerance discloses research threshold, precise deviation and near-zero fallback (0.712208ms)
✔ wave evidence separates effective A from original wave and local pivots (0.308834ms)
✔ rounded equal line extrema disclose the precise failed values and witness times (0.125208ms)
✔ comparisons are explicitly research only and preserve B/C axis checks (0.105041ms)
✔ unformed candidate shows Chinese gates, two-decimal values and rejection dates (0.105ms)
✔ new nonstandard audit explicitly uses full A and first-formed reverse evidence explains gaps (0.106708ms)
ℹ tests 280
ℹ suites 0
ℹ pass 280
ℹ fail 0
ℹ cancelled 0
ℹ skipped 0
ℹ todo 0
ℹ duration_ms 1472.879583
→ 打包中…
→ 运行测试…
京东方评级: D 分数: 34.3
维度明细: 卡玛比率=22.7, 最大回撤=27.5, 胜率=33.5, 利润因子=34.1, 夏普比率=41.5, 波动率=50.1
否决: 利润因子 1.11 接近 1，仅勉强盈亏平衡
长线优质策略评级: B 分数: 64.5
维度权重: 卡玛比率=28%, 最大回撤=26%, 胜率=0%, 利润因子=0%, 夏普比率=23%, 波动率=23%
优质案例评级: A 分数: 83.9
寻优点评级: A 74
组合重算指标: { '年化': '20.83%', '回撤': '0.80%', '夏普': '5.27', '卡玛': '26.03' }
稳定上涨组合评级: S 91.8
波动组合重算: { '回撤': '44.15%', '夏普': '-2.64', '持续': 60 }
波动组合评级: D 18.5
✔ 新版组合评级使用后端采样，不按图表柱数重新日线年化 (1.61225ms)
✔ 必要风险指标缺失不能展示为零风险或正常评级 (0.350083ms)
✔ 无穷比率不等于满分，真实零利润因子仍按亏损判断 (0.18475ms)
✔ 京东方回测必须评为 D 档（用户核心诉求验证点） (0.463208ms)
✔ 京东方评分应在 30-43 区间（C 与 D 的边界） (0.1ms)
✔ 低利润因子触发系统亏损否决 (0.069875ms)
✔ 样本不足（< 10 笔交易）降权但不否决整个评级 (0.126709ms)
✔ 用户实测场景：6年6笔交易 + 高夏普 → 应得 A/B（核心回归测试） (0.148667ms)
✔ 深回撤 > 60% 触发直接 D 否决 (0.093666ms)
✔ 优质回测应得 A 或 S 档 (0.143791ms)
✔ 高回撤但收益高 → 最高 B（一票否决 cap） (0.073791ms)
✔ 插值函数：边界值取端点分数 (0.055042ms)
✔ 插值函数：中间值线性插值 (0.039458ms)
✔ 寻优评级：4 维度降级版 (0.083833ms)
✔ 寻优评级：网格点交易太少 → 降权但评级照常 (0.050709ms)
✔ 组合评级：稳定上涨净值应得 A 或 S (1.508458ms)
✔ 组合评级：高波动深回撤净值 → 低档 (0.529375ms)
✔ combinedMetrics：单点净值返回全 0（兜底） (0.052375ms)
✔ 历史组合仅保留原值，不从曲线推断日线或重算评级 (0.465833ms)
✔ v1-v4、未知版本及不完整依据不伪装为新版结果 (0.554667ms)
✔ 新版结果使用已记录指标，真实 999 和零不被当作历史哨兵 (0.081ms)
✔ 指标状态缺失或与数值冲突不能产出评级，包括被降权维度 (0.110042ms)
✔ 低交易样本的真实不可用逐笔指标仍可降权，不误拦截可用净值评级 (0.092833ms)
✔ 寻优逐行核验新版采样与候选状态，输入范围不替代候选证据 (0.520125ms)
✔ 完整快照保留精度、真实 0/999、全部指标及版本且不关联可变输入 (0.215791ms)
✔ 策略保存接受真实 Vue 响应式结果，不因 Proxy 无法 structuredClone 而失败 (0.501625ms)
✔ 再次保存历史指标不补造新版计算或评级依据 (0.098541ms)
✔ 对比展示原值并指出版本、周期、范围与利率差异，不自动重算 (0.234208ms)
ℹ tests 28
ℹ suites 0
ℹ pass 28
ℹ fail 0
ℹ cancelled 0
ℹ skipped 0
ℹ todo 0
ℹ duration_ms 90.29325
