
> web-ui@0.0.0 test
> node scripts/run-tests.mjs

✔ trade lookup keeps the exact minute across separators, precision and days (1.830833ms)
✔ date-only values cannot choose the midnight bar of an ambiguous day (0.274958ms)
✔ daily and duplicate exact timestamps keep first positional matches (0.190542ms)
✔ nanoseconds and timezone text are not truncated into a false match (0.717834ms)
✔ date labels preserve useful precision without local timezone conversion (0.353792ms)
✔ higher sources resolve actual records and separate original from current review time (1.070166ms)
✔ base sources and foreign witness rejection have distinct Chinese descriptions (0.102042ms)
✔ inconsistent candidate has no replay evidence: unknown reason (0.087042ms)
✔ inconsistent candidate has no replay evidence: prototype key (0.068792ms)
✔ inconsistent candidate has no replay evidence: future version (0.067125ms)
✔ inconsistent candidate has no replay evidence: future completion (0.640917ms)
✔ inconsistent candidate has no replay evidence: missing time (0.047416ms)
✔ inconsistent candidate has no replay evidence: empty source (0.041792ms)
✔ inconsistent candidate has no replay evidence: duplicate source (0.051375ms)
✔ inconsistent candidate has no replay evidence: unknown source (0.206584ms)
✔ inconsistent candidate has no replay evidence: mixed levels (0.097625ms)
✔ inconsistent candidate has no replay evidence: future child (0.064541ms)
✔ inconsistent candidate has no replay evidence: wrong child level (0.049084ms)
✔ inconsistent candidate has no replay evidence: duplicate record (0.04775ms)
✔ inconsistent candidate has no replay evidence: empty record range (0.045958ms)
✔ inconsistent candidate has no replay evidence: gap (0.047792ms)
✔ inconsistent candidate has no replay evidence: wrong parent range (0.038042ms)
✔ inconsistent candidate has no replay evidence: reversed sources (0.03725ms)
✔ inconsistent candidate has no replay evidence: unsafe base number (0.044916ms)
✔ 80 percent transparency is 20 percent alpha, for both candle directions (0.914125ms)
✔ transparency stays finite, integer, and bounded (0.113125ms)
✔ body is symmetric around the unchanged wick across widths and fractional positions (24.938083ms)
✔ horizontal candles preserve every price coordinate (0.175167ms)
✔ missing or non-finite candle layouts are left untouched (0.147042ms)
✔ native ECharts layout remains centred after resize, zoom and data replacement (86.553708ms)
✔ zooming out of large-data line mode restores centred candle bodies (9.103375ms)
✔ structure widths retain existing defaults and hover appearance (2.178791ms)
✔ manual values stay finite, bounded, and at two decimal places (0.156208ms)
✔ raw index overrides rounded dates, including zero (0.449375ms)
✔ legacy intraday dates never fall back to the first bar of the day (0.103584ms)
✔ duplicate formatted times fail safely without a raw index (0.068333ms)
✔ padding keeps the 23px marker plus radius inside the price pane (0.113542ms)
✔ flat, zero and negative ranges get finite padding; invalid extents do not (1.157458ms)
✔ single-bar time link is a thin line limited to each actual plot (2.020458ms)
✔ multi-bar time link has no border and clips to plot, never clamps offscreen data to an edge (0.127125ms)
✔ time links map daily coverage to all minute bars, not a matching ordinal (0.165958ms)
✔ weekly and monthly end-labelled bars cover earlier constituent dates without changing data (1.371958ms)
✔ nearest marker wins regardless of signal family, only co-located points share chooser (0.5055ms)
✔ immutable request cache deduplicates pending work, isolates payload keys and retries errors (1.19375ms)
✔ all six structural types keep extrema and confirmation separate with original evidence (0.575417ms)
✔ legacy records do not invent confirmation or structural sources (0.132416ms)
✔ M1 keeps independent MACD source and original direction, never a structural type (0.335625ms)
✔ all chart layers override independent animation and progressive rendering (3.985459ms)
✔ rejects invalid saved zooms (6.473875ms)
✔ same-snapshot redraw keeps current manually chosen view (0.135625ms)
✔ focus redraw keeps manual zoom; clearing restores pre-focus view (0.205208ms)
✔ switching focus preserves the original return view (0.258375ms)
✔ new snapshot resets saved focus view and never revives old zoom (0.226875ms)
✔ default inactive; moving does not show cards and leaving does not deactivate (0.833916ms)
✔ object previews can read date-card activation without activating it (0.160125ms)
✔ click selects a point; outside click closes; inside click is not dismissed (0.113708ms)
✔ activated cards follow movement until outside dismissal, then require another click (0.545958ms)
✔ zoom clears stale coordinates but preserves activation (0.251875ms)
✔ data reset and Escape deactivate; teardown removes all handlers (0.284125ms)
✔ directed centre chain is candidate evidence, not completion (3.327084ms)
✔ touching, opposing, future, overlapping or malformed chains fail closed (0.241916ms)
✔ single-centre and legacy components remain readable (0.080667ms)
✔ inside, border, reversed y and overlapping rectangles resolve newest first (1.291375ms)
✔ invalid or missing render coordinates cannot create hits (0.117333ms)
✔ popup stays within narrow viewport and near-edge right click (0.094334ms)
✔ roles are Chinese and unknown roles never claim completion (0.423291ms)
✔ source ranges keep one-based indices without disguising gaps (0.102875ms)
✔ coverage checks counts, repeats and missing IDs (0.384167ms)
✔ missing, empty and rejected suffix are explicit (0.119334ms)
✔ invalid counts and empty blocks cannot pass the coverage audit (0.080917ms)
✔ uses raw indices, allows shared endpoints and bounds zoom padding (0.868542ms)
✔ does not invent a B interval or infer indices from formatted dates (0.080208ms)
✔ rejects partial, reversed, overlapping and out-of-snapshot evidence (0.1165ms)
✔ allows inspection of historical failed evidence without reviving it (0.103833ms)
✔ local proof draws frozen exact endpoints only after its actual confirmation (0.15975ms)
✔ dual-line divergence uses two exact raw indices, never artificial ABC ranges (0.083ms)
✔ dual-line focus rejects missing, duplicate, reversed and out-of-range points (0.081208ms)
✔ special wave focus uses AB and its extreme without inventing C (0.084583ms)
✔ direction, family and lifecycle have independent marker styles (0.601084ms)
✔ no-C dual-line remains a circle and fills only on first reverse-pen confirmation (0.76775ms)
✔ M1 is restricted to confirmed waves with a later actual confirmation (2.304167ms)
✔ four families retain independent records and nonstandard uses a triangle (0.216083ms)
✔ October 4 marker matrix uses shape for family and colour only for direction (0.128167ms)
✔ special AB evidence separates A line extrema from both price anchors and legacy pivots (0.130291ms)
✔ history is opt-in, inactive stays grey hollow, never creates M1 (0.112917ms)
✔ every historical shape uses a continuous hollow contour, including on hover (0.121334ms)
✔ new nonstandard evidence relaxes prices only and records each subtype (0.128208ms)
✔ new dual rule cannot fill without recorded later local confirmation (0.098041ms)
✔ historical engineering match retains original timing without claiming regrouping completion (1.017375ms)
✔ future, stale, mismatched or incomplete evidence fails closed (0.309166ms)
✔ older snapshots and unmatched parts keep existing natural audit available (0.065084ms)
✔ engineering provenance uses the same one-based numbering as other inspectors (0.649333ms)
✔ mixed recursion distinguishes consolidation and trend from the old trend view (0.182083ms)
✔ unknown or reversed provenance is not presented as a completed trend (0.075791ms)
✔ indicator and price values use two decimals without inventing missing evidence (0.087541ms)
✔ recursive centre relations never call extension candidates completed types (0.069625ms)
✔ admissions distinguish unit confirmation from later failed-return admission (0.053916ms)
✔ display fields retain all text including dates, provenance, and secondary colons (0.780459ms)
✔ narrative, missing evidence, and timestamp headings remain whole (0.09275ms)
✔ all candidate states distinguish eligibility from completed natural types (1.221792ms)
✔ opposite geometry identifies reused next-part evidence, including nonzero source IDs (0.714708ms)
✔ external opposite geometry is not added to candidate membership (0.106834ms)
✔ missing, stale, misattributed or future opposite geometry is not displayed as matched (0.6635ms)
✔ preferred endpoints are never called completed types; conflicts are retained (0.097917ms)
✔ opposite base turn is not same-level completion (0.099291ms)
✔ price formatting preserves zero and boundary contact, guards non-finite values (0.420625ms)
✔ candidate audit joins by identity, not response order (0.880416ms)
✔ part audit must match ordinal AND exact raw source IDs, including shifted IDs (0.150875ms)
✔ locates the three raw ranges without relabelling them as MACD or confirmed centres (1.495041ms)
✔ candidate must already be observable at the CURRENT replay prefix (0.164083ms)
✔ no incomplete, waiting or unsupported candidate is given a fabricated range (0.093584ms)
✔ raw bar boundaries must be contiguous and inside the visible window (0.129667ms)
✔ source partitions must cover every original segment once, preserving nonzero IDs (0.109042ms)
✔ conflicting geometric fallback remains viewable for manual audit (0.069834ms)
✔ clearing a regrouping focus restores original zoom; a new replay snapshot does not (0.115667ms)
✔ membership labels distinguish source confirmation from later admission (1.2025ms)
✔ admission witness distinguishes confirmation dependency from geometric membership (0.236208ms)
✔ old or malformed evidence never invents an admission witness (0.1785ms)
✔ menus stay inside phone, keyboard and landscape viewports (0.573ms)
✔ near-bottom controls open upwards without changing ordinary desktop width (0.088958ms)
✔ marker hit uses signed stacking offset for both directions, not candle position (0.461916ms)
✔ symbol size and invalid render positions are handled safely (0.080709ms)
✔ aborted late response cannot publish metadata even if transport ignores abort (56.677459ms)
✔ missing provenance or silently changed adjustment never reaches research (0.219709ms)
✔ reported gaps do not falsely label suspension or prevent inspecting valid candles (0.119833ms)
✔ history fetch consumes one verified range and publishes complete metadata only after validation (0.7025ms)
✔ unclosed response never updates provenance or reaches the backtest (0.25275ms)
✔ null, true zero, infinities and real 999 are distinct after JSON roundtrip (1.581709ms)
✔ single, saved and comparison results retain authoritative metric basis (0.475917ms)
✔ whole proof validated without mutation, and cross-role ownership remains visible (1.682917ms)
✔ stale, future, duplicated, incomplete, falsely completed and mismatched sources rejected (0.305167ms)
✔ base runs cannot masquerade as proofs or own multiple provisional regions (0.255208ms)
✔ blocked covers show full conflicts, never fabricated flattened blocks (0.331084ms)
✔ labels retain provisional scope (0.213208ms)
✔ all seven MA presets are available but only MA5 and MA10 start visible (2.373625ms)
✔ each chart session gets independent editable settings without changing presets (0.113959ms)
✔ MA presets retain the requested yellow, white, purple, green, cyan, orange, red palette (0.086208ms)
✔ legend retains every MA choice and explicit hidden states override stale chart selection (0.119125ms)
✔ cross-boundary details resolve actual input and nested ownership records (1.232ms)
✔ unowned reverse evidence stays explicitly unowned for boundary rejection (0.107834ms)
✔ foreign witness can be shown for an otherwise single-owner candidate (0.097166ms)
✔ legacy candidates do not invent missing conflict details (0.099959ms)
✔ damaged detail is not presented: mismatched candidate sources (0.087833ms)
✔ damaged detail is not presented: wrong layer (0.065542ms)
✔ damaged detail is not presented: unknown reverse input (2.268292ms)
✔ damaged detail is not presented: wrong reverse range (0.32975ms)
✔ damaged detail is not presented: reverse overlaps prices (0.215375ms)
✔ damaged detail is not presented: future reverse confirmation (2.076583ms)
✔ damaged detail is not presented: wrong reverse time (1.673958ms)
✔ damaged detail is not presented: incomplete domain list (2.167583ms)
✔ damaged detail is not presented: duplicate domains (0.071625ms)
✔ damaged detail is not presented: noncontinuous domain (0.048708ms)
✔ damaged detail is not presented: foreign domain misses witness (0.052875ms)
✔ damaged detail is not presented: false unowned witness (0.049ms)
✔ damaged detail is not presented: missing nested record (0.053833ms)
✔ damaged detail is not presented: wrong reason (0.051667ms)
✔ only current owner revisions form the displayed ownership set (0.743709ms)
✔ internal provenance remains distinct and validates enclosing ownership (0.330875ms)
✔ parent-covered history is not labeled as an additional effective input (0.067459ms)
✔ nested provenance validates containment and strictly increasing input levels (0.152875ms)
✔ current owner labels are distinct from creation IDs and tolerate old snapshots (0.0835ms)
✔ summary mode lists every historical address, not just current versions (1.052875ms)
✔ full and missing legacy snapshots stay readable without inventing history (0.087583ms)
✔ all four analysis paths explicitly request summary delivery without changing input (0.827333ms)
✔ complete lifecycle stays chronological, does not mutate input, and uses Chinese labels (1.306875ms)
✔ legacy or future history is not invented (0.120417ms)
✔ dangling, reordered, duplicated, miscounted and conflicting histories fail closed (7.167084ms)
✔ equal counts cannot hide swapped source identities (0.083208ms)
✔ intermediate event boundaries must equal actual inherited and added sources (0.068083ms)
✔ input evidence must exist at the correct level and be available at admission (0.211667ms)
✔ invalid domain sources, membership and parent context fail closed (0.161584ms)
✔ leftward growth, shifted sources and newly filled merge gaps remain valid (0.135459ms)
✔ both periods exclude future and open candles while retaining original warm-up start (0.698083ms)
✔ snapshot observation time caps cutoff; bar start before cutoff is not enough (0.086833ms)
✔ no timeframe fallback or fabricated candles when historical minute range is unavailable (0.201542ms)
✔ index and board snapshots retain NONE adjustment, mismatch is rejected (0.316958ms)
✔ missing completion evidence, timezone timestamps and unordered bars fail explicitly (0.15975ms)
✔ week/month completion boundary comes from provider annotation, not day label (0.1095ms)
✔ forming candles preserve OHLC and use dashed empty outlines (0.738375ms)
✔ forming volume and signed MACD columns preserve values and direction (0.111ms)
✔ late messages, close and errors from an old socket cannot affect replacement (0.847042ms)
✔ invalid messages and control responses never become ticks; close reason retained (0.413875ms)
✔ matching versions are selected by case identity without mutation (2.013042ms)
✔ future snapshots, wrong rules, incomplete chains and duplicate cases are rejected (0.659125ms)
✔ labels never confuse endpoint consistency or higher-centre proof with completion (0.324333ms)
✔ v2 keeps the detached prefix and v1 remains readable (0.837542ms)
✔ v3 supports trend search while retaining the same ownership guards (3.340084ms)
✔ missing, duplicated, misattributed or silently completed prefix is rejected (14.720625ms)
✔ reincorporation is recorded explicitly instead of erasing detached history (0.496458ms)
✔ accepts bounded history and empty verified batches (0.488ms)
✔ rejects wrong batch, future indices, broken sources and contradictory state (0.214833ms)
✔ research labels distinguish absence, release, retained and internal (0.075458ms)
✔ late old responses cannot own a newer research request (0.45975ms)
✔ submission fields are captured values, not mutable form references (1.440334ms)
✔ snapshot import keeps original data and normalizes optional display metadata (0.944958ms)
✔ reject invalid schema, periods, oversized arrays and impossible candle prices (0.280375ms)
✔ window is exchange local and bounded by the snapshot cutoff (0.467958ms)
✔ missing numbers and candidate status are never promoted (0.077875ms)
✔ amber projection resolves daily and minute labels, ignores open candle (0.241167ms)
✔ audit description translates permissions and never renders arbitrary detail fields (2.912ms)
✔ audit time is explicitly Shanghai time and invalid data remains readable (41.139125ms)
✔ audit API preserves bounded pagination/filter state and authenticated credentials (18.90575ms)
✔ distinguishes no candidate, failed current audit, and actual invalidation without promoting legacy state (0.519917ms)
✔ filters independent families and directions without merging special and local dual-line evidence (1.563375ms)
✔ searches lifecycle dates and failure reasons with all terms required, retaining original source objects (0.137667ms)
✔ searches diagnostic rejection history without silently reviving historical candidates (1.411542ms)
✔ all excludes bc false, preserves input order and records, and does not infer missing direction (0.457208ms)
✔ legacy diagnostic family is standard, and empty diagnostics do not invent rejection records (0.092167ms)
✔ new standard evidence explains price, old blocker and independent special lifecycle (1.034042ms)
✔ new gates include counts, boundary and dates without undefined placeholder (0.203459ms)
✔ legacy comparisons retain old detected confirmed and invalidated dates (0.147ms)
✔ structure dates remove midnight noise without changing intraday precision (1.471375ms)
✔ centre evidence distinguishes fixed core, outer range and candidate expansion (0.622583ms)
✔ segment evidence includes source prices and reverse proof with one-based labels (0.162083ms)
✔ missing legacy evidence does not invent confirmation (0.099791ms)
✔ special inclusion explains boundary exception without labelling it an ordinary fractal (0.071667ms)
✔ centre relation history distinguishes current candidate from original separation (0.104125ms)
✔ confirmation replay translates raw indices without date matching (0.073041ms)
✔ unknown, invalid or out-of-snapshot confirmations have no replay target (0.074875ms)
✔ connection badge validates shared time, price and alternating direction (0.099167ms)
✔ reverse preview uses observed extreme, not last close or a future target (1.018167ms)
✔ mirrored lows produce an upward reference (0.099667ms)
✔ no invented reference for missing, ambiguous, extending, or invalid inputs (0.101708ms)
✔ replay prefix cannot use a later extreme; ties retain first occurrence (0.10025ms)
✔ ongoing consolidation differs by color, line pattern, and fill (0.098458ms)
✔ cancelling is not terminal and elapsed values remain readable (1.945375ms)
✔ runBacktestWithPolling waits through cancelling and returns cancelled (24.110625ms)
✔ runBacktestWithPolling waits through cancelling and returns timed_out (2.186041ms)
✔ runSignalScanWithPolling waits through cancelling and returns cancelled (2.20275ms)
✔ runSignalScanWithPolling waits through cancelling and returns timed_out (1.88925ms)
✔ cancel API uses POST, and partial cancelled scan results are never accepted (0.447041ms)
✔ persistent recovery and version mismatch are distinct from completion (0.306208ms)
✔ terminal task deletion handles empty 204 and encodes identity (0.152959ms)
✔ checkpoint presence is not confused with verified reuse or task completion (0.520709ms)
✔ cached completed submission is retrieved rather than shown as running (0.261709ms)
✔ network failures are localized across WebKit, Chromium and Firefox (0.177083ms)
✔ exact current revision accepts only its own evidence without mutation (1.583708ms)
✔ old partition, stale version, future evidence and false completion are rejected (0.308166ms)
✔ historical audit cannot import a later opposite segment (0.090583ms)
✔ empty partitions and higher-proof priority retain explicit blockers (0.0755ms)
✔ new blockers use Chinese labels without calling prerequisites completion (0.14725ms)
✔ missing comparison interval is explained in Chinese without inventing a date (0.594292ms)
✔ special diagnostics identify each A indicator witness rather than the price witness (0.1635ms)
✔ nonstandard DEA axis gate remains explicit without an improvement requirement (0.134584ms)
✔ DEA tolerance discloses research threshold, precise deviation and near-zero fallback (0.608542ms)
✔ wave evidence separates effective A from original wave and local pivots (0.28175ms)
✔ rounded equal line extrema disclose the precise failed values and witness times (0.111542ms)
✔ comparisons are explicitly research only and preserve B/C axis checks (0.098917ms)
✔ unformed candidate shows Chinese gates, two-decimal values and rejection dates (0.08425ms)
✔ new nonstandard audit explicitly uses full A and first-formed reverse evidence explains gaps (0.098958ms)
ℹ tests 250
ℹ suites 0
ℹ pass 250
ℹ fail 0
ℹ cancelled 0
ℹ skipped 0
ℹ todo 0
ℹ duration_ms 969.801333
→ 打包中…
→ 运行测试…
京东方评级: D 分数: 34.3
维度明细: 卡玛比率=22.7, 最大回撤=27.5, 胜率=33.5, 利润因子=34.1, 夏普比率=41.5, 波动率=50.1
否决: 利润因子 1.11 接近 1，仅勉强盈亏平衡
长线优质策略评级: B 分数: 64.5
维度权重: 卡玛比率=28%, 最大回撤=26%, 胜率=0%, 利润因子=0%, 夏普比率=23%, 波动率=23%
优质案例评级: A 分数: 83.9
寻优点评级: A 74
组合重算指标: { '年化': '20.83%', '回撤': '0.80%', '夏普': '5.27', '卡玛': '26.03' }
稳定上涨组合评级: S 91.8
波动组合重算: { '回撤': '44.15%', '夏普': '-2.64', '持续': 60 }
波动组合评级: D 18.5
✔ 新版组合评级使用后端采样，不按图表柱数重新日线年化 (1.60625ms)
✔ 必要风险指标缺失不能展示为零风险或正常评级 (0.22425ms)
✔ 无穷比率不等于满分，真实零利润因子仍按亏损判断 (0.1345ms)
✔ 京东方回测必须评为 D 档（用户核心诉求验证点） (0.468041ms)
✔ 京东方评分应在 30-43 区间（C 与 D 的边界） (0.104209ms)
✔ 低利润因子触发系统亏损否决 (0.068125ms)
✔ 样本不足（< 10 笔交易）降权但不否决整个评级 (0.127958ms)
✔ 用户实测场景：6年6笔交易 + 高夏普 → 应得 A/B（核心回归测试） (0.150042ms)
✔ 深回撤 > 60% 触发直接 D 否决 (0.129208ms)
✔ 优质回测应得 A 或 S 档 (0.137167ms)
✔ 高回撤但收益高 → 最高 B（一票否决 cap） (0.0795ms)
✔ 插值函数：边界值取端点分数 (0.05625ms)
✔ 插值函数：中间值线性插值 (0.04475ms)
✔ 寻优评级：4 维度降级版 (0.086792ms)
✔ 寻优评级：网格点交易太少 → 降权但评级照常 (0.086209ms)
✔ 组合评级：稳定上涨净值应得 A 或 S (2.014333ms)
✔ 组合评级：高波动深回撤净值 → 低档 (0.629958ms)
✔ combinedMetrics：单点净值返回全 0（兜底） (0.057208ms)
✔ 历史组合仅保留原值，不从曲线推断日线或重算评级 (0.491167ms)
✔ v1-v4、未知版本及不完整依据不伪装为新版结果 (0.793542ms)
✔ 新版结果使用已记录指标，真实 999 和零不被当作历史哨兵 (0.129834ms)
✔ 指标状态缺失或与数值冲突不能产出评级，包括被降权维度 (0.117209ms)
✔ 低交易样本的真实不可用逐笔指标仍可降权，不误拦截可用净值评级 (0.092959ms)
✔ 寻优逐行核验新版采样与候选状态，输入范围不替代候选证据 (1.130291ms)
✔ 完整快照保留精度、真实 0/999、全部指标及版本且不关联可变输入 (0.248042ms)
✔ 策略保存接受真实 Vue 响应式结果，不因 Proxy 无法 structuredClone 而失败 (0.835541ms)
✔ 再次保存历史指标不补造新版计算或评级依据 (0.127042ms)
✔ 对比展示原值并指出版本、周期、范围与利率差异，不自动重算 (0.277833ms)
ℹ tests 28
ℹ suites 0
ℹ pass 28
ℹ fail 0
ℹ cancelled 0
ℹ skipped 0
ℹ todo 0
ℹ duration_ms 103.719542
