
> web-ui@0.0.0 test
> node scripts/run-tests.mjs

✔ trade lookup keeps the exact minute across separators, precision and days (1.153792ms)
✔ date-only values cannot choose the midnight bar of an ambiguous day (0.607875ms)
✔ daily and duplicate exact timestamps keep first positional matches (0.336208ms)
✔ nanoseconds and timezone text are not truncated into a false match (0.202917ms)
✔ date labels preserve useful precision without local timezone conversion (0.233125ms)
✔ higher sources resolve actual records and separate original from current review time (1.243042ms)
✔ base sources and foreign witness rejection have distinct Chinese descriptions (0.1015ms)
✔ inconsistent candidate has no replay evidence: unknown reason (0.086875ms)
✔ inconsistent candidate has no replay evidence: prototype key (0.071708ms)
✔ inconsistent candidate has no replay evidence: future version (0.067ms)
✔ inconsistent candidate has no replay evidence: future completion (0.052375ms)
✔ inconsistent candidate has no replay evidence: missing time (0.048375ms)
✔ inconsistent candidate has no replay evidence: empty source (0.829291ms)
✔ inconsistent candidate has no replay evidence: duplicate source (0.180792ms)
✔ inconsistent candidate has no replay evidence: unknown source (12.095ms)
✔ inconsistent candidate has no replay evidence: mixed levels (0.089208ms)
✔ inconsistent candidate has no replay evidence: future child (0.846833ms)
✔ inconsistent candidate has no replay evidence: wrong child level (0.062541ms)
✔ inconsistent candidate has no replay evidence: duplicate record (0.047083ms)
✔ inconsistent candidate has no replay evidence: empty record range (0.051ms)
✔ inconsistent candidate has no replay evidence: gap (0.048875ms)
✔ inconsistent candidate has no replay evidence: wrong parent range (0.039125ms)
✔ inconsistent candidate has no replay evidence: reversed sources (0.047917ms)
✔ inconsistent candidate has no replay evidence: unsafe base number (0.043167ms)
✔ 80 percent transparency is 20 percent alpha, for both candle directions (1.164375ms)
✔ transparency stays finite, integer, and bounded (0.09025ms)
✔ body is symmetric around the unchanged wick across widths and fractional positions (1.44025ms)
✔ horizontal candles preserve every price coordinate (0.095834ms)
✔ missing or non-finite candle layouts are left untouched (0.109167ms)
✔ native ECharts layout remains centred after resize, zoom and data replacement (187.010166ms)
✔ zooming out of large-data line mode restores centred candle bodies (10.097791ms)
✔ structure widths retain existing defaults and hover appearance (0.804916ms)
✔ manual values stay finite, bounded, and at two decimal places (0.137041ms)
✔ raw index overrides rounded dates, including zero (0.973209ms)
✔ legacy intraday dates never fall back to the first bar of the day (0.126917ms)
✔ duplicate formatted times fail safely without a raw index (0.075708ms)
✔ padding keeps the 23px marker plus radius inside the price pane (0.126959ms)
✔ flat, zero and negative ranges get finite padding; invalid extents do not (0.105417ms)
✔ single-bar time link is a thin line limited to each actual plot (1.669833ms)
✔ multi-bar time link has no border and clips to plot, never clamps offscreen data to an edge (0.1ms)
✔ time links map daily coverage to all minute bars, not a matching ordinal (0.165375ms)
✔ weekly and monthly end-labelled bars cover earlier constituent dates without changing data (1.108834ms)
✔ nearest marker wins regardless of signal family, only co-located points share chooser (0.207542ms)
✔ immutable request cache deduplicates pending work, isolates payload keys and retries errors (0.474417ms)
✔ all six structural types keep extrema and confirmation separate with original evidence (13.421292ms)
✔ legacy records do not invent confirmation or structural sources (0.135084ms)
✔ M1 keeps independent MACD source and original direction, never a structural type (0.595292ms)
✔ all chart layers override independent animation and progressive rendering (4.538875ms)
✔ rejects invalid saved zooms (0.796083ms)
✔ same-snapshot redraw keeps current manually chosen view (0.107875ms)
✔ focus redraw keeps manual zoom; clearing restores pre-focus view (0.079667ms)
✔ switching focus preserves the original return view (0.068833ms)
✔ new snapshot resets saved focus view and never revives old zoom (0.070125ms)
✔ default inactive; moving does not show cards and leaving does not deactivate (0.840042ms)
✔ object previews can read date-card activation without activating it (0.149708ms)
✔ click selects a point; outside click closes; inside click is not dismissed (33.638042ms)
✔ activated cards follow movement until outside dismissal, then require another click (5.318417ms)
✔ zoom clears stale coordinates but preserves activation (0.18175ms)
✔ data reset and Escape deactivate; teardown removes all handlers (0.162709ms)
✔ directed centre chain is candidate evidence, not completion (0.924834ms)
✔ touching, opposing, future, overlapping or malformed chains fail closed (0.248333ms)
✔ single-centre and legacy components remain readable (0.086958ms)
✔ inside, border, reversed y and overlapping rectangles resolve newest first (1.684458ms)
✔ invalid or missing render coordinates cannot create hits (0.099792ms)
✔ popup stays within narrow viewport and near-edge right click (0.092208ms)
✔ roles are Chinese and unknown roles never claim completion (0.575ms)
✔ source ranges keep one-based indices without disguising gaps (0.111208ms)
✔ coverage checks counts, repeats and missing IDs (0.207542ms)
✔ missing, empty and rejected suffix are explicit (0.072167ms)
✔ invalid counts and empty blocks cannot pass the coverage audit (0.073458ms)
✔ uses raw indices, allows shared endpoints and bounds zoom padding (0.895417ms)
✔ does not invent a B interval or infer indices from formatted dates (0.08675ms)
✔ rejects partial, reversed, overlapping and out-of-snapshot evidence (0.118833ms)
✔ allows inspection of historical failed evidence without reviving it (0.108792ms)
✔ local proof draws frozen exact endpoints only after its actual confirmation (0.257ms)
✔ dual-line divergence uses two exact raw indices, never artificial ABC ranges (0.13ms)
✔ dual-line focus rejects missing, duplicate, reversed and out-of-range points (0.098084ms)
✔ special wave focus uses AB and its extreme without inventing C (0.104166ms)
✔ direction, family and lifecycle have independent marker styles (6.674875ms)
✔ no-C dual-line remains a circle and fills only on first reverse-pen confirmation (0.875292ms)
✔ M1 is restricted to confirmed waves with a later actual confirmation (4.466417ms)
✔ four families retain independent records and nonstandard uses a triangle (0.619208ms)
✔ October 4 marker matrix uses shape for family and colour only for direction (4.359291ms)
✔ special AB evidence separates A line extrema from both price anchors and legacy pivots (0.670042ms)
✔ history is opt-in, inactive stays grey hollow, never creates M1 (7.275292ms)
✔ every historical shape uses a continuous hollow contour, including on hover (1.840291ms)
✔ new nonstandard evidence relaxes prices only and records each subtype (0.882959ms)
✔ new dual rule cannot fill without recorded later local confirmation (1.058833ms)
✔ historical engineering match retains original timing without claiming regrouping completion (0.959458ms)
✔ future, stale, mismatched or incomplete evidence fails closed (0.31275ms)
✔ older snapshots and unmatched parts keep existing natural audit available (0.065125ms)
✔ engineering provenance uses the same one-based numbering as other inspectors (19.650541ms)
✔ mixed recursion distinguishes consolidation and trend from the old trend view (0.439042ms)
✔ unknown or reversed provenance is not presented as a completed trend (0.879917ms)
✔ indicator and price values use two decimals without inventing missing evidence (0.136542ms)
✔ recursive centre relations never call extension candidates completed types (0.101666ms)
✔ admissions distinguish unit confirmation from later failed-return admission (0.06725ms)
✔ display fields retain all text including dates, provenance, and secondary colons (0.791375ms)
✔ narrative, missing evidence, and timestamp headings remain whole (0.097708ms)
✔ selects the exact source without replacing missing comparison periods with the primary (0.445625ms)
✔ prefix audit preserves original warmup snapshot and its own instrument and period (0.410166ms)
✔ rejects invalid positions, missing identity and explicitly unclosed prefix data (0.481958ms)
✔ all candidate states distinguish eligibility from completed natural types (0.500916ms)
✔ opposite geometry identifies reused next-part evidence, including nonzero source IDs (11.863916ms)
✔ external opposite geometry is not added to candidate membership (0.126625ms)
✔ missing, stale, misattributed or future opposite geometry is not displayed as matched (0.146583ms)
✔ preferred endpoints are never called completed types; conflicts are retained (0.080291ms)
✔ opposite base turn is not same-level completion (0.101959ms)
✔ price formatting preserves zero and boundary contact, guards non-finite values (0.120292ms)
✔ candidate audit joins by identity, not response order (0.087459ms)
✔ part audit must match ordinal AND exact raw source IDs, including shifted IDs (0.15325ms)
✔ locates the three raw ranges without relabelling them as MACD or confirmed centres (2.279208ms)
✔ candidate must already be observable at the CURRENT replay prefix (0.178708ms)
✔ no incomplete, waiting or unsupported candidate is given a fabricated range (0.09925ms)
✔ raw bar boundaries must be contiguous and inside the visible window (0.135583ms)
✔ source partitions must cover every original segment once, preserving nonzero IDs (2.887542ms)
✔ conflicting geometric fallback remains viewable for manual audit (0.815667ms)
✔ clearing a regrouping focus restores original zoom; a new replay snapshot does not (0.166709ms)
✔ membership labels distinguish source confirmation from later admission (0.492583ms)
✔ admission witness distinguishes confirmation dependency from geometric membership (0.088375ms)
✔ old or malformed evidence never invents an admission witness (0.073125ms)
✔ menus stay inside phone, keyboard and landscape viewports (0.554667ms)
✔ near-bottom controls open upwards without changing ordinary desktop width (0.091458ms)
✔ marker hit uses signed stacking offset for both directions, not candle position (1.513167ms)
✔ symbol size and invalid render positions are handled safely (0.097792ms)
✔ aborted late response cannot publish metadata even if transport ignores abort (32.424959ms)
✔ missing provenance or silently changed adjustment never reaches research (0.153584ms)
✔ reported gaps do not falsely label suspension or prevent inspecting valid candles (0.16625ms)
✔ history fetch consumes one verified range and publishes complete metadata only after validation (0.623334ms)
✔ unclosed response never updates provenance or reaches the backtest (0.252584ms)
✔ null, true zero, infinities and real 999 are distinct after JSON roundtrip (0.996125ms)
✔ single, saved and comparison results retain authoritative metric basis (0.6225ms)
✔ whole proof validated without mutation, and cross-role ownership remains visible (1.398167ms)
✔ stale, future, duplicated, incomplete, falsely completed and mismatched sources rejected (0.333833ms)
✔ base runs cannot masquerade as proofs or own multiple provisional regions (0.075708ms)
✔ blocked covers show full conflicts, never fabricated flattened blocks (0.090792ms)
✔ labels retain provisional scope (0.062667ms)
✔ all seven MA presets are available but only MA5 and MA10 start visible (0.813625ms)
✔ each chart session gets independent editable settings without changing presets (0.076208ms)
✔ MA presets retain the requested yellow, white, purple, green, cyan, orange, red palette (0.072792ms)
✔ legend retains every MA choice and explicit hidden states override stale chart selection (0.098917ms)
✔ cross-boundary details resolve actual input and nested ownership records (2.7965ms)
✔ unowned reverse evidence stays explicitly unowned for boundary rejection (0.137875ms)
✔ foreign witness can be shown for an otherwise single-owner candidate (0.108375ms)
✔ legacy candidates do not invent missing conflict details (0.104958ms)
✔ damaged detail is not presented: mismatched candidate sources (0.093625ms)
✔ damaged detail is not presented: wrong layer (0.067584ms)
✔ damaged detail is not presented: unknown reverse input (1.098958ms)
✔ damaged detail is not presented: wrong reverse range (0.202542ms)
✔ damaged detail is not presented: reverse overlaps prices (0.175875ms)
✔ damaged detail is not presented: future reverse confirmation (0.264875ms)
✔ damaged detail is not presented: wrong reverse time (0.152292ms)
✔ damaged detail is not presented: incomplete domain list (0.243958ms)
✔ damaged detail is not presented: duplicate domains (0.1145ms)
✔ damaged detail is not presented: noncontinuous domain (0.0975ms)
✔ damaged detail is not presented: foreign domain misses witness (0.110167ms)
✔ damaged detail is not presented: false unowned witness (0.108333ms)
✔ damaged detail is not presented: missing nested record (0.117542ms)
✔ damaged detail is not presented: wrong reason (0.128833ms)
✔ only current owner revisions form the displayed ownership set (2.73375ms)
✔ internal provenance remains distinct and validates enclosing ownership (0.843917ms)
✔ parent-covered history is not labeled as an additional effective input (0.251208ms)
✔ nested provenance validates containment and strictly increasing input levels (0.266875ms)
✔ current owner labels are distinct from creation IDs and tolerate old snapshots (0.119375ms)
✔ summary mode lists every historical address, not just current versions (0.824125ms)
✔ full and missing legacy snapshots stay readable without inventing history (0.304791ms)
✔ all four analysis paths explicitly request summary delivery without changing input (4.749833ms)
✔ complete lifecycle stays chronological, does not mutate input, and uses Chinese labels (3.650792ms)
✔ legacy or future history is not invented (0.771458ms)
✔ dangling, reordered, duplicated, miscounted and conflicting histories fail closed (11.272ms)
✔ equal counts cannot hide swapped source identities (0.104625ms)
✔ intermediate event boundaries must equal actual inherited and added sources (0.07325ms)
✔ input evidence must exist at the correct level and be available at admission (0.211167ms)
✔ invalid domain sources, membership and parent context fail closed (0.165084ms)
✔ leftward growth, shifted sources and newly filled merge gaps remain valid (0.138458ms)
✔ both periods exclude future and open candles while retaining original warm-up start (0.675958ms)
✔ snapshot observation time caps cutoff; bar start before cutoff is not enough (0.088792ms)
✔ no timeframe fallback or fabricated candles when historical minute range is unavailable (0.063167ms)
✔ index and board snapshots retain NONE adjustment, mismatch is rejected (0.6835ms)
✔ missing completion evidence, timezone timestamps and unordered bars fail explicitly (14.620959ms)
✔ week/month completion boundary comes from provider annotation, not day label (0.209708ms)
✔ matrix defaults to exactly the five requested periods in image order and six information columns (0.969792ms)
✔ does not turn current reversal observation into a confirmed opposite pen (0.177167ms)
✔ keeps true zero distinct from missing, and numerical display never overwrites original axis judgment (0.119625ms)
✔ keeps divergence family, extrema and actual confirmation separate; never drops records (57.48375ms)
✔ missing pen and divergence are bounded claims; quality limitations stay visible (0.178583ms)
✔ forming candles preserve OHLC and use dashed empty outlines (0.441542ms)
✔ forming volume and signed MACD columns preserve values and direction (7.5965ms)
✔ radar review captures row adjustment, exact minute, strategy and original cutoff (2.162416ms)
✔ invalid or legacy reviews fail explicitly without guessing data or adjustment (3.577833ms)
✔ exchange-local dates validate without browser timezone conversion (0.340583ms)
✔ review excludes future and unclosed bars, resets derived fingerprint and reports actual range without mutating source (1.948958ms)
✔ radar cache is owner scoped and malformed/legacy records never enter the UI (1.804083ms)
✔ late messages, close and errors from an old socket cannot affect replacement (0.827542ms)
✔ invalid messages and control responses never become ticks; close reason retained (0.1595ms)
✔ matching versions are selected by case identity without mutation (7.015875ms)
✔ future snapshots, wrong rules, incomplete chains and duplicate cases are rejected (0.225208ms)
✔ labels never confuse endpoint consistency or higher-centre proof with completion (0.141334ms)
✔ v2 keeps the detached prefix and v1 remains readable (0.306542ms)
✔ v3 supports trend search while retaining the same ownership guards (0.107375ms)
✔ missing, duplicated, misattributed or silently completed prefix is rejected (0.30025ms)
✔ reincorporation is recorded explicitly instead of erasing detached history (0.760833ms)
✔ accepts bounded history and empty verified batches (0.710042ms)
✔ rejects wrong batch, future indices, broken sources and contradictory state (0.621375ms)
✔ research labels distinguish absence, release, retained and internal (0.191541ms)
✔ late old responses cannot own a newer research request (0.487708ms)
✔ submission fields are captured values, not mutable form references (1.107583ms)
✔ snapshot import keeps original data and normalizes optional display metadata (0.930833ms)
✔ reject invalid schema, periods, oversized arrays and impossible candle prices (0.278334ms)
✔ window is exchange local and bounded by the snapshot cutoff (8.061083ms)
✔ missing numbers and candidate status are never promoted (0.095833ms)
✔ amber projection resolves daily and minute labels, ignores open candle (0.278709ms)
✔ three workspaces are keyboard traversable without dropping an existing mode (1.950792ms)
✔ mobile comparison shows exactly the selected snapshot; desktop shows both (0.131416ms)
✔ inactive research never starts automatic work, valid active research does (0.089125ms)
✔ audit description translates permissions and never renders arbitrary detail fields (0.52725ms)
✔ audit time is explicitly Shanghai time and invalid data remains readable (101.740458ms)
✔ audit API preserves bounded pagination/filter state and authenticated credentials (16.860416ms)
✔ distinguishes no candidate, failed current audit, and actual invalidation without promoting legacy state (1.10275ms)
✔ filters independent families and directions without merging special and local dual-line evidence (2.760625ms)
✔ searches lifecycle dates and failure reasons with all terms required, retaining original source objects (0.417709ms)
✔ searches diagnostic rejection history without silently reviving historical candidates (1.43625ms)
✔ all excludes bc false, preserves input order and records, and does not infer missing direction (0.572583ms)
✔ legacy diagnostic family is standard, and empty diagnostics do not invent rejection records (0.266417ms)
✔ structural points retain their own confirmation and evidence, never deriving them from a MACD source (0.714417ms)
✔ M1 uses exact existing gates and remains a separate view of its original standard event (0.4755ms)
✔ combined date query finds independent point, prompt and event records without deduplication or additive counts (0.377709ms)
✔ chart date matches structured lifecycle timestamps, not coincidental prose dates (0.29725ms)
✔ minute evidence uses exact exchange-local minute, accepting T/space and refusing missing time (0.100667ms)
✔ chart date includes diagnostic ABC and rejection coverage without inventing open or reversed intervals (0.211583ms)
✔ date scope combines with all filters for structural points and original M1 sources (0.102042ms)
✔ new standard evidence explains price, old blocker and independent special lifecycle (2.672042ms)
✔ new gates include counts, boundary and dates without undefined placeholder (0.526625ms)
✔ legacy comparisons retain old detected confirmed and invalidated dates (0.329833ms)
✔ structure dates remove midnight noise without changing intraday precision (1.078833ms)
✔ centre evidence distinguishes fixed core, outer range and candidate expansion (0.574417ms)
✔ segment evidence includes source prices and reverse proof with one-based labels (0.158875ms)
✔ missing legacy evidence does not invent confirmation (0.097833ms)
✔ special inclusion explains boundary exception without labelling it an ordinary fractal (0.063542ms)
✔ centre relation history distinguishes current candidate from original separation (0.094833ms)
✔ confirmation replay translates raw indices without date matching (0.07225ms)
✔ unknown, invalid or out-of-snapshot confirmations have no replay target (0.073875ms)
✔ connection badge validates shared time, price and alternating direction (0.102292ms)
✔ reverse preview uses observed extreme, not last close or a future target (0.975625ms)
✔ mirrored lows produce an upward reference (0.1295ms)
✔ no invented reference for missing, ambiguous, extending, or invalid inputs (0.961083ms)
✔ replay prefix cannot use a later extreme; ties retain first occurrence (1.039333ms)
✔ ongoing consolidation differs by color, line pattern, and fill (0.342ms)
✔ cancelling is not terminal and elapsed values remain readable (0.671167ms)
✔ runBacktestWithPolling waits through cancelling and returns cancelled (28.771625ms)
✔ runBacktestWithPolling waits through cancelling and returns timed_out (2.996334ms)
✔ runSignalScanWithPolling waits through cancelling and returns cancelled (3.520709ms)
✔ runSignalScanWithPolling waits through cancelling and returns timed_out (4.326458ms)
✔ cancel API uses POST, and partial cancelled scan results are never accepted (1.434875ms)
✔ persistent recovery and version mismatch are distinct from completion (1.642375ms)
✔ terminal task deletion handles empty 204 and encodes identity (0.510541ms)
✔ checkpoint presence is not confused with verified reuse or task completion (0.57025ms)
✔ cached completed submission is retrieved rather than shown as running (0.268666ms)
✔ network failures are localized across WebKit, Chromium and Firefox (0.567375ms)
✔ tracking identity separates asset types, exchanges and board catalogues (0.757417ms)
✔ cloud book validates without silently dropping corrupt groups or duplicate entries (0.613125ms)
✔ expansion preserves every member and all board/direct sources, not a 200-row display page (1.265834ms)
✔ membership failure is explicit and malformed partial membership is never accepted (0.28025ms)
✔ batch runs sequentially, keeps partial errors and continues after a failed target (7.539292ms)
✔ cancellation marks in-flight and unstarted rows, ignoring a late success (0.163667ms)
✔ group breadth counts only available periods, never treats failed targets as neutral evidence (0.192958ms)
✔ exact current revision accepts only its own evidence without mutation (1.456125ms)
✔ old partition, stale version, future evidence and false completion are rejected (0.262667ms)
✔ historical audit cannot import a later opposite segment (0.085625ms)
✔ empty partitions and higher-proof priority retain explicit blockers (0.075041ms)
✔ new blockers use Chinese labels without calling prerequisites completion (0.14725ms)
✔ missing comparison interval is explained in Chinese without inventing a date (0.597459ms)
✔ special diagnostics identify each A indicator witness rather than the price witness (0.166291ms)
✔ nonstandard DEA axis gate remains explicit without an improvement requirement (0.135334ms)
✔ DEA tolerance discloses research threshold, precise deviation and near-zero fallback (0.165917ms)
✔ wave evidence separates effective A from original wave and local pivots (0.720375ms)
✔ rounded equal line extrema disclose the precise failed values and witness times (0.121875ms)
✔ comparisons are explicitly research only and preserve B/C axis checks (0.09625ms)
✔ unformed candidate shows Chinese gates, two-decimal values and rejection dates (0.089667ms)
✔ new nonstandard audit explicitly uses full A and first-formed reverse evidence explains gaps (0.106208ms)
ℹ tests 280
ℹ suites 0
ℹ pass 280
ℹ fail 0
ℹ cancelled 0
ℹ skipped 0
ℹ todo 0
ℹ duration_ms 1337.368459
→ 打包中…
→ 运行测试…
京东方评级: D 分数: 34.3
维度明细: 卡玛比率=22.7, 最大回撤=27.5, 胜率=33.5, 利润因子=34.1, 夏普比率=41.5, 波动率=50.1
否决: 利润因子 1.11 接近 1，仅勉强盈亏平衡
长线优质策略评级: B 分数: 64.5
维度权重: 卡玛比率=28%, 最大回撤=26%, 胜率=0%, 利润因子=0%, 夏普比率=23%, 波动率=23%
优质案例评级: A 分数: 83.9
寻优点评级: A 74
组合重算指标: { '年化': '20.83%', '回撤': '0.80%', '夏普': '5.27', '卡玛': '26.03' }
稳定上涨组合评级: S 91.8
波动组合重算: { '回撤': '44.15%', '夏普': '-2.64', '持续': 60 }
波动组合评级: D 18.5
✔ 新版组合评级使用后端采样，不按图表柱数重新日线年化 (1.737583ms)
✔ 必要风险指标缺失不能展示为零风险或正常评级 (0.307ms)
✔ 无穷比率不等于满分，真实零利润因子仍按亏损判断 (0.168792ms)
✔ 京东方回测必须评为 D 档（用户核心诉求验证点） (0.502833ms)
✔ 京东方评分应在 30-43 区间（C 与 D 的边界） (0.114084ms)
✔ 低利润因子触发系统亏损否决 (0.072ms)
✔ 样本不足（< 10 笔交易）降权但不否决整个评级 (0.1485ms)
✔ 用户实测场景：6年6笔交易 + 高夏普 → 应得 A/B（核心回归测试） (0.140041ms)
✔ 深回撤 > 60% 触发直接 D 否决 (0.094042ms)
✔ 优质回测应得 A 或 S 档 (0.132625ms)
✔ 高回撤但收益高 → 最高 B（一票否决 cap） (0.078166ms)
✔ 插值函数：边界值取端点分数 (0.05575ms)
✔ 插值函数：中间值线性插值 (0.04525ms)
✔ 寻优评级：4 维度降级版 (0.09575ms)
✔ 寻优评级：网格点交易太少 → 降权但评级照常 (0.058041ms)
✔ 组合评级：稳定上涨净值应得 A 或 S (1.825791ms)
✔ 组合评级：高波动深回撤净值 → 低档 (0.558917ms)
✔ combinedMetrics：单点净值返回全 0（兜底） (0.058583ms)
✔ 历史组合仅保留原值，不从曲线推断日线或重算评级 (0.497667ms)
✔ v1-v4、未知版本及不完整依据不伪装为新版结果 (0.5575ms)
✔ 新版结果使用已记录指标，真实 999 和零不被当作历史哨兵 (0.076875ms)
✔ 指标状态缺失或与数值冲突不能产出评级，包括被降权维度 (0.095083ms)
✔ 低交易样本的真实不可用逐笔指标仍可降权，不误拦截可用净值评级 (0.085792ms)
✔ 寻优逐行核验新版采样与候选状态，输入范围不替代候选证据 (0.525584ms)
✔ 完整快照保留精度、真实 0/999、全部指标及版本且不关联可变输入 (0.2325ms)
✔ 策略保存接受真实 Vue 响应式结果，不因 Proxy 无法 structuredClone 而失败 (0.745375ms)
✔ 再次保存历史指标不补造新版计算或评级依据 (0.099583ms)
✔ 对比展示原值并指出版本、周期、范围与利率差异，不自动重算 (0.248291ms)
ℹ tests 28
ℹ suites 0
ℹ pass 28
ℹ fail 0
ℹ cancelled 0
ℹ skipped 0
ℹ todo 0
ℹ duration_ms 107.097917
