
> web-ui@0.0.0 test
> node scripts/run-tests.mjs

✔ trade lookup keeps the exact minute across separators, precision and days (0.662708ms)
✔ date-only values cannot choose the midnight bar of an ambiguous day (0.080583ms)
✔ daily and duplicate exact timestamps keep first positional matches (0.073958ms)
✔ nanoseconds and timezone text are not truncated into a false match (0.07225ms)
✔ date labels preserve useful precision without local timezone conversion (0.088584ms)
✔ higher sources resolve actual records and separate original from current review time (2.248417ms)
✔ base sources and foreign witness rejection have distinct Chinese descriptions (0.137875ms)
✔ inconsistent candidate has no replay evidence: unknown reason (0.097ms)
✔ inconsistent candidate has no replay evidence: prototype key (0.067208ms)
✔ inconsistent candidate has no replay evidence: future version (0.062041ms)
✔ inconsistent candidate has no replay evidence: future completion (0.047917ms)
✔ inconsistent candidate has no replay evidence: missing time (2.045041ms)
✔ inconsistent candidate has no replay evidence: empty source (0.166792ms)
✔ inconsistent candidate has no replay evidence: duplicate source (0.171292ms)
✔ inconsistent candidate has no replay evidence: unknown source (0.134125ms)
✔ inconsistent candidate has no replay evidence: mixed levels (0.071834ms)
✔ inconsistent candidate has no replay evidence: future child (0.640833ms)
✔ inconsistent candidate has no replay evidence: wrong child level (0.093458ms)
✔ inconsistent candidate has no replay evidence: duplicate record (0.049083ms)
✔ inconsistent candidate has no replay evidence: empty record range (0.050084ms)
✔ inconsistent candidate has no replay evidence: gap (0.047ms)
✔ inconsistent candidate has no replay evidence: wrong parent range (0.035292ms)
✔ inconsistent candidate has no replay evidence: reversed sources (0.049791ms)
✔ inconsistent candidate has no replay evidence: unsafe base number (0.043041ms)
✔ 80 percent transparency is 20 percent alpha, for both candle directions (0.893417ms)
✔ transparency stays finite, integer, and bounded (0.313583ms)
✔ body is symmetric around the unchanged wick across widths and fractional positions (2.6615ms)
✔ horizontal candles preserve every price coordinate (0.47275ms)
✔ missing or non-finite candle layouts are left untouched (0.239583ms)
✔ native ECharts layout remains centred after resize, zoom and data replacement (100.830584ms)
✔ zooming out of large-data line mode restores centred candle bodies (9.027542ms)
✔ structure widths retain existing defaults and hover appearance (1.566458ms)
✔ manual values stay finite, bounded, and at two decimal places (0.145667ms)
✔ raw index overrides rounded dates, including zero (0.779875ms)
✔ legacy intraday dates never fall back to the first bar of the day (0.121666ms)
✔ duplicate formatted times fail safely without a raw index (0.088541ms)
✔ padding keeps the 23px marker plus radius inside the price pane (0.119833ms)
✔ flat, zero and negative ranges get finite padding; invalid extents do not (0.222333ms)
✔ single-bar time link is a thin line limited to each actual plot (1.54325ms)
✔ multi-bar time link has no border and clips to plot, never clamps offscreen data to an edge (0.1035ms)
✔ time links map daily coverage to all minute bars, not a matching ordinal (0.16525ms)
✔ weekly and monthly end-labelled bars cover earlier constituent dates without changing data (1.059ms)
✔ nearest marker wins regardless of signal family, only co-located points share chooser (0.383542ms)
✔ immutable request cache deduplicates pending work, isolates payload keys and retries errors (0.800875ms)
✔ all six structural types keep extrema and confirmation separate with original evidence (0.634708ms)
✔ legacy records do not invent confirmation or structural sources (0.123625ms)
✔ M1 keeps independent MACD source and original direction, never a structural type (0.586958ms)
✔ all chart layers override independent animation and progressive rendering (2.206792ms)
✔ rejects invalid saved zooms (0.757875ms)
✔ same-snapshot redraw keeps current manually chosen view (0.096417ms)
✔ focus redraw keeps manual zoom; clearing restores pre-focus view (0.07675ms)
✔ switching focus preserves the original return view (0.064375ms)
✔ new snapshot resets saved focus view and never revives old zoom (0.066834ms)
✔ default inactive; moving does not show cards and leaving does not deactivate (0.819625ms)
✔ object previews can read date-card activation without activating it (0.14975ms)
✔ click selects a point; outside click closes; inside click is not dismissed (0.106583ms)
✔ activated cards follow movement until outside dismissal, then require another click (0.109375ms)
✔ zoom clears stale coordinates but preserves activation (0.083167ms)
✔ data reset and Escape deactivate; teardown removes all handlers (0.110959ms)
✔ directed centre chain is candidate evidence, not completion (0.905459ms)
✔ touching, opposing, future, overlapping or malformed chains fail closed (0.2245ms)
✔ single-centre and legacy components remain readable (0.065584ms)
✔ inside, border, reversed y and overlapping rectangles resolve newest first (2.066292ms)
✔ invalid or missing render coordinates cannot create hits (0.449417ms)
✔ popup stays within narrow viewport and near-edge right click (0.27325ms)
✔ roles are Chinese and unknown roles never claim completion (0.430833ms)
✔ source ranges keep one-based indices without disguising gaps (0.114333ms)
✔ coverage checks counts, repeats and missing IDs (0.203333ms)
✔ missing, empty and rejected suffix are explicit (0.074291ms)
✔ invalid counts and empty blocks cannot pass the coverage audit (2.327958ms)
✔ uses raw indices, allows shared endpoints and bounds zoom padding (1.668708ms)
✔ does not invent a B interval or infer indices from formatted dates (0.1285ms)
✔ rejects partial, reversed, overlapping and out-of-snapshot evidence (0.128833ms)
✔ allows inspection of historical failed evidence without reviving it (0.109833ms)
✔ local proof draws frozen exact endpoints only after its actual confirmation (0.17275ms)
✔ dual-line divergence uses two exact raw indices, never artificial ABC ranges (0.08725ms)
✔ dual-line focus rejects missing, duplicate, reversed and out-of-range points (0.091708ms)
✔ special wave focus uses AB and its extreme without inventing C (0.090833ms)
✔ direction, family and lifecycle have independent marker styles (1.382292ms)
✔ no-C dual-line remains a circle and fills only on first reverse-pen confirmation (2.359583ms)
✔ M1 is restricted to confirmed waves with a later actual confirmation (1.06525ms)
✔ four families retain independent records and nonstandard uses a triangle (0.199375ms)
✔ October 4 marker matrix uses shape for family and colour only for direction (0.14125ms)
✔ special AB evidence separates A line extrema from both price anchors and legacy pivots (0.129541ms)
✔ history is opt-in, inactive stays grey hollow, never creates M1 (0.109958ms)
✔ every historical shape uses a continuous hollow contour, including on hover (0.121666ms)
✔ new nonstandard evidence relaxes prices only and records each subtype (0.129458ms)
✔ new dual rule cannot fill without recorded later local confirmation (0.098625ms)
✔ historical engineering match retains original timing without claiming regrouping completion (0.964834ms)
✔ future, stale, mismatched or incomplete evidence fails closed (0.291541ms)
✔ older snapshots and unmatched parts keep existing natural audit available (0.806708ms)
✔ engineering provenance uses the same one-based numbering as other inspectors (0.959375ms)
✔ mixed recursion distinguishes consolidation and trend from the old trend view (3.019ms)
✔ unknown or reversed provenance is not presented as a completed trend (1.725125ms)
✔ indicator and price values use two decimals without inventing missing evidence (0.234625ms)
✔ recursive centre relations never call extension candidates completed types (0.16675ms)
✔ admissions distinguish unit confirmation from later failed-return admission (2.703958ms)
✔ display fields retain all text including dates, provenance, and secondary colons (2.263875ms)
✔ narrative, missing evidence, and timestamp headings remain whole (0.145042ms)
✔ selects the exact source without replacing missing comparison periods with the primary (1.091708ms)
✔ prefix audit preserves original warmup snapshot and its own instrument and period (0.722333ms)
✔ rejects invalid positions, missing identity and explicitly unclosed prefix data (0.427208ms)
✔ all candidate states distinguish eligibility from completed natural types (0.524958ms)
✔ opposite geometry identifies reused next-part evidence, including nonzero source IDs (1.5185ms)
✔ external opposite geometry is not added to candidate membership (0.236875ms)
✔ missing, stale, misattributed or future opposite geometry is not displayed as matched (0.32075ms)
✔ preferred endpoints are never called completed types; conflicts are retained (0.179959ms)
✔ opposite base turn is not same-level completion (0.300708ms)
✔ price formatting preserves zero and boundary contact, guards non-finite values (0.16275ms)
✔ candidate audit joins by identity, not response order (0.087834ms)
✔ part audit must match ordinal AND exact raw source IDs, including shifted IDs (0.432708ms)
✔ locates the three raw ranges without relabelling them as MACD or confirmed centres (2.06ms)
✔ candidate must already be observable at the CURRENT replay prefix (0.407583ms)
✔ no incomplete, waiting or unsupported candidate is given a fabricated range (0.495708ms)
✔ raw bar boundaries must be contiguous and inside the visible window (0.34925ms)
✔ source partitions must cover every original segment once, preserving nonzero IDs (0.138375ms)
✔ conflicting geometric fallback remains viewable for manual audit (0.087833ms)
✔ clearing a regrouping focus restores original zoom; a new replay snapshot does not (0.327209ms)
✔ membership labels distinguish source confirmation from later admission (0.481334ms)
✔ admission witness distinguishes confirmation dependency from geometric membership (0.08625ms)
✔ old or malformed evidence never invents an admission witness (0.070708ms)
✔ menus stay inside phone, keyboard and landscape viewports (1.295292ms)
✔ near-bottom controls open upwards without changing ordinary desktop width (0.223167ms)
✔ marker hit uses signed stacking offset for both directions, not candle position (0.422209ms)
✔ symbol size and invalid render positions are handled safely (0.080208ms)
✔ aborted late response cannot publish metadata even if transport ignores abort (33.083333ms)
✔ missing provenance or silently changed adjustment never reaches research (0.465708ms)
✔ reported gaps do not falsely label suspension or prevent inspecting valid candles (0.261541ms)
✔ history fetch consumes one verified range and publishes complete metadata only after validation (1.36ms)
✔ unclosed response never updates provenance or reaches the backtest (0.313541ms)
✔ null, true zero, infinities and real 999 are distinct after JSON roundtrip (1.169292ms)
✔ single, saved and comparison results retain authoritative metric basis (0.85775ms)
✔ whole proof validated without mutation, and cross-role ownership remains visible (0.963125ms)
✔ stale, future, duplicated, incomplete, falsely completed and mismatched sources rejected (1.33125ms)
✔ base runs cannot masquerade as proofs or own multiple provisional regions (0.118334ms)
✔ blocked covers show full conflicts, never fabricated flattened blocks (0.149042ms)
✔ labels retain provisional scope (0.270833ms)
✔ all seven MA presets are available but only MA5 and MA10 start visible (1.327833ms)
✔ each chart session gets independent editable settings without changing presets (0.094833ms)
✔ MA presets retain the requested yellow, white, purple, green, cyan, orange, red palette (0.074583ms)
✔ legend retains every MA choice and explicit hidden states override stale chart selection (0.103083ms)
✔ cross-boundary details resolve actual input and nested ownership records (1.962666ms)
✔ unowned reverse evidence stays explicitly unowned for boundary rejection (0.136792ms)
✔ foreign witness can be shown for an otherwise single-owner candidate (0.522542ms)
✔ legacy candidates do not invent missing conflict details (0.157958ms)
✔ damaged detail is not presented: mismatched candidate sources (1.678208ms)
✔ damaged detail is not presented: wrong layer (0.113125ms)
✔ damaged detail is not presented: unknown reverse input (0.316959ms)
✔ damaged detail is not presented: wrong reverse range (0.173916ms)
✔ damaged detail is not presented: reverse overlaps prices (0.18625ms)
✔ damaged detail is not presented: future reverse confirmation (0.259333ms)
✔ damaged detail is not presented: wrong reverse time (0.147459ms)
✔ damaged detail is not presented: incomplete domain list (0.16025ms)
✔ damaged detail is not presented: duplicate domains (0.111208ms)
✔ damaged detail is not presented: noncontinuous domain (0.09475ms)
✔ damaged detail is not presented: foreign domain misses witness (0.114584ms)
✔ damaged detail is not presented: false unowned witness (0.114875ms)
✔ damaged detail is not presented: missing nested record (0.135958ms)
✔ damaged detail is not presented: wrong reason (0.19075ms)
✔ only current owner revisions form the displayed ownership set (0.805458ms)
✔ internal provenance remains distinct and validates enclosing ownership (0.327708ms)
✔ parent-covered history is not labeled as an additional effective input (0.068167ms)
✔ nested provenance validates containment and strictly increasing input levels (0.154834ms)
✔ current owner labels are distinct from creation IDs and tolerate old snapshots (0.093375ms)
✔ summary mode lists every historical address, not just current versions (16.229416ms)
✔ full and missing legacy snapshots stay readable without inventing history (0.114166ms)
✔ all four analysis paths explicitly request summary delivery without changing input (0.590042ms)
✔ complete lifecycle stays chronological, does not mutate input, and uses Chinese labels (3.165709ms)
✔ legacy or future history is not invented (0.303208ms)
✔ dangling, reordered, duplicated, miscounted and conflicting histories fail closed (2.446791ms)
✔ equal counts cannot hide swapped source identities (0.083292ms)
✔ intermediate event boundaries must equal actual inherited and added sources (0.070083ms)
✔ input evidence must exist at the correct level and be available at admission (0.195792ms)
✔ invalid domain sources, membership and parent context fail closed (0.161916ms)
✔ leftward growth, shifted sources and newly filled merge gaps remain valid (0.155417ms)
✔ both periods exclude future and open candles while retaining original warm-up start (1.53325ms)
✔ snapshot observation time caps cutoff; bar start before cutoff is not enough (0.116375ms)
✔ no timeframe fallback or fabricated candles when historical minute range is unavailable (0.087083ms)
✔ index and board snapshots retain NONE adjustment, mismatch is rejected (0.234416ms)
✔ missing completion evidence, timezone timestamps and unordered bars fail explicitly (0.156167ms)
✔ week/month completion boundary comes from provider annotation, not day label (0.112334ms)
✔ matrix defaults to exactly the five requested periods in image order and six information columns (2.013333ms)
✔ does not turn current reversal observation into a confirmed opposite pen (0.378541ms)
✔ keeps true zero distinct from missing, and numerical display never overwrites original axis judgment (0.868708ms)
✔ keeps divergence family, extrema and actual confirmation separate; never drops records (13.4395ms)
✔ missing pen and divergence are bounded claims; quality limitations stay visible (28.512125ms)
✔ forming candles preserve OHLC and use dashed empty outlines (1.056375ms)
✔ forming volume and signed MACD columns preserve values and direction (0.110584ms)
✔ radar review captures row adjustment, exact minute, strategy and original cutoff (2.066084ms)
✔ invalid or legacy reviews fail explicitly without guessing data or adjustment (1.435333ms)
✔ exchange-local dates validate without browser timezone conversion (0.230625ms)
✔ review excludes future and unclosed bars, resets derived fingerprint and reports actual range without mutating source (1.301291ms)
✔ radar cache is owner scoped and malformed/legacy records never enter the UI (0.793625ms)
✔ late messages, close and errors from an old socket cannot affect replacement (0.83375ms)
✔ invalid messages and control responses never become ticks; close reason retained (0.160916ms)
✔ matching versions are selected by case identity without mutation (1.705542ms)
✔ future snapshots, wrong rules, incomplete chains and duplicate cases are rejected (0.535ms)
✔ labels never confuse endpoint consistency or higher-centre proof with completion (0.323709ms)
✔ v2 keeps the detached prefix and v1 remains readable (0.974708ms)
✔ v3 supports trend search while retaining the same ownership guards (0.279042ms)
✔ missing, duplicated, misattributed or silently completed prefix is rejected (6.621542ms)
✔ reincorporation is recorded explicitly instead of erasing detached history (0.511625ms)
✔ accepts bounded history and empty verified batches (0.550125ms)
✔ rejects wrong batch, future indices, broken sources and contradictory state (0.226ms)
✔ research labels distinguish absence, release, retained and internal (0.076834ms)
✔ late old responses cannot own a newer research request (0.447333ms)
✔ submission fields are captured values, not mutable form references (0.398875ms)
✔ snapshot import keeps original data and normalizes optional display metadata (1.963041ms)
✔ reject invalid schema, periods, oversized arrays and impossible candle prices (0.3185ms)
✔ window is exchange local and bounded by the snapshot cutoff (1.181459ms)
✔ missing numbers and candidate status are never promoted (0.221833ms)
✔ amber projection resolves daily and minute labels, ignores open candle (1.602042ms)
✔ audit description translates permissions and never renders arbitrary detail fields (5.716708ms)
✔ audit time is explicitly Shanghai time and invalid data remains readable (62.975083ms)
✔ audit API preserves bounded pagination/filter state and authenticated credentials (38.324125ms)
✔ distinguishes no candidate, failed current audit, and actual invalidation without promoting legacy state (11.612041ms)
✔ filters independent families and directions without merging special and local dual-line evidence (2.592833ms)
✔ searches lifecycle dates and failure reasons with all terms required, retaining original source objects (0.236458ms)
✔ searches diagnostic rejection history without silently reviving historical candidates (0.73ms)
✔ all excludes bc false, preserves input order and records, and does not infer missing direction (0.554792ms)
✔ legacy diagnostic family is standard, and empty diagnostics do not invent rejection records (0.312083ms)
✔ structural points retain their own confirmation and evidence, never deriving them from a MACD source (0.802916ms)
✔ M1 uses exact existing gates and remains a separate view of its original standard event (0.506667ms)
✔ combined date query finds independent point, prompt and event records without deduplication or additive counts (0.398334ms)
✔ chart date matches structured lifecycle timestamps, not coincidental prose dates (0.644917ms)
✔ minute evidence uses exact exchange-local minute, accepting T/space and refusing missing time (0.231458ms)
✔ chart date includes diagnostic ABC and rejection coverage without inventing open or reversed intervals (0.542958ms)
✔ date scope combines with all filters for structural points and original M1 sources (0.270875ms)
✔ new standard evidence explains price, old blocker and independent special lifecycle (1.058709ms)
✔ new gates include counts, boundary and dates without undefined placeholder (0.210042ms)
✔ legacy comparisons retain old detected confirmed and invalidated dates (0.367292ms)
✔ structure dates remove midnight noise without changing intraday precision (1.338875ms)
✔ centre evidence distinguishes fixed core, outer range and candidate expansion (1.371917ms)
✔ segment evidence includes source prices and reverse proof with one-based labels (0.187042ms)
✔ missing legacy evidence does not invent confirmation (0.397334ms)
✔ special inclusion explains boundary exception without labelling it an ordinary fractal (0.207ms)
✔ centre relation history distinguishes current candidate from original separation (0.140166ms)
✔ confirmation replay translates raw indices without date matching (0.087917ms)
✔ unknown, invalid or out-of-snapshot confirmations have no replay target (0.232417ms)
✔ connection badge validates shared time, price and alternating direction (0.254458ms)
✔ reverse preview uses observed extreme, not last close or a future target (6.488916ms)
✔ mirrored lows produce an upward reference (0.448416ms)
✔ no invented reference for missing, ambiguous, extending, or invalid inputs (0.282875ms)
✔ replay prefix cannot use a later extreme; ties retain first occurrence (0.214125ms)
✔ ongoing consolidation differs by color, line pattern, and fill (0.232375ms)
✔ cancelling is not terminal and elapsed values remain readable (0.785917ms)
✔ runBacktestWithPolling waits through cancelling and returns cancelled (24.202417ms)
✔ runBacktestWithPolling waits through cancelling and returns timed_out (0.680125ms)
✔ runSignalScanWithPolling waits through cancelling and returns cancelled (2.769083ms)
✔ runSignalScanWithPolling waits through cancelling and returns timed_out (2.140542ms)
✔ cancel API uses POST, and partial cancelled scan results are never accepted (0.437291ms)
✔ persistent recovery and version mismatch are distinct from completion (0.291334ms)
✔ terminal task deletion handles empty 204 and encodes identity (0.125209ms)
✔ checkpoint presence is not confused with verified reuse or task completion (0.299458ms)
✔ cached completed submission is retrieved rather than shown as running (0.384708ms)
✔ network failures are localized across WebKit, Chromium and Firefox (0.255375ms)
✔ exact current revision accepts only its own evidence without mutation (1.156083ms)
✔ old partition, stale version, future evidence and false completion are rejected (0.257583ms)
✔ historical audit cannot import a later opposite segment (0.081708ms)
✔ empty partitions and higher-proof priority retain explicit blockers (0.070292ms)
✔ new blockers use Chinese labels without calling prerequisites completion (0.133875ms)
✔ missing comparison interval is explained in Chinese without inventing a date (2.077833ms)
✔ special diagnostics identify each A indicator witness rather than the price witness (0.257208ms)
✔ nonstandard DEA axis gate remains explicit without an improvement requirement (0.363ms)
✔ DEA tolerance discloses research threshold, precise deviation and near-zero fallback (0.552333ms)
✔ wave evidence separates effective A from original wave and local pivots (1.271584ms)
✔ rounded equal line extrema disclose the precise failed values and witness times (0.450208ms)
✔ comparisons are explicitly research only and preserve B/C axis checks (0.2775ms)
✔ unformed candidate shows Chinese gates, two-decimal values and rejection dates (0.23125ms)
✔ new nonstandard audit explicitly uses full A and first-formed reverse evidence explains gaps (0.259083ms)
ℹ tests 270
ℹ suites 0
ℹ pass 270
ℹ fail 0
ℹ cancelled 0
ℹ skipped 0
ℹ todo 0
ℹ duration_ms 1325.550666
→ 打包中…
→ 运行测试…
京东方评级: D 分数: 34.3
维度明细: 卡玛比率=22.7, 最大回撤=27.5, 胜率=33.5, 利润因子=34.1, 夏普比率=41.5, 波动率=50.1
否决: 利润因子 1.11 接近 1，仅勉强盈亏平衡
长线优质策略评级: B 分数: 64.5
维度权重: 卡玛比率=28%, 最大回撤=26%, 胜率=0%, 利润因子=0%, 夏普比率=23%, 波动率=23%
优质案例评级: A 分数: 83.9
寻优点评级: A 74
组合重算指标: { '年化': '20.83%', '回撤': '0.80%', '夏普': '5.27', '卡玛': '26.03' }
稳定上涨组合评级: S 91.8
波动组合重算: { '回撤': '44.15%', '夏普': '-2.64', '持续': 60 }
波动组合评级: D 18.5
✔ 新版组合评级使用后端采样，不按图表柱数重新日线年化 (1.509375ms)
✔ 必要风险指标缺失不能展示为零风险或正常评级 (0.28825ms)
✔ 无穷比率不等于满分，真实零利润因子仍按亏损判断 (0.136167ms)
✔ 京东方回测必须评为 D 档（用户核心诉求验证点） (0.4625ms)
✔ 京东方评分应在 30-43 区间（C 与 D 的边界） (0.097708ms)
✔ 低利润因子触发系统亏损否决 (0.06725ms)
✔ 样本不足（< 10 笔交易）降权但不否决整个评级 (0.128375ms)
✔ 用户实测场景：6年6笔交易 + 高夏普 → 应得 A/B（核心回归测试） (0.143083ms)
✔ 深回撤 > 60% 触发直接 D 否决 (0.096ms)
✔ 优质回测应得 A 或 S 档 (0.261083ms)
✔ 高回撤但收益高 → 最高 B（一票否决 cap） (0.148334ms)
✔ 插值函数：边界值取端点分数 (0.074875ms)
✔ 插值函数：中间值线性插值 (0.079167ms)
✔ 寻优评级：4 维度降级版 (0.177ms)
✔ 寻优评级：网格点交易太少 → 降权但评级照常 (0.137417ms)
✔ 组合评级：稳定上涨净值应得 A 或 S (1.590208ms)
✔ 组合评级：高波动深回撤净值 → 低档 (0.501459ms)
✔ combinedMetrics：单点净值返回全 0（兜底） (0.044417ms)
✔ 历史组合仅保留原值，不从曲线推断日线或重算评级 (0.453459ms)
✔ v1-v4、未知版本及不完整依据不伪装为新版结果 (0.543083ms)
✔ 新版结果使用已记录指标，真实 999 和零不被当作历史哨兵 (0.069833ms)
✔ 指标状态缺失或与数值冲突不能产出评级，包括被降权维度 (0.086958ms)
✔ 低交易样本的真实不可用逐笔指标仍可降权，不误拦截可用净值评级 (0.078625ms)
✔ 寻优逐行核验新版采样与候选状态，输入范围不替代候选证据 (0.105709ms)
✔ 完整快照保留精度、真实 0/999、全部指标及版本且不关联可变输入 (0.676709ms)
✔ 策略保存接受真实 Vue 响应式结果，不因 Proxy 无法 structuredClone 而失败 (0.499208ms)
✔ 再次保存历史指标不补造新版计算或评级依据 (0.085125ms)
✔ 对比展示原值并指出版本、周期、范围与利率差异，不自动重算 (0.210125ms)
ℹ tests 28
ℹ suites 0
ℹ pass 28
ℹ fail 0
ℹ cancelled 0
ℹ skipped 0
ℹ todo 0
ℹ duration_ms 96.995458
