
> web-ui@0.0.0 test
> node scripts/run-tests.mjs

✔ trade lookup keeps the exact minute across separators, precision and days (2.623833ms)
✔ date-only values cannot choose the midnight bar of an ambiguous day (0.109291ms)
✔ daily and duplicate exact timestamps keep first positional matches (0.90225ms)
✔ nanoseconds and timezone text are not truncated into a false match (0.285ms)
✔ date labels preserve useful precision without local timezone conversion (0.505625ms)
✔ higher sources resolve actual records and separate original from current review time (1.878042ms)
✔ base sources and foreign witness rejection have distinct Chinese descriptions (1.166917ms)
✔ inconsistent candidate has no replay evidence: unknown reason (1.038417ms)
✔ inconsistent candidate has no replay evidence: prototype key (0.085042ms)
✔ inconsistent candidate has no replay evidence: future version (0.063666ms)
✔ inconsistent candidate has no replay evidence: future completion (0.054334ms)
✔ inconsistent candidate has no replay evidence: missing time (0.051208ms)
✔ inconsistent candidate has no replay evidence: empty source (2.918291ms)
✔ inconsistent candidate has no replay evidence: duplicate source (0.122583ms)
✔ inconsistent candidate has no replay evidence: unknown source (0.35975ms)
✔ inconsistent candidate has no replay evidence: mixed levels (0.076458ms)
✔ inconsistent candidate has no replay evidence: future child (0.065708ms)
✔ inconsistent candidate has no replay evidence: wrong child level (0.050459ms)
✔ inconsistent candidate has no replay evidence: duplicate record (0.044625ms)
✔ inconsistent candidate has no replay evidence: empty record range (0.044042ms)
✔ inconsistent candidate has no replay evidence: gap (0.045083ms)
✔ inconsistent candidate has no replay evidence: wrong parent range (0.037875ms)
✔ inconsistent candidate has no replay evidence: reversed sources (0.040458ms)
✔ inconsistent candidate has no replay evidence: unsafe base number (0.07275ms)
✔ 80 percent transparency is 20 percent alpha, for both candle directions (0.757375ms)
✔ transparency stays finite, integer, and bounded (0.100709ms)
✔ body is symmetric around the unchanged wick across widths and fractional positions (1.42225ms)
✔ horizontal candles preserve every price coordinate (0.100291ms)
✔ missing or non-finite candle layouts are left untouched (0.104583ms)
✔ native ECharts layout remains centred after resize, zoom and data replacement (211.040667ms)
✔ zooming out of large-data line mode restores centred candle bodies (10.835542ms)
✔ structure widths retain existing defaults and hover appearance (2.501958ms)
✔ manual values stay finite, bounded, and at two decimal places (0.300375ms)
✔ raw index overrides rounded dates, including zero (0.810875ms)
✔ legacy intraday dates never fall back to the first bar of the day (3.746041ms)
✔ duplicate formatted times fail safely without a raw index (0.107ms)
✔ padding keeps the 23px marker plus radius inside the price pane (0.268333ms)
✔ flat, zero and negative ranges get finite padding; invalid extents do not (0.108375ms)
✔ single-bar time link is a thin line limited to each actual plot (0.873ms)
✔ multi-bar time link has no border and clips to plot, never clamps offscreen data to an edge (0.102541ms)
✔ time links map daily coverage to all minute bars, not a matching ordinal (0.165708ms)
✔ weekly and monthly end-labelled bars cover earlier constituent dates without changing data (1.211ms)
✔ nearest marker wins regardless of signal family, only co-located points share chooser (0.752916ms)
✔ immutable request cache deduplicates pending work, isolates payload keys and retries errors (0.898792ms)
✔ all six structural types keep extrema and confirmation separate with original evidence (1.779625ms)
✔ legacy records do not invent confirmation or structural sources (0.137ms)
✔ M1 keeps independent MACD source and original direction, never a structural type (0.38425ms)
✔ all chart layers override independent animation and progressive rendering (17.153167ms)
✔ rejects invalid saved zooms (0.823791ms)
✔ same-snapshot redraw keeps current manually chosen view (0.10025ms)
✔ focus redraw keeps manual zoom; clearing restores pre-focus view (0.089708ms)
✔ switching focus preserves the original return view (0.06875ms)
✔ new snapshot resets saved focus view and never revives old zoom (0.068542ms)
✔ default inactive; moving does not show cards and leaving does not deactivate (0.854416ms)
✔ object previews can read date-card activation without activating it (0.150792ms)
✔ click selects a point; outside click closes; inside click is not dismissed (0.421792ms)
✔ activated cards follow movement until outside dismissal, then require another click (1.043833ms)
✔ zoom clears stale coordinates but preserves activation (0.144834ms)
✔ data reset and Escape deactivate; teardown removes all handlers (0.15025ms)
✔ archive requests bind current owner and bypass browser cache (31.460792ms)
✔ cloud directory validates all rows, quotas and identities without dropping broken entries (5.736834ms)
✔ original detail requires an object payload but action receipts may omit it (1.816334ms)
✔ account change discards delayed success and delayed errors (0.462125ms)
✔ unauthenticated archive requests do not reach server; structured conflicts remain actionable (0.208542ms)
✔ upload retries retain immutable captured body and all numerical precision (0.176458ms)
✔ directed centre chain is candidate evidence, not completion (11.188583ms)
✔ touching, opposing, future, overlapping or malformed chains fail closed (0.29125ms)
✔ single-centre and legacy components remain readable (0.070917ms)
✔ inside, border, reversed y and overlapping rectangles resolve newest first (1.878333ms)
✔ invalid or missing render coordinates cannot create hits (0.129375ms)
✔ popup stays within narrow viewport and near-edge right click (0.147125ms)
✔ roles are Chinese and unknown roles never claim completion (3.296917ms)
✔ source ranges keep one-based indices without disguising gaps (0.112208ms)
✔ coverage checks counts, repeats and missing IDs (0.218833ms)
✔ missing, empty and rejected suffix are explicit (0.086791ms)
✔ invalid counts and empty blocks cannot pass the coverage audit (0.080834ms)
✔ uses raw indices, allows shared endpoints and bounds zoom padding (0.903458ms)
✔ does not invent a B interval or infer indices from formatted dates (0.085542ms)
✔ rejects partial, reversed, overlapping and out-of-snapshot evidence (0.125125ms)
✔ allows inspection of historical failed evidence without reviving it (0.109958ms)
✔ local proof draws frozen exact endpoints only after its actual confirmation (0.157375ms)
✔ dual-line divergence uses two exact raw indices, never artificial ABC ranges (0.089208ms)
✔ dual-line focus rejects missing, duplicate, reversed and out-of-range points (0.085584ms)
✔ special wave focus uses AB and its extreme without inventing C (0.086459ms)
✔ direction, family and lifecycle have independent marker styles (1.349208ms)
✔ no-C dual-line remains a circle and fills only on first reverse-pen confirmation (1.382208ms)
✔ M1 is restricted to confirmed waves with a later actual confirmation (2.187292ms)
✔ four families retain independent records and nonstandard uses a triangle (0.345208ms)
✔ October 4 marker matrix uses shape for family and colour only for direction (0.151583ms)
✔ special AB evidence separates A line extrema from both price anchors and legacy pivots (0.141417ms)
✔ history is opt-in, inactive stays grey hollow, never creates M1 (0.120292ms)
✔ every historical shape uses a continuous hollow contour, including on hover (0.126333ms)
✔ new nonstandard evidence relaxes prices only and records each subtype (0.322416ms)
✔ new dual rule cannot fill without recorded later local confirmation (0.139625ms)
✔ historical engineering match retains original timing without claiming regrouping completion (1.088334ms)
✔ future, stale, mismatched or incomplete evidence fails closed (0.313792ms)
✔ older snapshots and unmatched parts keep existing natural audit available (0.067333ms)
✔ engineering provenance uses the same one-based numbering as other inspectors (0.573875ms)
✔ mixed recursion distinguishes consolidation and trend from the old trend view (0.140417ms)
✔ unknown or reversed provenance is not presented as a completed trend (0.067416ms)
✔ indicator and price values use two decimals without inventing missing evidence (0.083375ms)
✔ recursive centre relations never call extension candidates completed types (0.068208ms)
✔ admissions distinguish unit confirmation from later failed-return admission (0.055292ms)
✔ display fields retain all text including dates, provenance, and secondary colons (2.265792ms)
✔ narrative, missing evidence, and timestamp headings remain whole (0.110208ms)
✔ selects the exact source without replacing missing comparison periods with the primary (0.423167ms)
✔ prefix audit preserves original warmup snapshot and its own instrument and period (0.416083ms)
✔ rejects invalid positions, missing identity and explicitly unclosed prefix data (0.194334ms)
✔ all candidate states distinguish eligibility from completed natural types (0.514292ms)
✔ opposite geometry identifies reused next-part evidence, including nonzero source IDs (0.547083ms)
✔ external opposite geometry is not added to candidate membership (0.096292ms)
✔ missing, stale, misattributed or future opposite geometry is not displayed as matched (0.136708ms)
✔ preferred endpoints are never called completed types; conflicts are retained (0.380959ms)
✔ opposite base turn is not same-level completion (0.341792ms)
✔ price formatting preserves zero and boundary contact, guards non-finite values (0.33775ms)
✔ candidate audit joins by identity, not response order (0.196291ms)
✔ part audit must match ordinal AND exact raw source IDs, including shifted IDs (0.319ms)
✔ locates the three raw ranges without relabelling them as MACD or confirmed centres (2.702792ms)
✔ candidate must already be observable at the CURRENT replay prefix (0.193958ms)
✔ no incomplete, waiting or unsupported candidate is given a fabricated range (0.101541ms)
✔ raw bar boundaries must be contiguous and inside the visible window (0.136291ms)
✔ source partitions must cover every original segment once, preserving nonzero IDs (0.114084ms)
✔ conflicting geometric fallback remains viewable for manual audit (0.071125ms)
✔ clearing a regrouping focus restores original zoom; a new replay snapshot does not (0.119041ms)
✔ membership labels distinguish source confirmation from later admission (0.441917ms)
✔ admission witness distinguishes confirmation dependency from geometric membership (0.085541ms)
✔ old or malformed evidence never invents an admission witness (7.774417ms)
✔ menus stay inside phone, keyboard and landscape viewports (0.56725ms)
✔ near-bottom controls open upwards without changing ordinary desktop width (0.094209ms)
✔ marker hit uses signed stacking offset for both directions, not candle position (0.492ms)
✔ symbol size and invalid render positions are handled safely (0.088709ms)
✔ aborted late response cannot publish metadata even if transport ignores abort (27.316333ms)
✔ missing provenance or silently changed adjustment never reaches research (0.1715ms)
✔ reported gaps do not falsely label suspension or prevent inspecting valid candles (0.116917ms)
✔ history fetch consumes one verified range and publishes complete metadata only after validation (0.589167ms)
✔ unclosed response never updates provenance or reaches the backtest (0.234417ms)
✔ null, true zero, infinities and real 999 are distinct after JSON roundtrip (0.489625ms)
✔ single, saved and comparison results retain authoritative metric basis (1.415708ms)
✔ whole proof validated without mutation, and cross-role ownership remains visible (1.004625ms)
✔ stale, future, duplicated, incomplete, falsely completed and mismatched sources rejected (0.320541ms)
✔ base runs cannot masquerade as proofs or own multiple provisional regions (0.076125ms)
✔ blocked covers show full conflicts, never fabricated flattened blocks (0.092458ms)
✔ labels retain provisional scope (0.063625ms)
✔ all seven MA presets are available but only MA5 and MA10 start visible (3.768ms)
✔ each chart session gets independent editable settings without changing presets (2.065417ms)
✔ MA presets retain the requested yellow, white, purple, green, cyan, orange, red palette (0.1055ms)
✔ legend retains every MA choice and explicit hidden states override stale chart selection (0.121375ms)
✔ cross-boundary details resolve actual input and nested ownership records (3.606084ms)
✔ unowned reverse evidence stays explicitly unowned for boundary rejection (0.422ms)
✔ foreign witness can be shown for an otherwise single-owner candidate (0.842791ms)
✔ legacy candidates do not invent missing conflict details (0.132125ms)
✔ damaged detail is not presented: mismatched candidate sources (0.095834ms)
✔ damaged detail is not presented: wrong layer (0.077125ms)
✔ damaged detail is not presented: unknown reverse input (0.716833ms)
✔ damaged detail is not presented: wrong reverse range (0.05875ms)
✔ damaged detail is not presented: reverse overlaps prices (0.061958ms)
✔ damaged detail is not presented: future reverse confirmation (0.103583ms)
✔ damaged detail is not presented: wrong reverse time (0.060375ms)
✔ damaged detail is not presented: incomplete domain list (0.061541ms)
✔ damaged detail is not presented: duplicate domains (0.047083ms)
✔ damaged detail is not presented: noncontinuous domain (0.038792ms)
✔ damaged detail is not presented: foreign domain misses witness (0.044166ms)
✔ damaged detail is not presented: false unowned witness (0.042833ms)
✔ damaged detail is not presented: missing nested record (1.550416ms)
✔ damaged detail is not presented: wrong reason (0.227958ms)
✔ only current owner revisions form the displayed ownership set (11.354875ms)
✔ internal provenance remains distinct and validates enclosing ownership (0.371125ms)
✔ parent-covered history is not labeled as an additional effective input (0.079334ms)
✔ nested provenance validates containment and strictly increasing input levels (0.169625ms)
✔ current owner labels are distinct from creation IDs and tolerate old snapshots (0.096333ms)
✔ summary mode lists every historical address, not just current versions (1.785625ms)
✔ full and missing legacy snapshots stay readable without inventing history (0.092792ms)
✔ all four analysis paths explicitly request summary delivery without changing input (0.821584ms)
✔ complete lifecycle stays chronological, does not mutate input, and uses Chinese labels (1.498792ms)
✔ legacy or future history is not invented (0.142792ms)
✔ dangling, reordered, duplicated, miscounted and conflicting histories fail closed (1.783333ms)
✔ equal counts cannot hide swapped source identities (0.075042ms)
✔ intermediate event boundaries must equal actual inherited and added sources (0.067ms)
✔ input evidence must exist at the correct level and be available at admission (0.194166ms)
✔ invalid domain sources, membership and parent context fail closed (0.165375ms)
✔ leftward growth, shifted sources and newly filled merge gaps remain valid (0.167333ms)
✔ both periods exclude future and open candles while retaining original warm-up start (1.064333ms)
✔ snapshot observation time caps cutoff; bar start before cutoff is not enough (0.106667ms)
✔ no timeframe fallback or fabricated candles when historical minute range is unavailable (0.067083ms)
✔ index and board snapshots retain NONE adjustment, mismatch is rejected (0.241709ms)
✔ missing completion evidence, timezone timestamps and unordered bars fail explicitly (0.152042ms)
✔ week/month completion boundary comes from provider annotation, not day label (0.102ms)
✔ matrix defaults to exactly the five requested periods in image order and six information columns (2.230167ms)
✔ does not turn current reversal observation into a confirmed opposite pen (0.190375ms)
✔ keeps true zero distinct from missing, and numerical display never overwrites original axis judgment (0.358875ms)
✔ keeps divergence family, extrema and actual confirmation separate; never drops records (72.700291ms)
✔ missing pen and divergence are bounded claims; quality limitations stay visible (0.176708ms)
✔ forming candles preserve OHLC and use dashed empty outlines (2.246ms)
✔ forming volume and signed MACD columns preserve values and direction (5.341ms)
✔ radar review captures row adjustment, exact minute, strategy and original cutoff (0.875583ms)
✔ invalid or legacy reviews fail explicitly without guessing data or adjustment (1.703459ms)
✔ exchange-local dates validate without browser timezone conversion (0.265458ms)
✔ review excludes future and unclosed bars, resets derived fingerprint and reports actual range without mutating source (2.843667ms)
✔ radar cache is owner scoped and malformed/legacy records never enter the UI (0.557625ms)
✔ late messages, close and errors from an old socket cannot affect replacement (0.877333ms)
✔ invalid messages and control responses never become ticks; close reason retained (0.230667ms)
✔ matching versions are selected by case identity without mutation (1.284125ms)
✔ future snapshots, wrong rules, incomplete chains and duplicate cases are rejected (0.256958ms)
✔ labels never confuse endpoint consistency or higher-centre proof with completion (0.137583ms)
✔ v2 keeps the detached prefix and v1 remains readable (0.319ms)
✔ v3 supports trend search while retaining the same ownership guards (0.115708ms)
✔ missing, duplicated, misattributed or silently completed prefix is rejected (0.304708ms)
✔ reincorporation is recorded explicitly instead of erasing detached history (0.151333ms)
✔ accepts bounded history and empty verified batches (0.500708ms)
✔ rejects wrong batch, future indices, broken sources and contradictory state (0.22325ms)
✔ research labels distinguish absence, release, retained and internal (0.078667ms)
✔ late old responses cannot own a newer research request (0.478875ms)
✔ submission fields are captured values, not mutable form references (0.414416ms)
✔ snapshot import keeps original data and normalizes optional display metadata (0.951459ms)
✔ reject invalid schema, periods, oversized arrays and impossible candle prices (0.298042ms)
✔ cloud archives retain larger frozen windows and all supported distinct periods (4.89125ms)
✔ window is exchange local and bounded by the snapshot cutoff (0.457666ms)
✔ missing numbers and candidate status are never promoted (0.087292ms)
✔ amber projection resolves daily and minute labels, ignores open candle (0.243334ms)
✔ three workspaces are keyboard traversable without dropping an existing mode (0.759833ms)
✔ mobile comparison shows exactly the selected snapshot; desktop shows both (0.097917ms)
✔ inactive research never starts automatic work, valid active research does (0.094209ms)
✔ audit description translates permissions and never renders arbitrary detail fields (1.056958ms)
✔ audit time is explicitly Shanghai time and invalid data remains readable (36.680417ms)
✔ audit API preserves bounded pagination/filter state and authenticated credentials (22.019375ms)
✔ distinguishes no candidate, failed current audit, and actual invalidation without promoting legacy state (2.063959ms)
✔ filters independent families and directions without merging special and local dual-line evidence (2.110417ms)
✔ searches lifecycle dates and failure reasons with all terms required, retaining original source objects (0.13875ms)
✔ searches diagnostic rejection history without silently reviving historical candidates (0.370417ms)
✔ all excludes bc false, preserves input order and records, and does not infer missing direction (0.13075ms)
✔ legacy diagnostic family is standard, and empty diagnostics do not invent rejection records (0.094834ms)
✔ structural points retain their own confirmation and evidence, never deriving them from a MACD source (0.281334ms)
✔ M1 uses exact existing gates and remains a separate view of its original standard event (0.198917ms)
✔ combined date query finds independent point, prompt and event records without deduplication or additive counts (0.11ms)
✔ chart date matches structured lifecycle timestamps, not coincidental prose dates (0.229792ms)
✔ minute evidence uses exact exchange-local minute, accepting T/space and refusing missing time (0.090833ms)
✔ chart date includes diagnostic ABC and rejection coverage without inventing open or reversed intervals (0.201709ms)
✔ date scope combines with all filters for structural points and original M1 sources (0.089417ms)
✔ new standard evidence explains price, old blocker and independent special lifecycle (1.107542ms)
✔ new gates include counts, boundary and dates without undefined placeholder (0.211084ms)
✔ legacy comparisons retain old detected confirmed and invalidated dates (0.235541ms)
✔ structure dates remove midnight noise without changing intraday precision (0.774ms)
✔ centre evidence distinguishes fixed core, outer range and candidate expansion (0.582709ms)
✔ segment evidence includes source prices and reverse proof with one-based labels (0.1585ms)
✔ missing legacy evidence does not invent confirmation (0.155541ms)
✔ special inclusion explains boundary exception without labelling it an ordinary fractal (0.16725ms)
✔ centre relation history distinguishes current candidate from original separation (0.128292ms)
✔ confirmation replay translates raw indices without date matching (0.122541ms)
✔ unknown, invalid or out-of-snapshot confirmations have no replay target (0.092459ms)
✔ connection badge validates shared time, price and alternating direction (0.1205ms)
✔ reverse preview uses observed extreme, not last close or a future target (0.883042ms)
✔ mirrored lows produce an upward reference (0.099ms)
✔ no invented reference for missing, ambiguous, extending, or invalid inputs (0.110875ms)
✔ replay prefix cannot use a later extreme; ties retain first occurrence (0.092375ms)
✔ ongoing consolidation differs by color, line pattern, and fill (0.097625ms)
✔ task list rejects malformed responses instead of replacing records with undefined (19.163209ms)
✔ cancelling is not terminal and elapsed values remain readable (0.168625ms)
✔ runBacktestWithPolling waits through cancelling and returns cancelled (2.892583ms)
✔ runBacktestWithPolling waits through cancelling and returns timed_out (0.4505ms)
✔ runSignalScanWithPolling waits through cancelling and returns cancelled (4.587ms)
✔ runSignalScanWithPolling waits through cancelling and returns timed_out (3.726083ms)
✔ cancel API uses POST, and partial cancelled scan results are never accepted (0.286ms)
✔ persistent recovery and version mismatch are distinct from completion (0.535292ms)
✔ terminal task deletion handles empty 204 and encodes identity (0.462875ms)
✔ checkpoint presence is not confused with verified reuse or task completion (0.349291ms)
✔ cached completed submission is retrieved rather than shown as running (0.2015ms)
✔ network failures are localized across WebKit, Chromium and Firefox (0.15725ms)
✔ tracking identity separates asset types, exchanges and board catalogues (0.781458ms)
✔ cloud book validates without silently dropping corrupt groups or duplicate entries (1.487667ms)
✔ expansion preserves every member and all board/direct sources, not a 200-row display page (2.538167ms)
✔ membership failure is explicit and malformed partial membership is never accepted (0.339833ms)
✔ batch runs sequentially, keeps partial errors and continues after a failed target (13.339ms)
✔ cancellation marks in-flight and unstarted rows, ignoring a late success (1.931833ms)
✔ group breadth counts only available periods, never treats failed targets as neutral evidence (0.630917ms)
✔ exact current revision accepts only its own evidence without mutation (1.026333ms)
✔ old partition, stale version, future evidence and false completion are rejected (0.266875ms)
✔ historical audit cannot import a later opposite segment (0.081792ms)
✔ empty partitions and higher-proof priority retain explicit blockers (0.069625ms)
✔ new blockers use Chinese labels without calling prerequisites completion (0.131458ms)
✔ missing comparison interval is explained in Chinese without inventing a date (0.628167ms)
✔ special diagnostics identify each A indicator witness rather than the price witness (0.173209ms)
✔ nonstandard DEA axis gate remains explicit without an improvement requirement (0.137625ms)
✔ DEA tolerance discloses research threshold, precise deviation and near-zero fallback (0.167584ms)
✔ wave evidence separates effective A from original wave and local pivots (1.044584ms)
✔ rounded equal line extrema disclose the precise failed values and witness times (0.1585ms)
✔ comparisons are explicitly research only and preserve B/C axis checks (0.189416ms)
✔ unformed candidate shows Chinese gates, two-decimal values and rejection dates (0.110542ms)
✔ new nonstandard audit explicitly uses full A and first-formed reverse evidence explains gaps (0.116958ms)
ℹ tests 288
ℹ suites 0
ℹ pass 288
ℹ fail 0
ℹ cancelled 0
ℹ skipped 0
ℹ todo 0
ℹ duration_ms 1476.230875
→ 打包中…
→ 运行测试…
京东方评级: D 分数: 34.3
维度明细: 卡玛比率=22.7, 最大回撤=27.5, 胜率=33.5, 利润因子=34.1, 夏普比率=41.5, 波动率=50.1
否决: 利润因子 1.11 接近 1，仅勉强盈亏平衡
长线优质策略评级: B 分数: 64.5
维度权重: 卡玛比率=28%, 最大回撤=26%, 胜率=0%, 利润因子=0%, 夏普比率=23%, 波动率=23%
优质案例评级: A 分数: 83.9
寻优点评级: A 74
组合重算指标: { '年化': '20.83%', '回撤': '0.80%', '夏普': '5.27', '卡玛': '26.03' }
稳定上涨组合评级: S 91.8
波动组合重算: { '回撤': '44.15%', '夏普': '-2.64', '持续': 60 }
波动组合评级: D 18.5
✔ 新版组合评级使用后端采样，不按图表柱数重新日线年化 (1.45ms)
✔ 必要风险指标缺失不能展示为零风险或正常评级 (0.227334ms)
✔ 无穷比率不等于满分，真实零利润因子仍按亏损判断 (0.129625ms)
✔ 京东方回测必须评为 D 档（用户核心诉求验证点） (0.566208ms)
✔ 京东方评分应在 30-43 区间（C 与 D 的边界） (0.177583ms)
✔ 低利润因子触发系统亏损否决 (0.0805ms)
✔ 样本不足（< 10 笔交易）降权但不否决整个评级 (0.14375ms)
✔ 用户实测场景：6年6笔交易 + 高夏普 → 应得 A/B（核心回归测试） (0.142334ms)
✔ 深回撤 > 60% 触发直接 D 否决 (0.128ms)
✔ 优质回测应得 A 或 S 档 (0.137083ms)
✔ 高回撤但收益高 → 最高 B（一票否决 cap） (0.074917ms)
✔ 插值函数：边界值取端点分数 (0.055875ms)
✔ 插值函数：中间值线性插值 (0.0435ms)
✔ 寻优评级：4 维度降级版 (0.093083ms)
✔ 寻优评级：网格点交易太少 → 降权但评级照常 (0.057667ms)
✔ 组合评级：稳定上涨净值应得 A 或 S (1.544625ms)
✔ 组合评级：高波动深回撤净值 → 低档 (0.4885ms)
✔ combinedMetrics：单点净值返回全 0（兜底） (0.052041ms)
✔ 历史组合仅保留原值，不从曲线推断日线或重算评级 (0.471458ms)
✔ v1-v4、未知版本及不完整依据不伪装为新版结果 (0.54ms)
✔ 新版结果使用已记录指标，真实 999 和零不被当作历史哨兵 (0.069375ms)
✔ 指标状态缺失或与数值冲突不能产出评级，包括被降权维度 (0.0875ms)
✔ 低交易样本的真实不可用逐笔指标仍可降权，不误拦截可用净值评级 (0.081459ms)
✔ 寻优逐行核验新版采样与候选状态，输入范围不替代候选证据 (0.102709ms)
✔ 完整快照保留精度、真实 0/999、全部指标及版本且不关联可变输入 (0.619959ms)
✔ 策略保存接受真实 Vue 响应式结果，不因 Proxy 无法 structuredClone 而失败 (0.6045ms)
✔ 再次保存历史指标不补造新版计算或评级依据 (0.095667ms)
✔ 对比展示原值并指出版本、周期、范围与利率差异，不自动重算 (0.247875ms)
ℹ tests 28
ℹ suites 0
ℹ pass 28
ℹ fail 0
ℹ cancelled 0
ℹ skipped 0
ℹ todo 0
ℹ duration_ms 101.51025
