
> web-ui@0.0.0 test
> node scripts/run-tests.mjs

✔ trade lookup keeps the exact minute across separators, precision and days (1.550625ms)
✔ date-only values cannot choose the midnight bar of an ambiguous day (0.08725ms)
✔ daily and duplicate exact timestamps keep first positional matches (0.070292ms)
✔ nanoseconds and timezone text are not truncated into a false match (0.07925ms)
✔ date labels preserve useful precision without local timezone conversion (0.080208ms)
✔ higher sources resolve actual records and separate original from current review time (2.315375ms)
✔ base sources and foreign witness rejection have distinct Chinese descriptions (0.112542ms)
✔ inconsistent candidate has no replay evidence: unknown reason (0.079542ms)
✔ inconsistent candidate has no replay evidence: prototype key (0.06675ms)
✔ inconsistent candidate has no replay evidence: future version (0.055958ms)
✔ inconsistent candidate has no replay evidence: future completion (0.05025ms)
✔ inconsistent candidate has no replay evidence: missing time (0.047334ms)
✔ inconsistent candidate has no replay evidence: empty source (4.0755ms)
✔ inconsistent candidate has no replay evidence: duplicate source (0.32375ms)
✔ inconsistent candidate has no replay evidence: unknown source (0.269541ms)
✔ inconsistent candidate has no replay evidence: mixed levels (0.160916ms)
✔ inconsistent candidate has no replay evidence: future child (0.139375ms)
✔ inconsistent candidate has no replay evidence: wrong child level (0.114833ms)
✔ inconsistent candidate has no replay evidence: duplicate record (0.108584ms)
✔ inconsistent candidate has no replay evidence: empty record range (0.122959ms)
✔ inconsistent candidate has no replay evidence: gap (0.112459ms)
✔ inconsistent candidate has no replay evidence: wrong parent range (0.101709ms)
✔ inconsistent candidate has no replay evidence: reversed sources (0.103417ms)
✔ inconsistent candidate has no replay evidence: unsafe base number (0.115458ms)
✔ 80 percent transparency is 20 percent alpha, for both candle directions (0.417ms)
✔ transparency stays finite, integer, and bounded (0.081292ms)
✔ body is symmetric around the unchanged wick across widths and fractional positions (1.589709ms)
✔ horizontal candles preserve every price coordinate (0.10375ms)
✔ missing or non-finite candle layouts are left untouched (0.105ms)
✔ native ECharts layout remains centred after resize, zoom and data replacement (101.373084ms)
✔ zooming out of large-data line mode restores centred candle bodies (23.911917ms)
✔ structure widths retain existing defaults and hover appearance (0.734917ms)
✔ manual values stay finite, bounded, and at two decimal places (0.130167ms)
✔ raw index overrides rounded dates, including zero (0.436958ms)
✔ legacy intraday dates never fall back to the first bar of the day (0.099709ms)
✔ duplicate formatted times fail safely without a raw index (0.068708ms)
✔ padding keeps the 23px marker plus radius inside the price pane (0.113667ms)
✔ flat, zero and negative ranges get finite padding; invalid extents do not (0.074875ms)
✔ single-bar time link is a thin line limited to each actual plot (0.917458ms)
✔ multi-bar time link has no border and clips to plot, never clamps offscreen data to an edge (0.095709ms)
✔ time links map daily coverage to all minute bars, not a matching ordinal (0.656958ms)
✔ weekly and monthly end-labelled bars cover earlier constituent dates without changing data (3.555ms)
✔ nearest marker wins regardless of signal family, only co-located points share chooser (0.224375ms)
✔ immutable request cache deduplicates pending work, isolates payload keys and retries errors (0.331917ms)
✔ all six structural types keep extrema and confirmation separate with original evidence (0.565125ms)
✔ legacy records do not invent confirmation or structural sources (0.120375ms)
✔ M1 keeps independent MACD source and original direction, never a structural type (0.306916ms)
✔ all chart layers override independent animation and progressive rendering (0.842125ms)
✔ rejects invalid saved zooms (0.866792ms)
✔ same-snapshot redraw keeps current manually chosen view (0.098708ms)
✔ focus redraw keeps manual zoom; clearing restores pre-focus view (0.088334ms)
✔ switching focus preserves the original return view (0.065959ms)
✔ new snapshot resets saved focus view and never revives old zoom (0.069375ms)
✔ default inactive; moving does not show cards and leaving does not deactivate (0.824ms)
✔ object previews can read date-card activation without activating it (0.172834ms)
✔ click selects a point; outside click closes; inside click is not dismissed (0.123125ms)
✔ activated cards follow movement until outside dismissal, then require another click (0.125375ms)
✔ zoom clears stale coordinates but preserves activation (0.083292ms)
✔ data reset and Escape deactivate; teardown removes all handlers (0.112792ms)
✔ directed centre chain is candidate evidence, not completion (0.890625ms)
✔ touching, opposing, future, overlapping or malformed chains fail closed (0.230875ms)
✔ single-centre and legacy components remain readable (0.068625ms)
✔ inside, border, reversed y and overlapping rectangles resolve newest first (0.754042ms)
✔ invalid or missing render coordinates cannot create hits (0.081292ms)
✔ popup stays within narrow viewport and near-edge right click (0.086334ms)
✔ roles are Chinese and unknown roles never claim completion (0.847542ms)
✔ source ranges keep one-based indices without disguising gaps (0.445917ms)
✔ coverage checks counts, repeats and missing IDs (0.520042ms)
✔ missing, empty and rejected suffix are explicit (0.185667ms)
✔ invalid counts and empty blocks cannot pass the coverage audit (0.834042ms)
✔ uses raw indices, allows shared endpoints and bounds zoom padding (2.194708ms)
✔ does not invent a B interval or infer indices from formatted dates (0.127375ms)
✔ rejects partial, reversed, overlapping and out-of-snapshot evidence (0.131292ms)
✔ allows inspection of historical failed evidence without reviving it (0.113291ms)
✔ local proof draws frozen exact endpoints only after its actual confirmation (0.176083ms)
✔ dual-line divergence uses two exact raw indices, never artificial ABC ranges (0.087042ms)
✔ dual-line focus rejects missing, duplicate, reversed and out-of-range points (0.085625ms)
✔ special wave focus uses AB and its extreme without inventing C (0.097125ms)
✔ direction, family and lifecycle have independent marker styles (0.557542ms)
✔ no-C dual-line remains a circle and fills only on first reverse-pen confirmation (3.396292ms)
✔ M1 is restricted to confirmed waves with a later actual confirmation (1.614792ms)
✔ four families retain independent records and nonstandard uses a triangle (1.653083ms)
✔ October 4 marker matrix uses shape for family and colour only for direction (0.211792ms)
✔ special AB evidence separates A line extrema from both price anchors and legacy pivots (0.152875ms)
✔ history is opt-in, inactive stays grey hollow, never creates M1 (0.400416ms)
✔ every historical shape uses a continuous hollow contour, including on hover (0.316375ms)
✔ new nonstandard evidence relaxes prices only and records each subtype (0.145834ms)
✔ new dual rule cannot fill without recorded later local confirmation (0.418583ms)
✔ historical engineering match retains original timing without claiming regrouping completion (1.10075ms)
✔ future, stale, mismatched or incomplete evidence fails closed (0.304208ms)
✔ older snapshots and unmatched parts keep existing natural audit available (0.063709ms)
✔ engineering provenance uses the same one-based numbering as other inspectors (1.272917ms)
✔ mixed recursion distinguishes consolidation and trend from the old trend view (0.328417ms)
✔ unknown or reversed provenance is not presented as a completed trend (0.205791ms)
✔ indicator and price values use two decimals without inventing missing evidence (0.576542ms)
✔ recursive centre relations never call extension candidates completed types (0.099875ms)
✔ admissions distinguish unit confirmation from later failed-return admission (0.373666ms)
✔ display fields retain all text including dates, provenance, and secondary colons (2.337084ms)
✔ narrative, missing evidence, and timestamp headings remain whole (0.12125ms)
✔ selects the exact source without replacing missing comparison periods with the primary (0.437167ms)
✔ prefix audit preserves original warmup snapshot and its own instrument and period (0.406292ms)
✔ rejects invalid positions, missing identity and explicitly unclosed prefix data (0.214833ms)
✔ all candidate states distinguish eligibility from completed natural types (0.513209ms)
✔ opposite geometry identifies reused next-part evidence, including nonzero source IDs (0.514834ms)
✔ external opposite geometry is not added to candidate membership (0.093334ms)
✔ missing, stale, misattributed or future opposite geometry is not displayed as matched (1.210625ms)
✔ preferred endpoints are never called completed types; conflicts are retained (0.258292ms)
✔ opposite base turn is not same-level completion (0.280542ms)
✔ price formatting preserves zero and boundary contact, guards non-finite values (1.442958ms)
✔ candidate audit joins by identity, not response order (0.131959ms)
✔ part audit must match ordinal AND exact raw source IDs, including shifted IDs (0.360041ms)
✔ locates the three raw ranges without relabelling them as MACD or confirmed centres (0.941ms)
✔ candidate must already be observable at the CURRENT replay prefix (0.169083ms)
✔ no incomplete, waiting or unsupported candidate is given a fabricated range (0.103709ms)
✔ raw bar boundaries must be contiguous and inside the visible window (0.1395ms)
✔ source partitions must cover every original segment once, preserving nonzero IDs (0.443292ms)
✔ conflicting geometric fallback remains viewable for manual audit (0.100542ms)
✔ clearing a regrouping focus restores original zoom; a new replay snapshot does not (0.129833ms)
✔ membership labels distinguish source confirmation from later admission (0.51575ms)
✔ admission witness distinguishes confirmation dependency from geometric membership (0.088791ms)
✔ old or malformed evidence never invents an admission witness (0.07475ms)
✔ menus stay inside phone, keyboard and landscape viewports (0.652833ms)
✔ near-bottom controls open upwards without changing ordinary desktop width (0.096542ms)
✔ marker hit uses signed stacking offset for both directions, not candle position (1.42375ms)
✔ symbol size and invalid render positions are handled safely (0.220458ms)
✔ aborted late response cannot publish metadata even if transport ignores abort (36.372958ms)
✔ missing provenance or silently changed adjustment never reaches research (0.223042ms)
✔ reported gaps do not falsely label suspension or prevent inspecting valid candles (0.149334ms)
✔ history fetch consumes one verified range and publishes complete metadata only after validation (0.927708ms)
✔ unclosed response never updates provenance or reaches the backtest (0.326125ms)
✔ null, true zero, infinities and real 999 are distinct after JSON roundtrip (10.828166ms)
✔ single, saved and comparison results retain authoritative metric basis (25.461084ms)
✔ whole proof validated without mutation, and cross-role ownership remains visible (3.284542ms)
✔ stale, future, duplicated, incomplete, falsely completed and mismatched sources rejected (0.321959ms)
✔ base runs cannot masquerade as proofs or own multiple provisional regions (0.078792ms)
✔ blocked covers show full conflicts, never fabricated flattened blocks (0.096459ms)
✔ labels retain provisional scope (0.070542ms)
✔ all seven MA presets are available but only MA5 and MA10 start visible (2.630625ms)
✔ each chart session gets independent editable settings without changing presets (0.094833ms)
✔ MA presets retain the requested yellow, white, purple, green, cyan, orange, red palette (0.077333ms)
✔ legend retains every MA choice and explicit hidden states override stale chart selection (0.104917ms)
✔ cross-boundary details resolve actual input and nested ownership records (4.038125ms)
✔ unowned reverse evidence stays explicitly unowned for boundary rejection (0.145708ms)
✔ foreign witness can be shown for an otherwise single-owner candidate (0.107ms)
✔ legacy candidates do not invent missing conflict details (0.108ms)
✔ damaged detail is not presented: mismatched candidate sources (0.084291ms)
✔ damaged detail is not presented: wrong layer (0.067958ms)
✔ damaged detail is not presented: unknown reverse input (0.060041ms)
✔ damaged detail is not presented: wrong reverse range (0.255083ms)
✔ damaged detail is not presented: reverse overlaps prices (0.082583ms)
✔ damaged detail is not presented: future reverse confirmation (0.118583ms)
✔ damaged detail is not presented: wrong reverse time (0.069ms)
✔ damaged detail is not presented: incomplete domain list (0.076458ms)
✔ damaged detail is not presented: duplicate domains (0.050792ms)
✔ damaged detail is not presented: noncontinuous domain (0.048917ms)
✔ damaged detail is not presented: foreign domain misses witness (0.048542ms)
✔ damaged detail is not presented: false unowned witness (0.048875ms)
✔ damaged detail is not presented: missing nested record (0.051667ms)
✔ damaged detail is not presented: wrong reason (0.052583ms)
✔ only current owner revisions form the displayed ownership set (0.784958ms)
✔ internal provenance remains distinct and validates enclosing ownership (0.326417ms)
✔ parent-covered history is not labeled as an additional effective input (0.067459ms)
✔ nested provenance validates containment and strictly increasing input levels (0.166125ms)
✔ current owner labels are distinct from creation IDs and tolerate old snapshots (0.095625ms)
✔ summary mode lists every historical address, not just current versions (0.830834ms)
✔ full and missing legacy snapshots stay readable without inventing history (0.085875ms)
✔ all four analysis paths explicitly request summary delivery without changing input (0.355083ms)
✔ complete lifecycle stays chronological, does not mutate input, and uses Chinese labels (6.019792ms)
✔ legacy or future history is not invented (0.1435ms)
✔ dangling, reordered, duplicated, miscounted and conflicting histories fail closed (7.637916ms)
✔ equal counts cannot hide swapped source identities (0.086459ms)
✔ intermediate event boundaries must equal actual inherited and added sources (0.072375ms)
✔ input evidence must exist at the correct level and be available at admission (0.249333ms)
✔ invalid domain sources, membership and parent context fail closed (0.247209ms)
✔ leftward growth, shifted sources and newly filled merge gaps remain valid (0.15925ms)
✔ both periods exclude future and open candles while retaining original warm-up start (0.61225ms)
✔ snapshot observation time caps cutoff; bar start before cutoff is not enough (0.079292ms)
✔ no timeframe fallback or fabricated candles when historical minute range is unavailable (0.062333ms)
✔ index and board snapshots retain NONE adjustment, mismatch is rejected (0.217667ms)
✔ missing completion evidence, timezone timestamps and unordered bars fail explicitly (0.135583ms)
✔ week/month completion boundary comes from provider annotation, not day label (0.0995ms)
✔ matrix defaults to exactly the five requested periods in image order and six information columns (1.481333ms)
✔ does not turn current reversal observation into a confirmed opposite pen (0.156958ms)
✔ keeps true zero distinct from missing, and numerical display never overwrites original axis judgment (0.146583ms)
✔ keeps divergence family, extrema and actual confirmation separate; never drops records (9.7045ms)
✔ missing pen and divergence are bounded claims; quality limitations stay visible (0.365833ms)
✔ forming candles preserve OHLC and use dashed empty outlines (0.915584ms)
✔ forming volume and signed MACD columns preserve values and direction (0.122042ms)
✔ radar review captures row adjustment, exact minute, strategy and original cutoff (0.892916ms)
✔ invalid or legacy reviews fail explicitly without guessing data or adjustment (0.833167ms)
✔ exchange-local dates validate without browser timezone conversion (0.097375ms)
✔ review excludes future and unclosed bars, resets derived fingerprint and reports actual range without mutating source (1.498917ms)
✔ radar cache is owner scoped and malformed/legacy records never enter the UI (0.443333ms)
✔ late messages, close and errors from an old socket cannot affect replacement (1.884042ms)
✔ invalid messages and control responses never become ticks; close reason retained (0.39825ms)
✔ matching versions are selected by case identity without mutation (0.881375ms)
✔ future snapshots, wrong rules, incomplete chains and duplicate cases are rejected (0.224417ms)
✔ labels never confuse endpoint consistency or higher-centre proof with completion (0.137041ms)
✔ v2 keeps the detached prefix and v1 remains readable (0.306ms)
✔ v3 supports trend search while retaining the same ownership guards (0.106292ms)
✔ missing, duplicated, misattributed or silently completed prefix is rejected (0.299375ms)
✔ reincorporation is recorded explicitly instead of erasing detached history (0.121834ms)
✔ accepts bounded history and empty verified batches (0.492791ms)
✔ rejects wrong batch, future indices, broken sources and contradictory state (0.800583ms)
✔ research labels distinguish absence, release, retained and internal (0.320292ms)
✔ late old responses cannot own a newer research request (1.180334ms)
✔ submission fields are captured values, not mutable form references (3.371833ms)
✔ snapshot import keeps original data and normalizes optional display metadata (3.745917ms)
✔ reject invalid schema, periods, oversized arrays and impossible candle prices (0.315667ms)
✔ window is exchange local and bounded by the snapshot cutoff (0.492833ms)
✔ missing numbers and candidate status are never promoted (0.079625ms)
✔ amber projection resolves daily and minute labels, ignores open candle (0.267875ms)
✔ audit description translates permissions and never renders arbitrary detail fields (0.496125ms)
✔ audit time is explicitly Shanghai time and invalid data remains readable (40.866625ms)
✔ audit API preserves bounded pagination/filter state and authenticated credentials (21.656125ms)
✔ distinguishes no candidate, failed current audit, and actual invalidation without promoting legacy state (0.689334ms)
✔ filters independent families and directions without merging special and local dual-line evidence (2.532125ms)
✔ searches lifecycle dates and failure reasons with all terms required, retaining original source objects (0.17ms)
✔ searches diagnostic rejection history without silently reviving historical candidates (0.388ms)
✔ all excludes bc false, preserves input order and records, and does not infer missing direction (0.133375ms)
✔ legacy diagnostic family is standard, and empty diagnostics do not invent rejection records (0.098375ms)
✔ structural points retain their own confirmation and evidence, never deriving them from a MACD source (0.283667ms)
✔ M1 uses exact existing gates and remains a separate view of its original standard event (0.201417ms)
✔ combined date query finds independent point, prompt and event records without deduplication or additive counts (0.107208ms)
✔ chart date matches structured lifecycle timestamps, not coincidental prose dates (0.217084ms)
✔ minute evidence uses exact exchange-local minute, accepting T/space and refusing missing time (0.091875ms)
✔ chart date includes diagnostic ABC and rejection coverage without inventing open or reversed intervals (0.198709ms)
✔ date scope combines with all filters for structural points and original M1 sources (0.09125ms)
✔ new standard evidence explains price, old blocker and independent special lifecycle (1.038916ms)
✔ new gates include counts, boundary and dates without undefined placeholder (0.202125ms)
✔ legacy comparisons retain old detected confirmed and invalidated dates (0.152292ms)
✔ structure dates remove midnight noise without changing intraday precision (3.963333ms)
✔ centre evidence distinguishes fixed core, outer range and candidate expansion (1.067542ms)
✔ segment evidence includes source prices and reverse proof with one-based labels (0.200542ms)
✔ missing legacy evidence does not invent confirmation (0.107125ms)
✔ special inclusion explains boundary exception without labelling it an ordinary fractal (0.066959ms)
✔ centre relation history distinguishes current candidate from original separation (0.097041ms)
✔ confirmation replay translates raw indices without date matching (0.068ms)
✔ unknown, invalid or out-of-snapshot confirmations have no replay target (0.080625ms)
✔ connection badge validates shared time, price and alternating direction (0.114625ms)
✔ reverse preview uses observed extreme, not last close or a future target (0.888542ms)
✔ mirrored lows produce an upward reference (0.095667ms)
✔ no invented reference for missing, ambiguous, extending, or invalid inputs (0.0935ms)
✔ replay prefix cannot use a later extreme; ties retain first occurrence (0.08825ms)
✔ ongoing consolidation differs by color, line pattern, and fill (0.098875ms)
✔ cancelling is not terminal and elapsed values remain readable (0.883458ms)
✔ runBacktestWithPolling waits through cancelling and returns cancelled (17.31875ms)
✔ runBacktestWithPolling waits through cancelling and returns timed_out (1.041875ms)
✔ runSignalScanWithPolling waits through cancelling and returns cancelled (3.468459ms)
✔ runSignalScanWithPolling waits through cancelling and returns timed_out (3.031ms)
✔ cancel API uses POST, and partial cancelled scan results are never accepted (0.964792ms)
✔ persistent recovery and version mismatch are distinct from completion (0.316ms)
✔ terminal task deletion handles empty 204 and encodes identity (0.173917ms)
✔ checkpoint presence is not confused with verified reuse or task completion (0.625709ms)
✔ cached completed submission is retrieved rather than shown as running (0.274125ms)
✔ network failures are localized across WebKit, Chromium and Firefox (0.281792ms)
✔ tracking identity separates asset types, exchanges and board catalogues (1.6115ms)
✔ cloud book validates without silently dropping corrupt groups or duplicate entries (0.747792ms)
✔ expansion preserves every member and all board/direct sources, not a 200-row display page (1.522792ms)
✔ membership failure is explicit and malformed partial membership is never accepted (0.319917ms)
✔ batch runs sequentially, keeps partial errors and continues after a failed target (15.255125ms)
✔ cancellation marks in-flight and unstarted rows, ignoring a late success (0.16175ms)
✔ group breadth counts only available periods, never treats failed targets as neutral evidence (0.189166ms)
✔ exact current revision accepts only its own evidence without mutation (1.191ms)
✔ old partition, stale version, future evidence and false completion are rejected (0.279333ms)
✔ historical audit cannot import a later opposite segment (0.155417ms)
✔ empty partitions and higher-proof priority retain explicit blockers (0.088958ms)
✔ new blockers use Chinese labels without calling prerequisites completion (0.154167ms)
✔ missing comparison interval is explained in Chinese without inventing a date (0.626708ms)
✔ special diagnostics identify each A indicator witness rather than the price witness (0.174708ms)
✔ nonstandard DEA axis gate remains explicit without an improvement requirement (0.138708ms)
✔ DEA tolerance discloses research threshold, precise deviation and near-zero fallback (0.167125ms)
✔ wave evidence separates effective A from original wave and local pivots (0.729667ms)
✔ rounded equal line extrema disclose the precise failed values and witness times (0.1725ms)
✔ comparisons are explicitly research only and preserve B/C axis checks (0.114083ms)
✔ unformed candidate shows Chinese gates, two-decimal values and rejection dates (0.110666ms)
✔ new nonstandard audit explicitly uses full A and first-formed reverse evidence explains gaps (0.118292ms)
ℹ tests 277
ℹ suites 0
ℹ pass 277
ℹ fail 0
ℹ cancelled 0
ℹ skipped 0
ℹ todo 0
ℹ duration_ms 1107.803833
→ 打包中…
→ 运行测试…
京东方评级: D 分数: 34.3
维度明细: 卡玛比率=22.7, 最大回撤=27.5, 胜率=33.5, 利润因子=34.1, 夏普比率=41.5, 波动率=50.1
否决: 利润因子 1.11 接近 1，仅勉强盈亏平衡
长线优质策略评级: B 分数: 64.5
维度权重: 卡玛比率=28%, 最大回撤=26%, 胜率=0%, 利润因子=0%, 夏普比率=23%, 波动率=23%
优质案例评级: A 分数: 83.9
寻优点评级: A 74
组合重算指标: { '年化': '20.83%', '回撤': '0.80%', '夏普': '5.27', '卡玛': '26.03' }
稳定上涨组合评级: S 91.8
波动组合重算: { '回撤': '44.15%', '夏普': '-2.64', '持续': 60 }
波动组合评级: D 18.5
✔ 新版组合评级使用后端采样，不按图表柱数重新日线年化 (1.360667ms)
✔ 必要风险指标缺失不能展示为零风险或正常评级 (0.297375ms)
✔ 无穷比率不等于满分，真实零利润因子仍按亏损判断 (0.159416ms)
✔ 京东方回测必须评为 D 档（用户核心诉求验证点） (0.734ms)
✔ 京东方评分应在 30-43 区间（C 与 D 的边界） (0.190834ms)
✔ 低利润因子触发系统亏损否决 (0.08725ms)
✔ 样本不足（< 10 笔交易）降权但不否决整个评级 (0.260958ms)
✔ 用户实测场景：6年6笔交易 + 高夏普 → 应得 A/B（核心回归测试） (0.212625ms)
✔ 深回撤 > 60% 触发直接 D 否决 (0.113334ms)
✔ 优质回测应得 A 或 S 档 (0.144167ms)
✔ 高回撤但收益高 → 最高 B（一票否决 cap） (0.07875ms)
✔ 插值函数：边界值取端点分数 (0.058583ms)
✔ 插值函数：中间值线性插值 (0.060208ms)
✔ 寻优评级：4 维度降级版 (0.091208ms)
✔ 寻优评级：网格点交易太少 → 降权但评级照常 (0.068875ms)
✔ 组合评级：稳定上涨净值应得 A 或 S (1.552917ms)
✔ 组合评级：高波动深回撤净值 → 低档 (0.513583ms)
✔ combinedMetrics：单点净值返回全 0（兜底） (0.052542ms)
✔ 历史组合仅保留原值，不从曲线推断日线或重算评级 (0.574334ms)
✔ v1-v4、未知版本及不完整依据不伪装为新版结果 (0.662834ms)
✔ 新版结果使用已记录指标，真实 999 和零不被当作历史哨兵 (0.08125ms)
✔ 指标状态缺失或与数值冲突不能产出评级，包括被降权维度 (0.095875ms)
✔ 低交易样本的真实不可用逐笔指标仍可降权，不误拦截可用净值评级 (0.083875ms)
✔ 寻优逐行核验新版采样与候选状态，输入范围不替代候选证据 (0.108708ms)
✔ 完整快照保留精度、真实 0/999、全部指标及版本且不关联可变输入 (0.25275ms)
✔ 策略保存接受真实 Vue 响应式结果，不因 Proxy 无法 structuredClone 而失败 (0.529125ms)
✔ 再次保存历史指标不补造新版计算或评级依据 (0.0885ms)
✔ 对比展示原值并指出版本、周期、范围与利率差异，不自动重算 (0.278916ms)
ℹ tests 28
ℹ suites 0
ℹ pass 28
ℹ fail 0
ℹ cancelled 0
ℹ skipped 0
ℹ todo 0
ℹ duration_ms 102.083208
