
> web-ui@0.0.0 test
> node scripts/run-tests.mjs

✔ trade lookup keeps the exact minute across separators, precision and days (0.66325ms)
✔ date-only values cannot choose the midnight bar of an ambiguous day (0.079541ms)
✔ daily and duplicate exact timestamps keep first positional matches (0.077709ms)
✔ nanoseconds and timezone text are not truncated into a false match (0.089375ms)
✔ date labels preserve useful precision without local timezone conversion (0.089125ms)
✔ higher sources resolve actual records and separate original from current review time (2.373417ms)
✔ base sources and foreign witness rejection have distinct Chinese descriptions (0.205916ms)
✔ inconsistent candidate has no replay evidence: unknown reason (0.102292ms)
✔ inconsistent candidate has no replay evidence: prototype key (0.066083ms)
✔ inconsistent candidate has no replay evidence: future version (0.056292ms)
✔ inconsistent candidate has no replay evidence: future completion (0.04675ms)
✔ inconsistent candidate has no replay evidence: missing time (0.049125ms)
✔ inconsistent candidate has no replay evidence: empty source (0.722667ms)
✔ inconsistent candidate has no replay evidence: duplicate source (0.08475ms)
✔ inconsistent candidate has no replay evidence: unknown source (0.109458ms)
✔ inconsistent candidate has no replay evidence: mixed levels (0.069125ms)
✔ inconsistent candidate has no replay evidence: future child (0.063208ms)
✔ inconsistent candidate has no replay evidence: wrong child level (0.05225ms)
✔ inconsistent candidate has no replay evidence: duplicate record (0.045458ms)
✔ inconsistent candidate has no replay evidence: empty record range (0.05325ms)
✔ inconsistent candidate has no replay evidence: gap (0.046042ms)
✔ inconsistent candidate has no replay evidence: wrong parent range (0.039375ms)
✔ inconsistent candidate has no replay evidence: reversed sources (0.043125ms)
✔ inconsistent candidate has no replay evidence: unsafe base number (0.053167ms)
✔ 80 percent transparency is 20 percent alpha, for both candle directions (1.710167ms)
✔ transparency stays finite, integer, and bounded (0.107291ms)
✔ body is symmetric around the unchanged wick across widths and fractional positions (1.46975ms)
✔ horizontal candles preserve every price coordinate (0.10025ms)
✔ missing or non-finite candle layouts are left untouched (0.097541ms)
✔ native ECharts layout remains centred after resize, zoom and data replacement (198.4805ms)
✔ zooming out of large-data line mode restores centred candle bodies (16.051459ms)
✔ structure widths retain existing defaults and hover appearance (0.726875ms)
✔ manual values stay finite, bounded, and at two decimal places (0.137667ms)
✔ raw index overrides rounded dates, including zero (0.424125ms)
✔ legacy intraday dates never fall back to the first bar of the day (0.10425ms)
✔ duplicate formatted times fail safely without a raw index (0.070916ms)
✔ padding keeps the 23px marker plus radius inside the price pane (0.122166ms)
✔ flat, zero and negative ranges get finite padding; invalid extents do not (0.091625ms)
✔ single-bar time link is a thin line limited to each actual plot (0.87025ms)
✔ multi-bar time link has no border and clips to plot, never clamps offscreen data to an edge (0.098584ms)
✔ time links map daily coverage to all minute bars, not a matching ordinal (0.165ms)
✔ weekly and monthly end-labelled bars cover earlier constituent dates without changing data (1.259708ms)
✔ nearest marker wins regardless of signal family, only co-located points share chooser (0.17475ms)
✔ immutable request cache deduplicates pending work, isolates payload keys and retries errors (0.284875ms)
✔ all six structural types keep extrema and confirmation separate with original evidence (0.59575ms)
✔ legacy records do not invent confirmation or structural sources (0.126167ms)
✔ M1 keeps independent MACD source and original direction, never a structural type (0.311041ms)
✔ all chart layers override independent animation and progressive rendering (2.402333ms)
✔ rejects invalid saved zooms (0.767959ms)
✔ same-snapshot redraw keeps current manually chosen view (0.37925ms)
✔ focus redraw keeps manual zoom; clearing restores pre-focus view (0.18575ms)
✔ switching focus preserves the original return view (0.085041ms)
✔ new snapshot resets saved focus view and never revives old zoom (0.122042ms)
✔ default inactive; moving does not show cards and leaving does not deactivate (2.713667ms)
✔ object previews can read date-card activation without activating it (0.351458ms)
✔ click selects a point; outside click closes; inside click is not dismissed (0.129916ms)
✔ activated cards follow movement until outside dismissal, then require another click (0.110209ms)
✔ zoom clears stale coordinates but preserves activation (0.083833ms)
✔ data reset and Escape deactivate; teardown removes all handlers (0.108667ms)
✔ directed centre chain is candidate evidence, not completion (0.994041ms)
✔ touching, opposing, future, overlapping or malformed chains fail closed (0.261708ms)
✔ single-centre and legacy components remain readable (0.076584ms)
✔ inside, border, reversed y and overlapping rectangles resolve newest first (3.195083ms)
✔ invalid or missing render coordinates cannot create hits (0.093583ms)
✔ popup stays within narrow viewport and near-edge right click (1.111459ms)
✔ roles are Chinese and unknown roles never claim completion (1.983291ms)
✔ source ranges keep one-based indices without disguising gaps (0.289166ms)
✔ coverage checks counts, repeats and missing IDs (0.471583ms)
✔ missing, empty and rejected suffix are explicit (0.615917ms)
✔ invalid counts and empty blocks cannot pass the coverage audit (0.287875ms)
✔ uses raw indices, allows shared endpoints and bounds zoom padding (2.05975ms)
✔ does not invent a B interval or infer indices from formatted dates (0.238417ms)
✔ rejects partial, reversed, overlapping and out-of-snapshot evidence (0.131875ms)
✔ allows inspection of historical failed evidence without reviving it (0.1125ms)
✔ local proof draws frozen exact endpoints only after its actual confirmation (0.16375ms)
✔ dual-line divergence uses two exact raw indices, never artificial ABC ranges (0.082375ms)
✔ dual-line focus rejects missing, duplicate, reversed and out-of-range points (0.085ms)
✔ special wave focus uses AB and its extreme without inventing C (0.088791ms)
✔ direction, family and lifecycle have independent marker styles (0.995875ms)
✔ no-C dual-line remains a circle and fills only on first reverse-pen confirmation (2.140375ms)
✔ M1 is restricted to confirmed waves with a later actual confirmation (0.206584ms)
✔ four families retain independent records and nonstandard uses a triangle (0.225208ms)
✔ October 4 marker matrix uses shape for family and colour only for direction (0.747ms)
✔ special AB evidence separates A line extrema from both price anchors and legacy pivots (0.171542ms)
✔ history is opt-in, inactive stays grey hollow, never creates M1 (0.134333ms)
✔ every historical shape uses a continuous hollow contour, including on hover (0.141875ms)
✔ new nonstandard evidence relaxes prices only and records each subtype (0.136291ms)
✔ new dual rule cannot fill without recorded later local confirmation (0.108792ms)
✔ historical engineering match retains original timing without claiming regrouping completion (1.948666ms)
✔ future, stale, mismatched or incomplete evidence fails closed (0.30625ms)
✔ older snapshots and unmatched parts keep existing natural audit available (0.064917ms)
✔ engineering provenance uses the same one-based numbering as other inspectors (0.522833ms)
✔ mixed recursion distinguishes consolidation and trend from the old trend view (0.127875ms)
✔ unknown or reversed provenance is not presented as a completed trend (0.070958ms)
✔ indicator and price values use two decimals without inventing missing evidence (0.07325ms)
✔ recursive centre relations never call extension candidates completed types (0.081833ms)
✔ admissions distinguish unit confirmation from later failed-return admission (0.059834ms)
✔ display fields retain all text including dates, provenance, and secondary colons (0.781083ms)
✔ narrative, missing evidence, and timestamp headings remain whole (0.103208ms)
✔ selects the exact source without replacing missing comparison periods with the primary (0.811208ms)
✔ prefix audit preserves original warmup snapshot and its own instrument and period (0.462875ms)
✔ rejects invalid positions, missing identity and explicitly unclosed prefix data (0.19525ms)
✔ all candidate states distinguish eligibility from completed natural types (0.595708ms)
✔ opposite geometry identifies reused next-part evidence, including nonzero source IDs (0.593917ms)
✔ external opposite geometry is not added to candidate membership (0.103458ms)
✔ missing, stale, misattributed or future opposite geometry is not displayed as matched (0.138625ms)
✔ preferred endpoints are never called completed types; conflicts are retained (0.078458ms)
✔ opposite base turn is not same-level completion (0.091041ms)
✔ price formatting preserves zero and boundary contact, guards non-finite values (0.376042ms)
✔ candidate audit joins by identity, not response order (0.115541ms)
✔ part audit must match ordinal AND exact raw source IDs, including shifted IDs (0.150125ms)
✔ locates the three raw ranges without relabelling them as MACD or confirmed centres (3.082333ms)
✔ candidate must already be observable at the CURRENT replay prefix (0.18375ms)
✔ no incomplete, waiting or unsupported candidate is given a fabricated range (0.104208ms)
✔ raw bar boundaries must be contiguous and inside the visible window (0.142875ms)
✔ source partitions must cover every original segment once, preserving nonzero IDs (0.116792ms)
✔ conflicting geometric fallback remains viewable for manual audit (0.072792ms)
✔ clearing a regrouping focus restores original zoom; a new replay snapshot does not (0.113667ms)
✔ membership labels distinguish source confirmation from later admission (0.43925ms)
✔ admission witness distinguishes confirmation dependency from geometric membership (0.084542ms)
✔ old or malformed evidence never invents an admission witness (0.071458ms)
✔ menus stay inside phone, keyboard and landscape viewports (0.565084ms)
✔ near-bottom controls open upwards without changing ordinary desktop width (0.094417ms)
✔ marker hit uses signed stacking offset for both directions, not candle position (0.503125ms)
✔ symbol size and invalid render positions are handled safely (0.086959ms)
✔ aborted late response cannot publish metadata even if transport ignores abort (33.835375ms)
✔ missing provenance or silently changed adjustment never reaches research (0.159041ms)
✔ reported gaps do not falsely label suspension or prevent inspecting valid candles (0.114542ms)
✔ history fetch consumes one verified range and publishes complete metadata only after validation (0.549084ms)
✔ unclosed response never updates provenance or reaches the backtest (0.236208ms)
✔ null, true zero, infinities and real 999 are distinct after JSON roundtrip (0.442541ms)
✔ single, saved and comparison results retain authoritative metric basis (0.421458ms)
✔ whole proof validated without mutation, and cross-role ownership remains visible (2.584959ms)
✔ stale, future, duplicated, incomplete, falsely completed and mismatched sources rejected (0.526959ms)
✔ base runs cannot masquerade as proofs or own multiple provisional regions (0.104791ms)
✔ blocked covers show full conflicts, never fabricated flattened blocks (0.110667ms)
✔ labels retain provisional scope (0.071917ms)
✔ all seven MA presets are available but only MA5 and MA10 start visible (0.962166ms)
✔ each chart session gets independent editable settings without changing presets (0.084625ms)
✔ MA presets retain the requested yellow, white, purple, green, cyan, orange, red palette (0.078708ms)
✔ legend retains every MA choice and explicit hidden states override stale chart selection (0.110583ms)
✔ cross-boundary details resolve actual input and nested ownership records (1.329792ms)
✔ unowned reverse evidence stays explicitly unowned for boundary rejection (0.107334ms)
✔ foreign witness can be shown for an otherwise single-owner candidate (0.094167ms)
✔ legacy candidates do not invent missing conflict details (0.101334ms)
✔ damaged detail is not presented: mismatched candidate sources (0.081708ms)
✔ damaged detail is not presented: wrong layer (0.558375ms)
✔ damaged detail is not presented: unknown reverse input (0.10675ms)
✔ damaged detail is not presented: wrong reverse range (0.070709ms)
✔ damaged detail is not presented: reverse overlaps prices (0.088167ms)
✔ damaged detail is not presented: future reverse confirmation (0.117208ms)
✔ damaged detail is not presented: wrong reverse time (0.069042ms)
✔ damaged detail is not presented: incomplete domain list (0.069542ms)
✔ damaged detail is not presented: duplicate domains (0.053875ms)
✔ damaged detail is not presented: noncontinuous domain (0.045041ms)
✔ damaged detail is not presented: foreign domain misses witness (0.04975ms)
✔ damaged detail is not presented: false unowned witness (0.051333ms)
✔ damaged detail is not presented: missing nested record (0.055959ms)
✔ damaged detail is not presented: wrong reason (0.056166ms)
✔ only current owner revisions form the displayed ownership set (0.819459ms)
✔ internal provenance remains distinct and validates enclosing ownership (1.007375ms)
✔ parent-covered history is not labeled as an additional effective input (0.316917ms)
✔ nested provenance validates containment and strictly increasing input levels (0.218458ms)
✔ current owner labels are distinct from creation IDs and tolerate old snapshots (0.109083ms)
✔ summary mode lists every historical address, not just current versions (0.730333ms)
✔ full and missing legacy snapshots stay readable without inventing history (0.083959ms)
✔ all four analysis paths explicitly request summary delivery without changing input (0.350458ms)
✔ complete lifecycle stays chronological, does not mutate input, and uses Chinese labels (1.272667ms)
✔ legacy or future history is not invented (0.12025ms)
✔ dangling, reordered, duplicated, miscounted and conflicting histories fail closed (1.778834ms)
✔ equal counts cannot hide swapped source identities (0.088708ms)
✔ intermediate event boundaries must equal actual inherited and added sources (0.073542ms)
✔ input evidence must exist at the correct level and be available at admission (0.220167ms)
✔ invalid domain sources, membership and parent context fail closed (0.180208ms)
✔ leftward growth, shifted sources and newly filled merge gaps remain valid (0.145208ms)
✔ both periods exclude future and open candles while retaining original warm-up start (0.611875ms)
✔ snapshot observation time caps cutoff; bar start before cutoff is not enough (0.101334ms)
✔ no timeframe fallback or fabricated candles when historical minute range is unavailable (0.073958ms)
✔ index and board snapshots retain NONE adjustment, mismatch is rejected (0.227833ms)
✔ missing completion evidence, timezone timestamps and unordered bars fail explicitly (0.142ms)
✔ week/month completion boundary comes from provider annotation, not day label (0.415542ms)
✔ matrix defaults to exactly the five requested periods in image order and six information columns (0.943125ms)
✔ does not turn current reversal observation into a confirmed opposite pen (2.269959ms)
✔ keeps true zero distinct from missing, and numerical display never overwrites original axis judgment (0.983ms)
✔ keeps divergence family, extrema and actual confirmation separate; never drops records (12.014292ms)
✔ missing pen and divergence are bounded claims; quality limitations stay visible (1.810958ms)
✔ forming candles preserve OHLC and use dashed empty outlines (0.415166ms)
✔ forming volume and signed MACD columns preserve values and direction (0.095666ms)
✔ radar review captures row adjustment, exact minute, strategy and original cutoff (0.988625ms)
✔ invalid or legacy reviews fail explicitly without guessing data or adjustment (0.46675ms)
✔ exchange-local dates validate without browser timezone conversion (0.08825ms)
✔ review excludes future and unclosed bars, resets derived fingerprint and reports actual range without mutating source (1.508458ms)
✔ radar cache is owner scoped and malformed/legacy records never enter the UI (0.448625ms)
✔ late messages, close and errors from an old socket cannot affect replacement (0.812ms)
✔ invalid messages and control responses never become ticks; close reason retained (0.472167ms)
✔ matching versions are selected by case identity without mutation (1.740042ms)
✔ future snapshots, wrong rules, incomplete chains and duplicate cases are rejected (0.645375ms)
✔ labels never confuse endpoint consistency or higher-centre proof with completion (0.4245ms)
✔ v2 keeps the detached prefix and v1 remains readable (1.110042ms)
✔ v3 supports trend search while retaining the same ownership guards (0.392792ms)
✔ missing, duplicated, misattributed or silently completed prefix is rejected (0.837833ms)
✔ reincorporation is recorded explicitly instead of erasing detached history (0.7205ms)
✔ accepts bounded history and empty verified batches (0.514292ms)
✔ rejects wrong batch, future indices, broken sources and contradictory state (0.220042ms)
✔ research labels distinguish absence, release, retained and internal (0.079917ms)
✔ late old responses cannot own a newer research request (0.988667ms)
✔ submission fields are captured values, not mutable form references (1.83825ms)
✔ snapshot import keeps original data and normalizes optional display metadata (0.926333ms)
✔ reject invalid schema, periods, oversized arrays and impossible candle prices (0.376042ms)
✔ window is exchange local and bounded by the snapshot cutoff (0.457833ms)
✔ missing numbers and candidate status are never promoted (0.129208ms)
✔ amber projection resolves daily and minute labels, ignores open candle (17.924583ms)
✔ three workspaces are keyboard traversable without dropping an existing mode (1.59825ms)
✔ mobile comparison shows exactly the selected snapshot; desktop shows both (0.318833ms)
✔ inactive research never starts automatic work, valid active research does (0.20675ms)
✔ audit description translates permissions and never renders arbitrary detail fields (16.80825ms)
✔ audit time is explicitly Shanghai time and invalid data remains readable (38.37425ms)
✔ audit API preserves bounded pagination/filter state and authenticated credentials (18.668708ms)
✔ distinguishes no candidate, failed current audit, and actual invalidation without promoting legacy state (0.515792ms)
✔ filters independent families and directions without merging special and local dual-line evidence (12.997458ms)
✔ searches lifecycle dates and failure reasons with all terms required, retaining original source objects (0.171833ms)
✔ searches diagnostic rejection history without silently reviving historical candidates (0.395375ms)
✔ all excludes bc false, preserves input order and records, and does not infer missing direction (0.138416ms)
✔ legacy diagnostic family is standard, and empty diagnostics do not invent rejection records (0.110084ms)
✔ structural points retain their own confirmation and evidence, never deriving them from a MACD source (0.295417ms)
✔ M1 uses exact existing gates and remains a separate view of its original standard event (0.194459ms)
✔ combined date query finds independent point, prompt and event records without deduplication or additive counts (0.109584ms)
✔ chart date matches structured lifecycle timestamps, not coincidental prose dates (0.6335ms)
✔ minute evidence uses exact exchange-local minute, accepting T/space and refusing missing time (0.137917ms)
✔ chart date includes diagnostic ABC and rejection coverage without inventing open or reversed intervals (0.240375ms)
✔ date scope combines with all filters for structural points and original M1 sources (0.134625ms)
✔ new standard evidence explains price, old blocker and independent special lifecycle (1.066125ms)
✔ new gates include counts, boundary and dates without undefined placeholder (0.211292ms)
✔ legacy comparisons retain old detected confirmed and invalidated dates (0.146209ms)
✔ structure dates remove midnight noise without changing intraday precision (0.519166ms)
✔ centre evidence distinguishes fixed core, outer range and candidate expansion (0.569333ms)
✔ segment evidence includes source prices and reverse proof with one-based labels (1.666625ms)
✔ missing legacy evidence does not invent confirmation (0.279375ms)
✔ special inclusion explains boundary exception without labelling it an ordinary fractal (0.096375ms)
✔ centre relation history distinguishes current candidate from original separation (0.381542ms)
✔ confirmation replay translates raw indices without date matching (0.089916ms)
✔ unknown, invalid or out-of-snapshot confirmations have no replay target (0.086292ms)
✔ connection badge validates shared time, price and alternating direction (0.110875ms)
✔ reverse preview uses observed extreme, not last close or a future target (0.904ms)
✔ mirrored lows produce an upward reference (0.10275ms)
✔ no invented reference for missing, ambiguous, extending, or invalid inputs (0.118291ms)
✔ replay prefix cannot use a later extreme; ties retain first occurrence (0.101625ms)
✔ ongoing consolidation differs by color, line pattern, and fill (0.101292ms)
✔ cancelling is not terminal and elapsed values remain readable (3.936875ms)
✔ runBacktestWithPolling waits through cancelling and returns cancelled (18.808417ms)
✔ runBacktestWithPolling waits through cancelling and returns timed_out (2.708834ms)
✔ runSignalScanWithPolling waits through cancelling and returns cancelled (1.622083ms)
✔ runSignalScanWithPolling waits through cancelling and returns timed_out (1.552583ms)
✔ cancel API uses POST, and partial cancelled scan results are never accepted (1.277084ms)
✔ persistent recovery and version mismatch are distinct from completion (0.401166ms)
✔ terminal task deletion handles empty 204 and encodes identity (0.17625ms)
✔ checkpoint presence is not confused with verified reuse or task completion (0.617625ms)
✔ cached completed submission is retrieved rather than shown as running (0.985458ms)
✔ network failures are localized across WebKit, Chromium and Firefox (0.258ms)
✔ tracking identity separates asset types, exchanges and board catalogues (0.778333ms)
✔ cloud book validates without silently dropping corrupt groups or duplicate entries (0.612792ms)
✔ expansion preserves every member and all board/direct sources, not a 200-row display page (1.278167ms)
✔ membership failure is explicit and malformed partial membership is never accepted (0.210208ms)
✔ batch runs sequentially, keeps partial errors and continues after a failed target (18.130167ms)
✔ cancellation marks in-flight and unstarted rows, ignoring a late success (0.178875ms)
✔ group breadth counts only available periods, never treats failed targets as neutral evidence (0.205167ms)
✔ exact current revision accepts only its own evidence without mutation (1.2165ms)
✔ old partition, stale version, future evidence and false completion are rejected (0.319542ms)
✔ historical audit cannot import a later opposite segment (0.0865ms)
✔ empty partitions and higher-proof priority retain explicit blockers (0.072917ms)
✔ new blockers use Chinese labels without calling prerequisites completion (0.144791ms)
✔ missing comparison interval is explained in Chinese without inventing a date (0.603125ms)
✔ special diagnostics identify each A indicator witness rather than the price witness (0.528917ms)
✔ nonstandard DEA axis gate remains explicit without an improvement requirement (0.197958ms)
✔ DEA tolerance discloses research threshold, precise deviation and near-zero fallback (0.190208ms)
✔ wave evidence separates effective A from original wave and local pivots (0.45925ms)
✔ rounded equal line extrema disclose the precise failed values and witness times (0.146291ms)
✔ comparisons are explicitly research only and preserve B/C axis checks (0.115958ms)
✔ unformed candidate shows Chinese gates, two-decimal values and rejection dates (0.108125ms)
✔ new nonstandard audit explicitly uses full A and first-formed reverse evidence explains gaps (0.115375ms)
ℹ tests 280
ℹ suites 0
ℹ pass 280
ℹ fail 0
ℹ cancelled 0
ℹ skipped 0
ℹ todo 0
ℹ duration_ms 1206.714042
→ 打包中…
→ 运行测试…
京东方评级: D 分数: 34.3
维度明细: 卡玛比率=22.7, 最大回撤=27.5, 胜率=33.5, 利润因子=34.1, 夏普比率=41.5, 波动率=50.1
否决: 利润因子 1.11 接近 1，仅勉强盈亏平衡
长线优质策略评级: B 分数: 64.5
维度权重: 卡玛比率=28%, 最大回撤=26%, 胜率=0%, 利润因子=0%, 夏普比率=23%, 波动率=23%
优质案例评级: A 分数: 83.9
寻优点评级: A 74
组合重算指标: { '年化': '20.83%', '回撤': '0.80%', '夏普': '5.27', '卡玛': '26.03' }
稳定上涨组合评级: S 91.8
波动组合重算: { '回撤': '44.15%', '夏普': '-2.64', '持续': 60 }
波动组合评级: D 18.5
✔ 新版组合评级使用后端采样，不按图表柱数重新日线年化 (2.27075ms)
✔ 必要风险指标缺失不能展示为零风险或正常评级 (0.238125ms)
✔ 无穷比率不等于满分，真实零利润因子仍按亏损判断 (0.1385ms)
✔ 京东方回测必须评为 D 档（用户核心诉求验证点） (0.507792ms)
✔ 京东方评分应在 30-43 区间（C 与 D 的边界） (0.107958ms)
✔ 低利润因子触发系统亏损否决 (0.073333ms)
✔ 样本不足（< 10 笔交易）降权但不否决整个评级 (0.136208ms)
✔ 用户实测场景：6年6笔交易 + 高夏普 → 应得 A/B（核心回归测试） (0.629667ms)
✔ 深回撤 > 60% 触发直接 D 否决 (0.106625ms)
✔ 优质回测应得 A 或 S 档 (0.134541ms)
✔ 高回撤但收益高 → 最高 B（一票否决 cap） (0.159958ms)
✔ 插值函数：边界值取端点分数 (0.374125ms)
✔ 插值函数：中间值线性插值 (0.084709ms)
✔ 寻优评级：4 维度降级版 (0.129542ms)
✔ 寻优评级：网格点交易太少 → 降权但评级照常 (0.062334ms)
✔ 组合评级：稳定上涨净值应得 A 或 S (4.468458ms)
✔ 组合评级：高波动深回撤净值 → 低档 (0.503625ms)
✔ combinedMetrics：单点净值返回全 0（兜底） (0.048959ms)
✔ 历史组合仅保留原值，不从曲线推断日线或重算评级 (0.515167ms)
✔ v1-v4、未知版本及不完整依据不伪装为新版结果 (0.538292ms)
✔ 新版结果使用已记录指标，真实 999 和零不被当作历史哨兵 (0.06975ms)
✔ 指标状态缺失或与数值冲突不能产出评级，包括被降权维度 (0.087125ms)
✔ 低交易样本的真实不可用逐笔指标仍可降权，不误拦截可用净值评级 (0.080875ms)
✔ 寻优逐行核验新版采样与候选状态，输入范围不替代候选证据 (0.513125ms)
✔ 完整快照保留精度、真实 0/999、全部指标及版本且不关联可变输入 (0.189583ms)
✔ 策略保存接受真实 Vue 响应式结果，不因 Proxy 无法 structuredClone 而失败 (0.519208ms)
✔ 再次保存历史指标不补造新版计算或评级依据 (0.085958ms)
✔ 对比展示原值并指出版本、周期、范围与利率差异，不自动重算 (0.222292ms)
ℹ tests 28
ℹ suites 0
ℹ pass 28
ℹ fail 0
ℹ cancelled 0
ℹ skipped 0
ℹ todo 0
ℹ duration_ms 142.509958
