✔ higher sources resolve actual records and separate original from current review time (1.096917ms)
✔ base sources and foreign witness rejection have distinct Chinese descriptions (0.524792ms)
✔ inconsistent candidate has no replay evidence: unknown reason (0.126375ms)
✔ inconsistent candidate has no replay evidence: prototype key (0.077708ms)
✔ inconsistent candidate has no replay evidence: future version (0.060666ms)
✔ inconsistent candidate has no replay evidence: future completion (0.050166ms)
✔ inconsistent candidate has no replay evidence: missing time (0.652875ms)
✔ inconsistent candidate has no replay evidence: empty source (0.05575ms)
✔ inconsistent candidate has no replay evidence: duplicate source (0.057416ms)
✔ inconsistent candidate has no replay evidence: unknown source (0.103333ms)
✔ inconsistent candidate has no replay evidence: mixed levels (0.060417ms)
✔ inconsistent candidate has no replay evidence: future child (0.054042ms)
✔ inconsistent candidate has no replay evidence: wrong child level (0.044875ms)
✔ inconsistent candidate has no replay evidence: duplicate record (0.039875ms)
✔ inconsistent candidate has no replay evidence: empty record range (0.04375ms)
✔ inconsistent candidate has no replay evidence: gap (0.045292ms)
✔ inconsistent candidate has no replay evidence: wrong parent range (0.035834ms)
✔ inconsistent candidate has no replay evidence: reversed sources (0.041791ms)
✔ inconsistent candidate has no replay evidence: unsafe base number (0.044125ms)
✔ 80 percent transparency is 20 percent alpha, for both candle directions (0.9895ms)
✔ transparency stays finite, integer, and bounded (0.220667ms)
✔ body is symmetric around the unchanged wick across widths and fractional positions (3.159167ms)
✔ horizontal candles preserve every price coordinate (0.117917ms)
✔ missing or non-finite candle layouts are left untouched (0.118542ms)
✔ native ECharts layout remains centred after resize, zoom and data replacement (58.050375ms)
✔ zooming out of large-data line mode restores centred candle bodies (10.35275ms)
✔ structure widths retain existing defaults and hover appearance (0.820375ms)
✔ manual values stay finite, bounded, and at two decimal places (0.143291ms)
✔ raw index overrides rounded dates, including zero (0.498542ms)
✔ legacy intraday dates never fall back to the first bar of the day (0.10275ms)
✔ duplicate formatted times fail safely without a raw index (0.068ms)
✔ padding keeps the 23px marker plus radius inside the price pane (0.194917ms)
✔ flat, zero and negative ranges get finite padding; invalid extents do not (0.128667ms)
✔ single-bar time link is a thin line limited to each actual plot (2.611333ms)
✔ multi-bar time link has no border and clips to plot, never clamps offscreen data to an edge (0.148709ms)
✔ time links map daily coverage to all minute bars, not a matching ordinal (0.189542ms)
✔ weekly and monthly end-labelled bars cover earlier constituent dates without changing data (1.685084ms)
✔ nearest marker wins regardless of signal family, only co-located points share chooser (0.210875ms)
✔ immutable request cache deduplicates pending work, isolates payload keys and retries errors (0.574333ms)
✔ all six structural types keep extrema and confirmation separate with original evidence (0.582834ms)
✔ legacy records do not invent confirmation or structural sources (0.1355ms)
✔ M1 keeps independent MACD source and original direction, never a structural type (0.446125ms)
✔ all chart layers override independent animation and progressive rendering (0.806708ms)
✔ rejects invalid saved zooms (0.894292ms)
✔ same-snapshot redraw keeps current manually chosen view (0.144375ms)
✔ focus redraw keeps manual zoom; clearing restores pre-focus view (0.109333ms)
✔ switching focus preserves the original return view (0.076292ms)
✔ new snapshot resets saved focus view and never revives old zoom (0.175834ms)
✔ default inactive; moving does not show cards and leaving does not deactivate (0.913458ms)
✔ object previews can read date-card activation without activating it (0.216666ms)
✔ click selects a point; outside click closes; inside click is not dismissed (0.123417ms)
✔ activated cards follow movement until outside dismissal, then require another click (0.125958ms)
✔ zoom clears stale coordinates but preserves activation (0.133459ms)
✔ data reset and Escape deactivate; teardown removes all handlers (0.109708ms)
✔ directed centre chain is candidate evidence, not completion (0.92725ms)
✔ touching, opposing, future, overlapping or malformed chains fail closed (0.233375ms)
✔ single-centre and legacy components remain readable (0.064458ms)
✔ inside, border, reversed y and overlapping rectangles resolve newest first (0.825625ms)
✔ invalid or missing render coordinates cannot create hits (0.083208ms)
✔ popup stays within narrow viewport and near-edge right click (0.085583ms)
✔ roles are Chinese and unknown roles never claim completion (1.157333ms)
✔ source ranges keep one-based indices without disguising gaps (0.261ms)
✔ coverage checks counts, repeats and missing IDs (1.168375ms)
✔ missing, empty and rejected suffix are explicit (0.324208ms)
✔ invalid counts and empty blocks cannot pass the coverage audit (0.209667ms)
✔ uses raw indices, allows shared endpoints and bounds zoom padding (1.317708ms)
✔ does not invent a B interval or infer indices from formatted dates (0.1075ms)
✔ rejects partial, reversed, overlapping and out-of-snapshot evidence (0.120709ms)
✔ allows inspection of historical failed evidence without reviving it (0.107792ms)
✔ local proof draws frozen exact endpoints only after its actual confirmation (0.161ms)
✔ dual-line divergence uses two exact raw indices, never artificial ABC ranges (0.083708ms)
✔ dual-line focus rejects missing, duplicate, reversed and out-of-range points (0.089542ms)
✔ special wave focus uses AB and its extreme without inventing C (0.088792ms)
✔ direction, family and lifecycle have independent marker styles (0.597ms)
✔ no-C dual-line remains a circle and fills only on first reverse-pen confirmation (0.947958ms)
✔ M1 is restricted to confirmed waves with a later actual confirmation (2.821917ms)
✔ four families retain independent records and nonstandard uses a triangle (0.282ms)
✔ October 4 marker matrix uses shape for family and colour only for direction (0.939458ms)
✔ special AB evidence separates A line extrema from both price anchors and legacy pivots (0.249375ms)
✔ history is opt-in, inactive stays grey hollow, never creates M1 (0.132ms)
✔ every historical shape uses a continuous hollow contour, including on hover (0.137708ms)
✔ new nonstandard evidence relaxes prices only and records each subtype (0.116166ms)
✔ new dual rule cannot fill without recorded later local confirmation (0.101083ms)
✔ historical engineering match retains original timing without claiming regrouping completion (2.830542ms)
✔ future, stale, mismatched or incomplete evidence fails closed (0.937708ms)
✔ older snapshots and unmatched parts keep existing natural audit available (0.195416ms)
✔ engineering provenance uses the same one-based numbering as other inspectors (0.555375ms)
✔ mixed recursion distinguishes consolidation and trend from the old trend view (0.135084ms)
✔ unknown or reversed provenance is not presented as a completed trend (0.069417ms)
✔ indicator and price values use two decimals without inventing missing evidence (0.072916ms)
✔ recursive centre relations never call extension candidates completed types (0.083166ms)
✔ admissions distinguish unit confirmation from later failed-return admission (0.059958ms)
✔ display fields retain all text including dates, provenance, and secondary colons (0.786458ms)
✔ narrative, missing evidence, and timestamp headings remain whole (0.096958ms)
✔ all candidate states distinguish eligibility from completed natural types (1.513375ms)
✔ opposite geometry identifies reused next-part evidence, including nonzero source IDs (1.053125ms)
✔ external opposite geometry is not added to candidate membership (0.120458ms)
✔ missing, stale, misattributed or future opposite geometry is not displayed as matched (0.145917ms)
✔ preferred endpoints are never called completed types; conflicts are retained (0.079417ms)
✔ opposite base turn is not same-level completion (0.093375ms)
✔ price formatting preserves zero and boundary contact, guards non-finite values (0.11525ms)
✔ candidate audit joins by identity, not response order (0.079ms)
✔ part audit must match ordinal AND exact raw source IDs, including shifted IDs (0.15525ms)
✔ locates the three raw ranges without relabelling them as MACD or confirmed centres (1.632667ms)
✔ candidate must already be observable at the CURRENT replay prefix (0.185ms)
✔ no incomplete, waiting or unsupported candidate is given a fabricated range (0.103166ms)
✔ raw bar boundaries must be contiguous and inside the visible window (0.138583ms)
✔ source partitions must cover every original segment once, preserving nonzero IDs (0.123708ms)
✔ conflicting geometric fallback remains viewable for manual audit (0.075208ms)
✔ clearing a regrouping focus restores original zoom; a new replay snapshot does not (0.126208ms)
✔ membership labels distinguish source confirmation from later admission (0.743583ms)
✔ admission witness distinguishes confirmation dependency from geometric membership (0.101333ms)
✔ old or malformed evidence never invents an admission witness (0.076875ms)
✔ menus stay inside phone, keyboard and landscape viewports (0.57075ms)
✔ near-bottom controls open upwards without changing ordinary desktop width (0.093625ms)
✔ marker hit uses signed stacking offset for both directions, not candle position (1.1915ms)
✔ symbol size and invalid render positions are handled safely (0.41225ms)
✔ missing provenance or silently changed adjustment never reaches research (0.575625ms)
✔ reported gaps do not falsely label suspension or prevent inspecting valid candles (0.122125ms)
✔ whole proof validated without mutation, and cross-role ownership remains visible (2.348166ms)
✔ stale, future, duplicated, incomplete, falsely completed and mismatched sources rejected (0.712291ms)
✔ base runs cannot masquerade as proofs or own multiple provisional regions (0.163ms)
✔ blocked covers show full conflicts, never fabricated flattened blocks (0.203459ms)
✔ labels retain provisional scope (0.148667ms)
✔ all seven MA presets are available but only MA5 and MA10 start visible (5.0185ms)
✔ each chart session gets independent editable settings without changing presets (0.43475ms)
✔ MA presets retain the requested yellow, white, purple, green, cyan, orange, red palette (0.532167ms)
✔ legend retains every MA choice and explicit hidden states override stale chart selection (0.777625ms)
✔ cross-boundary details resolve actual input and nested ownership records (3.214084ms)
✔ unowned reverse evidence stays explicitly unowned for boundary rejection (0.127208ms)
✔ foreign witness can be shown for an otherwise single-owner candidate (0.558584ms)
✔ legacy candidates do not invent missing conflict details (0.603542ms)
✔ damaged detail is not presented: mismatched candidate sources (0.993584ms)
✔ damaged detail is not presented: wrong layer (0.097ms)
✔ damaged detail is not presented: unknown reverse input (0.07375ms)
✔ damaged detail is not presented: wrong reverse range (0.061792ms)
✔ damaged detail is not presented: reverse overlaps prices (0.068042ms)
✔ damaged detail is not presented: future reverse confirmation (0.107208ms)
✔ damaged detail is not presented: wrong reverse time (0.06475ms)
✔ damaged detail is not presented: incomplete domain list (0.065958ms)
✔ damaged detail is not presented: duplicate domains (0.046875ms)
✔ damaged detail is not presented: noncontinuous domain (0.041542ms)
✔ damaged detail is not presented: foreign domain misses witness (0.047834ms)
✔ damaged detail is not presented: false unowned witness (0.049083ms)
✔ damaged detail is not presented: missing nested record (0.055667ms)
✔ damaged detail is not presented: wrong reason (0.057875ms)
✔ only current owner revisions form the displayed ownership set (1.264167ms)
✔ internal provenance remains distinct and validates enclosing ownership (2.560708ms)
✔ parent-covered history is not labeled as an additional effective input (0.079458ms)
✔ nested provenance validates containment and strictly increasing input levels (0.168625ms)
✔ current owner labels are distinct from creation IDs and tolerate old snapshots (0.101417ms)
✔ summary mode lists every historical address, not just current versions (3.229666ms)
✔ full and missing legacy snapshots stay readable without inventing history (1.83775ms)
✔ all four analysis paths explicitly request summary delivery without changing input (0.850875ms)
✔ complete lifecycle stays chronological, does not mutate input, and uses Chinese labels (1.277792ms)
✔ legacy or future history is not invented (0.120041ms)
✔ dangling, reordered, duplicated, miscounted and conflicting histories fail closed (1.498625ms)
✔ equal counts cannot hide swapped source identities (0.288583ms)
✔ intermediate event boundaries must equal actual inherited and added sources (0.161417ms)
✔ input evidence must exist at the correct level and be available at admission (0.214833ms)
✔ invalid domain sources, membership and parent context fail closed (0.5195ms)
✔ leftward growth, shifted sources and newly filled merge gaps remain valid (0.549292ms)
✔ both periods exclude future and open candles while retaining original warm-up start (0.620834ms)
✔ snapshot observation time caps cutoff; bar start before cutoff is not enough (0.087ms)
✔ no timeframe fallback or fabricated candles when historical minute range is unavailable (0.07725ms)
✔ index and board snapshots retain NONE adjustment, mismatch is rejected (0.215917ms)
✔ missing completion evidence, timezone timestamps and unordered bars fail explicitly (0.142834ms)
✔ week/month completion boundary comes from provider annotation, not day label (0.11575ms)
✔ forming candles preserve OHLC and use dashed empty outlines (1.116666ms)
✔ forming volume and signed MACD columns preserve values and direction (0.241375ms)
✔ matching versions are selected by case identity without mutation (0.881542ms)
✔ future snapshots, wrong rules, incomplete chains and duplicate cases are rejected (0.208042ms)
✔ labels never confuse endpoint consistency or higher-centre proof with completion (0.12875ms)
✔ v2 keeps the detached prefix and v1 remains readable (0.297375ms)
✔ v3 supports trend search while retaining the same ownership guards (0.118292ms)
✔ missing, duplicated, misattributed or silently completed prefix is rejected (0.303625ms)
✔ reincorporation is recorded explicitly instead of erasing detached history (0.675666ms)
✔ accepts bounded history and empty verified batches (0.50075ms)
✔ rejects wrong batch, future indices, broken sources and contradictory state (0.249542ms)
✔ research labels distinguish absence, release, retained and internal (0.081208ms)
✔ snapshot import keeps original data and normalizes optional display metadata (1.494209ms)
✔ reject invalid schema, periods, oversized arrays and impossible candle prices (0.711625ms)
✔ window is exchange local and bounded by the snapshot cutoff (0.468333ms)
✔ missing numbers and candidate status are never promoted (0.078542ms)
✔ amber projection resolves daily and minute labels, ignores open candle (0.264083ms)
✔ new standard evidence explains price, old blocker and independent special lifecycle (1.156167ms)
✔ new gates include counts, boundary and dates without undefined placeholder (2.113083ms)
✔ legacy comparisons retain old detected confirmed and invalidated dates (0.337875ms)
✔ structure dates remove midnight noise without changing intraday precision (1.235375ms)
✔ centre evidence distinguishes fixed core, outer range and candidate expansion (0.699042ms)
✔ segment evidence includes source prices and reverse proof with one-based labels (0.195041ms)
✔ missing legacy evidence does not invent confirmation (0.124292ms)
✔ special inclusion explains boundary exception without labelling it an ordinary fractal (0.0695ms)
✔ centre relation history distinguishes current candidate from original separation (0.6845ms)
✔ confirmation replay translates raw indices without date matching (0.26225ms)
✔ unknown, invalid or out-of-snapshot confirmations have no replay target (0.218417ms)
✔ connection badge validates shared time, price and alternating direction (0.328666ms)
✔ reverse preview uses observed extreme, not last close or a future target (1.557834ms)
✔ mirrored lows produce an upward reference (0.16925ms)
✔ no invented reference for missing, ambiguous, extending, or invalid inputs (0.112042ms)
✔ replay prefix cannot use a later extreme; ties retain first occurrence (0.107458ms)
✔ ongoing consolidation differs by color, line pattern, and fill (0.112208ms)
✔ exact current revision accepts only its own evidence without mutation (1.146209ms)
✔ old partition, stale version, future evidence and false completion are rejected (0.283083ms)
✔ historical audit cannot import a later opposite segment (0.08375ms)
✔ empty partitions and higher-proof priority retain explicit blockers (0.072958ms)
✔ new blockers use Chinese labels without calling prerequisites completion (0.140042ms)
✔ special diagnostics identify each A indicator witness rather than the price witness (0.639708ms)
✔ nonstandard DEA axis gate remains explicit without an improvement requirement (0.145125ms)
✔ DEA tolerance discloses research threshold, precise deviation and near-zero fallback (0.221125ms)
✔ wave evidence separates effective A from original wave and local pivots (0.272875ms)
✔ rounded equal line extrema disclose the precise failed values and witness times (0.617875ms)
✔ comparisons are explicitly research only and preserve B/C axis checks (0.183083ms)
✔ unformed candidate shows Chinese gates, two-decimal values and rejection dates (0.122542ms)
✔ new nonstandard audit explicitly uses full A and first-formed reverse evidence explains gaps (0.12425ms)
ℹ tests 215
ℹ suites 0
ℹ pass 215
ℹ fail 0
ℹ cancelled 0
ℹ skipped 0
ℹ todo 0
ℹ duration_ms 925.391791
