
> web-ui@0.0.0 test
> node scripts/run-tests.mjs

✔ trade lookup keeps the exact minute across separators, precision and days (8.952791ms)
✔ date-only values cannot choose the midnight bar of an ambiguous day (0.488875ms)
✔ daily and duplicate exact timestamps keep first positional matches (0.136834ms)
✔ nanoseconds and timezone text are not truncated into a false match (0.100916ms)
✔ date labels preserve useful precision without local timezone conversion (1.960625ms)
✔ higher sources resolve actual records and separate original from current review time (1.057708ms)
✔ base sources and foreign witness rejection have distinct Chinese descriptions (0.09325ms)
✔ inconsistent candidate has no replay evidence: unknown reason (0.085333ms)
✔ inconsistent candidate has no replay evidence: prototype key (0.071ms)
✔ inconsistent candidate has no replay evidence: future version (0.065209ms)
✔ inconsistent candidate has no replay evidence: future completion (0.053542ms)
✔ inconsistent candidate has no replay evidence: missing time (0.049667ms)
✔ inconsistent candidate has no replay evidence: empty source (0.486042ms)
✔ inconsistent candidate has no replay evidence: duplicate source (0.069167ms)
✔ inconsistent candidate has no replay evidence: unknown source (0.099958ms)
✔ inconsistent candidate has no replay evidence: mixed levels (0.061292ms)
✔ inconsistent candidate has no replay evidence: future child (0.053584ms)
✔ inconsistent candidate has no replay evidence: wrong child level (0.050083ms)
✔ inconsistent candidate has no replay evidence: duplicate record (0.042042ms)
✔ inconsistent candidate has no replay evidence: empty record range (0.045958ms)
✔ inconsistent candidate has no replay evidence: gap (0.043875ms)
✔ inconsistent candidate has no replay evidence: wrong parent range (0.0355ms)
✔ inconsistent candidate has no replay evidence: reversed sources (0.042167ms)
✔ inconsistent candidate has no replay evidence: unsafe base number (0.046833ms)
✔ 80 percent transparency is 20 percent alpha, for both candle directions (0.432666ms)
✔ transparency stays finite, integer, and bounded (0.083208ms)
✔ body is symmetric around the unchanged wick across widths and fractional positions (1.519958ms)
✔ horizontal candles preserve every price coordinate (0.11475ms)
✔ missing or non-finite candle layouts are left untouched (0.122458ms)
✔ native ECharts layout remains centred after resize, zoom and data replacement (65.738333ms)
✔ zooming out of large-data line mode restores centred candle bodies (13.415375ms)
✔ structure widths retain existing defaults and hover appearance (1.031375ms)
✔ manual values stay finite, bounded, and at two decimal places (0.13675ms)
✔ raw index overrides rounded dates, including zero (0.441916ms)
✔ legacy intraday dates never fall back to the first bar of the day (0.104541ms)
✔ duplicate formatted times fail safely without a raw index (0.074667ms)
✔ padding keeps the 23px marker plus radius inside the price pane (0.112291ms)
✔ flat, zero and negative ranges get finite padding; invalid extents do not (0.076041ms)
✔ single-bar time link is a thin line limited to each actual plot (2.6185ms)
✔ multi-bar time link has no border and clips to plot, never clamps offscreen data to an edge (0.212875ms)
✔ time links map daily coverage to all minute bars, not a matching ordinal (0.576792ms)
✔ weekly and monthly end-labelled bars cover earlier constituent dates without changing data (1.88475ms)
✔ nearest marker wins regardless of signal family, only co-located points share chooser (0.52525ms)
✔ immutable request cache deduplicates pending work, isolates payload keys and retries errors (0.832917ms)
✔ all six structural types keep extrema and confirmation separate with original evidence (5.022791ms)
✔ legacy records do not invent confirmation or structural sources (0.402792ms)
✔ M1 keeps independent MACD source and original direction, never a structural type (2.640458ms)
✔ all chart layers override independent animation and progressive rendering (0.765875ms)
✔ rejects invalid saved zooms (0.798875ms)
✔ same-snapshot redraw keeps current manually chosen view (0.103917ms)
✔ focus redraw keeps manual zoom; clearing restores pre-focus view (0.088875ms)
✔ switching focus preserves the original return view (0.068084ms)
✔ new snapshot resets saved focus view and never revives old zoom (0.06675ms)
✔ default inactive; moving does not show cards and leaving does not deactivate (0.868709ms)
✔ object previews can read date-card activation without activating it (0.166084ms)
✔ click selects a point; outside click closes; inside click is not dismissed (0.126042ms)
✔ activated cards follow movement until outside dismissal, then require another click (0.20075ms)
✔ zoom clears stale coordinates but preserves activation (0.081958ms)
✔ data reset and Escape deactivate; teardown removes all handlers (0.099875ms)
✔ archive requests bind current owner and bypass browser cache (46.5185ms)
✔ account change discards delayed success and delayed errors (0.583667ms)
✔ unauthenticated archive requests do not reach server; structured conflicts remain actionable (0.290959ms)
✔ upload retries retain immutable captured body and all numerical precision (0.670041ms)
✔ directed centre chain is candidate evidence, not completion (0.942083ms)
✔ touching, opposing, future, overlapping or malformed chains fail closed (1.190416ms)
✔ single-centre and legacy components remain readable (0.0845ms)
✔ inside, border, reversed y and overlapping rectangles resolve newest first (0.854292ms)
✔ invalid or missing render coordinates cannot create hits (0.08275ms)
✔ popup stays within narrow viewport and near-edge right click (0.087667ms)
✔ roles are Chinese and unknown roles never claim completion (0.409834ms)
✔ source ranges keep one-based indices without disguising gaps (0.116792ms)
✔ coverage checks counts, repeats and missing IDs (0.195625ms)
✔ missing, empty and rejected suffix are explicit (0.070333ms)
✔ invalid counts and empty blocks cannot pass the coverage audit (0.071459ms)
✔ uses raw indices, allows shared endpoints and bounds zoom padding (0.884042ms)
✔ does not invent a B interval or infer indices from formatted dates (0.096375ms)
✔ rejects partial, reversed, overlapping and out-of-snapshot evidence (0.118958ms)
✔ allows inspection of historical failed evidence without reviving it (0.107166ms)
✔ local proof draws frozen exact endpoints only after its actual confirmation (0.158708ms)
✔ dual-line divergence uses two exact raw indices, never artificial ABC ranges (0.081958ms)
✔ dual-line focus rejects missing, duplicate, reversed and out-of-range points (0.080833ms)
✔ special wave focus uses AB and its extreme without inventing C (0.092584ms)
✔ direction, family and lifecycle have independent marker styles (0.608834ms)
✔ no-C dual-line remains a circle and fills only on first reverse-pen confirmation (0.801916ms)
✔ M1 is restricted to confirmed waves with a later actual confirmation (1.421125ms)
✔ four families retain independent records and nonstandard uses a triangle (0.799084ms)
✔ October 4 marker matrix uses shape for family and colour only for direction (0.159958ms)
✔ special AB evidence separates A line extrema from both price anchors and legacy pivots (0.143375ms)
✔ history is opt-in, inactive stays grey hollow, never creates M1 (0.122917ms)
✔ every historical shape uses a continuous hollow contour, including on hover (0.131708ms)
✔ new nonstandard evidence relaxes prices only and records each subtype (0.129667ms)
✔ new dual rule cannot fill without recorded later local confirmation (0.104666ms)
✔ historical engineering match retains original timing without claiming regrouping completion (1.735334ms)
✔ future, stale, mismatched or incomplete evidence fails closed (0.303917ms)
✔ older snapshots and unmatched parts keep existing natural audit available (0.063167ms)
✔ engineering provenance uses the same one-based numbering as other inspectors (0.52725ms)
✔ mixed recursion distinguishes consolidation and trend from the old trend view (0.13875ms)
✔ unknown or reversed provenance is not presented as a completed trend (0.080166ms)
✔ indicator and price values use two decimals without inventing missing evidence (0.071208ms)
✔ recursive centre relations never call extension candidates completed types (0.083625ms)
✔ admissions distinguish unit confirmation from later failed-return admission (0.054875ms)
✔ display fields retain all text including dates, provenance, and secondary colons (0.747542ms)
✔ narrative, missing evidence, and timestamp headings remain whole (0.094ms)
✔ selects the exact source without replacing missing comparison periods with the primary (0.41675ms)
✔ prefix audit preserves original warmup snapshot and its own instrument and period (1.080917ms)
✔ rejects invalid positions, missing identity and explicitly unclosed prefix data (0.213292ms)
✔ all candidate states distinguish eligibility from completed natural types (0.511542ms)
✔ opposite geometry identifies reused next-part evidence, including nonzero source IDs (0.542667ms)
✔ external opposite geometry is not added to candidate membership (0.095583ms)
✔ missing, stale, misattributed or future opposite geometry is not displayed as matched (0.132416ms)
✔ preferred endpoints are never called completed types; conflicts are retained (0.076041ms)
✔ opposite base turn is not same-level completion (0.096708ms)
✔ price formatting preserves zero and boundary contact, guards non-finite values (0.105584ms)
✔ candidate audit joins by identity, not response order (0.077416ms)
✔ part audit must match ordinal AND exact raw source IDs, including shifted IDs (0.143667ms)
✔ locates the three raw ranges without relabelling them as MACD or confirmed centres (2.122125ms)
✔ candidate must already be observable at the CURRENT replay prefix (0.167292ms)
✔ no incomplete, waiting or unsupported candidate is given a fabricated range (0.099958ms)
✔ raw bar boundaries must be contiguous and inside the visible window (0.133875ms)
✔ source partitions must cover every original segment once, preserving nonzero IDs (0.119291ms)
✔ conflicting geometric fallback remains viewable for manual audit (0.074958ms)
✔ clearing a regrouping focus restores original zoom; a new replay snapshot does not (0.12275ms)
✔ membership labels distinguish source confirmation from later admission (0.476625ms)
✔ admission witness distinguishes confirmation dependency from geometric membership (0.089792ms)
✔ old or malformed evidence never invents an admission witness (0.075083ms)
✔ menus stay inside phone, keyboard and landscape viewports (0.584417ms)
✔ near-bottom controls open upwards without changing ordinary desktop width (0.097542ms)
✔ marker hit uses signed stacking offset for both directions, not candle position (0.465ms)
✔ symbol size and invalid render positions are handled safely (0.086917ms)
✔ aborted late response cannot publish metadata even if transport ignores abort (105.79225ms)
✔ missing provenance or silently changed adjustment never reaches research (0.44375ms)
✔ reported gaps do not falsely label suspension or prevent inspecting valid candles (0.265041ms)
✔ history fetch consumes one verified range and publishes complete metadata only after validation (1.737042ms)
✔ unclosed response never updates provenance or reaches the backtest (1.139916ms)
✔ null, true zero, infinities and real 999 are distinct after JSON roundtrip (0.462083ms)
✔ single, saved and comparison results retain authoritative metric basis (0.456334ms)
✔ whole proof validated without mutation, and cross-role ownership remains visible (0.931375ms)
✔ stale, future, duplicated, incomplete, falsely completed and mismatched sources rejected (0.336209ms)
✔ base runs cannot masquerade as proofs or own multiple provisional regions (0.074417ms)
✔ blocked covers show full conflicts, never fabricated flattened blocks (0.096209ms)
✔ labels retain provisional scope (0.068416ms)
✔ all seven MA presets are available but only MA5 and MA10 start visible (2.539792ms)
✔ each chart session gets independent editable settings without changing presets (0.108417ms)
✔ MA presets retain the requested yellow, white, purple, green, cyan, orange, red palette (0.081417ms)
✔ legend retains every MA choice and explicit hidden states override stale chart selection (0.112333ms)
✔ cross-boundary details resolve actual input and nested ownership records (1.2615ms)
✔ unowned reverse evidence stays explicitly unowned for boundary rejection (0.109375ms)
✔ foreign witness can be shown for an otherwise single-owner candidate (3.104959ms)
✔ legacy candidates do not invent missing conflict details (0.622625ms)
✔ damaged detail is not presented: mismatched candidate sources (0.146333ms)
✔ damaged detail is not presented: wrong layer (0.074666ms)
✔ damaged detail is not presented: unknown reverse input (5.274792ms)
✔ damaged detail is not presented: wrong reverse range (0.074084ms)
✔ damaged detail is not presented: reverse overlaps prices (0.081542ms)
✔ damaged detail is not presented: future reverse confirmation (0.118459ms)
✔ damaged detail is not presented: wrong reverse time (0.070417ms)
✔ damaged detail is not presented: incomplete domain list (0.073792ms)
✔ damaged detail is not presented: duplicate domains (0.0505ms)
✔ damaged detail is not presented: noncontinuous domain (0.043375ms)
✔ damaged detail is not presented: foreign domain misses witness (0.049292ms)
✔ damaged detail is not presented: false unowned witness (0.298292ms)
✔ damaged detail is not presented: missing nested record (0.738292ms)
✔ damaged detail is not presented: wrong reason (0.070459ms)
✔ only current owner revisions form the displayed ownership set (1.830167ms)
✔ internal provenance remains distinct and validates enclosing ownership (0.766ms)
✔ parent-covered history is not labeled as an additional effective input (0.236542ms)
✔ nested provenance validates containment and strictly increasing input levels (0.241917ms)
✔ current owner labels are distinct from creation IDs and tolerate old snapshots (0.102333ms)
✔ summary mode lists every historical address, not just current versions (0.743792ms)
✔ full and missing legacy snapshots stay readable without inventing history (0.079708ms)
✔ all four analysis paths explicitly request summary delivery without changing input (0.328625ms)
✔ complete lifecycle stays chronological, does not mutate input, and uses Chinese labels (1.262458ms)
✔ legacy or future history is not invented (0.119667ms)
✔ dangling, reordered, duplicated, miscounted and conflicting histories fail closed (0.86ms)
✔ equal counts cannot hide swapped source identities (0.0685ms)
✔ intermediate event boundaries must equal actual inherited and added sources (0.0655ms)
✔ input evidence must exist at the correct level and be available at admission (0.189708ms)
✔ invalid domain sources, membership and parent context fail closed (0.162583ms)
✔ leftward growth, shifted sources and newly filled merge gaps remain valid (0.130458ms)
✔ both periods exclude future and open candles while retaining original warm-up start (0.570875ms)
✔ snapshot observation time caps cutoff; bar start before cutoff is not enough (0.080375ms)
✔ no timeframe fallback or fabricated candles when historical minute range is unavailable (0.078333ms)
✔ index and board snapshots retain NONE adjustment, mismatch is rejected (0.212583ms)
✔ missing completion evidence, timezone timestamps and unordered bars fail explicitly (0.132125ms)
✔ week/month completion boundary comes from provider annotation, not day label (0.096667ms)
✔ matrix defaults to exactly the five requested periods in image order and six information columns (0.887167ms)
✔ does not turn current reversal observation into a confirmed opposite pen (0.159166ms)
✔ keeps true zero distinct from missing, and numerical display never overwrites original axis judgment (0.116583ms)
✔ keeps divergence family, extrema and actual confirmation separate; never drops records (10.017083ms)
✔ missing pen and divergence are bounded claims; quality limitations stay visible (0.188334ms)
✔ forming candles preserve OHLC and use dashed empty outlines (0.407ms)
✔ forming volume and signed MACD columns preserve values and direction (0.093458ms)
✔ radar review captures row adjustment, exact minute, strategy and original cutoff (0.84875ms)
✔ invalid or legacy reviews fail explicitly without guessing data or adjustment (0.722708ms)
✔ exchange-local dates validate without browser timezone conversion (0.088ms)
✔ review excludes future and unclosed bars, resets derived fingerprint and reports actual range without mutating source (0.94775ms)
✔ radar cache is owner scoped and malformed/legacy records never enter the UI (0.369792ms)
✔ late messages, close and errors from an old socket cannot affect replacement (0.783083ms)
✔ invalid messages and control responses never become ticks; close reason retained (0.154ms)
✔ matching versions are selected by case identity without mutation (0.885792ms)
✔ future snapshots, wrong rules, incomplete chains and duplicate cases are rejected (0.212875ms)
✔ labels never confuse endpoint consistency or higher-centre proof with completion (0.1375ms)
✔ v2 keeps the detached prefix and v1 remains readable (0.29975ms)
✔ v3 supports trend search while retaining the same ownership guards (0.111541ms)
✔ missing, duplicated, misattributed or silently completed prefix is rejected (0.322917ms)
✔ reincorporation is recorded explicitly instead of erasing detached history (0.136708ms)
✔ accepts bounded history and empty verified batches (0.502125ms)
✔ rejects wrong batch, future indices, broken sources and contradictory state (0.227666ms)
✔ research labels distinguish absence, release, retained and internal (0.074417ms)
✔ late old responses cannot own a newer research request (0.448875ms)
✔ submission fields are captured values, not mutable form references (0.395166ms)
✔ snapshot import keeps original data and normalizes optional display metadata (0.933958ms)
✔ reject invalid schema, periods, oversized arrays and impossible candle prices (0.274042ms)
✔ window is exchange local and bounded by the snapshot cutoff (0.478333ms)
✔ missing numbers and candidate status are never promoted (0.092417ms)
✔ amber projection resolves daily and minute labels, ignores open candle (0.270375ms)
✔ three workspaces are keyboard traversable without dropping an existing mode (0.784875ms)
✔ mobile comparison shows exactly the selected snapshot; desktop shows both (0.100375ms)
✔ inactive research never starts automatic work, valid active research does (0.083042ms)
✔ audit description translates permissions and never renders arbitrary detail fields (10.576208ms)
✔ audit time is explicitly Shanghai time and invalid data remains readable (31.347583ms)
✔ audit API preserves bounded pagination/filter state and authenticated credentials (14.961125ms)
✔ distinguishes no candidate, failed current audit, and actual invalidation without promoting legacy state (0.700166ms)
✔ filters independent families and directions without merging special and local dual-line evidence (3.841917ms)
✔ searches lifecycle dates and failure reasons with all terms required, retaining original source objects (0.137167ms)
✔ searches diagnostic rejection history without silently reviving historical candidates (0.392542ms)
✔ all excludes bc false, preserves input order and records, and does not infer missing direction (0.13725ms)
✔ legacy diagnostic family is standard, and empty diagnostics do not invent rejection records (0.095916ms)
✔ structural points retain their own confirmation and evidence, never deriving them from a MACD source (0.280958ms)
✔ M1 uses exact existing gates and remains a separate view of its original standard event (0.186125ms)
✔ combined date query finds independent point, prompt and event records without deduplication or additive counts (0.106333ms)
✔ chart date matches structured lifecycle timestamps, not coincidental prose dates (0.230458ms)
✔ minute evidence uses exact exchange-local minute, accepting T/space and refusing missing time (0.093459ms)
✔ chart date includes diagnostic ABC and rejection coverage without inventing open or reversed intervals (0.2015ms)
✔ date scope combines with all filters for structural points and original M1 sources (0.094042ms)
✔ new standard evidence explains price, old blocker and independent special lifecycle (1.136208ms)
✔ new gates include counts, boundary and dates without undefined placeholder (0.389792ms)
✔ legacy comparisons retain old detected confirmed and invalidated dates (0.187542ms)
✔ structure dates remove midnight noise without changing intraday precision (1.493375ms)
✔ centre evidence distinguishes fixed core, outer range and candidate expansion (8.17225ms)
✔ segment evidence includes source prices and reverse proof with one-based labels (1.792167ms)
✔ missing legacy evidence does not invent confirmation (0.125625ms)
✔ special inclusion explains boundary exception without labelling it an ordinary fractal (0.071833ms)
✔ centre relation history distinguishes current candidate from original separation (0.104875ms)
✔ confirmation replay translates raw indices without date matching (0.069625ms)
✔ unknown, invalid or out-of-snapshot confirmations have no replay target (0.076208ms)
✔ connection badge validates shared time, price and alternating direction (0.100334ms)
✔ reverse preview uses observed extreme, not last close or a future target (0.866417ms)
✔ mirrored lows produce an upward reference (0.098625ms)
✔ no invented reference for missing, ambiguous, extending, or invalid inputs (0.101958ms)
✔ replay prefix cannot use a later extreme; ties retain first occurrence (0.110416ms)
✔ ongoing consolidation differs by color, line pattern, and fill (0.105708ms)
✔ cancelling is not terminal and elapsed values remain readable (5.556416ms)
✔ runBacktestWithPolling waits through cancelling and returns cancelled (13.913334ms)
✔ runBacktestWithPolling waits through cancelling and returns timed_out (0.596708ms)
✔ runSignalScanWithPolling waits through cancelling and returns cancelled (1.7285ms)
✔ runSignalScanWithPolling waits through cancelling and returns timed_out (1.755459ms)
✔ cancel API uses POST, and partial cancelled scan results are never accepted (0.428125ms)
✔ persistent recovery and version mismatch are distinct from completion (0.278584ms)
✔ terminal task deletion handles empty 204 and encodes identity (0.141666ms)
✔ checkpoint presence is not confused with verified reuse or task completion (0.313583ms)
✔ cached completed submission is retrieved rather than shown as running (0.517625ms)
✔ network failures are localized across WebKit, Chromium and Firefox (0.204958ms)
✔ tracking identity separates asset types, exchanges and board catalogues (0.745584ms)
✔ cloud book validates without silently dropping corrupt groups or duplicate entries (0.608208ms)
✔ expansion preserves every member and all board/direct sources, not a 200-row display page (2.005459ms)
✔ membership failure is explicit and malformed partial membership is never accepted (0.256417ms)
✔ batch runs sequentially, keeps partial errors and continues after a failed target (10.069208ms)
✔ cancellation marks in-flight and unstarted rows, ignoring a late success (0.183792ms)
✔ group breadth counts only available periods, never treats failed targets as neutral evidence (0.316791ms)
✔ exact current revision accepts only its own evidence without mutation (3.802ms)
✔ old partition, stale version, future evidence and false completion are rejected (0.366625ms)
✔ historical audit cannot import a later opposite segment (0.083333ms)
✔ empty partitions and higher-proof priority retain explicit blockers (0.140541ms)
✔ new blockers use Chinese labels without calling prerequisites completion (0.227084ms)
✔ missing comparison interval is explained in Chinese without inventing a date (0.573542ms)
✔ special diagnostics identify each A indicator witness rather than the price witness (0.166ms)
✔ nonstandard DEA axis gate remains explicit without an improvement requirement (0.128ms)
✔ DEA tolerance discloses research threshold, precise deviation and near-zero fallback (0.169042ms)
✔ wave evidence separates effective A from original wave and local pivots (0.713875ms)
✔ rounded equal line extrema disclose the precise failed values and witness times (0.132625ms)
✔ comparisons are explicitly research only and preserve B/C axis checks (0.105708ms)
✔ unformed candidate shows Chinese gates, two-decimal values and rejection dates (0.10925ms)
✔ new nonstandard audit explicitly uses full A and first-formed reverse evidence explains gaps (0.114791ms)
ℹ tests 284
ℹ suites 0
ℹ pass 284
ℹ fail 0
ℹ cancelled 0
ℹ skipped 0
ℹ todo 0
ℹ duration_ms 997.578041
→ 打包中…
→ 运行测试…
京东方评级: D 分数: 34.3
维度明细: 卡玛比率=22.7, 最大回撤=27.5, 胜率=33.5, 利润因子=34.1, 夏普比率=41.5, 波动率=50.1
否决: 利润因子 1.11 接近 1，仅勉强盈亏平衡
长线优质策略评级: B 分数: 64.5
维度权重: 卡玛比率=28%, 最大回撤=26%, 胜率=0%, 利润因子=0%, 夏普比率=23%, 波动率=23%
优质案例评级: A 分数: 83.9
寻优点评级: A 74
组合重算指标: { '年化': '20.83%', '回撤': '0.80%', '夏普': '5.27', '卡玛': '26.03' }
稳定上涨组合评级: S 91.8
波动组合重算: { '回撤': '44.15%', '夏普': '-2.64', '持续': 60 }
波动组合评级: D 18.5
✔ 新版组合评级使用后端采样，不按图表柱数重新日线年化 (1.696959ms)
✔ 必要风险指标缺失不能展示为零风险或正常评级 (0.230667ms)
✔ 无穷比率不等于满分，真实零利润因子仍按亏损判断 (0.133375ms)
✔ 京东方回测必须评为 D 档（用户核心诉求验证点） (0.476708ms)
✔ 京东方评分应在 30-43 区间（C 与 D 的边界） (0.104125ms)
✔ 低利润因子触发系统亏损否决 (0.067833ms)
✔ 样本不足（< 10 笔交易）降权但不否决整个评级 (0.129916ms)
✔ 用户实测场景：6年6笔交易 + 高夏普 → 应得 A/B（核心回归测试） (0.136375ms)
✔ 深回撤 > 60% 触发直接 D 否决 (0.101709ms)
✔ 优质回测应得 A 或 S 档 (0.466125ms)
✔ 高回撤但收益高 → 最高 B（一票否决 cap） (0.257292ms)
✔ 插值函数：边界值取端点分数 (0.075292ms)
✔ 插值函数：中间值线性插值 (0.048375ms)
✔ 寻优评级：4 维度降级版 (0.114791ms)
✔ 寻优评级：网格点交易太少 → 降权但评级照常 (0.056041ms)
✔ 组合评级：稳定上涨净值应得 A 或 S (1.542542ms)
✔ 组合评级：高波动深回撤净值 → 低档 (0.511792ms)
✔ combinedMetrics：单点净值返回全 0（兜底） (0.055541ms)
✔ 历史组合仅保留原值，不从曲线推断日线或重算评级 (0.591958ms)
✔ v1-v4、未知版本及不完整依据不伪装为新版结果 (0.787166ms)
✔ 新版结果使用已记录指标，真实 999 和零不被当作历史哨兵 (0.081125ms)
✔ 指标状态缺失或与数值冲突不能产出评级，包括被降权维度 (0.098041ms)
✔ 低交易样本的真实不可用逐笔指标仍可降权，不误拦截可用净值评级 (0.087875ms)
✔ 寻优逐行核验新版采样与候选状态，输入范围不替代候选证据 (0.108125ms)
✔ 完整快照保留精度、真实 0/999、全部指标及版本且不关联可变输入 (0.831042ms)
✔ 策略保存接受真实 Vue 响应式结果，不因 Proxy 无法 structuredClone 而失败 (0.579666ms)
✔ 再次保存历史指标不补造新版计算或评级依据 (0.101833ms)
✔ 对比展示原值并指出版本、周期、范围与利率差异，不自动重算 (0.2585ms)
ℹ tests 28
ℹ suites 0
ℹ pass 28
ℹ fail 0
ℹ cancelled 0
ℹ skipped 0
ℹ todo 0
ℹ duration_ms 99.540541
