
> web-ui@0.0.0 test
> node scripts/run-tests.mjs

✔ higher sources resolve actual records and separate original from current review time (1.11475ms)
✔ base sources and foreign witness rejection have distinct Chinese descriptions (0.149916ms)
✔ inconsistent candidate has no replay evidence: unknown reason (0.102666ms)
✔ inconsistent candidate has no replay evidence: prototype key (0.067625ms)
✔ inconsistent candidate has no replay evidence: future version (0.0595ms)
✔ inconsistent candidate has no replay evidence: future completion (0.0485ms)
✔ inconsistent candidate has no replay evidence: missing time (0.092917ms)
✔ inconsistent candidate has no replay evidence: empty source (1.267125ms)
✔ inconsistent candidate has no replay evidence: duplicate source (0.075542ms)
✔ inconsistent candidate has no replay evidence: unknown source (0.174958ms)
✔ inconsistent candidate has no replay evidence: mixed levels (0.074ms)
✔ inconsistent candidate has no replay evidence: future child (0.063417ms)
✔ inconsistent candidate has no replay evidence: wrong child level (0.056417ms)
✔ inconsistent candidate has no replay evidence: duplicate record (0.048125ms)
✔ inconsistent candidate has no replay evidence: empty record range (0.219166ms)
✔ inconsistent candidate has no replay evidence: gap (0.272541ms)
✔ inconsistent candidate has no replay evidence: wrong parent range (0.156666ms)
✔ inconsistent candidate has no replay evidence: reversed sources (0.11925ms)
✔ inconsistent candidate has no replay evidence: unsafe base number (0.143208ms)
✔ 80 percent transparency is 20 percent alpha, for both candle directions (1.130833ms)
✔ transparency stays finite, integer, and bounded (0.115584ms)
✔ body is symmetric around the unchanged wick across widths and fractional positions (1.7545ms)
✔ horizontal candles preserve every price coordinate (0.104875ms)
✔ missing or non-finite candle layouts are left untouched (0.114667ms)
✔ native ECharts layout remains centred after resize, zoom and data replacement (67.095167ms)
✔ zooming out of large-data line mode restores centred candle bodies (9.644958ms)
✔ structure widths retain existing defaults and hover appearance (0.820625ms)
✔ manual values stay finite, bounded, and at two decimal places (0.1385ms)
✔ raw index overrides rounded dates, including zero (0.743875ms)
✔ legacy intraday dates never fall back to the first bar of the day (0.34125ms)
✔ duplicate formatted times fail safely without a raw index (0.093625ms)
✔ padding keeps the 23px marker plus radius inside the price pane (0.36325ms)
✔ flat, zero and negative ranges get finite padding; invalid extents do not (0.098959ms)
✔ single-bar time link is a thin line limited to each actual plot (2.319959ms)
✔ multi-bar time link has no border and clips to plot, never clamps offscreen data to an edge (0.105833ms)
✔ time links map daily coverage to all minute bars, not a matching ordinal (0.172583ms)
✔ weekly and monthly end-labelled bars cover earlier constituent dates without changing data (2.381833ms)
✔ nearest marker wins regardless of signal family, only co-located points share chooser (0.191625ms)
✔ immutable request cache deduplicates pending work, isolates payload keys and retries errors (0.447833ms)
✔ all six structural types keep extrema and confirmation separate with original evidence (0.647458ms)
✔ legacy records do not invent confirmation or structural sources (0.138625ms)
✔ M1 keeps independent MACD source and original direction, never a structural type (0.562875ms)
✔ all chart layers override independent animation and progressive rendering (0.81975ms)
✔ rejects invalid saved zooms (3.581916ms)
✔ same-snapshot redraw keeps current manually chosen view (0.142ms)
✔ focus redraw keeps manual zoom; clearing restores pre-focus view (0.077ms)
✔ switching focus preserves the original return view (0.064916ms)
✔ new snapshot resets saved focus view and never revives old zoom (0.064333ms)
✔ default inactive; moving does not show cards and leaving does not deactivate (1.051208ms)
✔ object previews can read date-card activation without activating it (0.5205ms)
✔ click selects a point; outside click closes; inside click is not dismissed (0.295ms)
✔ activated cards follow movement until outside dismissal, then require another click (0.281333ms)
✔ zoom clears stale coordinates but preserves activation (0.185333ms)
✔ data reset and Escape deactivate; teardown removes all handlers (0.476708ms)
✔ directed centre chain is candidate evidence, not completion (1.036583ms)
✔ touching, opposing, future, overlapping or malformed chains fail closed (0.268584ms)
✔ single-centre and legacy components remain readable (0.073167ms)
✔ inside, border, reversed y and overlapping rectangles resolve newest first (0.814791ms)
✔ invalid or missing render coordinates cannot create hits (0.080333ms)
✔ popup stays within narrow viewport and near-edge right click (0.08175ms)
✔ roles are Chinese and unknown roles never claim completion (0.416ms)
✔ source ranges keep one-based indices without disguising gaps (0.309416ms)
✔ coverage checks counts, repeats and missing IDs (0.626542ms)
✔ missing, empty and rejected suffix are explicit (0.210209ms)
✔ invalid counts and empty blocks cannot pass the coverage audit (0.192917ms)
✔ uses raw indices, allows shared endpoints and bounds zoom padding (0.905083ms)
✔ does not invent a B interval or infer indices from formatted dates (0.551083ms)
✔ rejects partial, reversed, overlapping and out-of-snapshot evidence (0.385417ms)
✔ allows inspection of historical failed evidence without reviving it (0.327666ms)
✔ local proof draws frozen exact endpoints only after its actual confirmation (0.375834ms)
✔ dual-line divergence uses two exact raw indices, never artificial ABC ranges (0.116625ms)
✔ dual-line focus rejects missing, duplicate, reversed and out-of-range points (0.100917ms)
✔ special wave focus uses AB and its extreme without inventing C (0.097166ms)
✔ direction, family and lifecycle have independent marker styles (0.583459ms)
✔ no-C dual-line remains a circle and fills only on first reverse-pen confirmation (2.285083ms)
✔ M1 is restricted to confirmed waves with a later actual confirmation (0.79475ms)
✔ four families retain independent records and nonstandard uses a triangle (0.334459ms)
✔ October 4 marker matrix uses shape for family and colour only for direction (0.157708ms)
✔ special AB evidence separates A line extrema from both price anchors and legacy pivots (0.148375ms)
✔ history is opt-in, inactive stays grey hollow, never creates M1 (0.11975ms)
✔ every historical shape uses a continuous hollow contour, including on hover (0.141542ms)
✔ new nonstandard evidence relaxes prices only and records each subtype (0.121375ms)
✔ new dual rule cannot fill without recorded later local confirmation (0.102334ms)
✔ historical engineering match retains original timing without claiming regrouping completion (1.042209ms)
✔ future, stale, mismatched or incomplete evidence fails closed (0.345208ms)
✔ older snapshots and unmatched parts keep existing natural audit available (0.309833ms)
✔ engineering provenance uses the same one-based numbering as other inspectors (0.683167ms)
✔ mixed recursion distinguishes consolidation and trend from the old trend view (0.172792ms)
✔ unknown or reversed provenance is not presented as a completed trend (0.071875ms)
✔ indicator and price values use two decimals without inventing missing evidence (0.088667ms)
✔ recursive centre relations never call extension candidates completed types (0.071083ms)
✔ admissions distinguish unit confirmation from later failed-return admission (0.0615ms)
✔ display fields retain all text including dates, provenance, and secondary colons (0.829042ms)
✔ narrative, missing evidence, and timestamp headings remain whole (0.102958ms)
✔ all candidate states distinguish eligibility from completed natural types (1.02275ms)
✔ opposite geometry identifies reused next-part evidence, including nonzero source IDs (0.584333ms)
✔ external opposite geometry is not added to candidate membership (0.102083ms)
✔ missing, stale, misattributed or future opposite geometry is not displayed as matched (0.159667ms)
✔ preferred endpoints are never called completed types; conflicts are retained (0.084125ms)
✔ opposite base turn is not same-level completion (0.104208ms)
✔ price formatting preserves zero and boundary contact, guards non-finite values (0.119584ms)
✔ candidate audit joins by identity, not response order (0.345875ms)
✔ part audit must match ordinal AND exact raw source IDs, including shifted IDs (2.011792ms)
✔ locates the three raw ranges without relabelling them as MACD or confirmed centres (2.736291ms)
✔ candidate must already be observable at the CURRENT replay prefix (0.218041ms)
✔ no incomplete, waiting or unsupported candidate is given a fabricated range (0.103875ms)
✔ raw bar boundaries must be contiguous and inside the visible window (0.178875ms)
✔ source partitions must cover every original segment once, preserving nonzero IDs (0.141875ms)
✔ conflicting geometric fallback remains viewable for manual audit (0.084708ms)
✔ clearing a regrouping focus restores original zoom; a new replay snapshot does not (0.407666ms)
✔ membership labels distinguish source confirmation from later admission (0.476959ms)
✔ admission witness distinguishes confirmation dependency from geometric membership (0.087917ms)
✔ old or malformed evidence never invents an admission witness (0.069666ms)
✔ menus stay inside phone, keyboard and landscape viewports (0.976083ms)
✔ near-bottom controls open upwards without changing ordinary desktop width (0.119417ms)
✔ marker hit uses signed stacking offset for both directions, not candle position (1.016958ms)
✔ symbol size and invalid render positions are handled safely (0.203292ms)
✔ aborted late response cannot publish metadata even if transport ignores abort (35.15425ms)
✔ missing provenance or silently changed adjustment never reaches research (0.200875ms)
✔ reported gaps do not falsely label suspension or prevent inspecting valid candles (0.117ms)
✔ history fetch consumes one verified range and publishes complete metadata only after validation (0.653ms)
✔ unclosed response never updates provenance or reaches the backtest (0.294625ms)
✔ whole proof validated without mutation, and cross-role ownership remains visible (0.988708ms)
✔ stale, future, duplicated, incomplete, falsely completed and mismatched sources rejected (0.341541ms)
✔ base runs cannot masquerade as proofs or own multiple provisional regions (0.077584ms)
✔ blocked covers show full conflicts, never fabricated flattened blocks (0.100459ms)
✔ labels retain provisional scope (0.064625ms)
✔ all seven MA presets are available but only MA5 and MA10 start visible (0.808833ms)
✔ each chart session gets independent editable settings without changing presets (0.08275ms)
✔ MA presets retain the requested yellow, white, purple, green, cyan, orange, red palette (0.076792ms)
✔ legend retains every MA choice and explicit hidden states override stale chart selection (0.107333ms)
✔ cross-boundary details resolve actual input and nested ownership records (2.192542ms)
✔ unowned reverse evidence stays explicitly unowned for boundary rejection (0.152916ms)
✔ foreign witness can be shown for an otherwise single-owner candidate (0.107041ms)
✔ legacy candidates do not invent missing conflict details (0.267708ms)
✔ damaged detail is not presented: mismatched candidate sources (1.992666ms)
✔ damaged detail is not presented: wrong layer (0.076166ms)
✔ damaged detail is not presented: unknown reverse input (0.066708ms)
✔ damaged detail is not presented: wrong reverse range (0.06ms)
✔ damaged detail is not presented: reverse overlaps prices (0.065584ms)
✔ damaged detail is not presented: future reverse confirmation (1.258333ms)
✔ damaged detail is not presented: wrong reverse time (0.093042ms)
✔ damaged detail is not presented: incomplete domain list (0.082208ms)
✔ damaged detail is not presented: duplicate domains (0.057167ms)
✔ damaged detail is not presented: noncontinuous domain (0.044875ms)
✔ damaged detail is not presented: foreign domain misses witness (0.049708ms)
✔ damaged detail is not presented: false unowned witness (0.052ms)
✔ damaged detail is not presented: missing nested record (0.054583ms)
✔ damaged detail is not presented: wrong reason (0.055ms)
✔ only current owner revisions form the displayed ownership set (23.07775ms)
✔ internal provenance remains distinct and validates enclosing ownership (0.363667ms)
✔ parent-covered history is not labeled as an additional effective input (0.072917ms)
✔ nested provenance validates containment and strictly increasing input levels (0.168959ms)
✔ current owner labels are distinct from creation IDs and tolerate old snapshots (0.096875ms)
✔ summary mode lists every historical address, not just current versions (31.409875ms)
✔ full and missing legacy snapshots stay readable without inventing history (3.53975ms)
✔ all four analysis paths explicitly request summary delivery without changing input (15.97775ms)
✔ complete lifecycle stays chronological, does not mutate input, and uses Chinese labels (1.819167ms)
✔ legacy or future history is not invented (0.458541ms)
✔ dangling, reordered, duplicated, miscounted and conflicting histories fail closed (1.219625ms)
✔ equal counts cannot hide swapped source identities (0.078375ms)
✔ intermediate event boundaries must equal actual inherited and added sources (0.08ms)
✔ input evidence must exist at the correct level and be available at admission (0.190375ms)
✔ invalid domain sources, membership and parent context fail closed (0.157041ms)
✔ leftward growth, shifted sources and newly filled merge gaps remain valid (0.237584ms)
✔ both periods exclude future and open candles while retaining original warm-up start (18.249083ms)
✔ snapshot observation time caps cutoff; bar start before cutoff is not enough (0.526667ms)
✔ no timeframe fallback or fabricated candles when historical minute range is unavailable (0.427542ms)
✔ index and board snapshots retain NONE adjustment, mismatch is rejected (1.382875ms)
✔ missing completion evidence, timezone timestamps and unordered bars fail explicitly (0.713416ms)
✔ week/month completion boundary comes from provider annotation, not day label (0.153875ms)
✔ forming candles preserve OHLC and use dashed empty outlines (0.523458ms)
✔ forming volume and signed MACD columns preserve values and direction (0.107667ms)
✔ late messages, close and errors from an old socket cannot affect replacement (2.667292ms)
✔ invalid messages and control responses never become ticks; close reason retained (4.516125ms)
✔ matching versions are selected by case identity without mutation (1.895167ms)
✔ future snapshots, wrong rules, incomplete chains and duplicate cases are rejected (0.4485ms)
✔ labels never confuse endpoint consistency or higher-centre proof with completion (0.15825ms)
✔ v2 keeps the detached prefix and v1 remains readable (1.384791ms)
✔ v3 supports trend search while retaining the same ownership guards (0.162541ms)
✔ missing, duplicated, misattributed or silently completed prefix is rejected (0.373875ms)
✔ reincorporation is recorded explicitly instead of erasing detached history (0.161333ms)
✔ accepts bounded history and empty verified batches (0.551709ms)
✔ rejects wrong batch, future indices, broken sources and contradictory state (0.222709ms)
✔ research labels distinguish absence, release, retained and internal (0.073167ms)
✔ late old responses cannot own a newer research request (0.477834ms)
✔ submission fields are captured values, not mutable form references (3.94475ms)
✔ snapshot import keeps original data and normalizes optional display metadata (4.67175ms)
✔ reject invalid schema, periods, oversized arrays and impossible candle prices (0.325ms)
✔ window is exchange local and bounded by the snapshot cutoff (1.493625ms)
✔ missing numbers and candidate status are never promoted (0.120875ms)
✔ amber projection resolves daily and minute labels, ignores open candle (1.592042ms)
✔ audit description translates permissions and never renders arbitrary detail fields (0.548ms)
✔ audit time is explicitly Shanghai time and invalid data remains readable (118.124542ms)
✔ audit API preserves bounded pagination/filter state and authenticated credentials (28.938667ms)
✔ new standard evidence explains price, old blocker and independent special lifecycle (2.780125ms)
✔ new gates include counts, boundary and dates without undefined placeholder (0.949875ms)
✔ legacy comparisons retain old detected confirmed and invalidated dates (0.183625ms)
✔ structure dates remove midnight noise without changing intraday precision (1.9405ms)
✔ centre evidence distinguishes fixed core, outer range and candidate expansion (0.605583ms)
✔ segment evidence includes source prices and reverse proof with one-based labels (0.524042ms)
✔ missing legacy evidence does not invent confirmation (0.132625ms)
✔ special inclusion explains boundary exception without labelling it an ordinary fractal (0.076333ms)
✔ centre relation history distinguishes current candidate from original separation (0.121125ms)
✔ confirmation replay translates raw indices without date matching (0.072458ms)
✔ unknown, invalid or out-of-snapshot confirmations have no replay target (0.079209ms)
✔ connection badge validates shared time, price and alternating direction (0.168334ms)
✔ reverse preview uses observed extreme, not last close or a future target (2.700917ms)
✔ mirrored lows produce an upward reference (0.115459ms)
✔ no invented reference for missing, ambiguous, extending, or invalid inputs (0.1095ms)
✔ replay prefix cannot use a later extreme; ties retain first occurrence (0.097875ms)
✔ ongoing consolidation differs by color, line pattern, and fill (0.11425ms)
✔ cancelling is not terminal and elapsed values remain readable (0.473708ms)
✔ runBacktestWithPolling waits through cancelling and returns cancelled (40.2765ms)
✔ runBacktestWithPolling waits through cancelling and returns timed_out (4.051042ms)
✔ runSignalScanWithPolling waits through cancelling and returns cancelled (1.198ms)
✔ runSignalScanWithPolling waits through cancelling and returns timed_out (0.645833ms)
✔ cancel API uses POST, and partial cancelled scan results are never accepted (1.16325ms)
✔ exact current revision accepts only its own evidence without mutation (1.636292ms)
✔ old partition, stale version, future evidence and false completion are rejected (0.353375ms)
✔ historical audit cannot import a later opposite segment (0.154834ms)
✔ empty partitions and higher-proof priority retain explicit blockers (0.08225ms)
✔ new blockers use Chinese labels without calling prerequisites completion (0.912083ms)
✔ missing comparison interval is explained in Chinese without inventing a date (0.615834ms)
✔ special diagnostics identify each A indicator witness rather than the price witness (0.169209ms)
✔ nonstandard DEA axis gate remains explicit without an improvement requirement (0.152625ms)
✔ DEA tolerance discloses research threshold, precise deviation and near-zero fallback (0.163333ms)
✔ wave evidence separates effective A from original wave and local pivots (0.682ms)
✔ rounded equal line extrema disclose the precise failed values and witness times (0.123666ms)
✔ comparisons are explicitly research only and preserve B/C axis checks (0.099125ms)
✔ unformed candidate shows Chinese gates, two-decimal values and rejection dates (0.097917ms)
✔ new nonstandard audit explicitly uses full A and first-formed reverse evidence explains gaps (0.102833ms)
ℹ tests 232
ℹ suites 0
ℹ pass 232
ℹ fail 0
ℹ cancelled 0
ℹ skipped 0
ℹ todo 0
ℹ duration_ms 1383.598959
→ 打包中…
→ 运行测试…
京东方评级: D 分数: 34.3
维度明细: 卡玛比率=22.7, 最大回撤=27.5, 胜率=33.5, 利润因子=34.1, 夏普比率=41.5, 波动率=50.1
否决: 利润因子 1.11 接近 1，仅勉强盈亏平衡
长线优质策略评级: B 分数: 64.5
维度权重: 卡玛比率=28%, 最大回撤=26%, 胜率=0%, 利润因子=0%, 夏普比率=23%, 波动率=23%
优质案例评级: A 分数: 83.9
寻优点评级: A 74
组合重算指标: { '年化': '20.83%', '回撤': '0.80%', '夏普': '5.27', '卡玛': '26.03' }
稳定上涨组合评级: S 91.8
波动组合重算: { '回撤': '44.15%', '夏普': '-2.64', '持续': 60 }
波动组合评级: D 18.5
✔ 京东方回测必须评为 D 档（用户核心诉求验证点） (1.505417ms)
✔ 京东方评分应在 30-43 区间（C 与 D 的边界） (0.120667ms)
✔ 低利润因子触发系统亏损否决 (0.076208ms)
✔ 样本不足（< 10 笔交易）降权但不否决整个评级 (0.15975ms)
✔ 用户实测场景：6年6笔交易 + 高夏普 → 应得 A/B（核心回归测试） (0.166583ms)
✔ 深回撤 > 60% 触发直接 D 否决 (0.082125ms)
✔ 优质回测应得 A 或 S 档 (0.09275ms)
✔ 高回撤但收益高 → 最高 B（一票否决 cap） (0.089958ms)
✔ 插值函数：边界值取端点分数 (0.064833ms)
✔ 插值函数：中间值线性插值 (0.090792ms)
✔ 寻优评级：4 维度降级版 (0.11825ms)
✔ 寻优评级：网格点交易太少 → 降权但评级照常 (0.061208ms)
✔ 组合评级：稳定上涨净值应得 A 或 S (1.944458ms)
✔ 组合评级：高波动深回撤净值 → 低档 (0.652084ms)
✔ combinedMetrics：单点净值返回全 0（兜底） (0.164458ms)
ℹ tests 15
ℹ suites 0
ℹ pass 15
ℹ fail 0
ℹ cancelled 0
ℹ skipped 0
ℹ todo 0
ℹ duration_ms 62.011208
