
> web-ui@0.0.0 test
> node scripts/run-tests.mjs

✔ trade lookup keeps the exact minute across separators, precision and days (0.668916ms)
✔ date-only values cannot choose the midnight bar of an ambiguous day (0.077209ms)
✔ daily and duplicate exact timestamps keep first positional matches (0.071625ms)
✔ nanoseconds and timezone text are not truncated into a false match (0.086792ms)
✔ date labels preserve useful precision without local timezone conversion (0.085166ms)
✔ higher sources resolve actual records and separate original from current review time (1.171208ms)
✔ base sources and foreign witness rejection have distinct Chinese descriptions (0.09925ms)
✔ inconsistent candidate has no replay evidence: unknown reason (0.079292ms)
✔ inconsistent candidate has no replay evidence: prototype key (0.0635ms)
✔ inconsistent candidate has no replay evidence: future version (0.057834ms)
✔ inconsistent candidate has no replay evidence: future completion (0.048334ms)
✔ inconsistent candidate has no replay evidence: missing time (0.112583ms)
✔ inconsistent candidate has no replay evidence: empty source (0.722917ms)
✔ inconsistent candidate has no replay evidence: duplicate source (0.067125ms)
✔ inconsistent candidate has no replay evidence: unknown source (0.111041ms)
✔ inconsistent candidate has no replay evidence: mixed levels (0.069709ms)
✔ inconsistent candidate has no replay evidence: future child (0.055334ms)
✔ inconsistent candidate has no replay evidence: wrong child level (0.047666ms)
✔ inconsistent candidate has no replay evidence: duplicate record (0.046166ms)
✔ inconsistent candidate has no replay evidence: empty record range (0.048625ms)
✔ inconsistent candidate has no replay evidence: gap (0.048625ms)
✔ inconsistent candidate has no replay evidence: wrong parent range (0.038584ms)
✔ inconsistent candidate has no replay evidence: reversed sources (0.039083ms)
✔ inconsistent candidate has no replay evidence: unsafe base number (0.272291ms)
✔ 80 percent transparency is 20 percent alpha, for both candle directions (26.547375ms)
✔ transparency stays finite, integer, and bounded (2.796875ms)
✔ body is symmetric around the unchanged wick across widths and fractional positions (1.4175ms)
✔ horizontal candles preserve every price coordinate (0.092625ms)
✔ missing or non-finite candle layouts are left untouched (0.10425ms)
✔ native ECharts layout remains centred after resize, zoom and data replacement (311.655292ms)
✔ zooming out of large-data line mode restores centred candle bodies (123.869459ms)
✔ structure widths retain existing defaults and hover appearance (2.313583ms)
✔ manual values stay finite, bounded, and at two decimal places (0.143166ms)
✔ raw index overrides rounded dates, including zero (0.441292ms)
✔ legacy intraday dates never fall back to the first bar of the day (0.096334ms)
✔ duplicate formatted times fail safely without a raw index (0.070125ms)
✔ padding keeps the 23px marker plus radius inside the price pane (0.1105ms)
✔ flat, zero and negative ranges get finite padding; invalid extents do not (0.088625ms)
✔ single-bar time link is a thin line limited to each actual plot (0.947833ms)
✔ multi-bar time link has no border and clips to plot, never clamps offscreen data to an edge (1.334875ms)
✔ time links map daily coverage to all minute bars, not a matching ordinal (0.705416ms)
✔ weekly and monthly end-labelled bars cover earlier constituent dates without changing data (5.290708ms)
✔ nearest marker wins regardless of signal family, only co-located points share chooser (0.231792ms)
✔ immutable request cache deduplicates pending work, isolates payload keys and retries errors (0.315583ms)
✔ all six structural types keep extrema and confirmation separate with original evidence (0.57875ms)
✔ legacy records do not invent confirmation or structural sources (0.117875ms)
✔ M1 keeps independent MACD source and original direction, never a structural type (0.332041ms)
✔ all chart layers override independent animation and progressive rendering (0.812584ms)
✔ archive tooltip labels and evidence remain text, not active HTML (0.469916ms)
✔ rejects invalid saved zooms (0.750459ms)
✔ same-snapshot redraw keeps current manually chosen view (0.093458ms)
✔ focus redraw keeps manual zoom; clearing restores pre-focus view (0.075459ms)
✔ switching focus preserves the original return view (0.085542ms)
✔ new snapshot resets saved focus view and never revives old zoom (0.067417ms)
✔ default inactive; moving does not show cards and leaving does not deactivate (22.376959ms)
✔ object previews can read date-card activation without activating it (0.174375ms)
✔ click selects a point; outside click closes; inside click is not dismissed (0.109208ms)
✔ activated cards follow movement until outside dismissal, then require another click (0.113458ms)
✔ zoom clears stale coordinates but preserves activation (0.072875ms)
✔ data reset and Escape deactivate; teardown removes all handlers (0.101167ms)
✔ archive requests bind current owner and bypass browser cache (40.894875ms)
✔ cloud directory validates all rows, quotas and identities without dropping broken entries (3.99725ms)
✔ original detail requires an object payload but action receipts may omit it (13.958458ms)
✔ account change discards delayed success and delayed errors (4.256417ms)
✔ unauthenticated archive requests do not reach server; structured conflicts remain actionable (16.574416ms)
✔ upload retries retain immutable captured body and all numerical precision (1.203875ms)
✔ directed centre chain is candidate evidence, not completion (8.125834ms)
✔ touching, opposing, future, overlapping or malformed chains fail closed (0.238375ms)
✔ single-centre and legacy components remain readable (0.0685ms)
✔ inside, border, reversed y and overlapping rectangles resolve newest first (0.778709ms)
✔ invalid or missing render coordinates cannot create hits (0.0795ms)
✔ popup stays within narrow viewport and near-edge right click (0.081667ms)
✔ roles are Chinese and unknown roles never claim completion (4.534208ms)
✔ source ranges keep one-based indices without disguising gaps (0.135208ms)
✔ coverage checks counts, repeats and missing IDs (0.213042ms)
✔ missing, empty and rejected suffix are explicit (0.07275ms)
✔ invalid counts and empty blocks cannot pass the coverage audit (0.075667ms)
✔ uses raw indices, allows shared endpoints and bounds zoom padding (13.556291ms)
✔ does not invent a B interval or infer indices from formatted dates (0.221292ms)
✔ rejects partial, reversed, overlapping and out-of-snapshot evidence (0.155ms)
✔ allows inspection of historical failed evidence without reviving it (0.121834ms)
✔ local proof draws frozen exact endpoints only after its actual confirmation (0.174125ms)
✔ dual-line divergence uses two exact raw indices, never artificial ABC ranges (0.08975ms)
✔ dual-line focus rejects missing, duplicate, reversed and out-of-range points (0.089125ms)
✔ special wave focus uses AB and its extreme without inventing C (0.095ms)
✔ direction, family and lifecycle have independent marker styles (0.596958ms)
✔ no-C dual-line remains a circle and fills only on first reverse-pen confirmation (0.775792ms)
✔ M1 is restricted to confirmed waves with a later actual confirmation (0.705833ms)
✔ four families retain independent records and nonstandard uses a triangle (0.187875ms)
✔ October 4 marker matrix uses shape for family and colour only for direction (0.117791ms)
✔ special AB evidence separates A line extrema from both price anchors and legacy pivots (0.121875ms)
✔ history is opt-in, inactive stays grey hollow, never creates M1 (0.111042ms)
✔ every historical shape uses a continuous hollow contour, including on hover (0.125708ms)
✔ new nonstandard evidence relaxes prices only and records each subtype (0.114125ms)
✔ new dual rule cannot fill without recorded later local confirmation (0.096417ms)
✔ historical engineering match retains original timing without claiming regrouping completion (0.975625ms)
✔ future, stale, mismatched or incomplete evidence fails closed (0.309166ms)
✔ older snapshots and unmatched parts keep existing natural audit available (0.062625ms)
✔ engineering provenance uses the same one-based numbering as other inspectors (1.054375ms)
✔ mixed recursion distinguishes consolidation and trend from the old trend view (1.40225ms)
✔ unknown or reversed provenance is not presented as a completed trend (0.089667ms)
✔ indicator and price values use two decimals without inventing missing evidence (0.133916ms)
✔ recursive centre relations never call extension candidates completed types (0.227167ms)
✔ admissions distinguish unit confirmation from later failed-return admission (0.151916ms)
✔ display fields retain all text including dates, provenance, and secondary colons (2.107542ms)
✔ narrative, missing evidence, and timestamp headings remain whole (0.124666ms)
✔ selects the exact source without replacing missing comparison periods with the primary (0.450708ms)
✔ prefix audit preserves original warmup snapshot and its own instrument and period (0.400708ms)
✔ rejects invalid positions, missing identity and explicitly unclosed prefix data (0.197708ms)
✔ all candidate states distinguish eligibility from completed natural types (0.489125ms)
✔ opposite geometry identifies reused next-part evidence, including nonzero source IDs (3.794625ms)
✔ external opposite geometry is not added to candidate membership (0.104042ms)
✔ missing, stale, misattributed or future opposite geometry is not displayed as matched (0.137375ms)
✔ preferred endpoints are never called completed types; conflicts are retained (0.075791ms)
✔ opposite base turn is not same-level completion (0.091916ms)
✔ price formatting preserves zero and boundary contact, guards non-finite values (0.106375ms)
✔ candidate audit joins by identity, not response order (0.08125ms)
✔ part audit must match ordinal AND exact raw source IDs, including shifted IDs (0.131417ms)
✔ locates the three raw ranges without relabelling them as MACD or confirmed centres (0.985375ms)
✔ candidate must already be observable at the CURRENT replay prefix (0.174042ms)
✔ no incomplete, waiting or unsupported candidate is given a fabricated range (0.101375ms)
✔ raw bar boundaries must be contiguous and inside the visible window (0.139ms)
✔ source partitions must cover every original segment once, preserving nonzero IDs (0.109375ms)
✔ conflicting geometric fallback remains viewable for manual audit (0.074417ms)
✔ clearing a regrouping focus restores original zoom; a new replay snapshot does not (0.1105ms)
✔ membership labels distinguish source confirmation from later admission (0.470542ms)
✔ admission witness distinguishes confirmation dependency from geometric membership (0.085167ms)
✔ old or malformed evidence never invents an admission witness (0.075166ms)
✔ menus stay inside phone, keyboard and landscape viewports (17.890083ms)
✔ near-bottom controls open upwards without changing ordinary desktop width (0.168542ms)
✔ freeze all supported indicator outputs, warmup holes, volume averages and exact numerical precision (9.240042ms)
✔ frozen playback keeps captured values despite different current prices and never queries APIs (0.66475ms)
✔ malformed or mismatched frozen values fail closed, never fall back to recomputation (16.973166ms)
✔ marker hit uses signed stacking offset for both directions, not candle position (2.845625ms)
✔ symbol size and invalid render positions are handled safely (0.287ms)
✔ aborted late response cannot publish metadata even if transport ignores abort (123.162125ms)
✔ missing provenance or silently changed adjustment never reaches research (12.349208ms)
✔ reported gaps do not falsely label suspension or prevent inspecting valid candles (0.180792ms)
✔ history fetch consumes one verified range and publishes complete metadata only after validation (0.728916ms)
✔ unclosed response never updates provenance or reaches the backtest (0.308084ms)
✔ null, true zero, infinities and real 999 are distinct after JSON roundtrip (0.464625ms)
✔ single, saved and comparison results retain authoritative metric basis (0.449ms)
✔ whole proof validated without mutation, and cross-role ownership remains visible (0.99125ms)
✔ stale, future, duplicated, incomplete, falsely completed and mismatched sources rejected (1.094959ms)
✔ base runs cannot masquerade as proofs or own multiple provisional regions (0.515583ms)
✔ blocked covers show full conflicts, never fabricated flattened blocks (0.128541ms)
✔ labels retain provisional scope (0.813458ms)
✔ all seven MA presets are available but only MA5 and MA10 start visible (23.747125ms)
✔ each chart session gets independent editable settings without changing presets (0.098208ms)
✔ MA presets retain the requested yellow, white, purple, green, cyan, orange, red palette (0.078ms)
✔ legend retains every MA choice and explicit hidden states override stale chart selection (0.104292ms)
✔ cross-boundary details resolve actual input and nested ownership records (1.286833ms)
✔ unowned reverse evidence stays explicitly unowned for boundary rejection (0.105959ms)
✔ foreign witness can be shown for an otherwise single-owner candidate (0.097917ms)
✔ legacy candidates do not invent missing conflict details (0.103167ms)
✔ damaged detail is not presented: mismatched candidate sources (0.082959ms)
✔ damaged detail is not presented: wrong layer (0.066375ms)
✔ damaged detail is not presented: unknown reverse input (0.062667ms)
✔ damaged detail is not presented: wrong reverse range (0.34325ms)
✔ damaged detail is not presented: reverse overlaps prices (0.486875ms)
✔ damaged detail is not presented: future reverse confirmation (0.124ms)
✔ damaged detail is not presented: wrong reverse time (0.065375ms)
✔ damaged detail is not presented: incomplete domain list (0.062584ms)
✔ damaged detail is not presented: duplicate domains (0.044583ms)
✔ damaged detail is not presented: noncontinuous domain (0.038917ms)
✔ damaged detail is not presented: foreign domain misses witness (0.044458ms)
✔ damaged detail is not presented: false unowned witness (0.043333ms)
✔ damaged detail is not presented: missing nested record (0.046291ms)
✔ damaged detail is not presented: wrong reason (0.050959ms)
✔ only current owner revisions form the displayed ownership set (13.119959ms)
✔ internal provenance remains distinct and validates enclosing ownership (0.955292ms)
✔ parent-covered history is not labeled as an additional effective input (0.187625ms)
✔ nested provenance validates containment and strictly increasing input levels (0.387584ms)
✔ current owner labels are distinct from creation IDs and tolerate old snapshots (0.273625ms)
✔ summary mode lists every historical address, not just current versions (0.716666ms)
✔ full and missing legacy snapshots stay readable without inventing history (0.08175ms)
✔ all four analysis paths explicitly request summary delivery without changing input (0.335458ms)
✔ complete lifecycle stays chronological, does not mutate input, and uses Chinese labels (2.524166ms)
✔ legacy or future history is not invented (0.24325ms)
✔ dangling, reordered, duplicated, miscounted and conflicting histories fail closed (2.256333ms)
✔ equal counts cannot hide swapped source identities (0.1255ms)
✔ intermediate event boundaries must equal actual inherited and added sources (0.079333ms)
✔ input evidence must exist at the correct level and be available at admission (0.202708ms)
✔ invalid domain sources, membership and parent context fail closed (0.172792ms)
✔ leftward growth, shifted sources and newly filled merge gaps remain valid (0.155666ms)
✔ both periods exclude future and open candles while retaining original warm-up start (0.6125ms)
✔ snapshot observation time caps cutoff; bar start before cutoff is not enough (0.117292ms)
✔ no timeframe fallback or fabricated candles when historical minute range is unavailable (0.069ms)
✔ index and board snapshots retain NONE adjustment, mismatch is rejected (0.23075ms)
✔ missing completion evidence, timezone timestamps and unordered bars fail explicitly (0.140708ms)
✔ week/month completion boundary comes from provider annotation, not day label (0.105542ms)
✔ matrix defaults to exactly the five requested periods in image order and six information columns (2.030875ms)
✔ does not turn current reversal observation into a confirmed opposite pen (0.511084ms)
✔ keeps true zero distinct from missing, and numerical display never overwrites original axis judgment (0.173625ms)
✔ keeps divergence family, extrema and actual confirmation separate; never drops records (8.756875ms)
✔ missing pen and divergence are bounded claims; quality limitations stay visible (0.604292ms)
✔ forming candles preserve OHLC and use dashed empty outlines (0.429833ms)
✔ forming volume and signed MACD columns preserve values and direction (0.09425ms)
✔ radar review captures row adjustment, exact minute, strategy and original cutoff (0.875ms)
✔ invalid or legacy reviews fail explicitly without guessing data or adjustment (0.478084ms)
✔ exchange-local dates validate without browser timezone conversion (0.09ms)
✔ review excludes future and unclosed bars, resets derived fingerprint and reports actual range without mutating source (2.231834ms)
✔ radar cache is owner scoped and malformed/legacy records never enter the UI (1.446667ms)
✔ late messages, close and errors from an old socket cannot affect replacement (2.633292ms)
✔ invalid messages and control responses never become ticks; close reason retained (1.084792ms)
✔ matching versions are selected by case identity without mutation (7.507334ms)
✔ future snapshots, wrong rules, incomplete chains and duplicate cases are rejected (0.240792ms)
✔ labels never confuse endpoint consistency or higher-centre proof with completion (0.136958ms)
✔ v2 keeps the detached prefix and v1 remains readable (0.312417ms)
✔ v3 supports trend search while retaining the same ownership guards (0.1065ms)
✔ missing, duplicated, misattributed or silently completed prefix is rejected (2.069542ms)
✔ reincorporation is recorded explicitly instead of erasing detached history (0.143916ms)
✔ accepts bounded history and empty verified batches (1.261166ms)
✔ rejects wrong batch, future indices, broken sources and contradictory state (0.249875ms)
✔ research labels distinguish absence, release, retained and internal (0.079792ms)
✔ late old responses cannot own a newer research request (0.52575ms)
✔ submission fields are captured values, not mutable form references (23.428041ms)
✔ snapshot import keeps original data and normalizes optional display metadata (1.258625ms)
✔ reject invalid schema, periods, oversized arrays and impossible candle prices (0.32175ms)
✔ cloud archives retain larger frozen windows and all supported distinct periods (11.778875ms)
✔ window is exchange local and bounded by the snapshot cutoff (0.466791ms)
✔ missing numbers and candidate status are never promoted (0.076833ms)
✔ amber projection resolves daily and minute labels, ignores open candle (0.256292ms)
✔ three workspaces are keyboard traversable without dropping an existing mode (1.67625ms)
✔ mobile comparison shows exactly the selected snapshot; desktop shows both (0.506292ms)
✔ inactive research never starts automatic work, valid active research does (0.414583ms)
✔ audit description translates permissions and never renders arbitrary detail fields (0.465333ms)
✔ audit time is explicitly Shanghai time and invalid data remains readable (55.387208ms)
✔ audit API preserves bounded pagination/filter state and authenticated credentials (37.927084ms)
✔ distinguishes no candidate, failed current audit, and actual invalidation without promoting legacy state (2.313792ms)
✔ filters independent families and directions without merging special and local dual-line evidence (9.534375ms)
✔ searches lifecycle dates and failure reasons with all terms required, retaining original source objects (0.190792ms)
✔ searches diagnostic rejection history without silently reviving historical candidates (0.982833ms)
✔ all excludes bc false, preserves input order and records, and does not infer missing direction (0.155792ms)
✔ legacy diagnostic family is standard, and empty diagnostics do not invent rejection records (0.183416ms)
✔ structural points retain their own confirmation and evidence, never deriving them from a MACD source (0.339583ms)
✔ M1 uses exact existing gates and remains a separate view of its original standard event (0.214542ms)
✔ combined date query finds independent point, prompt and event records without deduplication or additive counts (0.120792ms)
✔ chart date matches structured lifecycle timestamps, not coincidental prose dates (0.246791ms)
✔ minute evidence uses exact exchange-local minute, accepting T/space and refusing missing time (0.094042ms)
✔ chart date includes diagnostic ABC and rejection coverage without inventing open or reversed intervals (0.207417ms)
✔ date scope combines with all filters for structural points and original M1 sources (0.099834ms)
✔ new standard evidence explains price, old blocker and independent special lifecycle (4.212417ms)
✔ new gates include counts, boundary and dates without undefined placeholder (0.479584ms)
✔ legacy comparisons retain old detected confirmed and invalidated dates (0.419292ms)
✔ structure dates remove midnight noise without changing intraday precision (0.472208ms)
✔ centre evidence distinguishes fixed core, outer range and candidate expansion (1.779625ms)
✔ segment evidence includes source prices and reverse proof with one-based labels (0.521583ms)
✔ missing legacy evidence does not invent confirmation (0.1235ms)
✔ special inclusion explains boundary exception without labelling it an ordinary fractal (0.074916ms)
✔ centre relation history distinguishes current candidate from original separation (0.1555ms)
✔ confirmation replay translates raw indices without date matching (0.088083ms)
✔ unknown, invalid or out-of-snapshot confirmations have no replay target (0.087125ms)
✔ connection badge validates shared time, price and alternating direction (0.113458ms)
✔ reverse preview uses observed extreme, not last close or a future target (0.866209ms)
✔ mirrored lows produce an upward reference (0.092083ms)
✔ no invented reference for missing, ambiguous, extending, or invalid inputs (0.184792ms)
✔ replay prefix cannot use a later extreme; ties retain first occurrence (2.051958ms)
✔ ongoing consolidation differs by color, line pattern, and fill (0.126584ms)
✔ task list rejects malformed responses instead of replacing records with undefined (21.635ms)
✔ cancelling is not terminal and elapsed values remain readable (0.143292ms)
✔ runBacktestWithPolling waits through cancelling and returns cancelled (4.277167ms)
✔ runBacktestWithPolling waits through cancelling and returns timed_out (4.248042ms)
✔ runSignalScanWithPolling waits through cancelling and returns cancelled (5.570167ms)
✔ runSignalScanWithPolling waits through cancelling and returns timed_out (0.969875ms)
✔ cancel API uses POST, and partial cancelled scan results are never accepted (0.244958ms)
✔ persistent recovery and version mismatch are distinct from completion (0.261ms)
✔ terminal task deletion handles empty 204 and encodes identity (0.123583ms)
✔ checkpoint presence is not confused with verified reuse or task completion (0.272916ms)
✔ cached completed submission is retrieved rather than shown as running (0.140916ms)
✔ network failures are localized across WebKit, Chromium and Firefox (0.145375ms)
✔ tracking identity separates asset types, exchanges and board catalogues (0.749417ms)
✔ cloud book validates without silently dropping corrupt groups or duplicate entries (0.607125ms)
✔ expansion preserves every member and all board/direct sources, not a 200-row display page (1.271667ms)
✔ membership failure is explicit and malformed partial membership is never accepted (0.212333ms)
✔ batch runs sequentially, keeps partial errors and continues after a failed target (12.445417ms)
✔ cancellation marks in-flight and unstarted rows, ignoring a late success (6.835334ms)
✔ group breadth counts only available periods, never treats failed targets as neutral evidence (0.235125ms)
✔ exact current revision accepts only its own evidence without mutation (1.0585ms)
✔ old partition, stale version, future evidence and false completion are rejected (0.254042ms)
✔ historical audit cannot import a later opposite segment (0.077ms)
✔ empty partitions and higher-proof priority retain explicit blockers (0.066834ms)
✔ new blockers use Chinese labels without calling prerequisites completion (0.123916ms)
✔ missing comparison interval is explained in Chinese without inventing a date (0.598084ms)
✔ special diagnostics identify each A indicator witness rather than the price witness (0.179125ms)
✔ nonstandard DEA axis gate remains explicit without an improvement requirement (0.136917ms)
✔ DEA tolerance discloses research threshold, precise deviation and near-zero fallback (0.162584ms)
✔ wave evidence separates effective A from original wave and local pivots (3.05775ms)
✔ rounded equal line extrema disclose the precise failed values and witness times (0.402167ms)
✔ comparisons are explicitly research only and preserve B/C axis checks (0.954375ms)
✔ unformed candidate shows Chinese gates, two-decimal values and rejection dates (0.130291ms)
✔ new nonstandard audit explicitly uses full A and first-formed reverse evidence explains gaps (0.354834ms)
ℹ tests 292
ℹ suites 0
ℹ pass 292
ℹ fail 0
ℹ cancelled 0
ℹ skipped 0
ℹ todo 0
ℹ duration_ms 2049.147708
→ 打包中…
→ 运行测试…
京东方评级: D 分数: 34.3
维度明细: 卡玛比率=22.7, 最大回撤=27.5, 胜率=33.5, 利润因子=34.1, 夏普比率=41.5, 波动率=50.1
否决: 利润因子 1.11 接近 1，仅勉强盈亏平衡
长线优质策略评级: B 分数: 64.5
维度权重: 卡玛比率=28%, 最大回撤=26%, 胜率=0%, 利润因子=0%, 夏普比率=23%, 波动率=23%
优质案例评级: A 分数: 83.9
寻优点评级: A 74
组合重算指标: { '年化': '20.83%', '回撤': '0.80%', '夏普': '5.27', '卡玛': '26.03' }
稳定上涨组合评级: S 91.8
波动组合重算: { '回撤': '44.15%', '夏普': '-2.64', '持续': 60 }
波动组合评级: D 18.5
✔ 新版组合评级使用后端采样，不按图表柱数重新日线年化 (1.694875ms)
✔ 必要风险指标缺失不能展示为零风险或正常评级 (0.468292ms)
✔ 无穷比率不等于满分，真实零利润因子仍按亏损判断 (0.146083ms)
✔ 京东方回测必须评为 D 档（用户核心诉求验证点） (0.437667ms)
✔ 京东方评分应在 30-43 区间（C 与 D 的边界） (0.102834ms)
✔ 低利润因子触发系统亏损否决 (0.067541ms)
✔ 样本不足（< 10 笔交易）降权但不否决整个评级 (0.125916ms)
✔ 用户实测场景：6年6笔交易 + 高夏普 → 应得 A/B（核心回归测试） (0.125584ms)
✔ 深回撤 > 60% 触发直接 D 否决 (0.083375ms)
✔ 优质回测应得 A 或 S 档 (0.131917ms)
✔ 高回撤但收益高 → 最高 B（一票否决 cap） (0.073459ms)
✔ 插值函数：边界值取端点分数 (0.051709ms)
✔ 插值函数：中间值线性插值 (0.043ms)
✔ 寻优评级：4 维度降级版 (0.081042ms)
✔ 寻优评级：网格点交易太少 → 降权但评级照常 (0.053125ms)
✔ 组合评级：稳定上涨净值应得 A 或 S (1.570833ms)
✔ 组合评级：高波动深回撤净值 → 低档 (0.516917ms)
✔ combinedMetrics：单点净值返回全 0（兜底） (0.05325ms)
✔ 历史组合仅保留原值，不从曲线推断日线或重算评级 (0.446833ms)
✔ v1-v4、未知版本及不完整依据不伪装为新版结果 (0.531833ms)
✔ 新版结果使用已记录指标，真实 999 和零不被当作历史哨兵 (0.0715ms)
✔ 指标状态缺失或与数值冲突不能产出评级，包括被降权维度 (0.086042ms)
✔ 低交易样本的真实不可用逐笔指标仍可降权，不误拦截可用净值评级 (0.07575ms)
✔ 寻优逐行核验新版采样与候选状态，输入范围不替代候选证据 (0.108375ms)
✔ 完整快照保留精度、真实 0/999、全部指标及版本且不关联可变输入 (1.012208ms)
✔ 策略保存接受真实 Vue 响应式结果，不因 Proxy 无法 structuredClone 而失败 (0.546708ms)
✔ 再次保存历史指标不补造新版计算或评级依据 (0.099208ms)
✔ 对比展示原值并指出版本、周期、范围与利率差异，不自动重算 (2.76975ms)
ℹ tests 28
ℹ suites 0
ℹ pass 28
ℹ fail 0
ℹ cancelled 0
ℹ skipped 0
ℹ todo 0
ℹ duration_ms 174.161583
