
> web-ui@0.0.0 test
> node scripts/run-tests.mjs

✔ higher sources resolve actual records and separate original from current review time (25.42875ms)
✔ base sources and foreign witness rejection have distinct Chinese descriptions (5.498917ms)
✔ inconsistent candidate has no replay evidence: unknown reason (0.125375ms)
✔ inconsistent candidate has no replay evidence: prototype key (4.081042ms)
✔ inconsistent candidate has no replay evidence: future version (0.099959ms)
✔ inconsistent candidate has no replay evidence: future completion (0.069208ms)
✔ inconsistent candidate has no replay evidence: missing time (0.1395ms)
✔ inconsistent candidate has no replay evidence: empty source (0.645583ms)
✔ inconsistent candidate has no replay evidence: duplicate source (0.077875ms)
✔ inconsistent candidate has no replay evidence: unknown source (0.1205ms)
✔ inconsistent candidate has no replay evidence: mixed levels (0.066792ms)
✔ inconsistent candidate has no replay evidence: future child (0.05975ms)
✔ inconsistent candidate has no replay evidence: wrong child level (0.054625ms)
✔ inconsistent candidate has no replay evidence: duplicate record (0.045292ms)
✔ inconsistent candidate has no replay evidence: empty record range (0.050666ms)
✔ inconsistent candidate has no replay evidence: gap (0.047417ms)
✔ inconsistent candidate has no replay evidence: wrong parent range (0.04025ms)
✔ inconsistent candidate has no replay evidence: reversed sources (0.045ms)
✔ inconsistent candidate has no replay evidence: unsafe base number (0.069625ms)
✔ 80 percent transparency is 20 percent alpha, for both candle directions (0.44425ms)
✔ transparency stays finite, integer, and bounded (0.084709ms)
✔ body is symmetric around the unchanged wick across widths and fractional positions (1.448709ms)
✔ horizontal candles preserve every price coordinate (0.095417ms)
✔ missing or non-finite candle layouts are left untouched (0.106167ms)
✔ native ECharts layout remains centred after resize, zoom and data replacement (60.2115ms)
✔ zooming out of large-data line mode restores centred candle bodies (10.091459ms)
✔ structure widths retain existing defaults and hover appearance (0.91075ms)
✔ manual values stay finite, bounded, and at two decimal places (0.320791ms)
✔ raw index overrides rounded dates, including zero (1.042167ms)
✔ legacy intraday dates never fall back to the first bar of the day (0.143916ms)
✔ duplicate formatted times fail safely without a raw index (0.077375ms)
✔ padding keeps the 23px marker plus radius inside the price pane (0.124875ms)
✔ flat, zero and negative ranges get finite padding; invalid extents do not (0.09275ms)
✔ single-bar time link is a thin line limited to each actual plot (3.411584ms)
✔ multi-bar time link has no border and clips to plot, never clamps offscreen data to an edge (0.14125ms)
✔ time links map daily coverage to all minute bars, not a matching ordinal (0.172792ms)
✔ weekly and monthly end-labelled bars cover earlier constituent dates without changing data (2.213208ms)
✔ nearest marker wins regardless of signal family, only co-located points share chooser (0.234459ms)
✔ immutable request cache deduplicates pending work, isolates payload keys and retries errors (0.33425ms)
✔ all six structural types keep extrema and confirmation separate with original evidence (1.836542ms)
✔ legacy records do not invent confirmation or structural sources (0.148417ms)
✔ M1 keeps independent MACD source and original direction, never a structural type (0.582042ms)
✔ all chart layers override independent animation and progressive rendering (5.362166ms)
✔ rejects invalid saved zooms (2.973334ms)
✔ same-snapshot redraw keeps current manually chosen view (0.17675ms)
✔ focus redraw keeps manual zoom; clearing restores pre-focus view (0.0865ms)
✔ switching focus preserves the original return view (0.068334ms)
✔ new snapshot resets saved focus view and never revives old zoom (0.067292ms)
✔ default inactive; moving does not show cards and leaving does not deactivate (0.865208ms)
✔ object previews can read date-card activation without activating it (0.153875ms)
✔ click selects a point; outside click closes; inside click is not dismissed (0.11075ms)
✔ activated cards follow movement until outside dismissal, then require another click (0.102708ms)
✔ zoom clears stale coordinates but preserves activation (0.074625ms)
✔ data reset and Escape deactivate; teardown removes all handlers (0.102375ms)
✔ directed centre chain is candidate evidence, not completion (0.97375ms)
✔ touching, opposing, future, overlapping or malformed chains fail closed (0.4265ms)
✔ single-centre and legacy components remain readable (0.107291ms)
✔ inside, border, reversed y and overlapping rectangles resolve newest first (0.77775ms)
✔ invalid or missing render coordinates cannot create hits (0.081ms)
✔ popup stays within narrow viewport and near-edge right click (0.082583ms)
✔ roles are Chinese and unknown roles never claim completion (0.643083ms)
✔ source ranges keep one-based indices without disguising gaps (0.120125ms)
✔ coverage checks counts, repeats and missing IDs (0.209291ms)
✔ missing, empty and rejected suffix are explicit (0.075125ms)
✔ invalid counts and empty blocks cannot pass the coverage audit (0.150292ms)
✔ uses raw indices, allows shared endpoints and bounds zoom padding (4.300708ms)
✔ does not invent a B interval or infer indices from formatted dates (0.120167ms)
✔ rejects partial, reversed, overlapping and out-of-snapshot evidence (0.128042ms)
✔ allows inspection of historical failed evidence without reviving it (0.108458ms)
✔ local proof draws frozen exact endpoints only after its actual confirmation (0.16775ms)
✔ dual-line divergence uses two exact raw indices, never artificial ABC ranges (0.088417ms)
✔ dual-line focus rejects missing, duplicate, reversed and out-of-range points (0.089084ms)
✔ special wave focus uses AB and its extreme without inventing C (0.092042ms)
✔ direction, family and lifecycle have independent marker styles (0.809084ms)
✔ no-C dual-line remains a circle and fills only on first reverse-pen confirmation (1.498375ms)
✔ M1 is restricted to confirmed waves with a later actual confirmation (0.174292ms)
✔ four families retain independent records and nonstandard uses a triangle (0.200917ms)
✔ October 4 marker matrix uses shape for family and colour only for direction (0.126334ms)
✔ special AB evidence separates A line extrema from both price anchors and legacy pivots (0.129834ms)
✔ history is opt-in, inactive stays grey hollow, never creates M1 (0.111958ms)
✔ every historical shape uses a continuous hollow contour, including on hover (0.183541ms)
✔ new nonstandard evidence relaxes prices only and records each subtype (0.276041ms)
✔ new dual rule cannot fill without recorded later local confirmation (0.115791ms)
✔ historical engineering match retains original timing without claiming regrouping completion (1.321125ms)
✔ future, stale, mismatched or incomplete evidence fails closed (0.312083ms)
✔ older snapshots and unmatched parts keep existing natural audit available (0.064917ms)
✔ engineering provenance uses the same one-based numbering as other inspectors (0.532291ms)
✔ mixed recursion distinguishes consolidation and trend from the old trend view (0.13475ms)
✔ unknown or reversed provenance is not presented as a completed trend (0.070916ms)
✔ indicator and price values use two decimals without inventing missing evidence (0.075958ms)
✔ recursive centre relations never call extension candidates completed types (0.079875ms)
✔ admissions distinguish unit confirmation from later failed-return admission (0.060208ms)
✔ display fields retain all text including dates, provenance, and secondary colons (10.73ms)
✔ narrative, missing evidence, and timestamp headings remain whole (0.330375ms)
✔ all candidate states distinguish eligibility from completed natural types (0.618916ms)
✔ opposite geometry identifies reused next-part evidence, including nonzero source IDs (0.844167ms)
✔ external opposite geometry is not added to candidate membership (0.275ms)
✔ missing, stale, misattributed or future opposite geometry is not displayed as matched (0.359041ms)
✔ preferred endpoints are never called completed types; conflicts are retained (0.122875ms)
✔ opposite base turn is not same-level completion (0.354041ms)
✔ price formatting preserves zero and boundary contact, guards non-finite values (0.3575ms)
✔ candidate audit joins by identity, not response order (0.22575ms)
✔ part audit must match ordinal AND exact raw source IDs, including shifted IDs (0.344958ms)
✔ locates the three raw ranges without relabelling them as MACD or confirmed centres (2.277625ms)
✔ candidate must already be observable at the CURRENT replay prefix (0.243917ms)
✔ no incomplete, waiting or unsupported candidate is given a fabricated range (0.133916ms)
✔ raw bar boundaries must be contiguous and inside the visible window (0.152334ms)
✔ source partitions must cover every original segment once, preserving nonzero IDs (0.135875ms)
✔ conflicting geometric fallback remains viewable for manual audit (0.077833ms)
✔ clearing a regrouping focus restores original zoom; a new replay snapshot does not (0.12325ms)
✔ membership labels distinguish source confirmation from later admission (0.472167ms)
✔ admission witness distinguishes confirmation dependency from geometric membership (0.090042ms)
✔ old or malformed evidence never invents an admission witness (0.073667ms)
✔ menus stay inside phone, keyboard and landscape viewports (0.875791ms)
✔ near-bottom controls open upwards without changing ordinary desktop width (0.102209ms)
✔ marker hit uses signed stacking offset for both directions, not candle position (0.450625ms)
✔ symbol size and invalid render positions are handled safely (0.085ms)
✔ missing provenance or silently changed adjustment never reaches research (0.593834ms)
✔ reported gaps do not falsely label suspension or prevent inspecting valid candles (0.132375ms)
✔ history fetch consumes one verified range and publishes complete metadata only after validation (46.654917ms)
✔ unclosed response never updates provenance or reaches the backtest (0.3535ms)
✔ whole proof validated without mutation, and cross-role ownership remains visible (1.018083ms)
✔ stale, future, duplicated, incomplete, falsely completed and mismatched sources rejected (0.297584ms)
✔ base runs cannot masquerade as proofs or own multiple provisional regions (0.0705ms)
✔ blocked covers show full conflicts, never fabricated flattened blocks (0.101416ms)
✔ labels retain provisional scope (0.134042ms)
✔ all seven MA presets are available but only MA5 and MA10 start visible (0.759958ms)
✔ each chart session gets independent editable settings without changing presets (0.078042ms)
✔ MA presets retain the requested yellow, white, purple, green, cyan, orange, red palette (0.068959ms)
✔ legend retains every MA choice and explicit hidden states override stale chart selection (0.093916ms)
✔ cross-boundary details resolve actual input and nested ownership records (1.357833ms)
✔ unowned reverse evidence stays explicitly unowned for boundary rejection (0.104833ms)
✔ foreign witness can be shown for an otherwise single-owner candidate (0.096209ms)
✔ legacy candidates do not invent missing conflict details (0.107292ms)
✔ damaged detail is not presented: mismatched candidate sources (0.082125ms)
✔ damaged detail is not presented: wrong layer (0.05775ms)
✔ damaged detail is not presented: unknown reverse input (0.059958ms)
✔ damaged detail is not presented: wrong reverse range (0.7025ms)
✔ damaged detail is not presented: reverse overlaps prices (0.319792ms)
✔ damaged detail is not presented: future reverse confirmation (0.279541ms)
✔ damaged detail is not presented: wrong reverse time (0.16375ms)
✔ damaged detail is not presented: incomplete domain list (0.17725ms)
✔ damaged detail is not presented: duplicate domains (0.136458ms)
✔ damaged detail is not presented: noncontinuous domain (2.822667ms)
✔ damaged detail is not presented: foreign domain misses witness (0.097292ms)
✔ damaged detail is not presented: false unowned witness (0.088166ms)
✔ damaged detail is not presented: missing nested record (0.060625ms)
✔ damaged detail is not presented: wrong reason (0.059916ms)
✔ only current owner revisions form the displayed ownership set (0.804875ms)
✔ internal provenance remains distinct and validates enclosing ownership (0.350875ms)
✔ parent-covered history is not labeled as an additional effective input (0.073541ms)
✔ nested provenance validates containment and strictly increasing input levels (0.166625ms)
✔ current owner labels are distinct from creation IDs and tolerate old snapshots (0.087875ms)
✔ summary mode lists every historical address, not just current versions (1.452ms)
✔ full and missing legacy snapshots stay readable without inventing history (0.083792ms)
✔ all four analysis paths explicitly request summary delivery without changing input (1.5485ms)
✔ complete lifecycle stays chronological, does not mutate input, and uses Chinese labels (2.04925ms)
✔ legacy or future history is not invented (0.144167ms)
✔ dangling, reordered, duplicated, miscounted and conflicting histories fail closed (1.899625ms)
✔ equal counts cannot hide swapped source identities (0.127208ms)
✔ intermediate event boundaries must equal actual inherited and added sources (0.341417ms)
✔ input evidence must exist at the correct level and be available at admission (0.840791ms)
✔ invalid domain sources, membership and parent context fail closed (0.6095ms)
✔ leftward growth, shifted sources and newly filled merge gaps remain valid (0.342292ms)
✔ both periods exclude future and open candles while retaining original warm-up start (0.575666ms)
✔ snapshot observation time caps cutoff; bar start before cutoff is not enough (0.080875ms)
✔ no timeframe fallback or fabricated candles when historical minute range is unavailable (0.077084ms)
✔ index and board snapshots retain NONE adjustment, mismatch is rejected (0.217208ms)
✔ missing completion evidence, timezone timestamps and unordered bars fail explicitly (0.139459ms)
✔ week/month completion boundary comes from provider annotation, not day label (0.101791ms)
✔ forming candles preserve OHLC and use dashed empty outlines (0.530541ms)
✔ forming volume and signed MACD columns preserve values and direction (0.163ms)
✔ matching versions are selected by case identity without mutation (3.114709ms)
✔ future snapshots, wrong rules, incomplete chains and duplicate cases are rejected (0.242083ms)
✔ labels never confuse endpoint consistency or higher-centre proof with completion (0.155833ms)
✔ v2 keeps the detached prefix and v1 remains readable (8.13625ms)
✔ v3 supports trend search while retaining the same ownership guards (0.141166ms)
✔ missing, duplicated, misattributed or silently completed prefix is rejected (0.811792ms)
✔ reincorporation is recorded explicitly instead of erasing detached history (13.206ms)
✔ accepts bounded history and empty verified batches (4.735667ms)
✔ rejects wrong batch, future indices, broken sources and contradictory state (0.466541ms)
✔ research labels distinguish absence, release, retained and internal (0.085417ms)
✔ snapshot import keeps original data and normalizes optional display metadata (2.626417ms)
✔ reject invalid schema, periods, oversized arrays and impossible candle prices (1.052375ms)
✔ window is exchange local and bounded by the snapshot cutoff (0.47625ms)
✔ missing numbers and candidate status are never promoted (0.083667ms)
✔ amber projection resolves daily and minute labels, ignores open candle (0.257792ms)
✔ audit description translates permissions and never renders arbitrary detail fields (0.465334ms)
✔ audit time is explicitly Shanghai time and invalid data remains readable (57.888917ms)
✔ audit API preserves bounded pagination/filter state and authenticated credentials (18.715833ms)
✔ new standard evidence explains price, old blocker and independent special lifecycle (2.963ms)
✔ new gates include counts, boundary and dates without undefined placeholder (0.571ms)
✔ legacy comparisons retain old detected confirmed and invalidated dates (0.468792ms)
✔ structure dates remove midnight noise without changing intraday precision (7.584292ms)
✔ centre evidence distinguishes fixed core, outer range and candidate expansion (0.618458ms)
✔ segment evidence includes source prices and reverse proof with one-based labels (0.165834ms)
✔ missing legacy evidence does not invent confirmation (0.098708ms)
✔ special inclusion explains boundary exception without labelling it an ordinary fractal (0.064625ms)
✔ centre relation history distinguishes current candidate from original separation (0.099583ms)
✔ confirmation replay translates raw indices without date matching (0.069ms)
✔ unknown, invalid or out-of-snapshot confirmations have no replay target (0.08375ms)
✔ connection badge validates shared time, price and alternating direction (0.11525ms)
✔ reverse preview uses observed extreme, not last close or a future target (1.561333ms)
✔ mirrored lows produce an upward reference (4.394083ms)
✔ no invented reference for missing, ambiguous, extending, or invalid inputs (1.078541ms)
✔ replay prefix cannot use a later extreme; ties retain first occurrence (0.325792ms)
✔ ongoing consolidation differs by color, line pattern, and fill (0.284083ms)
✔ cancelling is not terminal and elapsed values remain readable (0.494834ms)
✔ runBacktestWithPolling waits through cancelling and returns cancelled (22.471958ms)
✔ runBacktestWithPolling waits through cancelling and returns timed_out (1.604417ms)
✔ runSignalScanWithPolling waits through cancelling and returns cancelled (2.076875ms)
✔ runSignalScanWithPolling waits through cancelling and returns timed_out (0.945167ms)
✔ cancel API uses POST, and partial cancelled scan results are never accepted (0.669667ms)
✔ exact current revision accepts only its own evidence without mutation (3.470333ms)
✔ old partition, stale version, future evidence and false completion are rejected (0.81425ms)
✔ historical audit cannot import a later opposite segment (0.2545ms)
✔ empty partitions and higher-proof priority retain explicit blockers (0.178583ms)
✔ new blockers use Chinese labels without calling prerequisites completion (0.365208ms)
✔ special diagnostics identify each A indicator witness rather than the price witness (0.67425ms)
✔ nonstandard DEA axis gate remains explicit without an improvement requirement (0.149791ms)
✔ DEA tolerance discloses research threshold, precise deviation and near-zero fallback (0.229708ms)
✔ wave evidence separates effective A from original wave and local pivots (0.27825ms)
✔ rounded equal line extrema disclose the precise failed values and witness times (0.534584ms)
✔ comparisons are explicitly research only and preserve B/C axis checks (0.105292ms)
✔ unformed candidate shows Chinese gates, two-decimal values and rejection dates (0.103458ms)
✔ new nonstandard audit explicitly uses full A and first-formed reverse evidence explains gaps (0.108958ms)
ℹ tests 226
ℹ suites 0
ℹ pass 226
ℹ fail 0
ℹ cancelled 0
ℹ skipped 0
ℹ todo 0
ℹ duration_ms 1238.658375
→ 打包中…
→ 运行测试…
京东方评级: D 分数: 34.3
维度明细: 卡玛比率=22.7, 最大回撤=27.5, 胜率=33.5, 利润因子=34.1, 夏普比率=41.5, 波动率=50.1
否决: 利润因子 1.11 接近 1，仅勉强盈亏平衡
长线优质策略评级: B 分数: 64.5
维度权重: 卡玛比率=28%, 最大回撤=26%, 胜率=0%, 利润因子=0%, 夏普比率=23%, 波动率=23%
优质案例评级: A 分数: 83.9
寻优点评级: A 74
组合重算指标: { '年化': '20.83%', '回撤': '0.80%', '夏普': '5.27', '卡玛': '26.03' }
稳定上涨组合评级: S 91.8
波动组合重算: { '回撤': '44.15%', '夏普': '-2.64', '持续': 60 }
波动组合评级: D 18.5
✔ 京东方回测必须评为 D 档（用户核心诉求验证点） (2.16175ms)
✔ 京东方评分应在 30-43 区间（C 与 D 的边界） (0.3085ms)
✔ 低利润因子触发系统亏损否决 (0.09725ms)
✔ 样本不足（< 10 笔交易）降权但不否决整个评级 (0.174042ms)
✔ 用户实测场景：6年6笔交易 + 高夏普 → 应得 A/B（核心回归测试） (0.179208ms)
✔ 深回撤 > 60% 触发直接 D 否决 (0.086667ms)
✔ 优质回测应得 A 或 S 档 (0.100625ms)
✔ 高回撤但收益高 → 最高 B（一票否决 cap） (0.081959ms)
✔ 插值函数：边界值取端点分数 (0.075041ms)
✔ 插值函数：中间值线性插值 (0.1005ms)
✔ 寻优评级：4 维度降级版 (0.136083ms)
✔ 寻优评级：网格点交易太少 → 降权但评级照常 (0.066333ms)
✔ 组合评级：稳定上涨净值应得 A 或 S (1.999208ms)
✔ 组合评级：高波动深回撤净值 → 低档 (0.718416ms)
✔ combinedMetrics：单点净值返回全 0（兜底） (0.058958ms)
ℹ tests 15
ℹ suites 0
ℹ pass 15
ℹ fail 0
ℹ cancelled 0
ℹ skipped 0
ℹ todo 0
ℹ duration_ms 64.240167
