
> web-ui@0.0.0 test
> node scripts/run-tests.mjs

✔ higher sources resolve actual records and separate original from current review time (1.207541ms)
✔ base sources and foreign witness rejection have distinct Chinese descriptions (0.099708ms)
✔ inconsistent candidate has no replay evidence: unknown reason (0.081208ms)
✔ inconsistent candidate has no replay evidence: prototype key (0.063083ms)
✔ inconsistent candidate has no replay evidence: future version (0.057958ms)
✔ inconsistent candidate has no replay evidence: future completion (0.048834ms)
✔ inconsistent candidate has no replay evidence: missing time (0.047791ms)
✔ inconsistent candidate has no replay evidence: empty source (14.856667ms)
✔ inconsistent candidate has no replay evidence: duplicate source (0.132542ms)
✔ inconsistent candidate has no replay evidence: unknown source (0.120583ms)
✔ inconsistent candidate has no replay evidence: mixed levels (3.571625ms)
✔ inconsistent candidate has no replay evidence: future child (0.269792ms)
✔ inconsistent candidate has no replay evidence: wrong child level (0.065209ms)
✔ inconsistent candidate has no replay evidence: duplicate record (0.046333ms)
✔ inconsistent candidate has no replay evidence: empty record range (0.050375ms)
✔ inconsistent candidate has no replay evidence: gap (0.047958ms)
✔ inconsistent candidate has no replay evidence: wrong parent range (0.04025ms)
✔ inconsistent candidate has no replay evidence: reversed sources (0.044208ms)
✔ inconsistent candidate has no replay evidence: unsafe base number (0.424291ms)
✔ 80 percent transparency is 20 percent alpha, for both candle directions (0.48825ms)
✔ transparency stays finite, integer, and bounded (0.115708ms)
✔ body is symmetric around the unchanged wick across widths and fractional positions (1.470416ms)
✔ horizontal candles preserve every price coordinate (0.098583ms)
✔ missing or non-finite candle layouts are left untouched (0.108292ms)
✔ native ECharts layout remains centred after resize, zoom and data replacement (91.201959ms)
✔ zooming out of large-data line mode restores centred candle bodies (8.7505ms)
✔ structure widths retain existing defaults and hover appearance (6.1205ms)
✔ manual values stay finite, bounded, and at two decimal places (0.324125ms)
✔ raw index overrides rounded dates, including zero (3.220917ms)
✔ legacy intraday dates never fall back to the first bar of the day (0.122917ms)
✔ duplicate formatted times fail safely without a raw index (0.094458ms)
✔ padding keeps the 23px marker plus radius inside the price pane (0.123875ms)
✔ flat, zero and negative ranges get finite padding; invalid extents do not (0.080459ms)
✔ single-bar time link is a thin line limited to each actual plot (3.709542ms)
✔ multi-bar time link has no border and clips to plot, never clamps offscreen data to an edge (0.104541ms)
✔ time links map daily coverage to all minute bars, not a matching ordinal (0.163375ms)
✔ weekly and monthly end-labelled bars cover earlier constituent dates without changing data (2.920209ms)
✔ nearest marker wins regardless of signal family, only co-located points share chooser (0.264834ms)
✔ immutable request cache deduplicates pending work, isolates payload keys and retries errors (0.866208ms)
✔ all six structural types keep extrema and confirmation separate with original evidence (0.919792ms)
✔ legacy records do not invent confirmation or structural sources (0.267542ms)
✔ M1 keeps independent MACD source and original direction, never a structural type (2.767583ms)
✔ all chart layers override independent animation and progressive rendering (8.244792ms)
✔ rejects invalid saved zooms (1.179667ms)
✔ same-snapshot redraw keeps current manually chosen view (0.195458ms)
✔ focus redraw keeps manual zoom; clearing restores pre-focus view (0.097084ms)
✔ switching focus preserves the original return view (0.0695ms)
✔ new snapshot resets saved focus view and never revives old zoom (0.068792ms)
✔ default inactive; moving does not show cards and leaving does not deactivate (1.950291ms)
✔ object previews can read date-card activation without activating it (0.195916ms)
✔ click selects a point; outside click closes; inside click is not dismissed (0.117375ms)
✔ activated cards follow movement until outside dismissal, then require another click (0.103917ms)
✔ zoom clears stale coordinates but preserves activation (0.075875ms)
✔ data reset and Escape deactivate; teardown removes all handlers (0.109083ms)
✔ directed centre chain is candidate evidence, not completion (38.002208ms)
✔ touching, opposing, future, overlapping or malformed chains fail closed (0.407375ms)
✔ single-centre and legacy components remain readable (0.07975ms)
✔ inside, border, reversed y and overlapping rectangles resolve newest first (0.794291ms)
✔ invalid or missing render coordinates cannot create hits (0.079334ms)
✔ popup stays within narrow viewport and near-edge right click (0.083416ms)
✔ roles are Chinese and unknown roles never claim completion (0.419084ms)
✔ source ranges keep one-based indices without disguising gaps (0.106ms)
✔ coverage checks counts, repeats and missing IDs (0.195542ms)
✔ missing, empty and rejected suffix are explicit (0.070583ms)
✔ invalid counts and empty blocks cannot pass the coverage audit (0.078875ms)
✔ uses raw indices, allows shared endpoints and bounds zoom padding (2.000792ms)
✔ does not invent a B interval or infer indices from formatted dates (0.096375ms)
✔ rejects partial, reversed, overlapping and out-of-snapshot evidence (0.1175ms)
✔ allows inspection of historical failed evidence without reviving it (0.104792ms)
✔ local proof draws frozen exact endpoints only after its actual confirmation (0.16025ms)
✔ dual-line divergence uses two exact raw indices, never artificial ABC ranges (0.087333ms)
✔ dual-line focus rejects missing, duplicate, reversed and out-of-range points (0.085791ms)
✔ special wave focus uses AB and its extreme without inventing C (0.088833ms)
✔ direction, family and lifecycle have independent marker styles (0.580584ms)
✔ no-C dual-line remains a circle and fills only on first reverse-pen confirmation (2.517459ms)
✔ M1 is restricted to confirmed waves with a later actual confirmation (0.199125ms)
✔ four families retain independent records and nonstandard uses a triangle (0.214875ms)
✔ October 4 marker matrix uses shape for family and colour only for direction (0.134917ms)
✔ special AB evidence separates A line extrema from both price anchors and legacy pivots (0.141333ms)
✔ history is opt-in, inactive stays grey hollow, never creates M1 (0.128167ms)
✔ every historical shape uses a continuous hollow contour, including on hover (0.133125ms)
✔ new nonstandard evidence relaxes prices only and records each subtype (0.118667ms)
✔ new dual rule cannot fill without recorded later local confirmation (0.100875ms)
✔ historical engineering match retains original timing without claiming regrouping completion (0.929333ms)
✔ future, stale, mismatched or incomplete evidence fails closed (0.328ms)
✔ older snapshots and unmatched parts keep existing natural audit available (0.068833ms)
✔ engineering provenance uses the same one-based numbering as other inspectors (0.559375ms)
✔ mixed recursion distinguishes consolidation and trend from the old trend view (0.146292ms)
✔ unknown or reversed provenance is not presented as a completed trend (0.071167ms)
✔ indicator and price values use two decimals without inventing missing evidence (0.073667ms)
✔ recursive centre relations never call extension candidates completed types (0.076333ms)
✔ admissions distinguish unit confirmation from later failed-return admission (0.057458ms)
✔ display fields retain all text including dates, provenance, and secondary colons (2.147667ms)
✔ narrative, missing evidence, and timestamp headings remain whole (0.24025ms)
✔ all candidate states distinguish eligibility from completed natural types (0.862291ms)
✔ opposite geometry identifies reused next-part evidence, including nonzero source IDs (0.579167ms)
✔ external opposite geometry is not added to candidate membership (0.101917ms)
✔ missing, stale, misattributed or future opposite geometry is not displayed as matched (0.535416ms)
✔ preferred endpoints are never called completed types; conflicts are retained (0.112625ms)
✔ opposite base turn is not same-level completion (0.107417ms)
✔ price formatting preserves zero and boundary contact, guards non-finite values (0.115ms)
✔ candidate audit joins by identity, not response order (0.198334ms)
✔ part audit must match ordinal AND exact raw source IDs, including shifted IDs (0.168666ms)
✔ locates the three raw ranges without relabelling them as MACD or confirmed centres (0.997375ms)
✔ candidate must already be observable at the CURRENT replay prefix (0.169041ms)
✔ no incomplete, waiting or unsupported candidate is given a fabricated range (0.104042ms)
✔ raw bar boundaries must be contiguous and inside the visible window (0.136625ms)
✔ source partitions must cover every original segment once, preserving nonzero IDs (0.126708ms)
✔ conflicting geometric fallback remains viewable for manual audit (0.121334ms)
✔ clearing a regrouping focus restores original zoom; a new replay snapshot does not (0.14275ms)
✔ membership labels distinguish source confirmation from later admission (0.629292ms)
✔ admission witness distinguishes confirmation dependency from geometric membership (0.092ms)
✔ old or malformed evidence never invents an admission witness (0.07675ms)
✔ menus stay inside phone, keyboard and landscape viewports (1.746541ms)
✔ near-bottom controls open upwards without changing ordinary desktop width (0.153625ms)
✔ marker hit uses signed stacking offset for both directions, not candle position (0.809667ms)
✔ symbol size and invalid render positions are handled safely (0.104542ms)
✔ aborted late response cannot publish metadata even if transport ignores abort (33.073459ms)
✔ missing provenance or silently changed adjustment never reaches research (0.143708ms)
✔ reported gaps do not falsely label suspension or prevent inspecting valid candles (0.107375ms)
✔ history fetch consumes one verified range and publishes complete metadata only after validation (0.543375ms)
✔ unclosed response never updates provenance or reaches the backtest (0.226084ms)
✔ whole proof validated without mutation, and cross-role ownership remains visible (0.96475ms)
✔ stale, future, duplicated, incomplete, falsely completed and mismatched sources rejected (0.284291ms)
✔ base runs cannot masquerade as proofs or own multiple provisional regions (0.07325ms)
✔ blocked covers show full conflicts, never fabricated flattened blocks (0.092ms)
✔ labels retain provisional scope (0.0615ms)
✔ all seven MA presets are available but only MA5 and MA10 start visible (1.457708ms)
✔ each chart session gets independent editable settings without changing presets (0.078541ms)
✔ MA presets retain the requested yellow, white, purple, green, cyan, orange, red palette (0.101291ms)
✔ legend retains every MA choice and explicit hidden states override stale chart selection (0.10075ms)
✔ cross-boundary details resolve actual input and nested ownership records (1.262875ms)
✔ unowned reverse evidence stays explicitly unowned for boundary rejection (0.103959ms)
✔ foreign witness can be shown for an otherwise single-owner candidate (0.094792ms)
✔ legacy candidates do not invent missing conflict details (0.099ms)
✔ damaged detail is not presented: mismatched candidate sources (0.079334ms)
✔ damaged detail is not presented: wrong layer (0.056167ms)
✔ damaged detail is not presented: unknown reverse input (0.059667ms)
✔ damaged detail is not presented: wrong reverse range (0.062792ms)
✔ damaged detail is not presented: reverse overlaps prices (0.067625ms)
✔ damaged detail is not presented: future reverse confirmation (0.115042ms)
✔ damaged detail is not presented: wrong reverse time (0.063917ms)
✔ damaged detail is not presented: incomplete domain list (0.065208ms)
✔ damaged detail is not presented: duplicate domains (0.046125ms)
✔ damaged detail is not presented: noncontinuous domain (0.042208ms)
✔ damaged detail is not presented: foreign domain misses witness (0.04625ms)
✔ damaged detail is not presented: false unowned witness (0.048833ms)
✔ damaged detail is not presented: missing nested record (0.0545ms)
✔ damaged detail is not presented: wrong reason (0.05575ms)
✔ only current owner revisions form the displayed ownership set (0.7365ms)
✔ internal provenance remains distinct and validates enclosing ownership (0.313208ms)
✔ parent-covered history is not labeled as an additional effective input (0.067833ms)
✔ nested provenance validates containment and strictly increasing input levels (0.162959ms)
✔ current owner labels are distinct from creation IDs and tolerate old snapshots (0.091625ms)
✔ summary mode lists every historical address, not just current versions (14.770792ms)
✔ full and missing legacy snapshots stay readable without inventing history (0.24125ms)
✔ all four analysis paths explicitly request summary delivery without changing input (2.593292ms)
✔ complete lifecycle stays chronological, does not mutate input, and uses Chinese labels (1.293ms)
✔ legacy or future history is not invented (0.121958ms)
✔ dangling, reordered, duplicated, miscounted and conflicting histories fail closed (1.169833ms)
✔ equal counts cannot hide swapped source identities (0.084959ms)
✔ intermediate event boundaries must equal actual inherited and added sources (0.069833ms)
✔ input evidence must exist at the correct level and be available at admission (0.189083ms)
✔ invalid domain sources, membership and parent context fail closed (0.156125ms)
✔ leftward growth, shifted sources and newly filled merge gaps remain valid (0.440083ms)
✔ both periods exclude future and open candles while retaining original warm-up start (1.899458ms)
✔ snapshot observation time caps cutoff; bar start before cutoff is not enough (0.132958ms)
✔ no timeframe fallback or fabricated candles when historical minute range is unavailable (0.095917ms)
✔ index and board snapshots retain NONE adjustment, mismatch is rejected (0.27775ms)
✔ missing completion evidence, timezone timestamps and unordered bars fail explicitly (0.162084ms)
✔ week/month completion boundary comes from provider annotation, not day label (0.11925ms)
✔ forming candles preserve OHLC and use dashed empty outlines (0.422917ms)
✔ forming volume and signed MACD columns preserve values and direction (0.096084ms)
✔ late messages, close and errors from an old socket cannot affect replacement (0.860291ms)
✔ invalid messages and control responses never become ticks; close reason retained (0.344167ms)
✔ matching versions are selected by case identity without mutation (2.877416ms)
✔ future snapshots, wrong rules, incomplete chains and duplicate cases are rejected (0.352709ms)
✔ labels never confuse endpoint consistency or higher-centre proof with completion (0.156792ms)
✔ v2 keeps the detached prefix and v1 remains readable (0.380083ms)
✔ v3 supports trend search while retaining the same ownership guards (0.11775ms)
✔ missing, duplicated, misattributed or silently completed prefix is rejected (0.310208ms)
✔ reincorporation is recorded explicitly instead of erasing detached history (1.238125ms)
✔ accepts bounded history and empty verified batches (0.503334ms)
✔ rejects wrong batch, future indices, broken sources and contradictory state (0.235208ms)
✔ research labels distinguish absence, release, retained and internal (0.076458ms)
✔ late old responses cannot own a newer research request (0.478084ms)
✔ submission fields are captured values, not mutable form references (0.420084ms)
✔ snapshot import keeps original data and normalizes optional display metadata (2.059708ms)
✔ reject invalid schema, periods, oversized arrays and impossible candle prices (0.963125ms)
✔ window is exchange local and bounded by the snapshot cutoff (1.269291ms)
✔ missing numbers and candidate status are never promoted (0.195167ms)
✔ amber projection resolves daily and minute labels, ignores open candle (0.573791ms)
✔ audit description translates permissions and never renders arbitrary detail fields (0.461667ms)
✔ audit time is explicitly Shanghai time and invalid data remains readable (32.563333ms)
✔ audit API preserves bounded pagination/filter state and authenticated credentials (13.205542ms)
✔ new standard evidence explains price, old blocker and independent special lifecycle (9.437458ms)
✔ new gates include counts, boundary and dates without undefined placeholder (0.546542ms)
✔ legacy comparisons retain old detected confirmed and invalidated dates (0.337ms)
✔ structure dates remove midnight noise without changing intraday precision (2.227417ms)
✔ centre evidence distinguishes fixed core, outer range and candidate expansion (4.912875ms)
✔ segment evidence includes source prices and reverse proof with one-based labels (0.4275ms)
✔ missing legacy evidence does not invent confirmation (0.485958ms)
✔ special inclusion explains boundary exception without labelling it an ordinary fractal (0.113334ms)
✔ centre relation history distinguishes current candidate from original separation (0.120541ms)
✔ confirmation replay translates raw indices without date matching (0.075208ms)
✔ unknown, invalid or out-of-snapshot confirmations have no replay target (0.268792ms)
✔ connection badge validates shared time, price and alternating direction (0.270709ms)
✔ reverse preview uses observed extreme, not last close or a future target (0.868ms)
✔ mirrored lows produce an upward reference (0.101875ms)
✔ no invented reference for missing, ambiguous, extending, or invalid inputs (0.093417ms)
✔ replay prefix cannot use a later extreme; ties retain first occurrence (0.089166ms)
✔ ongoing consolidation differs by color, line pattern, and fill (0.094375ms)
✔ cancelling is not terminal and elapsed values remain readable (3.301ms)
✔ runBacktestWithPolling waits through cancelling and returns cancelled (19.258375ms)
✔ runBacktestWithPolling waits through cancelling and returns timed_out (0.588875ms)
✔ runSignalScanWithPolling waits through cancelling and returns cancelled (2.363209ms)
✔ runSignalScanWithPolling waits through cancelling and returns timed_out (0.678959ms)
✔ cancel API uses POST, and partial cancelled scan results are never accepted (0.378708ms)
✔ persistent recovery and version mismatch are distinct from completion (0.19625ms)
✔ terminal task deletion handles empty 204 and encodes identity (0.17375ms)
✔ checkpoint presence is not confused with verified reuse or task completion (0.108125ms)
✔ cached completed submission is retrieved rather than shown as running (0.204666ms)
✔ network failures are localized across WebKit, Chromium and Firefox (0.166584ms)
✔ exact current revision accepts only its own evidence without mutation (2.368208ms)
✔ old partition, stale version, future evidence and false completion are rejected (0.310167ms)
✔ historical audit cannot import a later opposite segment (0.087417ms)
✔ empty partitions and higher-proof priority retain explicit blockers (0.0775ms)
✔ new blockers use Chinese labels without calling prerequisites completion (0.146541ms)
✔ missing comparison interval is explained in Chinese without inventing a date (1.735792ms)
✔ special diagnostics identify each A indicator witness rather than the price witness (0.18425ms)
✔ nonstandard DEA axis gate remains explicit without an improvement requirement (0.145292ms)
✔ DEA tolerance discloses research threshold, precise deviation and near-zero fallback (0.173542ms)
✔ wave evidence separates effective A from original wave and local pivots (0.811209ms)
✔ rounded equal line extrema disclose the precise failed values and witness times (0.120166ms)
✔ comparisons are explicitly research only and preserve B/C axis checks (0.100208ms)
✔ unformed candidate shows Chinese gates, two-decimal values and rejection dates (0.094458ms)
✔ new nonstandard audit explicitly uses full A and first-formed reverse evidence explains gaps (0.11125ms)
ℹ tests 237
ℹ suites 0
ℹ pass 237
ℹ fail 0
ℹ cancelled 0
ℹ skipped 0
ℹ todo 0
ℹ duration_ms 1039.226916
→ 打包中…
→ 运行测试…
京东方评级: D 分数: 34.3
维度明细: 卡玛比率=22.7, 最大回撤=27.5, 胜率=33.5, 利润因子=34.1, 夏普比率=41.5, 波动率=50.1
否决: 利润因子 1.11 接近 1，仅勉强盈亏平衡
长线优质策略评级: B 分数: 64.5
维度权重: 卡玛比率=28%, 最大回撤=26%, 胜率=0%, 利润因子=0%, 夏普比率=23%, 波动率=23%
优质案例评级: A 分数: 83.9
寻优点评级: A 74
组合重算指标: { '年化': '20.83%', '回撤': '0.80%', '夏普': '5.27', '卡玛': '26.03' }
稳定上涨组合评级: S 91.8
波动组合重算: { '回撤': '44.15%', '夏普': '-2.64', '持续': 60 }
波动组合评级: D 18.5
✔ 京东方回测必须评为 D 档（用户核心诉求验证点） (1.564541ms)
✔ 京东方评分应在 30-43 区间（C 与 D 的边界） (0.124666ms)
✔ 低利润因子触发系统亏损否决 (0.080833ms)
✔ 样本不足（< 10 笔交易）降权但不否决整个评级 (0.164917ms)
✔ 用户实测场景：6年6笔交易 + 高夏普 → 应得 A/B（核心回归测试） (0.175458ms)
✔ 深回撤 > 60% 触发直接 D 否决 (0.084959ms)
✔ 优质回测应得 A 或 S 档 (0.10525ms)
✔ 高回撤但收益高 → 最高 B（一票否决 cap） (0.100583ms)
✔ 插值函数：边界值取端点分数 (0.076166ms)
✔ 插值函数：中间值线性插值 (0.101333ms)
✔ 寻优评级：4 维度降级版 (0.129041ms)
✔ 寻优评级：网格点交易太少 → 降权但评级照常 (0.066042ms)
✔ 组合评级：稳定上涨净值应得 A 或 S (2.141709ms)
✔ 组合评级：高波动深回撤净值 → 低档 (0.530084ms)
✔ combinedMetrics：单点净值返回全 0（兜底） (0.055292ms)
ℹ tests 15
ℹ suites 0
ℹ pass 15
ℹ fail 0
ℹ cancelled 0
ℹ skipped 0
ℹ todo 0
ℹ duration_ms 61.0775
