
> web-ui@0.0.0 test
> node scripts/run-tests.mjs

✔ tracking is restricted to active administrators and explicitly authorized users (0.496709ms)
✔ presence requires visible focused recent interaction and never negative elapsed time (0.211583ms)
✔ admin query descriptions label metadata and disclose truncated targets (1.165791ms)
✔ all current chart inspector evidence stays readable without altering original nested data (5.237083ms)
✔ reject malformed fields reachable from overlays, popovers and every inspector section with exact paths (5.97475ms)
✔ optional old fields and empty failure checkpoints remain readable, no missing-state invention (0.450417ms)
✔ archive calendar validation rejects normalized impossible dates and illegal clock/offset values (1.338042ms)
✔ bar validation compares actual instants, retains raw strings, rejects equal instants and malformed volume (0.346959ms)
✔ existing frozen matrix bar sources remain readable without mutation (17.260375ms)
✔ legacy local migration keeps original payload, precision, versions and unknown fields without upgrading (3.539334ms)
✔ cloud exports use latest metadata but retain the original immutable payload, not old cloud ID/revision (0.598625ms)
✔ study import preserves successful and failed periods plus original warmup and primary metadata (1.083208ms)
✔ unknown, incomplete, oversized and nonfinite backups are rejected, never uploaded as summaries (704.5035ms)
✔ original valid study rows retain precision, unknown fields, true zero and no recomputation (5.587208ms)
✔ invalid nested fields become explicit per-period errors, not silently missing rows (1.507292ms)
✔ strict pen fields reject coercion and preserve historical source errors without reading their invalid nested fields (1.753875ms)
✔ duplicates are not cherry-picked and malformed or future rows remain in original-record entries (1.018667ms)
✔ trade lookup keeps the exact minute across separators, precision and days (2.117625ms)
✔ date-only values cannot choose the midnight bar of an ambiguous day (0.216916ms)
✔ daily and duplicate exact timestamps keep first positional matches (0.689583ms)
✔ nanoseconds and timezone text are not truncated into a false match (0.109792ms)
✔ date labels preserve useful precision without local timezone conversion (0.10575ms)
✔ higher sources resolve actual records and separate original from current review time (2.5175ms)
✔ base sources and foreign witness rejection have distinct Chinese descriptions (0.217833ms)
✔ inconsistent candidate has no replay evidence: unknown reason (0.1035ms)
✔ inconsistent candidate has no replay evidence: prototype key (0.125667ms)
✔ inconsistent candidate has no replay evidence: future version (0.209458ms)
✔ inconsistent candidate has no replay evidence: future completion (0.1465ms)
✔ inconsistent candidate has no replay evidence: missing time (2.607333ms)
✔ inconsistent candidate has no replay evidence: empty source (0.532625ms)
✔ inconsistent candidate has no replay evidence: duplicate source (0.362458ms)
✔ inconsistent candidate has no replay evidence: unknown source (0.120458ms)
✔ inconsistent candidate has no replay evidence: mixed levels (0.518334ms)
✔ inconsistent candidate has no replay evidence: future child (0.3145ms)
✔ inconsistent candidate has no replay evidence: wrong child level (0.085583ms)
✔ inconsistent candidate has no replay evidence: duplicate record (0.147166ms)
✔ inconsistent candidate has no replay evidence: empty record range (0.047791ms)
✔ inconsistent candidate has no replay evidence: gap (0.042916ms)
✔ inconsistent candidate has no replay evidence: wrong parent range (0.082708ms)
✔ inconsistent candidate has no replay evidence: reversed sources (0.1115ms)
✔ inconsistent candidate has no replay evidence: unsafe base number (0.14ms)
✔ 80 percent transparency is 20 percent alpha, for both candle directions (1.444541ms)
✔ transparency stays finite, integer, and bounded (0.311959ms)
✔ body is symmetric around the unchanged wick across widths and fractional positions (16.524292ms)
✔ horizontal candles preserve every price coordinate (0.114125ms)
✔ missing or non-finite candle layouts are left untouched (0.11775ms)
✔ native ECharts layout remains centred after resize, zoom and data replacement (232.66775ms)
✔ zooming out of large-data line mode restores centred candle bodies (10.189ms)
✔ structure widths retain existing defaults and hover appearance (1.661167ms)
✔ manual values stay finite, bounded, and at two decimal places (0.163125ms)
✔ raw index overrides rounded dates, including zero (4.73425ms)
✔ legacy intraday dates never fall back to the first bar of the day (0.115458ms)
✔ duplicate formatted times fail safely without a raw index (0.0695ms)
✔ padding keeps the 23px marker plus radius inside the price pane (0.1205ms)
✔ flat, zero and negative ranges get finite padding; invalid extents do not (0.126667ms)
✔ single-bar time link is a thin line limited to each actual plot (3.418709ms)
✔ multi-bar time link has no border and clips to plot, never clamps offscreen data to an edge (0.121333ms)
✔ time links map daily coverage to all minute bars, not a matching ordinal (0.182958ms)
✔ weekly and monthly end-labelled bars cover earlier constituent dates without changing data (7.788458ms)
✔ nearest marker wins regardless of signal family, only co-located points share chooser (0.525458ms)
✔ immutable request cache deduplicates pending work, isolates payload keys and retries errors (4.111958ms)
✔ all six structural types keep extrema and confirmation separate with original evidence (1.49875ms)
✔ legacy records do not invent confirmation or structural sources (0.45975ms)
✔ M1 keeps independent MACD source and original direction, never a structural type (0.353958ms)
✔ all chart layers override independent animation and progressive rendering (0.795167ms)
✔ archive tooltip labels and evidence remain text, not active HTML (0.648625ms)
✔ rejects invalid saved zooms (1.9455ms)
✔ same-snapshot redraw keeps current manually chosen view (0.111833ms)
✔ focus redraw keeps manual zoom; clearing restores pre-focus view (7.133542ms)
✔ switching focus preserves the original return view (0.575042ms)
✔ new snapshot resets saved focus view and never revives old zoom (0.427416ms)
✔ default inactive; moving does not show cards and leaving does not deactivate (0.879584ms)
✔ object previews can read date-card activation without activating it (0.156791ms)
✔ click selects a point; outside click closes; inside click is not dismissed (0.112959ms)
✔ activated cards follow movement until outside dismissal, then require another click (0.114958ms)
✔ zoom clears stale coordinates but preserves activation (0.077ms)
✔ data reset and Escape deactivate; teardown removes all handlers (0.105833ms)
✔ archive requests bind current owner and bypass browser cache (56.276833ms)
✔ cloud directory validates all rows, quotas and identities without dropping broken entries (9.678917ms)
✔ original detail requires an object payload but action receipts may omit it (0.666792ms)
✔ account change discards delayed success and delayed errors (0.297125ms)
✔ unauthenticated archive requests do not reach server; structured conflicts remain actionable (0.193709ms)
✔ upload retries retain immutable captured body and all numerical precision (0.191625ms)
✔ directed centre chain is candidate evidence, not completion (1.072667ms)
✔ touching, opposing, future, overlapping or malformed chains fail closed (1.539583ms)
✔ single-centre and legacy components remain readable (0.123667ms)
✔ inside, border, reversed y and overlapping rectangles resolve newest first (0.8185ms)
✔ invalid or missing render coordinates cannot create hits (0.083541ms)
✔ popup stays within narrow viewport and near-edge right click (0.085542ms)
✔ roles are Chinese and unknown roles never claim completion (1.142833ms)
✔ source ranges keep one-based indices without disguising gaps (0.141083ms)
✔ coverage checks counts, repeats and missing IDs (0.24ms)
✔ missing, empty and rejected suffix are explicit (0.08075ms)
✔ invalid counts and empty blocks cannot pass the coverage audit (0.083834ms)
✔ uses raw indices, allows shared endpoints and bounds zoom padding (0.966875ms)
✔ does not invent a B interval or infer indices from formatted dates (0.090292ms)
✔ rejects partial, reversed, overlapping and out-of-snapshot evidence (0.123459ms)
✔ allows inspection of historical failed evidence without reviving it (0.110084ms)
✔ local proof draws frozen exact endpoints only after its actual confirmation (0.161792ms)
✔ dual-line divergence uses two exact raw indices, never artificial ABC ranges (0.092ms)
✔ dual-line focus rejects missing, duplicate, reversed and out-of-range points (0.089958ms)
✔ special wave focus uses AB and its extreme without inventing C (0.091125ms)
✔ direction, family and lifecycle have independent marker styles (0.640708ms)
✔ no-C dual-line remains a circle and fills only on first reverse-pen confirmation (1.03575ms)
✔ M1 is restricted to confirmed waves with a later actual confirmation (1.099667ms)
✔ four families retain independent records and nonstandard uses a triangle (0.353709ms)
✔ October 4 marker matrix uses shape for family and colour only for direction (0.337125ms)
✔ special AB evidence separates A line extrema from both price anchors and legacy pivots (0.166375ms)
✔ history is opt-in, inactive stays grey hollow, never creates M1 (0.128875ms)
✔ every historical shape uses a continuous hollow contour, including on hover (0.322459ms)
✔ new nonstandard evidence relaxes prices only and records each subtype (6.515542ms)
✔ new dual rule cannot fill without recorded later local confirmation (0.12275ms)
✔ historical engineering match retains original timing without claiming regrouping completion (8.481875ms)
✔ future, stale, mismatched or incomplete evidence fails closed (1.124916ms)
✔ older snapshots and unmatched parts keep existing natural audit available (0.087833ms)
✔ engineering provenance uses the same one-based numbering as other inspectors (0.577792ms)
✔ mixed recursion distinguishes consolidation and trend from the old trend view (0.139292ms)
✔ unknown or reversed provenance is not presented as a completed trend (0.06875ms)
✔ indicator and price values use two decimals without inventing missing evidence (0.086416ms)
✔ recursive centre relations never call extension candidates completed types (0.094208ms)
✔ admissions distinguish unit confirmation from later failed-return admission (0.063417ms)
✔ display fields retain all text including dates, provenance, and secondary colons (0.811ms)
✔ narrative, missing evidence, and timestamp headings remain whole (0.0975ms)
✔ selects the exact source without replacing missing comparison periods with the primary (0.482584ms)
✔ prefix audit preserves original warmup snapshot and its own instrument and period (0.4315ms)
✔ rejects invalid positions, missing identity and explicitly unclosed prefix data (0.195875ms)
✔ all candidate states distinguish eligibility from completed natural types (0.526625ms)
✔ opposite geometry identifies reused next-part evidence, including nonzero source IDs (0.540666ms)
✔ external opposite geometry is not added to candidate membership (0.101417ms)
✔ missing, stale, misattributed or future opposite geometry is not displayed as matched (0.134208ms)
✔ preferred endpoints are never called completed types; conflicts are retained (0.077708ms)
✔ opposite base turn is not same-level completion (0.090584ms)
✔ price formatting preserves zero and boundary contact, guards non-finite values (0.10525ms)
✔ candidate audit joins by identity, not response order (0.078667ms)
✔ part audit must match ordinal AND exact raw source IDs, including shifted IDs (0.141584ms)
✔ locates the three raw ranges without relabelling them as MACD or confirmed centres (92.769541ms)
✔ candidate must already be observable at the CURRENT replay prefix (0.194334ms)
✔ no incomplete, waiting or unsupported candidate is given a fabricated range (0.097625ms)
✔ raw bar boundaries must be contiguous and inside the visible window (5.141625ms)
✔ source partitions must cover every original segment once, preserving nonzero IDs (0.924875ms)
✔ conflicting geometric fallback remains viewable for manual audit (0.122417ms)
✔ clearing a regrouping focus restores original zoom; a new replay snapshot does not (0.142166ms)
✔ membership labels distinguish source confirmation from later admission (4.544875ms)
✔ admission witness distinguishes confirmation dependency from geometric membership (0.132542ms)
✔ old or malformed evidence never invents an admission witness (0.079459ms)
✔ menus stay inside phone, keyboard and landscape viewports (8.058666ms)
✔ near-bottom controls open upwards without changing ordinary desktop width (8.80525ms)
✔ freeze all supported indicator outputs, warmup holes, volume averages and exact numerical precision (8.929041ms)
✔ frozen playback keeps captured values despite different current prices and never queries APIs (0.55925ms)
✔ malformed or mismatched frozen values fail closed, never fall back to recomputation (0.555875ms)
✔ marker hit uses signed stacking offset for both directions, not candle position (3.82075ms)
✔ symbol size and invalid render positions are handled safely (0.097042ms)
✔ aborted late response cannot publish metadata even if transport ignores abort (105.810542ms)
✔ missing provenance or silently changed adjustment never reaches research (0.425292ms)
✔ reported gaps do not falsely label suspension or prevent inspecting valid candles (0.265125ms)
✔ history fetch consumes one verified range and publishes complete metadata only after validation (1.32125ms)
✔ unclosed response never updates provenance or reaches the backtest (0.589625ms)
✔ null, true zero, infinities and real 999 are distinct after JSON roundtrip (0.450042ms)
✔ single, saved and comparison results retain authoritative metric basis (0.43325ms)
✔ whole proof validated without mutation, and cross-role ownership remains visible (7.324333ms)
✔ stale, future, duplicated, incomplete, falsely completed and mismatched sources rejected (0.895041ms)
✔ base runs cannot masquerade as proofs or own multiple provisional regions (21.033541ms)
✔ blocked covers show full conflicts, never fabricated flattened blocks (1.711917ms)
✔ labels retain provisional scope (0.413ms)
✔ all seven MA presets are available but only MA5 and MA10 start visible (0.796833ms)
✔ each chart session gets independent editable settings without changing presets (0.085292ms)
✔ MA presets retain the requested yellow, white, purple, green, cyan, orange, red palette (0.077416ms)
✔ legend retains every MA choice and explicit hidden states override stale chart selection (0.116417ms)
✔ cross-boundary details resolve actual input and nested ownership records (1.361208ms)
✔ unowned reverse evidence stays explicitly unowned for boundary rejection (0.115709ms)
✔ foreign witness can be shown for an otherwise single-owner candidate (0.102833ms)
✔ legacy candidates do not invent missing conflict details (0.10725ms)
✔ damaged detail is not presented: mismatched candidate sources (0.081ms)
✔ damaged detail is not presented: wrong layer (0.061416ms)
✔ damaged detail is not presented: unknown reverse input (0.063666ms)
✔ damaged detail is not presented: wrong reverse range (0.306417ms)
✔ damaged detail is not presented: reverse overlaps prices (2.661833ms)
✔ damaged detail is not presented: future reverse confirmation (0.193334ms)
✔ damaged detail is not presented: wrong reverse time (0.073416ms)
✔ damaged detail is not presented: incomplete domain list (0.261458ms)
✔ damaged detail is not presented: duplicate domains (0.090208ms)
✔ damaged detail is not presented: noncontinuous domain (0.144042ms)
✔ damaged detail is not presented: foreign domain misses witness (0.197125ms)
✔ damaged detail is not presented: false unowned witness (0.156875ms)
✔ damaged detail is not presented: missing nested record (1.112084ms)
✔ damaged detail is not presented: wrong reason (0.050542ms)
✔ only current owner revisions form the displayed ownership set (0.826ms)
✔ internal provenance remains distinct and validates enclosing ownership (0.329958ms)
✔ parent-covered history is not labeled as an additional effective input (0.070958ms)
✔ nested provenance validates containment and strictly increasing input levels (0.165ms)
✔ current owner labels are distinct from creation IDs and tolerate old snapshots (0.089541ms)
✔ summary mode lists every historical address, not just current versions (0.813708ms)
✔ full and missing legacy snapshots stay readable without inventing history (0.087417ms)
✔ all four analysis paths explicitly request summary delivery without changing input (0.3695ms)
✔ complete lifecycle stays chronological, does not mutate input, and uses Chinese labels (1.274542ms)
✔ legacy or future history is not invented (0.121958ms)
✔ dangling, reordered, duplicated, miscounted and conflicting histories fail closed (8.148542ms)
✔ equal counts cannot hide swapped source identities (0.085417ms)
✔ intermediate event boundaries must equal actual inherited and added sources (0.072375ms)
✔ input evidence must exist at the correct level and be available at admission (0.208ms)
✔ invalid domain sources, membership and parent context fail closed (0.178625ms)
✔ leftward growth, shifted sources and newly filled merge gaps remain valid (0.150375ms)
✔ both periods exclude future and open candles while retaining original warm-up start (1.474417ms)
✔ snapshot observation time caps cutoff; bar start before cutoff is not enough (0.137917ms)
✔ no timeframe fallback or fabricated candles when historical minute range is unavailable (0.092125ms)
✔ index and board snapshots retain NONE adjustment, mismatch is rejected (0.266ms)
✔ missing completion evidence, timezone timestamps and unordered bars fail explicitly (0.153417ms)
✔ week/month completion boundary comes from provider annotation, not day label (0.14975ms)
✔ matrix defaults to exactly the five requested periods in image order and six information columns (0.9085ms)
✔ does not turn current reversal observation into a confirmed opposite pen (0.154708ms)
✔ keeps true zero distinct from missing, and numerical display never overwrites original axis judgment (0.12075ms)
✔ keeps divergence family, extrema and actual confirmation separate; never drops records (15.080333ms)
✔ missing pen and divergence are bounded claims; quality limitations stay visible (0.179792ms)
✔ forming candles preserve OHLC and use dashed empty outlines (0.426792ms)
✔ forming volume and signed MACD columns preserve values and direction (0.102083ms)
✔ radar review captures row adjustment, exact minute, strategy and original cutoff (2.42075ms)
✔ invalid or legacy reviews fail explicitly without guessing data or adjustment (1.772334ms)
✔ exchange-local dates validate without browser timezone conversion (0.218625ms)
✔ review excludes future and unclosed bars, resets derived fingerprint and reports actual range without mutating source (1.497875ms)
✔ radar cache is owner scoped and malformed/legacy records never enter the UI (0.396583ms)
✔ late messages, close and errors from an old socket cannot affect replacement (1.921458ms)
✔ invalid messages and control responses never become ticks; close reason retained (0.376167ms)
✔ matching versions are selected by case identity without mutation (3.475875ms)
✔ future snapshots, wrong rules, incomplete chains and duplicate cases are rejected (0.249667ms)
✔ labels never confuse endpoint consistency or higher-centre proof with completion (0.139083ms)
✔ v2 keeps the detached prefix and v1 remains readable (0.330125ms)
✔ v3 supports trend search while retaining the same ownership guards (0.118958ms)
✔ missing, duplicated, misattributed or silently completed prefix is rejected (1.181666ms)
✔ reincorporation is recorded explicitly instead of erasing detached history (2.707458ms)
✔ accepts bounded history and empty verified batches (0.523042ms)
✔ rejects wrong batch, future indices, broken sources and contradictory state (0.229625ms)
✔ research labels distinguish absence, release, retained and internal (0.076625ms)
✔ late old responses cannot own a newer research request (0.490417ms)
✔ submission fields are captured values, not mutable form references (0.437ms)
✔ snapshot import keeps original data and normalizes optional display metadata (4.047833ms)
✔ reject invalid schema, periods, oversized arrays and impossible candle prices (0.409041ms)
✔ cloud archives retain larger frozen windows and all supported distinct periods (12.541834ms)
✔ import keeps valid frozen outputs and rejects mismatched frozen data instead of recomputing (0.461666ms)
✔ window is exchange local and bounded by the snapshot cutoff (2.619209ms)
✔ missing numbers and candidate status are never promoted (0.371541ms)
✔ amber projection resolves daily and minute labels, ignores open candle (1.67175ms)
✔ three workspaces are keyboard traversable without dropping an existing mode (0.740541ms)
✔ mobile comparison shows exactly the selected snapshot; desktop shows both (0.453791ms)
✔ inactive research never starts automatic work, valid active research does (0.224333ms)
✔ audit description translates permissions and never renders arbitrary detail fields (3.316708ms)
✔ audit time is explicitly Shanghai time and invalid data remains readable (115.931291ms)
✔ audit API preserves bounded pagination/filter state and authenticated credentials (30.690625ms)
✔ distinguishes no candidate, failed current audit, and actual invalidation without promoting legacy state (1.650166ms)
✔ filters independent families and directions without merging special and local dual-line evidence (1.862458ms)
✔ searches lifecycle dates and failure reasons with all terms required, retaining original source objects (0.127667ms)
✔ searches diagnostic rejection history without silently reviving historical candidates (0.383ms)
✔ all excludes bc false, preserves input order and records, and does not infer missing direction (0.137333ms)
✔ legacy diagnostic family is standard, and empty diagnostics do not invent rejection records (0.097833ms)
✔ structural points retain their own confirmation and evidence, never deriving them from a MACD source (0.280583ms)
✔ M1 uses exact existing gates and remains a separate view of its original standard event (0.220459ms)
✔ combined date query finds independent point, prompt and event records without deduplication or additive counts (0.119083ms)
✔ chart date matches structured lifecycle timestamps, not coincidental prose dates (0.230208ms)
✔ minute evidence uses exact exchange-local minute, accepting T/space and refusing missing time (0.647667ms)
✔ chart date includes diagnostic ABC and rejection coverage without inventing open or reversed intervals (0.241334ms)
✔ date scope combines with all filters for structural points and original M1 sources (0.283875ms)
✔ new standard evidence explains price, old blocker and independent special lifecycle (1.080291ms)
✔ new gates include counts, boundary and dates without undefined placeholder (0.219791ms)
✔ legacy comparisons retain old detected confirmed and invalidated dates (0.154291ms)
✔ structure dates remove midnight noise without changing intraday precision (0.550125ms)
✔ centre evidence distinguishes fixed core, outer range and candidate expansion (1.039ms)
✔ segment evidence includes source prices and reverse proof with one-based labels (0.466ms)
✔ missing legacy evidence does not invent confirmation (0.275792ms)
✔ special inclusion explains boundary exception without labelling it an ordinary fractal (0.168125ms)
✔ centre relation history distinguishes current candidate from original separation (0.257833ms)
✔ confirmation replay translates raw indices without date matching (0.164084ms)
✔ unknown, invalid or out-of-snapshot confirmations have no replay target (0.206375ms)
✔ connection badge validates shared time, price and alternating direction (0.234375ms)
✔ reverse preview uses observed extreme, not last close or a future target (1.359417ms)
✔ mirrored lows produce an upward reference (0.116166ms)
✔ no invented reference for missing, ambiguous, extending, or invalid inputs (0.123167ms)
✔ replay prefix cannot use a later extreme; ties retain first occurrence (0.095ms)
✔ ongoing consolidation differs by color, line pattern, and fill (0.105584ms)
✔ task list rejects malformed responses instead of replacing records with undefined (30.513458ms)
✔ cancelling is not terminal and elapsed values remain readable (0.167958ms)
✔ runBacktestWithPolling waits through cancelling and returns cancelled (2.256917ms)
✔ runBacktestWithPolling waits through cancelling and returns timed_out (1.63775ms)
✔ runSignalScanWithPolling waits through cancelling and returns cancelled (2.402209ms)
✔ runSignalScanWithPolling waits through cancelling and returns timed_out (1.299875ms)
✔ cancel API uses POST, and partial cancelled scan results are never accepted (0.426334ms)
✔ persistent recovery and version mismatch are distinct from completion (0.281584ms)
✔ terminal task deletion handles empty 204 and encodes identity (0.144167ms)
✔ checkpoint presence is not confused with verified reuse or task completion (0.86975ms)
✔ cached completed submission is retrieved rather than shown as running (0.67225ms)
✔ network failures are localized across WebKit, Chromium and Firefox (0.262583ms)
✔ tracking identity separates asset types, exchanges and board catalogues (0.759583ms)
✔ cloud book validates without silently dropping corrupt groups or duplicate entries (0.619875ms)
✔ expansion preserves every member and all board/direct sources, not a 200-row display page (3.597792ms)
✔ membership failure is explicit and malformed partial membership is never accepted (0.6285ms)
✔ batch runs sequentially, keeps partial errors and continues after a failed target (7.52425ms)
✔ cancellation marks in-flight and unstarted rows, ignoring a late success (0.459833ms)
✔ group breadth counts only available periods, never treats failed targets as neutral evidence (0.2715ms)
✔ exact current revision accepts only its own evidence without mutation (1.11025ms)
✔ old partition, stale version, future evidence and false completion are rejected (0.285291ms)
✔ historical audit cannot import a later opposite segment (0.084083ms)
✔ empty partitions and higher-proof priority retain explicit blockers (0.07425ms)
✔ new blockers use Chinese labels without calling prerequisites completion (0.181334ms)
✔ missing comparison interval is explained in Chinese without inventing a date (0.653167ms)
✔ special diagnostics identify each A indicator witness rather than the price witness (0.173459ms)
✔ nonstandard DEA axis gate remains explicit without an improvement requirement (0.140917ms)
✔ DEA tolerance discloses research threshold, precise deviation and near-zero fallback (0.168291ms)
✔ wave evidence separates effective A from original wave and local pivots (0.783792ms)
✔ rounded equal line extrema disclose the precise failed values and witness times (0.12275ms)
✔ comparisons are explicitly research only and preserve B/C axis checks (0.09875ms)
✔ unformed candidate shows Chinese gates, two-decimal values and rejection dates (0.110625ms)
✔ new nonstandard audit explicitly uses full A and first-formed reverse evidence explains gaps (0.112375ms)
ℹ tests 310
ℹ suites 0
ℹ pass 310
ℹ fail 0
ℹ cancelled 0
ℹ skipped 0
ℹ todo 0
ℹ duration_ms 2108.502583
→ 打包中…
→ 运行测试…
京东方评级: D 分数: 34.3
维度明细: 卡玛比率=22.7, 最大回撤=27.5, 胜率=33.5, 利润因子=34.1, 夏普比率=41.5, 波动率=50.1
否决: 利润因子 1.11 接近 1，仅勉强盈亏平衡
长线优质策略评级: B 分数: 64.5
维度权重: 卡玛比率=28%, 最大回撤=26%, 胜率=0%, 利润因子=0%, 夏普比率=23%, 波动率=23%
优质案例评级: A 分数: 83.9
寻优点评级: A 74
组合重算指标: { '年化': '20.83%', '回撤': '0.80%', '夏普': '5.27', '卡玛': '26.03' }
稳定上涨组合评级: S 91.8
波动组合重算: { '回撤': '44.15%', '夏普': '-2.64', '持续': 60 }
波动组合评级: D 18.5
✔ 新版组合评级使用后端采样，不按图表柱数重新日线年化 (1.84775ms)
✔ 必要风险指标缺失不能展示为零风险或正常评级 (0.233542ms)
✔ 无穷比率不等于满分，真实零利润因子仍按亏损判断 (0.129667ms)
✔ 京东方回测必须评为 D 档（用户核心诉求验证点） (0.463625ms)
✔ 京东方评分应在 30-43 区间（C 与 D 的边界） (0.102083ms)
✔ 低利润因子触发系统亏损否决 (0.066125ms)
✔ 样本不足（< 10 笔交易）降权但不否决整个评级 (0.127041ms)
✔ 用户实测场景：6年6笔交易 + 高夏普 → 应得 A/B（核心回归测试） (0.151333ms)
✔ 深回撤 > 60% 触发直接 D 否决 (0.101292ms)
✔ 优质回测应得 A 或 S 档 (0.134ms)
✔ 高回撤但收益高 → 最高 B（一票否决 cap） (0.0755ms)
✔ 插值函数：边界值取端点分数 (0.057666ms)
✔ 插值函数：中间值线性插值 (0.045125ms)
✔ 寻优评级：4 维度降级版 (0.087042ms)
✔ 寻优评级：网格点交易太少 → 降权但评级照常 (0.052ms)
✔ 组合评级：稳定上涨净值应得 A 或 S (1.683583ms)
✔ 组合评级：高波动深回撤净值 → 低档 (0.550584ms)
✔ combinedMetrics：单点净值返回全 0（兜底） (0.064083ms)
✔ 历史组合仅保留原值，不从曲线推断日线或重算评级 (0.49175ms)
✔ v1-v4、未知版本及不完整依据不伪装为新版结果 (0.742167ms)
✔ 新版结果使用已记录指标，真实 999 和零不被当作历史哨兵 (0.089125ms)
✔ 指标状态缺失或与数值冲突不能产出评级，包括被降权维度 (0.098959ms)
✔ 低交易样本的真实不可用逐笔指标仍可降权，不误拦截可用净值评级 (0.080583ms)
✔ 寻优逐行核验新版采样与候选状态，输入范围不替代候选证据 (0.502958ms)
✔ 完整快照保留精度、真实 0/999、全部指标及版本且不关联可变输入 (0.213583ms)
✔ 策略保存接受真实 Vue 响应式结果，不因 Proxy 无法 structuredClone 而失败 (0.543708ms)
✔ 再次保存历史指标不补造新版计算或评级依据 (0.096334ms)
✔ 对比展示原值并指出版本、周期、范围与利率差异，不自动重算 (0.235292ms)
ℹ tests 28
ℹ suites 0
ℹ pass 28
ℹ fail 0
ℹ cancelled 0
ℹ skipped 0
ℹ todo 0
ℹ duration_ms 112.837333
