
> web-ui@0.0.0 test
> node scripts/run-tests.mjs

✔ trade lookup keeps the exact minute across separators, precision and days (0.916208ms)
✔ date-only values cannot choose the midnight bar of an ambiguous day (0.11625ms)
✔ daily and duplicate exact timestamps keep first positional matches (0.100625ms)
✔ nanoseconds and timezone text are not truncated into a false match (0.079667ms)
✔ date labels preserve useful precision without local timezone conversion (0.099083ms)
✔ higher sources resolve actual records and separate original from current review time (1.348292ms)
✔ base sources and foreign witness rejection have distinct Chinese descriptions (0.122375ms)
✔ inconsistent candidate has no replay evidence: unknown reason (0.089834ms)
✔ inconsistent candidate has no replay evidence: prototype key (0.07325ms)
✔ inconsistent candidate has no replay evidence: future version (0.067208ms)
✔ inconsistent candidate has no replay evidence: future completion (0.765667ms)
✔ inconsistent candidate has no replay evidence: missing time (0.063875ms)
✔ inconsistent candidate has no replay evidence: empty source (0.050292ms)
✔ inconsistent candidate has no replay evidence: duplicate source (0.055916ms)
✔ inconsistent candidate has no replay evidence: unknown source (0.103625ms)
✔ inconsistent candidate has no replay evidence: mixed levels (0.060583ms)
✔ inconsistent candidate has no replay evidence: future child (0.052875ms)
✔ inconsistent candidate has no replay evidence: wrong child level (0.049209ms)
✔ inconsistent candidate has no replay evidence: duplicate record (0.045375ms)
✔ inconsistent candidate has no replay evidence: empty record range (0.048417ms)
✔ inconsistent candidate has no replay evidence: gap (0.046542ms)
✔ inconsistent candidate has no replay evidence: wrong parent range (0.037083ms)
✔ inconsistent candidate has no replay evidence: reversed sources (0.040292ms)
✔ inconsistent candidate has no replay evidence: unsafe base number (0.042ms)
✔ 80 percent transparency is 20 percent alpha, for both candle directions (0.534125ms)
✔ transparency stays finite, integer, and bounded (0.093292ms)
✔ body is symmetric around the unchanged wick across widths and fractional positions (1.476125ms)
✔ horizontal candles preserve every price coordinate (0.097958ms)
✔ missing or non-finite candle layouts are left untouched (0.117083ms)
✔ native ECharts layout remains centred after resize, zoom and data replacement (271.406708ms)
✔ zooming out of large-data line mode restores centred candle bodies (17.717208ms)
✔ structure widths retain existing defaults and hover appearance (2.999125ms)
✔ manual values stay finite, bounded, and at two decimal places (0.152334ms)
✔ raw index overrides rounded dates, including zero (0.468291ms)
✔ legacy intraday dates never fall back to the first bar of the day (1.020625ms)
✔ duplicate formatted times fail safely without a raw index (0.101167ms)
✔ padding keeps the 23px marker plus radius inside the price pane (0.1525ms)
✔ flat, zero and negative ranges get finite padding; invalid extents do not (0.084667ms)
✔ single-bar time link is a thin line limited to each actual plot (0.873833ms)
✔ multi-bar time link has no border and clips to plot, never clamps offscreen data to an edge (0.520417ms)
✔ time links map daily coverage to all minute bars, not a matching ordinal (0.435833ms)
✔ weekly and monthly end-labelled bars cover earlier constituent dates without changing data (2.804084ms)
✔ nearest marker wins regardless of signal family, only co-located points share chooser (0.211875ms)
✔ immutable request cache deduplicates pending work, isolates payload keys and retries errors (0.340792ms)
✔ all six structural types keep extrema and confirmation separate with original evidence (0.652792ms)
✔ legacy records do not invent confirmation or structural sources (0.124542ms)
✔ M1 keeps independent MACD source and original direction, never a structural type (0.605917ms)
✔ all chart layers override independent animation and progressive rendering (0.840292ms)
✔ rejects invalid saved zooms (1.851042ms)
✔ same-snapshot redraw keeps current manually chosen view (0.248833ms)
✔ focus redraw keeps manual zoom; clearing restores pre-focus view (0.107916ms)
✔ switching focus preserves the original return view (0.134542ms)
✔ new snapshot resets saved focus view and never revives old zoom (0.078875ms)
✔ default inactive; moving does not show cards and leaving does not deactivate (0.864291ms)
✔ object previews can read date-card activation without activating it (0.14875ms)
✔ click selects a point; outside click closes; inside click is not dismissed (0.119125ms)
✔ activated cards follow movement until outside dismissal, then require another click (0.100208ms)
✔ zoom clears stale coordinates but preserves activation (0.075416ms)
✔ data reset and Escape deactivate; teardown removes all handlers (0.096542ms)
✔ directed centre chain is candidate evidence, not completion (2.810042ms)
✔ touching, opposing, future, overlapping or malformed chains fail closed (0.256625ms)
✔ single-centre and legacy components remain readable (0.068958ms)
✔ inside, border, reversed y and overlapping rectangles resolve newest first (0.830583ms)
✔ invalid or missing render coordinates cannot create hits (0.125042ms)
✔ popup stays within narrow viewport and near-edge right click (0.095625ms)
✔ roles are Chinese and unknown roles never claim completion (0.457792ms)
✔ source ranges keep one-based indices without disguising gaps (0.098667ms)
✔ coverage checks counts, repeats and missing IDs (0.228334ms)
✔ missing, empty and rejected suffix are explicit (0.0755ms)
✔ invalid counts and empty blocks cannot pass the coverage audit (0.07775ms)
✔ uses raw indices, allows shared endpoints and bounds zoom padding (1.618625ms)
✔ does not invent a B interval or infer indices from formatted dates (0.108958ms)
✔ rejects partial, reversed, overlapping and out-of-snapshot evidence (0.127709ms)
✔ allows inspection of historical failed evidence without reviving it (0.114416ms)
✔ local proof draws frozen exact endpoints only after its actual confirmation (0.169ms)
✔ dual-line divergence uses two exact raw indices, never artificial ABC ranges (0.083416ms)
✔ dual-line focus rejects missing, duplicate, reversed and out-of-range points (0.08975ms)
✔ special wave focus uses AB and its extreme without inventing C (0.212625ms)
✔ direction, family and lifecycle have independent marker styles (0.586958ms)
✔ no-C dual-line remains a circle and fills only on first reverse-pen confirmation (2.848083ms)
✔ M1 is restricted to confirmed waves with a later actual confirmation (0.458333ms)
✔ four families retain independent records and nonstandard uses a triangle (0.467625ms)
✔ October 4 marker matrix uses shape for family and colour only for direction (0.307958ms)
✔ special AB evidence separates A line extrema from both price anchors and legacy pivots (0.420292ms)
✔ history is opt-in, inactive stays grey hollow, never creates M1 (0.297958ms)
✔ every historical shape uses a continuous hollow contour, including on hover (0.314709ms)
✔ new nonstandard evidence relaxes prices only and records each subtype (0.315459ms)
✔ new dual rule cannot fill without recorded later local confirmation (0.219083ms)
✔ historical engineering match retains original timing without claiming regrouping completion (0.919416ms)
✔ future, stale, mismatched or incomplete evidence fails closed (0.315708ms)
✔ older snapshots and unmatched parts keep existing natural audit available (0.066625ms)
✔ engineering provenance uses the same one-based numbering as other inspectors (0.613959ms)
✔ mixed recursion distinguishes consolidation and trend from the old trend view (2.813459ms)
✔ unknown or reversed provenance is not presented as a completed trend (0.117666ms)
✔ indicator and price values use two decimals without inventing missing evidence (1.612584ms)
✔ recursive centre relations never call extension candidates completed types (0.718042ms)
✔ admissions distinguish unit confirmation from later failed-return admission (0.087083ms)
✔ display fields retain all text including dates, provenance, and secondary colons (0.747083ms)
✔ narrative, missing evidence, and timestamp headings remain whole (0.091916ms)
✔ selects the exact source without replacing missing comparison periods with the primary (1.037917ms)
✔ prefix audit preserves original warmup snapshot and its own instrument and period (1.188542ms)
✔ rejects invalid positions, missing identity and explicitly unclosed prefix data (0.42175ms)
✔ all candidate states distinguish eligibility from completed natural types (0.531542ms)
✔ opposite geometry identifies reused next-part evidence, including nonzero source IDs (2.24725ms)
✔ external opposite geometry is not added to candidate membership (0.133375ms)
✔ missing, stale, misattributed or future opposite geometry is not displayed as matched (0.148125ms)
✔ preferred endpoints are never called completed types; conflicts are retained (0.079542ms)
✔ opposite base turn is not same-level completion (0.102959ms)
✔ price formatting preserves zero and boundary contact, guards non-finite values (0.116333ms)
✔ candidate audit joins by identity, not response order (0.085834ms)
✔ part audit must match ordinal AND exact raw source IDs, including shifted IDs (0.161833ms)
✔ locates the three raw ranges without relabelling them as MACD or confirmed centres (0.967ms)
✔ candidate must already be observable at the CURRENT replay prefix (0.174375ms)
✔ no incomplete, waiting or unsupported candidate is given a fabricated range (0.100209ms)
✔ raw bar boundaries must be contiguous and inside the visible window (0.142625ms)
✔ source partitions must cover every original segment once, preserving nonzero IDs (0.11525ms)
✔ conflicting geometric fallback remains viewable for manual audit (0.072125ms)
✔ clearing a regrouping focus restores original zoom; a new replay snapshot does not (0.112042ms)
✔ membership labels distinguish source confirmation from later admission (1.002083ms)
✔ admission witness distinguishes confirmation dependency from geometric membership (0.123333ms)
✔ old or malformed evidence never invents an admission witness (0.081334ms)
✔ menus stay inside phone, keyboard and landscape viewports (0.678875ms)
✔ near-bottom controls open upwards without changing ordinary desktop width (0.2175ms)
✔ marker hit uses signed stacking offset for both directions, not candle position (0.430333ms)
✔ symbol size and invalid render positions are handled safely (0.129958ms)
✔ aborted late response cannot publish metadata even if transport ignores abort (167.244667ms)
✔ missing provenance or silently changed adjustment never reaches research (0.158667ms)
✔ reported gaps do not falsely label suspension or prevent inspecting valid candles (0.114959ms)
✔ history fetch consumes one verified range and publishes complete metadata only after validation (0.558459ms)
✔ unclosed response never updates provenance or reaches the backtest (0.227583ms)
✔ null, true zero, infinities and real 999 are distinct after JSON roundtrip (0.772084ms)
✔ single, saved and comparison results retain authoritative metric basis (0.549208ms)
✔ whole proof validated without mutation, and cross-role ownership remains visible (0.988958ms)
✔ stale, future, duplicated, incomplete, falsely completed and mismatched sources rejected (0.494875ms)
✔ base runs cannot masquerade as proofs or own multiple provisional regions (0.086ms)
✔ blocked covers show full conflicts, never fabricated flattened blocks (0.099958ms)
✔ labels retain provisional scope (0.06675ms)
✔ all seven MA presets are available but only MA5 and MA10 start visible (0.820375ms)
✔ each chart session gets independent editable settings without changing presets (0.083625ms)
✔ MA presets retain the requested yellow, white, purple, green, cyan, orange, red palette (0.0775ms)
✔ legend retains every MA choice and explicit hidden states override stale chart selection (0.117708ms)
✔ cross-boundary details resolve actual input and nested ownership records (1.795ms)
✔ unowned reverse evidence stays explicitly unowned for boundary rejection (0.121041ms)
✔ foreign witness can be shown for an otherwise single-owner candidate (0.097708ms)
✔ legacy candidates do not invent missing conflict details (0.110833ms)
✔ damaged detail is not presented: mismatched candidate sources (0.091625ms)
✔ damaged detail is not presented: wrong layer (0.761083ms)
✔ damaged detail is not presented: unknown reverse input (0.097417ms)
✔ damaged detail is not presented: wrong reverse range (0.073459ms)
✔ damaged detail is not presented: reverse overlaps prices (0.090833ms)
✔ damaged detail is not presented: future reverse confirmation (0.426625ms)
✔ damaged detail is not presented: wrong reverse time (0.277167ms)
✔ damaged detail is not presented: incomplete domain list (0.109167ms)
✔ damaged detail is not presented: duplicate domains (0.0535ms)
✔ damaged detail is not presented: noncontinuous domain (0.041709ms)
✔ damaged detail is not presented: foreign domain misses witness (0.050791ms)
✔ damaged detail is not presented: false unowned witness (0.046959ms)
✔ damaged detail is not presented: missing nested record (0.051417ms)
✔ damaged detail is not presented: wrong reason (0.051458ms)
✔ only current owner revisions form the displayed ownership set (0.747542ms)
✔ internal provenance remains distinct and validates enclosing ownership (0.326708ms)
✔ parent-covered history is not labeled as an additional effective input (0.068666ms)
✔ nested provenance validates containment and strictly increasing input levels (0.161416ms)
✔ current owner labels are distinct from creation IDs and tolerate old snapshots (0.091166ms)
✔ summary mode lists every historical address, not just current versions (1.292709ms)
✔ full and missing legacy snapshots stay readable without inventing history (0.4425ms)
✔ all four analysis paths explicitly request summary delivery without changing input (0.492083ms)
✔ complete lifecycle stays chronological, does not mutate input, and uses Chinese labels (3.921667ms)
✔ legacy or future history is not invented (0.138458ms)
✔ dangling, reordered, duplicated, miscounted and conflicting histories fail closed (0.986083ms)
✔ equal counts cannot hide swapped source identities (0.072333ms)
✔ intermediate event boundaries must equal actual inherited and added sources (0.067084ms)
✔ input evidence must exist at the correct level and be available at admission (0.184625ms)
✔ invalid domain sources, membership and parent context fail closed (0.169917ms)
✔ leftward growth, shifted sources and newly filled merge gaps remain valid (0.144625ms)
✔ both periods exclude future and open candles while retaining original warm-up start (2.352583ms)
✔ snapshot observation time caps cutoff; bar start before cutoff is not enough (0.12825ms)
✔ no timeframe fallback or fabricated candles when historical minute range is unavailable (0.125875ms)
✔ index and board snapshots retain NONE adjustment, mismatch is rejected (0.256167ms)
✔ missing completion evidence, timezone timestamps and unordered bars fail explicitly (0.156792ms)
✔ week/month completion boundary comes from provider annotation, not day label (0.110084ms)
✔ matrix defaults to exactly the five requested periods in image order and six information columns (1.021416ms)
✔ does not turn current reversal observation into a confirmed opposite pen (0.190291ms)
✔ keeps true zero distinct from missing, and numerical display never overwrites original axis judgment (0.382625ms)
✔ keeps divergence family, extrema and actual confirmation separate; never drops records (13.474625ms)
✔ missing pen and divergence are bounded claims; quality limitations stay visible (18.468083ms)
✔ forming candles preserve OHLC and use dashed empty outlines (0.438083ms)
✔ forming volume and signed MACD columns preserve values and direction (0.265083ms)
✔ radar review captures row adjustment, exact minute, strategy and original cutoff (2.058708ms)
✔ invalid or legacy reviews fail explicitly without guessing data or adjustment (0.827458ms)
✔ exchange-local dates validate without browser timezone conversion (0.093ms)
✔ review excludes future and unclosed bars, resets derived fingerprint and reports actual range without mutating source (2.251583ms)
✔ radar cache is owner scoped and malformed/legacy records never enter the UI (2.077583ms)
✔ late messages, close and errors from an old socket cannot affect replacement (1.172625ms)
✔ invalid messages and control responses never become ticks; close reason retained (0.168625ms)
✔ matching versions are selected by case identity without mutation (29.761125ms)
✔ future snapshots, wrong rules, incomplete chains and duplicate cases are rejected (126.80675ms)
✔ labels never confuse endpoint consistency or higher-centre proof with completion (12.405375ms)
✔ v2 keeps the detached prefix and v1 remains readable (7.633542ms)
✔ v3 supports trend search while retaining the same ownership guards (0.177292ms)
✔ missing, duplicated, misattributed or silently completed prefix is rejected (0.617958ms)
✔ reincorporation is recorded explicitly instead of erasing detached history (1.102584ms)
✔ accepts bounded history and empty verified batches (1.385958ms)
✔ rejects wrong batch, future indices, broken sources and contradictory state (0.887084ms)
✔ research labels distinguish absence, release, retained and internal (0.087916ms)
✔ late old responses cannot own a newer research request (5.103833ms)
✔ submission fields are captured values, not mutable form references (10.607583ms)
✔ snapshot import keeps original data and normalizes optional display metadata (5.065625ms)
✔ reject invalid schema, periods, oversized arrays and impossible candle prices (1.002459ms)
✔ window is exchange local and bounded by the snapshot cutoff (0.602583ms)
✔ missing numbers and candidate status are never promoted (0.08875ms)
✔ amber projection resolves daily and minute labels, ignores open candle (1.421875ms)
✔ audit description translates permissions and never renders arbitrary detail fields (1.252ms)
✔ audit time is explicitly Shanghai time and invalid data remains readable (106.133333ms)
✔ audit API preserves bounded pagination/filter state and authenticated credentials (20.617375ms)
✔ distinguishes no candidate, failed current audit, and actual invalidation without promoting legacy state (3.15525ms)
✔ filters independent families and directions without merging special and local dual-line evidence (2.6755ms)
✔ searches lifecycle dates and failure reasons with all terms required, retaining original source objects (0.652083ms)
✔ searches diagnostic rejection history without silently reviving historical candidates (0.401209ms)
✔ all excludes bc false, preserves input order and records, and does not infer missing direction (0.146ms)
✔ legacy diagnostic family is standard, and empty diagnostics do not invent rejection records (0.099375ms)
✔ structural points retain their own confirmation and evidence, never deriving them from a MACD source (8.264583ms)
✔ M1 uses exact existing gates and remains a separate view of its original standard event (11.107208ms)
✔ combined date query finds independent point, prompt and event records without deduplication or additive counts (0.177ms)
✔ chart date matches structured lifecycle timestamps, not coincidental prose dates (28.78475ms)
✔ minute evidence uses exact exchange-local minute, accepting T/space and refusing missing time (0.158125ms)
✔ chart date includes diagnostic ABC and rejection coverage without inventing open or reversed intervals (3.477ms)
✔ date scope combines with all filters for structural points and original M1 sources (0.181125ms)
✔ new standard evidence explains price, old blocker and independent special lifecycle (4.476458ms)
✔ new gates include counts, boundary and dates without undefined placeholder (0.314709ms)
✔ legacy comparisons retain old detected confirmed and invalidated dates (0.184417ms)
✔ structure dates remove midnight noise without changing intraday precision (1.142459ms)
✔ centre evidence distinguishes fixed core, outer range and candidate expansion (1.14925ms)
✔ segment evidence includes source prices and reverse proof with one-based labels (0.4675ms)
✔ missing legacy evidence does not invent confirmation (0.248875ms)
✔ special inclusion explains boundary exception without labelling it an ordinary fractal (0.168417ms)
✔ centre relation history distinguishes current candidate from original separation (0.293083ms)
✔ confirmation replay translates raw indices without date matching (0.162875ms)
✔ unknown, invalid or out-of-snapshot confirmations have no replay target (0.355333ms)
✔ connection badge validates shared time, price and alternating direction (0.42875ms)
✔ reverse preview uses observed extreme, not last close or a future target (5.723833ms)
✔ mirrored lows produce an upward reference (0.116625ms)
✔ no invented reference for missing, ambiguous, extending, or invalid inputs (0.507584ms)
✔ replay prefix cannot use a later extreme; ties retain first occurrence (2.709375ms)
✔ ongoing consolidation differs by color, line pattern, and fill (0.395625ms)
✔ cancelling is not terminal and elapsed values remain readable (0.58175ms)
✔ runBacktestWithPolling waits through cancelling and returns cancelled (25.859791ms)
✔ runBacktestWithPolling waits through cancelling and returns timed_out (2.056458ms)
✔ runSignalScanWithPolling waits through cancelling and returns cancelled (3.964875ms)
✔ runSignalScanWithPolling waits through cancelling and returns timed_out (2.859583ms)
✔ cancel API uses POST, and partial cancelled scan results are never accepted (1.176208ms)
✔ persistent recovery and version mismatch are distinct from completion (0.357334ms)
✔ terminal task deletion handles empty 204 and encodes identity (0.166916ms)
✔ checkpoint presence is not confused with verified reuse or task completion (0.291041ms)
✔ cached completed submission is retrieved rather than shown as running (0.259084ms)
✔ network failures are localized across WebKit, Chromium and Firefox (0.189ms)
✔ exact current revision accepts only its own evidence without mutation (1.063625ms)
✔ old partition, stale version, future evidence and false completion are rejected (0.262041ms)
✔ historical audit cannot import a later opposite segment (0.082333ms)
✔ empty partitions and higher-proof priority retain explicit blockers (0.071667ms)
✔ new blockers use Chinese labels without calling prerequisites completion (0.133209ms)
✔ missing comparison interval is explained in Chinese without inventing a date (0.645416ms)
✔ special diagnostics identify each A indicator witness rather than the price witness (0.172334ms)
✔ nonstandard DEA axis gate remains explicit without an improvement requirement (0.140209ms)
✔ DEA tolerance discloses research threshold, precise deviation and near-zero fallback (0.728542ms)
✔ wave evidence separates effective A from original wave and local pivots (0.297875ms)
✔ rounded equal line extrema disclose the precise failed values and witness times (0.123292ms)
✔ comparisons are explicitly research only and preserve B/C axis checks (0.102375ms)
✔ unformed candidate shows Chinese gates, two-decimal values and rejection dates (0.104916ms)
✔ new nonstandard audit explicitly uses full A and first-formed reverse evidence explains gaps (0.110791ms)
ℹ tests 270
ℹ suites 0
ℹ pass 270
ℹ fail 0
ℹ cancelled 0
ℹ skipped 0
ℹ todo 0
ℹ duration_ms 1826.680417
→ 打包中…
→ 运行测试…
京东方评级: D 分数: 34.3
维度明细: 卡玛比率=22.7, 最大回撤=27.5, 胜率=33.5, 利润因子=34.1, 夏普比率=41.5, 波动率=50.1
否决: 利润因子 1.11 接近 1，仅勉强盈亏平衡
长线优质策略评级: B 分数: 64.5
维度权重: 卡玛比率=28%, 最大回撤=26%, 胜率=0%, 利润因子=0%, 夏普比率=23%, 波动率=23%
优质案例评级: A 分数: 83.9
寻优点评级: A 74
组合重算指标: { '年化': '20.83%', '回撤': '0.80%', '夏普': '5.27', '卡玛': '26.03' }
稳定上涨组合评级: S 91.8
波动组合重算: { '回撤': '44.15%', '夏普': '-2.64', '持续': 60 }
波动组合评级: D 18.5
✔ 新版组合评级使用后端采样，不按图表柱数重新日线年化 (2.43ms)
✔ 必要风险指标缺失不能展示为零风险或正常评级 (0.264833ms)
✔ 无穷比率不等于满分，真实零利润因子仍按亏损判断 (0.137417ms)
✔ 京东方回测必须评为 D 档（用户核心诉求验证点） (0.494583ms)
✔ 京东方评分应在 30-43 区间（C 与 D 的边界） (0.110041ms)
✔ 低利润因子触发系统亏损否决 (0.067666ms)
✔ 样本不足（< 10 笔交易）降权但不否决整个评级 (0.133459ms)
✔ 用户实测场景：6年6笔交易 + 高夏普 → 应得 A/B（核心回归测试） (0.133583ms)
✔ 深回撤 > 60% 触发直接 D 否决 (0.097917ms)
✔ 优质回测应得 A 或 S 档 (0.148417ms)
✔ 高回撤但收益高 → 最高 B（一票否决 cap） (0.132917ms)
✔ 插值函数：边界值取端点分数 (0.258833ms)
✔ 插值函数：中间值线性插值 (0.069ms)
✔ 寻优评级：4 维度降级版 (0.18625ms)
✔ 寻优评级：网格点交易太少 → 降权但评级照常 (0.131917ms)
✔ 组合评级：稳定上涨净值应得 A 或 S (1.62325ms)
✔ 组合评级：高波动深回撤净值 → 低档 (0.553625ms)
✔ combinedMetrics：单点净值返回全 0（兜底） (0.051792ms)
✔ 历史组合仅保留原值，不从曲线推断日线或重算评级 (0.494125ms)
✔ v1-v4、未知版本及不完整依据不伪装为新版结果 (0.572459ms)
✔ 新版结果使用已记录指标，真实 999 和零不被当作历史哨兵 (0.074417ms)
✔ 指标状态缺失或与数值冲突不能产出评级，包括被降权维度 (0.092125ms)
✔ 低交易样本的真实不可用逐笔指标仍可降权，不误拦截可用净值评级 (0.083083ms)
✔ 寻优逐行核验新版采样与候选状态，输入范围不替代候选证据 (0.56475ms)
✔ 完整快照保留精度、真实 0/999、全部指标及版本且不关联可变输入 (1.856375ms)
✔ 策略保存接受真实 Vue 响应式结果，不因 Proxy 无法 structuredClone 而失败 (0.705458ms)
✔ 再次保存历史指标不补造新版计算或评级依据 (0.100667ms)
✔ 对比展示原值并指出版本、周期、范围与利率差异，不自动重算 (0.415625ms)
ℹ tests 28
ℹ suites 0
ℹ pass 28
ℹ fail 0
ℹ cancelled 0
ℹ skipped 0
ℹ todo 0
ℹ duration_ms 109.603833
