
> web-ui@0.0.0 test
> node scripts/run-tests.mjs

✔ higher sources resolve actual records and separate original from current review time (1.134917ms)
✔ base sources and foreign witness rejection have distinct Chinese descriptions (0.10275ms)
✔ inconsistent candidate has no replay evidence: unknown reason (0.087292ms)
✔ inconsistent candidate has no replay evidence: prototype key (0.063ms)
✔ inconsistent candidate has no replay evidence: future version (0.056709ms)
✔ inconsistent candidate has no replay evidence: future completion (0.046208ms)
✔ inconsistent candidate has no replay evidence: missing time (0.622333ms)
✔ inconsistent candidate has no replay evidence: empty source (0.050125ms)
✔ inconsistent candidate has no replay evidence: duplicate source (0.055208ms)
✔ inconsistent candidate has no replay evidence: unknown source (0.095334ms)
✔ inconsistent candidate has no replay evidence: mixed levels (0.062125ms)
✔ inconsistent candidate has no replay evidence: future child (0.052667ms)
✔ inconsistent candidate has no replay evidence: wrong child level (0.048958ms)
✔ inconsistent candidate has no replay evidence: duplicate record (0.04075ms)
✔ inconsistent candidate has no replay evidence: empty record range (0.045625ms)
✔ inconsistent candidate has no replay evidence: gap (0.049666ms)
✔ inconsistent candidate has no replay evidence: wrong parent range (0.035ms)
✔ inconsistent candidate has no replay evidence: reversed sources (0.041917ms)
✔ inconsistent candidate has no replay evidence: unsafe base number (0.049208ms)
✔ 80 percent transparency is 20 percent alpha, for both candle directions (1.150667ms)
✔ transparency stays finite, integer, and bounded (0.208458ms)
✔ body is symmetric around the unchanged wick across widths and fractional positions (1.579667ms)
✔ horizontal candles preserve every price coordinate (0.091709ms)
✔ missing or non-finite candle layouts are left untouched (0.107958ms)
✔ native ECharts layout remains centred after resize, zoom and data replacement (60.57125ms)
✔ zooming out of large-data line mode restores centred candle bodies (10.873917ms)
✔ structure widths retain existing defaults and hover appearance (0.821875ms)
✔ manual values stay finite, bounded, and at two decimal places (0.150708ms)
✔ raw index overrides rounded dates, including zero (1.236209ms)
✔ legacy intraday dates never fall back to the first bar of the day (0.127708ms)
✔ duplicate formatted times fail safely without a raw index (0.0735ms)
✔ padding keeps the 23px marker plus radius inside the price pane (1.056625ms)
✔ flat, zero and negative ranges get finite padding; invalid extents do not (0.11075ms)
✔ single-bar time link is a thin line limited to each actual plot (7.941625ms)
✔ multi-bar time link has no border and clips to plot, never clamps offscreen data to an edge (0.239917ms)
✔ time links map daily coverage to all minute bars, not a matching ordinal (1.02025ms)
✔ weekly and monthly end-labelled bars cover earlier constituent dates without changing data (6.318666ms)
✔ nearest marker wins regardless of signal family, only co-located points share chooser (0.790291ms)
✔ immutable request cache deduplicates pending work, isolates payload keys and retries errors (0.744667ms)
✔ all six structural types keep extrema and confirmation separate with original evidence (1.540833ms)
✔ legacy records do not invent confirmation or structural sources (0.303042ms)
✔ M1 keeps independent MACD source and original direction, never a structural type (5.457458ms)
✔ all chart layers override independent animation and progressive rendering (1.914375ms)
✔ rejects invalid saved zooms (1.244833ms)
✔ same-snapshot redraw keeps current manually chosen view (0.27725ms)
✔ focus redraw keeps manual zoom; clearing restores pre-focus view (0.180083ms)
✔ switching focus preserves the original return view (0.15875ms)
✔ new snapshot resets saved focus view and never revives old zoom (0.177125ms)
✔ default inactive; moving does not show cards and leaving does not deactivate (0.830458ms)
✔ object previews can read date-card activation without activating it (0.153083ms)
✔ click selects a point; outside click closes; inside click is not dismissed (0.109459ms)
✔ activated cards follow movement until outside dismissal, then require another click (0.117459ms)
✔ zoom clears stale coordinates but preserves activation (0.076875ms)
✔ data reset and Escape deactivate; teardown removes all handlers (0.101625ms)
✔ directed centre chain is candidate evidence, not completion (0.973125ms)
✔ touching, opposing, future, overlapping or malformed chains fail closed (0.260625ms)
✔ single-centre and legacy components remain readable (0.073917ms)
✔ inside, border, reversed y and overlapping rectangles resolve newest first (16.677333ms)
✔ invalid or missing render coordinates cannot create hits (0.104333ms)
✔ popup stays within narrow viewport and near-edge right click (0.091125ms)
✔ roles are Chinese and unknown roles never claim completion (0.838917ms)
✔ source ranges keep one-based indices without disguising gaps (0.120959ms)
✔ coverage checks counts, repeats and missing IDs (0.221334ms)
✔ missing, empty and rejected suffix are explicit (0.088292ms)
✔ invalid counts and empty blocks cannot pass the coverage audit (0.076ms)
✔ uses raw indices, allows shared endpoints and bounds zoom padding (0.903875ms)
✔ does not invent a B interval or infer indices from formatted dates (0.097875ms)
✔ rejects partial, reversed, overlapping and out-of-snapshot evidence (0.120625ms)
✔ allows inspection of historical failed evidence without reviving it (0.108125ms)
✔ local proof draws frozen exact endpoints only after its actual confirmation (0.154292ms)
✔ dual-line divergence uses two exact raw indices, never artificial ABC ranges (0.080167ms)
✔ dual-line focus rejects missing, duplicate, reversed and out-of-range points (0.088125ms)
✔ special wave focus uses AB and its extreme without inventing C (0.089958ms)
✔ direction, family and lifecycle have independent marker styles (0.636541ms)
✔ no-C dual-line remains a circle and fills only on first reverse-pen confirmation (1.841ms)
✔ M1 is restricted to confirmed waves with a later actual confirmation (0.165375ms)
✔ four families retain independent records and nonstandard uses a triangle (0.244583ms)
✔ October 4 marker matrix uses shape for family and colour only for direction (0.121ms)
✔ special AB evidence separates A line extrema from both price anchors and legacy pivots (0.13125ms)
✔ history is opt-in, inactive stays grey hollow, never creates M1 (0.115125ms)
✔ every historical shape uses a continuous hollow contour, including on hover (0.124458ms)
✔ new nonstandard evidence relaxes prices only and records each subtype (0.11525ms)
✔ new dual rule cannot fill without recorded later local confirmation (0.102458ms)
✔ historical engineering match retains original timing without claiming regrouping completion (2.068208ms)
✔ future, stale, mismatched or incomplete evidence fails closed (1.408625ms)
✔ older snapshots and unmatched parts keep existing natural audit available (0.084541ms)
✔ engineering provenance uses the same one-based numbering as other inspectors (6.406708ms)
✔ mixed recursion distinguishes consolidation and trend from the old trend view (1.02025ms)
✔ unknown or reversed provenance is not presented as a completed trend (0.121042ms)
✔ indicator and price values use two decimals without inventing missing evidence (0.08ms)
✔ recursive centre relations never call extension candidates completed types (0.07375ms)
✔ admissions distinguish unit confirmation from later failed-return admission (0.062917ms)
✔ display fields retain all text including dates, provenance, and secondary colons (0.845209ms)
✔ narrative, missing evidence, and timestamp headings remain whole (0.114917ms)
✔ all candidate states distinguish eligibility from completed natural types (0.952167ms)
✔ opposite geometry identifies reused next-part evidence, including nonzero source IDs (2.389167ms)
✔ external opposite geometry is not added to candidate membership (0.122125ms)
✔ missing, stale, misattributed or future opposite geometry is not displayed as matched (0.146333ms)
✔ preferred endpoints are never called completed types; conflicts are retained (1.4805ms)
✔ opposite base turn is not same-level completion (0.1385ms)
✔ price formatting preserves zero and boundary contact, guards non-finite values (0.127416ms)
✔ candidate audit joins by identity, not response order (0.085375ms)
✔ part audit must match ordinal AND exact raw source IDs, including shifted IDs (0.143209ms)
✔ locates the three raw ranges without relabelling them as MACD or confirmed centres (0.995791ms)
✔ candidate must already be observable at the CURRENT replay prefix (0.162667ms)
✔ no incomplete, waiting or unsupported candidate is given a fabricated range (0.099625ms)
✔ raw bar boundaries must be contiguous and inside the visible window (0.133167ms)
✔ source partitions must cover every original segment once, preserving nonzero IDs (0.108875ms)
✔ conflicting geometric fallback remains viewable for manual audit (0.068375ms)
✔ clearing a regrouping focus restores original zoom; a new replay snapshot does not (0.110666ms)
✔ membership labels distinguish source confirmation from later admission (0.614541ms)
✔ admission witness distinguishes confirmation dependency from geometric membership (0.091125ms)
✔ old or malformed evidence never invents an admission witness (0.076042ms)
✔ menus stay inside phone, keyboard and landscape viewports (1.21575ms)
✔ near-bottom controls open upwards without changing ordinary desktop width (0.28625ms)
✔ marker hit uses signed stacking offset for both directions, not candle position (0.429792ms)
✔ symbol size and invalid render positions are handled safely (2.928667ms)
✔ missing provenance or silently changed adjustment never reaches research (0.689208ms)
✔ reported gaps do not falsely label suspension or prevent inspecting valid candles (0.125833ms)
✔ history fetch consumes one verified range and publishes complete metadata only after validation (40.651ms)
✔ unclosed response never updates provenance or reaches the backtest (0.453416ms)
✔ whole proof validated without mutation, and cross-role ownership remains visible (1.344208ms)
✔ stale, future, duplicated, incomplete, falsely completed and mismatched sources rejected (0.34825ms)
✔ base runs cannot masquerade as proofs or own multiple provisional regions (0.077625ms)
✔ blocked covers show full conflicts, never fabricated flattened blocks (0.095042ms)
✔ labels retain provisional scope (0.397ms)
✔ all seven MA presets are available but only MA5 and MA10 start visible (0.759208ms)
✔ each chart session gets independent editable settings without changing presets (0.0745ms)
✔ MA presets retain the requested yellow, white, purple, green, cyan, orange, red palette (0.0695ms)
✔ legend retains every MA choice and explicit hidden states override stale chart selection (2.184875ms)
✔ cross-boundary details resolve actual input and nested ownership records (3.957958ms)
✔ unowned reverse evidence stays explicitly unowned for boundary rejection (0.629375ms)
✔ foreign witness can be shown for an otherwise single-owner candidate (0.146875ms)
✔ legacy candidates do not invent missing conflict details (0.129ms)
✔ damaged detail is not presented: mismatched candidate sources (0.234084ms)
✔ damaged detail is not presented: wrong layer (0.225833ms)
✔ damaged detail is not presented: unknown reverse input (0.181459ms)
✔ damaged detail is not presented: wrong reverse range (0.242583ms)
✔ damaged detail is not presented: reverse overlaps prices (0.170583ms)
✔ damaged detail is not presented: future reverse confirmation (0.259083ms)
✔ damaged detail is not presented: wrong reverse time (0.149458ms)
✔ damaged detail is not presented: incomplete domain list (0.161ms)
✔ damaged detail is not presented: duplicate domains (0.116959ms)
✔ damaged detail is not presented: noncontinuous domain (0.155292ms)
✔ damaged detail is not presented: foreign domain misses witness (0.305625ms)
✔ damaged detail is not presented: false unowned witness (0.156542ms)
✔ damaged detail is not presented: missing nested record (0.196542ms)
✔ damaged detail is not presented: wrong reason (0.147667ms)
✔ only current owner revisions form the displayed ownership set (4.446416ms)
✔ internal provenance remains distinct and validates enclosing ownership (0.342166ms)
✔ parent-covered history is not labeled as an additional effective input (0.07375ms)
✔ nested provenance validates containment and strictly increasing input levels (0.289958ms)
✔ current owner labels are distinct from creation IDs and tolerate old snapshots (0.146167ms)
✔ summary mode lists every historical address, not just current versions (0.723667ms)
✔ full and missing legacy snapshots stay readable without inventing history (0.611208ms)
✔ all four analysis paths explicitly request summary delivery without changing input (0.357042ms)
✔ complete lifecycle stays chronological, does not mutate input, and uses Chinese labels (2.131542ms)
✔ legacy or future history is not invented (0.123458ms)
✔ dangling, reordered, duplicated, miscounted and conflicting histories fail closed (1.677333ms)
✔ equal counts cannot hide swapped source identities (0.08825ms)
✔ intermediate event boundaries must equal actual inherited and added sources (0.074792ms)
✔ input evidence must exist at the correct level and be available at admission (0.205708ms)
✔ invalid domain sources, membership and parent context fail closed (0.5625ms)
✔ leftward growth, shifted sources and newly filled merge gaps remain valid (0.193209ms)
✔ both periods exclude future and open candles while retaining original warm-up start (0.593666ms)
✔ snapshot observation time caps cutoff; bar start before cutoff is not enough (0.106666ms)
✔ no timeframe fallback or fabricated candles when historical minute range is unavailable (0.062375ms)
✔ index and board snapshots retain NONE adjustment, mismatch is rejected (0.354709ms)
✔ missing completion evidence, timezone timestamps and unordered bars fail explicitly (0.935083ms)
✔ week/month completion boundary comes from provider annotation, not day label (0.136542ms)
✔ forming candles preserve OHLC and use dashed empty outlines (0.472083ms)
✔ forming volume and signed MACD columns preserve values and direction (0.14175ms)
✔ matching versions are selected by case identity without mutation (4.770792ms)
✔ future snapshots, wrong rules, incomplete chains and duplicate cases are rejected (0.221042ms)
✔ labels never confuse endpoint consistency or higher-centre proof with completion (0.1355ms)
✔ v2 keeps the detached prefix and v1 remains readable (0.306667ms)
✔ v3 supports trend search while retaining the same ownership guards (0.107458ms)
✔ missing, duplicated, misattributed or silently completed prefix is rejected (2.245333ms)
✔ reincorporation is recorded explicitly instead of erasing detached history (0.170916ms)
✔ accepts bounded history and empty verified batches (0.498583ms)
✔ rejects wrong batch, future indices, broken sources and contradictory state (0.425041ms)
✔ research labels distinguish absence, release, retained and internal (0.091291ms)
✔ snapshot import keeps original data and normalizes optional display metadata (0.967209ms)
✔ reject invalid schema, periods, oversized arrays and impossible candle prices (0.579709ms)
✔ window is exchange local and bounded by the snapshot cutoff (2.328125ms)
✔ missing numbers and candidate status are never promoted (0.0985ms)
✔ amber projection resolves daily and minute labels, ignores open candle (0.2855ms)
✔ audit description translates permissions and never renders arbitrary detail fields (0.450958ms)
✔ audit time is explicitly Shanghai time and invalid data remains readable (33.703625ms)
✔ audit API preserves bounded pagination/filter state and authenticated credentials (16.743291ms)
✔ new standard evidence explains price, old blocker and independent special lifecycle (1.103542ms)
✔ new gates include counts, boundary and dates without undefined placeholder (0.213334ms)
✔ legacy comparisons retain old detected confirmed and invalidated dates (0.627541ms)
✔ structure dates remove midnight noise without changing intraday precision (0.564333ms)
✔ centre evidence distinguishes fixed core, outer range and candidate expansion (0.682041ms)
✔ segment evidence includes source prices and reverse proof with one-based labels (0.472541ms)
✔ missing legacy evidence does not invent confirmation (0.319ms)
✔ special inclusion explains boundary exception without labelling it an ordinary fractal (0.205ms)
✔ centre relation history distinguishes current candidate from original separation (0.371459ms)
✔ confirmation replay translates raw indices without date matching (0.172459ms)
✔ unknown, invalid or out-of-snapshot confirmations have no replay target (0.198292ms)
✔ connection badge validates shared time, price and alternating direction (0.274208ms)
✔ reverse preview uses observed extreme, not last close or a future target (1.049125ms)
✔ mirrored lows produce an upward reference (0.100209ms)
✔ no invented reference for missing, ambiguous, extending, or invalid inputs (0.208291ms)
✔ replay prefix cannot use a later extreme; ties retain first occurrence (0.126625ms)
✔ ongoing consolidation differs by color, line pattern, and fill (0.2715ms)
✔ exact current revision accepts only its own evidence without mutation (1.0205ms)
✔ old partition, stale version, future evidence and false completion are rejected (0.270625ms)
✔ historical audit cannot import a later opposite segment (0.082542ms)
✔ empty partitions and higher-proof priority retain explicit blockers (0.114125ms)
✔ new blockers use Chinese labels without calling prerequisites completion (0.133375ms)
✔ special diagnostics identify each A indicator witness rather than the price witness (0.652458ms)
✔ nonstandard DEA axis gate remains explicit without an improvement requirement (0.149167ms)
✔ DEA tolerance discloses research threshold, precise deviation and near-zero fallback (0.344459ms)
✔ wave evidence separates effective A from original wave and local pivots (0.440625ms)
✔ rounded equal line extrema disclose the precise failed values and witness times (0.686084ms)
✔ comparisons are explicitly research only and preserve B/C axis checks (0.117792ms)
✔ unformed candidate shows Chinese gates, two-decimal values and rejection dates (0.112375ms)
✔ new nonstandard audit explicitly uses full A and first-formed reverse evidence explains gaps (0.115125ms)
ℹ tests 220
ℹ suites 0
ℹ pass 220
ℹ fail 0
ℹ cancelled 0
ℹ skipped 0
ℹ todo 0
ℹ duration_ms 1066.475917
→ 打包中…
→ 运行测试…
京东方评级: D 分数: 34.3
维度明细: 卡玛比率=22.7, 最大回撤=27.5, 胜率=33.5, 利润因子=34.1, 夏普比率=41.5, 波动率=50.1
否决: 利润因子 1.11 接近 1，仅勉强盈亏平衡
长线优质策略评级: B 分数: 64.5
维度权重: 卡玛比率=28%, 最大回撤=26%, 胜率=0%, 利润因子=0%, 夏普比率=23%, 波动率=23%
优质案例评级: A 分数: 83.9
寻优点评级: A 74
组合重算指标: { '年化': '20.83%', '回撤': '0.80%', '夏普': '5.27', '卡玛': '26.03' }
稳定上涨组合评级: S 91.8
波动组合重算: { '回撤': '44.15%', '夏普': '-2.64', '持续': 60 }
波动组合评级: D 18.5
✔ 京东方回测必须评为 D 档（用户核心诉求验证点） (2.03275ms)
✔ 京东方评分应在 30-43 区间（C 与 D 的边界） (0.119292ms)
✔ 低利润因子触发系统亏损否决 (0.07525ms)
✔ 样本不足（< 10 笔交易）降权但不否决整个评级 (0.157458ms)
✔ 用户实测场景：6年6笔交易 + 高夏普 → 应得 A/B（核心回归测试） (0.163625ms)
✔ 深回撤 > 60% 触发直接 D 否决 (0.081292ms)
✔ 优质回测应得 A 或 S 档 (0.100875ms)
✔ 高回撤但收益高 → 最高 B（一票否决 cap） (0.069833ms)
✔ 插值函数：边界值取端点分数 (0.06975ms)
✔ 插值函数：中间值线性插值 (0.090834ms)
✔ 寻优评级：4 维度降级版 (0.1215ms)
✔ 寻优评级：网格点交易太少 → 降权但评级照常 (0.062791ms)
✔ 组合评级：稳定上涨净值应得 A 或 S (2.097042ms)
✔ 组合评级：高波动深回撤净值 → 低档 (0.484125ms)
✔ combinedMetrics：单点净值返回全 0（兜底） (0.043ms)
ℹ tests 15
ℹ suites 0
ℹ pass 15
ℹ fail 0
ℹ cancelled 0
ℹ skipped 0
ℹ todo 0
ℹ duration_ms 61.697167
