
> web-ui@0.0.0 test
> node scripts/run-tests.mjs

✔ legacy local migration keeps original payload, precision, versions and unknown fields without upgrading (1.972625ms)
✔ cloud exports use latest metadata but retain the original immutable payload, not old cloud ID/revision (0.6335ms)
✔ study import preserves successful and failed periods plus original warmup and primary metadata (1.635292ms)
✔ unknown, incomplete, oversized and nonfinite backups are rejected, never uploaded as summaries (218.900791ms)
✔ trade lookup keeps the exact minute across separators, precision and days (0.646291ms)
✔ date-only values cannot choose the midnight bar of an ambiguous day (0.076291ms)
✔ daily and duplicate exact timestamps keep first positional matches (0.07675ms)
✔ nanoseconds and timezone text are not truncated into a false match (0.674583ms)
✔ date labels preserve useful precision without local timezone conversion (0.118792ms)
✔ higher sources resolve actual records and separate original from current review time (1.072208ms)
✔ base sources and foreign witness rejection have distinct Chinese descriptions (0.096708ms)
✔ inconsistent candidate has no replay evidence: unknown reason (0.082875ms)
✔ inconsistent candidate has no replay evidence: prototype key (0.064875ms)
✔ inconsistent candidate has no replay evidence: future version (0.054458ms)
✔ inconsistent candidate has no replay evidence: future completion (0.047334ms)
✔ inconsistent candidate has no replay evidence: missing time (0.048042ms)
✔ inconsistent candidate has no replay evidence: empty source (1.446ms)
✔ inconsistent candidate has no replay evidence: duplicate source (0.079ms)
✔ inconsistent candidate has no replay evidence: unknown source (0.108917ms)
✔ inconsistent candidate has no replay evidence: mixed levels (0.064458ms)
✔ inconsistent candidate has no replay evidence: future child (0.056958ms)
✔ inconsistent candidate has no replay evidence: wrong child level (0.052125ms)
✔ inconsistent candidate has no replay evidence: duplicate record (0.04475ms)
✔ inconsistent candidate has no replay evidence: empty record range (0.0505ms)
✔ inconsistent candidate has no replay evidence: gap (0.0485ms)
✔ inconsistent candidate has no replay evidence: wrong parent range (0.038833ms)
✔ inconsistent candidate has no replay evidence: reversed sources (0.049083ms)
✔ inconsistent candidate has no replay evidence: unsafe base number (0.049625ms)
✔ 80 percent transparency is 20 percent alpha, for both candle directions (1.451209ms)
✔ transparency stays finite, integer, and bounded (0.222583ms)
✔ body is symmetric around the unchanged wick across widths and fractional positions (1.498ms)
✔ horizontal candles preserve every price coordinate (0.094333ms)
✔ missing or non-finite candle layouts are left untouched (5.425958ms)
✔ native ECharts layout remains centred after resize, zoom and data replacement (275.123666ms)
✔ zooming out of large-data line mode restores centred candle bodies (18.557708ms)
✔ structure widths retain existing defaults and hover appearance (1.368042ms)
✔ manual values stay finite, bounded, and at two decimal places (0.161625ms)
✔ raw index overrides rounded dates, including zero (1.204917ms)
✔ legacy intraday dates never fall back to the first bar of the day (0.146666ms)
✔ duplicate formatted times fail safely without a raw index (0.083542ms)
✔ padding keeps the 23px marker plus radius inside the price pane (0.14025ms)
✔ flat, zero and negative ranges get finite padding; invalid extents do not (0.087875ms)
✔ single-bar time link is a thin line limited to each actual plot (1.332667ms)
✔ multi-bar time link has no border and clips to plot, never clamps offscreen data to an edge (0.106917ms)
✔ time links map daily coverage to all minute bars, not a matching ordinal (0.157125ms)
✔ weekly and monthly end-labelled bars cover earlier constituent dates without changing data (14.224667ms)
✔ nearest marker wins regardless of signal family, only co-located points share chooser (2.177875ms)
✔ immutable request cache deduplicates pending work, isolates payload keys and retries errors (0.343458ms)
✔ all six structural types keep extrema and confirmation separate with original evidence (0.592334ms)
✔ legacy records do not invent confirmation or structural sources (0.120125ms)
✔ M1 keeps independent MACD source and original direction, never a structural type (0.325083ms)
✔ all chart layers override independent animation and progressive rendering (0.853334ms)
✔ archive tooltip labels and evidence remain text, not active HTML (1.275583ms)
✔ rejects invalid saved zooms (3.606292ms)
✔ same-snapshot redraw keeps current manually chosen view (0.131959ms)
✔ focus redraw keeps manual zoom; clearing restores pre-focus view (0.085667ms)
✔ switching focus preserves the original return view (0.0685ms)
✔ new snapshot resets saved focus view and never revives old zoom (0.068917ms)
✔ default inactive; moving does not show cards and leaving does not deactivate (4.956041ms)
✔ object previews can read date-card activation without activating it (0.161833ms)
✔ click selects a point; outside click closes; inside click is not dismissed (0.109667ms)
✔ activated cards follow movement until outside dismissal, then require another click (0.126375ms)
✔ zoom clears stale coordinates but preserves activation (0.084625ms)
✔ data reset and Escape deactivate; teardown removes all handlers (0.104041ms)
✔ archive requests bind current owner and bypass browser cache (22.666208ms)
✔ cloud directory validates all rows, quotas and identities without dropping broken entries (2.520167ms)
✔ original detail requires an object payload but action receipts may omit it (1.58825ms)
✔ account change discards delayed success and delayed errors (0.56825ms)
✔ unauthenticated archive requests do not reach server; structured conflicts remain actionable (0.4405ms)
✔ upload retries retain immutable captured body and all numerical precision (0.429083ms)
✔ directed centre chain is candidate evidence, not completion (2.574334ms)
✔ touching, opposing, future, overlapping or malformed chains fail closed (0.280167ms)
✔ single-centre and legacy components remain readable (0.284333ms)
✔ inside, border, reversed y and overlapping rectangles resolve newest first (1.14075ms)
✔ invalid or missing render coordinates cannot create hits (0.08825ms)
✔ popup stays within narrow viewport and near-edge right click (0.455834ms)
✔ roles are Chinese and unknown roles never claim completion (0.438958ms)
✔ source ranges keep one-based indices without disguising gaps (0.107708ms)
✔ coverage checks counts, repeats and missing IDs (0.335083ms)
✔ missing, empty and rejected suffix are explicit (0.198417ms)
✔ invalid counts and empty blocks cannot pass the coverage audit (0.12525ms)
✔ uses raw indices, allows shared endpoints and bounds zoom padding (0.902625ms)
✔ does not invent a B interval or infer indices from formatted dates (0.382291ms)
✔ rejects partial, reversed, overlapping and out-of-snapshot evidence (0.23075ms)
✔ allows inspection of historical failed evidence without reviving it (0.1265ms)
✔ local proof draws frozen exact endpoints only after its actual confirmation (1.760625ms)
✔ dual-line divergence uses two exact raw indices, never artificial ABC ranges (0.111625ms)
✔ dual-line focus rejects missing, duplicate, reversed and out-of-range points (0.094083ms)
✔ special wave focus uses AB and its extreme without inventing C (0.095041ms)
✔ direction, family and lifecycle have independent marker styles (0.602875ms)
✔ no-C dual-line remains a circle and fills only on first reverse-pen confirmation (0.821583ms)
✔ M1 is restricted to confirmed waves with a later actual confirmation (0.69775ms)
✔ four families retain independent records and nonstandard uses a triangle (0.187792ms)
✔ October 4 marker matrix uses shape for family and colour only for direction (0.121125ms)
✔ special AB evidence separates A line extrema from both price anchors and legacy pivots (0.120917ms)
✔ history is opt-in, inactive stays grey hollow, never creates M1 (0.110417ms)
✔ every historical shape uses a continuous hollow contour, including on hover (0.117375ms)
✔ new nonstandard evidence relaxes prices only and records each subtype (0.114375ms)
✔ new dual rule cannot fill without recorded later local confirmation (0.100125ms)
✔ historical engineering match retains original timing without claiming regrouping completion (0.965292ms)
✔ future, stale, mismatched or incomplete evidence fails closed (0.307459ms)
✔ older snapshots and unmatched parts keep existing natural audit available (0.064084ms)
✔ engineering provenance uses the same one-based numbering as other inspectors (1.234084ms)
✔ mixed recursion distinguishes consolidation and trend from the old trend view (0.177792ms)
✔ unknown or reversed provenance is not presented as a completed trend (0.157083ms)
✔ indicator and price values use two decimals without inventing missing evidence (0.185042ms)
✔ recursive centre relations never call extension candidates completed types (0.181125ms)
✔ admissions distinguish unit confirmation from later failed-return admission (0.079708ms)
✔ display fields retain all text including dates, provenance, and secondary colons (0.702458ms)
✔ narrative, missing evidence, and timestamp headings remain whole (0.091291ms)
✔ selects the exact source without replacing missing comparison periods with the primary (0.417291ms)
✔ prefix audit preserves original warmup snapshot and its own instrument and period (0.406625ms)
✔ rejects invalid positions, missing identity and explicitly unclosed prefix data (0.1905ms)
✔ all candidate states distinguish eligibility from completed natural types (0.584708ms)
✔ opposite geometry identifies reused next-part evidence, including nonzero source IDs (0.543542ms)
✔ external opposite geometry is not added to candidate membership (0.094ms)
✔ missing, stale, misattributed or future opposite geometry is not displayed as matched (0.134375ms)
✔ preferred endpoints are never called completed types; conflicts are retained (0.076458ms)
✔ opposite base turn is not same-level completion (0.092416ms)
✔ price formatting preserves zero and boundary contact, guards non-finite values (0.111292ms)
✔ candidate audit joins by identity, not response order (0.093917ms)
✔ part audit must match ordinal AND exact raw source IDs, including shifted IDs (0.138584ms)
✔ locates the three raw ranges without relabelling them as MACD or confirmed centres (0.938584ms)
✔ candidate must already be observable at the CURRENT replay prefix (0.160583ms)
✔ no incomplete, waiting or unsupported candidate is given a fabricated range (0.098208ms)
✔ raw bar boundaries must be contiguous and inside the visible window (0.166458ms)
✔ source partitions must cover every original segment once, preserving nonzero IDs (0.115959ms)
✔ conflicting geometric fallback remains viewable for manual audit (0.070875ms)
✔ clearing a regrouping focus restores original zoom; a new replay snapshot does not (0.110708ms)
✔ membership labels distinguish source confirmation from later admission (0.542458ms)
✔ admission witness distinguishes confirmation dependency from geometric membership (0.2495ms)
✔ old or malformed evidence never invents an admission witness (0.198334ms)
✔ menus stay inside phone, keyboard and landscape viewports (1.188916ms)
✔ near-bottom controls open upwards without changing ordinary desktop width (0.113167ms)
✔ freeze all supported indicator outputs, warmup holes, volume averages and exact numerical precision (16.612875ms)
✔ frozen playback keeps captured values despite different current prices and never queries APIs (2.351666ms)
✔ malformed or mismatched frozen values fail closed, never fall back to recomputation (0.8255ms)
✔ marker hit uses signed stacking offset for both directions, not candle position (0.489791ms)
✔ symbol size and invalid render positions are handled safely (0.085708ms)
✔ aborted late response cannot publish metadata even if transport ignores abort (12.664833ms)
✔ missing provenance or silently changed adjustment never reaches research (0.154417ms)
✔ reported gaps do not falsely label suspension or prevent inspecting valid candles (0.117042ms)
✔ history fetch consumes one verified range and publishes complete metadata only after validation (0.533959ms)
✔ unclosed response never updates provenance or reaches the backtest (0.225125ms)
✔ null, true zero, infinities and real 999 are distinct after JSON roundtrip (1.226542ms)
✔ single, saved and comparison results retain authoritative metric basis (0.483041ms)
✔ whole proof validated without mutation, and cross-role ownership remains visible (0.998875ms)
✔ stale, future, duplicated, incomplete, falsely completed and mismatched sources rejected (0.306625ms)
✔ base runs cannot masquerade as proofs or own multiple provisional regions (0.070959ms)
✔ blocked covers show full conflicts, never fabricated flattened blocks (0.087625ms)
✔ labels retain provisional scope (0.059292ms)
✔ all seven MA presets are available but only MA5 and MA10 start visible (4.6325ms)
✔ each chart session gets independent editable settings without changing presets (0.114084ms)
✔ MA presets retain the requested yellow, white, purple, green, cyan, orange, red palette (0.086583ms)
✔ legend retains every MA choice and explicit hidden states override stale chart selection (0.110792ms)
✔ cross-boundary details resolve actual input and nested ownership records (1.283542ms)
✔ unowned reverse evidence stays explicitly unowned for boundary rejection (0.107458ms)
✔ foreign witness can be shown for an otherwise single-owner candidate (0.099167ms)
✔ legacy candidates do not invent missing conflict details (0.104333ms)
✔ damaged detail is not presented: mismatched candidate sources (0.079792ms)
✔ damaged detail is not presented: wrong layer (0.061917ms)
✔ damaged detail is not presented: unknown reverse input (0.083167ms)
✔ damaged detail is not presented: wrong reverse range (0.066ms)
✔ damaged detail is not presented: reverse overlaps prices (0.176041ms)
✔ damaged detail is not presented: future reverse confirmation (0.13025ms)
✔ damaged detail is not presented: wrong reverse time (0.366584ms)
✔ damaged detail is not presented: incomplete domain list (0.077791ms)
✔ damaged detail is not presented: duplicate domains (0.049333ms)
✔ damaged detail is not presented: noncontinuous domain (0.843167ms)
✔ damaged detail is not presented: foreign domain misses witness (0.096417ms)
✔ damaged detail is not presented: false unowned witness (0.055208ms)
✔ damaged detail is not presented: missing nested record (0.051417ms)
✔ damaged detail is not presented: wrong reason (0.051042ms)
✔ only current owner revisions form the displayed ownership set (0.723ms)
✔ internal provenance remains distinct and validates enclosing ownership (1.921125ms)
✔ parent-covered history is not labeled as an additional effective input (0.253709ms)
✔ nested provenance validates containment and strictly increasing input levels (0.419083ms)
✔ current owner labels are distinct from creation IDs and tolerate old snapshots (0.234ms)
✔ summary mode lists every historical address, not just current versions (0.823583ms)
✔ full and missing legacy snapshots stay readable without inventing history (0.088209ms)
✔ all four analysis paths explicitly request summary delivery without changing input (0.350458ms)
✔ complete lifecycle stays chronological, does not mutate input, and uses Chinese labels (3.566958ms)
✔ legacy or future history is not invented (0.125542ms)
✔ dangling, reordered, duplicated, miscounted and conflicting histories fail closed (2.07375ms)
✔ equal counts cannot hide swapped source identities (0.081958ms)
✔ intermediate event boundaries must equal actual inherited and added sources (0.069458ms)
✔ input evidence must exist at the correct level and be available at admission (0.257458ms)
✔ invalid domain sources, membership and parent context fail closed (0.486625ms)
✔ leftward growth, shifted sources and newly filled merge gaps remain valid (0.187541ms)
✔ both periods exclude future and open candles while retaining original warm-up start (0.758833ms)
✔ snapshot observation time caps cutoff; bar start before cutoff is not enough (0.101792ms)
✔ no timeframe fallback or fabricated candles when historical minute range is unavailable (0.132166ms)
✔ index and board snapshots retain NONE adjustment, mismatch is rejected (0.244958ms)
✔ missing completion evidence, timezone timestamps and unordered bars fail explicitly (0.178125ms)
✔ week/month completion boundary comes from provider annotation, not day label (0.111208ms)
✔ matrix defaults to exactly the five requested periods in image order and six information columns (0.921875ms)
✔ does not turn current reversal observation into a confirmed opposite pen (0.156666ms)
✔ keeps true zero distinct from missing, and numerical display never overwrites original axis judgment (0.121459ms)
✔ keeps divergence family, extrema and actual confirmation separate; never drops records (8.361ms)
✔ missing pen and divergence are bounded claims; quality limitations stay visible (0.143458ms)
✔ forming candles preserve OHLC and use dashed empty outlines (0.53525ms)
✔ forming volume and signed MACD columns preserve values and direction (0.105125ms)
✔ radar review captures row adjustment, exact minute, strategy and original cutoff (0.892458ms)
✔ invalid or legacy reviews fail explicitly without guessing data or adjustment (0.471917ms)
✔ exchange-local dates validate without browser timezone conversion (0.087708ms)
✔ review excludes future and unclosed bars, resets derived fingerprint and reports actual range without mutating source (0.98075ms)
✔ radar cache is owner scoped and malformed/legacy records never enter the UI (0.378834ms)
✔ late messages, close and errors from an old socket cannot affect replacement (0.804083ms)
✔ invalid messages and control responses never become ticks; close reason retained (0.406417ms)
✔ matching versions are selected by case identity without mutation (0.862333ms)
✔ future snapshots, wrong rules, incomplete chains and duplicate cases are rejected (0.202ms)
✔ labels never confuse endpoint consistency or higher-centre proof with completion (0.130042ms)
✔ v2 keeps the detached prefix and v1 remains readable (0.30875ms)
✔ v3 supports trend search while retaining the same ownership guards (0.1085ms)
✔ missing, duplicated, misattributed or silently completed prefix is rejected (1.039875ms)
✔ reincorporation is recorded explicitly instead of erasing detached history (1.960125ms)
✔ accepts bounded history and empty verified batches (1.324625ms)
✔ rejects wrong batch, future indices, broken sources and contradictory state (0.292375ms)
✔ research labels distinguish absence, release, retained and internal (0.084625ms)
✔ late old responses cannot own a newer research request (0.487208ms)
✔ submission fields are captured values, not mutable form references (0.411ms)
✔ snapshot import keeps original data and normalizes optional display metadata (1.9095ms)
✔ reject invalid schema, periods, oversized arrays and impossible candle prices (0.343541ms)
✔ cloud archives retain larger frozen windows and all supported distinct periods (4.812958ms)
✔ import keeps valid frozen outputs and rejects mismatched frozen data instead of recomputing (0.413084ms)
✔ window is exchange local and bounded by the snapshot cutoff (0.460208ms)
✔ missing numbers and candidate status are never promoted (0.097416ms)
✔ amber projection resolves daily and minute labels, ignores open candle (0.265792ms)
✔ three workspaces are keyboard traversable without dropping an existing mode (1.293625ms)
✔ mobile comparison shows exactly the selected snapshot; desktop shows both (0.11575ms)
✔ inactive research never starts automatic work, valid active research does (0.087292ms)
✔ audit description translates permissions and never renders arbitrary detail fields (1.631042ms)
✔ audit time is explicitly Shanghai time and invalid data remains readable (45.382792ms)
✔ audit API preserves bounded pagination/filter state and authenticated credentials (18.25025ms)
✔ distinguishes no candidate, failed current audit, and actual invalidation without promoting legacy state (6.437708ms)
✔ filters independent families and directions without merging special and local dual-line evidence (3.22275ms)
✔ searches lifecycle dates and failure reasons with all terms required, retaining original source objects (0.421209ms)
✔ searches diagnostic rejection history without silently reviving historical candidates (0.897416ms)
✔ all excludes bc false, preserves input order and records, and does not infer missing direction (0.3155ms)
✔ legacy diagnostic family is standard, and empty diagnostics do not invent rejection records (0.242834ms)
✔ structural points retain their own confirmation and evidence, never deriving them from a MACD source (0.727875ms)
✔ M1 uses exact existing gates and remains a separate view of its original standard event (0.70325ms)
✔ combined date query finds independent point, prompt and event records without deduplication or additive counts (0.334458ms)
✔ chart date matches structured lifecycle timestamps, not coincidental prose dates (0.88025ms)
✔ minute evidence uses exact exchange-local minute, accepting T/space and refusing missing time (0.439125ms)
✔ chart date includes diagnostic ABC and rejection coverage without inventing open or reversed intervals (0.551333ms)
✔ date scope combines with all filters for structural points and original M1 sources (0.13ms)
✔ new standard evidence explains price, old blocker and independent special lifecycle (1.05725ms)
✔ new gates include counts, boundary and dates without undefined placeholder (0.243125ms)
✔ legacy comparisons retain old detected confirmed and invalidated dates (0.15925ms)
✔ structure dates remove midnight noise without changing intraday precision (0.565917ms)
✔ centre evidence distinguishes fixed core, outer range and candidate expansion (3.423959ms)
✔ segment evidence includes source prices and reverse proof with one-based labels (0.21225ms)
✔ missing legacy evidence does not invent confirmation (0.107583ms)
✔ special inclusion explains boundary exception without labelling it an ordinary fractal (0.066292ms)
✔ centre relation history distinguishes current candidate from original separation (0.106208ms)
✔ confirmation replay translates raw indices without date matching (0.067292ms)
✔ unknown, invalid or out-of-snapshot confirmations have no replay target (0.07525ms)
✔ connection badge validates shared time, price and alternating direction (0.106208ms)
✔ reverse preview uses observed extreme, not last close or a future target (1.516ms)
✔ mirrored lows produce an upward reference (0.13725ms)
✔ no invented reference for missing, ambiguous, extending, or invalid inputs (0.109375ms)
✔ replay prefix cannot use a later extreme; ties retain first occurrence (0.099ms)
✔ ongoing consolidation differs by color, line pattern, and fill (0.111416ms)
✔ task list rejects malformed responses instead of replacing records with undefined (23.802459ms)
✔ cancelling is not terminal and elapsed values remain readable (0.143542ms)
✔ runBacktestWithPolling waits through cancelling and returns cancelled (2.010875ms)
✔ runBacktestWithPolling waits through cancelling and returns timed_out (2.278167ms)
✔ runSignalScanWithPolling waits through cancelling and returns cancelled (1.833833ms)
✔ runSignalScanWithPolling waits through cancelling and returns timed_out (1.755083ms)
✔ cancel API uses POST, and partial cancelled scan results are never accepted (0.713834ms)
✔ persistent recovery and version mismatch are distinct from completion (0.622791ms)
✔ terminal task deletion handles empty 204 and encodes identity (0.194084ms)
✔ checkpoint presence is not confused with verified reuse or task completion (0.331541ms)
✔ cached completed submission is retrieved rather than shown as running (0.188167ms)
✔ network failures are localized across WebKit, Chromium and Firefox (0.167917ms)
✔ tracking identity separates asset types, exchanges and board catalogues (0.761416ms)
✔ cloud book validates without silently dropping corrupt groups or duplicate entries (0.61025ms)
✔ expansion preserves every member and all board/direct sources, not a 200-row display page (1.471333ms)
✔ membership failure is explicit and malformed partial membership is never accepted (0.274666ms)
✔ batch runs sequentially, keeps partial errors and continues after a failed target (9.336708ms)
✔ cancellation marks in-flight and unstarted rows, ignoring a late success (0.22675ms)
✔ group breadth counts only available periods, never treats failed targets as neutral evidence (0.485666ms)
✔ exact current revision accepts only its own evidence without mutation (0.995417ms)
✔ old partition, stale version, future evidence and false completion are rejected (0.258208ms)
✔ historical audit cannot import a later opposite segment (0.078417ms)
✔ empty partitions and higher-proof priority retain explicit blockers (0.067042ms)
✔ new blockers use Chinese labels without calling prerequisites completion (0.127459ms)
✔ missing comparison interval is explained in Chinese without inventing a date (0.649042ms)
✔ special diagnostics identify each A indicator witness rather than the price witness (0.162792ms)
✔ nonstandard DEA axis gate remains explicit without an improvement requirement (0.130792ms)
✔ DEA tolerance discloses research threshold, precise deviation and near-zero fallback (0.161917ms)
✔ wave evidence separates effective A from original wave and local pivots (0.65075ms)
✔ rounded equal line extrema disclose the precise failed values and witness times (0.142208ms)
✔ comparisons are explicitly research only and preserve B/C axis checks (0.116709ms)
✔ unformed candidate shows Chinese gates, two-decimal values and rejection dates (0.103709ms)
✔ new nonstandard audit explicitly uses full A and first-formed reverse evidence explains gaps (0.119041ms)
ℹ tests 297
ℹ suites 0
ℹ pass 297
ℹ fail 0
ℹ cancelled 0
ℹ skipped 0
ℹ todo 0
ℹ duration_ms 1173.78825
→ 打包中…
→ 运行测试…
京东方评级: D 分数: 34.3
维度明细: 卡玛比率=22.7, 最大回撤=27.5, 胜率=33.5, 利润因子=34.1, 夏普比率=41.5, 波动率=50.1
否决: 利润因子 1.11 接近 1，仅勉强盈亏平衡
长线优质策略评级: B 分数: 64.5
维度权重: 卡玛比率=28%, 最大回撤=26%, 胜率=0%, 利润因子=0%, 夏普比率=23%, 波动率=23%
优质案例评级: A 分数: 83.9
寻优点评级: A 74
组合重算指标: { '年化': '20.83%', '回撤': '0.80%', '夏普': '5.27', '卡玛': '26.03' }
稳定上涨组合评级: S 91.8
波动组合重算: { '回撤': '44.15%', '夏普': '-2.64', '持续': 60 }
波动组合评级: D 18.5
✔ 新版组合评级使用后端采样，不按图表柱数重新日线年化 (1.625334ms)
✔ 必要风险指标缺失不能展示为零风险或正常评级 (0.229125ms)
✔ 无穷比率不等于满分，真实零利润因子仍按亏损判断 (0.122875ms)
✔ 京东方回测必须评为 D 档（用户核心诉求验证点） (0.46575ms)
✔ 京东方评分应在 30-43 区间（C 与 D 的边界） (0.103167ms)
✔ 低利润因子触发系统亏损否决 (0.069792ms)
✔ 样本不足（< 10 笔交易）降权但不否决整个评级 (0.131708ms)
✔ 用户实测场景：6年6笔交易 + 高夏普 → 应得 A/B（核心回归测试） (0.153208ms)
✔ 深回撤 > 60% 触发直接 D 否决 (0.105375ms)
✔ 优质回测应得 A 或 S 档 (0.134875ms)
✔ 高回撤但收益高 → 最高 B（一票否决 cap） (0.083125ms)
✔ 插值函数：边界值取端点分数 (0.061375ms)
✔ 插值函数：中间值线性插值 (0.045417ms)
✔ 寻优评级：4 维度降级版 (0.097833ms)
✔ 寻优评级：网格点交易太少 → 降权但评级照常 (0.054833ms)
✔ 组合评级：稳定上涨净值应得 A 或 S (1.921958ms)
✔ 组合评级：高波动深回撤净值 → 低档 (0.762459ms)
✔ combinedMetrics：单点净值返回全 0（兜底） (0.056042ms)
✔ 历史组合仅保留原值，不从曲线推断日线或重算评级 (0.472167ms)
✔ v1-v4、未知版本及不完整依据不伪装为新版结果 (0.543375ms)
✔ 新版结果使用已记录指标，真实 999 和零不被当作历史哨兵 (0.069625ms)
✔ 指标状态缺失或与数值冲突不能产出评级，包括被降权维度 (0.084334ms)
✔ 低交易样本的真实不可用逐笔指标仍可降权，不误拦截可用净值评级 (0.081959ms)
✔ 寻优逐行核验新版采样与候选状态，输入范围不替代候选证据 (0.101708ms)
✔ 完整快照保留精度、真实 0/999、全部指标及版本且不关联可变输入 (0.273083ms)
✔ 策略保存接受真实 Vue 响应式结果，不因 Proxy 无法 structuredClone 而失败 (0.513292ms)
✔ 再次保存历史指标不补造新版计算或评级依据 (0.093292ms)
✔ 对比展示原值并指出版本、周期、范围与利率差异，不自动重算 (0.243708ms)
ℹ tests 28
ℹ suites 0
ℹ pass 28
ℹ fail 0
ℹ cancelled 0
ℹ skipped 0
ℹ todo 0
ℹ duration_ms 99.878292
