
> web-ui@0.0.0 test
> node scripts/run-tests.mjs

✔ trade lookup keeps the exact minute across separators, precision and days (0.687167ms)
✔ date-only values cannot choose the midnight bar of an ambiguous day (0.081958ms)
✔ daily and duplicate exact timestamps keep first positional matches (0.073459ms)
✔ nanoseconds and timezone text are not truncated into a false match (0.084417ms)
✔ date labels preserve useful precision without local timezone conversion (0.090916ms)
✔ higher sources resolve actual records and separate original from current review time (2.776167ms)
✔ base sources and foreign witness rejection have distinct Chinese descriptions (0.595ms)
✔ inconsistent candidate has no replay evidence: unknown reason (0.283958ms)
✔ inconsistent candidate has no replay evidence: prototype key (0.091542ms)
✔ inconsistent candidate has no replay evidence: future version (0.309959ms)
✔ inconsistent candidate has no replay evidence: future completion (0.08575ms)
✔ inconsistent candidate has no replay evidence: missing time (0.101208ms)
✔ inconsistent candidate has no replay evidence: empty source (0.060041ms)
✔ inconsistent candidate has no replay evidence: duplicate source (0.063083ms)
✔ inconsistent candidate has no replay evidence: unknown source (0.111042ms)
✔ inconsistent candidate has no replay evidence: mixed levels (0.068041ms)
✔ inconsistent candidate has no replay evidence: future child (0.057958ms)
✔ inconsistent candidate has no replay evidence: wrong child level (0.049917ms)
✔ inconsistent candidate has no replay evidence: duplicate record (0.043084ms)
✔ inconsistent candidate has no replay evidence: empty record range (0.046417ms)
✔ inconsistent candidate has no replay evidence: gap (0.046375ms)
✔ inconsistent candidate has no replay evidence: wrong parent range (0.038666ms)
✔ inconsistent candidate has no replay evidence: reversed sources (0.041083ms)
✔ inconsistent candidate has no replay evidence: unsafe base number (0.2465ms)
✔ 80 percent transparency is 20 percent alpha, for both candle directions (1.039833ms)
✔ transparency stays finite, integer, and bounded (0.206958ms)
✔ body is symmetric around the unchanged wick across widths and fractional positions (3.548417ms)
✔ horizontal candles preserve every price coordinate (0.527791ms)
✔ missing or non-finite candle layouts are left untouched (0.134625ms)
✔ native ECharts layout remains centred after resize, zoom and data replacement (446.571708ms)
✔ zooming out of large-data line mode restores centred candle bodies (43.833292ms)
✔ structure widths retain existing defaults and hover appearance (2.031583ms)
✔ manual values stay finite, bounded, and at two decimal places (0.428209ms)
✔ raw index overrides rounded dates, including zero (0.456291ms)
✔ legacy intraday dates never fall back to the first bar of the day (0.099125ms)
✔ duplicate formatted times fail safely without a raw index (0.066583ms)
✔ padding keeps the 23px marker plus radius inside the price pane (0.122458ms)
✔ flat, zero and negative ranges get finite padding; invalid extents do not (0.070459ms)
✔ single-bar time link is a thin line limited to each actual plot (2.540541ms)
✔ multi-bar time link has no border and clips to plot, never clamps offscreen data to an edge (0.315125ms)
✔ time links map daily coverage to all minute bars, not a matching ordinal (1.601083ms)
✔ weekly and monthly end-labelled bars cover earlier constituent dates without changing data (0.936292ms)
✔ nearest marker wins regardless of signal family, only co-located points share chooser (0.29225ms)
✔ immutable request cache deduplicates pending work, isolates payload keys and retries errors (0.495375ms)
✔ all six structural types keep extrema and confirmation separate with original evidence (0.586458ms)
✔ legacy records do not invent confirmation or structural sources (0.132417ms)
✔ M1 keeps independent MACD source and original direction, never a structural type (0.569ms)
✔ all chart layers override independent animation and progressive rendering (0.785417ms)
✔ rejects invalid saved zooms (2.099125ms)
✔ same-snapshot redraw keeps current manually chosen view (0.122084ms)
✔ focus redraw keeps manual zoom; clearing restores pre-focus view (0.085917ms)
✔ switching focus preserves the original return view (0.137709ms)
✔ new snapshot resets saved focus view and never revives old zoom (0.085791ms)
✔ default inactive; moving does not show cards and leaving does not deactivate (1.160625ms)
✔ object previews can read date-card activation without activating it (0.161792ms)
✔ click selects a point; outside click closes; inside click is not dismissed (0.198417ms)
✔ activated cards follow movement until outside dismissal, then require another click (0.163167ms)
✔ zoom clears stale coordinates but preserves activation (0.825375ms)
✔ data reset and Escape deactivate; teardown removes all handlers (0.352084ms)
✔ directed centre chain is candidate evidence, not completion (1.467084ms)
✔ touching, opposing, future, overlapping or malformed chains fail closed (0.280792ms)
✔ single-centre and legacy components remain readable (0.087375ms)
✔ inside, border, reversed y and overlapping rectangles resolve newest first (0.880042ms)
✔ invalid or missing render coordinates cannot create hits (0.086542ms)
✔ popup stays within narrow viewport and near-edge right click (0.091417ms)
✔ roles are Chinese and unknown roles never claim completion (0.477333ms)
✔ source ranges keep one-based indices without disguising gaps (0.115792ms)
✔ coverage checks counts, repeats and missing IDs (0.213ms)
✔ missing, empty and rejected suffix are explicit (0.07725ms)
✔ invalid counts and empty blocks cannot pass the coverage audit (0.078167ms)
✔ uses raw indices, allows shared endpoints and bounds zoom padding (1.933ms)
✔ does not invent a B interval or infer indices from formatted dates (0.13475ms)
✔ rejects partial, reversed, overlapping and out-of-snapshot evidence (0.132792ms)
✔ allows inspection of historical failed evidence without reviving it (0.122167ms)
✔ local proof draws frozen exact endpoints only after its actual confirmation (0.177167ms)
✔ dual-line divergence uses two exact raw indices, never artificial ABC ranges (0.096416ms)
✔ dual-line focus rejects missing, duplicate, reversed and out-of-range points (0.17475ms)
✔ special wave focus uses AB and its extreme without inventing C (0.127292ms)
✔ direction, family and lifecycle have independent marker styles (0.706958ms)
✔ no-C dual-line remains a circle and fills only on first reverse-pen confirmation (12.84475ms)
✔ M1 is restricted to confirmed waves with a later actual confirmation (0.588542ms)
✔ four families retain independent records and nonstandard uses a triangle (0.61025ms)
✔ October 4 marker matrix uses shape for family and colour only for direction (0.326333ms)
✔ special AB evidence separates A line extrema from both price anchors and legacy pivots (0.877292ms)
✔ history is opt-in, inactive stays grey hollow, never creates M1 (0.156708ms)
✔ every historical shape uses a continuous hollow contour, including on hover (0.144292ms)
✔ new nonstandard evidence relaxes prices only and records each subtype (0.123584ms)
✔ new dual rule cannot fill without recorded later local confirmation (0.105708ms)
✔ historical engineering match retains original timing without claiming regrouping completion (6.003417ms)
✔ future, stale, mismatched or incomplete evidence fails closed (0.399041ms)
✔ older snapshots and unmatched parts keep existing natural audit available (0.085625ms)
✔ engineering provenance uses the same one-based numbering as other inspectors (1.247458ms)
✔ mixed recursion distinguishes consolidation and trend from the old trend view (0.452041ms)
✔ unknown or reversed provenance is not presented as a completed trend (0.595542ms)
✔ indicator and price values use two decimals without inventing missing evidence (0.436792ms)
✔ recursive centre relations never call extension candidates completed types (0.196375ms)
✔ admissions distinguish unit confirmation from later failed-return admission (0.18575ms)
✔ display fields retain all text including dates, provenance, and secondary colons (15.908125ms)
✔ narrative, missing evidence, and timestamp headings remain whole (0.122792ms)
✔ all candidate states distinguish eligibility from completed natural types (0.588792ms)
✔ opposite geometry identifies reused next-part evidence, including nonzero source IDs (14.123708ms)
✔ external opposite geometry is not added to candidate membership (0.14425ms)
✔ missing, stale, misattributed or future opposite geometry is not displayed as matched (0.148917ms)
✔ preferred endpoints are never called completed types; conflicts are retained (0.084375ms)
✔ opposite base turn is not same-level completion (0.104375ms)
✔ price formatting preserves zero and boundary contact, guards non-finite values (0.112834ms)
✔ candidate audit joins by identity, not response order (0.076584ms)
✔ part audit must match ordinal AND exact raw source IDs, including shifted IDs (0.139667ms)
✔ locates the three raw ranges without relabelling them as MACD or confirmed centres (1.041167ms)
✔ candidate must already be observable at the CURRENT replay prefix (0.1815ms)
✔ no incomplete, waiting or unsupported candidate is given a fabricated range (0.097792ms)
✔ raw bar boundaries must be contiguous and inside the visible window (0.140917ms)
✔ source partitions must cover every original segment once, preserving nonzero IDs (0.110333ms)
✔ conflicting geometric fallback remains viewable for manual audit (0.075584ms)
✔ clearing a regrouping focus restores original zoom; a new replay snapshot does not (0.112875ms)
✔ membership labels distinguish source confirmation from later admission (0.49575ms)
✔ admission witness distinguishes confirmation dependency from geometric membership (0.08925ms)
✔ old or malformed evidence never invents an admission witness (0.070083ms)
✔ menus stay inside phone, keyboard and landscape viewports (0.586209ms)
✔ near-bottom controls open upwards without changing ordinary desktop width (0.102417ms)
✔ marker hit uses signed stacking offset for both directions, not candle position (0.432833ms)
✔ symbol size and invalid render positions are handled safely (0.083333ms)
✔ aborted late response cannot publish metadata even if transport ignores abort (116.066542ms)
✔ missing provenance or silently changed adjustment never reaches research (0.187584ms)
✔ reported gaps do not falsely label suspension or prevent inspecting valid candles (0.118375ms)
✔ history fetch consumes one verified range and publishes complete metadata only after validation (0.614333ms)
✔ unclosed response never updates provenance or reaches the backtest (0.25ms)
✔ null, true zero, infinities and real 999 are distinct after JSON roundtrip (0.89425ms)
✔ single, saved and comparison results retain authoritative metric basis (2.262292ms)
✔ whole proof validated without mutation, and cross-role ownership remains visible (1.790542ms)
✔ stale, future, duplicated, incomplete, falsely completed and mismatched sources rejected (0.348791ms)
✔ base runs cannot masquerade as proofs or own multiple provisional regions (0.083125ms)
✔ blocked covers show full conflicts, never fabricated flattened blocks (0.0985ms)
✔ labels retain provisional scope (0.069416ms)
✔ all seven MA presets are available but only MA5 and MA10 start visible (0.826375ms)
✔ each chart session gets independent editable settings without changing presets (7.933458ms)
✔ MA presets retain the requested yellow, white, purple, green, cyan, orange, red palette (0.794875ms)
✔ legend retains every MA choice and explicit hidden states override stale chart selection (0.164708ms)
✔ cross-boundary details resolve actual input and nested ownership records (1.422041ms)
✔ unowned reverse evidence stays explicitly unowned for boundary rejection (0.117542ms)
✔ foreign witness can be shown for an otherwise single-owner candidate (0.101917ms)
✔ legacy candidates do not invent missing conflict details (0.107792ms)
✔ damaged detail is not presented: mismatched candidate sources (0.081292ms)
✔ damaged detail is not presented: wrong layer (0.071375ms)
✔ damaged detail is not presented: unknown reverse input (0.061291ms)
✔ damaged detail is not presented: wrong reverse range (0.057084ms)
✔ damaged detail is not presented: reverse overlaps prices (0.06625ms)
✔ damaged detail is not presented: future reverse confirmation (0.106083ms)
✔ damaged detail is not presented: wrong reverse time (0.068958ms)
✔ damaged detail is not presented: incomplete domain list (0.063208ms)
✔ damaged detail is not presented: duplicate domains (0.048083ms)
✔ damaged detail is not presented: noncontinuous domain (0.041833ms)
✔ damaged detail is not presented: foreign domain misses witness (0.042958ms)
✔ damaged detail is not presented: false unowned witness (0.047916ms)
✔ damaged detail is not presented: missing nested record (0.051625ms)
✔ damaged detail is not presented: wrong reason (0.057416ms)
✔ only current owner revisions form the displayed ownership set (1.900416ms)
✔ internal provenance remains distinct and validates enclosing ownership (0.795ms)
✔ parent-covered history is not labeled as an additional effective input (0.172875ms)
✔ nested provenance validates containment and strictly increasing input levels (22.338208ms)
✔ current owner labels are distinct from creation IDs and tolerate old snapshots (0.371833ms)
✔ summary mode lists every historical address, not just current versions (1.963333ms)
✔ full and missing legacy snapshots stay readable without inventing history (0.262875ms)
✔ all four analysis paths explicitly request summary delivery without changing input (0.862375ms)
✔ complete lifecycle stays chronological, does not mutate input, and uses Chinese labels (2.017709ms)
✔ legacy or future history is not invented (3.218583ms)
✔ dangling, reordered, duplicated, miscounted and conflicting histories fail closed (2.726375ms)
✔ equal counts cannot hide swapped source identities (0.317459ms)
✔ intermediate event boundaries must equal actual inherited and added sources (0.131ms)
✔ input evidence must exist at the correct level and be available at admission (0.211958ms)
✔ invalid domain sources, membership and parent context fail closed (0.215ms)
✔ leftward growth, shifted sources and newly filled merge gaps remain valid (0.190625ms)
✔ both periods exclude future and open candles while retaining original warm-up start (6.13175ms)
✔ snapshot observation time caps cutoff; bar start before cutoff is not enough (0.1385ms)
✔ no timeframe fallback or fabricated candles when historical minute range is unavailable (0.085167ms)
✔ index and board snapshots retain NONE adjustment, mismatch is rejected (0.24175ms)
✔ missing completion evidence, timezone timestamps and unordered bars fail explicitly (0.147917ms)
✔ week/month completion boundary comes from provider annotation, not day label (0.10375ms)
✔ matrix defaults to exactly the five requested periods in image order and six information columns (0.982791ms)
✔ does not turn current reversal observation into a confirmed opposite pen (0.173208ms)
✔ keeps true zero distinct from missing, and numerical display never overwrites original axis judgment (0.725167ms)
✔ keeps divergence family, extrema and actual confirmation separate; never drops records (7.7745ms)
✔ missing pen and divergence are bounded claims; quality limitations stay visible (0.192625ms)
✔ forming candles preserve OHLC and use dashed empty outlines (14.172375ms)
✔ forming volume and signed MACD columns preserve values and direction (1.746542ms)
✔ late messages, close and errors from an old socket cannot affect replacement (3.552375ms)
✔ invalid messages and control responses never become ticks; close reason retained (0.216292ms)
✔ matching versions are selected by case identity without mutation (1.497334ms)
✔ future snapshots, wrong rules, incomplete chains and duplicate cases are rejected (0.607125ms)
✔ labels never confuse endpoint consistency or higher-centre proof with completion (0.326333ms)
✔ v2 keeps the detached prefix and v1 remains readable (0.585875ms)
✔ v3 supports trend search while retaining the same ownership guards (0.3215ms)
✔ missing, duplicated, misattributed or silently completed prefix is rejected (0.363416ms)
✔ reincorporation is recorded explicitly instead of erasing detached history (0.808ms)
✔ accepts bounded history and empty verified batches (0.55475ms)
✔ rejects wrong batch, future indices, broken sources and contradictory state (0.7295ms)
✔ research labels distinguish absence, release, retained and internal (0.119125ms)
✔ late old responses cannot own a newer research request (0.497083ms)
✔ submission fields are captured values, not mutable form references (0.434875ms)
✔ snapshot import keeps original data and normalizes optional display metadata (1.9555ms)
✔ reject invalid schema, periods, oversized arrays and impossible candle prices (0.336ms)
✔ window is exchange local and bounded by the snapshot cutoff (0.537667ms)
✔ missing numbers and candidate status are never promoted (0.0835ms)
✔ amber projection resolves daily and minute labels, ignores open candle (0.290584ms)
✔ audit description translates permissions and never renders arbitrary detail fields (3.493792ms)
✔ audit time is explicitly Shanghai time and invalid data remains readable (59.123667ms)
✔ audit API preserves bounded pagination/filter state and authenticated credentials (29.913333ms)
✔ distinguishes no candidate, failed current audit, and actual invalidation without promoting legacy state (0.813667ms)
✔ filters independent families and directions without merging special and local dual-line evidence (2.32575ms)
✔ searches lifecycle dates and failure reasons with all terms required, retaining original source objects (2.37825ms)
✔ searches diagnostic rejection history without silently reviving historical candidates (0.408125ms)
✔ all excludes bc false, preserves input order and records, and does not infer missing direction (0.163083ms)
✔ legacy diagnostic family is standard, and empty diagnostics do not invent rejection records (0.092542ms)
✔ new standard evidence explains price, old blocker and independent special lifecycle (1.135083ms)
✔ new gates include counts, boundary and dates without undefined placeholder (0.222125ms)
✔ legacy comparisons retain old detected confirmed and invalidated dates (0.142958ms)
✔ structure dates remove midnight noise without changing intraday precision (1.2675ms)
✔ centre evidence distinguishes fixed core, outer range and candidate expansion (0.614625ms)
✔ segment evidence includes source prices and reverse proof with one-based labels (0.1615ms)
✔ missing legacy evidence does not invent confirmation (0.099625ms)
✔ special inclusion explains boundary exception without labelling it an ordinary fractal (0.068833ms)
✔ centre relation history distinguishes current candidate from original separation (0.099834ms)
✔ confirmation replay translates raw indices without date matching (0.072834ms)
✔ unknown, invalid or out-of-snapshot confirmations have no replay target (0.159125ms)
✔ connection badge validates shared time, price and alternating direction (0.13625ms)
✔ reverse preview uses observed extreme, not last close or a future target (0.915041ms)
✔ mirrored lows produce an upward reference (0.103125ms)
✔ no invented reference for missing, ambiguous, extending, or invalid inputs (0.098583ms)
✔ replay prefix cannot use a later extreme; ties retain first occurrence (0.105792ms)
✔ ongoing consolidation differs by color, line pattern, and fill (0.102ms)
✔ cancelling is not terminal and elapsed values remain readable (29.99825ms)
✔ runBacktestWithPolling waits through cancelling and returns cancelled (100.0965ms)
✔ runBacktestWithPolling waits through cancelling and returns timed_out (0.812416ms)
✔ runSignalScanWithPolling waits through cancelling and returns cancelled (3.735ms)
✔ runSignalScanWithPolling waits through cancelling and returns timed_out (2.318625ms)
✔ cancel API uses POST, and partial cancelled scan results are never accepted (0.996375ms)
✔ persistent recovery and version mismatch are distinct from completion (0.322667ms)
✔ terminal task deletion handles empty 204 and encodes identity (0.415042ms)
✔ checkpoint presence is not confused with verified reuse or task completion (0.454417ms)
✔ cached completed submission is retrieved rather than shown as running (0.276167ms)
✔ network failures are localized across WebKit, Chromium and Firefox (0.188167ms)
✔ exact current revision accepts only its own evidence without mutation (2.5015ms)
✔ old partition, stale version, future evidence and false completion are rejected (0.290083ms)
✔ historical audit cannot import a later opposite segment (0.087167ms)
✔ empty partitions and higher-proof priority retain explicit blockers (0.075542ms)
✔ new blockers use Chinese labels without calling prerequisites completion (0.142041ms)
✔ missing comparison interval is explained in Chinese without inventing a date (1.233292ms)
✔ special diagnostics identify each A indicator witness rather than the price witness (0.213292ms)
✔ nonstandard DEA axis gate remains explicit without an improvement requirement (0.155042ms)
✔ DEA tolerance discloses research threshold, precise deviation and near-zero fallback (1.046833ms)
✔ wave evidence separates effective A from original wave and local pivots (0.918ms)
✔ rounded equal line extrema disclose the precise failed values and witness times (0.354292ms)
✔ comparisons are explicitly research only and preserve B/C axis checks (0.285959ms)
✔ unformed candidate shows Chinese gates, two-decimal values and rejection dates (0.252458ms)
✔ new nonstandard audit explicitly uses full A and first-formed reverse evidence explains gaps (0.267417ms)
ℹ tests 255
ℹ suites 0
ℹ pass 255
ℹ fail 0
ℹ cancelled 0
ℹ skipped 0
ℹ todo 0
ℹ duration_ms 1951.620792
→ 打包中…
→ 运行测试…
京东方评级: D 分数: 34.3
维度明细: 卡玛比率=22.7, 最大回撤=27.5, 胜率=33.5, 利润因子=34.1, 夏普比率=41.5, 波动率=50.1
否决: 利润因子 1.11 接近 1，仅勉强盈亏平衡
长线优质策略评级: B 分数: 64.5
维度权重: 卡玛比率=28%, 最大回撤=26%, 胜率=0%, 利润因子=0%, 夏普比率=23%, 波动率=23%
优质案例评级: A 分数: 83.9
寻优点评级: A 74
组合重算指标: { '年化': '20.83%', '回撤': '0.80%', '夏普': '5.27', '卡玛': '26.03' }
稳定上涨组合评级: S 91.8
波动组合重算: { '回撤': '44.15%', '夏普': '-2.64', '持续': 60 }
波动组合评级: D 18.5
✔ 新版组合评级使用后端采样，不按图表柱数重新日线年化 (2.348708ms)
✔ 必要风险指标缺失不能展示为零风险或正常评级 (0.249875ms)
✔ 无穷比率不等于满分，真实零利润因子仍按亏损判断 (0.133667ms)
✔ 京东方回测必须评为 D 档（用户核心诉求验证点） (0.495708ms)
✔ 京东方评分应在 30-43 区间（C 与 D 的边界） (0.105334ms)
✔ 低利润因子触发系统亏损否决 (0.068375ms)
✔ 样本不足（< 10 笔交易）降权但不否决整个评级 (0.127625ms)
✔ 用户实测场景：6年6笔交易 + 高夏普 → 应得 A/B（核心回归测试） (0.613584ms)
✔ 深回撤 > 60% 触发直接 D 否决 (0.381458ms)
✔ 优质回测应得 A 或 S 档 (0.374209ms)
✔ 高回撤但收益高 → 最高 B（一票否决 cap） (0.395875ms)
✔ 插值函数：边界值取端点分数 (0.154167ms)
✔ 插值函数：中间值线性插值 (0.111125ms)
✔ 寻优评级：4 维度降级版 (0.2745ms)
✔ 寻优评级：网格点交易太少 → 降权但评级照常 (0.175416ms)
✔ 组合评级：稳定上涨净值应得 A 或 S (2.758291ms)
✔ 组合评级：高波动深回撤净值 → 低档 (0.539208ms)
✔ combinedMetrics：单点净值返回全 0（兜底） (0.049917ms)
✔ 历史组合仅保留原值，不从曲线推断日线或重算评级 (0.534958ms)
✔ v1-v4、未知版本及不完整依据不伪装为新版结果 (0.570666ms)
✔ 新版结果使用已记录指标，真实 999 和零不被当作历史哨兵 (0.076417ms)
✔ 指标状态缺失或与数值冲突不能产出评级，包括被降权维度 (0.096334ms)
✔ 低交易样本的真实不可用逐笔指标仍可降权，不误拦截可用净值评级 (0.082292ms)
✔ 寻优逐行核验新版采样与候选状态，输入范围不替代候选证据 (1.738541ms)
✔ 完整快照保留精度、真实 0/999、全部指标及版本且不关联可变输入 (0.264542ms)
✔ 策略保存接受真实 Vue 响应式结果，不因 Proxy 无法 structuredClone 而失败 (0.564958ms)
✔ 再次保存历史指标不补造新版计算或评级依据 (0.096542ms)
✔ 对比展示原值并指出版本、周期、范围与利率差异，不自动重算 (0.241791ms)
ℹ tests 28
ℹ suites 0
ℹ pass 28
ℹ fail 0
ℹ cancelled 0
ℹ skipped 0
ℹ todo 0
ℹ duration_ms 173.597833
