
> web-ui@0.0.0 test
> node scripts/run-tests.mjs

✔ all current chart inspector evidence stays readable without altering original nested data (5.582375ms)
✔ reject malformed fields reachable from overlays, popovers and every inspector section with exact paths (7.090209ms)
✔ optional old fields and empty failure checkpoints remain readable, no missing-state invention (0.325166ms)
✔ archive calendar validation rejects normalized impossible dates and illegal clock/offset values (1.442625ms)
✔ bar validation compares actual instants, retains raw strings, rejects equal instants and malformed volume (0.376959ms)
✔ existing frozen matrix bar sources remain readable without mutation (20.375583ms)
✔ legacy local migration keeps original payload, precision, versions and unknown fields without upgrading (2.521166ms)
✔ cloud exports use latest metadata but retain the original immutable payload, not old cloud ID/revision (0.584542ms)
✔ study import preserves successful and failed periods plus original warmup and primary metadata (0.589041ms)
✔ unknown, incomplete, oversized and nonfinite backups are rejected, never uploaded as summaries (247.857625ms)
✔ original valid study rows retain precision, unknown fields, true zero and no recomputation (6.848292ms)
✔ invalid nested fields become explicit per-period errors, not silently missing rows (0.5465ms)
✔ strict pen fields reject coercion and preserve historical source errors without reading their invalid nested fields (1.157917ms)
✔ duplicates are not cherry-picked and malformed or future rows remain in original-record entries (0.205333ms)
✔ trade lookup keeps the exact minute across separators, precision and days (2.421375ms)
✔ date-only values cannot choose the midnight bar of an ambiguous day (0.100958ms)
✔ daily and duplicate exact timestamps keep first positional matches (0.0815ms)
✔ nanoseconds and timezone text are not truncated into a false match (0.093ms)
✔ date labels preserve useful precision without local timezone conversion (0.087458ms)
✔ higher sources resolve actual records and separate original from current review time (1.886625ms)
✔ base sources and foreign witness rejection have distinct Chinese descriptions (0.101334ms)
✔ inconsistent candidate has no replay evidence: unknown reason (0.085584ms)
✔ inconsistent candidate has no replay evidence: prototype key (0.065416ms)
✔ inconsistent candidate has no replay evidence: future version (0.053833ms)
✔ inconsistent candidate has no replay evidence: future completion (0.045834ms)
✔ inconsistent candidate has no replay evidence: missing time (0.045791ms)
✔ inconsistent candidate has no replay evidence: empty source (0.052666ms)
✔ inconsistent candidate has no replay evidence: duplicate source (0.055125ms)
✔ inconsistent candidate has no replay evidence: unknown source (0.097166ms)
✔ inconsistent candidate has no replay evidence: mixed levels (0.062083ms)
✔ inconsistent candidate has no replay evidence: future child (0.052084ms)
✔ inconsistent candidate has no replay evidence: wrong child level (0.04675ms)
✔ inconsistent candidate has no replay evidence: duplicate record (0.040167ms)
✔ inconsistent candidate has no replay evidence: empty record range (0.042417ms)
✔ inconsistent candidate has no replay evidence: gap (0.045ms)
✔ inconsistent candidate has no replay evidence: wrong parent range (0.036709ms)
✔ inconsistent candidate has no replay evidence: reversed sources (0.03825ms)
✔ inconsistent candidate has no replay evidence: unsafe base number (1.649458ms)
✔ 80 percent transparency is 20 percent alpha, for both candle directions (0.437709ms)
✔ transparency stays finite, integer, and bounded (0.081ms)
✔ body is symmetric around the unchanged wick across widths and fractional positions (2.759583ms)
✔ horizontal candles preserve every price coordinate (0.123792ms)
✔ missing or non-finite candle layouts are left untouched (0.125916ms)
✔ native ECharts layout remains centred after resize, zoom and data replacement (385.007583ms)
✔ zooming out of large-data line mode restores centred candle bodies (29.16225ms)
✔ structure widths retain existing defaults and hover appearance (0.743166ms)
✔ manual values stay finite, bounded, and at two decimal places (0.13425ms)
✔ raw index overrides rounded dates, including zero (0.450041ms)
✔ legacy intraday dates never fall back to the first bar of the day (0.098084ms)
✔ duplicate formatted times fail safely without a raw index (0.071042ms)
✔ padding keeps the 23px marker plus radius inside the price pane (0.143916ms)
✔ flat, zero and negative ranges get finite padding; invalid extents do not (0.092084ms)
✔ single-bar time link is a thin line limited to each actual plot (3.232542ms)
✔ multi-bar time link has no border and clips to plot, never clamps offscreen data to an edge (0.19675ms)
✔ time links map daily coverage to all minute bars, not a matching ordinal (0.220208ms)
✔ weekly and monthly end-labelled bars cover earlier constituent dates without changing data (12.942708ms)
✔ nearest marker wins regardless of signal family, only co-located points share chooser (0.215084ms)
✔ immutable request cache deduplicates pending work, isolates payload keys and retries errors (0.30625ms)
✔ all six structural types keep extrema and confirmation separate with original evidence (2.149375ms)
✔ legacy records do not invent confirmation or structural sources (0.138042ms)
✔ M1 keeps independent MACD source and original direction, never a structural type (0.325084ms)
✔ all chart layers override independent animation and progressive rendering (2.591667ms)
✔ archive tooltip labels and evidence remain text, not active HTML (0.977333ms)
✔ rejects invalid saved zooms (0.734375ms)
✔ same-snapshot redraw keeps current manually chosen view (0.094292ms)
✔ focus redraw keeps manual zoom; clearing restores pre-focus view (0.070791ms)
✔ switching focus preserves the original return view (0.061709ms)
✔ new snapshot resets saved focus view and never revives old zoom (0.066667ms)
✔ default inactive; moving does not show cards and leaving does not deactivate (0.977792ms)
✔ object previews can read date-card activation without activating it (0.435875ms)
✔ click selects a point; outside click closes; inside click is not dismissed (0.293208ms)
✔ activated cards follow movement until outside dismissal, then require another click (0.171875ms)
✔ zoom clears stale coordinates but preserves activation (0.089542ms)
✔ data reset and Escape deactivate; teardown removes all handlers (0.115584ms)
✔ archive requests bind current owner and bypass browser cache (45.7065ms)
✔ cloud directory validates all rows, quotas and identities without dropping broken entries (12.919417ms)
✔ original detail requires an object payload but action receipts may omit it (2.553375ms)
✔ account change discards delayed success and delayed errors (0.312416ms)
✔ unauthenticated archive requests do not reach server; structured conflicts remain actionable (0.200958ms)
✔ upload retries retain immutable captured body and all numerical precision (0.176625ms)
✔ directed centre chain is candidate evidence, not completion (0.906792ms)
✔ touching, opposing, future, overlapping or malformed chains fail closed (0.230208ms)
✔ single-centre and legacy components remain readable (0.123625ms)
✔ inside, border, reversed y and overlapping rectangles resolve newest first (0.869083ms)
✔ invalid or missing render coordinates cannot create hits (0.088334ms)
✔ popup stays within narrow viewport and near-edge right click (0.180375ms)
✔ roles are Chinese and unknown roles never claim completion (0.452542ms)
✔ source ranges keep one-based indices without disguising gaps (0.10675ms)
✔ coverage checks counts, repeats and missing IDs (0.207375ms)
✔ missing, empty and rejected suffix are explicit (0.073375ms)
✔ invalid counts and empty blocks cannot pass the coverage audit (0.077917ms)
✔ uses raw indices, allows shared endpoints and bounds zoom padding (1.759291ms)
✔ does not invent a B interval or infer indices from formatted dates (0.26825ms)
✔ rejects partial, reversed, overlapping and out-of-snapshot evidence (0.149834ms)
✔ allows inspection of historical failed evidence without reviving it (0.120875ms)
✔ local proof draws frozen exact endpoints only after its actual confirmation (0.299458ms)
✔ dual-line divergence uses two exact raw indices, never artificial ABC ranges (0.221875ms)
✔ dual-line focus rejects missing, duplicate, reversed and out-of-range points (0.135ms)
✔ special wave focus uses AB and its extreme without inventing C (0.110458ms)
✔ direction, family and lifecycle have independent marker styles (0.589708ms)
✔ no-C dual-line remains a circle and fills only on first reverse-pen confirmation (0.76575ms)
✔ M1 is restricted to confirmed waves with a later actual confirmation (1.183833ms)
✔ four families retain independent records and nonstandard uses a triangle (0.211125ms)
✔ October 4 marker matrix uses shape for family and colour only for direction (0.128125ms)
✔ special AB evidence separates A line extrema from both price anchors and legacy pivots (0.126834ms)
✔ history is opt-in, inactive stays grey hollow, never creates M1 (0.119458ms)
✔ every historical shape uses a continuous hollow contour, including on hover (2.737917ms)
✔ new nonstandard evidence relaxes prices only and records each subtype (0.139083ms)
✔ new dual rule cannot fill without recorded later local confirmation (0.104917ms)
✔ historical engineering match retains original timing without claiming regrouping completion (5.553416ms)
✔ future, stale, mismatched or incomplete evidence fails closed (0.323542ms)
✔ older snapshots and unmatched parts keep existing natural audit available (0.064792ms)
✔ engineering provenance uses the same one-based numbering as other inspectors (0.555625ms)
✔ mixed recursion distinguishes consolidation and trend from the old trend view (0.139417ms)
✔ unknown or reversed provenance is not presented as a completed trend (0.067459ms)
✔ indicator and price values use two decimals without inventing missing evidence (0.06975ms)
✔ recursive centre relations never call extension candidates completed types (0.07775ms)
✔ admissions distinguish unit confirmation from later failed-return admission (0.054667ms)
✔ display fields retain all text including dates, provenance, and secondary colons (1.064833ms)
✔ narrative, missing evidence, and timestamp headings remain whole (0.682333ms)
✔ selects the exact source without replacing missing comparison periods with the primary (1.160958ms)
✔ prefix audit preserves original warmup snapshot and its own instrument and period (1.045542ms)
✔ rejects invalid positions, missing identity and explicitly unclosed prefix data (0.492042ms)
✔ all candidate states distinguish eligibility from completed natural types (0.590541ms)
✔ opposite geometry identifies reused next-part evidence, including nonzero source IDs (0.542375ms)
✔ external opposite geometry is not added to candidate membership (0.096291ms)
✔ missing, stale, misattributed or future opposite geometry is not displayed as matched (0.1375ms)
✔ preferred endpoints are never called completed types; conflicts are retained (0.081041ms)
✔ opposite base turn is not same-level completion (0.095417ms)
✔ price formatting preserves zero and boundary contact, guards non-finite values (0.110333ms)
✔ candidate audit joins by identity, not response order (0.072459ms)
✔ part audit must match ordinal AND exact raw source IDs, including shifted IDs (0.129375ms)
✔ locates the three raw ranges without relabelling them as MACD or confirmed centres (1.014958ms)
✔ candidate must already be observable at the CURRENT replay prefix (3.75175ms)
✔ no incomplete, waiting or unsupported candidate is given a fabricated range (0.920958ms)
✔ raw bar boundaries must be contiguous and inside the visible window (0.314834ms)
✔ source partitions must cover every original segment once, preserving nonzero IDs (0.180708ms)
✔ conflicting geometric fallback remains viewable for manual audit (0.179125ms)
✔ clearing a regrouping focus restores original zoom; a new replay snapshot does not (0.386416ms)
✔ membership labels distinguish source confirmation from later admission (0.461292ms)
✔ admission witness distinguishes confirmation dependency from geometric membership (0.085416ms)
✔ old or malformed evidence never invents an admission witness (16.912ms)
✔ menus stay in the nearest modal, with body only for ordinary controls (0.435125ms)
✔ fullscreen controls keep their portal within the active fullscreen subtree (0.102875ms)
✔ menus stay inside phone, keyboard and landscape viewports (0.695042ms)
✔ near-bottom controls open upwards without changing ordinary desktop width (0.094375ms)
✔ freeze all supported indicator outputs, warmup holes, volume averages and exact numerical precision (17.01175ms)
✔ frozen playback keeps captured values despite different current prices and never queries APIs (0.56975ms)
✔ malformed or mismatched frozen values fail closed, never fall back to recomputation (2.85875ms)
✔ marker hit uses signed stacking offset for both directions, not candle position (0.624833ms)
✔ symbol size and invalid render positions are handled safely (0.094958ms)
✔ aborted late response cannot publish metadata even if transport ignores abort (21.805917ms)
✔ missing provenance or silently changed adjustment never reaches research (0.140125ms)
✔ reported gaps do not falsely label suspension or prevent inspecting valid candles (0.102833ms)
✔ history fetch consumes one verified range and publishes complete metadata only after validation (1.174375ms)
✔ unclosed response never updates provenance or reaches the backtest (0.379834ms)
✔ null, true zero, infinities and real 999 are distinct after JSON roundtrip (0.736459ms)
✔ single, saved and comparison results retain authoritative metric basis (2.052416ms)
✔ whole proof validated without mutation, and cross-role ownership remains visible (1.952666ms)
✔ stale, future, duplicated, incomplete, falsely completed and mismatched sources rejected (0.29725ms)
✔ base runs cannot masquerade as proofs or own multiple provisional regions (0.072541ms)
✔ blocked covers show full conflicts, never fabricated flattened blocks (0.093833ms)
✔ labels retain provisional scope (0.06425ms)
✔ all seven MA presets are available but only MA5 and MA10 start visible (0.773ms)
✔ each chart session gets independent editable settings without changing presets (0.078375ms)
✔ MA presets retain the requested yellow, white, purple, green, cyan, orange, red palette (0.071916ms)
✔ legend retains every MA choice and explicit hidden states override stale chart selection (0.100542ms)
✔ cross-boundary details resolve actual input and nested ownership records (1.347ms)
✔ unowned reverse evidence stays explicitly unowned for boundary rejection (0.110292ms)
✔ foreign witness can be shown for an otherwise single-owner candidate (0.1005ms)
✔ legacy candidates do not invent missing conflict details (0.104542ms)
✔ damaged detail is not presented: mismatched candidate sources (0.080708ms)
✔ damaged detail is not presented: wrong layer (0.5615ms)
✔ damaged detail is not presented: unknown reverse input (0.069833ms)
✔ damaged detail is not presented: wrong reverse range (0.056708ms)
✔ damaged detail is not presented: reverse overlaps prices (0.062708ms)
✔ damaged detail is not presented: future reverse confirmation (0.107792ms)
✔ damaged detail is not presented: wrong reverse time (0.0615ms)
✔ damaged detail is not presented: incomplete domain list (0.062792ms)
✔ damaged detail is not presented: duplicate domains (0.0485ms)
✔ damaged detail is not presented: noncontinuous domain (0.042791ms)
✔ damaged detail is not presented: foreign domain misses witness (0.04825ms)
✔ damaged detail is not presented: false unowned witness (0.044959ms)
✔ damaged detail is not presented: missing nested record (0.051417ms)
✔ damaged detail is not presented: wrong reason (0.051333ms)
✔ only current owner revisions form the displayed ownership set (0.847458ms)
✔ internal provenance remains distinct and validates enclosing ownership (0.326083ms)
✔ parent-covered history is not labeled as an additional effective input (0.069791ms)
✔ nested provenance validates containment and strictly increasing input levels (0.169333ms)
✔ current owner labels are distinct from creation IDs and tolerate old snapshots (0.094292ms)
✔ summary mode lists every historical address, not just current versions (0.762042ms)
✔ full and missing legacy snapshots stay readable without inventing history (0.096125ms)
✔ all four analysis paths explicitly request summary delivery without changing input (0.517959ms)
✔ complete lifecycle stays chronological, does not mutate input, and uses Chinese labels (1.628833ms)
✔ legacy or future history is not invented (0.12575ms)
✔ dangling, reordered, duplicated, miscounted and conflicting histories fail closed (4.061959ms)
✔ equal counts cannot hide swapped source identities (0.359875ms)
✔ intermediate event boundaries must equal actual inherited and added sources (0.184583ms)
✔ input evidence must exist at the correct level and be available at admission (0.442083ms)
✔ invalid domain sources, membership and parent context fail closed (1.3985ms)
✔ leftward growth, shifted sources and newly filled merge gaps remain valid (6.695208ms)
✔ both periods exclude future and open candles while retaining original warm-up start (1.393583ms)
✔ snapshot observation time caps cutoff; bar start before cutoff is not enough (0.104708ms)
✔ no timeframe fallback or fabricated candles when historical minute range is unavailable (0.232917ms)
✔ index and board snapshots retain NONE adjustment, mismatch is rejected (0.279958ms)
✔ missing completion evidence, timezone timestamps and unordered bars fail explicitly (0.29125ms)
✔ week/month completion boundary comes from provider annotation, not day label (0.1325ms)
✔ matrix defaults to exactly the five requested periods in image order and six information columns (1.001583ms)
✔ does not turn current reversal observation into a confirmed opposite pen (0.167791ms)
✔ keeps true zero distinct from missing, and numerical display never overwrites original axis judgment (0.12125ms)
✔ keeps divergence family, extrema and actual confirmation separate; never drops records (15.82175ms)
✔ missing pen and divergence are bounded claims; quality limitations stay visible (0.184292ms)
✔ forming candles preserve OHLC and use dashed empty outlines (0.520667ms)
✔ forming volume and signed MACD columns preserve values and direction (0.098875ms)
✔ radar review captures row adjustment, exact minute, strategy and original cutoff (7.658917ms)
✔ invalid or legacy reviews fail explicitly without guessing data or adjustment (4.039083ms)
✔ exchange-local dates validate without browser timezone conversion (0.105ms)
✔ review excludes future and unclosed bars, resets derived fingerprint and reports actual range without mutating source (3.2895ms)
✔ radar cache is owner scoped and malformed/legacy records never enter the UI (0.437625ms)
✔ late messages, close and errors from an old socket cannot affect replacement (0.840083ms)
✔ invalid messages and control responses never become ticks; close reason retained (0.606583ms)
✔ matching versions are selected by case identity without mutation (5.142083ms)
✔ future snapshots, wrong rules, incomplete chains and duplicate cases are rejected (0.26175ms)
✔ labels never confuse endpoint consistency or higher-centre proof with completion (0.141666ms)
✔ v2 keeps the detached prefix and v1 remains readable (0.909667ms)
✔ v3 supports trend search while retaining the same ownership guards (0.327084ms)
✔ missing, duplicated, misattributed or silently completed prefix is rejected (0.718167ms)
✔ reincorporation is recorded explicitly instead of erasing detached history (2.092042ms)
✔ accepts bounded history and empty verified batches (1.414125ms)
✔ rejects wrong batch, future indices, broken sources and contradictory state (0.601083ms)
✔ research labels distinguish absence, release, retained and internal (0.193959ms)
✔ late old responses cannot own a newer research request (0.494416ms)
✔ submission fields are captured values, not mutable form references (1.61575ms)
✔ snapshot import keeps original data and normalizes optional display metadata (9.111042ms)
✔ reject invalid schema, periods, oversized arrays and impossible candle prices (0.404542ms)
✔ cloud archives retain larger frozen windows and all supported distinct periods (24.077042ms)
✔ import keeps valid frozen outputs and rejects mismatched frozen data instead of recomputing (0.487791ms)
✔ window is exchange local and bounded by the snapshot cutoff (0.461875ms)
✔ missing numbers and candidate status are never promoted (0.124125ms)
✔ amber projection resolves daily and minute labels, ignores open candle (0.342083ms)
✔ three workspaces are keyboard traversable without dropping an existing mode (0.718708ms)
✔ mobile comparison shows exactly the selected snapshot; desktop shows both (0.095959ms)
✔ inactive research never starts automatic work, valid active research does (0.083083ms)
✔ audit description translates permissions and never renders arbitrary detail fields (0.709833ms)
✔ audit time is explicitly Shanghai time and invalid data remains readable (47.337875ms)
✔ audit API preserves bounded pagination/filter state and authenticated credentials (14.012875ms)
✔ distinguishes no candidate, failed current audit, and actual invalidation without promoting legacy state (14.135166ms)
✔ filters independent families and directions without merging special and local dual-line evidence (3.529375ms)
✔ searches lifecycle dates and failure reasons with all terms required, retaining original source objects (0.148833ms)
✔ searches diagnostic rejection history without silently reviving historical candidates (0.448125ms)
✔ all excludes bc false, preserves input order and records, and does not infer missing direction (0.422375ms)
✔ legacy diagnostic family is standard, and empty diagnostics do not invent rejection records (0.153584ms)
✔ structural points retain their own confirmation and evidence, never deriving them from a MACD source (0.336667ms)
✔ M1 uses exact existing gates and remains a separate view of its original standard event (0.224083ms)
✔ combined date query finds independent point, prompt and event records without deduplication or additive counts (0.119ms)
✔ chart date matches structured lifecycle timestamps, not coincidental prose dates (0.359708ms)
✔ minute evidence uses exact exchange-local minute, accepting T/space and refusing missing time (0.17575ms)
✔ chart date includes diagnostic ABC and rejection coverage without inventing open or reversed intervals (0.502333ms)
✔ date scope combines with all filters for structural points and original M1 sources (0.217083ms)
✔ new standard evidence explains price, old blocker and independent special lifecycle (1.765291ms)
✔ new gates include counts, boundary and dates without undefined placeholder (0.283875ms)
✔ legacy comparisons retain old detected confirmed and invalidated dates (0.358792ms)
✔ structure dates remove midnight noise without changing intraday precision (3.128959ms)
✔ centre evidence distinguishes fixed core, outer range and candidate expansion (0.614167ms)
✔ segment evidence includes source prices and reverse proof with one-based labels (0.163291ms)
✔ missing legacy evidence does not invent confirmation (0.0995ms)
✔ special inclusion explains boundary exception without labelling it an ordinary fractal (0.065834ms)
✔ centre relation history distinguishes current candidate from original separation (0.10025ms)
✔ confirmation replay translates raw indices without date matching (0.068167ms)
✔ unknown, invalid or out-of-snapshot confirmations have no replay target (0.076958ms)
✔ connection badge validates shared time, price and alternating direction (0.1155ms)
✔ reverse preview uses observed extreme, not last close or a future target (0.937916ms)
✔ mirrored lows produce an upward reference (0.099458ms)
✔ no invented reference for missing, ambiguous, extending, or invalid inputs (0.097125ms)
✔ replay prefix cannot use a later extreme; ties retain first occurrence (0.100208ms)
✔ ongoing consolidation differs by color, line pattern, and fill (0.281584ms)
✔ task list rejects malformed responses instead of replacing records with undefined (23.01275ms)
✔ cancelling is not terminal and elapsed values remain readable (0.170625ms)
✔ runBacktestWithPolling waits through cancelling and returns cancelled (2.683041ms)
✔ runBacktestWithPolling waits through cancelling and returns timed_out (1.749375ms)
✔ runSignalScanWithPolling waits through cancelling and returns cancelled (1.736084ms)
✔ runSignalScanWithPolling waits through cancelling and returns timed_out (0.995792ms)
✔ cancel API uses POST, and partial cancelled scan results are never accepted (0.266917ms)
✔ persistent recovery and version mismatch are distinct from completion (0.274458ms)
✔ terminal task deletion handles empty 204 and encodes identity (0.139916ms)
✔ checkpoint presence is not confused with verified reuse or task completion (0.332875ms)
✔ cached completed submission is retrieved rather than shown as running (0.157292ms)
✔ network failures are localized across WebKit, Chromium and Firefox (0.170708ms)
✔ tracking identity separates asset types, exchanges and board catalogues (0.753541ms)
✔ cloud book validates without silently dropping corrupt groups or duplicate entries (0.673875ms)
✔ expansion preserves every member and all board/direct sources, not a 200-row display page (1.316125ms)
✔ membership failure is explicit and malformed partial membership is never accepted (0.277667ms)
✔ batch runs sequentially, keeps partial errors and continues after a failed target (7.636667ms)
✔ cancellation marks in-flight and unstarted rows, ignoring a late success (0.158667ms)
✔ group breadth counts only available periods, never treats failed targets as neutral evidence (0.1995ms)
✔ exact current revision accepts only its own evidence without mutation (2.159708ms)
✔ old partition, stale version, future evidence and false completion are rejected (0.302042ms)
✔ historical audit cannot import a later opposite segment (0.083584ms)
✔ empty partitions and higher-proof priority retain explicit blockers (0.070917ms)
✔ new blockers use Chinese labels without calling prerequisites completion (0.132625ms)
✔ missing comparison interval is explained in Chinese without inventing a date (0.635166ms)
✔ special diagnostics identify each A indicator witness rather than the price witness (0.175ms)
✔ nonstandard DEA axis gate remains explicit without an improvement requirement (0.146625ms)
✔ DEA tolerance discloses research threshold, precise deviation and near-zero fallback (0.222375ms)
✔ wave evidence separates effective A from original wave and local pivots (0.310375ms)
✔ rounded equal line extrema disclose the precise failed values and witness times (0.123417ms)
✔ comparisons are explicitly research only and preserve B/C axis checks (0.143083ms)
✔ unformed candidate shows Chinese gates, two-decimal values and rejection dates (0.179584ms)
✔ new nonstandard audit explicitly uses full A and first-formed reverse evidence explains gaps (0.137375ms)
ℹ tests 309
ℹ suites 0
ℹ pass 309
ℹ fail 0
ℹ cancelled 0
ℹ skipped 0
ℹ todo 0
ℹ duration_ms 1688.748416
→ 打包中…
→ 运行测试…
京东方评级: D 分数: 34.3
维度明细: 卡玛比率=22.7, 最大回撤=27.5, 胜率=33.5, 利润因子=34.1, 夏普比率=41.5, 波动率=50.1
否决: 利润因子 1.11 接近 1，仅勉强盈亏平衡
长线优质策略评级: B 分数: 64.5
维度权重: 卡玛比率=28%, 最大回撤=26%, 胜率=0%, 利润因子=0%, 夏普比率=23%, 波动率=23%
优质案例评级: A 分数: 83.9
寻优点评级: A 74
组合重算指标: { '年化': '20.83%', '回撤': '0.80%', '夏普': '5.27', '卡玛': '26.03' }
稳定上涨组合评级: S 91.8
波动组合重算: { '回撤': '44.15%', '夏普': '-2.64', '持续': 60 }
波动组合评级: D 18.5
✔ 新版组合评级使用后端采样，不按图表柱数重新日线年化 (1.293042ms)
✔ 必要风险指标缺失不能展示为零风险或正常评级 (0.298333ms)
✔ 无穷比率不等于满分，真实零利润因子仍按亏损判断 (0.196084ms)
✔ 京东方回测必须评为 D 档（用户核心诉求验证点） (0.524709ms)
✔ 京东方评分应在 30-43 区间（C 与 D 的边界） (0.108375ms)
✔ 低利润因子触发系统亏损否决 (0.074458ms)
✔ 样本不足（< 10 笔交易）降权但不否决整个评级 (0.134333ms)
✔ 用户实测场景：6年6笔交易 + 高夏普 → 应得 A/B（核心回归测试） (0.14125ms)
✔ 深回撤 > 60% 触发直接 D 否决 (0.159417ms)
✔ 优质回测应得 A 或 S 档 (0.169084ms)
✔ 高回撤但收益高 → 最高 B（一票否决 cap） (0.10375ms)
✔ 插值函数：边界值取端点分数 (0.05475ms)
✔ 插值函数：中间值线性插值 (0.04675ms)
✔ 寻优评级：4 维度降级版 (0.106583ms)
✔ 寻优评级：网格点交易太少 → 降权但评级照常 (0.065583ms)
✔ 组合评级：稳定上涨净值应得 A 或 S (1.561958ms)
✔ 组合评级：高波动深回撤净值 → 低档 (0.511167ms)
✔ combinedMetrics：单点净值返回全 0（兜底） (0.05125ms)
✔ 历史组合仅保留原值，不从曲线推断日线或重算评级 (0.435ms)
✔ v1-v4、未知版本及不完整依据不伪装为新版结果 (0.529459ms)
✔ 新版结果使用已记录指标，真实 999 和零不被当作历史哨兵 (0.068584ms)
✔ 指标状态缺失或与数值冲突不能产出评级，包括被降权维度 (0.086541ms)
✔ 低交易样本的真实不可用逐笔指标仍可降权，不误拦截可用净值评级 (0.080875ms)
✔ 寻优逐行核验新版采样与候选状态，输入范围不替代候选证据 (0.096875ms)
✔ 完整快照保留精度、真实 0/999、全部指标及版本且不关联可变输入 (0.651083ms)
✔ 策略保存接受真实 Vue 响应式结果，不因 Proxy 无法 structuredClone 而失败 (0.498417ms)
✔ 再次保存历史指标不补造新版计算或评级依据 (0.087916ms)
✔ 对比展示原值并指出版本、周期、范围与利率差异，不自动重算 (0.217375ms)
ℹ tests 28
ℹ suites 0
ℹ pass 28
ℹ fail 0
ℹ cancelled 0
ℹ skipped 0
ℹ todo 0
ℹ duration_ms 88.855334
