
> web-ui@0.0.0 test
> node scripts/run-tests.mjs

✔ trade lookup keeps the exact minute across separators, precision and days (1.907542ms)
✔ date-only values cannot choose the midnight bar of an ambiguous day (0.239584ms)
✔ daily and duplicate exact timestamps keep first positional matches (0.184292ms)
✔ nanoseconds and timezone text are not truncated into a false match (0.187666ms)
✔ date labels preserve useful precision without local timezone conversion (0.351916ms)
✔ higher sources resolve actual records and separate original from current review time (7.226209ms)
✔ base sources and foreign witness rejection have distinct Chinese descriptions (0.784125ms)
✔ inconsistent candidate has no replay evidence: unknown reason (3.287ms)
✔ inconsistent candidate has no replay evidence: prototype key (0.073917ms)
✔ inconsistent candidate has no replay evidence: future version (0.057167ms)
✔ inconsistent candidate has no replay evidence: future completion (0.05025ms)
✔ inconsistent candidate has no replay evidence: missing time (0.052334ms)
✔ inconsistent candidate has no replay evidence: empty source (2.225791ms)
✔ inconsistent candidate has no replay evidence: duplicate source (0.225834ms)
✔ inconsistent candidate has no replay evidence: unknown source (0.258708ms)
✔ inconsistent candidate has no replay evidence: mixed levels (0.148333ms)
✔ inconsistent candidate has no replay evidence: future child (0.12725ms)
✔ inconsistent candidate has no replay evidence: wrong child level (0.116084ms)
✔ inconsistent candidate has no replay evidence: duplicate record (0.107291ms)
✔ inconsistent candidate has no replay evidence: empty record range (1.319875ms)
✔ inconsistent candidate has no replay evidence: gap (0.063709ms)
✔ inconsistent candidate has no replay evidence: wrong parent range (0.037583ms)
✔ inconsistent candidate has no replay evidence: reversed sources (0.04ms)
✔ inconsistent candidate has no replay evidence: unsafe base number (0.044125ms)
✔ 80 percent transparency is 20 percent alpha, for both candle directions (2.379333ms)
✔ transparency stays finite, integer, and bounded (0.248708ms)
✔ body is symmetric around the unchanged wick across widths and fractional positions (2.240042ms)
✔ horizontal candles preserve every price coordinate (0.111708ms)
✔ missing or non-finite candle layouts are left untouched (0.123583ms)
✔ native ECharts layout remains centred after resize, zoom and data replacement (96.815375ms)
✔ zooming out of large-data line mode restores centred candle bodies (11.328959ms)
✔ structure widths retain existing defaults and hover appearance (1.796625ms)
✔ manual values stay finite, bounded, and at two decimal places (0.1595ms)
✔ raw index overrides rounded dates, including zero (0.455ms)
✔ legacy intraday dates never fall back to the first bar of the day (0.102375ms)
✔ duplicate formatted times fail safely without a raw index (0.0845ms)
✔ padding keeps the 23px marker plus radius inside the price pane (0.112208ms)
✔ flat, zero and negative ranges get finite padding; invalid extents do not (0.076709ms)
✔ single-bar time link is a thin line limited to each actual plot (5.382083ms)
✔ multi-bar time link has no border and clips to plot, never clamps offscreen data to an edge (0.105666ms)
✔ time links map daily coverage to all minute bars, not a matching ordinal (0.17225ms)
✔ weekly and monthly end-labelled bars cover earlier constituent dates without changing data (2.647416ms)
✔ nearest marker wins regardless of signal family, only co-located points share chooser (0.686625ms)
✔ immutable request cache deduplicates pending work, isolates payload keys and retries errors (0.338875ms)
✔ all six structural types keep extrema and confirmation separate with original evidence (0.608417ms)
✔ legacy records do not invent confirmation or structural sources (0.122ms)
✔ M1 keeps independent MACD source and original direction, never a structural type (0.310875ms)
✔ all chart layers override independent animation and progressive rendering (1.029ms)
✔ rejects invalid saved zooms (1.690959ms)
✔ same-snapshot redraw keeps current manually chosen view (0.12525ms)
✔ focus redraw keeps manual zoom; clearing restores pre-focus view (0.085916ms)
✔ switching focus preserves the original return view (0.067917ms)
✔ new snapshot resets saved focus view and never revives old zoom (0.070792ms)
✔ default inactive; moving does not show cards and leaving does not deactivate (1.230042ms)
✔ object previews can read date-card activation without activating it (0.161958ms)
✔ click selects a point; outside click closes; inside click is not dismissed (2.445292ms)
✔ activated cards follow movement until outside dismissal, then require another click (0.445334ms)
✔ zoom clears stale coordinates but preserves activation (0.133542ms)
✔ data reset and Escape deactivate; teardown removes all handlers (0.127209ms)
✔ directed centre chain is candidate evidence, not completion (0.881ms)
✔ touching, opposing, future, overlapping or malformed chains fail closed (0.230208ms)
✔ single-centre and legacy components remain readable (0.068708ms)
✔ inside, border, reversed y and overlapping rectangles resolve newest first (2.274ms)
✔ invalid or missing render coordinates cannot create hits (0.236375ms)
✔ popup stays within narrow viewport and near-edge right click (0.21225ms)
✔ roles are Chinese and unknown roles never claim completion (0.446875ms)
✔ source ranges keep one-based indices without disguising gaps (0.104125ms)
✔ coverage checks counts, repeats and missing IDs (0.199875ms)
✔ missing, empty and rejected suffix are explicit (0.096709ms)
✔ invalid counts and empty blocks cannot pass the coverage audit (0.07925ms)
✔ uses raw indices, allows shared endpoints and bounds zoom padding (2.973541ms)
✔ does not invent a B interval or infer indices from formatted dates (2.866875ms)
✔ rejects partial, reversed, overlapping and out-of-snapshot evidence (0.709167ms)
✔ allows inspection of historical failed evidence without reviving it (0.16275ms)
✔ local proof draws frozen exact endpoints only after its actual confirmation (0.446167ms)
✔ dual-line divergence uses two exact raw indices, never artificial ABC ranges (0.168333ms)
✔ dual-line focus rejects missing, duplicate, reversed and out-of-range points (0.154792ms)
✔ special wave focus uses AB and its extreme without inventing C (0.122542ms)
✔ direction, family and lifecycle have independent marker styles (2.321625ms)
✔ no-C dual-line remains a circle and fills only on first reverse-pen confirmation (1.001375ms)
✔ M1 is restricted to confirmed waves with a later actual confirmation (0.177541ms)
✔ four families retain independent records and nonstandard uses a triangle (0.193125ms)
✔ October 4 marker matrix uses shape for family and colour only for direction (0.99325ms)
✔ special AB evidence separates A line extrema from both price anchors and legacy pivots (4.288334ms)
✔ history is opt-in, inactive stays grey hollow, never creates M1 (1.479083ms)
✔ every historical shape uses a continuous hollow contour, including on hover (2.388125ms)
✔ new nonstandard evidence relaxes prices only and records each subtype (0.1595ms)
✔ new dual rule cannot fill without recorded later local confirmation (0.107209ms)
✔ historical engineering match retains original timing without claiming regrouping completion (4.381125ms)
✔ future, stale, mismatched or incomplete evidence fails closed (3.060042ms)
✔ older snapshots and unmatched parts keep existing natural audit available (0.178416ms)
✔ engineering provenance uses the same one-based numbering as other inspectors (0.591458ms)
✔ mixed recursion distinguishes consolidation and trend from the old trend view (0.142292ms)
✔ unknown or reversed provenance is not presented as a completed trend (0.112291ms)
✔ indicator and price values use two decimals without inventing missing evidence (0.144833ms)
✔ recursive centre relations never call extension candidates completed types (0.253875ms)
✔ admissions distinguish unit confirmation from later failed-return admission (0.261333ms)
✔ display fields retain all text including dates, provenance, and secondary colons (1.820416ms)
✔ narrative, missing evidence, and timestamp headings remain whole (0.235708ms)
✔ all candidate states distinguish eligibility from completed natural types (1.453625ms)
✔ opposite geometry identifies reused next-part evidence, including nonzero source IDs (2.428667ms)
✔ external opposite geometry is not added to candidate membership (0.505458ms)
✔ missing, stale, misattributed or future opposite geometry is not displayed as matched (0.613708ms)
✔ preferred endpoints are never called completed types; conflicts are retained (0.319791ms)
✔ opposite base turn is not same-level completion (0.39425ms)
✔ price formatting preserves zero and boundary contact, guards non-finite values (0.376ms)
✔ candidate audit joins by identity, not response order (0.260708ms)
✔ part audit must match ordinal AND exact raw source IDs, including shifted IDs (0.397459ms)
✔ locates the three raw ranges without relabelling them as MACD or confirmed centres (0.980959ms)
✔ candidate must already be observable at the CURRENT replay prefix (0.167917ms)
✔ no incomplete, waiting or unsupported candidate is given a fabricated range (0.098834ms)
✔ raw bar boundaries must be contiguous and inside the visible window (0.136667ms)
✔ source partitions must cover every original segment once, preserving nonzero IDs (0.120958ms)
✔ conflicting geometric fallback remains viewable for manual audit (0.075375ms)
✔ clearing a regrouping focus restores original zoom; a new replay snapshot does not (0.887542ms)
✔ membership labels distinguish source confirmation from later admission (0.468292ms)
✔ admission witness distinguishes confirmation dependency from geometric membership (0.095ms)
✔ old or malformed evidence never invents an admission witness (0.069708ms)
✔ menus stay inside phone, keyboard and landscape viewports (0.65175ms)
✔ near-bottom controls open upwards without changing ordinary desktop width (0.135958ms)
✔ marker hit uses signed stacking offset for both directions, not candle position (1.564791ms)
✔ symbol size and invalid render positions are handled safely (0.116084ms)
✔ aborted late response cannot publish metadata even if transport ignores abort (39.063333ms)
✔ missing provenance or silently changed adjustment never reaches research (0.608916ms)
✔ reported gaps do not falsely label suspension or prevent inspecting valid candles (0.179833ms)
✔ history fetch consumes one verified range and publishes complete metadata only after validation (0.651ms)
✔ unclosed response never updates provenance or reaches the backtest (0.284959ms)
✔ null, true zero, infinities and real 999 are distinct after JSON roundtrip (1.319208ms)
✔ single, saved and comparison results retain authoritative metric basis (1.323375ms)
✔ whole proof validated without mutation, and cross-role ownership remains visible (1.003583ms)
✔ stale, future, duplicated, incomplete, falsely completed and mismatched sources rejected (0.302875ms)
✔ base runs cannot masquerade as proofs or own multiple provisional regions (0.072042ms)
✔ blocked covers show full conflicts, never fabricated flattened blocks (0.093375ms)
✔ labels retain provisional scope (0.06375ms)
✔ all seven MA presets are available but only MA5 and MA10 start visible (2.404791ms)
✔ each chart session gets independent editable settings without changing presets (0.234833ms)
✔ MA presets retain the requested yellow, white, purple, green, cyan, orange, red palette (0.743791ms)
✔ legend retains every MA choice and explicit hidden states override stale chart selection (0.351833ms)
✔ cross-boundary details resolve actual input and nested ownership records (2.123542ms)
✔ unowned reverse evidence stays explicitly unowned for boundary rejection (0.364208ms)
✔ foreign witness can be shown for an otherwise single-owner candidate (0.243167ms)
✔ legacy candidates do not invent missing conflict details (0.265875ms)
✔ damaged detail is not presented: mismatched candidate sources (0.379084ms)
✔ damaged detail is not presented: wrong layer (1.14ms)
✔ damaged detail is not presented: unknown reverse input (0.118125ms)
✔ damaged detail is not presented: wrong reverse range (0.074709ms)
✔ damaged detail is not presented: reverse overlaps prices (0.070208ms)
✔ damaged detail is not presented: future reverse confirmation (0.113625ms)
✔ damaged detail is not presented: wrong reverse time (0.068208ms)
✔ damaged detail is not presented: incomplete domain list (0.069375ms)
✔ damaged detail is not presented: duplicate domains (0.05325ms)
✔ damaged detail is not presented: noncontinuous domain (0.047125ms)
✔ damaged detail is not presented: foreign domain misses witness (0.045917ms)
✔ damaged detail is not presented: false unowned witness (0.848917ms)
✔ damaged detail is not presented: missing nested record (0.063416ms)
✔ damaged detail is not presented: wrong reason (0.070459ms)
✔ only current owner revisions form the displayed ownership set (1.487125ms)
✔ internal provenance remains distinct and validates enclosing ownership (0.938959ms)
✔ parent-covered history is not labeled as an additional effective input (0.367792ms)
✔ nested provenance validates containment and strictly increasing input levels (0.470959ms)
✔ current owner labels are distinct from creation IDs and tolerate old snapshots (0.159292ms)
✔ summary mode lists every historical address, not just current versions (1.634916ms)
✔ full and missing legacy snapshots stay readable without inventing history (0.475667ms)
✔ all four analysis paths explicitly request summary delivery without changing input (0.939875ms)
✔ complete lifecycle stays chronological, does not mutate input, and uses Chinese labels (1.60575ms)
✔ legacy or future history is not invented (0.153ms)
✔ dangling, reordered, duplicated, miscounted and conflicting histories fail closed (2.267ms)
✔ equal counts cannot hide swapped source identities (0.085917ms)
✔ intermediate event boundaries must equal actual inherited and added sources (0.072584ms)
✔ input evidence must exist at the correct level and be available at admission (0.202ms)
✔ invalid domain sources, membership and parent context fail closed (0.173709ms)
✔ leftward growth, shifted sources and newly filled merge gaps remain valid (0.152416ms)
✔ both periods exclude future and open candles while retaining original warm-up start (3.152833ms)
✔ snapshot observation time caps cutoff; bar start before cutoff is not enough (0.106333ms)
✔ no timeframe fallback or fabricated candles when historical minute range is unavailable (0.068709ms)
✔ index and board snapshots retain NONE adjustment, mismatch is rejected (0.251417ms)
✔ missing completion evidence, timezone timestamps and unordered bars fail explicitly (0.140958ms)
✔ week/month completion boundary comes from provider annotation, not day label (0.112291ms)
✔ matrix defaults to exactly the five requested periods in image order and six information columns (0.907333ms)
✔ does not turn current reversal observation into a confirmed opposite pen (0.165875ms)
✔ keeps true zero distinct from missing, and numerical display never overwrites original axis judgment (0.394583ms)
✔ keeps divergence family, extrema and actual confirmation separate; never drops records (12.624417ms)
✔ missing pen and divergence are bounded claims; quality limitations stay visible (0.181333ms)
✔ forming candles preserve OHLC and use dashed empty outlines (0.434208ms)
✔ forming volume and signed MACD columns preserve values and direction (0.094459ms)
✔ late messages, close and errors from an old socket cannot affect replacement (4.310375ms)
✔ invalid messages and control responses never become ticks; close reason retained (0.716167ms)
✔ matching versions are selected by case identity without mutation (2.478708ms)
✔ future snapshots, wrong rules, incomplete chains and duplicate cases are rejected (0.251625ms)
✔ labels never confuse endpoint consistency or higher-centre proof with completion (1.554125ms)
✔ v2 keeps the detached prefix and v1 remains readable (3.116292ms)
✔ v3 supports trend search while retaining the same ownership guards (1.3845ms)
✔ missing, duplicated, misattributed or silently completed prefix is rejected (0.3445ms)
✔ reincorporation is recorded explicitly instead of erasing detached history (0.153458ms)
✔ accepts bounded history and empty verified batches (20.618083ms)
✔ rejects wrong batch, future indices, broken sources and contradictory state (7.521916ms)
✔ research labels distinguish absence, release, retained and internal (0.265916ms)
✔ late old responses cannot own a newer research request (0.584708ms)
✔ submission fields are captured values, not mutable form references (0.423541ms)
✔ snapshot import keeps original data and normalizes optional display metadata (4.008083ms)
✔ reject invalid schema, periods, oversized arrays and impossible candle prices (3.111666ms)
✔ window is exchange local and bounded by the snapshot cutoff (0.543833ms)
✔ missing numbers and candidate status are never promoted (0.278375ms)
✔ amber projection resolves daily and minute labels, ignores open candle (0.582667ms)
✔ audit description translates permissions and never renders arbitrary detail fields (0.779791ms)
✔ audit time is explicitly Shanghai time and invalid data remains readable (256.603417ms)
✔ audit API preserves bounded pagination/filter state and authenticated credentials (29.295625ms)
✔ distinguishes no candidate, failed current audit, and actual invalidation without promoting legacy state (142.140167ms)
✔ filters independent families and directions without merging special and local dual-line evidence (30.60725ms)
✔ searches lifecycle dates and failure reasons with all terms required, retaining original source objects (9.858792ms)
✔ searches diagnostic rejection history without silently reviving historical candidates (3.939ms)
✔ all excludes bc false, preserves input order and records, and does not infer missing direction (0.571042ms)
✔ legacy diagnostic family is standard, and empty diagnostics do not invent rejection records (3.447667ms)
✔ structural points retain their own confirmation and evidence, never deriving them from a MACD source (2.7335ms)
✔ M1 uses exact existing gates and remains a separate view of its original standard event (0.716958ms)
✔ combined date query finds independent point, prompt and event records without deduplication or additive counts (0.162917ms)
✔ chart date matches structured lifecycle timestamps, not coincidental prose dates (9.617666ms)
✔ minute evidence uses exact exchange-local minute, accepting T/space and refusing missing time (0.187375ms)
✔ chart date includes diagnostic ABC and rejection coverage without inventing open or reversed intervals (0.243959ms)
✔ date scope combines with all filters for structural points and original M1 sources (0.114459ms)
✔ new standard evidence explains price, old blocker and independent special lifecycle (6.211375ms)
✔ new gates include counts, boundary and dates without undefined placeholder (0.399ms)
✔ legacy comparisons retain old detected confirmed and invalidated dates (0.176542ms)
✔ structure dates remove midnight noise without changing intraday precision (1.423834ms)
✔ centre evidence distinguishes fixed core, outer range and candidate expansion (0.62525ms)
✔ segment evidence includes source prices and reverse proof with one-based labels (0.186917ms)
✔ missing legacy evidence does not invent confirmation (0.103625ms)
✔ special inclusion explains boundary exception without labelling it an ordinary fractal (0.062542ms)
✔ centre relation history distinguishes current candidate from original separation (0.096959ms)
✔ confirmation replay translates raw indices without date matching (0.069125ms)
✔ unknown, invalid or out-of-snapshot confirmations have no replay target (0.933125ms)
✔ connection badge validates shared time, price and alternating direction (0.444083ms)
✔ reverse preview uses observed extreme, not last close or a future target (2.296125ms)
✔ mirrored lows produce an upward reference (0.720083ms)
✔ no invented reference for missing, ambiguous, extending, or invalid inputs (0.164459ms)
✔ replay prefix cannot use a later extreme; ties retain first occurrence (0.102459ms)
✔ ongoing consolidation differs by color, line pattern, and fill (0.108042ms)
✔ cancelling is not terminal and elapsed values remain readable (9.776708ms)
✔ runBacktestWithPolling waits through cancelling and returns cancelled (22.020541ms)
✔ runBacktestWithPolling waits through cancelling and returns timed_out (2.102541ms)
✔ runSignalScanWithPolling waits through cancelling and returns cancelled (2.199125ms)
✔ runSignalScanWithPolling waits through cancelling and returns timed_out (2.218958ms)
✔ cancel API uses POST, and partial cancelled scan results are never accepted (0.493292ms)
✔ persistent recovery and version mismatch are distinct from completion (0.306292ms)
✔ terminal task deletion handles empty 204 and encodes identity (0.141042ms)
✔ checkpoint presence is not confused with verified reuse or task completion (0.27175ms)
✔ cached completed submission is retrieved rather than shown as running (0.417125ms)
✔ network failures are localized across WebKit, Chromium and Firefox (0.239875ms)
✔ exact current revision accepts only its own evidence without mutation (1.52675ms)
✔ old partition, stale version, future evidence and false completion are rejected (0.286708ms)
✔ historical audit cannot import a later opposite segment (0.084542ms)
✔ empty partitions and higher-proof priority retain explicit blockers (0.073791ms)
✔ new blockers use Chinese labels without calling prerequisites completion (0.147334ms)
✔ missing comparison interval is explained in Chinese without inventing a date (0.612833ms)
✔ special diagnostics identify each A indicator witness rather than the price witness (0.168ms)
✔ nonstandard DEA axis gate remains explicit without an improvement requirement (0.138167ms)
✔ DEA tolerance discloses research threshold, precise deviation and near-zero fallback (0.1595ms)
✔ wave evidence separates effective A from original wave and local pivots (0.764959ms)
✔ rounded equal line extrema disclose the precise failed values and witness times (0.12075ms)
✔ comparisons are explicitly research only and preserve B/C axis checks (0.095041ms)
✔ unformed candidate shows Chinese gates, two-decimal values and rejection dates (0.08575ms)
✔ new nonstandard audit explicitly uses full A and first-formed reverse evidence explains gaps (0.09975ms)
ℹ tests 262
ℹ suites 0
ℹ pass 262
ℹ fail 0
ℹ cancelled 0
ℹ skipped 0
ℹ todo 0
ℹ duration_ms 1438.879041
→ 打包中…
→ 运行测试…
京东方评级: D 分数: 34.3
维度明细: 卡玛比率=22.7, 最大回撤=27.5, 胜率=33.5, 利润因子=34.1, 夏普比率=41.5, 波动率=50.1
否决: 利润因子 1.11 接近 1，仅勉强盈亏平衡
长线优质策略评级: B 分数: 64.5
维度权重: 卡玛比率=28%, 最大回撤=26%, 胜率=0%, 利润因子=0%, 夏普比率=23%, 波动率=23%
优质案例评级: A 分数: 83.9
寻优点评级: A 74
组合重算指标: { '年化': '20.83%', '回撤': '0.80%', '夏普': '5.27', '卡玛': '26.03' }
稳定上涨组合评级: S 91.8
波动组合重算: { '回撤': '44.15%', '夏普': '-2.64', '持续': 60 }
波动组合评级: D 18.5
✔ 新版组合评级使用后端采样，不按图表柱数重新日线年化 (1.6055ms)
✔ 必要风险指标缺失不能展示为零风险或正常评级 (0.24ms)
✔ 无穷比率不等于满分，真实零利润因子仍按亏损判断 (0.14125ms)
✔ 京东方回测必须评为 D 档（用户核心诉求验证点） (1.139583ms)
✔ 京东方评分应在 30-43 区间（C 与 D 的边界） (0.126041ms)
✔ 低利润因子触发系统亏损否决 (0.12025ms)
✔ 样本不足（< 10 笔交易）降权但不否决整个评级 (0.14675ms)
✔ 用户实测场景：6年6笔交易 + 高夏普 → 应得 A/B（核心回归测试） (0.171125ms)
✔ 深回撤 > 60% 触发直接 D 否决 (0.247083ms)
✔ 优质回测应得 A 或 S 档 (0.271292ms)
✔ 高回撤但收益高 → 最高 B（一票否决 cap） (0.082416ms)
✔ 插值函数：边界值取端点分数 (0.057042ms)
✔ 插值函数：中间值线性插值 (0.097291ms)
✔ 寻优评级：4 维度降级版 (0.256791ms)
✔ 寻优评级：网格点交易太少 → 降权但评级照常 (0.089083ms)
✔ 组合评级：稳定上涨净值应得 A 或 S (1.576541ms)
✔ 组合评级：高波动深回撤净值 → 低档 (0.541208ms)
✔ combinedMetrics：单点净值返回全 0（兜底） (0.052042ms)
✔ 历史组合仅保留原值，不从曲线推断日线或重算评级 (0.480625ms)
✔ v1-v4、未知版本及不完整依据不伪装为新版结果 (0.601916ms)
✔ 新版结果使用已记录指标，真实 999 和零不被当作历史哨兵 (0.073959ms)
✔ 指标状态缺失或与数值冲突不能产出评级，包括被降权维度 (0.090542ms)
✔ 低交易样本的真实不可用逐笔指标仍可降权，不误拦截可用净值评级 (0.085083ms)
✔ 寻优逐行核验新版采样与候选状态，输入范围不替代候选证据 (0.483083ms)
✔ 完整快照保留精度、真实 0/999、全部指标及版本且不关联可变输入 (0.186083ms)
✔ 策略保存接受真实 Vue 响应式结果，不因 Proxy 无法 structuredClone 而失败 (0.63ms)
✔ 再次保存历史指标不补造新版计算或评级依据 (0.128834ms)
✔ 对比展示原值并指出版本、周期、范围与利率差异，不自动重算 (0.423917ms)
ℹ tests 28
ℹ suites 0
ℹ pass 28
ℹ fail 0
ℹ cancelled 0
ℹ skipped 0
ℹ todo 0
ℹ duration_ms 105.3605
