
> web-ui@0.0.0 test
> node scripts/run-tests.mjs

✔ trade lookup keeps the exact minute across separators, precision and days (1.413542ms)
✔ date-only values cannot choose the midnight bar of an ambiguous day (0.177708ms)
✔ daily and duplicate exact timestamps keep first positional matches (0.163042ms)
✔ nanoseconds and timezone text are not truncated into a false match (1.967375ms)
✔ date labels preserve useful precision without local timezone conversion (0.12875ms)
✔ higher sources resolve actual records and separate original from current review time (1.143042ms)
✔ base sources and foreign witness rejection have distinct Chinese descriptions (0.1005ms)
✔ inconsistent candidate has no replay evidence: unknown reason (0.080334ms)
✔ inconsistent candidate has no replay evidence: prototype key (0.06675ms)
✔ inconsistent candidate has no replay evidence: future version (0.060625ms)
✔ inconsistent candidate has no replay evidence: future completion (0.050542ms)
✔ inconsistent candidate has no replay evidence: missing time (0.047583ms)
✔ inconsistent candidate has no replay evidence: empty source (0.623458ms)
✔ inconsistent candidate has no replay evidence: duplicate source (0.101ms)
✔ inconsistent candidate has no replay evidence: unknown source (0.125459ms)
✔ inconsistent candidate has no replay evidence: mixed levels (0.06925ms)
✔ inconsistent candidate has no replay evidence: future child (0.06ms)
✔ inconsistent candidate has no replay evidence: wrong child level (0.051167ms)
✔ inconsistent candidate has no replay evidence: duplicate record (0.045583ms)
✔ inconsistent candidate has no replay evidence: empty record range (0.0515ms)
✔ inconsistent candidate has no replay evidence: gap (0.053541ms)
✔ inconsistent candidate has no replay evidence: wrong parent range (0.0425ms)
✔ inconsistent candidate has no replay evidence: reversed sources (0.043625ms)
✔ inconsistent candidate has no replay evidence: unsafe base number (0.048583ms)
✔ 80 percent transparency is 20 percent alpha, for both candle directions (0.413708ms)
✔ transparency stays finite, integer, and bounded (0.084625ms)
✔ body is symmetric around the unchanged wick across widths and fractional positions (11.332584ms)
✔ horizontal candles preserve every price coordinate (0.467042ms)
✔ missing or non-finite candle layouts are left untouched (0.342125ms)
✔ native ECharts layout remains centred after resize, zoom and data replacement (133.730125ms)
✔ zooming out of large-data line mode restores centred candle bodies (8.748083ms)
✔ structure widths retain existing defaults and hover appearance (0.68625ms)
✔ manual values stay finite, bounded, and at two decimal places (0.133041ms)
✔ raw index overrides rounded dates, including zero (0.414334ms)
✔ legacy intraday dates never fall back to the first bar of the day (0.096584ms)
✔ duplicate formatted times fail safely without a raw index (0.069292ms)
✔ padding keeps the 23px marker plus radius inside the price pane (0.110708ms)
✔ flat, zero and negative ranges get finite padding; invalid extents do not (0.084ms)
✔ single-bar time link is a thin line limited to each actual plot (2.627833ms)
✔ multi-bar time link has no border and clips to plot, never clamps offscreen data to an edge (0.232209ms)
✔ time links map daily coverage to all minute bars, not a matching ordinal (0.351375ms)
✔ weekly and monthly end-labelled bars cover earlier constituent dates without changing data (3.279416ms)
✔ nearest marker wins regardless of signal family, only co-located points share chooser (0.606833ms)
✔ immutable request cache deduplicates pending work, isolates payload keys and retries errors (0.759ms)
✔ all six structural types keep extrema and confirmation separate with original evidence (0.608292ms)
✔ legacy records do not invent confirmation or structural sources (0.121292ms)
✔ M1 keeps independent MACD source and original direction, never a structural type (0.316667ms)
✔ all chart layers override independent animation and progressive rendering (3.39725ms)
✔ rejects invalid saved zooms (15.07075ms)
✔ same-snapshot redraw keeps current manually chosen view (0.125333ms)
✔ focus redraw keeps manual zoom; clearing restores pre-focus view (0.081833ms)
✔ switching focus preserves the original return view (0.071ms)
✔ new snapshot resets saved focus view and never revives old zoom (0.102416ms)
✔ default inactive; moving does not show cards and leaving does not deactivate (0.823375ms)
✔ object previews can read date-card activation without activating it (0.157709ms)
✔ click selects a point; outside click closes; inside click is not dismissed (0.111667ms)
✔ activated cards follow movement until outside dismissal, then require another click (0.107292ms)
✔ zoom clears stale coordinates but preserves activation (0.075834ms)
✔ data reset and Escape deactivate; teardown removes all handlers (0.095833ms)
✔ archive requests bind current owner and bypass browser cache (20.272ms)
✔ account change discards delayed success and delayed errors (0.500875ms)
✔ unauthenticated archive requests do not reach server; structured conflicts remain actionable (0.252083ms)
✔ upload retries retain immutable captured body and all numerical precision (0.401458ms)
✔ directed centre chain is candidate evidence, not completion (1.983584ms)
✔ touching, opposing, future, overlapping or malformed chains fail closed (0.601791ms)
✔ single-centre and legacy components remain readable (0.1575ms)
✔ inside, border, reversed y and overlapping rectangles resolve newest first (0.805167ms)
✔ invalid or missing render coordinates cannot create hits (0.080916ms)
✔ popup stays within narrow viewport and near-edge right click (0.086083ms)
✔ roles are Chinese and unknown roles never claim completion (0.419333ms)
✔ source ranges keep one-based indices without disguising gaps (0.111666ms)
✔ coverage checks counts, repeats and missing IDs (0.195875ms)
✔ missing, empty and rejected suffix are explicit (0.075167ms)
✔ invalid counts and empty blocks cannot pass the coverage audit (0.076375ms)
✔ uses raw indices, allows shared endpoints and bounds zoom padding (2.178292ms)
✔ does not invent a B interval or infer indices from formatted dates (0.4265ms)
✔ rejects partial, reversed, overlapping and out-of-snapshot evidence (0.141958ms)
✔ allows inspection of historical failed evidence without reviving it (0.126625ms)
✔ local proof draws frozen exact endpoints only after its actual confirmation (0.174375ms)
✔ dual-line divergence uses two exact raw indices, never artificial ABC ranges (0.086667ms)
✔ dual-line focus rejects missing, duplicate, reversed and out-of-range points (0.08675ms)
✔ special wave focus uses AB and its extreme without inventing C (0.093458ms)
✔ direction, family and lifecycle have independent marker styles (0.602042ms)
✔ no-C dual-line remains a circle and fills only on first reverse-pen confirmation (1.304834ms)
✔ M1 is restricted to confirmed waves with a later actual confirmation (0.154792ms)
✔ four families retain independent records and nonstandard uses a triangle (0.181834ms)
✔ October 4 marker matrix uses shape for family and colour only for direction (0.122417ms)
✔ special AB evidence separates A line extrema from both price anchors and legacy pivots (0.128667ms)
✔ history is opt-in, inactive stays grey hollow, never creates M1 (0.107375ms)
✔ every historical shape uses a continuous hollow contour, including on hover (0.122375ms)
✔ new nonstandard evidence relaxes prices only and records each subtype (0.113458ms)
✔ new dual rule cannot fill without recorded later local confirmation (0.094458ms)
✔ historical engineering match retains original timing without claiming regrouping completion (0.982292ms)
✔ future, stale, mismatched or incomplete evidence fails closed (0.392916ms)
✔ older snapshots and unmatched parts keep existing natural audit available (0.07425ms)
✔ engineering provenance uses the same one-based numbering as other inspectors (7.450584ms)
✔ mixed recursion distinguishes consolidation and trend from the old trend view (0.154291ms)
✔ unknown or reversed provenance is not presented as a completed trend (0.073791ms)
✔ indicator and price values use two decimals without inventing missing evidence (0.077666ms)
✔ recursive centre relations never call extension candidates completed types (0.082125ms)
✔ admissions distinguish unit confirmation from later failed-return admission (0.058917ms)
✔ display fields retain all text including dates, provenance, and secondary colons (4.494042ms)
✔ narrative, missing evidence, and timestamp headings remain whole (0.099666ms)
✔ selects the exact source without replacing missing comparison periods with the primary (0.408208ms)
✔ prefix audit preserves original warmup snapshot and its own instrument and period (1.535834ms)
✔ rejects invalid positions, missing identity and explicitly unclosed prefix data (0.250875ms)
✔ all candidate states distinguish eligibility from completed natural types (0.504333ms)
✔ opposite geometry identifies reused next-part evidence, including nonzero source IDs (0.644125ms)
✔ external opposite geometry is not added to candidate membership (0.100708ms)
✔ missing, stale, misattributed or future opposite geometry is not displayed as matched (0.13575ms)
✔ preferred endpoints are never called completed types; conflicts are retained (0.081958ms)
✔ opposite base turn is not same-level completion (0.101917ms)
✔ price formatting preserves zero and boundary contact, guards non-finite values (0.111417ms)
✔ candidate audit joins by identity, not response order (0.082375ms)
✔ part audit must match ordinal AND exact raw source IDs, including shifted IDs (0.134584ms)
✔ locates the three raw ranges without relabelling them as MACD or confirmed centres (0.987583ms)
✔ candidate must already be observable at the CURRENT replay prefix (0.184ms)
✔ no incomplete, waiting or unsupported candidate is given a fabricated range (0.096ms)
✔ raw bar boundaries must be contiguous and inside the visible window (0.137916ms)
✔ source partitions must cover every original segment once, preserving nonzero IDs (0.112042ms)
✔ conflicting geometric fallback remains viewable for manual audit (0.072708ms)
✔ clearing a regrouping focus restores original zoom; a new replay snapshot does not (0.117916ms)
✔ membership labels distinguish source confirmation from later admission (0.462917ms)
✔ admission witness distinguishes confirmation dependency from geometric membership (0.290625ms)
✔ old or malformed evidence never invents an admission witness (0.292416ms)
✔ menus stay inside phone, keyboard and landscape viewports (0.588ms)
✔ near-bottom controls open upwards without changing ordinary desktop width (0.09775ms)
✔ marker hit uses signed stacking offset for both directions, not candle position (7.835208ms)
✔ symbol size and invalid render positions are handled safely (0.098208ms)
✔ aborted late response cannot publish metadata even if transport ignores abort (28.372125ms)
✔ missing provenance or silently changed adjustment never reaches research (0.15675ms)
✔ reported gaps do not falsely label suspension or prevent inspecting valid candles (0.113417ms)
✔ history fetch consumes one verified range and publishes complete metadata only after validation (0.793584ms)
✔ unclosed response never updates provenance or reaches the backtest (0.282166ms)
✔ null, true zero, infinities and real 999 are distinct after JSON roundtrip (4.558792ms)
✔ single, saved and comparison results retain authoritative metric basis (1.140542ms)
✔ whole proof validated without mutation, and cross-role ownership remains visible (1.023709ms)
✔ stale, future, duplicated, incomplete, falsely completed and mismatched sources rejected (0.368125ms)
✔ base runs cannot masquerade as proofs or own multiple provisional regions (0.101584ms)
✔ blocked covers show full conflicts, never fabricated flattened blocks (0.130541ms)
✔ labels retain provisional scope (0.25275ms)
✔ all seven MA presets are available but only MA5 and MA10 start visible (4.733833ms)
✔ each chart session gets independent editable settings without changing presets (0.108792ms)
✔ MA presets retain the requested yellow, white, purple, green, cyan, orange, red palette (0.07975ms)
✔ legend retains every MA choice and explicit hidden states override stale chart selection (0.107041ms)
✔ cross-boundary details resolve actual input and nested ownership records (51.632125ms)
✔ unowned reverse evidence stays explicitly unowned for boundary rejection (0.138666ms)
✔ foreign witness can be shown for an otherwise single-owner candidate (0.100084ms)
✔ legacy candidates do not invent missing conflict details (0.111583ms)
✔ damaged detail is not presented: mismatched candidate sources (0.089ms)
✔ damaged detail is not presented: wrong layer (0.06025ms)
✔ damaged detail is not presented: unknown reverse input (4.176916ms)
✔ damaged detail is not presented: wrong reverse range (0.164916ms)
✔ damaged detail is not presented: reverse overlaps prices (0.082708ms)
✔ damaged detail is not presented: future reverse confirmation (0.127875ms)
✔ damaged detail is not presented: wrong reverse time (0.077875ms)
✔ damaged detail is not presented: incomplete domain list (0.082875ms)
✔ damaged detail is not presented: duplicate domains (0.05675ms)
✔ damaged detail is not presented: noncontinuous domain (0.045291ms)
✔ damaged detail is not presented: foreign domain misses witness (0.048792ms)
✔ damaged detail is not presented: false unowned witness (0.048833ms)
✔ damaged detail is not presented: missing nested record (0.058ms)
✔ damaged detail is not presented: wrong reason (0.058959ms)
✔ only current owner revisions form the displayed ownership set (1.96075ms)
✔ internal provenance remains distinct and validates enclosing ownership (0.783666ms)
✔ parent-covered history is not labeled as an additional effective input (0.220167ms)
✔ nested provenance validates containment and strictly increasing input levels (0.721625ms)
✔ current owner labels are distinct from creation IDs and tolerate old snapshots (0.288292ms)
✔ summary mode lists every historical address, not just current versions (1.446ms)
✔ full and missing legacy snapshots stay readable without inventing history (0.08475ms)
✔ all four analysis paths explicitly request summary delivery without changing input (0.350084ms)
✔ complete lifecycle stays chronological, does not mutate input, and uses Chinese labels (1.355583ms)
✔ legacy or future history is not invented (0.127125ms)
✔ dangling, reordered, duplicated, miscounted and conflicting histories fail closed (5.604666ms)
✔ equal counts cannot hide swapped source identities (0.11525ms)
✔ intermediate event boundaries must equal actual inherited and added sources (0.581584ms)
✔ input evidence must exist at the correct level and be available at admission (0.33575ms)
✔ invalid domain sources, membership and parent context fail closed (0.189084ms)
✔ leftward growth, shifted sources and newly filled merge gaps remain valid (0.152292ms)
✔ both periods exclude future and open candles while retaining original warm-up start (1.327834ms)
✔ snapshot observation time caps cutoff; bar start before cutoff is not enough (0.233042ms)
✔ no timeframe fallback or fabricated candles when historical minute range is unavailable (0.25825ms)
✔ index and board snapshots retain NONE adjustment, mismatch is rejected (0.38ms)
✔ missing completion evidence, timezone timestamps and unordered bars fail explicitly (0.190583ms)
✔ week/month completion boundary comes from provider annotation, not day label (0.12325ms)
✔ matrix defaults to exactly the five requested periods in image order and six information columns (2.059625ms)
✔ does not turn current reversal observation into a confirmed opposite pen (0.591208ms)
✔ keeps true zero distinct from missing, and numerical display never overwrites original axis judgment (0.199667ms)
✔ keeps divergence family, extrema and actual confirmation separate; never drops records (38.519667ms)
✔ missing pen and divergence are bounded claims; quality limitations stay visible (0.194833ms)
✔ forming candles preserve OHLC and use dashed empty outlines (0.449208ms)
✔ forming volume and signed MACD columns preserve values and direction (0.236792ms)
✔ radar review captures row adjustment, exact minute, strategy and original cutoff (1.693958ms)
✔ invalid or legacy reviews fail explicitly without guessing data or adjustment (1.974792ms)
✔ exchange-local dates validate without browser timezone conversion (0.592417ms)
✔ review excludes future and unclosed bars, resets derived fingerprint and reports actual range without mutating source (1.952ms)
✔ radar cache is owner scoped and malformed/legacy records never enter the UI (0.874417ms)
✔ late messages, close and errors from an old socket cannot affect replacement (0.799542ms)
✔ invalid messages and control responses never become ticks; close reason retained (0.155542ms)
✔ matching versions are selected by case identity without mutation (3.803208ms)
✔ future snapshots, wrong rules, incomplete chains and duplicate cases are rejected (0.662167ms)
✔ labels never confuse endpoint consistency or higher-centre proof with completion (0.365791ms)
✔ v2 keeps the detached prefix and v1 remains readable (0.749792ms)
✔ v3 supports trend search while retaining the same ownership guards (0.132375ms)
✔ missing, duplicated, misattributed or silently completed prefix is rejected (1.795041ms)
✔ reincorporation is recorded explicitly instead of erasing detached history (0.183916ms)
✔ accepts bounded history and empty verified batches (0.481166ms)
✔ rejects wrong batch, future indices, broken sources and contradictory state (0.226625ms)
✔ research labels distinguish absence, release, retained and internal (0.074917ms)
✔ late old responses cannot own a newer research request (0.467792ms)
✔ submission fields are captured values, not mutable form references (0.411125ms)
✔ snapshot import keeps original data and normalizes optional display metadata (0.888875ms)
✖ reject invalid schema, periods, oversized arrays and impossible candle prices (0.445166ms)
✔ window is exchange local and bounded by the snapshot cutoff (2.718291ms)
✔ missing numbers and candidate status are never promoted (0.097291ms)
✔ amber projection resolves daily and minute labels, ignores open candle (0.261375ms)
✔ three workspaces are keyboard traversable without dropping an existing mode (0.781041ms)
✔ mobile comparison shows exactly the selected snapshot; desktop shows both (0.101791ms)
✔ inactive research never starts automatic work, valid active research does (0.097375ms)
✔ audit description translates permissions and never renders arbitrary detail fields (0.500167ms)
✔ audit time is explicitly Shanghai time and invalid data remains readable (20.8945ms)
✔ audit API preserves bounded pagination/filter state and authenticated credentials (38.066916ms)
✔ distinguishes no candidate, failed current audit, and actual invalidation without promoting legacy state (1.018291ms)
✔ filters independent families and directions without merging special and local dual-line evidence (2.594125ms)
✔ searches lifecycle dates and failure reasons with all terms required, retaining original source objects (0.130834ms)
✔ searches diagnostic rejection history without silently reviving historical candidates (0.380792ms)
✔ all excludes bc false, preserves input order and records, and does not infer missing direction (0.134916ms)
✔ legacy diagnostic family is standard, and empty diagnostics do not invent rejection records (0.095ms)
✔ structural points retain their own confirmation and evidence, never deriving them from a MACD source (0.277333ms)
✔ M1 uses exact existing gates and remains a separate view of its original standard event (0.201917ms)
✔ combined date query finds independent point, prompt and event records without deduplication or additive counts (0.10725ms)
✔ chart date matches structured lifecycle timestamps, not coincidental prose dates (0.215458ms)
✔ minute evidence uses exact exchange-local minute, accepting T/space and refusing missing time (0.091583ms)
✔ chart date includes diagnostic ABC and rejection coverage without inventing open or reversed intervals (0.197084ms)
✔ date scope combines with all filters for structural points and original M1 sources (0.091791ms)
✔ new standard evidence explains price, old blocker and independent special lifecycle (1.055083ms)
✔ new gates include counts, boundary and dates without undefined placeholder (0.206917ms)
✔ legacy comparisons retain old detected confirmed and invalidated dates (0.143041ms)
✔ structure dates remove midnight noise without changing intraday precision (1.133834ms)
✔ centre evidence distinguishes fixed core, outer range and candidate expansion (0.642375ms)
✔ segment evidence includes source prices and reverse proof with one-based labels (0.164083ms)
✔ missing legacy evidence does not invent confirmation (0.097958ms)
✔ special inclusion explains boundary exception without labelling it an ordinary fractal (0.064ms)
✔ centre relation history distinguishes current candidate from original separation (0.09275ms)
✔ confirmation replay translates raw indices without date matching (0.067166ms)
✔ unknown, invalid or out-of-snapshot confirmations have no replay target (0.068792ms)
✔ connection badge validates shared time, price and alternating direction (0.097709ms)
✔ reverse preview uses observed extreme, not last close or a future target (0.940042ms)
✔ mirrored lows produce an upward reference (0.094958ms)
✔ no invented reference for missing, ambiguous, extending, or invalid inputs (0.110209ms)
✔ replay prefix cannot use a later extreme; ties retain first occurrence (0.089709ms)
✔ ongoing consolidation differs by color, line pattern, and fill (0.099791ms)
✔ cancelling is not terminal and elapsed values remain readable (3.987292ms)
✔ runBacktestWithPolling waits through cancelling and returns cancelled (17.022625ms)
✔ runBacktestWithPolling waits through cancelling and returns timed_out (2.319958ms)
✔ runSignalScanWithPolling waits through cancelling and returns cancelled (3.16575ms)
✔ runSignalScanWithPolling waits through cancelling and returns timed_out (4.244334ms)
✔ cancel API uses POST, and partial cancelled scan results are never accepted (0.8555ms)
✔ persistent recovery and version mismatch are distinct from completion (0.303083ms)
✔ terminal task deletion handles empty 204 and encodes identity (0.158042ms)
✔ checkpoint presence is not confused with verified reuse or task completion (0.27675ms)
✔ cached completed submission is retrieved rather than shown as running (0.250584ms)
✔ network failures are localized across WebKit, Chromium and Firefox (0.170416ms)
✔ tracking identity separates asset types, exchanges and board catalogues (0.744625ms)
✔ cloud book validates without silently dropping corrupt groups or duplicate entries (0.591209ms)
✔ expansion preserves every member and all board/direct sources, not a 200-row display page (1.23075ms)
✔ membership failure is explicit and malformed partial membership is never accepted (0.2055ms)
✔ batch runs sequentially, keeps partial errors and continues after a failed target (6.794208ms)
✔ cancellation marks in-flight and unstarted rows, ignoring a late success (0.174458ms)
✔ group breadth counts only available periods, never treats failed targets as neutral evidence (0.539166ms)
✔ exact current revision accepts only its own evidence without mutation (0.990416ms)
✔ old partition, stale version, future evidence and false completion are rejected (0.266708ms)
✔ historical audit cannot import a later opposite segment (0.083125ms)
✔ empty partitions and higher-proof priority retain explicit blockers (0.066834ms)
✔ new blockers use Chinese labels without calling prerequisites completion (0.13125ms)
✔ missing comparison interval is explained in Chinese without inventing a date (0.647458ms)
✔ special diagnostics identify each A indicator witness rather than the price witness (0.172292ms)
✔ nonstandard DEA axis gate remains explicit without an improvement requirement (0.138875ms)
✔ DEA tolerance discloses research threshold, precise deviation and near-zero fallback (0.169166ms)
✔ wave evidence separates effective A from original wave and local pivots (0.285875ms)
✔ rounded equal line extrema disclose the precise failed values and witness times (0.116208ms)
✔ comparisons are explicitly research only and preserve B/C axis checks (0.102167ms)
✔ unformed candidate shows Chinese gates, two-decimal values and rejection dates (0.105ms)
✔ new nonstandard audit explicitly uses full A and first-formed reverse evidence explains gaps (0.104125ms)
ℹ tests 284
ℹ suites 0
ℹ pass 283
ℹ fail 1
ℹ cancelled 0
ℹ skipped 0
ℹ todo 0
ℹ duration_ms 1156.362167

✖ failing tests:

test at scripts/research-snapshot-validation.test.mjs:10:1
✖ reject invalid schema, periods, oversized arrays and impossible candle prices (0.445166ms)
  AssertionError [ERR_ASSERTION]: Missing expected exception.
      at TestContext.<anonymous> (file:///Users/bowen/Documents/Python/Google/TDX-work/web-ui/scripts/research-snapshot-validation.test.mjs:12:42)
      at Test.runInAsyncScope (node:async_hooks:213:14)
      at Test.run (node:internal/test_runner/test:1106:25)
      at Test.processPendingSubtests (node:internal/test_runner/test:788:18)
      at Test.postRun (node:internal/test_runner/test:1235:19)
      at Test.run (node:internal/test_runner/test:1163:12)
      at async startSubtestAfterBootstrap (node:internal/test_runner/harness:358:3) {
    generatedMessage: false,
    code: 'ERR_ASSERTION',
    actual: undefined,
    expected: undefined,
    operator: 'throws',
    diff: 'simple'
  }
