
> web-ui@0.0.0 test
> node scripts/run-tests.mjs

✔ trade lookup keeps the exact minute across separators, precision and days (0.856458ms)
✔ date-only values cannot choose the midnight bar of an ambiguous day (0.085834ms)
✔ daily and duplicate exact timestamps keep first positional matches (0.09175ms)
✔ nanoseconds and timezone text are not truncated into a false match (0.07225ms)
✔ date labels preserve useful precision without local timezone conversion (0.089542ms)
✔ higher sources resolve actual records and separate original from current review time (3.529833ms)
✔ base sources and foreign witness rejection have distinct Chinese descriptions (0.131958ms)
✔ inconsistent candidate has no replay evidence: unknown reason (1.594875ms)
✔ inconsistent candidate has no replay evidence: prototype key (0.185459ms)
✔ inconsistent candidate has no replay evidence: future version (0.101917ms)
✔ inconsistent candidate has no replay evidence: future completion (0.066125ms)
✔ inconsistent candidate has no replay evidence: missing time (1.029625ms)
✔ inconsistent candidate has no replay evidence: empty source (0.054792ms)
✔ inconsistent candidate has no replay evidence: duplicate source (0.056041ms)
✔ inconsistent candidate has no replay evidence: unknown source (0.152834ms)
✔ inconsistent candidate has no replay evidence: mixed levels (0.082208ms)
✔ inconsistent candidate has no replay evidence: future child (0.060667ms)
✔ inconsistent candidate has no replay evidence: wrong child level (0.051125ms)
✔ inconsistent candidate has no replay evidence: duplicate record (0.043125ms)
✔ inconsistent candidate has no replay evidence: empty record range (0.047875ms)
✔ inconsistent candidate has no replay evidence: gap (0.044875ms)
✔ inconsistent candidate has no replay evidence: wrong parent range (0.037834ms)
✔ inconsistent candidate has no replay evidence: reversed sources (0.041208ms)
✔ inconsistent candidate has no replay evidence: unsafe base number (0.39975ms)
✔ 80 percent transparency is 20 percent alpha, for both candle directions (0.907333ms)
✔ transparency stays finite, integer, and bounded (0.289208ms)
✔ body is symmetric around the unchanged wick across widths and fractional positions (2.019916ms)
✔ horizontal candles preserve every price coordinate (0.103458ms)
✔ missing or non-finite candle layouts are left untouched (0.122ms)
✔ native ECharts layout remains centred after resize, zoom and data replacement (62.019875ms)
✔ zooming out of large-data line mode restores centred candle bodies (9.622625ms)
✔ structure widths retain existing defaults and hover appearance (2.13325ms)
✔ manual values stay finite, bounded, and at two decimal places (0.150292ms)
✔ raw index overrides rounded dates, including zero (1.584167ms)
✔ legacy intraday dates never fall back to the first bar of the day (0.354625ms)
✔ duplicate formatted times fail safely without a raw index (0.198083ms)
✔ padding keeps the 23px marker plus radius inside the price pane (0.354208ms)
✔ flat, zero and negative ranges get finite padding; invalid extents do not (0.311125ms)
✔ single-bar time link is a thin line limited to each actual plot (4.331833ms)
✔ multi-bar time link has no border and clips to plot, never clamps offscreen data to an edge (0.204666ms)
✔ time links map daily coverage to all minute bars, not a matching ordinal (0.18125ms)
✔ weekly and monthly end-labelled bars cover earlier constituent dates without changing data (3.142917ms)
✔ nearest marker wins regardless of signal family, only co-located points share chooser (0.208042ms)
✔ immutable request cache deduplicates pending work, isolates payload keys and retries errors (0.307792ms)
✔ all six structural types keep extrema and confirmation separate with original evidence (0.58475ms)
✔ legacy records do not invent confirmation or structural sources (0.125125ms)
✔ M1 keeps independent MACD source and original direction, never a structural type (0.778708ms)
✔ all chart layers override independent animation and progressive rendering (2.328042ms)
✔ rejects invalid saved zooms (2.643125ms)
✔ same-snapshot redraw keeps current manually chosen view (0.128333ms)
✔ focus redraw keeps manual zoom; clearing restores pre-focus view (0.088167ms)
✔ switching focus preserves the original return view (0.0645ms)
✔ new snapshot resets saved focus view and never revives old zoom (0.063791ms)
✔ default inactive; moving does not show cards and leaving does not deactivate (0.835458ms)
✔ object previews can read date-card activation without activating it (0.153334ms)
✔ click selects a point; outside click closes; inside click is not dismissed (0.117792ms)
✔ activated cards follow movement until outside dismissal, then require another click (0.125709ms)
✔ zoom clears stale coordinates but preserves activation (0.077708ms)
✔ data reset and Escape deactivate; teardown removes all handlers (0.108291ms)
✔ directed centre chain is candidate evidence, not completion (0.90775ms)
✔ touching, opposing, future, overlapping or malformed chains fail closed (0.242541ms)
✔ single-centre and legacy components remain readable (0.081834ms)
✔ inside, border, reversed y and overlapping rectangles resolve newest first (1.301625ms)
✔ invalid or missing render coordinates cannot create hits (0.104834ms)
✔ popup stays within narrow viewport and near-edge right click (0.095625ms)
✔ roles are Chinese and unknown roles never claim completion (0.410917ms)
✔ source ranges keep one-based indices without disguising gaps (0.094875ms)
✔ coverage checks counts, repeats and missing IDs (0.192166ms)
✔ missing, empty and rejected suffix are explicit (0.071583ms)
✔ invalid counts and empty blocks cannot pass the coverage audit (0.080916ms)
✔ uses raw indices, allows shared endpoints and bounds zoom padding (1.390666ms)
✔ does not invent a B interval or infer indices from formatted dates (0.275791ms)
✔ rejects partial, reversed, overlapping and out-of-snapshot evidence (0.302125ms)
✔ allows inspection of historical failed evidence without reviving it (0.26325ms)
✔ local proof draws frozen exact endpoints only after its actual confirmation (0.371042ms)
✔ dual-line divergence uses two exact raw indices, never artificial ABC ranges (0.139459ms)
✔ dual-line focus rejects missing, duplicate, reversed and out-of-range points (0.191541ms)
✔ special wave focus uses AB and its extreme without inventing C (0.115708ms)
✔ direction, family and lifecycle have independent marker styles (0.680333ms)
✔ no-C dual-line remains a circle and fills only on first reverse-pen confirmation (1.335083ms)
✔ M1 is restricted to confirmed waves with a later actual confirmation (0.1605ms)
✔ four families retain independent records and nonstandard uses a triangle (0.18775ms)
✔ October 4 marker matrix uses shape for family and colour only for direction (0.121959ms)
✔ special AB evidence separates A line extrema from both price anchors and legacy pivots (0.132709ms)
✔ history is opt-in, inactive stays grey hollow, never creates M1 (0.107583ms)
✔ every historical shape uses a continuous hollow contour, including on hover (0.114667ms)
✔ new nonstandard evidence relaxes prices only and records each subtype (0.117583ms)
✔ new dual rule cannot fill without recorded later local confirmation (0.100458ms)
✔ historical engineering match retains original timing without claiming regrouping completion (0.953417ms)
✔ future, stale, mismatched or incomplete evidence fails closed (0.294125ms)
✔ older snapshots and unmatched parts keep existing natural audit available (0.06225ms)
✔ engineering provenance uses the same one-based numbering as other inspectors (1.622917ms)
✔ mixed recursion distinguishes consolidation and trend from the old trend view (0.187625ms)
✔ unknown or reversed provenance is not presented as a completed trend (0.071125ms)
✔ indicator and price values use two decimals without inventing missing evidence (2.049042ms)
✔ recursive centre relations never call extension candidates completed types (0.111875ms)
✔ admissions distinguish unit confirmation from later failed-return admission (0.073417ms)
✔ display fields retain all text including dates, provenance, and secondary colons (1.316417ms)
✔ narrative, missing evidence, and timestamp headings remain whole (0.109958ms)
✔ all candidate states distinguish eligibility from completed natural types (0.528417ms)
✔ opposite geometry identifies reused next-part evidence, including nonzero source IDs (0.556834ms)
✔ external opposite geometry is not added to candidate membership (0.093042ms)
✔ missing, stale, misattributed or future opposite geometry is not displayed as matched (0.134333ms)
✔ preferred endpoints are never called completed types; conflicts are retained (0.0825ms)
✔ opposite base turn is not same-level completion (0.094042ms)
✔ price formatting preserves zero and boundary contact, guards non-finite values (1.324833ms)
✔ candidate audit joins by identity, not response order (0.126541ms)
✔ part audit must match ordinal AND exact raw source IDs, including shifted IDs (0.709125ms)
✔ locates the three raw ranges without relabelling them as MACD or confirmed centres (0.957125ms)
✔ candidate must already be observable at the CURRENT replay prefix (0.159792ms)
✔ no incomplete, waiting or unsupported candidate is given a fabricated range (0.098042ms)
✔ raw bar boundaries must be contiguous and inside the visible window (0.137875ms)
✔ source partitions must cover every original segment once, preserving nonzero IDs (0.118208ms)
✔ conflicting geometric fallback remains viewable for manual audit (0.070083ms)
✔ clearing a regrouping focus restores original zoom; a new replay snapshot does not (0.110542ms)
✔ membership labels distinguish source confirmation from later admission (1.274708ms)
✔ admission witness distinguishes confirmation dependency from geometric membership (0.232625ms)
✔ old or malformed evidence never invents an admission witness (0.23925ms)
✔ menus stay inside phone, keyboard and landscape viewports (0.549375ms)
✔ near-bottom controls open upwards without changing ordinary desktop width (0.088834ms)
✔ marker hit uses signed stacking offset for both directions, not candle position (0.452542ms)
✔ symbol size and invalid render positions are handled safely (0.085583ms)
✔ aborted late response cannot publish metadata even if transport ignores abort (32.669375ms)
✔ missing provenance or silently changed adjustment never reaches research (1.687958ms)
✔ reported gaps do not falsely label suspension or prevent inspecting valid candles (0.494792ms)
✔ history fetch consumes one verified range and publishes complete metadata only after validation (1.26775ms)
✔ unclosed response never updates provenance or reaches the backtest (0.271667ms)
✔ whole proof validated without mutation, and cross-role ownership remains visible (10.691084ms)
✔ stale, future, duplicated, incomplete, falsely completed and mismatched sources rejected (1.885167ms)
✔ base runs cannot masquerade as proofs or own multiple provisional regions (0.131625ms)
✔ blocked covers show full conflicts, never fabricated flattened blocks (0.108542ms)
✔ labels retain provisional scope (0.074875ms)
✔ all seven MA presets are available but only MA5 and MA10 start visible (0.817041ms)
✔ each chart session gets independent editable settings without changing presets (0.078708ms)
✔ MA presets retain the requested yellow, white, purple, green, cyan, orange, red palette (0.091125ms)
✔ legend retains every MA choice and explicit hidden states override stale chart selection (0.106708ms)
✔ cross-boundary details resolve actual input and nested ownership records (2.785375ms)
✔ unowned reverse evidence stays explicitly unowned for boundary rejection (0.142375ms)
✔ foreign witness can be shown for an otherwise single-owner candidate (0.197209ms)
✔ legacy candidates do not invent missing conflict details (0.118417ms)
✔ damaged detail is not presented: mismatched candidate sources (0.09625ms)
✔ damaged detail is not presented: wrong layer (0.9395ms)
✔ damaged detail is not presented: unknown reverse input (0.121041ms)
✔ damaged detail is not presented: wrong reverse range (0.074958ms)
✔ damaged detail is not presented: reverse overlaps prices (0.537542ms)
✔ damaged detail is not presented: future reverse confirmation (0.163458ms)
✔ damaged detail is not presented: wrong reverse time (0.076791ms)
✔ damaged detail is not presented: incomplete domain list (0.074167ms)
✔ damaged detail is not presented: duplicate domains (0.050458ms)
✔ damaged detail is not presented: noncontinuous domain (0.053667ms)
✔ damaged detail is not presented: foreign domain misses witness (0.378834ms)
✔ damaged detail is not presented: false unowned witness (0.074375ms)
✔ damaged detail is not presented: missing nested record (0.060625ms)
✔ damaged detail is not presented: wrong reason (0.051625ms)
✔ only current owner revisions form the displayed ownership set (0.776708ms)
✔ internal provenance remains distinct and validates enclosing ownership (0.324084ms)
✔ parent-covered history is not labeled as an additional effective input (0.072208ms)
✔ nested provenance validates containment and strictly increasing input levels (0.155542ms)
✔ current owner labels are distinct from creation IDs and tolerate old snapshots (0.096167ms)
✔ summary mode lists every historical address, not just current versions (1.389709ms)
✔ full and missing legacy snapshots stay readable without inventing history (0.08875ms)
✔ all four analysis paths explicitly request summary delivery without changing input (0.347958ms)
✔ complete lifecycle stays chronological, does not mutate input, and uses Chinese labels (1.910167ms)
✔ legacy or future history is not invented (0.1405ms)
✔ dangling, reordered, duplicated, miscounted and conflicting histories fail closed (2.686792ms)
✔ equal counts cannot hide swapped source identities (0.501209ms)
✔ intermediate event boundaries must equal actual inherited and added sources (0.128292ms)
✔ input evidence must exist at the correct level and be available at admission (0.227667ms)
✔ invalid domain sources, membership and parent context fail closed (0.173625ms)
✔ leftward growth, shifted sources and newly filled merge gaps remain valid (0.514ms)
✔ both periods exclude future and open candles while retaining original warm-up start (2.253166ms)
✔ snapshot observation time caps cutoff; bar start before cutoff is not enough (0.125042ms)
✔ no timeframe fallback or fabricated candles when historical minute range is unavailable (0.069667ms)
✔ index and board snapshots retain NONE adjustment, mismatch is rejected (0.236292ms)
✔ missing completion evidence, timezone timestamps and unordered bars fail explicitly (0.146666ms)
✔ week/month completion boundary comes from provider annotation, not day label (0.104792ms)
✔ forming candles preserve OHLC and use dashed empty outlines (0.414875ms)
✔ forming volume and signed MACD columns preserve values and direction (0.098167ms)
✔ late messages, close and errors from an old socket cannot affect replacement (0.861292ms)
✔ invalid messages and control responses never become ticks; close reason retained (0.293041ms)
✔ matching versions are selected by case identity without mutation (2.316083ms)
✔ future snapshots, wrong rules, incomplete chains and duplicate cases are rejected (0.264083ms)
✔ labels never confuse endpoint consistency or higher-centre proof with completion (0.155333ms)
✔ v2 keeps the detached prefix and v1 remains readable (0.344791ms)
✔ v3 supports trend search while retaining the same ownership guards (0.11525ms)
✔ missing, duplicated, misattributed or silently completed prefix is rejected (0.766ms)
✔ reincorporation is recorded explicitly instead of erasing detached history (1.313625ms)
✔ accepts bounded history and empty verified batches (0.495958ms)
✔ rejects wrong batch, future indices, broken sources and contradictory state (0.225167ms)
✔ research labels distinguish absence, release, retained and internal (0.077125ms)
✔ late old responses cannot own a newer research request (2.117792ms)
✔ submission fields are captured values, not mutable form references (1.092834ms)
✔ snapshot import keeps original data and normalizes optional display metadata (2.810542ms)
✔ reject invalid schema, periods, oversized arrays and impossible candle prices (0.475458ms)
✔ window is exchange local and bounded by the snapshot cutoff (0.768083ms)
✔ missing numbers and candidate status are never promoted (0.129167ms)
✔ amber projection resolves daily and minute labels, ignores open candle (0.341667ms)
✔ audit description translates permissions and never renders arbitrary detail fields (0.468916ms)
✔ audit time is explicitly Shanghai time and invalid data remains readable (85.912292ms)
✔ audit API preserves bounded pagination/filter state and authenticated credentials (20.67075ms)
✔ new standard evidence explains price, old blocker and independent special lifecycle (1.103042ms)
✔ new gates include counts, boundary and dates without undefined placeholder (0.301417ms)
✔ legacy comparisons retain old detected confirmed and invalidated dates (0.174667ms)
✔ structure dates remove midnight noise without changing intraday precision (1.064125ms)
✔ centre evidence distinguishes fixed core, outer range and candidate expansion (0.583458ms)
✔ segment evidence includes source prices and reverse proof with one-based labels (0.165041ms)
✔ missing legacy evidence does not invent confirmation (0.099791ms)
✔ special inclusion explains boundary exception without labelling it an ordinary fractal (0.06875ms)
✔ centre relation history distinguishes current candidate from original separation (0.096292ms)
✔ confirmation replay translates raw indices without date matching (0.064708ms)
✔ unknown, invalid or out-of-snapshot confirmations have no replay target (0.070667ms)
✔ connection badge validates shared time, price and alternating direction (0.098667ms)
✔ reverse preview uses observed extreme, not last close or a future target (0.98775ms)
✔ mirrored lows produce an upward reference (0.112458ms)
✔ no invented reference for missing, ambiguous, extending, or invalid inputs (0.102333ms)
✔ replay prefix cannot use a later extreme; ties retain first occurrence (0.097292ms)
✔ ongoing consolidation differs by color, line pattern, and fill (0.104084ms)
✔ cancelling is not terminal and elapsed values remain readable (1.177917ms)
✔ runBacktestWithPolling waits through cancelling and returns cancelled (21.557875ms)
✔ runBacktestWithPolling waits through cancelling and returns timed_out (2.787792ms)
✔ runSignalScanWithPolling waits through cancelling and returns cancelled (1.225208ms)
✔ runSignalScanWithPolling waits through cancelling and returns timed_out (0.884666ms)
✔ cancel API uses POST, and partial cancelled scan results are never accepted (0.419583ms)
✔ persistent recovery and version mismatch are distinct from completion (0.518708ms)
✔ terminal task deletion handles empty 204 and encodes identity (0.435292ms)
✔ checkpoint presence is not confused with verified reuse or task completion (0.948834ms)
✔ cached completed submission is retrieved rather than shown as running (0.315125ms)
✔ network failures are localized across WebKit, Chromium and Firefox (0.190417ms)
✔ exact current revision accepts only its own evidence without mutation (0.988667ms)
✔ old partition, stale version, future evidence and false completion are rejected (0.248375ms)
✔ historical audit cannot import a later opposite segment (0.08ms)
✔ empty partitions and higher-proof priority retain explicit blockers (0.067875ms)
✔ new blockers use Chinese labels without calling prerequisites completion (0.131791ms)
✔ missing comparison interval is explained in Chinese without inventing a date (0.587333ms)
✔ special diagnostics identify each A indicator witness rather than the price witness (0.168458ms)
✔ nonstandard DEA axis gate remains explicit without an improvement requirement (0.133625ms)
✔ DEA tolerance discloses research threshold, precise deviation and near-zero fallback (0.61625ms)
✔ wave evidence separates effective A from original wave and local pivots (0.316792ms)
✔ rounded equal line extrema disclose the precise failed values and witness times (0.129416ms)
✔ comparisons are explicitly research only and preserve B/C axis checks (0.106291ms)
✔ unformed candidate shows Chinese gates, two-decimal values and rejection dates (0.107958ms)
✔ new nonstandard audit explicitly uses full A and first-formed reverse evidence explains gaps (0.104833ms)
ℹ tests 242
ℹ suites 0
ℹ pass 242
ℹ fail 0
ℹ cancelled 0
ℹ skipped 0
ℹ todo 0
ℹ duration_ms 1074.38425
→ 打包中…
→ 运行测试…
京东方评级: D 分数: 34.3
维度明细: 卡玛比率=22.7, 最大回撤=27.5, 胜率=33.5, 利润因子=34.1, 夏普比率=41.5, 波动率=50.1
否决: 利润因子 1.11 接近 1，仅勉强盈亏平衡
长线优质策略评级: B 分数: 64.5
维度权重: 卡玛比率=28%, 最大回撤=26%, 胜率=0%, 利润因子=0%, 夏普比率=23%, 波动率=23%
优质案例评级: A 分数: 83.9
寻优点评级: A 74
组合重算指标: { '年化': '20.83%', '回撤': '0.80%', '夏普': '5.27', '卡玛': '26.03' }
稳定上涨组合评级: S 91.8
波动组合重算: { '回撤': '44.15%', '夏普': '-2.64', '持续': 60 }
波动组合评级: D 18.5
✔ 新版组合评级使用后端采样，不按图表柱数重新日线年化 (1.265667ms)
✖ 必要风险指标缺失不能展示为零风险或正常评级 (0.53375ms)
✔ 京东方回测必须评为 D 档（用户核心诉求验证点） (0.431292ms)
✔ 京东方评分应在 30-43 区间（C 与 D 的边界） (0.103208ms)
✔ 低利润因子触发系统亏损否决 (0.083708ms)
✔ 样本不足（< 10 笔交易）降权但不否决整个评级 (0.148917ms)
✔ 用户实测场景：6年6笔交易 + 高夏普 → 应得 A/B（核心回归测试） (0.127708ms)
✔ 深回撤 > 60% 触发直接 D 否决 (0.084542ms)
✔ 优质回测应得 A 或 S 档 (0.099625ms)
✔ 高回撤但收益高 → 最高 B（一票否决 cap） (0.117417ms)
✔ 插值函数：边界值取端点分数 (0.058291ms)
✔ 插值函数：中间值线性插值 (0.047375ms)
✔ 寻优评级：4 维度降级版 (0.091125ms)
✔ 寻优评级：网格点交易太少 → 降权但评级照常 (0.05ms)
✔ 组合评级：稳定上涨净值应得 A 或 S (2.237ms)
✔ 组合评级：高波动深回撤净值 → 低档 (0.499583ms)
✔ combinedMetrics：单点净值返回全 0（兜底） (0.0425ms)
ℹ tests 17
ℹ suites 0
ℹ pass 16
ℹ fail 1
ℹ cancelled 0
ℹ skipped 0
ℹ todo 0
ℹ duration_ms 65.119042

✖ failing tests:

test at ../../../../../../../private/var/folders/8v/q734rh3j3l3cmwlb7wtwvxzh0000gn/T/grading-tests-f3fj1w/bundle.mjs:780:1
✖ 必要风险指标缺失不能展示为零风险或正常评级 (0.53375ms)
  AssertionError [ERR_ASSERTION]: The input did not match the regular expression /暂不评级/. Input:
  
  ''
  
      at TestContext.<anonymous> (file:///private/var/folders/8v/q734rh3j3l3cmwlb7wtwvxzh0000gn/T/grading-tests-f3fj1w/bundle.mjs:796:9)
      at Test.runInAsyncScope (node:async_hooks:213:14)
      at Test.run (node:internal/test_runner/test:1106:25)
      at Test.processPendingSubtests (node:internal/test_runner/test:788:18)
      at Test.postRun (node:internal/test_runner/test:1235:19)
      at Test.run (node:internal/test_runner/test:1163:12)
      at async startSubtestAfterBootstrap (node:internal/test_runner/harness:358:3) {
    generatedMessage: true,
    code: 'ERR_ASSERTION',
    actual: '',
    expected: /暂不评级/,
    operator: 'match',
    diff: 'simple'
  }
