
> web-ui@0.0.0 test
> node scripts/run-tests.mjs

✔ trade lookup keeps the exact minute across separators, precision and days (1.284625ms)
✔ date-only values cannot choose the midnight bar of an ambiguous day (0.109584ms)
✔ daily and duplicate exact timestamps keep first positional matches (0.080083ms)
✔ nanoseconds and timezone text are not truncated into a false match (0.093209ms)
✔ date labels preserve useful precision without local timezone conversion (0.371667ms)
✔ higher sources resolve actual records and separate original from current review time (1.299209ms)
✔ base sources and foreign witness rejection have distinct Chinese descriptions (0.154416ms)
✔ inconsistent candidate has no replay evidence: unknown reason (0.335541ms)
✔ inconsistent candidate has no replay evidence: prototype key (0.1145ms)
✔ inconsistent candidate has no replay evidence: future version (0.134875ms)
✔ inconsistent candidate has no replay evidence: future completion (0.0585ms)
✔ inconsistent candidate has no replay evidence: missing time (0.052833ms)
✔ inconsistent candidate has no replay evidence: empty source (0.949334ms)
✔ inconsistent candidate has no replay evidence: duplicate source (0.103291ms)
✔ inconsistent candidate has no replay evidence: unknown source (0.11825ms)
✔ inconsistent candidate has no replay evidence: mixed levels (0.066458ms)
✔ inconsistent candidate has no replay evidence: future child (0.096958ms)
✔ inconsistent candidate has no replay evidence: wrong child level (0.213ms)
✔ inconsistent candidate has no replay evidence: duplicate record (0.206459ms)
✔ inconsistent candidate has no replay evidence: empty record range (0.202ms)
✔ inconsistent candidate has no replay evidence: gap (0.211916ms)
✔ inconsistent candidate has no replay evidence: wrong parent range (0.32875ms)
✔ inconsistent candidate has no replay evidence: reversed sources (0.145625ms)
✔ inconsistent candidate has no replay evidence: unsafe base number (0.148334ms)
✔ 80 percent transparency is 20 percent alpha, for both candle directions (0.457125ms)
✔ transparency stays finite, integer, and bounded (0.084833ms)
✔ body is symmetric around the unchanged wick across widths and fractional positions (1.560875ms)
✔ horizontal candles preserve every price coordinate (0.234209ms)
✔ missing or non-finite candle layouts are left untouched (0.135167ms)
✔ native ECharts layout remains centred after resize, zoom and data replacement (271.813667ms)
✔ zooming out of large-data line mode restores centred candle bodies (323.36925ms)
✔ structure widths retain existing defaults and hover appearance (1.37225ms)
✔ manual values stay finite, bounded, and at two decimal places (0.157666ms)
✔ raw index overrides rounded dates, including zero (0.944625ms)
✔ legacy intraday dates never fall back to the first bar of the day (0.33375ms)
✔ duplicate formatted times fail safely without a raw index (0.121625ms)
✔ padding keeps the 23px marker plus radius inside the price pane (0.126917ms)
✔ flat, zero and negative ranges get finite padding; invalid extents do not (0.0835ms)
✔ single-bar time link is a thin line limited to each actual plot (1.04625ms)
✔ multi-bar time link has no border and clips to plot, never clamps offscreen data to an edge (0.4875ms)
✔ time links map daily coverage to all minute bars, not a matching ordinal (0.683583ms)
✔ weekly and monthly end-labelled bars cover earlier constituent dates without changing data (5.170083ms)
✔ nearest marker wins regardless of signal family, only co-located points share chooser (1.769375ms)
✔ immutable request cache deduplicates pending work, isolates payload keys and retries errors (2.093584ms)
✔ all six structural types keep extrema and confirmation separate with original evidence (4.066416ms)
✔ legacy records do not invent confirmation or structural sources (0.201792ms)
✔ M1 keeps independent MACD source and original direction, never a structural type (0.371416ms)
✔ all chart layers override independent animation and progressive rendering (12.797792ms)
✔ rejects invalid saved zooms (0.817208ms)
✔ same-snapshot redraw keeps current manually chosen view (0.107916ms)
✔ focus redraw keeps manual zoom; clearing restores pre-focus view (0.073333ms)
✔ switching focus preserves the original return view (0.063958ms)
✔ new snapshot resets saved focus view and never revives old zoom (0.063292ms)
✔ default inactive; moving does not show cards and leaving does not deactivate (1.059334ms)
✔ object previews can read date-card activation without activating it (1.006375ms)
✔ click selects a point; outside click closes; inside click is not dismissed (0.716125ms)
✔ activated cards follow movement until outside dismissal, then require another click (0.278958ms)
✔ zoom clears stale coordinates but preserves activation (0.159625ms)
✔ data reset and Escape deactivate; teardown removes all handlers (0.118917ms)
✔ directed centre chain is candidate evidence, not completion (0.958333ms)
✔ touching, opposing, future, overlapping or malformed chains fail closed (0.236417ms)
✔ single-centre and legacy components remain readable (0.067875ms)
✔ inside, border, reversed y and overlapping rectangles resolve newest first (0.789ms)
✔ invalid or missing render coordinates cannot create hits (0.083167ms)
✔ popup stays within narrow viewport and near-edge right click (0.083834ms)
✔ roles are Chinese and unknown roles never claim completion (0.55375ms)
✔ source ranges keep one-based indices without disguising gaps (0.103709ms)
✔ coverage checks counts, repeats and missing IDs (0.208458ms)
✔ missing, empty and rejected suffix are explicit (0.075791ms)
✔ invalid counts and empty blocks cannot pass the coverage audit (0.199917ms)
✔ uses raw indices, allows shared endpoints and bounds zoom padding (1.234583ms)
✔ does not invent a B interval or infer indices from formatted dates (0.120875ms)
✔ rejects partial, reversed, overlapping and out-of-snapshot evidence (0.132166ms)
✔ allows inspection of historical failed evidence without reviving it (0.470083ms)
✔ local proof draws frozen exact endpoints only after its actual confirmation (0.337458ms)
✔ dual-line divergence uses two exact raw indices, never artificial ABC ranges (0.1115ms)
✔ dual-line focus rejects missing, duplicate, reversed and out-of-range points (0.10425ms)
✔ special wave focus uses AB and its extreme without inventing C (0.096375ms)
✔ direction, family and lifecycle have independent marker styles (24.396666ms)
✔ no-C dual-line remains a circle and fills only on first reverse-pen confirmation (6.077ms)
✔ M1 is restricted to confirmed waves with a later actual confirmation (0.826584ms)
✔ four families retain independent records and nonstandard uses a triangle (0.219ms)
✔ October 4 marker matrix uses shape for family and colour only for direction (0.13675ms)
✔ special AB evidence separates A line extrema from both price anchors and legacy pivots (0.137209ms)
✔ history is opt-in, inactive stays grey hollow, never creates M1 (0.113958ms)
✔ every historical shape uses a continuous hollow contour, including on hover (0.127125ms)
✔ new nonstandard evidence relaxes prices only and records each subtype (0.111959ms)
✔ new dual rule cannot fill without recorded later local confirmation (0.09775ms)
✔ historical engineering match retains original timing without claiming regrouping completion (1.049875ms)
✔ future, stale, mismatched or incomplete evidence fails closed (0.304166ms)
✔ older snapshots and unmatched parts keep existing natural audit available (0.067083ms)
✔ engineering provenance uses the same one-based numbering as other inspectors (0.55825ms)
✔ mixed recursion distinguishes consolidation and trend from the old trend view (0.140792ms)
✔ unknown or reversed provenance is not presented as a completed trend (0.067333ms)
✔ indicator and price values use two decimals without inventing missing evidence (0.069833ms)
✔ recursive centre relations never call extension candidates completed types (0.070333ms)
✔ admissions distinguish unit confirmation from later failed-return admission (0.054917ms)
✔ display fields retain all text including dates, provenance, and secondary colons (2.212625ms)
✔ narrative, missing evidence, and timestamp headings remain whole (0.105792ms)
✔ selects the exact source without replacing missing comparison periods with the primary (0.626084ms)
✔ prefix audit preserves original warmup snapshot and its own instrument and period (0.487875ms)
✔ rejects invalid positions, missing identity and explicitly unclosed prefix data (0.204084ms)
✔ all candidate states distinguish eligibility from completed natural types (1.657833ms)
✔ opposite geometry identifies reused next-part evidence, including nonzero source IDs (1.384042ms)
✔ external opposite geometry is not added to candidate membership (0.299125ms)
✔ missing, stale, misattributed or future opposite geometry is not displayed as matched (0.358333ms)
✔ preferred endpoints are never called completed types; conflicts are retained (0.133333ms)
✔ opposite base turn is not same-level completion (0.42375ms)
✔ price formatting preserves zero and boundary contact, guards non-finite values (0.390791ms)
✔ candidate audit joins by identity, not response order (0.153917ms)
✔ part audit must match ordinal AND exact raw source IDs, including shifted IDs (0.395458ms)
✔ locates the three raw ranges without relabelling them as MACD or confirmed centres (0.932167ms)
✔ candidate must already be observable at the CURRENT replay prefix (0.167334ms)
✔ no incomplete, waiting or unsupported candidate is given a fabricated range (0.097708ms)
✔ raw bar boundaries must be contiguous and inside the visible window (0.133708ms)
✔ source partitions must cover every original segment once, preserving nonzero IDs (12.402667ms)
✔ conflicting geometric fallback remains viewable for manual audit (1.747291ms)
✔ clearing a regrouping focus restores original zoom; a new replay snapshot does not (0.164375ms)
✔ membership labels distinguish source confirmation from later admission (0.469833ms)
✔ admission witness distinguishes confirmation dependency from geometric membership (0.088709ms)
✔ old or malformed evidence never invents an admission witness (0.068083ms)
✔ menus stay inside phone, keyboard and landscape viewports (0.574208ms)
✔ near-bottom controls open upwards without changing ordinary desktop width (0.14525ms)
✔ marker hit uses signed stacking offset for both directions, not candle position (0.854625ms)
✔ symbol size and invalid render positions are handled safely (0.287958ms)
✔ aborted late response cannot publish metadata even if transport ignores abort (36.675291ms)
✔ missing provenance or silently changed adjustment never reaches research (0.153041ms)
✔ reported gaps do not falsely label suspension or prevent inspecting valid candles (0.114375ms)
✔ history fetch consumes one verified range and publishes complete metadata only after validation (1.475709ms)
✔ unclosed response never updates provenance or reaches the backtest (0.717375ms)
✔ null, true zero, infinities and real 999 are distinct after JSON roundtrip (0.449791ms)
✔ single, saved and comparison results retain authoritative metric basis (0.425792ms)
✔ whole proof validated without mutation, and cross-role ownership remains visible (2.771834ms)
✔ stale, future, duplicated, incomplete, falsely completed and mismatched sources rejected (0.313292ms)
✔ base runs cannot masquerade as proofs or own multiple provisional regions (0.078167ms)
✔ blocked covers show full conflicts, never fabricated flattened blocks (0.08825ms)
✔ labels retain provisional scope (0.063458ms)
✔ all seven MA presets are available but only MA5 and MA10 start visible (0.735333ms)
✔ each chart session gets independent editable settings without changing presets (0.079834ms)
✔ MA presets retain the requested yellow, white, purple, green, cyan, orange, red palette (0.073791ms)
✔ legend retains every MA choice and explicit hidden states override stale chart selection (0.099166ms)
✔ cross-boundary details resolve actual input and nested ownership records (2.849834ms)
✔ unowned reverse evidence stays explicitly unowned for boundary rejection (0.169375ms)
✔ foreign witness can be shown for an otherwise single-owner candidate (0.108125ms)
✔ legacy candidates do not invent missing conflict details (0.111333ms)
✔ damaged detail is not presented: mismatched candidate sources (0.204709ms)
✔ damaged detail is not presented: wrong layer (0.100084ms)
✔ damaged detail is not presented: unknown reverse input (0.706ms)
✔ damaged detail is not presented: wrong reverse range (0.07025ms)
✔ damaged detail is not presented: reverse overlaps prices (0.069334ms)
✔ damaged detail is not presented: future reverse confirmation (0.110333ms)
✔ damaged detail is not presented: wrong reverse time (0.066375ms)
✔ damaged detail is not presented: incomplete domain list (0.065167ms)
✔ damaged detail is not presented: duplicate domains (0.046042ms)
✔ damaged detail is not presented: noncontinuous domain (0.040625ms)
✔ damaged detail is not presented: foreign domain misses witness (0.042125ms)
✔ damaged detail is not presented: false unowned witness (0.046333ms)
✔ damaged detail is not presented: missing nested record (0.053042ms)
✔ damaged detail is not presented: wrong reason (0.054875ms)
✔ only current owner revisions form the displayed ownership set (1.965208ms)
✔ internal provenance remains distinct and validates enclosing ownership (0.471875ms)
✔ parent-covered history is not labeled as an additional effective input (0.091208ms)
✔ nested provenance validates containment and strictly increasing input levels (0.178625ms)
✔ current owner labels are distinct from creation IDs and tolerate old snapshots (0.100208ms)
✔ summary mode lists every historical address, not just current versions (1.41875ms)
✔ full and missing legacy snapshots stay readable without inventing history (0.1005ms)
✔ all four analysis paths explicitly request summary delivery without changing input (0.38575ms)
✔ complete lifecycle stays chronological, does not mutate input, and uses Chinese labels (6.318208ms)
✔ legacy or future history is not invented (0.129583ms)
✔ dangling, reordered, duplicated, miscounted and conflicting histories fail closed (1.464125ms)
✔ equal counts cannot hide swapped source identities (0.092791ms)
✔ intermediate event boundaries must equal actual inherited and added sources (0.077417ms)
✔ input evidence must exist at the correct level and be available at admission (0.57075ms)
✔ invalid domain sources, membership and parent context fail closed (1.187917ms)
✔ leftward growth, shifted sources and newly filled merge gaps remain valid (0.237708ms)
✔ both periods exclude future and open candles while retaining original warm-up start (6.469375ms)
✔ snapshot observation time caps cutoff; bar start before cutoff is not enough (4.216542ms)
✔ no timeframe fallback or fabricated candles when historical minute range is unavailable (0.506125ms)
✔ index and board snapshots retain NONE adjustment, mismatch is rejected (0.789083ms)
✔ missing completion evidence, timezone timestamps and unordered bars fail explicitly (0.223959ms)
✔ week/month completion boundary comes from provider annotation, not day label (0.129083ms)
✔ matrix defaults to exactly the five requested periods in image order and six information columns (0.916417ms)
✔ does not turn current reversal observation into a confirmed opposite pen (1.051208ms)
✔ keeps true zero distinct from missing, and numerical display never overwrites original axis judgment (0.207333ms)
✔ keeps divergence family, extrema and actual confirmation separate; never drops records (18.982792ms)
✔ missing pen and divergence are bounded claims; quality limitations stay visible (3.759709ms)
✔ forming candles preserve OHLC and use dashed empty outlines (2.031209ms)
✔ forming volume and signed MACD columns preserve values and direction (0.32275ms)
✔ radar review captures row adjustment, exact minute, strategy and original cutoff (17.437541ms)
✔ invalid or legacy reviews fail explicitly without guessing data or adjustment (33.995709ms)
✔ exchange-local dates validate without browser timezone conversion (7.9535ms)
✔ review excludes future and unclosed bars, resets derived fingerprint and reports actual range without mutating source (0.511375ms)
✔ radar cache is owner scoped and malformed/legacy records never enter the UI (5.881375ms)
✔ late messages, close and errors from an old socket cannot affect replacement (1.701875ms)
✔ invalid messages and control responses never become ticks; close reason retained (0.482541ms)
✔ matching versions are selected by case identity without mutation (3.645375ms)
✔ future snapshots, wrong rules, incomplete chains and duplicate cases are rejected (0.77175ms)
✔ labels never confuse endpoint consistency or higher-centre proof with completion (2.309708ms)
✔ v2 keeps the detached prefix and v1 remains readable (2.92725ms)
✔ v3 supports trend search while retaining the same ownership guards (3.8625ms)
✔ missing, duplicated, misattributed or silently completed prefix is rejected (0.795542ms)
✔ reincorporation is recorded explicitly instead of erasing detached history (0.175833ms)
✔ accepts bounded history and empty verified batches (0.546917ms)
✔ rejects wrong batch, future indices, broken sources and contradictory state (0.567667ms)
✔ research labels distinguish absence, release, retained and internal (0.097125ms)
✔ late old responses cannot own a newer research request (0.7205ms)
✔ submission fields are captured values, not mutable form references (0.457042ms)
✔ snapshot import keeps original data and normalizes optional display metadata (4.876459ms)
✔ reject invalid schema, periods, oversized arrays and impossible candle prices (0.333042ms)
✔ window is exchange local and bounded by the snapshot cutoff (1.4255ms)
✔ missing numbers and candidate status are never promoted (0.241584ms)
✔ amber projection resolves daily and minute labels, ignores open candle (0.737791ms)
✔ audit description translates permissions and never renders arbitrary detail fields (11.442375ms)
✔ audit time is explicitly Shanghai time and invalid data remains readable (98.457958ms)
✔ audit API preserves bounded pagination/filter state and authenticated credentials (34.865917ms)
✔ distinguishes no candidate, failed current audit, and actual invalidation without promoting legacy state (6.34925ms)
✔ filters independent families and directions without merging special and local dual-line evidence (1.509209ms)
✔ searches lifecycle dates and failure reasons with all terms required, retaining original source objects (0.141708ms)
✔ searches diagnostic rejection history without silently reviving historical candidates (0.391792ms)
✔ all excludes bc false, preserves input order and records, and does not infer missing direction (0.131958ms)
✔ legacy diagnostic family is standard, and empty diagnostics do not invent rejection records (0.096417ms)
✔ structural points retain their own confirmation and evidence, never deriving them from a MACD source (0.510166ms)
✔ M1 uses exact existing gates and remains a separate view of its original standard event (0.236083ms)
✔ combined date query finds independent point, prompt and event records without deduplication or additive counts (0.123125ms)
✔ chart date matches structured lifecycle timestamps, not coincidental prose dates (0.246708ms)
✔ minute evidence uses exact exchange-local minute, accepting T/space and refusing missing time (0.101417ms)
✔ chart date includes diagnostic ABC and rejection coverage without inventing open or reversed intervals (0.213458ms)
✔ date scope combines with all filters for structural points and original M1 sources (0.100459ms)
✔ new standard evidence explains price, old blocker and independent special lifecycle (2.26125ms)
✔ new gates include counts, boundary and dates without undefined placeholder (0.550375ms)
✔ legacy comparisons retain old detected confirmed and invalidated dates (0.413458ms)
✔ structure dates remove midnight noise without changing intraday precision (0.54075ms)
✔ centre evidence distinguishes fixed core, outer range and candidate expansion (1.328167ms)
✔ segment evidence includes source prices and reverse proof with one-based labels (0.629416ms)
✔ missing legacy evidence does not invent confirmation (0.6215ms)
✔ special inclusion explains boundary exception without labelling it an ordinary fractal (1.337791ms)
✔ centre relation history distinguishes current candidate from original separation (0.363083ms)
✔ confirmation replay translates raw indices without date matching (0.194375ms)
✔ unknown, invalid or out-of-snapshot confirmations have no replay target (0.339959ms)
✔ connection badge validates shared time, price and alternating direction (0.331542ms)
✔ reverse preview uses observed extreme, not last close or a future target (6.781ms)
✔ mirrored lows produce an upward reference (0.141458ms)
✔ no invented reference for missing, ambiguous, extending, or invalid inputs (0.131625ms)
✔ replay prefix cannot use a later extreme; ties retain first occurrence (0.103208ms)
✔ ongoing consolidation differs by color, line pattern, and fill (0.117ms)
✔ cancelling is not terminal and elapsed values remain readable (1.261375ms)
✔ runBacktestWithPolling waits through cancelling and returns cancelled (37.316834ms)
✔ runBacktestWithPolling waits through cancelling and returns timed_out (1.69125ms)
✔ runSignalScanWithPolling waits through cancelling and returns cancelled (1.996333ms)
✔ runSignalScanWithPolling waits through cancelling and returns timed_out (4.062792ms)
✔ cancel API uses POST, and partial cancelled scan results are never accepted (1.323041ms)
✔ persistent recovery and version mismatch are distinct from completion (0.605417ms)
✔ terminal task deletion handles empty 204 and encodes identity (0.427209ms)
✔ checkpoint presence is not confused with verified reuse or task completion (0.682625ms)
✔ cached completed submission is retrieved rather than shown as running (0.749167ms)
✔ network failures are localized across WebKit, Chromium and Firefox (0.350666ms)
✔ tracking identity separates asset types, exchanges and board catalogues (0.852ms)
✔ cloud book validates without silently dropping corrupt groups or duplicate entries (0.814541ms)
✔ expansion preserves every member and all board/direct sources, not a 200-row display page (8.584542ms)
✔ membership failure is explicit and malformed partial membership is never accepted (0.3095ms)
✔ batch runs sequentially, keeps partial errors and continues after a failed target (12.4645ms)
✔ cancellation marks in-flight and unstarted rows, ignoring a late success (0.190875ms)
✔ group breadth counts only available periods, never treats failed targets as neutral evidence (0.207458ms)
✔ exact current revision accepts only its own evidence without mutation (1.330125ms)
✔ old partition, stale version, future evidence and false completion are rejected (0.492708ms)
✔ historical audit cannot import a later opposite segment (0.09325ms)
✔ empty partitions and higher-proof priority retain explicit blockers (0.073041ms)
✔ new blockers use Chinese labels without calling prerequisites completion (0.168958ms)
✔ missing comparison interval is explained in Chinese without inventing a date (0.653583ms)
✔ special diagnostics identify each A indicator witness rather than the price witness (0.187417ms)
✔ nonstandard DEA axis gate remains explicit without an improvement requirement (0.144833ms)
✔ DEA tolerance discloses research threshold, precise deviation and near-zero fallback (0.901ms)
✔ wave evidence separates effective A from original wave and local pivots (0.346041ms)
✔ rounded equal line extrema disclose the precise failed values and witness times (0.1405ms)
✔ comparisons are explicitly research only and preserve B/C axis checks (0.128292ms)
✔ unformed candidate shows Chinese gates, two-decimal values and rejection dates (0.113833ms)
✔ new nonstandard audit explicitly uses full A and first-formed reverse evidence explains gaps (0.116667ms)
ℹ tests 277
ℹ suites 0
ℹ pass 277
ℹ fail 0
ℹ cancelled 0
ℹ skipped 0
ℹ todo 0
ℹ duration_ms 1909.573959
→ 打包中…
→ 运行测试…
京东方评级: D 分数: 34.3
维度明细: 卡玛比率=22.7, 最大回撤=27.5, 胜率=33.5, 利润因子=34.1, 夏普比率=41.5, 波动率=50.1
否决: 利润因子 1.11 接近 1，仅勉强盈亏平衡
长线优质策略评级: B 分数: 64.5
维度权重: 卡玛比率=28%, 最大回撤=26%, 胜率=0%, 利润因子=0%, 夏普比率=23%, 波动率=23%
优质案例评级: A 分数: 83.9
寻优点评级: A 74
组合重算指标: { '年化': '20.83%', '回撤': '0.80%', '夏普': '5.27', '卡玛': '26.03' }
稳定上涨组合评级: S 91.8
波动组合重算: { '回撤': '44.15%', '夏普': '-2.64', '持续': 60 }
波动组合评级: D 18.5
✔ 新版组合评级使用后端采样，不按图表柱数重新日线年化 (1.628708ms)
✔ 必要风险指标缺失不能展示为零风险或正常评级 (0.248ms)
✔ 无穷比率不等于满分，真实零利润因子仍按亏损判断 (0.135416ms)
✔ 京东方回测必须评为 D 档（用户核心诉求验证点） (0.544542ms)
✔ 京东方评分应在 30-43 区间（C 与 D 的边界） (0.120708ms)
✔ 低利润因子触发系统亏损否决 (0.07475ms)
✔ 样本不足（< 10 笔交易）降权但不否决整个评级 (0.1335ms)
✔ 用户实测场景：6年6笔交易 + 高夏普 → 应得 A/B（核心回归测试） (0.143333ms)
✔ 深回撤 > 60% 触发直接 D 否决 (0.09775ms)
✔ 优质回测应得 A 或 S 档 (0.135958ms)
✔ 高回撤但收益高 → 最高 B（一票否决 cap） (0.080584ms)
✔ 插值函数：边界值取端点分数 (0.070125ms)
✔ 插值函数：中间值线性插值 (0.042167ms)
✔ 寻优评级：4 维度降级版 (0.099625ms)
✔ 寻优评级：网格点交易太少 → 降权但评级照常 (0.052208ms)
✔ 组合评级：稳定上涨净值应得 A 或 S (2.415292ms)
✔ 组合评级：高波动深回撤净值 → 低档 (0.512584ms)
✔ combinedMetrics：单点净值返回全 0（兜底） (0.066334ms)
✔ 历史组合仅保留原值，不从曲线推断日线或重算评级 (0.61825ms)
✔ v1-v4、未知版本及不完整依据不伪装为新版结果 (0.641458ms)
✔ 新版结果使用已记录指标，真实 999 和零不被当作历史哨兵 (0.084084ms)
✔ 指标状态缺失或与数值冲突不能产出评级，包括被降权维度 (0.110417ms)
✔ 低交易样本的真实不可用逐笔指标仍可降权，不误拦截可用净值评级 (0.079333ms)
✔ 寻优逐行核验新版采样与候选状态，输入范围不替代候选证据 (0.104208ms)
✔ 完整快照保留精度、真实 0/999、全部指标及版本且不关联可变输入 (0.72875ms)
✔ 策略保存接受真实 Vue 响应式结果，不因 Proxy 无法 structuredClone 而失败 (0.543292ms)
✔ 再次保存历史指标不补造新版计算或评级依据 (0.09175ms)
✔ 对比展示原值并指出版本、周期、范围与利率差异，不自动重算 (0.234375ms)
ℹ tests 28
ℹ suites 0
ℹ pass 28
ℹ fail 0
ℹ cancelled 0
ℹ skipped 0
ℹ todo 0
ℹ duration_ms 111.018416
