
> web-ui@0.0.0 test
> node scripts/run-tests.mjs

✔ trade lookup keeps the exact minute across separators, precision and days (0.996375ms)
✔ date-only values cannot choose the midnight bar of an ambiguous day (0.101792ms)
✔ daily and duplicate exact timestamps keep first positional matches (0.081791ms)
✔ nanoseconds and timezone text are not truncated into a false match (0.089375ms)
✔ date labels preserve useful precision without local timezone conversion (0.097417ms)
✔ higher sources resolve actual records and separate original from current review time (11.848792ms)
✔ base sources and foreign witness rejection have distinct Chinese descriptions (0.148792ms)
✔ inconsistent candidate has no replay evidence: unknown reason (0.092875ms)
✔ inconsistent candidate has no replay evidence: prototype key (0.066666ms)
✔ inconsistent candidate has no replay evidence: future version (0.058291ms)
✔ inconsistent candidate has no replay evidence: future completion (0.049208ms)
✔ inconsistent candidate has no replay evidence: missing time (0.04775ms)
✔ inconsistent candidate has no replay evidence: empty source (2.137625ms)
✔ inconsistent candidate has no replay evidence: duplicate source (0.099375ms)
✔ inconsistent candidate has no replay evidence: unknown source (0.118875ms)
✔ inconsistent candidate has no replay evidence: mixed levels (0.066208ms)
✔ inconsistent candidate has no replay evidence: future child (0.056334ms)
✔ inconsistent candidate has no replay evidence: wrong child level (0.049042ms)
✔ inconsistent candidate has no replay evidence: duplicate record (0.043958ms)
✔ inconsistent candidate has no replay evidence: empty record range (0.04875ms)
✔ inconsistent candidate has no replay evidence: gap (0.047833ms)
✔ inconsistent candidate has no replay evidence: wrong parent range (0.038958ms)
✔ inconsistent candidate has no replay evidence: reversed sources (0.044542ms)
✔ inconsistent candidate has no replay evidence: unsafe base number (0.043083ms)
✔ 80 percent transparency is 20 percent alpha, for both candle directions (0.442375ms)
✔ transparency stays finite, integer, and bounded (0.082959ms)
✔ body is symmetric around the unchanged wick across widths and fractional positions (1.984875ms)
✔ horizontal candles preserve every price coordinate (0.33975ms)
✔ missing or non-finite candle layouts are left untouched (0.293084ms)
✔ native ECharts layout remains centred after resize, zoom and data replacement (137.278541ms)
✔ zooming out of large-data line mode restores centred candle bodies (8.633ms)
✔ structure widths retain existing defaults and hover appearance (0.999959ms)
✔ manual values stay finite, bounded, and at two decimal places (0.133792ms)
✔ raw index overrides rounded dates, including zero (0.491417ms)
✔ legacy intraday dates never fall back to the first bar of the day (0.127208ms)
✔ duplicate formatted times fail safely without a raw index (0.074084ms)
✔ padding keeps the 23px marker plus radius inside the price pane (0.121959ms)
✔ flat, zero and negative ranges get finite padding; invalid extents do not (0.079833ms)
✔ single-bar time link is a thin line limited to each actual plot (1.159292ms)
✔ multi-bar time link has no border and clips to plot, never clamps offscreen data to an edge (0.105625ms)
✔ time links map daily coverage to all minute bars, not a matching ordinal (0.180125ms)
✔ weekly and monthly end-labelled bars cover earlier constituent dates without changing data (4.047083ms)
✔ nearest marker wins regardless of signal family, only co-located points share chooser (0.25375ms)
✔ immutable request cache deduplicates pending work, isolates payload keys and retries errors (0.324167ms)
✔ all six structural types keep extrema and confirmation separate with original evidence (0.606ms)
✔ legacy records do not invent confirmation or structural sources (0.144166ms)
✔ M1 keeps independent MACD source and original direction, never a structural type (0.357625ms)
✔ all chart layers override independent animation and progressive rendering (0.857542ms)
✔ rejects invalid saved zooms (0.750541ms)
✔ same-snapshot redraw keeps current manually chosen view (0.09775ms)
✔ focus redraw keeps manual zoom; clearing restores pre-focus view (0.069ms)
✔ switching focus preserves the original return view (0.060625ms)
✔ new snapshot resets saved focus view and never revives old zoom (0.061375ms)
✔ default inactive; moving does not show cards and leaving does not deactivate (1.155ms)
✔ object previews can read date-card activation without activating it (0.408375ms)
✔ click selects a point; outside click closes; inside click is not dismissed (0.410875ms)
✔ activated cards follow movement until outside dismissal, then require another click (0.271125ms)
✔ zoom clears stale coordinates but preserves activation (0.090334ms)
✔ data reset and Escape deactivate; teardown removes all handlers (0.112167ms)
✔ directed centre chain is candidate evidence, not completion (0.957041ms)
✔ touching, opposing, future, overlapping or malformed chains fail closed (0.245125ms)
✔ single-centre and legacy components remain readable (0.070833ms)
✔ inside, border, reversed y and overlapping rectangles resolve newest first (0.879375ms)
✔ invalid or missing render coordinates cannot create hits (0.17625ms)
✔ popup stays within narrow viewport and near-edge right click (0.096209ms)
✔ roles are Chinese and unknown roles never claim completion (0.423083ms)
✔ source ranges keep one-based indices without disguising gaps (0.097333ms)
✔ coverage checks counts, repeats and missing IDs (0.226375ms)
✔ missing, empty and rejected suffix are explicit (0.07575ms)
✔ invalid counts and empty blocks cannot pass the coverage audit (0.074166ms)
✔ uses raw indices, allows shared endpoints and bounds zoom padding (1.60975ms)
✔ does not invent a B interval or infer indices from formatted dates (0.276542ms)
✔ rejects partial, reversed, overlapping and out-of-snapshot evidence (0.414042ms)
✔ allows inspection of historical failed evidence without reviving it (0.137208ms)
✔ local proof draws frozen exact endpoints only after its actual confirmation (3.565208ms)
✔ dual-line divergence uses two exact raw indices, never artificial ABC ranges (0.206875ms)
✔ dual-line focus rejects missing, duplicate, reversed and out-of-range points (0.135167ms)
✔ special wave focus uses AB and its extreme without inventing C (0.116708ms)
✔ direction, family and lifecycle have independent marker styles (0.617042ms)
✔ no-C dual-line remains a circle and fills only on first reverse-pen confirmation (1.657125ms)
✔ M1 is restricted to confirmed waves with a later actual confirmation (1.330417ms)
✔ four families retain independent records and nonstandard uses a triangle (0.905125ms)
✔ October 4 marker matrix uses shape for family and colour only for direction (0.401041ms)
✔ special AB evidence separates A line extrema from both price anchors and legacy pivots (0.16025ms)
✔ history is opt-in, inactive stays grey hollow, never creates M1 (0.137167ms)
✔ every historical shape uses a continuous hollow contour, including on hover (0.134583ms)
✔ new nonstandard evidence relaxes prices only and records each subtype (0.113708ms)
✔ new dual rule cannot fill without recorded later local confirmation (0.100125ms)
✔ historical engineering match retains original timing without claiming regrouping completion (1.190166ms)
✔ future, stale, mismatched or incomplete evidence fails closed (0.329834ms)
✔ older snapshots and unmatched parts keep existing natural audit available (0.068834ms)
✔ engineering provenance uses the same one-based numbering as other inspectors (1.234458ms)
✔ mixed recursion distinguishes consolidation and trend from the old trend view (0.287459ms)
✔ unknown or reversed provenance is not presented as a completed trend (0.092667ms)
✔ indicator and price values use two decimals without inventing missing evidence (0.081083ms)
✔ recursive centre relations never call extension candidates completed types (0.076583ms)
✔ admissions distinguish unit confirmation from later failed-return admission (0.073416ms)
✔ display fields retain all text including dates, provenance, and secondary colons (2.115375ms)
✔ narrative, missing evidence, and timestamp headings remain whole (0.2995ms)
✔ all candidate states distinguish eligibility from completed natural types (1.157625ms)
✔ opposite geometry identifies reused next-part evidence, including nonzero source IDs (0.580625ms)
✔ external opposite geometry is not added to candidate membership (0.10175ms)
✔ missing, stale, misattributed or future opposite geometry is not displayed as matched (0.133291ms)
✔ preferred endpoints are never called completed types; conflicts are retained (0.074667ms)
✔ opposite base turn is not same-level completion (0.094041ms)
✔ price formatting preserves zero and boundary contact, guards non-finite values (0.105875ms)
✔ candidate audit joins by identity, not response order (0.073083ms)
✔ part audit must match ordinal AND exact raw source IDs, including shifted IDs (0.126833ms)
✔ locates the three raw ranges without relabelling them as MACD or confirmed centres (1.259584ms)
✔ candidate must already be observable at the CURRENT replay prefix (0.205958ms)
✔ no incomplete, waiting or unsupported candidate is given a fabricated range (0.100583ms)
✔ raw bar boundaries must be contiguous and inside the visible window (0.133458ms)
✔ source partitions must cover every original segment once, preserving nonzero IDs (0.116167ms)
✔ conflicting geometric fallback remains viewable for manual audit (0.075917ms)
✔ clearing a regrouping focus restores original zoom; a new replay snapshot does not (0.496917ms)
✔ membership labels distinguish source confirmation from later admission (4.579875ms)
✔ admission witness distinguishes confirmation dependency from geometric membership (0.119125ms)
✔ old or malformed evidence never invents an admission witness (0.076708ms)
✔ menus stay inside phone, keyboard and landscape viewports (0.629542ms)
✔ near-bottom controls open upwards without changing ordinary desktop width (0.390459ms)
✔ marker hit uses signed stacking offset for both directions, not candle position (0.44525ms)
✔ symbol size and invalid render positions are handled safely (0.082083ms)
✔ aborted late response cannot publish metadata even if transport ignores abort (22.632875ms)
✔ missing provenance or silently changed adjustment never reaches research (0.157708ms)
✔ reported gaps do not falsely label suspension or prevent inspecting valid candles (0.113041ms)
✔ history fetch consumes one verified range and publishes complete metadata only after validation (0.584458ms)
✔ unclosed response never updates provenance or reaches the backtest (0.241542ms)
✔ whole proof validated without mutation, and cross-role ownership remains visible (0.949792ms)
✔ stale, future, duplicated, incomplete, falsely completed and mismatched sources rejected (2.973125ms)
✔ base runs cannot masquerade as proofs or own multiple provisional regions (0.084583ms)
✔ blocked covers show full conflicts, never fabricated flattened blocks (0.097291ms)
✔ labels retain provisional scope (0.065959ms)
✔ all seven MA presets are available but only MA5 and MA10 start visible (0.763375ms)
✔ each chart session gets independent editable settings without changing presets (0.074459ms)
✔ MA presets retain the requested yellow, white, purple, green, cyan, orange, red palette (0.083459ms)
✔ legend retains every MA choice and explicit hidden states override stale chart selection (0.104542ms)
✔ cross-boundary details resolve actual input and nested ownership records (1.345875ms)
✔ unowned reverse evidence stays explicitly unowned for boundary rejection (0.115417ms)
✔ foreign witness can be shown for an otherwise single-owner candidate (0.096334ms)
✔ legacy candidates do not invent missing conflict details (0.101459ms)
✔ damaged detail is not presented: mismatched candidate sources (0.084375ms)
✔ damaged detail is not presented: wrong layer (9.736042ms)
✔ damaged detail is not presented: unknown reverse input (0.718209ms)
✔ damaged detail is not presented: wrong reverse range (0.106334ms)
✔ damaged detail is not presented: reverse overlaps prices (0.083959ms)
✔ damaged detail is not presented: future reverse confirmation (0.121334ms)
✔ damaged detail is not presented: wrong reverse time (0.066833ms)
✔ damaged detail is not presented: incomplete domain list (0.072208ms)
✔ damaged detail is not presented: duplicate domains (0.050917ms)
✔ damaged detail is not presented: noncontinuous domain (0.042958ms)
✔ damaged detail is not presented: foreign domain misses witness (0.049166ms)
✔ damaged detail is not presented: false unowned witness (0.046708ms)
✔ damaged detail is not presented: missing nested record (0.055167ms)
✔ damaged detail is not presented: wrong reason (0.0635ms)
✔ only current owner revisions form the displayed ownership set (0.876625ms)
✔ internal provenance remains distinct and validates enclosing ownership (0.496959ms)
✔ parent-covered history is not labeled as an additional effective input (0.088625ms)
✔ nested provenance validates containment and strictly increasing input levels (0.182625ms)
✔ current owner labels are distinct from creation IDs and tolerate old snapshots (0.104583ms)
✔ summary mode lists every historical address, not just current versions (1.847125ms)
✔ full and missing legacy snapshots stay readable without inventing history (0.207ms)
✔ all four analysis paths explicitly request summary delivery without changing input (0.823875ms)
✔ complete lifecycle stays chronological, does not mutate input, and uses Chinese labels (1.526541ms)
✔ legacy or future history is not invented (0.126917ms)
✔ dangling, reordered, duplicated, miscounted and conflicting histories fail closed (1.253042ms)
✔ equal counts cannot hide swapped source identities (0.074209ms)
✔ intermediate event boundaries must equal actual inherited and added sources (0.068333ms)
✔ input evidence must exist at the correct level and be available at admission (0.193917ms)
✔ invalid domain sources, membership and parent context fail closed (0.174583ms)
✔ leftward growth, shifted sources and newly filled merge gaps remain valid (0.141959ms)
✔ both periods exclude future and open candles while retaining original warm-up start (1.1805ms)
✔ snapshot observation time caps cutoff; bar start before cutoff is not enough (0.1155ms)
✔ no timeframe fallback or fabricated candles when historical minute range is unavailable (0.082458ms)
✔ index and board snapshots retain NONE adjustment, mismatch is rejected (0.55025ms)
✔ missing completion evidence, timezone timestamps and unordered bars fail explicitly (0.206083ms)
✔ week/month completion boundary comes from provider annotation, not day label (0.128875ms)
✔ forming candles preserve OHLC and use dashed empty outlines (0.425ms)
✔ forming volume and signed MACD columns preserve values and direction (0.092875ms)
✔ late messages, close and errors from an old socket cannot affect replacement (1.478625ms)
✔ invalid messages and control responses never become ticks; close reason retained (0.186125ms)
✔ matching versions are selected by case identity without mutation (2.842458ms)
✔ future snapshots, wrong rules, incomplete chains and duplicate cases are rejected (0.25675ms)
✔ labels never confuse endpoint consistency or higher-centre proof with completion (0.138375ms)
✔ v2 keeps the detached prefix and v1 remains readable (0.315041ms)
✔ v3 supports trend search while retaining the same ownership guards (0.110791ms)
✔ missing, duplicated, misattributed or silently completed prefix is rejected (0.310875ms)
✔ reincorporation is recorded explicitly instead of erasing detached history (0.128875ms)
✔ accepts bounded history and empty verified batches (3.133375ms)
✔ rejects wrong batch, future indices, broken sources and contradictory state (0.261542ms)
✔ research labels distinguish absence, release, retained and internal (0.083ms)
✔ late old responses cannot own a newer research request (0.453ms)
✔ submission fields are captured values, not mutable form references (1.954459ms)
✔ snapshot import keeps original data and normalizes optional display metadata (7.734084ms)
✔ reject invalid schema, periods, oversized arrays and impossible candle prices (0.5935ms)
✔ window is exchange local and bounded by the snapshot cutoff (0.992083ms)
✔ missing numbers and candidate status are never promoted (0.110792ms)
✔ amber projection resolves daily and minute labels, ignores open candle (0.2715ms)
✔ audit description translates permissions and never renders arbitrary detail fields (1.657417ms)
✔ audit time is explicitly Shanghai time and invalid data remains readable (32.6305ms)
✔ audit API preserves bounded pagination/filter state and authenticated credentials (15.713709ms)
✔ new standard evidence explains price, old blocker and independent special lifecycle (1.165083ms)
✔ new gates include counts, boundary and dates without undefined placeholder (0.247708ms)
✔ legacy comparisons retain old detected confirmed and invalidated dates (0.157833ms)
✔ structure dates remove midnight noise without changing intraday precision (0.464875ms)
✔ centre evidence distinguishes fixed core, outer range and candidate expansion (0.870792ms)
✔ segment evidence includes source prices and reverse proof with one-based labels (0.549875ms)
✔ missing legacy evidence does not invent confirmation (0.111416ms)
✔ special inclusion explains boundary exception without labelling it an ordinary fractal (0.069625ms)
✔ centre relation history distinguishes current candidate from original separation (0.463791ms)
✔ confirmation replay translates raw indices without date matching (0.092792ms)
✔ unknown, invalid or out-of-snapshot confirmations have no replay target (0.089125ms)
✔ connection badge validates shared time, price and alternating direction (0.120583ms)
✔ reverse preview uses observed extreme, not last close or a future target (1.079542ms)
✔ mirrored lows produce an upward reference (0.118417ms)
✔ no invented reference for missing, ambiguous, extending, or invalid inputs (0.120042ms)
✔ replay prefix cannot use a later extreme; ties retain first occurrence (0.109875ms)
✔ ongoing consolidation differs by color, line pattern, and fill (0.148959ms)
✔ cancelling is not terminal and elapsed values remain readable (0.606791ms)
✔ runBacktestWithPolling waits through cancelling and returns cancelled (23.163708ms)
✔ runBacktestWithPolling waits through cancelling and returns timed_out (1.997459ms)
✔ runSignalScanWithPolling waits through cancelling and returns cancelled (2.217125ms)
✔ runSignalScanWithPolling waits through cancelling and returns timed_out (1.686083ms)
✔ cancel API uses POST, and partial cancelled scan results are never accepted (0.522875ms)
✔ persistent recovery and version mismatch are distinct from completion (0.6675ms)
✔ terminal task deletion handles empty 204 and encodes identity (0.146291ms)
✔ checkpoint presence is not confused with verified reuse or task completion (0.382209ms)
✔ cached completed submission is retrieved rather than shown as running (0.327792ms)
✔ network failures are localized across WebKit, Chromium and Firefox (0.192375ms)
✔ exact current revision accepts only its own evidence without mutation (1.025209ms)
✔ old partition, stale version, future evidence and false completion are rejected (0.272583ms)
✔ historical audit cannot import a later opposite segment (0.082333ms)
✔ empty partitions and higher-proof priority retain explicit blockers (0.067708ms)
✔ new blockers use Chinese labels without calling prerequisites completion (0.13225ms)
✔ missing comparison interval is explained in Chinese without inventing a date (0.636917ms)
✔ special diagnostics identify each A indicator witness rather than the price witness (0.166541ms)
✔ nonstandard DEA axis gate remains explicit without an improvement requirement (0.135541ms)
✔ DEA tolerance discloses research threshold, precise deviation and near-zero fallback (0.675208ms)
✔ wave evidence separates effective A from original wave and local pivots (0.352958ms)
✔ rounded equal line extrema disclose the precise failed values and witness times (0.143ms)
✔ comparisons are explicitly research only and preserve B/C axis checks (0.110375ms)
✔ unformed candidate shows Chinese gates, two-decimal values and rejection dates (0.118167ms)
✔ new nonstandard audit explicitly uses full A and first-formed reverse evidence explains gaps (0.109209ms)
ℹ tests 242
ℹ suites 0
ℹ pass 242
ℹ fail 0
ℹ cancelled 0
ℹ skipped 0
ℹ todo 0
ℹ duration_ms 927.824833
→ 打包中…
→ 运行测试…
京东方评级: D 分数: 34.3
维度明细: 卡玛比率=22.7, 最大回撤=27.5, 胜率=33.5, 利润因子=34.1, 夏普比率=41.5, 波动率=50.1
否决: 利润因子 1.11 接近 1，仅勉强盈亏平衡
长线优质策略评级: B 分数: 64.5
维度权重: 卡玛比率=28%, 最大回撤=26%, 胜率=0%, 利润因子=0%, 夏普比率=23%, 波动率=23%
优质案例评级: A 分数: 83.9
寻优点评级: A 74
组合重算指标: { '年化': '20.83%', '回撤': '0.80%', '夏普': '5.27', '卡玛': '26.03' }
稳定上涨组合评级: S 91.8
波动组合重算: { '回撤': '44.15%', '夏普': '-2.64', '持续': 60 }
波动组合评级: D 18.5
✔ 新版组合评级使用后端采样，不按图表柱数重新日线年化 (1.184375ms)
✔ 必要风险指标缺失不能展示为零风险或正常评级 (0.238458ms)
✔ 京东方回测必须评为 D 档（用户核心诉求验证点） (0.58ms)
✔ 京东方评分应在 30-43 区间（C 与 D 的边界） (0.115375ms)
✔ 低利润因子触发系统亏损否决 (0.166208ms)
✔ 样本不足（< 10 笔交易）降权但不否决整个评级 (0.188667ms)
✔ 用户实测场景：6年6笔交易 + 高夏普 → 应得 A/B（核心回归测试） (0.166417ms)
✔ 深回撤 > 60% 触发直接 D 否决 (0.085875ms)
✔ 优质回测应得 A 或 S 档 (0.108709ms)
✔ 高回撤但收益高 → 最高 B（一票否决 cap） (0.118625ms)
✔ 插值函数：边界值取端点分数 (0.05775ms)
✔ 插值函数：中间值线性插值 (0.052958ms)
✔ 寻优评级：4 维度降级版 (0.08075ms)
✔ 寻优评级：网格点交易太少 → 降权但评级照常 (0.051833ms)
✔ 组合评级：稳定上涨净值应得 A 或 S (2.017833ms)
✔ 组合评级：高波动深回撤净值 → 低档 (0.456583ms)
✔ combinedMetrics：单点净值返回全 0（兜底） (0.112709ms)
ℹ tests 17
ℹ suites 0
ℹ pass 17
ℹ fail 0
ℹ cancelled 0
ℹ skipped 0
ℹ todo 0
ℹ duration_ms 62.311042
