
> web-ui@0.0.0 test
> node scripts/run-tests.mjs

✔ trade lookup keeps the exact minute across separators, precision and days (0.7065ms)
✔ date-only values cannot choose the midnight bar of an ambiguous day (0.346083ms)
✔ daily and duplicate exact timestamps keep first positional matches (0.387708ms)
✔ nanoseconds and timezone text are not truncated into a false match (0.352458ms)
✔ date labels preserve useful precision without local timezone conversion (0.277833ms)
✔ higher sources resolve actual records and separate original from current review time (1.110542ms)
✔ base sources and foreign witness rejection have distinct Chinese descriptions (0.100625ms)
✔ inconsistent candidate has no replay evidence: unknown reason (0.079666ms)
✔ inconsistent candidate has no replay evidence: prototype key (0.061334ms)
✔ inconsistent candidate has no replay evidence: future version (0.055041ms)
✔ inconsistent candidate has no replay evidence: future completion (0.04575ms)
✔ inconsistent candidate has no replay evidence: missing time (0.045167ms)
✔ inconsistent candidate has no replay evidence: empty source (2.220583ms)
✔ inconsistent candidate has no replay evidence: duplicate source (0.1195ms)
✔ inconsistent candidate has no replay evidence: unknown source (0.626875ms)
✔ inconsistent candidate has no replay evidence: mixed levels (0.142459ms)
✔ inconsistent candidate has no replay evidence: future child (0.065667ms)
✔ inconsistent candidate has no replay evidence: wrong child level (0.170042ms)
✔ inconsistent candidate has no replay evidence: duplicate record (0.062666ms)
✔ inconsistent candidate has no replay evidence: empty record range (0.44175ms)
✔ inconsistent candidate has no replay evidence: gap (0.386708ms)
✔ inconsistent candidate has no replay evidence: wrong parent range (0.160208ms)
✔ inconsistent candidate has no replay evidence: reversed sources (0.182ms)
✔ inconsistent candidate has no replay evidence: unsafe base number (0.230042ms)
✔ 80 percent transparency is 20 percent alpha, for both candle directions (0.813708ms)
✔ transparency stays finite, integer, and bounded (0.12575ms)
✔ body is symmetric around the unchanged wick across widths and fractional positions (4.994667ms)
✔ horizontal candles preserve every price coordinate (0.113833ms)
✔ missing or non-finite candle layouts are left untouched (0.130833ms)
✔ native ECharts layout remains centred after resize, zoom and data replacement (70.26025ms)
✔ zooming out of large-data line mode restores centred candle bodies (9.00675ms)
✔ structure widths retain existing defaults and hover appearance (1.535416ms)
✔ manual values stay finite, bounded, and at two decimal places (0.153792ms)
✔ raw index overrides rounded dates, including zero (1.513584ms)
✔ legacy intraday dates never fall back to the first bar of the day (0.248875ms)
✔ duplicate formatted times fail safely without a raw index (0.083167ms)
✔ padding keeps the 23px marker plus radius inside the price pane (0.142875ms)
✔ flat, zero and negative ranges get finite padding; invalid extents do not (0.099833ms)
✔ single-bar time link is a thin line limited to each actual plot (1.346208ms)
✔ multi-bar time link has no border and clips to plot, never clamps offscreen data to an edge (0.482875ms)
✔ time links map daily coverage to all minute bars, not a matching ordinal (0.472833ms)
✔ weekly and monthly end-labelled bars cover earlier constituent dates without changing data (2.578ms)
✔ nearest marker wins regardless of signal family, only co-located points share chooser (0.501375ms)
✔ immutable request cache deduplicates pending work, isolates payload keys and retries errors (1.008541ms)
✔ all six structural types keep extrema and confirmation separate with original evidence (0.575584ms)
✔ legacy records do not invent confirmation or structural sources (0.117959ms)
✔ M1 keeps independent MACD source and original direction, never a structural type (0.302958ms)
✔ all chart layers override independent animation and progressive rendering (0.814125ms)
✔ rejects invalid saved zooms (0.781792ms)
✔ same-snapshot redraw keeps current manually chosen view (0.309333ms)
✔ focus redraw keeps manual zoom; clearing restores pre-focus view (0.433083ms)
✔ switching focus preserves the original return view (0.154917ms)
✔ new snapshot resets saved focus view and never revives old zoom (0.088459ms)
✔ default inactive; moving does not show cards and leaving does not deactivate (1.480084ms)
✔ object previews can read date-card activation without activating it (0.168208ms)
✔ click selects a point; outside click closes; inside click is not dismissed (0.129167ms)
✔ activated cards follow movement until outside dismissal, then require another click (0.117125ms)
✔ zoom clears stale coordinates but preserves activation (0.077541ms)
✔ data reset and Escape deactivate; teardown removes all handlers (0.100583ms)
✔ directed centre chain is candidate evidence, not completion (0.905417ms)
✔ touching, opposing, future, overlapping or malformed chains fail closed (0.257042ms)
✔ single-centre and legacy components remain readable (0.066667ms)
✔ inside, border, reversed y and overlapping rectangles resolve newest first (1.241375ms)
✔ invalid or missing render coordinates cannot create hits (0.100167ms)
✔ popup stays within narrow viewport and near-edge right click (0.090542ms)
✔ roles are Chinese and unknown roles never claim completion (0.8665ms)
✔ source ranges keep one-based indices without disguising gaps (0.136083ms)
✔ coverage checks counts, repeats and missing IDs (0.2175ms)
✔ missing, empty and rejected suffix are explicit (0.089583ms)
✔ invalid counts and empty blocks cannot pass the coverage audit (0.084167ms)
✔ uses raw indices, allows shared endpoints and bounds zoom padding (0.887959ms)
✔ does not invent a B interval or infer indices from formatted dates (0.087209ms)
✔ rejects partial, reversed, overlapping and out-of-snapshot evidence (0.125208ms)
✔ allows inspection of historical failed evidence without reviving it (0.115167ms)
✔ local proof draws frozen exact endpoints only after its actual confirmation (0.17025ms)
✔ dual-line divergence uses two exact raw indices, never artificial ABC ranges (0.09ms)
✔ dual-line focus rejects missing, duplicate, reversed and out-of-range points (0.087917ms)
✔ special wave focus uses AB and its extreme without inventing C (0.094583ms)
✔ direction, family and lifecycle have independent marker styles (1.575458ms)
✔ no-C dual-line remains a circle and fills only on first reverse-pen confirmation (0.982084ms)
✔ M1 is restricted to confirmed waves with a later actual confirmation (2.20075ms)
✔ four families retain independent records and nonstandard uses a triangle (0.224375ms)
✔ October 4 marker matrix uses shape for family and colour only for direction (0.132459ms)
✔ special AB evidence separates A line extrema from both price anchors and legacy pivots (0.13225ms)
✔ history is opt-in, inactive stays grey hollow, never creates M1 (0.11175ms)
✔ every historical shape uses a continuous hollow contour, including on hover (0.117917ms)
✔ new nonstandard evidence relaxes prices only and records each subtype (0.10875ms)
✔ new dual rule cannot fill without recorded later local confirmation (0.104166ms)
✔ historical engineering match retains original timing without claiming regrouping completion (0.943125ms)
✔ future, stale, mismatched or incomplete evidence fails closed (0.300458ms)
✔ older snapshots and unmatched parts keep existing natural audit available (0.061417ms)
✔ engineering provenance uses the same one-based numbering as other inspectors (2.956708ms)
✔ mixed recursion distinguishes consolidation and trend from the old trend view (0.166875ms)
✔ unknown or reversed provenance is not presented as a completed trend (0.071542ms)
✔ indicator and price values use two decimals without inventing missing evidence (0.074292ms)
✔ recursive centre relations never call extension candidates completed types (0.079542ms)
✔ admissions distinguish unit confirmation from later failed-return admission (0.054666ms)
✔ display fields retain all text including dates, provenance, and secondary colons (0.747541ms)
✔ narrative, missing evidence, and timestamp headings remain whole (0.093125ms)
✔ all candidate states distinguish eligibility from completed natural types (0.473208ms)
✔ opposite geometry identifies reused next-part evidence, including nonzero source IDs (0.535125ms)
✔ external opposite geometry is not added to candidate membership (0.093042ms)
✔ missing, stale, misattributed or future opposite geometry is not displayed as matched (0.129125ms)
✔ preferred endpoints are never called completed types; conflicts are retained (0.07175ms)
✔ opposite base turn is not same-level completion (0.08825ms)
✔ price formatting preserves zero and boundary contact, guards non-finite values (0.100916ms)
✔ candidate audit joins by identity, not response order (0.076708ms)
✔ part audit must match ordinal AND exact raw source IDs, including shifted IDs (0.126ms)
✔ locates the three raw ranges without relabelling them as MACD or confirmed centres (1.338042ms)
✔ candidate must already be observable at the CURRENT replay prefix (0.262667ms)
✔ no incomplete, waiting or unsupported candidate is given a fabricated range (0.107459ms)
✔ raw bar boundaries must be contiguous and inside the visible window (0.140875ms)
✔ source partitions must cover every original segment once, preserving nonzero IDs (0.160417ms)
✔ conflicting geometric fallback remains viewable for manual audit (0.077084ms)
✔ clearing a regrouping focus restores original zoom; a new replay snapshot does not (0.124875ms)
✔ membership labels distinguish source confirmation from later admission (1.63975ms)
✔ admission witness distinguishes confirmation dependency from geometric membership (0.115625ms)
✔ old or malformed evidence never invents an admission witness (0.074208ms)
✔ menus stay inside phone, keyboard and landscape viewports (0.62175ms)
✔ near-bottom controls open upwards without changing ordinary desktop width (0.092542ms)
✔ marker hit uses signed stacking offset for both directions, not candle position (3.21125ms)
✔ symbol size and invalid render positions are handled safely (0.1135ms)
✔ aborted late response cannot publish metadata even if transport ignores abort (20.045708ms)
✔ missing provenance or silently changed adjustment never reaches research (0.162791ms)
✔ reported gaps do not falsely label suspension or prevent inspecting valid candles (0.105792ms)
✔ history fetch consumes one verified range and publishes complete metadata only after validation (0.564875ms)
✔ unclosed response never updates provenance or reaches the backtest (0.233292ms)
✔ null, true zero, infinities and real 999 are distinct after JSON roundtrip (0.437458ms)
✔ single, saved and comparison results retain authoritative metric basis (0.441458ms)
✔ whole proof validated without mutation, and cross-role ownership remains visible (5.250583ms)
✔ stale, future, duplicated, incomplete, falsely completed and mismatched sources rejected (2.545709ms)
✔ base runs cannot masquerade as proofs or own multiple provisional regions (0.090958ms)
✔ blocked covers show full conflicts, never fabricated flattened blocks (0.096041ms)
✔ labels retain provisional scope (0.067042ms)
✔ all seven MA presets are available but only MA5 and MA10 start visible (0.817959ms)
✔ each chart session gets independent editable settings without changing presets (0.07775ms)
✔ MA presets retain the requested yellow, white, purple, green, cyan, orange, red palette (0.074084ms)
✔ legend retains every MA choice and explicit hidden states override stale chart selection (0.903209ms)
✔ cross-boundary details resolve actual input and nested ownership records (2.712666ms)
✔ unowned reverse evidence stays explicitly unowned for boundary rejection (0.165208ms)
✔ foreign witness can be shown for an otherwise single-owner candidate (0.108125ms)
✔ legacy candidates do not invent missing conflict details (0.114875ms)
✔ damaged detail is not presented: mismatched candidate sources (0.087ms)
✔ damaged detail is not presented: wrong layer (0.062083ms)
✔ damaged detail is not presented: unknown reverse input (1.162125ms)
✔ damaged detail is not presented: wrong reverse range (0.095959ms)
✔ damaged detail is not presented: reverse overlaps prices (0.078333ms)
✔ damaged detail is not presented: future reverse confirmation (0.114834ms)
✔ damaged detail is not presented: wrong reverse time (0.066625ms)
✔ damaged detail is not presented: incomplete domain list (0.068083ms)
✔ damaged detail is not presented: duplicate domains (0.049542ms)
✔ damaged detail is not presented: noncontinuous domain (0.043875ms)
✔ damaged detail is not presented: foreign domain misses witness (0.047625ms)
✔ damaged detail is not presented: false unowned witness (8.333292ms)
✔ damaged detail is not presented: missing nested record (0.639875ms)
✔ damaged detail is not presented: wrong reason (0.092958ms)
✔ only current owner revisions form the displayed ownership set (1.302625ms)
✔ internal provenance remains distinct and validates enclosing ownership (0.369167ms)
✔ parent-covered history is not labeled as an additional effective input (0.074792ms)
✔ nested provenance validates containment and strictly increasing input levels (0.186ms)
✔ current owner labels are distinct from creation IDs and tolerate old snapshots (0.095542ms)
✔ summary mode lists every historical address, not just current versions (0.792667ms)
✔ full and missing legacy snapshots stay readable without inventing history (0.08075ms)
✔ all four analysis paths explicitly request summary delivery without changing input (0.343916ms)
✔ complete lifecycle stays chronological, does not mutate input, and uses Chinese labels (1.286875ms)
✔ legacy or future history is not invented (0.119708ms)
✔ dangling, reordered, duplicated, miscounted and conflicting histories fail closed (2.509417ms)
✔ equal counts cannot hide swapped source identities (0.087541ms)
✔ intermediate event boundaries must equal actual inherited and added sources (0.068333ms)
✔ input evidence must exist at the correct level and be available at admission (0.227458ms)
✔ invalid domain sources, membership and parent context fail closed (0.170917ms)
✔ leftward growth, shifted sources and newly filled merge gaps remain valid (0.145542ms)
✔ both periods exclude future and open candles while retaining original warm-up start (1.751ms)
✔ snapshot observation time caps cutoff; bar start before cutoff is not enough (0.206458ms)
✔ no timeframe fallback or fabricated candles when historical minute range is unavailable (0.563583ms)
✔ index and board snapshots retain NONE adjustment, mismatch is rejected (0.712542ms)
✔ missing completion evidence, timezone timestamps and unordered bars fail explicitly (0.207334ms)
✔ week/month completion boundary comes from provider annotation, not day label (0.12725ms)
✔ forming candles preserve OHLC and use dashed empty outlines (2.248459ms)
✔ forming volume and signed MACD columns preserve values and direction (0.141167ms)
✔ late messages, close and errors from an old socket cannot affect replacement (0.802375ms)
✔ invalid messages and control responses never become ticks; close reason retained (0.412917ms)
✔ matching versions are selected by case identity without mutation (0.855917ms)
✔ future snapshots, wrong rules, incomplete chains and duplicate cases are rejected (0.242792ms)
✔ labels never confuse endpoint consistency or higher-centre proof with completion (0.1265ms)
✔ v2 keeps the detached prefix and v1 remains readable (0.289791ms)
✔ v3 supports trend search while retaining the same ownership guards (0.105541ms)
✔ missing, duplicated, misattributed or silently completed prefix is rejected (0.293208ms)
✔ reincorporation is recorded explicitly instead of erasing detached history (2.124875ms)
✔ accepts bounded history and empty verified batches (1.45175ms)
✔ rejects wrong batch, future indices, broken sources and contradictory state (0.763541ms)
✔ research labels distinguish absence, release, retained and internal (0.35675ms)
✔ late old responses cannot own a newer research request (0.455584ms)
✔ submission fields are captured values, not mutable form references (0.514625ms)
✔ snapshot import keeps original data and normalizes optional display metadata (0.902958ms)
✔ reject invalid schema, periods, oversized arrays and impossible candle prices (0.26525ms)
✔ window is exchange local and bounded by the snapshot cutoff (0.569375ms)
✔ missing numbers and candidate status are never promoted (0.09375ms)
✔ amber projection resolves daily and minute labels, ignores open candle (0.286834ms)
✔ audit description translates permissions and never renders arbitrary detail fields (1.135833ms)
✔ audit time is explicitly Shanghai time and invalid data remains readable (20.63925ms)
✔ audit API preserves bounded pagination/filter state and authenticated credentials (25.944834ms)
✔ new standard evidence explains price, old blocker and independent special lifecycle (1.058833ms)
✔ new gates include counts, boundary and dates without undefined placeholder (0.208459ms)
✔ legacy comparisons retain old detected confirmed and invalidated dates (0.142292ms)
✔ structure dates remove midnight noise without changing intraday precision (1.147625ms)
✔ centre evidence distinguishes fixed core, outer range and candidate expansion (1.15075ms)
✔ segment evidence includes source prices and reverse proof with one-based labels (0.180542ms)
✔ missing legacy evidence does not invent confirmation (0.102125ms)
✔ special inclusion explains boundary exception without labelling it an ordinary fractal (0.063917ms)
✔ centre relation history distinguishes current candidate from original separation (0.095375ms)
✔ confirmation replay translates raw indices without date matching (0.067125ms)
✔ unknown, invalid or out-of-snapshot confirmations have no replay target (0.071042ms)
✔ connection badge validates shared time, price and alternating direction (0.096834ms)
✔ reverse preview uses observed extreme, not last close or a future target (0.8685ms)
✔ mirrored lows produce an upward reference (0.111833ms)
✔ no invented reference for missing, ambiguous, extending, or invalid inputs (0.101209ms)
✔ replay prefix cannot use a later extreme; ties retain first occurrence (0.095083ms)
✔ ongoing consolidation differs by color, line pattern, and fill (0.101084ms)
✔ cancelling is not terminal and elapsed values remain readable (1.539208ms)
✔ runBacktestWithPolling waits through cancelling and returns cancelled (16.811958ms)
✔ runBacktestWithPolling waits through cancelling and returns timed_out (0.670958ms)
✔ runSignalScanWithPolling waits through cancelling and returns cancelled (2.010709ms)
✔ runSignalScanWithPolling waits through cancelling and returns timed_out (1.753333ms)
✔ cancel API uses POST, and partial cancelled scan results are never accepted (0.4705ms)
✔ persistent recovery and version mismatch are distinct from completion (0.297292ms)
✔ terminal task deletion handles empty 204 and encodes identity (0.133625ms)
✔ checkpoint presence is not confused with verified reuse or task completion (0.325667ms)
✔ cached completed submission is retrieved rather than shown as running (0.478042ms)
✔ network failures are localized across WebKit, Chromium and Firefox (0.205625ms)
✔ exact current revision accepts only its own evidence without mutation (1.296416ms)
✔ old partition, stale version, future evidence and false completion are rejected (0.38125ms)
✔ historical audit cannot import a later opposite segment (0.090209ms)
✔ empty partitions and higher-proof priority retain explicit blockers (0.072042ms)
✔ new blockers use Chinese labels without calling prerequisites completion (0.142916ms)
✔ missing comparison interval is explained in Chinese without inventing a date (0.590667ms)
✔ special diagnostics identify each A indicator witness rather than the price witness (0.156083ms)
✔ nonstandard DEA axis gate remains explicit without an improvement requirement (0.130834ms)
✔ DEA tolerance discloses research threshold, precise deviation and near-zero fallback (0.171584ms)
✔ wave evidence separates effective A from original wave and local pivots (0.676542ms)
✔ rounded equal line extrema disclose the precise failed values and witness times (0.112291ms)
✔ comparisons are explicitly research only and preserve B/C axis checks (0.096333ms)
✔ unformed candidate shows Chinese gates, two-decimal values and rejection dates (0.099917ms)
✔ new nonstandard audit explicitly uses full A and first-formed reverse evidence explains gaps (0.106125ms)
ℹ tests 244
ℹ suites 0
ℹ pass 244
ℹ fail 0
ℹ cancelled 0
ℹ skipped 0
ℹ todo 0
ℹ duration_ms 949.775083
→ 打包中…
→ 运行测试…
京东方评级: D 分数: 34.3
维度明细: 卡玛比率=22.7, 最大回撤=27.5, 胜率=33.5, 利润因子=34.1, 夏普比率=41.5, 波动率=50.1
否决: 利润因子 1.11 接近 1，仅勉强盈亏平衡
长线优质策略评级: B 分数: 64.5
维度权重: 卡玛比率=28%, 最大回撤=26%, 胜率=0%, 利润因子=0%, 夏普比率=23%, 波动率=23%
优质案例评级: A 分数: 83.9
寻优点评级: A 74
组合重算指标: { '年化': '20.83%', '回撤': '0.80%', '夏普': '5.27', '卡玛': '26.03' }
稳定上涨组合评级: S 91.8
波动组合重算: { '回撤': '44.15%', '夏普': '-2.64', '持续': 60 }
波动组合评级: D 18.5
✔ 新版组合评级使用后端采样，不按图表柱数重新日线年化 (1.5225ms)
✔ 必要风险指标缺失不能展示为零风险或正常评级 (0.227042ms)
✔ 无穷比率不等于满分，真实零利润因子仍按亏损判断 (0.124084ms)
✔ 京东方回测必须评为 D 档（用户核心诉求验证点） (0.486125ms)
✔ 京东方评分应在 30-43 区间（C 与 D 的边界） (0.097125ms)
✔ 低利润因子触发系统亏损否决 (0.068708ms)
✔ 样本不足（< 10 笔交易）降权但不否决整个评级 (0.128125ms)
✔ 用户实测场景：6年6笔交易 + 高夏普 → 应得 A/B（核心回归测试） (0.130417ms)
✔ 深回撤 > 60% 触发直接 D 否决 (0.12375ms)
✔ 优质回测应得 A 或 S 档 (0.18025ms)
✔ 高回撤但收益高 → 最高 B（一票否决 cap） (0.118792ms)
✔ 插值函数：边界值取端点分数 (0.048333ms)
✔ 插值函数：中间值线性插值 (0.057708ms)
✔ 寻优评级：4 维度降级版 (0.127958ms)
✔ 寻优评级：网格点交易太少 → 降权但评级照常 (0.059125ms)
✔ 组合评级：稳定上涨净值应得 A 或 S (1.74125ms)
✔ 组合评级：高波动深回撤净值 → 低档 (0.599667ms)
✔ combinedMetrics：单点净值返回全 0（兜底） (0.062875ms)
✔ 历史组合仅保留原值，不从曲线推断日线或重算评级 (0.534292ms)
✔ v1-v4、未知版本及不完整依据不伪装为新版结果 (0.769334ms)
✔ 新版结果使用已记录指标，真实 999 和零不被当作历史哨兵 (0.149125ms)
✔ 指标状态缺失或与数值冲突不能产出评级，包括被降权维度 (0.13075ms)
✔ 寻优逐行核验新版采样与候选状态，输入范围不替代候选证据 (0.304875ms)
✔ 完整快照保留精度、真实 0/999、全部指标及版本且不关联可变输入 (0.25625ms)
✔ 策略保存接受真实 Vue 响应式结果，不因 Proxy 无法 structuredClone 而失败 (1.316209ms)
✔ 对比展示原值并指出版本、周期、范围与利率差异，不自动重算 (0.254917ms)
ℹ tests 26
ℹ suites 0
ℹ pass 26
ℹ fail 0
ℹ cancelled 0
ℹ skipped 0
ℹ todo 0
ℹ duration_ms 107.50225
