
> web-ui@0.0.0 test
> node scripts/run-tests.mjs

✔ trade lookup keeps the exact minute across separators, precision and days (1.246417ms)
✔ date-only values cannot choose the midnight bar of an ambiguous day (0.344959ms)
✔ daily and duplicate exact timestamps keep first positional matches (0.282292ms)
✔ nanoseconds and timezone text are not truncated into a false match (0.173792ms)
✔ date labels preserve useful precision without local timezone conversion (0.209875ms)
✔ higher sources resolve actual records and separate original from current review time (1.160917ms)
✔ base sources and foreign witness rejection have distinct Chinese descriptions (0.099083ms)
✔ inconsistent candidate has no replay evidence: unknown reason (0.085125ms)
✔ inconsistent candidate has no replay evidence: prototype key (0.064083ms)
✔ inconsistent candidate has no replay evidence: future version (0.060417ms)
✔ inconsistent candidate has no replay evidence: future completion (0.049708ms)
✔ inconsistent candidate has no replay evidence: missing time (0.051333ms)
✔ inconsistent candidate has no replay evidence: empty source (0.24375ms)
✔ inconsistent candidate has no replay evidence: duplicate source (0.202875ms)
✔ inconsistent candidate has no replay evidence: unknown source (0.300209ms)
✔ inconsistent candidate has no replay evidence: mixed levels (0.086ms)
✔ inconsistent candidate has no replay evidence: future child (0.066458ms)
✔ inconsistent candidate has no replay evidence: wrong child level (0.054625ms)
✔ inconsistent candidate has no replay evidence: duplicate record (0.047167ms)
✔ inconsistent candidate has no replay evidence: empty record range (0.050292ms)
✔ inconsistent candidate has no replay evidence: gap (0.04975ms)
✔ inconsistent candidate has no replay evidence: wrong parent range (0.042208ms)
✔ inconsistent candidate has no replay evidence: reversed sources (0.042625ms)
✔ inconsistent candidate has no replay evidence: unsafe base number (0.048375ms)
✔ 80 percent transparency is 20 percent alpha, for both candle directions (0.523959ms)
✔ transparency stays finite, integer, and bounded (0.198041ms)
✔ body is symmetric around the unchanged wick across widths and fractional positions (1.980084ms)
✔ horizontal candles preserve every price coordinate (0.098084ms)
✔ missing or non-finite candle layouts are left untouched (0.09425ms)
✔ native ECharts layout remains centred after resize, zoom and data replacement (344.466291ms)
✔ zooming out of large-data line mode restores centred candle bodies (29.573208ms)
✔ structure widths retain existing defaults and hover appearance (0.726875ms)
✔ manual values stay finite, bounded, and at two decimal places (0.147167ms)
✔ raw index overrides rounded dates, including zero (0.485458ms)
✔ legacy intraday dates never fall back to the first bar of the day (0.102167ms)
✔ duplicate formatted times fail safely without a raw index (0.06775ms)
✔ padding keeps the 23px marker plus radius inside the price pane (1.569708ms)
✔ flat, zero and negative ranges get finite padding; invalid extents do not (0.149375ms)
✔ single-bar time link is a thin line limited to each actual plot (1.706875ms)
✔ multi-bar time link has no border and clips to plot, never clamps offscreen data to an edge (0.142875ms)
✔ time links map daily coverage to all minute bars, not a matching ordinal (0.178042ms)
✔ weekly and monthly end-labelled bars cover earlier constituent dates without changing data (1.497583ms)
✔ nearest marker wins regardless of signal family, only co-located points share chooser (0.55525ms)
✔ immutable request cache deduplicates pending work, isolates payload keys and retries errors (0.707834ms)
✔ all six structural types keep extrema and confirmation separate with original evidence (0.624584ms)
✔ legacy records do not invent confirmation or structural sources (0.12125ms)
✔ M1 keeps independent MACD source and original direction, never a structural type (0.428542ms)
✔ all chart layers override independent animation and progressive rendering (2.040458ms)
✔ rejects invalid saved zooms (0.779667ms)
✔ same-snapshot redraw keeps current manually chosen view (0.115833ms)
✔ focus redraw keeps manual zoom; clearing restores pre-focus view (0.07275ms)
✔ switching focus preserves the original return view (0.064292ms)
✔ new snapshot resets saved focus view and never revives old zoom (0.068583ms)
✔ default inactive; moving does not show cards and leaving does not deactivate (0.825208ms)
✔ object previews can read date-card activation without activating it (0.146208ms)
✔ click selects a point; outside click closes; inside click is not dismissed (0.105125ms)
✔ activated cards follow movement until outside dismissal, then require another click (0.1135ms)
✔ zoom clears stale coordinates but preserves activation (0.075209ms)
✔ data reset and Escape deactivate; teardown removes all handlers (0.09975ms)
✔ archive requests bind current owner and bypass browser cache (69.712459ms)
✔ cloud directory validates all rows, quotas and identities without dropping broken entries (2.172209ms)
✔ original detail requires an object payload but action receipts may omit it (2.979875ms)
✔ account change discards delayed success and delayed errors (2.614125ms)
✔ unauthenticated archive requests do not reach server; structured conflicts remain actionable (0.312083ms)
✔ upload retries retain immutable captured body and all numerical precision (0.200875ms)
✔ directed centre chain is candidate evidence, not completion (6.939583ms)
✔ touching, opposing, future, overlapping or malformed chains fail closed (0.284959ms)
✔ single-centre and legacy components remain readable (0.076ms)
✔ inside, border, reversed y and overlapping rectangles resolve newest first (1.13175ms)
✔ invalid or missing render coordinates cannot create hits (0.083625ms)
✔ popup stays within narrow viewport and near-edge right click (0.087417ms)
✔ roles are Chinese and unknown roles never claim completion (0.409625ms)
✔ source ranges keep one-based indices without disguising gaps (0.095208ms)
✔ coverage checks counts, repeats and missing IDs (0.195166ms)
✔ missing, empty and rejected suffix are explicit (0.083292ms)
✔ invalid counts and empty blocks cannot pass the coverage audit (0.072791ms)
✔ uses raw indices, allows shared endpoints and bounds zoom padding (2.631791ms)
✔ does not invent a B interval or infer indices from formatted dates (0.241292ms)
✔ rejects partial, reversed, overlapping and out-of-snapshot evidence (0.285208ms)
✔ allows inspection of historical failed evidence without reviving it (0.243125ms)
✔ local proof draws frozen exact endpoints only after its actual confirmation (0.383084ms)
✔ dual-line divergence uses two exact raw indices, never artificial ABC ranges (0.206042ms)
✔ dual-line focus rejects missing, duplicate, reversed and out-of-range points (0.193834ms)
✔ special wave focus uses AB and its extreme without inventing C (0.226334ms)
✔ direction, family and lifecycle have independent marker styles (1.395625ms)
✔ no-C dual-line remains a circle and fills only on first reverse-pen confirmation (0.944042ms)
✔ M1 is restricted to confirmed waves with a later actual confirmation (1.098583ms)
✔ four families retain independent records and nonstandard uses a triangle (0.499166ms)
✔ October 4 marker matrix uses shape for family and colour only for direction (0.156166ms)
✔ special AB evidence separates A line extrema from both price anchors and legacy pivots (0.15075ms)
✔ history is opt-in, inactive stays grey hollow, never creates M1 (0.13425ms)
✔ every historical shape uses a continuous hollow contour, including on hover (0.146083ms)
✔ new nonstandard evidence relaxes prices only and records each subtype (0.118792ms)
✔ new dual rule cannot fill without recorded later local confirmation (0.10425ms)
✔ historical engineering match retains original timing without claiming regrouping completion (2.3225ms)
✔ future, stale, mismatched or incomplete evidence fails closed (0.763292ms)
✔ older snapshots and unmatched parts keep existing natural audit available (0.1425ms)
✔ engineering provenance uses the same one-based numbering as other inspectors (2.272208ms)
✔ mixed recursion distinguishes consolidation and trend from the old trend view (0.512667ms)
✔ unknown or reversed provenance is not presented as a completed trend (0.967291ms)
✔ indicator and price values use two decimals without inventing missing evidence (0.097333ms)
✔ recursive centre relations never call extension candidates completed types (0.083083ms)
✔ admissions distinguish unit confirmation from later failed-return admission (0.063709ms)
✔ display fields retain all text including dates, provenance, and secondary colons (0.739ms)
✔ narrative, missing evidence, and timestamp headings remain whole (0.097333ms)
✔ selects the exact source without replacing missing comparison periods with the primary (0.418792ms)
✔ prefix audit preserves original warmup snapshot and its own instrument and period (0.492334ms)
✔ rejects invalid positions, missing identity and explicitly unclosed prefix data (0.196833ms)
✔ all candidate states distinguish eligibility from completed natural types (0.649166ms)
✔ opposite geometry identifies reused next-part evidence, including nonzero source IDs (0.535375ms)
✔ external opposite geometry is not added to candidate membership (0.095583ms)
✔ missing, stale, misattributed or future opposite geometry is not displayed as matched (0.135792ms)
✔ preferred endpoints are never called completed types; conflicts are retained (0.081084ms)
✔ opposite base turn is not same-level completion (0.093334ms)
✔ price formatting preserves zero and boundary contact, guards non-finite values (0.114916ms)
✔ candidate audit joins by identity, not response order (0.127833ms)
✔ part audit must match ordinal AND exact raw source IDs, including shifted IDs (0.17825ms)
✔ locates the three raw ranges without relabelling them as MACD or confirmed centres (0.966958ms)
✔ candidate must already be observable at the CURRENT replay prefix (0.17275ms)
✔ no incomplete, waiting or unsupported candidate is given a fabricated range (0.102958ms)
✔ raw bar boundaries must be contiguous and inside the visible window (0.142667ms)
✔ source partitions must cover every original segment once, preserving nonzero IDs (0.121542ms)
✔ conflicting geometric fallback remains viewable for manual audit (0.075084ms)
✔ clearing a regrouping focus restores original zoom; a new replay snapshot does not (0.119125ms)
✔ membership labels distinguish source confirmation from later admission (4.202417ms)
✔ admission witness distinguishes confirmation dependency from geometric membership (0.096416ms)
✔ old or malformed evidence never invents an admission witness (0.087958ms)
✔ menus stay inside phone, keyboard and landscape viewports (0.531833ms)
✔ near-bottom controls open upwards without changing ordinary desktop width (0.089958ms)
✔ freeze all supported indicator outputs, warmup holes, volume averages and exact numerical precision (5.520708ms)
✔ frozen playback keeps captured values despite different current prices and never queries APIs (0.619083ms)
✔ malformed or mismatched frozen values fail closed, never fall back to recomputation (0.605958ms)
✔ marker hit uses signed stacking offset for both directions, not candle position (1.095708ms)
✔ symbol size and invalid render positions are handled safely (0.230958ms)
✔ aborted late response cannot publish metadata even if transport ignores abort (14.986125ms)
✔ missing provenance or silently changed adjustment never reaches research (0.144583ms)
✔ reported gaps do not falsely label suspension or prevent inspecting valid candles (0.103541ms)
✔ history fetch consumes one verified range and publishes complete metadata only after validation (0.847167ms)
✔ unclosed response never updates provenance or reaches the backtest (0.769708ms)
✔ null, true zero, infinities and real 999 are distinct after JSON roundtrip (0.471959ms)
✔ single, saved and comparison results retain authoritative metric basis (0.448833ms)
✔ whole proof validated without mutation, and cross-role ownership remains visible (2.706917ms)
✔ stale, future, duplicated, incomplete, falsely completed and mismatched sources rejected (0.863125ms)
✔ base runs cannot masquerade as proofs or own multiple provisional regions (0.076084ms)
✔ blocked covers show full conflicts, never fabricated flattened blocks (0.348417ms)
✔ labels retain provisional scope (0.101625ms)
✔ all seven MA presets are available but only MA5 and MA10 start visible (1.474541ms)
✔ each chart session gets independent editable settings without changing presets (0.087ms)
✔ MA presets retain the requested yellow, white, purple, green, cyan, orange, red palette (0.290917ms)
✔ legend retains every MA choice and explicit hidden states override stale chart selection (0.551792ms)
✔ cross-boundary details resolve actual input and nested ownership records (5.611042ms)
✔ unowned reverse evidence stays explicitly unowned for boundary rejection (0.796834ms)
✔ foreign witness can be shown for an otherwise single-owner candidate (0.125416ms)
✔ legacy candidates do not invent missing conflict details (9.536541ms)
✔ damaged detail is not presented: mismatched candidate sources (0.116875ms)
✔ damaged detail is not presented: wrong layer (0.078834ms)
✔ damaged detail is not presented: unknown reverse input (0.859375ms)
✔ damaged detail is not presented: wrong reverse range (0.0715ms)
✔ damaged detail is not presented: reverse overlaps prices (0.067167ms)
✔ damaged detail is not presented: future reverse confirmation (0.1125ms)
✔ damaged detail is not presented: wrong reverse time (0.066667ms)
✔ damaged detail is not presented: incomplete domain list (0.066291ms)
✔ damaged detail is not presented: duplicate domains (0.047875ms)
✔ damaged detail is not presented: noncontinuous domain (0.043875ms)
✔ damaged detail is not presented: foreign domain misses witness (0.049625ms)
✔ damaged detail is not presented: false unowned witness (0.049708ms)
✔ damaged detail is not presented: missing nested record (0.051791ms)
✔ damaged detail is not presented: wrong reason (0.057125ms)
✔ only current owner revisions form the displayed ownership set (0.942417ms)
✔ internal provenance remains distinct and validates enclosing ownership (0.335292ms)
✔ parent-covered history is not labeled as an additional effective input (0.071708ms)
✔ nested provenance validates containment and strictly increasing input levels (0.162833ms)
✔ current owner labels are distinct from creation IDs and tolerate old snapshots (0.096417ms)
✔ summary mode lists every historical address, not just current versions (0.786792ms)
✔ full and missing legacy snapshots stay readable without inventing history (0.092917ms)
✔ all four analysis paths explicitly request summary delivery without changing input (0.361625ms)
✔ complete lifecycle stays chronological, does not mutate input, and uses Chinese labels (13.060458ms)
✔ legacy or future history is not invented (0.523167ms)
✔ dangling, reordered, duplicated, miscounted and conflicting histories fail closed (5.37975ms)
✔ equal counts cannot hide swapped source identities (0.132125ms)
✔ intermediate event boundaries must equal actual inherited and added sources (0.084875ms)
✔ input evidence must exist at the correct level and be available at admission (0.843125ms)
✔ invalid domain sources, membership and parent context fail closed (0.193208ms)
✔ leftward growth, shifted sources and newly filled merge gaps remain valid (0.161459ms)
✔ both periods exclude future and open candles while retaining original warm-up start (0.609375ms)
✔ snapshot observation time caps cutoff; bar start before cutoff is not enough (0.081625ms)
✔ no timeframe fallback or fabricated candles when historical minute range is unavailable (0.076166ms)
✔ index and board snapshots retain NONE adjustment, mismatch is rejected (0.2125ms)
✔ missing completion evidence, timezone timestamps and unordered bars fail explicitly (0.135375ms)
✔ week/month completion boundary comes from provider annotation, not day label (0.101541ms)
✔ matrix defaults to exactly the five requested periods in image order and six information columns (6.188792ms)
✔ does not turn current reversal observation into a confirmed opposite pen (0.277875ms)
✔ keeps true zero distinct from missing, and numerical display never overwrites original axis judgment (0.15125ms)
✔ keeps divergence family, extrema and actual confirmation separate; never drops records (28.677625ms)
✔ missing pen and divergence are bounded claims; quality limitations stay visible (0.382167ms)
✔ forming candles preserve OHLC and use dashed empty outlines (0.389583ms)
✔ forming volume and signed MACD columns preserve values and direction (0.099209ms)
✔ radar review captures row adjustment, exact minute, strategy and original cutoff (0.899625ms)
✔ invalid or legacy reviews fail explicitly without guessing data or adjustment (0.493125ms)
✔ exchange-local dates validate without browser timezone conversion (0.076875ms)
✔ review excludes future and unclosed bars, resets derived fingerprint and reports actual range without mutating source (1.098666ms)
✔ radar cache is owner scoped and malformed/legacy records never enter the UI (1.265542ms)
✔ late messages, close and errors from an old socket cannot affect replacement (0.8045ms)
✔ invalid messages and control responses never become ticks; close reason retained (0.15925ms)
✔ matching versions are selected by case identity without mutation (1.267ms)
✔ future snapshots, wrong rules, incomplete chains and duplicate cases are rejected (0.286584ms)
✔ labels never confuse endpoint consistency or higher-centre proof with completion (0.148833ms)
✔ v2 keeps the detached prefix and v1 remains readable (0.328167ms)
✔ v3 supports trend search while retaining the same ownership guards (0.113834ms)
✔ missing, duplicated, misattributed or silently completed prefix is rejected (0.313083ms)
✔ reincorporation is recorded explicitly instead of erasing detached history (0.145583ms)
✔ accepts bounded history and empty verified batches (0.529084ms)
✔ rejects wrong batch, future indices, broken sources and contradictory state (0.227459ms)
✔ research labels distinguish absence, release, retained and internal (0.079042ms)
✔ late old responses cannot own a newer research request (1.076083ms)
✔ submission fields are captured values, not mutable form references (0.479ms)
✔ snapshot import keeps original data and normalizes optional display metadata (0.967833ms)
✔ reject invalid schema, periods, oversized arrays and impossible candle prices (0.294833ms)
✔ cloud archives retain larger frozen windows and all supported distinct periods (6.265792ms)
✔ window is exchange local and bounded by the snapshot cutoff (1.322875ms)
✔ missing numbers and candidate status are never promoted (0.275459ms)
✔ amber projection resolves daily and minute labels, ignores open candle (0.583084ms)
✔ three workspaces are keyboard traversable without dropping an existing mode (1.614041ms)
✔ mobile comparison shows exactly the selected snapshot; desktop shows both (0.129625ms)
✔ inactive research never starts automatic work, valid active research does (0.094083ms)
✔ audit description translates permissions and never renders arbitrary detail fields (3.030542ms)
✔ audit time is explicitly Shanghai time and invalid data remains readable (34.682ms)
✔ audit API preserves bounded pagination/filter state and authenticated credentials (24.458041ms)
✔ distinguishes no candidate, failed current audit, and actual invalidation without promoting legacy state (6.202917ms)
✔ filters independent families and directions without merging special and local dual-line evidence (4.406292ms)
✔ searches lifecycle dates and failure reasons with all terms required, retaining original source objects (0.235ms)
✔ searches diagnostic rejection history without silently reviving historical candidates (0.427708ms)
✔ all excludes bc false, preserves input order and records, and does not infer missing direction (0.1505ms)
✔ legacy diagnostic family is standard, and empty diagnostics do not invent rejection records (0.106375ms)
✔ structural points retain their own confirmation and evidence, never deriving them from a MACD source (0.27675ms)
✔ M1 uses exact existing gates and remains a separate view of its original standard event (0.206ms)
✔ combined date query finds independent point, prompt and event records without deduplication or additive counts (0.1195ms)
✔ chart date matches structured lifecycle timestamps, not coincidental prose dates (0.246584ms)
✔ minute evidence uses exact exchange-local minute, accepting T/space and refusing missing time (0.095625ms)
✔ chart date includes diagnostic ABC and rejection coverage without inventing open or reversed intervals (0.20375ms)
✔ date scope combines with all filters for structural points and original M1 sources (0.101375ms)
✔ new standard evidence explains price, old blocker and independent special lifecycle (1.155458ms)
✔ new gates include counts, boundary and dates without undefined placeholder (0.231625ms)
✔ legacy comparisons retain old detected confirmed and invalidated dates (0.156417ms)
✔ structure dates remove midnight noise without changing intraday precision (23.413917ms)
✔ centre evidence distinguishes fixed core, outer range and candidate expansion (0.636667ms)
✔ segment evidence includes source prices and reverse proof with one-based labels (0.169ms)
✔ missing legacy evidence does not invent confirmation (0.104208ms)
✔ special inclusion explains boundary exception without labelling it an ordinary fractal (0.063667ms)
✔ centre relation history distinguishes current candidate from original separation (0.1025ms)
✔ confirmation replay translates raw indices without date matching (0.0755ms)
✔ unknown, invalid or out-of-snapshot confirmations have no replay target (0.075ms)
✔ connection badge validates shared time, price and alternating direction (0.115ms)
✔ reverse preview uses observed extreme, not last close or a future target (16.368166ms)
✔ mirrored lows produce an upward reference (0.158417ms)
✔ no invented reference for missing, ambiguous, extending, or invalid inputs (0.128333ms)
✔ replay prefix cannot use a later extreme; ties retain first occurrence (0.098958ms)
✔ ongoing consolidation differs by color, line pattern, and fill (0.121125ms)
✔ task list rejects malformed responses instead of replacing records with undefined (28.2585ms)
✔ cancelling is not terminal and elapsed values remain readable (0.15375ms)
✔ runBacktestWithPolling waits through cancelling and returns cancelled (2.039334ms)
✔ runBacktestWithPolling waits through cancelling and returns timed_out (0.472833ms)
✔ runSignalScanWithPolling waits through cancelling and returns cancelled (2.195208ms)
✔ runSignalScanWithPolling waits through cancelling and returns timed_out (3.7575ms)
✔ cancel API uses POST, and partial cancelled scan results are never accepted (0.292667ms)
✔ persistent recovery and version mismatch are distinct from completion (0.266333ms)
✔ terminal task deletion handles empty 204 and encodes identity (0.130583ms)
✔ checkpoint presence is not confused with verified reuse or task completion (0.274792ms)
✔ cached completed submission is retrieved rather than shown as running (0.152ms)
✔ network failures are localized across WebKit, Chromium and Firefox (0.14825ms)
✔ tracking identity separates asset types, exchanges and board catalogues (0.752792ms)
✔ cloud book validates without silently dropping corrupt groups or duplicate entries (0.626458ms)
✔ expansion preserves every member and all board/direct sources, not a 200-row display page (1.453542ms)
✔ membership failure is explicit and malformed partial membership is never accepted (0.281ms)
✔ batch runs sequentially, keeps partial errors and continues after a failed target (10.846958ms)
✔ cancellation marks in-flight and unstarted rows, ignoring a late success (0.365959ms)
✔ group breadth counts only available periods, never treats failed targets as neutral evidence (0.359833ms)
✔ exact current revision accepts only its own evidence without mutation (1.028583ms)
✔ old partition, stale version, future evidence and false completion are rejected (0.274667ms)
✔ historical audit cannot import a later opposite segment (0.081542ms)
✔ empty partitions and higher-proof priority retain explicit blockers (0.074375ms)
✔ new blockers use Chinese labels without calling prerequisites completion (0.133916ms)
✔ missing comparison interval is explained in Chinese without inventing a date (0.612167ms)
✔ special diagnostics identify each A indicator witness rather than the price witness (0.163916ms)
✔ nonstandard DEA axis gate remains explicit without an improvement requirement (0.130917ms)
✔ DEA tolerance discloses research threshold, precise deviation and near-zero fallback (0.161375ms)
✔ wave evidence separates effective A from original wave and local pivots (0.40125ms)
✔ rounded equal line extrema disclose the precise failed values and witness times (0.139708ms)
✔ comparisons are explicitly research only and preserve B/C axis checks (0.117458ms)
✔ unformed candidate shows Chinese gates, two-decimal values and rejection dates (0.110459ms)
✔ new nonstandard audit explicitly uses full A and first-formed reverse evidence explains gaps (0.118833ms)
ℹ tests 291
ℹ suites 0
ℹ pass 291
ℹ fail 0
ℹ cancelled 0
ℹ skipped 0
ℹ todo 0
ℹ duration_ms 1406.538708
→ 打包中…
→ 运行测试…
京东方评级: D 分数: 34.3
维度明细: 卡玛比率=22.7, 最大回撤=27.5, 胜率=33.5, 利润因子=34.1, 夏普比率=41.5, 波动率=50.1
否决: 利润因子 1.11 接近 1，仅勉强盈亏平衡
长线优质策略评级: B 分数: 64.5
维度权重: 卡玛比率=28%, 最大回撤=26%, 胜率=0%, 利润因子=0%, 夏普比率=23%, 波动率=23%
优质案例评级: A 分数: 83.9
寻优点评级: A 74
组合重算指标: { '年化': '20.83%', '回撤': '0.80%', '夏普': '5.27', '卡玛': '26.03' }
稳定上涨组合评级: S 91.8
波动组合重算: { '回撤': '44.15%', '夏普': '-2.64', '持续': 60 }
波动组合评级: D 18.5
✔ 新版组合评级使用后端采样，不按图表柱数重新日线年化 (1.310792ms)
✔ 必要风险指标缺失不能展示为零风险或正常评级 (0.204291ms)
✔ 无穷比率不等于满分，真实零利润因子仍按亏损判断 (0.119958ms)
✔ 京东方回测必须评为 D 档（用户核心诉求验证点） (0.436666ms)
✔ 京东方评分应在 30-43 区间（C 与 D 的边界） (0.099667ms)
✔ 低利润因子触发系统亏损否决 (0.063167ms)
✔ 样本不足（< 10 笔交易）降权但不否决整个评级 (0.123042ms)
✔ 用户实测场景：6年6笔交易 + 高夏普 → 应得 A/B（核心回归测试） (0.133916ms)
✔ 深回撤 > 60% 触发直接 D 否决 (0.1085ms)
✔ 优质回测应得 A 或 S 档 (0.133125ms)
✔ 高回撤但收益高 → 最高 B（一票否决 cap） (0.078541ms)
✔ 插值函数：边界值取端点分数 (0.067667ms)
✔ 插值函数：中间值线性插值 (0.054875ms)
✔ 寻优评级：4 维度降级版 (0.081708ms)
✔ 寻优评级：网格点交易太少 → 降权但评级照常 (0.06725ms)
✔ 组合评级：稳定上涨净值应得 A 或 S (1.578375ms)
✔ 组合评级：高波动深回撤净值 → 低档 (0.539917ms)
✔ combinedMetrics：单点净值返回全 0（兜底） (0.045542ms)
✔ 历史组合仅保留原值，不从曲线推断日线或重算评级 (0.499167ms)
✔ v1-v4、未知版本及不完整依据不伪装为新版结果 (0.569083ms)
✔ 新版结果使用已记录指标，真实 999 和零不被当作历史哨兵 (0.087208ms)
✔ 指标状态缺失或与数值冲突不能产出评级，包括被降权维度 (0.0965ms)
✔ 低交易样本的真实不可用逐笔指标仍可降权，不误拦截可用净值评级 (0.095583ms)
✔ 寻优逐行核验新版采样与候选状态，输入范围不替代候选证据 (0.113167ms)
✔ 完整快照保留精度、真实 0/999、全部指标及版本且不关联可变输入 (0.626375ms)
✔ 策略保存接受真实 Vue 响应式结果，不因 Proxy 无法 structuredClone 而失败 (0.496333ms)
✔ 再次保存历史指标不补造新版计算或评级依据 (0.094ms)
✔ 对比展示原值并指出版本、周期、范围与利率差异，不自动重算 (0.225333ms)
ℹ tests 28
ℹ suites 0
ℹ pass 28
ℹ fail 0
ℹ cancelled 0
ℹ skipped 0
ℹ todo 0
ℹ duration_ms 90.856917
