
> web-ui@0.0.0 test
> node scripts/run-tests.mjs

✔ higher sources resolve actual records and separate original from current review time (2.495459ms)
✔ base sources and foreign witness rejection have distinct Chinese descriptions (0.112625ms)
✔ inconsistent candidate has no replay evidence: unknown reason (0.08375ms)
✔ inconsistent candidate has no replay evidence: prototype key (0.063375ms)
✔ inconsistent candidate has no replay evidence: future version (0.054875ms)
✔ inconsistent candidate has no replay evidence: future completion (0.048167ms)
✔ inconsistent candidate has no replay evidence: missing time (0.055042ms)
✔ inconsistent candidate has no replay evidence: empty source (3.772667ms)
✔ inconsistent candidate has no replay evidence: duplicate source (0.088375ms)
✔ inconsistent candidate has no replay evidence: unknown source (0.12975ms)
✔ inconsistent candidate has no replay evidence: mixed levels (0.063875ms)
✔ inconsistent candidate has no replay evidence: future child (0.0595ms)
✔ inconsistent candidate has no replay evidence: wrong child level (0.050959ms)
✔ inconsistent candidate has no replay evidence: duplicate record (0.044792ms)
✔ inconsistent candidate has no replay evidence: empty record range (0.051667ms)
✔ inconsistent candidate has no replay evidence: gap (0.047125ms)
✔ inconsistent candidate has no replay evidence: wrong parent range (0.040083ms)
✔ inconsistent candidate has no replay evidence: reversed sources (0.048625ms)
✔ inconsistent candidate has no replay evidence: unsafe base number (0.045084ms)
✔ 80 percent transparency is 20 percent alpha, for both candle directions (0.434834ms)
✔ transparency stays finite, integer, and bounded (0.120833ms)
✔ body is symmetric around the unchanged wick across widths and fractional positions (1.442167ms)
✔ horizontal candles preserve every price coordinate (0.09625ms)
✔ missing or non-finite candle layouts are left untouched (0.113167ms)
✔ native ECharts layout remains centred after resize, zoom and data replacement (83.362292ms)
✔ zooming out of large-data line mode restores centred candle bodies (12.624542ms)
✔ structure widths retain existing defaults and hover appearance (1.982584ms)
✔ manual values stay finite, bounded, and at two decimal places (0.378209ms)
✔ raw index overrides rounded dates, including zero (2.395541ms)
✔ legacy intraday dates never fall back to the first bar of the day (0.133084ms)
✔ duplicate formatted times fail safely without a raw index (0.073958ms)
✔ padding keeps the 23px marker plus radius inside the price pane (0.136875ms)
✔ flat, zero and negative ranges get finite padding; invalid extents do not (0.139875ms)
✔ single-bar time link is a thin line limited to each actual plot (2.189584ms)
✔ multi-bar time link has no border and clips to plot, never clamps offscreen data to an edge (0.1365ms)
✔ time links map daily coverage to all minute bars, not a matching ordinal (0.349125ms)
✔ weekly and monthly end-labelled bars cover earlier constituent dates without changing data (1.765917ms)
✔ nearest marker wins regardless of signal family, only co-located points share chooser (0.230375ms)
✔ immutable request cache deduplicates pending work, isolates payload keys and retries errors (0.301625ms)
✔ all six structural types keep extrema and confirmation separate with original evidence (0.579ms)
✔ legacy records do not invent confirmation or structural sources (0.121833ms)
✔ M1 keeps independent MACD source and original direction, never a structural type (0.536875ms)
✔ all chart layers override independent animation and progressive rendering (0.822458ms)
✔ rejects invalid saved zooms (2.821708ms)
✔ same-snapshot redraw keeps current manually chosen view (0.120667ms)
✔ focus redraw keeps manual zoom; clearing restores pre-focus view (0.675125ms)
✔ switching focus preserves the original return view (0.223834ms)
✔ new snapshot resets saved focus view and never revives old zoom (0.185833ms)
✔ default inactive; moving does not show cards and leaving does not deactivate (2.283833ms)
✔ object previews can read date-card activation without activating it (1.894333ms)
✔ click selects a point; outside click closes; inside click is not dismissed (0.550583ms)
✔ activated cards follow movement until outside dismissal, then require another click (1.073125ms)
✔ zoom clears stale coordinates but preserves activation (0.122458ms)
✔ data reset and Escape deactivate; teardown removes all handlers (0.127ms)
✔ directed centre chain is candidate evidence, not completion (2.231875ms)
✔ touching, opposing, future, overlapping or malformed chains fail closed (0.263584ms)
✔ single-centre and legacy components remain readable (0.083291ms)
✔ inside, border, reversed y and overlapping rectangles resolve newest first (0.807167ms)
✔ invalid or missing render coordinates cannot create hits (0.080041ms)
✔ popup stays within narrow viewport and near-edge right click (0.091209ms)
✔ roles are Chinese and unknown roles never claim completion (1.021416ms)
✔ source ranges keep one-based indices without disguising gaps (0.387417ms)
✔ coverage checks counts, repeats and missing IDs (0.341416ms)
✔ missing, empty and rejected suffix are explicit (0.089916ms)
✔ invalid counts and empty blocks cannot pass the coverage audit (0.090958ms)
✔ uses raw indices, allows shared endpoints and bounds zoom padding (9.124166ms)
✔ does not invent a B interval or infer indices from formatted dates (0.113959ms)
✔ rejects partial, reversed, overlapping and out-of-snapshot evidence (0.127875ms)
✔ allows inspection of historical failed evidence without reviving it (0.11325ms)
✔ local proof draws frozen exact endpoints only after its actual confirmation (0.177208ms)
✔ dual-line divergence uses two exact raw indices, never artificial ABC ranges (0.084333ms)
✔ dual-line focus rejects missing, duplicate, reversed and out-of-range points (0.0895ms)
✔ special wave focus uses AB and its extreme without inventing C (0.091375ms)
✔ direction, family and lifecycle have independent marker styles (0.823084ms)
✔ no-C dual-line remains a circle and fills only on first reverse-pen confirmation (2.173958ms)
✔ M1 is restricted to confirmed waves with a later actual confirmation (0.34625ms)
✔ four families retain independent records and nonstandard uses a triangle (0.329875ms)
✔ October 4 marker matrix uses shape for family and colour only for direction (0.371167ms)
✔ special AB evidence separates A line extrema from both price anchors and legacy pivots (0.431958ms)
✔ history is opt-in, inactive stays grey hollow, never creates M1 (0.327875ms)
✔ every historical shape uses a continuous hollow contour, including on hover (0.297125ms)
✔ new nonstandard evidence relaxes prices only and records each subtype (0.65725ms)
✔ new dual rule cannot fill without recorded later local confirmation (0.340416ms)
✔ historical engineering match retains original timing without claiming regrouping completion (2.003791ms)
✔ future, stale, mismatched or incomplete evidence fails closed (0.362875ms)
✔ older snapshots and unmatched parts keep existing natural audit available (0.067209ms)
✔ engineering provenance uses the same one-based numbering as other inspectors (1.385833ms)
✔ mixed recursion distinguishes consolidation and trend from the old trend view (0.178083ms)
✔ unknown or reversed provenance is not presented as a completed trend (0.08025ms)
✔ indicator and price values use two decimals without inventing missing evidence (0.077875ms)
✔ recursive centre relations never call extension candidates completed types (0.072167ms)
✔ admissions distinguish unit confirmation from later failed-return admission (0.06575ms)
✔ display fields retain all text including dates, provenance, and secondary colons (0.833709ms)
✔ narrative, missing evidence, and timestamp headings remain whole (0.102208ms)
✔ all candidate states distinguish eligibility from completed natural types (0.54275ms)
✔ opposite geometry identifies reused next-part evidence, including nonzero source IDs (0.541584ms)
✔ external opposite geometry is not added to candidate membership (0.096291ms)
✔ missing, stale, misattributed or future opposite geometry is not displayed as matched (0.127541ms)
✔ preferred endpoints are never called completed types; conflicts are retained (0.076625ms)
✔ opposite base turn is not same-level completion (0.088625ms)
✔ price formatting preserves zero and boundary contact, guards non-finite values (0.104709ms)
✔ candidate audit joins by identity, not response order (0.072292ms)
✔ part audit must match ordinal AND exact raw source IDs, including shifted IDs (0.12775ms)
✔ locates the three raw ranges without relabelling them as MACD or confirmed centres (1.248334ms)
✔ candidate must already be observable at the CURRENT replay prefix (0.398583ms)
✔ no incomplete, waiting or unsupported candidate is given a fabricated range (0.275125ms)
✔ raw bar boundaries must be contiguous and inside the visible window (0.34825ms)
✔ source partitions must cover every original segment once, preserving nonzero IDs (0.279708ms)
✔ conflicting geometric fallback remains viewable for manual audit (0.227625ms)
✔ clearing a regrouping focus restores original zoom; a new replay snapshot does not (0.349583ms)
✔ membership labels distinguish source confirmation from later admission (0.496292ms)
✔ admission witness distinguishes confirmation dependency from geometric membership (0.086583ms)
✔ old or malformed evidence never invents an admission witness (0.068166ms)
✔ menus stay inside phone, keyboard and landscape viewports (1.640209ms)
✔ near-bottom controls open upwards without changing ordinary desktop width (0.275ms)
✔ marker hit uses signed stacking offset for both directions, not candle position (0.431959ms)
✔ symbol size and invalid render positions are handled safely (0.082167ms)
✔ aborted late response cannot publish metadata even if transport ignores abort (24.307541ms)
✔ missing provenance or silently changed adjustment never reaches research (0.143833ms)
✔ reported gaps do not falsely label suspension or prevent inspecting valid candles (0.116666ms)
✔ history fetch consumes one verified range and publishes complete metadata only after validation (0.635542ms)
✔ unclosed response never updates provenance or reaches the backtest (0.263083ms)
✔ whole proof validated without mutation, and cross-role ownership remains visible (0.951958ms)
✔ stale, future, duplicated, incomplete, falsely completed and mismatched sources rejected (0.303125ms)
✔ base runs cannot masquerade as proofs or own multiple provisional regions (0.078ms)
✔ blocked covers show full conflicts, never fabricated flattened blocks (0.091667ms)
✔ labels retain provisional scope (0.06725ms)
✔ all seven MA presets are available but only MA5 and MA10 start visible (2.244875ms)
✔ each chart session gets independent editable settings without changing presets (0.090666ms)
✔ MA presets retain the requested yellow, white, purple, green, cyan, orange, red palette (0.080583ms)
✔ legend retains every MA choice and explicit hidden states override stale chart selection (0.104583ms)
✔ cross-boundary details resolve actual input and nested ownership records (1.329875ms)
✔ unowned reverse evidence stays explicitly unowned for boundary rejection (0.157417ms)
✔ foreign witness can be shown for an otherwise single-owner candidate (0.10475ms)
✔ legacy candidates do not invent missing conflict details (0.1075ms)
✔ damaged detail is not presented: mismatched candidate sources (0.086541ms)
✔ damaged detail is not presented: wrong layer (7.708334ms)
✔ damaged detail is not presented: unknown reverse input (0.183875ms)
✔ damaged detail is not presented: wrong reverse range (0.082333ms)
✔ damaged detail is not presented: reverse overlaps prices (0.07575ms)
✔ damaged detail is not presented: future reverse confirmation (0.1175ms)
✔ damaged detail is not presented: wrong reverse time (0.067ms)
✔ damaged detail is not presented: incomplete domain list (0.067292ms)
✔ damaged detail is not presented: duplicate domains (0.048083ms)
✔ damaged detail is not presented: noncontinuous domain (0.041375ms)
✔ damaged detail is not presented: foreign domain misses witness (0.987292ms)
✔ damaged detail is not presented: false unowned witness (0.058916ms)
✔ damaged detail is not presented: missing nested record (0.053334ms)
✔ damaged detail is not presented: wrong reason (0.053792ms)
✔ only current owner revisions form the displayed ownership set (0.771541ms)
✔ internal provenance remains distinct and validates enclosing ownership (0.356416ms)
✔ parent-covered history is not labeled as an additional effective input (0.204584ms)
✔ nested provenance validates containment and strictly increasing input levels (0.224041ms)
✔ current owner labels are distinct from creation IDs and tolerate old snapshots (0.109833ms)
✔ summary mode lists every historical address, not just current versions (1.33ms)
✔ full and missing legacy snapshots stay readable without inventing history (0.256625ms)
✔ all four analysis paths explicitly request summary delivery without changing input (0.360417ms)
✔ complete lifecycle stays chronological, does not mutate input, and uses Chinese labels (1.600958ms)
✔ legacy or future history is not invented (0.123292ms)
✔ dangling, reordered, duplicated, miscounted and conflicting histories fail closed (1.323875ms)
✔ equal counts cannot hide swapped source identities (0.088792ms)
✔ intermediate event boundaries must equal actual inherited and added sources (0.072833ms)
✔ input evidence must exist at the correct level and be available at admission (0.197208ms)
✔ invalid domain sources, membership and parent context fail closed (1.562959ms)
✔ leftward growth, shifted sources and newly filled merge gaps remain valid (0.618083ms)
✔ both periods exclude future and open candles while retaining original warm-up start (0.580166ms)
✔ snapshot observation time caps cutoff; bar start before cutoff is not enough (0.079542ms)
✔ no timeframe fallback or fabricated candles when historical minute range is unavailable (0.073291ms)
✔ index and board snapshots retain NONE adjustment, mismatch is rejected (0.214708ms)
✔ missing completion evidence, timezone timestamps and unordered bars fail explicitly (0.13575ms)
✔ week/month completion boundary comes from provider annotation, not day label (0.095667ms)
✔ forming candles preserve OHLC and use dashed empty outlines (2.620416ms)
✔ forming volume and signed MACD columns preserve values and direction (0.137334ms)
✔ matching versions are selected by case identity without mutation (3.547209ms)
✔ future snapshots, wrong rules, incomplete chains and duplicate cases are rejected (4.968916ms)
✔ labels never confuse endpoint consistency or higher-centre proof with completion (0.181708ms)
✔ v2 keeps the detached prefix and v1 remains readable (0.38925ms)
✔ v3 supports trend search while retaining the same ownership guards (0.576042ms)
✔ missing, duplicated, misattributed or silently completed prefix is rejected (0.344625ms)
✔ reincorporation is recorded explicitly instead of erasing detached history (1.058375ms)
✔ accepts bounded history and empty verified batches (0.522459ms)
✔ rejects wrong batch, future indices, broken sources and contradictory state (0.449208ms)
✔ research labels distinguish absence, release, retained and internal (0.095458ms)
✔ late old responses cannot own a newer research request (0.46375ms)
✔ submission fields are captured values, not mutable form references (0.390959ms)
✔ snapshot import keeps original data and normalizes optional display metadata (1.326209ms)
✔ reject invalid schema, periods, oversized arrays and impossible candle prices (0.327792ms)
✔ window is exchange local and bounded by the snapshot cutoff (2.528042ms)
✔ missing numbers and candidate status are never promoted (1.561792ms)
✔ amber projection resolves daily and minute labels, ignores open candle (0.932417ms)
✔ audit description translates permissions and never renders arbitrary detail fields (1.404458ms)
✔ audit time is explicitly Shanghai time and invalid data remains readable (47.179458ms)
✔ audit API preserves bounded pagination/filter state and authenticated credentials (23.039083ms)
✔ new standard evidence explains price, old blocker and independent special lifecycle (1.855125ms)
✔ new gates include counts, boundary and dates without undefined placeholder (0.303875ms)
✔ legacy comparisons retain old detected confirmed and invalidated dates (0.293333ms)
✔ structure dates remove midnight noise without changing intraday precision (1.002375ms)
✔ centre evidence distinguishes fixed core, outer range and candidate expansion (0.660167ms)
✔ segment evidence includes source prices and reverse proof with one-based labels (0.157375ms)
✔ missing legacy evidence does not invent confirmation (0.097667ms)
✔ special inclusion explains boundary exception without labelling it an ordinary fractal (0.0635ms)
✔ centre relation history distinguishes current candidate from original separation (0.090291ms)
✔ confirmation replay translates raw indices without date matching (0.063583ms)
✔ unknown, invalid or out-of-snapshot confirmations have no replay target (0.071167ms)
✔ connection badge validates shared time, price and alternating direction (0.102958ms)
✔ reverse preview uses observed extreme, not last close or a future target (0.863208ms)
✔ mirrored lows produce an upward reference (0.097583ms)
✔ no invented reference for missing, ambiguous, extending, or invalid inputs (0.109583ms)
✔ replay prefix cannot use a later extreme; ties retain first occurrence (0.087417ms)
✔ ongoing consolidation differs by color, line pattern, and fill (0.092542ms)
✔ cancelling is not terminal and elapsed values remain readable (0.559375ms)
✔ runBacktestWithPolling waits through cancelling and returns cancelled (27.602583ms)
✔ runBacktestWithPolling waits through cancelling and returns timed_out (1.555667ms)
✔ runSignalScanWithPolling waits through cancelling and returns cancelled (2.102708ms)
✔ runSignalScanWithPolling waits through cancelling and returns timed_out (4.810458ms)
✔ cancel API uses POST, and partial cancelled scan results are never accepted (0.50775ms)
✔ exact current revision accepts only its own evidence without mutation (1.073625ms)
✔ old partition, stale version, future evidence and false completion are rejected (0.260375ms)
✔ historical audit cannot import a later opposite segment (0.07725ms)
✔ empty partitions and higher-proof priority retain explicit blockers (0.075042ms)
✔ new blockers use Chinese labels without calling prerequisites completion (0.150708ms)
✔ special diagnostics identify each A indicator witness rather than the price witness (1.905333ms)
✔ nonstandard DEA axis gate remains explicit without an improvement requirement (0.166792ms)
✔ DEA tolerance discloses research threshold, precise deviation and near-zero fallback (0.228417ms)
✔ wave evidence separates effective A from original wave and local pivots (2.601333ms)
✔ rounded equal line extrema disclose the precise failed values and witness times (0.930584ms)
✔ comparisons are explicitly research only and preserve B/C axis checks (0.151291ms)
✔ unformed candidate shows Chinese gates, two-decimal values and rejection dates (0.120917ms)
✔ new nonstandard audit explicitly uses full A and first-formed reverse evidence explains gaps (0.104917ms)
ℹ tests 229
ℹ suites 0
ℹ pass 229
ℹ fail 0
ℹ cancelled 0
ℹ skipped 0
ℹ todo 0
ℹ duration_ms 945.506708
→ 打包中…
→ 运行测试…
京东方评级: D 分数: 34.3
维度明细: 卡玛比率=22.7, 最大回撤=27.5, 胜率=33.5, 利润因子=34.1, 夏普比率=41.5, 波动率=50.1
否决: 利润因子 1.11 接近 1，仅勉强盈亏平衡
长线优质策略评级: B 分数: 64.5
维度权重: 卡玛比率=28%, 最大回撤=26%, 胜率=0%, 利润因子=0%, 夏普比率=23%, 波动率=23%
优质案例评级: A 分数: 83.9
寻优点评级: A 74
组合重算指标: { '年化': '20.83%', '回撤': '0.80%', '夏普': '5.27', '卡玛': '26.03' }
稳定上涨组合评级: S 91.8
波动组合重算: { '回撤': '44.15%', '夏普': '-2.64', '持续': 60 }
波动组合评级: D 18.5
✔ 京东方回测必须评为 D 档（用户核心诉求验证点） (1.998541ms)
✔ 京东方评分应在 30-43 区间（C 与 D 的边界） (0.144042ms)
✔ 低利润因子触发系统亏损否决 (0.14725ms)
✔ 样本不足（< 10 笔交易）降权但不否决整个评级 (0.177ms)
✔ 用户实测场景：6年6笔交易 + 高夏普 → 应得 A/B（核心回归测试） (0.182958ms)
✔ 深回撤 > 60% 触发直接 D 否决 (0.083041ms)
✔ 优质回测应得 A 或 S 档 (0.099667ms)
✔ 高回撤但收益高 → 最高 B（一票否决 cap） (0.096833ms)
✔ 插值函数：边界值取端点分数 (0.067458ms)
✔ 插值函数：中间值线性插值 (0.095541ms)
✔ 寻优评级：4 维度降级版 (0.125459ms)
✔ 寻优评级：网格点交易太少 → 降权但评级照常 (0.0715ms)
✔ 组合评级：稳定上涨净值应得 A 或 S (2.042458ms)
✔ 组合评级：高波动深回撤净值 → 低档 (0.490875ms)
✔ combinedMetrics：单点净值返回全 0（兜底） (0.04475ms)
ℹ tests 15
ℹ suites 0
ℹ pass 15
ℹ fail 0
ℹ cancelled 0
ℹ skipped 0
ℹ todo 0
ℹ duration_ms 63.674667
