
> web-ui@0.0.0 test
> node scripts/run-tests.mjs

✔ trade lookup keeps the exact minute across separators, precision and days (1.141334ms)
✔ date-only values cannot choose the midnight bar of an ambiguous day (0.109458ms)
✔ daily and duplicate exact timestamps keep first positional matches (0.077375ms)
✔ nanoseconds and timezone text are not truncated into a false match (0.072ms)
✔ date labels preserve useful precision without local timezone conversion (0.138792ms)
✔ higher sources resolve actual records and separate original from current review time (1.899666ms)
✔ base sources and foreign witness rejection have distinct Chinese descriptions (0.110958ms)
✔ inconsistent candidate has no replay evidence: unknown reason (0.078917ms)
✔ inconsistent candidate has no replay evidence: prototype key (0.062333ms)
✔ inconsistent candidate has no replay evidence: future version (0.057458ms)
✔ inconsistent candidate has no replay evidence: future completion (0.047375ms)
✔ inconsistent candidate has no replay evidence: missing time (2.1465ms)
✔ inconsistent candidate has no replay evidence: empty source (0.077625ms)
✔ inconsistent candidate has no replay evidence: duplicate source (0.517833ms)
✔ inconsistent candidate has no replay evidence: unknown source (0.123041ms)
✔ inconsistent candidate has no replay evidence: mixed levels (0.067167ms)
✔ inconsistent candidate has no replay evidence: future child (0.059708ms)
✔ inconsistent candidate has no replay evidence: wrong child level (0.051334ms)
✔ inconsistent candidate has no replay evidence: duplicate record (0.043791ms)
✔ inconsistent candidate has no replay evidence: empty record range (0.049375ms)
✔ inconsistent candidate has no replay evidence: gap (0.047834ms)
✔ inconsistent candidate has no replay evidence: wrong parent range (0.039083ms)
✔ inconsistent candidate has no replay evidence: reversed sources (0.044333ms)
✔ inconsistent candidate has no replay evidence: unsafe base number (2.119292ms)
✔ 80 percent transparency is 20 percent alpha, for both candle directions (2.737958ms)
✔ transparency stays finite, integer, and bounded (0.110042ms)
✔ body is symmetric around the unchanged wick across widths and fractional positions (3.413458ms)
✔ horizontal candles preserve every price coordinate (0.119417ms)
✔ missing or non-finite candle layouts are left untouched (0.102125ms)
✔ native ECharts layout remains centred after resize, zoom and data replacement (74.384542ms)
✔ zooming out of large-data line mode restores centred candle bodies (12.694375ms)
✔ structure widths retain existing defaults and hover appearance (1.029375ms)
✔ manual values stay finite, bounded, and at two decimal places (0.14075ms)
✔ raw index overrides rounded dates, including zero (0.475042ms)
✔ legacy intraday dates never fall back to the first bar of the day (0.097458ms)
✔ duplicate formatted times fail safely without a raw index (0.082208ms)
✔ padding keeps the 23px marker plus radius inside the price pane (0.111583ms)
✔ flat, zero and negative ranges get finite padding; invalid extents do not (0.074292ms)
✔ single-bar time link is a thin line limited to each actual plot (1.80875ms)
✔ multi-bar time link has no border and clips to plot, never clamps offscreen data to an edge (0.385291ms)
✔ time links map daily coverage to all minute bars, not a matching ordinal (0.4025ms)
✔ weekly and monthly end-labelled bars cover earlier constituent dates without changing data (3.269875ms)
✔ nearest marker wins regardless of signal family, only co-located points share chooser (0.210833ms)
✔ immutable request cache deduplicates pending work, isolates payload keys and retries errors (0.304916ms)
✔ all six structural types keep extrema and confirmation separate with original evidence (0.895542ms)
✔ legacy records do not invent confirmation or structural sources (0.204541ms)
✔ M1 keeps independent MACD source and original direction, never a structural type (0.588667ms)
✔ all chart layers override independent animation and progressive rendering (1.464209ms)
✔ rejects invalid saved zooms (0.798125ms)
✔ same-snapshot redraw keeps current manually chosen view (0.093625ms)
✔ focus redraw keeps manual zoom; clearing restores pre-focus view (0.072834ms)
✔ switching focus preserves the original return view (0.080792ms)
✔ new snapshot resets saved focus view and never revives old zoom (0.064291ms)
✔ default inactive; moving does not show cards and leaving does not deactivate (1.0475ms)
✔ object previews can read date-card activation without activating it (0.155666ms)
✔ click selects a point; outside click closes; inside click is not dismissed (0.219875ms)
✔ activated cards follow movement until outside dismissal, then require another click (0.332375ms)
✔ zoom clears stale coordinates but preserves activation (0.102209ms)
✔ data reset and Escape deactivate; teardown removes all handlers (0.119583ms)
✔ directed centre chain is candidate evidence, not completion (1.000417ms)
✔ touching, opposing, future, overlapping or malformed chains fail closed (0.249875ms)
✔ single-centre and legacy components remain readable (0.088166ms)
✔ inside, border, reversed y and overlapping rectangles resolve newest first (1.056417ms)
✔ invalid or missing render coordinates cannot create hits (0.105542ms)
✔ popup stays within narrow viewport and near-edge right click (0.091167ms)
✔ roles are Chinese and unknown roles never claim completion (7.7675ms)
✔ source ranges keep one-based indices without disguising gaps (0.137292ms)
✔ coverage checks counts, repeats and missing IDs (0.986958ms)
✔ missing, empty and rejected suffix are explicit (0.19125ms)
✔ invalid counts and empty blocks cannot pass the coverage audit (0.402625ms)
✔ uses raw indices, allows shared endpoints and bounds zoom padding (1.375958ms)
✔ does not invent a B interval or infer indices from formatted dates (0.291709ms)
✔ rejects partial, reversed, overlapping and out-of-snapshot evidence (0.308958ms)
✔ allows inspection of historical failed evidence without reviving it (0.260209ms)
✔ local proof draws frozen exact endpoints only after its actual confirmation (0.381083ms)
✔ dual-line divergence uses two exact raw indices, never artificial ABC ranges (0.360791ms)
✔ dual-line focus rejects missing, duplicate, reversed and out-of-range points (0.28925ms)
✔ special wave focus uses AB and its extreme without inventing C (0.187792ms)
✔ direction, family and lifecycle have independent marker styles (0.591666ms)
✔ no-C dual-line remains a circle and fills only on first reverse-pen confirmation (0.776833ms)
✔ M1 is restricted to confirmed waves with a later actual confirmation (1.025125ms)
✔ four families retain independent records and nonstandard uses a triangle (0.241167ms)
✔ October 4 marker matrix uses shape for family and colour only for direction (0.140375ms)
✔ special AB evidence separates A line extrema from both price anchors and legacy pivots (0.138833ms)
✔ history is opt-in, inactive stays grey hollow, never creates M1 (0.401375ms)
✔ every historical shape uses a continuous hollow contour, including on hover (0.163875ms)
✔ new nonstandard evidence relaxes prices only and records each subtype (0.133541ms)
✔ new dual rule cannot fill without recorded later local confirmation (0.165625ms)
✔ historical engineering match retains original timing without claiming regrouping completion (0.978125ms)
✔ future, stale, mismatched or incomplete evidence fails closed (0.781709ms)
✔ older snapshots and unmatched parts keep existing natural audit available (0.175042ms)
✔ engineering provenance uses the same one-based numbering as other inspectors (0.86725ms)
✔ mixed recursion distinguishes consolidation and trend from the old trend view (0.142667ms)
✔ unknown or reversed provenance is not presented as a completed trend (0.070416ms)
✔ indicator and price values use two decimals without inventing missing evidence (0.072625ms)
✔ recursive centre relations never call extension candidates completed types (0.344292ms)
✔ admissions distinguish unit confirmation from later failed-return admission (0.0765ms)
✔ display fields retain all text including dates, provenance, and secondary colons (0.7945ms)
✔ narrative, missing evidence, and timestamp headings remain whole (0.09475ms)
✔ all candidate states distinguish eligibility from completed natural types (0.508ms)
✔ opposite geometry identifies reused next-part evidence, including nonzero source IDs (0.528667ms)
✔ external opposite geometry is not added to candidate membership (0.097417ms)
✔ missing, stale, misattributed or future opposite geometry is not displayed as matched (0.133459ms)
✔ preferred endpoints are never called completed types; conflicts are retained (0.071375ms)
✔ opposite base turn is not same-level completion (0.099625ms)
✔ price formatting preserves zero and boundary contact, guards non-finite values (0.1085ms)
✔ candidate audit joins by identity, not response order (0.081084ms)
✔ part audit must match ordinal AND exact raw source IDs, including shifted IDs (0.144833ms)
✔ locates the three raw ranges without relabelling them as MACD or confirmed centres (2.994875ms)
✔ candidate must already be observable at the CURRENT replay prefix (0.181375ms)
✔ no incomplete, waiting or unsupported candidate is given a fabricated range (0.098125ms)
✔ raw bar boundaries must be contiguous and inside the visible window (0.13825ms)
✔ source partitions must cover every original segment once, preserving nonzero IDs (0.112167ms)
✔ conflicting geometric fallback remains viewable for manual audit (0.077209ms)
✔ clearing a regrouping focus restores original zoom; a new replay snapshot does not (0.116459ms)
✔ membership labels distinguish source confirmation from later admission (0.575917ms)
✔ admission witness distinguishes confirmation dependency from geometric membership (0.259084ms)
✔ old or malformed evidence never invents an admission witness (0.176875ms)
✔ menus stay inside phone, keyboard and landscape viewports (0.53875ms)
✔ near-bottom controls open upwards without changing ordinary desktop width (0.090625ms)
✔ marker hit uses signed stacking offset for both directions, not candle position (0.435834ms)
✔ symbol size and invalid render positions are handled safely (0.083541ms)
✔ aborted late response cannot publish metadata even if transport ignores abort (36.821459ms)
✔ missing provenance or silently changed adjustment never reaches research (0.143167ms)
✔ reported gaps do not falsely label suspension or prevent inspecting valid candles (0.11ms)
✔ history fetch consumes one verified range and publishes complete metadata only after validation (0.541292ms)
✔ unclosed response never updates provenance or reaches the backtest (0.226125ms)
✔ whole proof validated without mutation, and cross-role ownership remains visible (8.169625ms)
✔ stale, future, duplicated, incomplete, falsely completed and mismatched sources rejected (1.031833ms)
✔ base runs cannot masquerade as proofs or own multiple provisional regions (0.536ms)
✔ blocked covers show full conflicts, never fabricated flattened blocks (0.149083ms)
✔ labels retain provisional scope (0.284125ms)
✔ all seven MA presets are available but only MA5 and MA10 start visible (0.951333ms)
✔ each chart session gets independent editable settings without changing presets (0.078834ms)
✔ MA presets retain the requested yellow, white, purple, green, cyan, orange, red palette (0.08575ms)
✔ legend retains every MA choice and explicit hidden states override stale chart selection (0.114375ms)
✔ cross-boundary details resolve actual input and nested ownership records (1.352959ms)
✔ unowned reverse evidence stays explicitly unowned for boundary rejection (0.117458ms)
✔ foreign witness can be shown for an otherwise single-owner candidate (0.098ms)
✔ legacy candidates do not invent missing conflict details (0.104541ms)
✔ damaged detail is not presented: mismatched candidate sources (0.098666ms)
✔ damaged detail is not presented: wrong layer (0.065459ms)
✔ damaged detail is not presented: unknown reverse input (0.624083ms)
✔ damaged detail is not presented: wrong reverse range (0.104125ms)
✔ damaged detail is not presented: reverse overlaps prices (0.212709ms)
✔ damaged detail is not presented: future reverse confirmation (0.126875ms)
✔ damaged detail is not presented: wrong reverse time (0.074ms)
✔ damaged detail is not presented: incomplete domain list (0.072791ms)
✔ damaged detail is not presented: duplicate domains (0.052958ms)
✔ damaged detail is not presented: noncontinuous domain (0.043833ms)
✔ damaged detail is not presented: foreign domain misses witness (0.046834ms)
✔ damaged detail is not presented: false unowned witness (0.05525ms)
✔ damaged detail is not presented: missing nested record (0.053625ms)
✔ damaged detail is not presented: wrong reason (0.053792ms)
✔ only current owner revisions form the displayed ownership set (1.048667ms)
✔ internal provenance remains distinct and validates enclosing ownership (0.98675ms)
✔ parent-covered history is not labeled as an additional effective input (0.142625ms)
✔ nested provenance validates containment and strictly increasing input levels (0.214041ms)
✔ current owner labels are distinct from creation IDs and tolerate old snapshots (0.174209ms)
✔ summary mode lists every historical address, not just current versions (2.423166ms)
✔ full and missing legacy snapshots stay readable without inventing history (0.229125ms)
✔ all four analysis paths explicitly request summary delivery without changing input (2.262083ms)
✔ complete lifecycle stays chronological, does not mutate input, and uses Chinese labels (2.017833ms)
✔ legacy or future history is not invented (0.25825ms)
✔ dangling, reordered, duplicated, miscounted and conflicting histories fail closed (2.402417ms)
✔ equal counts cannot hide swapped source identities (0.184125ms)
✔ intermediate event boundaries must equal actual inherited and added sources (0.153875ms)
✔ input evidence must exist at the correct level and be available at admission (0.504584ms)
✔ invalid domain sources, membership and parent context fail closed (0.390834ms)
✔ leftward growth, shifted sources and newly filled merge gaps remain valid (0.468917ms)
✔ both periods exclude future and open candles while retaining original warm-up start (0.601209ms)
✔ snapshot observation time caps cutoff; bar start before cutoff is not enough (0.082083ms)
✔ no timeframe fallback or fabricated candles when historical minute range is unavailable (0.081125ms)
✔ index and board snapshots retain NONE adjustment, mismatch is rejected (0.229083ms)
✔ missing completion evidence, timezone timestamps and unordered bars fail explicitly (0.143916ms)
✔ week/month completion boundary comes from provider annotation, not day label (0.102125ms)
✔ forming candles preserve OHLC and use dashed empty outlines (0.393625ms)
✔ forming volume and signed MACD columns preserve values and direction (0.097792ms)
✔ late messages, close and errors from an old socket cannot affect replacement (3.75625ms)
✔ invalid messages and control responses never become ticks; close reason retained (10.021541ms)
✔ matching versions are selected by case identity without mutation (11.089375ms)
✔ future snapshots, wrong rules, incomplete chains and duplicate cases are rejected (0.687083ms)
✔ labels never confuse endpoint consistency or higher-centre proof with completion (0.171709ms)
✔ v2 keeps the detached prefix and v1 remains readable (0.525333ms)
✔ v3 supports trend search while retaining the same ownership guards (1.438291ms)
✔ missing, duplicated, misattributed or silently completed prefix is rejected (7.767667ms)
✔ reincorporation is recorded explicitly instead of erasing detached history (2.056916ms)
✔ accepts bounded history and empty verified batches (1.039416ms)
✔ rejects wrong batch, future indices, broken sources and contradictory state (0.253041ms)
✔ research labels distinguish absence, release, retained and internal (0.08175ms)
✔ late old responses cannot own a newer research request (1.418459ms)
✔ submission fields are captured values, not mutable form references (0.498875ms)
✔ snapshot import keeps original data and normalizes optional display metadata (2.523083ms)
✔ reject invalid schema, periods, oversized arrays and impossible candle prices (0.327209ms)
✔ window is exchange local and bounded by the snapshot cutoff (0.670458ms)
✔ missing numbers and candidate status are never promoted (0.08675ms)
✔ amber projection resolves daily and minute labels, ignores open candle (0.872083ms)
✔ audit description translates permissions and never renders arbitrary detail fields (1.106958ms)
✔ audit time is explicitly Shanghai time and invalid data remains readable (40.69725ms)
✔ audit API preserves bounded pagination/filter state and authenticated credentials (69.272ms)
✔ new standard evidence explains price, old blocker and independent special lifecycle (24.711584ms)
✔ new gates include counts, boundary and dates without undefined placeholder (1.858083ms)
✔ legacy comparisons retain old detected confirmed and invalidated dates (1.298917ms)
✔ structure dates remove midnight noise without changing intraday precision (1.327791ms)
✔ centre evidence distinguishes fixed core, outer range and candidate expansion (1.645292ms)
✔ segment evidence includes source prices and reverse proof with one-based labels (0.449709ms)
✔ missing legacy evidence does not invent confirmation (0.456875ms)
✔ special inclusion explains boundary exception without labelling it an ordinary fractal (0.552833ms)
✔ centre relation history distinguishes current candidate from original separation (0.64075ms)
✔ confirmation replay translates raw indices without date matching (0.097125ms)
✔ unknown, invalid or out-of-snapshot confirmations have no replay target (0.085333ms)
✔ connection badge validates shared time, price and alternating direction (0.200667ms)
✔ reverse preview uses observed extreme, not last close or a future target (1.194209ms)
✔ mirrored lows produce an upward reference (0.115291ms)
✔ no invented reference for missing, ambiguous, extending, or invalid inputs (0.123333ms)
✔ replay prefix cannot use a later extreme; ties retain first occurrence (0.097833ms)
✔ ongoing consolidation differs by color, line pattern, and fill (0.1025ms)
✔ cancelling is not terminal and elapsed values remain readable (1.134833ms)
✔ runBacktestWithPolling waits through cancelling and returns cancelled (27.363625ms)
✔ runBacktestWithPolling waits through cancelling and returns timed_out (2.6435ms)
✔ runSignalScanWithPolling waits through cancelling and returns cancelled (1.299042ms)
✔ runSignalScanWithPolling waits through cancelling and returns timed_out (1.759958ms)
✔ cancel API uses POST, and partial cancelled scan results are never accepted (0.417625ms)
✔ persistent recovery and version mismatch are distinct from completion (0.273625ms)
✔ terminal task deletion handles empty 204 and encodes identity (0.146667ms)
✔ checkpoint presence is not confused with verified reuse or task completion (0.277375ms)
✔ cached completed submission is retrieved rather than shown as running (0.212ms)
✔ network failures are localized across WebKit, Chromium and Firefox (0.159958ms)
✔ exact current revision accepts only its own evidence without mutation (3.112875ms)
✔ old partition, stale version, future evidence and false completion are rejected (1.097875ms)
✔ historical audit cannot import a later opposite segment (0.109292ms)
✔ empty partitions and higher-proof priority retain explicit blockers (0.08675ms)
✔ new blockers use Chinese labels without calling prerequisites completion (0.174542ms)
✔ missing comparison interval is explained in Chinese without inventing a date (0.622625ms)
✔ special diagnostics identify each A indicator witness rather than the price witness (0.178083ms)
✔ nonstandard DEA axis gate remains explicit without an improvement requirement (0.141625ms)
✔ DEA tolerance discloses research threshold, precise deviation and near-zero fallback (0.286291ms)
✔ wave evidence separates effective A from original wave and local pivots (0.781084ms)
✔ rounded equal line extrema disclose the precise failed values and witness times (0.164417ms)
✔ comparisons are explicitly research only and preserve B/C axis checks (0.126542ms)
✔ unformed candidate shows Chinese gates, two-decimal values and rejection dates (0.141667ms)
✔ new nonstandard audit explicitly uses full A and first-formed reverse evidence explains gaps (0.122375ms)
ℹ tests 242
ℹ suites 0
ℹ pass 242
ℹ fail 0
ℹ cancelled 0
ℹ skipped 0
ℹ todo 0
ℹ duration_ms 1176.536375
→ 打包中…
→ 运行测试…
京东方评级: D 分数: 34.3
维度明细: 卡玛比率=22.7, 最大回撤=27.5, 胜率=33.5, 利润因子=34.1, 夏普比率=41.5, 波动率=50.1
否决: 利润因子 1.11 接近 1，仅勉强盈亏平衡
长线优质策略评级: B 分数: 64.5
维度权重: 卡玛比率=28%, 最大回撤=26%, 胜率=0%, 利润因子=0%, 夏普比率=23%, 波动率=23%
优质案例评级: A 分数: 83.9
寻优点评级: A 74
组合重算指标: { '年化': '20.83%', '回撤': '0.80%', '夏普': '5.27', '卡玛': '26.03' }
稳定上涨组合评级: S 91.8
波动组合重算: { '回撤': '44.15%', '夏普': '-2.64', '持续': 60 }
波动组合评级: D 18.5
✔ 京东方回测必须评为 D 档（用户核心诉求验证点） (1.711708ms)
✔ 京东方评分应在 30-43 区间（C 与 D 的边界） (0.130458ms)
✔ 低利润因子触发系统亏损否决 (0.081209ms)
✔ 样本不足（< 10 笔交易）降权但不否决整个评级 (0.161ms)
✔ 用户实测场景：6年6笔交易 + 高夏普 → 应得 A/B（核心回归测试） (0.166166ms)
✔ 深回撤 > 60% 触发直接 D 否决 (0.125375ms)
✔ 优质回测应得 A 或 S 档 (0.158459ms)
✔ 高回撤但收益高 → 最高 B（一票否决 cap） (0.096958ms)
✔ 插值函数：边界值取端点分数 (0.068917ms)
✔ 插值函数：中间值线性插值 (0.098ms)
✔ 寻优评级：4 维度降级版 (0.131458ms)
✔ 寻优评级：网格点交易太少 → 降权但评级照常 (0.064208ms)
✔ 组合评级：稳定上涨净值应得 A 或 S (2.015ms)
✔ 组合评级：高波动深回撤净值 → 低档 (0.851833ms)
✔ combinedMetrics：单点净值返回全 0（兜底） (0.175333ms)
ℹ tests 15
ℹ suites 0
ℹ pass 15
ℹ fail 0
ℹ cancelled 0
ℹ skipped 0
ℹ todo 0
ℹ duration_ms 68.3585
