
> web-ui@0.0.0 test
> node scripts/run-tests.mjs

✔ trade lookup keeps the exact minute across separators, precision and days (1.654417ms)
✔ date-only values cannot choose the midnight bar of an ambiguous day (0.084083ms)
✔ daily and duplicate exact timestamps keep first positional matches (0.0925ms)
✔ nanoseconds and timezone text are not truncated into a false match (0.07125ms)
✔ date labels preserve useful precision without local timezone conversion (0.082ms)
✔ higher sources resolve actual records and separate original from current review time (1.189833ms)
✔ base sources and foreign witness rejection have distinct Chinese descriptions (0.099458ms)
✔ inconsistent candidate has no replay evidence: unknown reason (0.077833ms)
✔ inconsistent candidate has no replay evidence: prototype key (0.061542ms)
✔ inconsistent candidate has no replay evidence: future version (0.055291ms)
✔ inconsistent candidate has no replay evidence: future completion (0.047292ms)
✔ inconsistent candidate has no replay evidence: missing time (0.047375ms)
✔ inconsistent candidate has no replay evidence: empty source (2.29975ms)
✔ inconsistent candidate has no replay evidence: duplicate source (0.434792ms)
✔ inconsistent candidate has no replay evidence: unknown source (0.300959ms)
✔ inconsistent candidate has no replay evidence: mixed levels (0.213958ms)
✔ inconsistent candidate has no replay evidence: future child (0.179875ms)
✔ inconsistent candidate has no replay evidence: wrong child level (0.163292ms)
✔ inconsistent candidate has no replay evidence: duplicate record (0.062875ms)
✔ inconsistent candidate has no replay evidence: empty record range (0.056459ms)
✔ inconsistent candidate has no replay evidence: gap (0.053709ms)
✔ inconsistent candidate has no replay evidence: wrong parent range (0.041791ms)
✔ inconsistent candidate has no replay evidence: reversed sources (0.046667ms)
✔ inconsistent candidate has no replay evidence: unsafe base number (0.049083ms)
✔ 80 percent transparency is 20 percent alpha, for both candle directions (0.425041ms)
✔ transparency stays finite, integer, and bounded (0.085ms)
✔ body is symmetric around the unchanged wick across widths and fractional positions (1.441125ms)
✔ horizontal candles preserve every price coordinate (0.103875ms)
✔ missing or non-finite candle layouts are left untouched (0.111833ms)
✔ native ECharts layout remains centred after resize, zoom and data replacement (125.413167ms)
✔ zooming out of large-data line mode restores centred candle bodies (27.1555ms)
✔ structure widths retain existing defaults and hover appearance (0.871166ms)
✔ manual values stay finite, bounded, and at two decimal places (0.134667ms)
✔ raw index overrides rounded dates, including zero (0.449042ms)
✔ legacy intraday dates never fall back to the first bar of the day (0.109541ms)
✔ duplicate formatted times fail safely without a raw index (0.073917ms)
✔ padding keeps the 23px marker plus radius inside the price pane (0.438291ms)
✔ flat, zero and negative ranges get finite padding; invalid extents do not (1.387041ms)
✔ single-bar time link is a thin line limited to each actual plot (0.845708ms)
✔ multi-bar time link has no border and clips to plot, never clamps offscreen data to an edge (0.105292ms)
✔ time links map daily coverage to all minute bars, not a matching ordinal (0.17275ms)
✔ weekly and monthly end-labelled bars cover earlier constituent dates without changing data (5.140833ms)
✔ nearest marker wins regardless of signal family, only co-located points share chooser (0.78725ms)
✔ immutable request cache deduplicates pending work, isolates payload keys and retries errors (0.386584ms)
✔ all six structural types keep extrema and confirmation separate with original evidence (0.631ms)
✔ legacy records do not invent confirmation or structural sources (0.12275ms)
✔ M1 keeps independent MACD source and original direction, never a structural type (0.560042ms)
✔ all chart layers override independent animation and progressive rendering (0.846875ms)
✔ rejects invalid saved zooms (0.766666ms)
✔ same-snapshot redraw keeps current manually chosen view (0.103208ms)
✔ focus redraw keeps manual zoom; clearing restores pre-focus view (0.07675ms)
✔ switching focus preserves the original return view (0.068125ms)
✔ new snapshot resets saved focus view and never revives old zoom (0.072416ms)
✔ default inactive; moving does not show cards and leaving does not deactivate (7.061625ms)
✔ object previews can read date-card activation without activating it (0.200792ms)
✔ click selects a point; outside click closes; inside click is not dismissed (0.131041ms)
✔ activated cards follow movement until outside dismissal, then require another click (2.793167ms)
✔ zoom clears stale coordinates but preserves activation (0.154042ms)
✔ data reset and Escape deactivate; teardown removes all handlers (1.385917ms)
✔ directed centre chain is candidate evidence, not completion (2.014709ms)
✔ touching, opposing, future, overlapping or malformed chains fail closed (0.26075ms)
✔ single-centre and legacy components remain readable (0.070625ms)
✔ inside, border, reversed y and overlapping rectangles resolve newest first (0.767875ms)
✔ invalid or missing render coordinates cannot create hits (0.094084ms)
✔ popup stays within narrow viewport and near-edge right click (0.115083ms)
✔ roles are Chinese and unknown roles never claim completion (0.411042ms)
✔ source ranges keep one-based indices without disguising gaps (0.10475ms)
✔ coverage checks counts, repeats and missing IDs (0.222333ms)
✔ missing, empty and rejected suffix are explicit (0.093042ms)
✔ invalid counts and empty blocks cannot pass the coverage audit (0.081833ms)
✔ uses raw indices, allows shared endpoints and bounds zoom padding (0.839375ms)
✔ does not invent a B interval or infer indices from formatted dates (0.090958ms)
✔ rejects partial, reversed, overlapping and out-of-snapshot evidence (0.115458ms)
✔ allows inspection of historical failed evidence without reviving it (0.102125ms)
✔ local proof draws frozen exact endpoints only after its actual confirmation (0.151458ms)
✔ dual-line divergence uses two exact raw indices, never artificial ABC ranges (0.083292ms)
✔ dual-line focus rejects missing, duplicate, reversed and out-of-range points (0.082292ms)
✔ special wave focus uses AB and its extreme without inventing C (0.096042ms)
✔ direction, family and lifecycle have independent marker styles (1.647583ms)
✔ no-C dual-line remains a circle and fills only on first reverse-pen confirmation (3.129042ms)
✔ M1 is restricted to confirmed waves with a later actual confirmation (0.852625ms)
✔ four families retain independent records and nonstandard uses a triangle (0.242291ms)
✔ October 4 marker matrix uses shape for family and colour only for direction (0.134083ms)
✔ special AB evidence separates A line extrema from both price anchors and legacy pivots (0.138708ms)
✔ history is opt-in, inactive stays grey hollow, never creates M1 (0.122708ms)
✔ every historical shape uses a continuous hollow contour, including on hover (0.122833ms)
✔ new nonstandard evidence relaxes prices only and records each subtype (0.10475ms)
✔ new dual rule cannot fill without recorded later local confirmation (0.106417ms)
✔ historical engineering match retains original timing without claiming regrouping completion (0.996625ms)
✔ future, stale, mismatched or incomplete evidence fails closed (0.293708ms)
✔ older snapshots and unmatched parts keep existing natural audit available (0.062667ms)
✔ engineering provenance uses the same one-based numbering as other inspectors (0.556375ms)
✔ mixed recursion distinguishes consolidation and trend from the old trend view (0.13725ms)
✔ unknown or reversed provenance is not presented as a completed trend (0.071417ms)
✔ indicator and price values use two decimals without inventing missing evidence (0.134292ms)
✔ recursive centre relations never call extension candidates completed types (0.104333ms)
✔ admissions distinguish unit confirmation from later failed-return admission (0.06775ms)
✔ display fields retain all text including dates, provenance, and secondary colons (0.763ms)
✔ narrative, missing evidence, and timestamp headings remain whole (0.090542ms)
✔ all candidate states distinguish eligibility from completed natural types (0.536416ms)
✔ opposite geometry identifies reused next-part evidence, including nonzero source IDs (0.518417ms)
✔ external opposite geometry is not added to candidate membership (0.092125ms)
✔ missing, stale, misattributed or future opposite geometry is not displayed as matched (1.322708ms)
✔ preferred endpoints are never called completed types; conflicts are retained (0.368791ms)
✔ opposite base turn is not same-level completion (0.636125ms)
✔ price formatting preserves zero and boundary contact, guards non-finite values (0.141ms)
✔ candidate audit joins by identity, not response order (0.094417ms)
✔ part audit must match ordinal AND exact raw source IDs, including shifted IDs (0.149ms)
✔ locates the three raw ranges without relabelling them as MACD or confirmed centres (2.018334ms)
✔ candidate must already be observable at the CURRENT replay prefix (1.102917ms)
✔ no incomplete, waiting or unsupported candidate is given a fabricated range (1.066416ms)
✔ raw bar boundaries must be contiguous and inside the visible window (0.179209ms)
✔ source partitions must cover every original segment once, preserving nonzero IDs (0.141333ms)
✔ conflicting geometric fallback remains viewable for manual audit (0.081083ms)
✔ clearing a regrouping focus restores original zoom; a new replay snapshot does not (0.1285ms)
✔ membership labels distinguish source confirmation from later admission (0.46275ms)
✔ admission witness distinguishes confirmation dependency from geometric membership (0.08325ms)
✔ old or malformed evidence never invents an admission witness (0.069084ms)
✔ menus stay inside phone, keyboard and landscape viewports (0.617ms)
✔ near-bottom controls open upwards without changing ordinary desktop width (0.097333ms)
✔ marker hit uses signed stacking offset for both directions, not candle position (0.429125ms)
✔ symbol size and invalid render positions are handled safely (0.082333ms)
✔ aborted late response cannot publish metadata even if transport ignores abort (30.182042ms)
✔ missing provenance or silently changed adjustment never reaches research (1.767667ms)
✔ reported gaps do not falsely label suspension or prevent inspecting valid candles (0.1245ms)
✔ history fetch consumes one verified range and publishes complete metadata only after validation (1.22125ms)
✔ unclosed response never updates provenance or reaches the backtest (2.717667ms)
✔ whole proof validated without mutation, and cross-role ownership remains visible (1.266ms)
✔ stale, future, duplicated, incomplete, falsely completed and mismatched sources rejected (0.342583ms)
✔ base runs cannot masquerade as proofs or own multiple provisional regions (0.079084ms)
✔ blocked covers show full conflicts, never fabricated flattened blocks (0.093666ms)
✔ labels retain provisional scope (0.086208ms)
✔ all seven MA presets are available but only MA5 and MA10 start visible (2.026125ms)
✔ each chart session gets independent editable settings without changing presets (0.338125ms)
✔ MA presets retain the requested yellow, white, purple, green, cyan, orange, red palette (0.436875ms)
✔ legend retains every MA choice and explicit hidden states override stale chart selection (0.534833ms)
✔ cross-boundary details resolve actual input and nested ownership records (3.493917ms)
✔ unowned reverse evidence stays explicitly unowned for boundary rejection (0.132042ms)
✔ foreign witness can be shown for an otherwise single-owner candidate (0.106958ms)
✔ legacy candidates do not invent missing conflict details (0.110083ms)
✔ damaged detail is not presented: mismatched candidate sources (0.079584ms)
✔ damaged detail is not presented: wrong layer (0.080375ms)
✔ damaged detail is not presented: unknown reverse input (0.072542ms)
✔ damaged detail is not presented: wrong reverse range (0.058125ms)
✔ damaged detail is not presented: reverse overlaps prices (0.066708ms)
✔ damaged detail is not presented: future reverse confirmation (0.108083ms)
✔ damaged detail is not presented: wrong reverse time (0.062791ms)
✔ damaged detail is not presented: incomplete domain list (0.062083ms)
✔ damaged detail is not presented: duplicate domains (0.045833ms)
✔ damaged detail is not presented: noncontinuous domain (0.042417ms)
✔ damaged detail is not presented: foreign domain misses witness (0.047208ms)
✔ damaged detail is not presented: false unowned witness (0.045333ms)
✔ damaged detail is not presented: missing nested record (0.0495ms)
✔ damaged detail is not presented: wrong reason (0.051958ms)
✔ only current owner revisions form the displayed ownership set (1.6645ms)
✔ internal provenance remains distinct and validates enclosing ownership (0.353459ms)
✔ parent-covered history is not labeled as an additional effective input (0.0755ms)
✔ nested provenance validates containment and strictly increasing input levels (0.161ms)
✔ current owner labels are distinct from creation IDs and tolerate old snapshots (0.09075ms)
✔ summary mode lists every historical address, not just current versions (17.296291ms)
✔ full and missing legacy snapshots stay readable without inventing history (0.131792ms)
✔ all four analysis paths explicitly request summary delivery without changing input (0.391166ms)
✔ complete lifecycle stays chronological, does not mutate input, and uses Chinese labels (1.29125ms)
✔ legacy or future history is not invented (0.127667ms)
✔ dangling, reordered, duplicated, miscounted and conflicting histories fail closed (0.997583ms)
✔ equal counts cannot hide swapped source identities (0.073916ms)
✔ intermediate event boundaries must equal actual inherited and added sources (0.067917ms)
✔ input evidence must exist at the correct level and be available at admission (0.202875ms)
✔ invalid domain sources, membership and parent context fail closed (0.839666ms)
✔ leftward growth, shifted sources and newly filled merge gaps remain valid (0.731125ms)
✔ both periods exclude future and open candles while retaining original warm-up start (2.944542ms)
✔ snapshot observation time caps cutoff; bar start before cutoff is not enough (0.170667ms)
✔ no timeframe fallback or fabricated candles when historical minute range is unavailable (0.072ms)
✔ index and board snapshots retain NONE adjustment, mismatch is rejected (0.253167ms)
✔ missing completion evidence, timezone timestamps and unordered bars fail explicitly (0.150291ms)
✔ week/month completion boundary comes from provider annotation, not day label (0.115625ms)
✔ forming candles preserve OHLC and use dashed empty outlines (1.029583ms)
✔ forming volume and signed MACD columns preserve values and direction (0.140083ms)
✔ late messages, close and errors from an old socket cannot affect replacement (0.827875ms)
✔ invalid messages and control responses never become ticks; close reason retained (0.453375ms)
✔ matching versions are selected by case identity without mutation (0.881292ms)
✔ future snapshots, wrong rules, incomplete chains and duplicate cases are rejected (0.222958ms)
✔ labels never confuse endpoint consistency or higher-centre proof with completion (0.136ms)
✔ v2 keeps the detached prefix and v1 remains readable (0.307042ms)
✔ v3 supports trend search while retaining the same ownership guards (0.108375ms)
✔ missing, duplicated, misattributed or silently completed prefix is rejected (1.959375ms)
✔ reincorporation is recorded explicitly instead of erasing detached history (0.522708ms)
✔ accepts bounded history and empty verified batches (1.859667ms)
✔ rejects wrong batch, future indices, broken sources and contradictory state (0.261416ms)
✔ research labels distinguish absence, release, retained and internal (0.178708ms)
✔ late old responses cannot own a newer research request (0.92775ms)
✔ submission fields are captured values, not mutable form references (0.431084ms)
✔ snapshot import keeps original data and normalizes optional display metadata (5.76425ms)
✔ reject invalid schema, periods, oversized arrays and impossible candle prices (0.777292ms)
✔ window is exchange local and bounded by the snapshot cutoff (0.472542ms)
✔ missing numbers and candidate status are never promoted (0.077333ms)
✔ amber projection resolves daily and minute labels, ignores open candle (0.262ms)
✔ audit description translates permissions and never renders arbitrary detail fields (0.947291ms)
✔ audit time is explicitly Shanghai time and invalid data remains readable (34.121375ms)
✔ audit API preserves bounded pagination/filter state and authenticated credentials (13.668584ms)
✔ new standard evidence explains price, old blocker and independent special lifecycle (3.608875ms)
✔ new gates include counts, boundary and dates without undefined placeholder (1.416125ms)
✔ legacy comparisons retain old detected confirmed and invalidated dates (0.70775ms)
✔ structure dates remove midnight noise without changing intraday precision (0.811375ms)
✔ centre evidence distinguishes fixed core, outer range and candidate expansion (0.641958ms)
✔ segment evidence includes source prices and reverse proof with one-based labels (0.173042ms)
✔ missing legacy evidence does not invent confirmation (0.108208ms)
✔ special inclusion explains boundary exception without labelling it an ordinary fractal (0.065791ms)
✔ centre relation history distinguishes current candidate from original separation (0.100416ms)
✔ confirmation replay translates raw indices without date matching (0.067375ms)
✔ unknown, invalid or out-of-snapshot confirmations have no replay target (0.075958ms)
✔ connection badge validates shared time, price and alternating direction (0.101625ms)
✔ reverse preview uses observed extreme, not last close or a future target (0.900416ms)
✔ mirrored lows produce an upward reference (0.098542ms)
✔ no invented reference for missing, ambiguous, extending, or invalid inputs (0.108709ms)
✔ replay prefix cannot use a later extreme; ties retain first occurrence (0.089167ms)
✔ ongoing consolidation differs by color, line pattern, and fill (0.098959ms)
✔ cancelling is not terminal and elapsed values remain readable (1.115959ms)
✔ runBacktestWithPolling waits through cancelling and returns cancelled (16.071833ms)
✔ runBacktestWithPolling waits through cancelling and returns timed_out (2.227125ms)
✔ runSignalScanWithPolling waits through cancelling and returns cancelled (1.816083ms)
✔ runSignalScanWithPolling waits through cancelling and returns timed_out (1.762292ms)
✔ cancel API uses POST, and partial cancelled scan results are never accepted (0.497292ms)
✔ persistent recovery and version mismatch are distinct from completion (0.318167ms)
✔ terminal task deletion handles empty 204 and encodes identity (0.135875ms)
✔ checkpoint presence is not confused with verified reuse or task completion (0.28025ms)
✔ cached completed submission is retrieved rather than shown as running (0.208792ms)
✔ network failures are localized across WebKit, Chromium and Firefox (0.159625ms)
✔ exact current revision accepts only its own evidence without mutation (1.489791ms)
✔ old partition, stale version, future evidence and false completion are rejected (0.357875ms)
✔ historical audit cannot import a later opposite segment (0.092917ms)
✔ empty partitions and higher-proof priority retain explicit blockers (0.077416ms)
✔ new blockers use Chinese labels without calling prerequisites completion (0.151542ms)
✔ missing comparison interval is explained in Chinese without inventing a date (0.641708ms)
✔ special diagnostics identify each A indicator witness rather than the price witness (0.171333ms)
✔ nonstandard DEA axis gate remains explicit without an improvement requirement (0.140125ms)
✔ DEA tolerance discloses research threshold, precise deviation and near-zero fallback (0.207375ms)
✔ wave evidence separates effective A from original wave and local pivots (0.818334ms)
✔ rounded equal line extrema disclose the precise failed values and witness times (0.121208ms)
✔ comparisons are explicitly research only and preserve B/C axis checks (0.095708ms)
✔ unformed candidate shows Chinese gates, two-decimal values and rejection dates (0.091167ms)
✔ new nonstandard audit explicitly uses full A and first-formed reverse evidence explains gaps (0.09975ms)
ℹ tests 242
ℹ suites 0
ℹ pass 242
ℹ fail 0
ℹ cancelled 0
ℹ skipped 0
ℹ todo 0
ℹ duration_ms 1024.711542
→ 打包中…
→ 运行测试…
京东方评级: D 分数: 34.3
维度明细: 卡玛比率=22.7, 最大回撤=27.5, 胜率=33.5, 利润因子=34.1, 夏普比率=41.5, 波动率=50.1
否决: 利润因子 1.11 接近 1，仅勉强盈亏平衡
长线优质策略评级: B 分数: 64.5
维度权重: 卡玛比率=28%, 最大回撤=26%, 胜率=0%, 利润因子=0%, 夏普比率=23%, 波动率=23%
优质案例评级: A 分数: 83.9
寻优点评级: A 74
组合重算指标: { '年化': '20.83%', '回撤': '0.80%', '夏普': '5.27', '卡玛': '26.03' }
稳定上涨组合评级: S 91.8
波动组合重算: { '回撤': '44.15%', '夏普': '-2.64', '持续': 60 }
波动组合评级: D 18.5
✔ 新版组合评级使用后端采样，不按图表柱数重新日线年化 (1.179333ms)
✔ 必要风险指标缺失不能展示为零风险或正常评级 (0.2225ms)
✔ 京东方回测必须评为 D 档（用户核心诉求验证点） (0.499375ms)
✔ 京东方评分应在 30-43 区间（C 与 D 的边界） (0.13875ms)
✔ 低利润因子触发系统亏损否决 (0.100167ms)
✔ 样本不足（< 10 笔交易）降权但不否决整个评级 (0.161625ms)
✔ 用户实测场景：6年6笔交易 + 高夏普 → 应得 A/B（核心回归测试） (0.163958ms)
✔ 深回撤 > 60% 触发直接 D 否决 (0.091625ms)
✔ 优质回测应得 A 或 S 档 (0.106917ms)
✔ 高回撤但收益高 → 最高 B（一票否决 cap） (0.121708ms)
✔ 插值函数：边界值取端点分数 (0.061583ms)
✔ 插值函数：中间值线性插值 (0.0565ms)
✔ 寻优评级：4 维度降级版 (0.097959ms)
✔ 寻优评级：网格点交易太少 → 降权但评级照常 (0.053792ms)
✔ 组合评级：稳定上涨净值应得 A 或 S (1.956625ms)
✔ 组合评级：高波动深回撤净值 → 低档 (0.634333ms)
✔ combinedMetrics：单点净值返回全 0（兜底） (0.053791ms)
ℹ tests 17
ℹ suites 0
ℹ pass 17
ℹ fail 0
ℹ cancelled 0
ℹ skipped 0
ℹ todo 0
ℹ duration_ms 60.793125
