
> web-ui@0.0.0 test
> node scripts/run-tests.mjs

✔ legacy local migration keeps original payload, precision, versions and unknown fields without upgrading (1.243208ms)
✔ cloud exports use latest metadata but retain the original immutable payload, not old cloud ID/revision (0.613916ms)
✔ study import preserves successful and failed periods plus original warmup and primary metadata (1.583167ms)
✔ unknown, incomplete, oversized and nonfinite backups are rejected, never uploaded as summaries (159.060333ms)
✔ trade lookup keeps the exact minute across separators, precision and days (0.669292ms)
✔ date-only values cannot choose the midnight bar of an ambiguous day (0.076083ms)
✔ daily and duplicate exact timestamps keep first positional matches (0.070875ms)
✔ nanoseconds and timezone text are not truncated into a false match (0.08025ms)
✔ date labels preserve useful precision without local timezone conversion (0.081417ms)
✔ higher sources resolve actual records and separate original from current review time (1.026083ms)
✔ base sources and foreign witness rejection have distinct Chinese descriptions (0.1395ms)
✔ inconsistent candidate has no replay evidence: unknown reason (0.09125ms)
✔ inconsistent candidate has no replay evidence: prototype key (0.063917ms)
✔ inconsistent candidate has no replay evidence: future version (0.056375ms)
✔ inconsistent candidate has no replay evidence: future completion (0.0505ms)
✔ inconsistent candidate has no replay evidence: missing time (0.047375ms)
✔ inconsistent candidate has no replay evidence: empty source (2.93475ms)
✔ inconsistent candidate has no replay evidence: duplicate source (0.248584ms)
✔ inconsistent candidate has no replay evidence: unknown source (0.415292ms)
✔ inconsistent candidate has no replay evidence: mixed levels (0.159208ms)
✔ inconsistent candidate has no replay evidence: future child (0.132084ms)
✔ inconsistent candidate has no replay evidence: wrong child level (0.120208ms)
✔ inconsistent candidate has no replay evidence: duplicate record (0.127167ms)
✔ inconsistent candidate has no replay evidence: empty record range (0.114417ms)
✔ inconsistent candidate has no replay evidence: gap (0.131583ms)
✔ inconsistent candidate has no replay evidence: wrong parent range (0.087791ms)
✔ inconsistent candidate has no replay evidence: reversed sources (0.083417ms)
✔ inconsistent candidate has no replay evidence: unsafe base number (0.061875ms)
✔ 80 percent transparency is 20 percent alpha, for both candle directions (0.482125ms)
✔ transparency stays finite, integer, and bounded (0.088625ms)
✔ body is symmetric around the unchanged wick across widths and fractional positions (5.002ms)
✔ horizontal candles preserve every price coordinate (0.104458ms)
✔ missing or non-finite candle layouts are left untouched (0.103875ms)
✔ native ECharts layout remains centred after resize, zoom and data replacement (321.432084ms)
✔ zooming out of large-data line mode restores centred candle bodies (38.407ms)
✔ structure widths retain existing defaults and hover appearance (3.116458ms)
✔ manual values stay finite, bounded, and at two decimal places (0.138583ms)
✔ raw index overrides rounded dates, including zero (2.5275ms)
✔ legacy intraday dates never fall back to the first bar of the day (0.105833ms)
✔ duplicate formatted times fail safely without a raw index (0.656625ms)
✔ padding keeps the 23px marker plus radius inside the price pane (0.444458ms)
✔ flat, zero and negative ranges get finite padding; invalid extents do not (0.33475ms)
✔ single-bar time link is a thin line limited to each actual plot (1.167208ms)
✔ multi-bar time link has no border and clips to plot, never clamps offscreen data to an edge (0.111542ms)
✔ time links map daily coverage to all minute bars, not a matching ordinal (0.162708ms)
✔ weekly and monthly end-labelled bars cover earlier constituent dates without changing data (4.596541ms)
✔ nearest marker wins regardless of signal family, only co-located points share chooser (0.218083ms)
✔ immutable request cache deduplicates pending work, isolates payload keys and retries errors (0.625333ms)
✔ all six structural types keep extrema and confirmation separate with original evidence (0.6ms)
✔ legacy records do not invent confirmation or structural sources (2.033292ms)
✔ M1 keeps independent MACD source and original direction, never a structural type (0.359083ms)
✔ all chart layers override independent animation and progressive rendering (0.815042ms)
✔ archive tooltip labels and evidence remain text, not active HTML (0.48025ms)
✔ rejects invalid saved zooms (0.795625ms)
✔ same-snapshot redraw keeps current manually chosen view (0.133084ms)
✔ focus redraw keeps manual zoom; clearing restores pre-focus view (0.080208ms)
✔ switching focus preserves the original return view (0.070583ms)
✔ new snapshot resets saved focus view and never revives old zoom (0.069958ms)
✔ default inactive; moving does not show cards and leaving does not deactivate (2.577333ms)
✔ object previews can read date-card activation without activating it (0.198167ms)
✔ click selects a point; outside click closes; inside click is not dismissed (0.4395ms)
✔ activated cards follow movement until outside dismissal, then require another click (0.223875ms)
✔ zoom clears stale coordinates but preserves activation (0.243375ms)
✔ data reset and Escape deactivate; teardown removes all handlers (0.296708ms)
✔ archive requests bind current owner and bypass browser cache (25.081917ms)
✔ cloud directory validates all rows, quotas and identities without dropping broken entries (5.991375ms)
✔ original detail requires an object payload but action receipts may omit it (1.927125ms)
✔ account change discards delayed success and delayed errors (0.596459ms)
✔ unauthenticated archive requests do not reach server; structured conflicts remain actionable (0.448083ms)
✔ upload retries retain immutable captured body and all numerical precision (0.404917ms)
✔ directed centre chain is candidate evidence, not completion (0.9365ms)
✔ touching, opposing, future, overlapping or malformed chains fail closed (0.254333ms)
✔ single-centre and legacy components remain readable (0.074667ms)
✔ inside, border, reversed y and overlapping rectangles resolve newest first (2.346792ms)
✔ invalid or missing render coordinates cannot create hits (0.394458ms)
✔ popup stays within narrow viewport and near-edge right click (0.542042ms)
✔ roles are Chinese and unknown roles never claim completion (0.431208ms)
✔ source ranges keep one-based indices without disguising gaps (0.093042ms)
✔ coverage checks counts, repeats and missing IDs (0.209292ms)
✔ missing, empty and rejected suffix are explicit (0.124834ms)
✔ invalid counts and empty blocks cannot pass the coverage audit (0.09075ms)
✔ uses raw indices, allows shared endpoints and bounds zoom padding (0.81625ms)
✔ does not invent a B interval or infer indices from formatted dates (0.090917ms)
✔ rejects partial, reversed, overlapping and out-of-snapshot evidence (0.113959ms)
✔ allows inspection of historical failed evidence without reviving it (0.100875ms)
✔ local proof draws frozen exact endpoints only after its actual confirmation (0.150833ms)
✔ dual-line divergence uses two exact raw indices, never artificial ABC ranges (0.082708ms)
✔ dual-line focus rejects missing, duplicate, reversed and out-of-range points (0.080958ms)
✔ special wave focus uses AB and its extreme without inventing C (0.087125ms)
✔ direction, family and lifecycle have independent marker styles (0.556375ms)
✔ no-C dual-line remains a circle and fills only on first reverse-pen confirmation (1.333625ms)
✔ M1 is restricted to confirmed waves with a later actual confirmation (0.161875ms)
✔ four families retain independent records and nonstandard uses a triangle (0.190583ms)
✔ October 4 marker matrix uses shape for family and colour only for direction (0.123042ms)
✔ special AB evidence separates A line extrema from both price anchors and legacy pivots (0.129792ms)
✔ history is opt-in, inactive stays grey hollow, never creates M1 (0.109708ms)
✔ every historical shape uses a continuous hollow contour, including on hover (0.123125ms)
✔ new nonstandard evidence relaxes prices only and records each subtype (0.12025ms)
✔ new dual rule cannot fill without recorded later local confirmation (0.100916ms)
✔ historical engineering match retains original timing without claiming regrouping completion (1.959834ms)
✔ future, stale, mismatched or incomplete evidence fails closed (0.753542ms)
✔ older snapshots and unmatched parts keep existing natural audit available (0.156292ms)
✔ engineering provenance uses the same one-based numbering as other inspectors (0.571542ms)
✔ mixed recursion distinguishes consolidation and trend from the old trend view (0.149125ms)
✔ unknown or reversed provenance is not presented as a completed trend (0.071292ms)
✔ indicator and price values use two decimals without inventing missing evidence (0.076541ms)
✔ recursive centre relations never call extension candidates completed types (0.080833ms)
✔ admissions distinguish unit confirmation from later failed-return admission (0.060417ms)
✔ display fields retain all text including dates, provenance, and secondary colons (1.938917ms)
✔ narrative, missing evidence, and timestamp headings remain whole (0.228833ms)
✔ selects the exact source without replacing missing comparison periods with the primary (0.409333ms)
✔ prefix audit preserves original warmup snapshot and its own instrument and period (0.403334ms)
✔ rejects invalid positions, missing identity and explicitly unclosed prefix data (0.189791ms)
✔ all candidate states distinguish eligibility from completed natural types (0.509541ms)
✔ opposite geometry identifies reused next-part evidence, including nonzero source IDs (2.736709ms)
✔ external opposite geometry is not added to candidate membership (0.265917ms)
✔ missing, stale, misattributed or future opposite geometry is not displayed as matched (1.060709ms)
✔ preferred endpoints are never called completed types; conflicts are retained (0.108917ms)
✔ opposite base turn is not same-level completion (0.122ms)
✔ price formatting preserves zero and boundary contact, guards non-finite values (0.122458ms)
✔ candidate audit joins by identity, not response order (0.080875ms)
✔ part audit must match ordinal AND exact raw source IDs, including shifted IDs (0.142375ms)
✔ locates the three raw ranges without relabelling them as MACD or confirmed centres (0.912ms)
✔ candidate must already be observable at the CURRENT replay prefix (0.154917ms)
✔ no incomplete, waiting or unsupported candidate is given a fabricated range (0.091125ms)
✔ raw bar boundaries must be contiguous and inside the visible window (0.130083ms)
✔ source partitions must cover every original segment once, preserving nonzero IDs (0.120042ms)
✔ conflicting geometric fallback remains viewable for manual audit (0.072875ms)
✔ clearing a regrouping focus restores original zoom; a new replay snapshot does not (0.117166ms)
✔ membership labels distinguish source confirmation from later admission (0.467708ms)
✔ admission witness distinguishes confirmation dependency from geometric membership (0.084334ms)
✔ old or malformed evidence never invents an admission witness (0.106125ms)
✔ menus stay inside phone, keyboard and landscape viewports (0.542542ms)
✔ near-bottom controls open upwards without changing ordinary desktop width (0.099ms)
✔ freeze all supported indicator outputs, warmup holes, volume averages and exact numerical precision (23.655208ms)
✔ frozen playback keeps captured values despite different current prices and never queries APIs (0.654625ms)
✔ malformed or mismatched frozen values fail closed, never fall back to recomputation (1.9715ms)
✔ marker hit uses signed stacking offset for both directions, not candle position (7.741459ms)
✔ symbol size and invalid render positions are handled safely (1.26ms)
✔ aborted late response cannot publish metadata even if transport ignores abort (23.650916ms)
✔ missing provenance or silently changed adjustment never reaches research (0.159167ms)
✔ reported gaps do not falsely label suspension or prevent inspecting valid candles (0.11075ms)
✔ history fetch consumes one verified range and publishes complete metadata only after validation (0.679792ms)
✔ unclosed response never updates provenance or reaches the backtest (0.235541ms)
✔ null, true zero, infinities and real 999 are distinct after JSON roundtrip (0.453ms)
✔ single, saved and comparison results retain authoritative metric basis (0.416ms)
✔ whole proof validated without mutation, and cross-role ownership remains visible (1.01625ms)
✔ stale, future, duplicated, incomplete, falsely completed and mismatched sources rejected (0.307084ms)
✔ base runs cannot masquerade as proofs or own multiple provisional regions (0.07675ms)
✔ blocked covers show full conflicts, never fabricated flattened blocks (0.089291ms)
✔ labels retain provisional scope (0.064208ms)
✔ all seven MA presets are available but only MA5 and MA10 start visible (1.82425ms)
✔ each chart session gets independent editable settings without changing presets (0.173125ms)
✔ MA presets retain the requested yellow, white, purple, green, cyan, orange, red palette (0.178083ms)
✔ legend retains every MA choice and explicit hidden states override stale chart selection (0.304458ms)
✔ cross-boundary details resolve actual input and nested ownership records (1.294584ms)
✔ unowned reverse evidence stays explicitly unowned for boundary rejection (0.110875ms)
✔ foreign witness can be shown for an otherwise single-owner candidate (0.099042ms)
✔ legacy candidates do not invent missing conflict details (0.101208ms)
✔ damaged detail is not presented: mismatched candidate sources (0.0935ms)
✔ damaged detail is not presented: wrong layer (0.236625ms)
✔ damaged detail is not presented: unknown reverse input (0.81625ms)
✔ damaged detail is not presented: wrong reverse range (0.204625ms)
✔ damaged detail is not presented: reverse overlaps prices (0.177458ms)
✔ damaged detail is not presented: future reverse confirmation (0.2475ms)
✔ damaged detail is not presented: wrong reverse time (0.144ms)
✔ damaged detail is not presented: incomplete domain list (1.001167ms)
✔ damaged detail is not presented: duplicate domains (0.185959ms)
✔ damaged detail is not presented: noncontinuous domain (0.105417ms)
✔ damaged detail is not presented: foreign domain misses witness (0.111333ms)
✔ damaged detail is not presented: false unowned witness (0.123625ms)
✔ damaged detail is not presented: missing nested record (0.116041ms)
✔ damaged detail is not presented: wrong reason (0.112959ms)
✔ only current owner revisions form the displayed ownership set (0.751583ms)
✔ internal provenance remains distinct and validates enclosing ownership (0.315458ms)
✔ parent-covered history is not labeled as an additional effective input (0.067792ms)
✔ nested provenance validates containment and strictly increasing input levels (0.153833ms)
✔ current owner labels are distinct from creation IDs and tolerate old snapshots (0.091167ms)
✔ summary mode lists every historical address, not just current versions (0.777291ms)
✔ full and missing legacy snapshots stay readable without inventing history (0.083625ms)
✔ all four analysis paths explicitly request summary delivery without changing input (0.361708ms)
✔ complete lifecycle stays chronological, does not mutate input, and uses Chinese labels (1.337583ms)
✔ legacy or future history is not invented (0.124083ms)
✔ dangling, reordered, duplicated, miscounted and conflicting histories fail closed (9.5795ms)
✔ equal counts cannot hide swapped source identities (0.086042ms)
✔ intermediate event boundaries must equal actual inherited and added sources (0.068416ms)
✔ input evidence must exist at the correct level and be available at admission (1.524708ms)
✔ invalid domain sources, membership and parent context fail closed (0.249375ms)
✔ leftward growth, shifted sources and newly filled merge gaps remain valid (0.167209ms)
✔ both periods exclude future and open candles while retaining original warm-up start (0.596208ms)
✔ snapshot observation time caps cutoff; bar start before cutoff is not enough (0.079417ms)
✔ no timeframe fallback or fabricated candles when historical minute range is unavailable (0.075625ms)
✔ index and board snapshots retain NONE adjustment, mismatch is rejected (0.238416ms)
✔ missing completion evidence, timezone timestamps and unordered bars fail explicitly (0.149083ms)
✔ week/month completion boundary comes from provider annotation, not day label (0.108125ms)
✔ matrix defaults to exactly the five requested periods in image order and six information columns (1.406875ms)
✔ does not turn current reversal observation into a confirmed opposite pen (0.190041ms)
✔ keeps true zero distinct from missing, and numerical display never overwrites original axis judgment (0.122291ms)
✔ keeps divergence family, extrema and actual confirmation separate; never drops records (21.767208ms)
✔ missing pen and divergence are bounded claims; quality limitations stay visible (0.1655ms)
✔ forming candles preserve OHLC and use dashed empty outlines (0.4265ms)
✔ forming volume and signed MACD columns preserve values and direction (0.09525ms)
✔ radar review captures row adjustment, exact minute, strategy and original cutoff (0.933583ms)
✔ invalid or legacy reviews fail explicitly without guessing data or adjustment (1.271125ms)
✔ exchange-local dates validate without browser timezone conversion (1.324375ms)
✔ review excludes future and unclosed bars, resets derived fingerprint and reports actual range without mutating source (0.473ms)
✔ radar cache is owner scoped and malformed/legacy records never enter the UI (0.400709ms)
✔ late messages, close and errors from an old socket cannot affect replacement (0.793166ms)
✔ invalid messages and control responses never become ticks; close reason retained (0.165416ms)
✔ matching versions are selected by case identity without mutation (0.917875ms)
✔ future snapshots, wrong rules, incomplete chains and duplicate cases are rejected (0.213917ms)
✔ labels never confuse endpoint consistency or higher-centre proof with completion (0.138875ms)
✔ v2 keeps the detached prefix and v1 remains readable (0.307667ms)
✔ v3 supports trend search while retaining the same ownership guards (0.112375ms)
✔ missing, duplicated, misattributed or silently completed prefix is rejected (0.322166ms)
✔ reincorporation is recorded explicitly instead of erasing detached history (0.979875ms)
✔ accepts bounded history and empty verified batches (0.5225ms)
✔ rejects wrong batch, future indices, broken sources and contradictory state (0.2235ms)
✔ research labels distinguish absence, release, retained and internal (0.079833ms)
✔ late old responses cannot own a newer research request (0.513209ms)
✔ submission fields are captured values, not mutable form references (1.174458ms)
✔ snapshot import keeps original data and normalizes optional display metadata (2.833791ms)
✔ reject invalid schema, periods, oversized arrays and impossible candle prices (0.769875ms)
✔ cloud archives retain larger frozen windows and all supported distinct periods (8.434708ms)
✔ import keeps valid frozen outputs and rejects mismatched frozen data instead of recomputing (0.895667ms)
✔ window is exchange local and bounded by the snapshot cutoff (0.571375ms)
✔ missing numbers and candidate status are never promoted (0.102583ms)
✔ amber projection resolves daily and minute labels, ignores open candle (0.258375ms)
✔ three workspaces are keyboard traversable without dropping an existing mode (0.74825ms)
✔ mobile comparison shows exactly the selected snapshot; desktop shows both (0.094875ms)
✔ inactive research never starts automatic work, valid active research does (0.083708ms)
✔ audit description translates permissions and never renders arbitrary detail fields (0.92675ms)
✔ audit time is explicitly Shanghai time and invalid data remains readable (41.104292ms)
✔ audit API preserves bounded pagination/filter state and authenticated credentials (67.448208ms)
✔ distinguishes no candidate, failed current audit, and actual invalidation without promoting legacy state (1.05975ms)
✔ filters independent families and directions without merging special and local dual-line evidence (4.628875ms)
✔ searches lifecycle dates and failure reasons with all terms required, retaining original source objects (0.14325ms)
✔ searches diagnostic rejection history without silently reviving historical candidates (0.377916ms)
✔ all excludes bc false, preserves input order and records, and does not infer missing direction (0.135042ms)
✔ legacy diagnostic family is standard, and empty diagnostics do not invent rejection records (0.098958ms)
✔ structural points retain their own confirmation and evidence, never deriving them from a MACD source (0.257875ms)
✔ M1 uses exact existing gates and remains a separate view of its original standard event (0.212292ms)
✔ combined date query finds independent point, prompt and event records without deduplication or additive counts (0.112958ms)
✔ chart date matches structured lifecycle timestamps, not coincidental prose dates (0.229333ms)
✔ minute evidence uses exact exchange-local minute, accepting T/space and refusing missing time (0.111834ms)
✔ chart date includes diagnostic ABC and rejection coverage without inventing open or reversed intervals (0.19975ms)
✔ date scope combines with all filters for structural points and original M1 sources (0.099709ms)
✔ new standard evidence explains price, old blocker and independent special lifecycle (1.138875ms)
✔ new gates include counts, boundary and dates without undefined placeholder (0.21475ms)
✔ legacy comparisons retain old detected confirmed and invalidated dates (0.148625ms)
✔ structure dates remove midnight noise without changing intraday precision (0.89925ms)
✔ centre evidence distinguishes fixed core, outer range and candidate expansion (1.271083ms)
✔ segment evidence includes source prices and reverse proof with one-based labels (0.393666ms)
✔ missing legacy evidence does not invent confirmation (0.391625ms)
✔ special inclusion explains boundary exception without labelling it an ordinary fractal (0.159041ms)
✔ centre relation history distinguishes current candidate from original separation (0.235334ms)
✔ confirmation replay translates raw indices without date matching (0.152584ms)
✔ unknown, invalid or out-of-snapshot confirmations have no replay target (0.197958ms)
✔ connection badge validates shared time, price and alternating direction (0.265375ms)
✔ reverse preview uses observed extreme, not last close or a future target (0.874ms)
✔ mirrored lows produce an upward reference (0.133333ms)
✔ no invented reference for missing, ambiguous, extending, or invalid inputs (0.104667ms)
✔ replay prefix cannot use a later extreme; ties retain first occurrence (0.095583ms)
✔ ongoing consolidation differs by color, line pattern, and fill (0.100375ms)
✔ task list rejects malformed responses instead of replacing records with undefined (19.000334ms)
✔ cancelling is not terminal and elapsed values remain readable (0.146708ms)
✔ runBacktestWithPolling waits through cancelling and returns cancelled (2.013042ms)
✔ runBacktestWithPolling waits through cancelling and returns timed_out (1.059792ms)
✔ runSignalScanWithPolling waits through cancelling and returns cancelled (2.117833ms)
✔ runSignalScanWithPolling waits through cancelling and returns timed_out (0.970666ms)
✔ cancel API uses POST, and partial cancelled scan results are never accepted (0.28325ms)
✔ persistent recovery and version mismatch are distinct from completion (0.28875ms)
✔ terminal task deletion handles empty 204 and encodes identity (0.762458ms)
✔ checkpoint presence is not confused with verified reuse or task completion (0.318ms)
✔ cached completed submission is retrieved rather than shown as running (0.180917ms)
✔ network failures are localized across WebKit, Chromium and Firefox (0.158292ms)
✔ tracking identity separates asset types, exchanges and board catalogues (0.735291ms)
✔ cloud book validates without silently dropping corrupt groups or duplicate entries (0.597666ms)
✔ expansion preserves every member and all board/direct sources, not a 200-row display page (1.580625ms)
✔ membership failure is explicit and malformed partial membership is never accepted (0.230583ms)
✔ batch runs sequentially, keeps partial errors and continues after a failed target (6.82175ms)
✔ cancellation marks in-flight and unstarted rows, ignoring a late success (0.159209ms)
✔ group breadth counts only available periods, never treats failed targets as neutral evidence (0.1955ms)
✔ exact current revision accepts only its own evidence without mutation (1.054166ms)
✔ old partition, stale version, future evidence and false completion are rejected (0.355791ms)
✔ historical audit cannot import a later opposite segment (0.155833ms)
✔ empty partitions and higher-proof priority retain explicit blockers (0.08125ms)
✔ new blockers use Chinese labels without calling prerequisites completion (0.152459ms)
✔ missing comparison interval is explained in Chinese without inventing a date (0.631667ms)
✔ special diagnostics identify each A indicator witness rather than the price witness (0.179291ms)
✔ nonstandard DEA axis gate remains explicit without an improvement requirement (0.134917ms)
✔ DEA tolerance discloses research threshold, precise deviation and near-zero fallback (0.615708ms)
✔ wave evidence separates effective A from original wave and local pivots (0.304875ms)
✔ rounded equal line extrema disclose the precise failed values and witness times (0.134625ms)
✔ comparisons are explicitly research only and preserve B/C axis checks (0.143333ms)
✔ unformed candidate shows Chinese gates, two-decimal values and rejection dates (0.115959ms)
✔ new nonstandard audit explicitly uses full A and first-formed reverse evidence explains gaps (0.11125ms)
ℹ tests 297
ℹ suites 0
ℹ pass 297
ℹ fail 0
ℹ cancelled 0
ℹ skipped 0
ℹ todo 0
ℹ duration_ms 1112.676833
→ 打包中…
→ 运行测试…
京东方评级: D 分数: 34.3
维度明细: 卡玛比率=22.7, 最大回撤=27.5, 胜率=33.5, 利润因子=34.1, 夏普比率=41.5, 波动率=50.1
否决: 利润因子 1.11 接近 1，仅勉强盈亏平衡
长线优质策略评级: B 分数: 64.5
维度权重: 卡玛比率=28%, 最大回撤=26%, 胜率=0%, 利润因子=0%, 夏普比率=23%, 波动率=23%
优质案例评级: A 分数: 83.9
寻优点评级: A 74
组合重算指标: { '年化': '20.83%', '回撤': '0.80%', '夏普': '5.27', '卡玛': '26.03' }
稳定上涨组合评级: S 91.8
波动组合重算: { '回撤': '44.15%', '夏普': '-2.64', '持续': 60 }
波动组合评级: D 18.5
✔ 新版组合评级使用后端采样，不按图表柱数重新日线年化 (1.411458ms)
✔ 必要风险指标缺失不能展示为零风险或正常评级 (0.252291ms)
✔ 无穷比率不等于满分，真实零利润因子仍按亏损判断 (0.330292ms)
✔ 京东方回测必须评为 D 档（用户核心诉求验证点） (0.668417ms)
✔ 京东方评分应在 30-43 区间（C 与 D 的边界） (0.121791ms)
✔ 低利润因子触发系统亏损否决 (0.072917ms)
✔ 样本不足（< 10 笔交易）降权但不否决整个评级 (0.135375ms)
✔ 用户实测场景：6年6笔交易 + 高夏普 → 应得 A/B（核心回归测试） (0.149084ms)
✔ 深回撤 > 60% 触发直接 D 否决 (0.101625ms)
✔ 优质回测应得 A 或 S 档 (0.332291ms)
✔ 高回撤但收益高 → 最高 B（一票否决 cap） (0.121875ms)
✔ 插值函数：边界值取端点分数 (0.060084ms)
✔ 插值函数：中间值线性插值 (0.052917ms)
✔ 寻优评级：4 维度降级版 (0.106209ms)
✔ 寻优评级：网格点交易太少 → 降权但评级照常 (0.054417ms)
✔ 组合评级：稳定上涨净值应得 A 或 S (1.439334ms)
✔ 组合评级：高波动深回撤净值 → 低档 (0.520417ms)
✔ combinedMetrics：单点净值返回全 0（兜底） (0.045875ms)
✔ 历史组合仅保留原值，不从曲线推断日线或重算评级 (0.458416ms)
✔ v1-v4、未知版本及不完整依据不伪装为新版结果 (0.538292ms)
✔ 新版结果使用已记录指标，真实 999 和零不被当作历史哨兵 (0.068083ms)
✔ 指标状态缺失或与数值冲突不能产出评级，包括被降权维度 (0.08625ms)
✔ 低交易样本的真实不可用逐笔指标仍可降权，不误拦截可用净值评级 (0.084416ms)
✔ 寻优逐行核验新版采样与候选状态，输入范围不替代候选证据 (0.103833ms)
✔ 完整快照保留精度、真实 0/999、全部指标及版本且不关联可变输入 (0.659458ms)
✔ 策略保存接受真实 Vue 响应式结果，不因 Proxy 无法 structuredClone 而失败 (0.526542ms)
✔ 再次保存历史指标不补造新版计算或评级依据 (0.090667ms)
✔ 对比展示原值并指出版本、周期、范围与利率差异，不自动重算 (0.230458ms)
ℹ tests 28
ℹ suites 0
ℹ pass 28
ℹ fail 0
ℹ cancelled 0
ℹ skipped 0
ℹ todo 0
ℹ duration_ms 110.59775
