### Page
- Page URL: http://127.0.0.1:8766/account
- Page Title: 股票分析 · Analysis Studio
### Snapshot
```yaml
- generic [ref=e4]:
  - complementary [ref=e5]:
    - button "收起左侧栏" [ref=e11] [cursor=pointer]
    - link "返回股票分析" [ref=e15]:
      - /url: /
      - generic [ref=e20]:
        - strong [ref=e21]: 股票分析
        - generic [ref=e22]: Analysis Studio
    - navigation "主要导航" [ref=e23]:
      - generic [ref=e24]:
        - paragraph [ref=e25]: 分析
        - link "个股分析" [ref=e26]:
          - /url: /
        - link "市场行情" [ref=e33]:
          - /url: /market
        - link "盘中研究" [ref=e39]:
          - /url: /intraday
        - link "缠论结构" [ref=e45]:
          - /url: /chanlun
        - link "信号雷达" [ref=e51]:
          - /url: /signals
        - link "追踪标的" [ref=e58]:
          - /url: /tracking
      - generic [ref=e64]:
        - paragraph [ref=e65]: 研究
        - link "板块研究" [ref=e66]:
          - /url: /boards
        - link "公司资料" [ref=e75]:
          - /url: /company
        - link "扩展市场" [ref=e83]:
          - /url: /extended
        - link "量化研究" [ref=e90]:
          - /url: /quant-research
        - link "组合回测" [ref=e96]:
          - /url: /portfolio
        - link "参数寻优" [ref=e105]:
          - /url: /optimize
        - link "结果对比" [ref=e110]:
          - /url: /compare
        - link "策略库" [ref=e115]:
          - /url: /strategies
      - generic [ref=e121]:
        - paragraph [ref=e122]: 系统
        - link "行情服务器" [ref=e123]:
          - /url: /settings
        - link "个人账户" [ref=e130]:
          - /url: /account
        - link "账户管理" [ref=e137]:
          - /url: /admin/accounts
        - link "数据中心" [ref=e146]:
          - /url: /admin/data
    - link "T tracking-qa 管理员" [ref=e154]:
      - /url: /account
      - generic [ref=e155]: T
      - generic [ref=e156]:
        - strong [ref=e157]: tracking-qa
        - generic [ref=e158]: 管理员
  - generic [ref=e159]:
    - generic [ref=e160]:
      - generic [ref=e161]:
        - heading "个人账户" [level=1] [ref=e173]
        - paragraph [ref=e163]: 查看账户信息并管理个人数据与安全设置
      - generic [ref=e164]:
        - link "个人账户" [ref=e165]:
          - /url: /account
          - generic [ref=e166]: T
          - generic [ref=e167]: tracking-qa
          - generic [ref=e168]: ADMIN
        - button "退出登录" [ref=e169] [cursor=pointer]
    - main [ref=e172]:
      - generic [ref=e174]:
        - generic [ref=e175]:
          - generic [ref=e176]: T
          - generic [ref=e177]:
            - paragraph [ref=e178]: PERSONAL DATA
            - heading "tracking-qa" [level=2] [ref=e179]
            - paragraph [ref=e180]: 你的策略、扫描信号和偏好设置均与此账户关联。
          - generic [ref=e181]: 管理员
        - region "账户概况" [ref=e182]:
          - article [ref=e183]:
            - generic [ref=e184]: 已保存策略
            - strong [ref=e185]: "0"
            - generic [ref=e186]: 仅你可见
          - article [ref=e187]:
            - generic [ref=e188]: 账户状态
            - strong [ref=e189]: 正常
            - generic [ref=e190]: 数据持续保存
          - article [ref=e191]:
            - generic [ref=e192]: 上次登录
            - strong [ref=e193]: 尚无记录
            - generic [ref=e194]: 服务器时间记录
        - group [ref=e195]:
          - generic "› 账户云存档 手动保存 · 跨设备查看" [ref=e196] [cursor=pointer]:
            - text: ›
            - strong [ref=e197]: 账户云存档
            - generic [ref=e198]: 手动保存 · 跨设备查看
        - generic [ref=e199]:
          - generic [ref=e200]:
            - paragraph [ref=e201]: SECURITY
            - heading "修改密码" [level=3] [ref=e202]
            - paragraph [ref=e203]: 设置新密码后，除当前浏览器外的既有会话将失效。
          - generic [ref=e204]:
            - generic [ref=e205]:
              - generic [ref=e206]: 当前密码
              - textbox "当前密码" [ref=e207]
            - generic [ref=e208]:
              - generic [ref=e209]: 新密码
              - textbox "新密码" [ref=e210]
            - generic [ref=e211]:
              - generic [ref=e212]: 确认新密码
              - textbox "确认新密码" [ref=e213]
            - button "保存新密码" [ref=e214] [cursor=pointer]
        - region [ref=e215]:
          - generic [ref=e216]:
            - generic [ref=e217]:
              - heading "后台计算" [level=3] [ref=e218]
              - paragraph [ref=e219]: 仅显示你的最近 20 个任务；页面可见时每 5 秒更新。
            - button "刷新" [ref=e220] [cursor=pointer]
          - paragraph [ref=e221]: 仅显示当前账户的任务。取消中的任务会等待实际计算退出。
          - alert [ref=e222]: 任务列表响应格式异常，未采用该结果；请稍后刷新
          - paragraph [ref=e223]: 暂时无法读取任务
        - region [ref=e224]:
          - generic [ref=e225]:
            - heading "登录会话" [level=3] [ref=e226]
            - paragraph [ref=e227]: 退出所有浏览器与设备的登录，已保存的数据不会删除。
          - button "退出全部设备" [ref=e228] [cursor=pointer]
```
