Downloading ast-serialize (1.2MiB)
Downloading mypy (13.0MiB)
 Downloading ast-serialize
 Downloading mypy
Installed 7 packages in 19ms
src/easy_tdx/chanlun/ownership_history.py:8: error: Missing type arguments for generic type "dict"  [type-arg]
src/easy_tdx/chanlun/ownership_history.py:15: error: Missing type arguments for generic type "dict"  [type-arg]
src/easy_tdx/chanlun/ownership_conflicts.py:9: error: Missing type arguments for generic type "dict"  [type-arg]
src/easy_tdx/chanlun/ownership_conflicts.py:10: error: Missing type arguments for generic type "dict"  [type-arg]
src/easy_tdx/chanlun/ownership_conflicts.py:14: error: Function is missing a type annotation  [no-untyped-def]
src/easy_tdx/chanlun/ownership_conflicts.py:22: error: Call to untyped function "sources" in typed context  [no-untyped-call]
src/easy_tdx/chanlun/ownership_conflicts.py:23: error: Call to untyped function "sources" in typed context  [no-untyped-call]
src/easy_tdx/chanlun/ownership_conflicts.py:29: error: Call to untyped function "sources" in typed context  [no-untyped-call]
src/easy_tdx/chanlun/candidate_audit.py:6: error: Function is missing a type annotation  [no-untyped-def]
src/easy_tdx/chanlun/candidate_audit.py:23: error: Function is missing a type annotation  [no-untyped-def]
src/easy_tdx/chanlun/candidate_audit.py:28: error: Function is missing a type annotation  [no-untyped-def]
src/easy_tdx/chanlun/candidate_audit.py:35: error: Function is missing a type annotation  [no-untyped-def]
src/easy_tdx/chanlun/candidate_audit.py:45: error: Function is missing a type annotation  [no-untyped-def]
src/easy_tdx/chanlun/candidate_audit.py:48: error: Call to untyped function "decision" in typed context  [no-untyped-call]
src/easy_tdx/chanlun/candidate_audit.py:51: error: Function is missing a type annotation  [no-untyped-def]
src/easy_tdx/chanlun/candidate_audit.py:54: error: Call to untyped function "decision" in typed context  [no-untyped-call]
src/easy_tdx/chanlun/candidate_audit.py:54: error: Call to untyped function "attempt" in typed context  [no-untyped-call]
src/easy_tdx/chanlun/types.py:195: error: Missing type arguments for generic type "dict"  [type-arg]
src/easy_tdx/chanlun/types.py:229: error: Missing type arguments for generic type "dict"  [type-arg]
src/easy_tdx/chanlun/types.py:235: error: Missing type arguments for generic type "dict"  [type-arg]
src/easy_tdx/chanlun/types.py:236: error: Missing type arguments for generic type "dict"  [type-arg]
src/easy_tdx/web/bar_snapshot.py:66: error: Missing type arguments for generic type "dict"  [type-arg]
src/easy_tdx/web/bar_snapshot.py:86: error: Need type annotation for "missing_columns" (hint: "missing_columns: set[<type>] = ...")  [var-annotated]
src/easy_tdx/web/bar_snapshot.py:113: error: Need type annotation for "minute_samples" (hint: "minute_samples: list[<type>] = ...")  [var-annotated]
src/easy_tdx/web/bar_snapshot.py:156: error: Missing type arguments for generic type "dict"  [type-arg]
src/easy_tdx/web/bar_snapshot.py:164: error: Missing type arguments for generic type "dict"  [type-arg]
src/easy_tdx/chanlun/xd.py:24: error: Missing type arguments for generic type "dict"  [type-arg]
src/easy_tdx/chanlun/xd.py:31: error: Function is missing a return type annotation  [no-untyped-def]
src/easy_tdx/chanlun/xd.py:79: error: Function is missing a return type annotation  [no-untyped-def]
src/easy_tdx/chanlun/xd.py:139: error: Function is missing a return type annotation  [no-untyped-def]
src/easy_tdx/chanlun/mixed_sources.py:13: error: Missing type arguments for generic type "dict"  [type-arg]
src/easy_tdx/chanlun/mixed_sources.py:14: error: Missing type arguments for generic type "dict"  [type-arg]
src/easy_tdx/chanlun/mixed_sources.py:40: error: "object" has no attribute "append"  [attr-defined]
src/easy_tdx/chanlun/mixed_sources.py:55: error: Incompatible types in assignment (expression has type "dict[Any, Any] | None", variable has type "dict[Any, Any]")  [assignment]
src/easy_tdx/chanlun/mixed_sources.py:65: error: Need type annotation for "spans" (hint: "spans: list[<type>] = ...")  [var-annotated]
src/easy_tdx/chanlun/mixed_sources.py:69: error: "Sequence[Any]" has no attribute "append"  [attr-defined]
src/easy_tdx/chanlun/mixed_sources.py:73: error: "object" has no attribute "append"  [attr-defined]
src/easy_tdx/chanlun/mixed_sources.py:83: error: No overload variant of "__ror__" of "bool" matches argument type "object"  [operator]
src/easy_tdx/chanlun/mixed_sources.py:83: note: Possible overload variants:
src/easy_tdx/chanlun/mixed_sources.py:83: note:     def __ror__(self, bool, /) -> bool
src/easy_tdx/chanlun/mixed_sources.py:83: note:     def __ror__(self, int, /) -> int
src/easy_tdx/chanlun/structure.py:33: error: Missing type arguments for generic type "dict"  [type-arg]
src/easy_tdx/chanlun/structure.py:35: error: Missing type arguments for generic type "dict"  [type-arg]
src/easy_tdx/chanlun/structure.py:36: error: Missing type arguments for generic type "dict"  [type-arg]
src/easy_tdx/chanlun/structure.py:82: error: Missing type arguments for generic type "dict"  [type-arg]
src/easy_tdx/chanlun/structure.py:97: error: Unsupported operand types for <= ("int" and "Integral")  [operator]
src/easy_tdx/chanlun/structure.py:101: error: Missing type arguments for generic type "list"  [type-arg]
src/easy_tdx/chanlun/structure.py:110: error: Function is missing a type annotation  [no-untyped-def]
src/easy_tdx/chanlun/structure.py:116: error: Unsupported operand types for <= ("int" and "None")  [operator]
src/easy_tdx/chanlun/structure.py:116: note: Left operand is of type "int | None"
src/easy_tdx/chanlun/structure.py:117: error: Call to untyped function "reject" in typed context  [no-untyped-call]
src/easy_tdx/chanlun/structure.py:122: error: Call to untyped function "reject" in typed context  [no-untyped-call]
src/easy_tdx/chanlun/structure.py:129: error: Unsupported operand types for > ("int" and "None")  [operator]
src/easy_tdx/chanlun/structure.py:129: note: Left operand is of type "int | None"
src/easy_tdx/chanlun/structure.py:133: error: Call to untyped function "reject" in typed context  [no-untyped-call]
src/easy_tdx/chanlun/structure.py:140: error: Unsupported operand types for <= ("int" and "None")  [operator]
src/easy_tdx/chanlun/structure.py:140: note: Right operand is of type "int | None"
src/easy_tdx/chanlun/structure.py:142: error: Call to untyped function "reject" in typed context  [no-untyped-call]
src/easy_tdx/chanlun/structure.py:153: error: Unsupported operand types for < ("int" and "None")  [operator]
src/easy_tdx/chanlun/structure.py:153: error: Unsupported operand types for > ("int" and "None")  [operator]
src/easy_tdx/chanlun/structure.py:153: error: Unsupported left operand type for < ("None")  [operator]
src/easy_tdx/chanlun/structure.py:153: note: Both left and right operands are unions
src/easy_tdx/chanlun/structure.py:154: error: Call to untyped function "reject" in typed context  [no-untyped-call]
src/easy_tdx/chanlun/structure.py:157: error: Unsupported operand types for >= ("int" and "None")  [operator]
src/easy_tdx/chanlun/structure.py:157: error: Unsupported operand types for <= ("int" and "None")  [operator]
src/easy_tdx/chanlun/structure.py:157: error: Unsupported left operand type for >= ("None")  [operator]
src/easy_tdx/chanlun/structure.py:157: note: Both left and right operands are unions
src/easy_tdx/chanlun/structure.py:164: error: Missing type arguments for generic type "list"  [type-arg]
src/easy_tdx/chanlun/structure.py:196: error: Argument 8 to "StructuralCentre" has incompatible type "int | None"; expected "int"  [arg-type]
src/easy_tdx/chanlun/research_context.py:17: error: Function is missing a type annotation  [no-untyped-def]
src/easy_tdx/chanlun/research_context.py:21: error: Function is missing a type annotation  [no-untyped-def]
src/easy_tdx/chanlun/research_context.py:25: error: Function is missing a type annotation  [no-untyped-def]
src/easy_tdx/chanlun/research_context.py:29: error: Function is missing a type annotation  [no-untyped-def]
src/easy_tdx/chanlun/research_context.py:33: error: Function is missing a type annotation  [no-untyped-def]
src/easy_tdx/chanlun/research_context.py:34: error: Call to untyped function "number" in typed context  [no-untyped-call]
src/easy_tdx/chanlun/research_context.py:35: error: Call to untyped function "number" in typed context  [no-untyped-call]
src/easy_tdx/chanlun/research_context.py:36: error: Call to untyped function "number" in typed context  [no-untyped-call]
src/easy_tdx/chanlun/research_context.py:48: error: Call to untyped function "sign" in typed context  [no-untyped-call]
src/easy_tdx/chanlun/research_context.py:58: error: Call to untyped function "direction" in typed context  [no-untyped-call]
src/easy_tdx/chanlun/research_context.py:84: error: Function is missing a type annotation  [no-untyped-def]
src/easy_tdx/chanlun/research_context.py:107: error: Function is missing a type annotation  [no-untyped-def]
src/easy_tdx/chanlun/research_context.py:110: error: Need type annotation for "tracks" (hint: "tracks: dict[<type>, <type>] = ...")  [var-annotated]
src/easy_tdx/chanlun/research_context.py:114: error: Function is missing a type annotation  [no-untyped-def]
src/easy_tdx/chanlun/research_context.py:119: error: Call to untyped function "stamp" in typed context  [no-untyped-call]
src/easy_tdx/chanlun/research_context.py:123: error: Call to untyped function "stamp" in typed context  [no-untyped-call]
src/easy_tdx/chanlun/research_context.py:134: error: Call to untyped function "record" in typed context  [no-untyped-call]
src/easy_tdx/chanlun/research_context.py:134: error: Call to untyped function "sign" in typed context  [no-untyped-call]
src/easy_tdx/chanlun/research_context.py:135: error: Call to untyped function "record" in typed context  [no-untyped-call]
src/easy_tdx/chanlun/research_context.py:136: error: Call to untyped function "sign" in typed context  [no-untyped-call]
src/easy_tdx/chanlun/research_context.py:137: error: Call to untyped function "sign" in typed context  [no-untyped-call]
src/easy_tdx/chanlun/research_context.py:138: error: Call to untyped function "sign" in typed context  [no-untyped-call]
src/easy_tdx/chanlun/research_context.py:139: error: Call to untyped function "sign" in typed context  [no-untyped-call]
src/easy_tdx/chanlun/research_context.py:140: error: Call to untyped function "record" in typed context  [no-untyped-call]
src/easy_tdx/chanlun/research_context.py:142: error: Call to untyped function "stamp" in typed context  [no-untyped-call]
src/easy_tdx/chanlun/research_context.py:144: error: Call to untyped function "record" in typed context  [no-untyped-call]
src/easy_tdx/chanlun/research_context.py:144: error: Call to untyped function "sign" in typed context  [no-untyped-call]
src/easy_tdx/chanlun/research_context.py:147: error: Call to untyped function "record" in typed context  [no-untyped-call]
src/easy_tdx/chanlun/research_context.py:151: error: Call to untyped function "record" in typed context  [no-untyped-call]
src/easy_tdx/chanlun/research_context.py:152: error: Call to untyped function "sign" in typed context  [no-untyped-call]
src/easy_tdx/chanlun/research_context.py:154: error: Call to untyped function "arrangement" in typed context  [no-untyped-call]
src/easy_tdx/chanlun/research_context.py:159: error: Call to untyped function "stamp" in typed context  [no-untyped-call]
src/easy_tdx/chanlun/research_context.py:160: error: Call to untyped function "stamp" in typed context  [no-untyped-call]
src/easy_tdx/chanlun/research_context.py:170: error: Function is missing a type annotation  [no-untyped-def]
src/easy_tdx/chanlun/research_context.py:176: error: Call to untyped function "stamp" in typed context  [no-untyped-call]
src/easy_tdx/chanlun/research_context.py:177: error: Call to untyped function "stamp" in typed context  [no-untyped-call]
src/easy_tdx/chanlun/research_context.py:179: error: Call to untyped function "stamp" in typed context  [no-untyped-call]
src/easy_tdx/chanlun/research_context.py:191: error: Call to untyped function "stamp" in typed context  [no-untyped-call]
src/easy_tdx/chanlun/research_context.py:203: error: Call to untyped function "stamp" in typed context  [no-untyped-call]
src/easy_tdx/chanlun/research_context.py:216: error: Function is missing a type annotation  [no-untyped-def]
src/easy_tdx/chanlun/research_context.py:222: error: Call to untyped function "pen_direction" in typed context  [no-untyped-call]
src/easy_tdx/chanlun/research_context.py:226: error: Call to untyped function "stamp" in typed context  [no-untyped-call]
src/easy_tdx/chanlun/research_context.py:232: error: Function is missing a type annotation  [no-untyped-def]
src/easy_tdx/chanlun/research_context.py:244: error: Call to untyped function "sign" in typed context  [no-untyped-call]
src/easy_tdx/chanlun/research_context.py:272: error: Call to untyped function "number" in typed context  [no-untyped-call]
src/easy_tdx/chanlun/research_context.py:277: error: Function is missing a type annotation  [no-untyped-def]
src/easy_tdx/chanlun/research_context.py:290: error: Call to untyped function "pair_context" in typed context  [no-untyped-call]
src/easy_tdx/chanlun/research_context.py:291: error: Call to untyped function "indicator_events" in typed context  [no-untyped-call]
src/easy_tdx/chanlun/research_context.py:303: error: Generator has incompatible item type "str | Literal[False] | Any | None"; expected "str"  [misc]
src/easy_tdx/chanlun/research_context.py:306: error: Call to untyped function "sign" in typed context  [no-untyped-call]
src/easy_tdx/chanlun/research_context.py:317: error: Call to untyped function "pen_direction" in typed context  [no-untyped-call]
src/easy_tdx/chanlun/research_context.py:318: error: Call to untyped function "direction_history" in typed context  [no-untyped-call]
src/easy_tdx/chanlun/research_context.py:326: error: Call to untyped function "number" in typed context  [no-untyped-call]
src/easy_tdx/chanlun/research_context.py:327: error: Call to untyped function "number" in typed context  [no-untyped-call]
src/easy_tdx/chanlun/research_context.py:329: error: Call to untyped function "number" in typed context  [no-untyped-call]
src/easy_tdx/chanlun/research_context.py:330: error: Call to untyped function "number" in typed context  [no-untyped-call]
src/easy_tdx/chanlun/research_context.py:332: error: Call to untyped function "stamp" in typed context  [no-untyped-call]
src/easy_tdx/chanlun/research_context.py:336: error: Call to untyped function "arrangement" in typed context  [no-untyped-call]
src/easy_tdx/chanlun/research_context.py:337: error: Call to untyped function "arrangement" in typed context  [no-untyped-call]
src/easy_tdx/chanlun/research_context.py:338: error: Call to untyped function "recent_context" in typed context  [no-untyped-call]
src/easy_tdx/chanlun/pen_consolidation.py:6: error: Missing type arguments for generic type "dict"  [type-arg]
src/easy_tdx/chanlun/divergence_signals.py:27: error: Missing type arguments for generic type "dict"  [type-arg]
src/easy_tdx/chanlun/divergence_signals.py:113: error: Missing type arguments for generic type "dict"  [type-arg]
src/easy_tdx/chanlun/divergence_signals.py:120: error: Missing type arguments for generic type "dict"  [type-arg]
src/easy_tdx/chanlun/divergence_signals.py:148: error: Argument 1 to "setdefault" of "MutableMapping" has incompatible type "int | None"; expected "int"  [arg-type]
src/easy_tdx/chanlun/divergence_signals.py:159: error: Unsupported operand types for <= ("int" and "None")  [operator]
src/easy_tdx/chanlun/divergence_signals.py:159: note: Right operand is of type "int | None"
src/easy_tdx/chanlun/divergence_signals.py:179: error: Unsupported operand types for + ("None" and "int")  [operator]
src/easy_tdx/chanlun/divergence_signals.py:179: note: Left operand is of type "int | None"
src/easy_tdx/chanlun/divergence_signals.py:196: error: Argument 1 to "_can_form_bi" has incompatible type "FX | None"; expected "FX"  [arg-type]
src/easy_tdx/chanlun/divergence_signals.py:218: error: Argument 1 to "extreme_index" has incompatible type "FX | None"; expected "FX"  [arg-type]
src/easy_tdx/chanlun/divergence_signals.py:222: error: Item "None" of "FX | None" has no attribute "klines"  [union-attr]
src/easy_tdx/chanlun/divergence_signals.py:223: error: Item "None" of "FX | None" has no attribute "val"  [union-attr]
src/easy_tdx/chanlun/divergence_signals.py:252: error: Missing type arguments for generic type "dict"  [type-arg]
src/easy_tdx/chanlun/divergence_signals.py:264: error: Missing type arguments for generic type "dict"  [type-arg]
src/easy_tdx/chanlun/divergence_signals.py:300: error: Function is missing a type annotation  [no-untyped-def]
src/easy_tdx/chanlun/divergence_signals.py:305: error: Call to untyped function "gate" in typed context  [no-untyped-call]
src/easy_tdx/chanlun/divergence_signals.py:306: error: Call to untyped function "gate" in typed context  [no-untyped-call]
src/easy_tdx/chanlun/divergence_signals.py:316: error: Call to untyped function "gate" in typed context  [no-untyped-call]
src/easy_tdx/chanlun/divergence_signals.py:371: error: Missing type arguments for generic type "list"  [type-arg]
src/easy_tdx/chanlun/divergence_signals.py:376: error: Missing type arguments for generic type "dict"  [type-arg]
src/easy_tdx/chanlun/divergence_signals.py:384: error: Function is missing a type annotation  [no-untyped-def]
src/easy_tdx/chanlun/divergence_signals.py:388: error: Call to untyped function "gate" in typed context  [no-untyped-call]
src/easy_tdx/chanlun/divergence_signals.py:396: error: Call to untyped function "gate" in typed context  [no-untyped-call]
src/easy_tdx/chanlun/divergence_signals.py:409: error: Call to untyped function "gate" in typed context  [no-untyped-call]
src/easy_tdx/chanlun/divergence_signals.py:414: error: Call to untyped function "gate" in typed context  [no-untyped-call]
src/easy_tdx/chanlun/divergence_signals.py:425: error: Call to untyped function "gate" in typed context  [no-untyped-call]
src/easy_tdx/chanlun/divergence_signals.py:435: error: Call to untyped function "gate" in typed context  [no-untyped-call]
src/easy_tdx/chanlun/divergence_signals.py:447: error: Call to untyped function "gate" in typed context  [no-untyped-call]
src/easy_tdx/chanlun/divergence_signals.py:457: error: Call to untyped function "gate" in typed context  [no-untyped-call]
src/easy_tdx/chanlun/divergence_signals.py:465: error: Incompatible types in assignment (expression has type "dict[str, object]", variable has type "list[float]")  [assignment]
src/easy_tdx/chanlun/divergence_signals.py:469: error: Call to untyped function "gate" in typed context  [no-untyped-call]
src/easy_tdx/chanlun/divergence_signals.py:469: error: Argument after ** must be a mapping, not "list[float]"  [arg-type]
src/easy_tdx/chanlun/divergence_signals.py:471: error: Call to untyped function "gate" in typed context  [no-untyped-call]
src/easy_tdx/chanlun/divergence_signals.py:471: error: Argument after ** must be a mapping, not "list[float]"  [arg-type]
src/easy_tdx/chanlun/divergence_signals.py:477: error: Call to untyped function "gate" in typed context  [no-untyped-call]
src/easy_tdx/chanlun/divergence_signals.py:486: error: No overload variant of "__getitem__" of "list" matches argument type "str"  [call-overload]
src/easy_tdx/chanlun/divergence_signals.py:486: note: Possible overload variants:
src/easy_tdx/chanlun/divergence_signals.py:486: note:     def __getitem__(self, SupportsIndex, /) -> float
src/easy_tdx/chanlun/divergence_signals.py:486: note:     def __getitem__(self, slice[SupportsIndex | None, SupportsIndex | None, SupportsIndex | None], /) -> list[float]
src/easy_tdx/chanlun/divergence_signals.py:487: error: No overload variant of "__getitem__" of "list" matches argument type "str"  [call-overload]
src/easy_tdx/chanlun/divergence_signals.py:487: note: Possible overload variants:
src/easy_tdx/chanlun/divergence_signals.py:487: note:     def __getitem__(self, SupportsIndex, /) -> float
src/easy_tdx/chanlun/divergence_signals.py:487: note:     def __getitem__(self, slice[SupportsIndex | None, SupportsIndex | None, SupportsIndex | None], /) -> list[float]
src/easy_tdx/chanlun/divergence_signals.py:491: error: Missing type arguments for generic type "dict"  [type-arg]
src/easy_tdx/chanlun/divergence_signals.py:512: error: Missing type arguments for generic type "dict"  [type-arg]
src/easy_tdx/chanlun/divergence_signals.py:531: error: Argument 4 to "segment_evidence" has incompatible type "tuple[Any | None, Any | None]"; expected "tuple[int, int]"  [arg-type]
src/easy_tdx/chanlun/divergence_signals.py:540: error: Unsupported operand types for + ("None" and "int")  [operator]
src/easy_tdx/chanlun/divergence_signals.py:540: note: Left operand is of type "Any | None"
src/easy_tdx/chanlun/divergence_signals.py:552: error: Missing type arguments for generic type "dict"  [type-arg]
src/easy_tdx/chanlun/divergence_signals.py:573: error: Missing type arguments for generic type "dict"  [type-arg]
src/easy_tdx/chanlun/divergence_signals.py:581: error: Missing type arguments for generic type "dict"  [type-arg]
src/easy_tdx/chanlun/divergence_signals.py:588: error: Missing type arguments for generic type "dict"  [type-arg]
src/easy_tdx/chanlun/divergence_signals.py:651: error: Invalid index type "int | None" for "list[Kline]"; expected type "SupportsIndex"  [index]
src/easy_tdx/chanlun/divergence_signals.py:654: error: Invalid index type "int | None" for "list[Kline]"; expected type "SupportsIndex"  [index]
src/easy_tdx/chanlun/divergence_signals.py:752: error: Missing type arguments for generic type "dict"  [type-arg]
src/easy_tdx/chanlun/divergence_signals.py:760: error: Invalid index type "int | None" for "list[Kline]"; expected type "SupportsIndex"  [index]
src/easy_tdx/chanlun/divergence_signals.py:761: error: Invalid index type "int | None" for "list[Kline]"; expected type "SupportsIndex"  [index]
src/easy_tdx/chanlun/divergence_signals.py:771: error: Missing type arguments for generic type "dict"  [type-arg]
src/easy_tdx/chanlun/divergence_signals.py:795: error: Missing type arguments for generic type "dict"  [type-arg]
src/easy_tdx/chanlun/divergence_signals.py:796: error: Function is missing a type annotation  [no-untyped-def]
src/easy_tdx/chanlun/divergence_signals.py:798: error: Call to untyped function "stamp" in typed context  [no-untyped-call]
src/easy_tdx/chanlun/divergence_signals.py:799: error: Call to untyped function "stamp" in typed context  [no-untyped-call]
src/easy_tdx/chanlun/divergence_signals.py:800: error: Call to untyped function "stamp" in typed context  [no-untyped-call]
src/easy_tdx/chanlun/divergence_signals.py:801: error: Call to untyped function "stamp" in typed context  [no-untyped-call]
src/easy_tdx/chanlun/divergence_signals.py:802: error: Call to untyped function "stamp" in typed context  [no-untyped-call]
src/easy_tdx/chanlun/extension_recursion.py:24: error: Missing type arguments for generic type "dict"  [type-arg]
src/easy_tdx/chanlun/extension_recursion.py:37: error: Value of type "dict[Any, Any] | None" is not indexable  [index]
src/easy_tdx/chanlun/extension_recursion.py:62: error: Missing type arguments for generic type "dict"  [type-arg]
src/easy_tdx/chanlun/extension_recursion.py:106: error: Missing type arguments for generic type "dict"  [type-arg]
src/easy_tdx/chanlun/extension_recursion.py:118: error: Missing type arguments for generic type "dict"  [type-arg]
src/easy_tdx/chanlun/expansion_regrouping.py:28: error: Missing type arguments for generic type "dict"  [type-arg]
src/easy_tdx/chanlun/expansion_regrouping.py:40: error: Missing type arguments for generic type "dict"  [type-arg]
src/easy_tdx/chanlun/expansion_regrouping.py:44: error: Missing type arguments for generic type "dict"  [type-arg]
src/easy_tdx/chanlun/expansion_regrouping.py:73: error: Item "None" of "XD | None" has no attribute "index"  [union-attr]
src/easy_tdx/chanlun/expansion_regrouping.py:74: error: Item "None" of "XD | None" has no attribute "confirmed_index"  [union-attr]
src/easy_tdx/chanlun/expansion_regrouping.py:76: error: Item "None" of "XD | None" has no attribute "index"  [union-attr]
src/easy_tdx/chanlun/expansion_regrouping.py:76: error: Item "None" of "XD | None" has no attribute "direction"  [union-attr]
src/easy_tdx/chanlun/expansion_regrouping.py:77: error: Item "None" of "XD | None" has no attribute "start"  [union-attr]
src/easy_tdx/chanlun/expansion_regrouping.py:78: error: Item "None" of "XD | None" has no attribute "end"  [union-attr]
src/easy_tdx/chanlun/expansion_regrouping.py:79: error: Item "None" of "XD | None" has no attribute "start"  [union-attr]
src/easy_tdx/chanlun/expansion_regrouping.py:79: error: Item "None" of "XD | None" has no attribute "end"  [union-attr]
src/easy_tdx/chanlun/expansion_regrouping.py:80: error: Item "None" of "XD | None" has no attribute "confirmed_index"  [union-attr]
src/easy_tdx/chanlun/expansion_regrouping.py:83: error: Item "None" of "XD | None" has no attribute "index"  [union-attr]
src/easy_tdx/chanlun/expansion_regrouping.py:98: error: Missing type arguments for generic type "dict"  [type-arg]
src/easy_tdx/chanlun/expansion_regrouping.py:109: error: Missing type arguments for generic type "dict"  [type-arg]
src/easy_tdx/chanlun/expansion_regrouping.py:116: error: Missing type arguments for generic type "dict"  [type-arg]
src/easy_tdx/chanlun/expansion_regrouping.py:138: error: Missing type arguments for generic type "dict"  [type-arg]
src/easy_tdx/chanlun/expansion_regrouping.py:181: error: Missing type arguments for generic type "dict"  [type-arg]
src/easy_tdx/chanlun/expansion_regrouping.py:186: error: Missing type arguments for generic type "dict"  [type-arg]
src/easy_tdx/chanlun/expansion_regrouping.py:192: error: Missing type arguments for generic type "dict"  [type-arg]
src/easy_tdx/chanlun/expansion_regrouping.py:197: error: Missing type arguments for generic type "dict"  [type-arg]
src/easy_tdx/chanlun/expansion_regrouping.py:216: error: Missing type arguments for generic type "dict"  [type-arg]
src/easy_tdx/chanlun/expansion_regrouping.py:248: error: Missing type arguments for generic type "dict"  [type-arg]
src/easy_tdx/chanlun/expansion_regrouping.py:266: error: Missing type arguments for generic type "dict"  [type-arg]
src/easy_tdx/chanlun/expansion_regrouping.py:287: error: Incompatible types in assignment (expression has type "int | None", target has type "bool | list[float] | list[int] | str | None")  [assignment]
src/easy_tdx/chanlun/expansion_regrouping.py:290: error: Invalid index type "int | None" for "dict[int, int]"; expected type "int"  [index]
src/easy_tdx/chanlun/expansion_regrouping.py:301: error: Incompatible types in assignment (expression has type "list[dict[Any, Any]]", target has type "bool | list[float] | list[int] | str | None")  [assignment]
src/easy_tdx/chanlun/decomposition.py:14: error: Missing type arguments for generic type "dict"  [type-arg]
src/easy_tdx/chanlun/decomposition.py:28: error: Missing type arguments for generic type "dict"  [type-arg]
src/easy_tdx/chanlun/decomposition.py:30: error: Incompatible types in assignment (expression has type "int | None", variable has type "StructuralCentre")  [assignment]
src/easy_tdx/chanlun/decomposition.py:30: error: Incompatible types in assignment (expression has type "None", variable has type "StructuralCentre")  [assignment]
src/easy_tdx/web/research_cursor.py:19: error: Function is missing a type annotation  [no-untyped-def]
src/easy_tdx/web/research_cursor.py:24: error: Function is missing a type annotation  [no-untyped-def]
src/easy_tdx/web/research_cursor.py:32: error: Function is missing a type annotation  [no-untyped-def]
src/easy_tdx/chanlun/structure_signals.py:25: error: Missing type arguments for generic type "dict"  [type-arg]
src/easy_tdx/chanlun/structure_signals.py:76: error: Missing type arguments for generic type "dict"  [type-arg]
src/easy_tdx/chanlun/recursive_structure.py:18: error: Missing type arguments for generic type "dict"  [type-arg]
src/easy_tdx/chanlun/recursive_structure.py:19: error: Missing type arguments for generic type "dict"  [type-arg]
src/easy_tdx/chanlun/recursive_structure.py:21: error: Function is missing a type annotation  [no-untyped-def]
src/easy_tdx/chanlun/recursive_structure.py:24: error: Function is missing a type annotation  [no-untyped-def]
src/easy_tdx/chanlun/recursive_structure.py:27: error: Function is missing a type annotation  [no-untyped-def]
src/easy_tdx/chanlun/recursive_structure.py:30: error: Function is missing a type annotation  [no-untyped-def]
src/easy_tdx/chanlun/recursive_structure.py:37: error: Function is missing a type annotation  [no-untyped-def]
src/easy_tdx/chanlun/recursive_structure.py:38: error: Call to untyped function "sources" in typed context  [no-untyped-call]
src/easy_tdx/chanlun/recursive_structure.py:43: error: Call to untyped function "ids" in typed context  [no-untyped-call]
src/easy_tdx/chanlun/recursive_structure.py:48: error: Call to untyped function "admissions" in typed context  [no-untyped-call]
src/easy_tdx/chanlun/recursive_structure.py:49: error: Call to untyped function "proof_snapshot" in typed context  [no-untyped-call]
src/easy_tdx/chanlun/recursive_structure.py:59: error: Call to untyped function "sources" in typed context  [no-untyped-call]
src/easy_tdx/chanlun/recursive_structure.py:68: error: Call to untyped function "ids" in typed context  [no-untyped-call]
src/easy_tdx/chanlun/recursive_structure.py:69: error: Call to untyped function "sources" in typed context  [no-untyped-call]
src/easy_tdx/chanlun/recursive_structure.py:74: error: Call to untyped function "optional_id" in typed context  [no-untyped-call]
src/easy_tdx/chanlun/recursive_structure.py:75: error: Call to untyped function "optional_id" in typed context  [no-untyped-call]
src/easy_tdx/chanlun/recursive_structure.py:76: error: Call to untyped function "admissions" in typed context  [no-untyped-call]
src/easy_tdx/chanlun/recursive_structure.py:88: error: Call to untyped function "ids" in typed context  [no-untyped-call]
src/easy_tdx/chanlun/recursive_structure.py:94: error: Call to untyped function "sources" in typed context  [no-untyped-call]
src/easy_tdx/chanlun/recursive_structure.py:95: error: Call to untyped function "ids" in typed context  [no-untyped-call]
src/easy_tdx/chanlun/recursive_structure.py:98: error: Call to untyped function "proof_snapshot" in typed context  [no-untyped-call]
src/easy_tdx/chanlun/partition_search.py:20: error: Missing type arguments for generic type "dict"  [type-arg]
src/easy_tdx/chanlun/partition_search.py:28: error: Missing type arguments for generic type "dict"  [type-arg]
src/easy_tdx/chanlun/partition_search.py:29: error: Missing type arguments for generic type "dict"  [type-arg]
src/easy_tdx/chanlun/partition_search.py:31: error: Missing type arguments for generic type "dict"  [type-arg]
src/easy_tdx/chanlun/partition_search.py:53: error: Missing type arguments for generic type "dict"  [type-arg]
src/easy_tdx/chanlun/partition_search.py:82: error: Missing type arguments for generic type "dict"  [type-arg]
src/easy_tdx/chanlun/regrouping_versions.py:25: error: Missing type arguments for generic type "dict"  [type-arg]
src/easy_tdx/chanlun/regrouping_versions.py:38: error: Missing type arguments for generic type "dict"  [type-arg]
src/easy_tdx/chanlun/regrouping_versions.py:59: error: Missing type arguments for generic type "dict"  [type-arg]
src/easy_tdx/chanlun/regrouping_versions.py:60: error: Missing type arguments for generic type "dict"  [type-arg]
src/easy_tdx/chanlun/regrouping_versions.py:65: error: Unsupported operand types for >= ("int" and "None")  [operator]
src/easy_tdx/chanlun/regrouping_versions.py:65: note: Left operand is of type "int | None"
src/easy_tdx/chanlun/regrouping_versions.py:71: error: Missing type arguments for generic type "dict"  [type-arg]
src/easy_tdx/chanlun/regrouping_versions.py:72: error: Unsupported operand types for >= ("int" and "None")  [operator]
src/easy_tdx/chanlun/regrouping_versions.py:72: note: Left operand is of type "int | None"
src/easy_tdx/chanlun/regrouping_versions.py:97: error: Missing type arguments for generic type "dict"  [type-arg]
src/easy_tdx/chanlun/regrouping_versions.py:126: error: Missing type arguments for generic type "dict"  [type-arg]
src/easy_tdx/chanlun/regrouping_versions.py:127: error: Missing type arguments for generic type "dict"  [type-arg]
src/easy_tdx/chanlun/regrouping_versions.py:137: error: Argument 4 to "_preferred_proofs" has incompatible type "int | None"; expected "int"  [arg-type]
src/easy_tdx/chanlun/regrouping_versions.py:148: error: Argument 4 to "_preferred_proofs" has incompatible type "int | None"; expected "int"  [arg-type]
src/easy_tdx/chanlun/regrouping_versions.py:200: error: Argument 5 to "_cover_at" has incompatible type "int | None"; expected "int"  [arg-type]
src/easy_tdx/chanlun/regrouping_versions.py:211: error: Argument 3 to "_audit_at" has incompatible type "int | None"; expected "int"  [arg-type]
src/easy_tdx/chanlun/engineering_consolidations.py:29: error: Value of type variable "SupportsRichComparisonT" of "min" cannot be "int | None"  [type-var]
src/easy_tdx/chanlun/engineering_consolidations.py:29: error: Incompatible types in assignment (expression has type "int | None", target has type "int")  [assignment]
src/easy_tdx/chanlun/engineering_consolidations.py:34: error: Missing type arguments for generic type "dict"  [type-arg]
src/easy_tdx/chanlun/engineering_consolidations.py:35: error: Missing type arguments for generic type "list"  [type-arg]
src/easy_tdx/chanlun/engineering_consolidations.py:35: error: Missing type arguments for generic type "dict"  [type-arg]
src/easy_tdx/chanlun/engineering_consolidations.py:38: error: Call to untyped function "pruned" in typed context  [no-untyped-call]
src/easy_tdx/chanlun/engineering_consolidations.py:42: error: Need type annotation for "candidates" (hint: "candidates: list[<type>] = ...")  [var-annotated]
src/easy_tdx/chanlun/engineering_consolidations.py:44: error: Call to untyped function "decision" in typed context  [no-untyped-call]
src/easy_tdx/chanlun/engineering_consolidations.py:44: error: Call to untyped function "attempt" in typed context  [no-untyped-call]
src/easy_tdx/chanlun/engineering_consolidations.py:48: error: Need type annotation for "found_rows" (hint: "found_rows: list[<type>] = ...")  [var-annotated]
src/easy_tdx/chanlun/engineering_consolidations.py:53: error: Unsupported operand types for < ("int" and "None")  [operator]
src/easy_tdx/chanlun/engineering_consolidations.py:53: note: Left operand is of type "int | None"
src/easy_tdx/chanlun/engineering_consolidations.py:54: error: Call to untyped function "pruned" in typed context  [no-untyped-call]
src/easy_tdx/chanlun/engineering_consolidations.py:58: error: Call to untyped function "attempt" in typed context  [no-untyped-call]
src/easy_tdx/chanlun/engineering_consolidations.py:69: error: Call to untyped function "decision" in typed context  [no-untyped-call]
src/easy_tdx/chanlun/engineering_consolidations.py:70: error: Call to untyped function "invalidate" in typed context  [no-untyped-call]
src/easy_tdx/chanlun/engineering_consolidations.py:71: error: Call to untyped function "pruned" in typed context  [no-untyped-call]
src/easy_tdx/chanlun/engineering_consolidations.py:81: error: Call to untyped function "confirmed" in typed context  [no-untyped-call]
src/easy_tdx/chanlun/engineering_consolidations.py:84: error: Call to untyped function "decision" in typed context  [no-untyped-call]
src/easy_tdx/chanlun/engineering_consolidations.py:91: error: Call to untyped function "decision" in typed context  [no-untyped-call]
src/easy_tdx/chanlun/engineering_consolidations.py:97: error: Call to untyped function "decision" in typed context  [no-untyped-call]
src/easy_tdx/chanlun/engineering_consolidations.py:110: error: Call to untyped function "decision" in typed context  [no-untyped-call]
src/easy_tdx/chanlun/engineering_consolidations.py:124: error: Call to untyped function "pending" in typed context  [no-untyped-call]
src/easy_tdx/chanlun/engineering_consolidations.py:125: error: Unsupported operand types for > ("int" and "dict[Any, Any]")  [operator]
src/easy_tdx/chanlun/engineering_consolidations.py:125: error: Unsupported operand types for > ("int" and "None")  [operator]
src/easy_tdx/chanlun/engineering_consolidations.py:125: note: Left operand is of type "list[dict[str, object]] | dict[Any, Any] | float | str | int | None"
src/easy_tdx/chanlun/engineering_consolidations.py:125: error: Unsupported operand types for < ("list[dict[str, object]]" and "int")  [operator]
src/easy_tdx/chanlun/engineering_consolidations.py:125: error: Unsupported operand types for < ("str" and "int")  [operator]
src/easy_tdx/chanlun/nested_recursion.py:9: error: Missing type arguments for generic type "dict"  [type-arg]
src/easy_tdx/chanlun/nested_recursion.py:9: error: Missing type arguments for generic type "tuple"  [type-arg]
src/easy_tdx/chanlun/nested_recursion.py:28: error: Missing type arguments for generic type "dict"  [type-arg]
src/easy_tdx/chanlun/nested_recursion.py:31: error: Missing type arguments for generic type "tuple"  [type-arg]
src/easy_tdx/chanlun/nested_recursion.py:33: error: Missing type arguments for generic type "tuple"  [type-arg]
src/easy_tdx/chanlun/nested_recursion.py:41: error: Missing type arguments for generic type "dict"  [type-arg]
src/easy_tdx/chanlun/nested_recursion.py:42: error: Missing type arguments for generic type "dict"  [type-arg]
src/easy_tdx/chanlun/nested_recursion.py:43: error: Missing type arguments for generic type "tuple"  [type-arg]
src/easy_tdx/chanlun/nested_recursion.py:48: error: Need type annotation for "admitted" (hint: "admitted: dict[<type>, <type>] = ...")  [var-annotated]
src/easy_tdx/chanlun/nested_recursion.py:48: error: Need type annotation for "active" (hint: "active: list[<type>] = ...")  [var-annotated]
src/easy_tdx/chanlun/nested_recursion.py:50: error: Function is missing a type annotation  [no-untyped-def]
src/easy_tdx/chanlun/nested_recursion.py:65: error: Call to untyped function "identity" in typed context  [no-untyped-call]
src/easy_tdx/chanlun/nested_recursion.py:90: error: Incompatible types in assignment (expression has type "list[Any]", variable has type "set[Any]")  [assignment]
src/easy_tdx/chanlun/engineering_trends.py:32: error: Missing type arguments for generic type "dict"  [type-arg]
src/easy_tdx/chanlun/engineering_trends.py:33: error: Missing type arguments for generic type "list"  [type-arg]
src/easy_tdx/chanlun/engineering_trends.py:33: error: Missing type arguments for generic type "dict"  [type-arg]
src/easy_tdx/chanlun/engineering_trends.py:41: error: Call to untyped function "pruned" in typed context  [no-untyped-call]
src/easy_tdx/chanlun/engineering_trends.py:45: error: Need type annotation for "candidates" (hint: "candidates: list[<type>] = ...")  [var-annotated]
src/easy_tdx/chanlun/engineering_trends.py:47: error: Need type annotation for "centres" (hint: "centres: list[<type>] = ...")  [var-annotated]
src/easy_tdx/chanlun/engineering_trends.py:50: error: Need type annotation for "found_rows" (hint: "found_rows: list[<type>] = ...")  [var-annotated]
src/easy_tdx/chanlun/engineering_trends.py:56: error: Unsupported operand types for < ("int" and "None")  [operator]
src/easy_tdx/chanlun/engineering_trends.py:56: note: Left operand is of type "int | None"
src/easy_tdx/chanlun/engineering_trends.py:57: error: Call to untyped function "pruned" in typed context  [no-untyped-call]
src/easy_tdx/chanlun/engineering_trends.py:61: error: Call to untyped function "attempt" in typed context  [no-untyped-call]
src/easy_tdx/chanlun/engineering_trends.py:73: error: Call to untyped function "decision" in typed context  [no-untyped-call]
src/easy_tdx/chanlun/engineering_trends.py:75: error: Call to untyped function "invalidate" in typed context  [no-untyped-call]
src/easy_tdx/chanlun/engineering_trends.py:76: error: Call to untyped function "pruned" in typed context  [no-untyped-call]
src/easy_tdx/chanlun/engineering_trends.py:86: error: Call to untyped function "confirmed" in typed context  [no-untyped-call]
src/easy_tdx/chanlun/engineering_trends.py:89: error: Call to untyped function "decision" in typed context  [no-untyped-call]
src/easy_tdx/chanlun/engineering_trends.py:99: error: Call to untyped function "decision" in typed context  [no-untyped-call]
src/easy_tdx/chanlun/engineering_trends.py:105: error: Call to untyped function "decision" in typed context  [no-untyped-call]
src/easy_tdx/chanlun/engineering_trends.py:115: error: Call to untyped function "decision" in typed context  [no-untyped-call]
src/easy_tdx/chanlun/engineering_trends.py:119: error: Call to untyped function "decision" in typed context  [no-untyped-call]
src/easy_tdx/chanlun/engineering_trends.py:127: error: Call to untyped function "decision" in typed context  [no-untyped-call]
src/easy_tdx/chanlun/engineering_trends.py:140: error: Call to untyped function "pending" in typed context  [no-untyped-call]
src/easy_tdx/chanlun/engineering_trends.py:141: error: Unsupported operand types for > ("int" and "dict[Any, Any]")  [operator]
src/easy_tdx/chanlun/engineering_trends.py:141: error: Unsupported operand types for > ("int" and "None")  [operator]
src/easy_tdx/chanlun/engineering_trends.py:141: note: Left operand is of type "list[dict[str, object]] | dict[Any, Any] | float | str | int | None"
src/easy_tdx/chanlun/engineering_trends.py:141: error: Unsupported operand types for < ("list[dict[str, object]]" and "int")  [operator]
src/easy_tdx/chanlun/engineering_trends.py:141: error: Unsupported operand types for < ("str" and "int")  [operator]
src/easy_tdx/chanlun/engineering_trends.py:159: error: Call to untyped function "decision" in typed context  [no-untyped-call]
src/easy_tdx/chanlun/engineering_trends.py:163: error: Missing type arguments for generic type "dict"  [type-arg]
src/easy_tdx/chanlun/engineering_trends.py:172: error: Item "None" of "XD | None" has no attribute "index"  [union-attr]
src/easy_tdx/chanlun/engineering_trends.py:174: error: List item 0 has incompatible type "XD | None"; expected "XD"  [list-item]
src/easy_tdx/chanlun/engineering_trends.py:180: error: Missing type arguments for generic type "dict"  [type-arg]
src/easy_tdx/chanlun/engineering_trends.py:185: error: Missing type arguments for generic type "dict"  [type-arg]
src/easy_tdx/chanlun/engineering_trends.py:190: error: Missing type arguments for generic type "dict"  [type-arg]
src/easy_tdx/chanlun/engineering_trends.py:197: error: Need type annotation for "starts" (hint: "starts: list[<type>] = ...")  [var-annotated]
src/easy_tdx/chanlun/engineering_trends.py:197: error: Need type annotation for "selected" (hint: "selected: list[<type>] = ...")  [var-annotated]
src/easy_tdx/chanlun/engineering_trends.py:210: error: Function is missing a type annotation for one or more parameters  [no-untyped-def]
src/easy_tdx/chanlun/engineering_trends.py:210: error: Missing type arguments for generic type "dict"  [type-arg]
src/easy_tdx/chanlun/engineering_trends.py:211: error: Missing type arguments for generic type "dict"  [type-arg]
src/easy_tdx/chanlun/engineering_trends.py:212: error: Missing type arguments for generic type "dict"  [type-arg]
src/easy_tdx/chanlun/engineering_trends.py:245: error: Argument 6 to "nested_candidates" has incompatible type "Sequence[object]"; expected "str"  [arg-type]
src/easy_tdx/chanlun/release_review.py:9: error: Function is missing a type annotation  [no-untyped-def]
src/easy_tdx/chanlun/release_review.py:16: error: Function is missing a type annotation  [no-untyped-def]
src/easy_tdx/chanlun/release_review.py:20: error: Need type annotation for "selected" (hint: "selected: list[<type>] = ...")  [var-annotated]
src/easy_tdx/chanlun/release_review.py:28: error: Function is missing a type annotation  [no-untyped-def]
src/easy_tdx/chanlun/release_review.py:49: error: Function is missing a type annotation  [no-untyped-def]
src/easy_tdx/chanlun/layered_ownership.py:22: error: Missing type arguments for generic type "dict"  [type-arg]
src/easy_tdx/chanlun/layered_ownership.py:25: error: Missing type arguments for generic type "dict"  [type-arg]
src/easy_tdx/chanlun/layered_ownership.py:26: error: Need type annotation for "previous" (hint: "previous: dict[<type>, <type>] = ...")  [var-annotated]
src/easy_tdx/chanlun/layered_ownership.py:44: error: Argument 1 to "setdefault" of "MutableMapping" has incompatible type "int | None"; expected "int"  [arg-type]
src/easy_tdx/chanlun/layered_ownership.py:48: error: Missing type arguments for generic type "dict"  [type-arg]
src/easy_tdx/chanlun/layered_ownership.py:50: error: Need type annotation for "domains" (hint: "domains: list[<type>] = ...")  [var-annotated]
src/easy_tdx/chanlun/layered_ownership.py:62: error: Missing type arguments for generic type "dict"  [type-arg]
src/easy_tdx/chanlun/layered_ownership.py:64: error: Need type annotation for "active" (hint: "active: dict[<type>, <type>] = ...")  [var-annotated]
src/easy_tdx/chanlun/layered_ownership.py:74: error: Missing type arguments for generic type "dict"  [type-arg]
src/easy_tdx/chanlun/layered_ownership.py:75: error: Missing type arguments for generic type "dict"  [type-arg]
src/easy_tdx/chanlun/layered_ownership.py:76: error: Missing type arguments for generic type "dict"  [type-arg]
src/easy_tdx/chanlun/layered_ownership.py:115: error: Need type annotation for "admitted" (hint: "admitted: dict[<type>, <type>] = ...")  [var-annotated]
src/easy_tdx/chanlun/layered_ownership.py:115: error: Need type annotation for "active" (hint: "active: list[<type>] = ...")  [var-annotated]
src/easy_tdx/chanlun/layered_ownership.py:163: error: Incompatible types in assignment (expression has type "tuple[Any, Any, list[tuple[Any, Any, Any, Any]], list[dict[str, Any]]]", variable has type "tuple[Any, Any, list[tuple[Any, Any, Any, Any]]]")  [assignment]
src/easy_tdx/chanlun/layered_ownership.py:204: error: "object" has no attribute "append"  [attr-defined]
src/easy_tdx/chanlun/layered_ownership.py:206: error: "object" has no attribute "append"  [attr-defined]
src/easy_tdx/chanlun/layered_ownership.py:213: error: "object" has no attribute "__iter__"; maybe "__dir__" or "__str__"? (not iterable)  [attr-defined]
src/easy_tdx/chanlun/layered_ownership.py:226: error: "object" has no attribute "__iter__"; maybe "__dir__" or "__str__"? (not iterable)  [attr-defined]
src/easy_tdx/chanlun/engineering_completion.py:15: error: Missing type arguments for generic type "dict"  [type-arg]
src/easy_tdx/chanlun/engineering_completion.py:33: error: Missing type arguments for generic type "dict"  [type-arg]
src/easy_tdx/chanlun/engineering_completion.py:63: error: Missing type arguments for generic type "dict"  [type-arg]
src/easy_tdx/chanlun/released_recursion.py:22: error: Function is missing a type annotation  [no-untyped-def]
src/easy_tdx/chanlun/released_recursion.py:26: error: Function is missing a type annotation  [no-untyped-def]
src/easy_tdx/chanlun/released_recursion.py:28: error: Need type annotation for "admitted" (hint: "admitted: dict[<type>, <type>] = ...")  [var-annotated]
src/easy_tdx/chanlun/released_recursion.py:28: error: Need type annotation for "active" (hint: "active: list[<type>] = ...")  [var-annotated]
src/easy_tdx/chanlun/released_recursion.py:51: error: Call to untyped function "_source" in typed context  [no-untyped-call]
src/easy_tdx/chanlun/released_recursion.py:68: error: Function is missing a type annotation  [no-untyped-def]
src/easy_tdx/chanlun/released_recursion.py:112: error: Function is missing a type annotation  [no-untyped-def]
src/easy_tdx/chanlun/released_recursion.py:124: error: Function is missing a type annotation  [no-untyped-def]
src/easy_tdx/chanlun/released_recursion.py:136: error: Call to untyped function "_placement" in typed context  [no-untyped-call]
src/easy_tdx/chanlun/released_recursion.py:141: error: Call to untyped function "_requirements" in typed context  [no-untyped-call]
src/easy_tdx/chanlun/released_recursion.py:149: error: Function is missing a type annotation for one or more parameters  [no-untyped-def]
src/easy_tdx/chanlun/released_recursion.py:149: error: Missing type arguments for generic type "dict"  [type-arg]
src/easy_tdx/chanlun/released_recursion.py:151: error: Missing type arguments for generic type "dict"  [type-arg]
src/easy_tdx/chanlun/released_recursion.py:161: error: Need type annotation for "input_rejections"  [var-annotated]
src/easy_tdx/chanlun/released_recursion.py:182: error: Call to untyped function "_ownership_domains" in typed context  [no-untyped-call]
src/easy_tdx/chanlun/released_recursion.py:184: error: Need type annotation for "layer_trace"  [var-annotated]
src/easy_tdx/chanlun/released_recursion.py:186: error: Need type annotation for "trace"  [var-annotated]
src/easy_tdx/chanlun/released_recursion.py:194: error: Value of type "list[int] | str | int | None" is not indexable  [index]
src/easy_tdx/chanlun/released_recursion.py:195: error: Value of type "list[int] | str | int | None" is not indexable  [index]
src/easy_tdx/chanlun/released_recursion.py:196: error: Item "None" of "list[Any] | None" has no attribute "extend"  [union-attr]
src/easy_tdx/chanlun/released_recursion.py:201: error: Call to untyped function "_source" in typed context  [no-untyped-call]
src/easy_tdx/chanlun/released_recursion.py:206: error: Call to untyped function "_placement" in typed context  [no-untyped-call]
src/easy_tdx/chanlun/released_recursion.py:207: error: Call to untyped function "_requirements" in typed context  [no-untyped-call]
src/easy_tdx/chanlun/released_recursion.py:227: error: Call to untyped function "select_for_review" in typed context  [no-untyped-call]
src/easy_tdx/chanlun/released_recursion.py:229: error: Item "None" of "list[Any] | None" has no attribute "__iter__" (not iterable)  [union-attr]
src/easy_tdx/chanlun/released_recursion.py:242: error: Argument 1 to "len" has incompatible type "list[Any] | None"; expected "Sized"  [arg-type]
src/easy_tdx/chanlun/released_recursion.py:273: error: Need type annotation for "rejected" (hint: "rejected: list[<type>] = ...")  [var-annotated]
src/easy_tdx/chanlun/released_recursion.py:284: error: Call to untyped function "_finalize_placements" in typed context  [no-untyped-call]
src/easy_tdx/chanlun/released_recursion.py:291: error: "object" has no attribute "__iter__"; maybe "__dir__" or "__str__"? (not iterable)  [attr-defined]
src/easy_tdx/chanlun/released_recursion.py:292: error: Need type annotation for "active" (hint: "active: dict[<type>, <type>] = ...")  [var-annotated]
src/easy_tdx/chanlun/released_recursion.py:294: error: "object" has no attribute "__iter__"; maybe "__dir__" or "__str__"? (not iterable)  [attr-defined]
src/easy_tdx/chanlun/released_recursion.py:317: error: Unsupported operand types for < ("int" and "None")  [operator]
src/easy_tdx/chanlun/released_recursion.py:317: note: Left operand is of type "list[int] | str | int | None"
src/easy_tdx/chanlun/released_recursion.py:317: error: Unsupported operand types for > ("list[int]" and "int")  [operator]
src/easy_tdx/chanlun/released_recursion.py:317: error: Unsupported operand types for > ("str" and "int")  [operator]
src/easy_tdx/chanlun/released_recursion.py:319: error: Argument 1 to "set" has incompatible type "list[int] | str | int | None"; expected "Iterable[object]"  [arg-type]
src/easy_tdx/chanlun/released_recursion.py:325: error: Set comprehension has incompatible type Set[int | str | Any]; expected Set[int]  [misc]
src/easy_tdx/chanlun/released_recursion.py:325: error: Item "int" of "list[int] | str | int | None" has no attribute "__iter__" (not iterable)  [union-attr]
src/easy_tdx/chanlun/released_recursion.py:325: error: Item "None" of "list[int] | str | int | None" has no attribute "__iter__" (not iterable)  [union-attr]
src/easy_tdx/chanlun/released_recursion.py:327: error: Item "int" of "list[int] | str | int | None" has no attribute "__iter__" (not iterable)  [union-attr]
src/easy_tdx/chanlun/released_recursion.py:327: error: Item "None" of "list[int] | str | int | None" has no attribute "__iter__" (not iterable)  [union-attr]
src/easy_tdx/chanlun/released_recursion.py:328: error: Need type annotation for "cover" (hint: "cover: list[<type>] = ...")  [var-annotated]
src/easy_tdx/chanlun/released_recursion.py:333: error: Item "None" of "Any | list[int] | str | int | None" has no attribute "append"  [union-attr]
src/easy_tdx/chanlun/released_recursion.py:333: error: Item "str" of "Any | list[int] | str | int | None" has no attribute "append"  [union-attr]
src/easy_tdx/chanlun/released_recursion.py:333: error: Item "int" of "Any | list[int] | str | int | None" has no attribute "append"  [union-attr]
src/easy_tdx/chanlun/released_recursion.py:354: error: Value of type variable "SupportsRichComparisonT" of "max" cannot be "list[int] | str | int | None"  [type-var]
src/easy_tdx/chanlun/analyser.py:95: error: Missing type arguments for generic type "dict"  [type-arg]
src/easy_tdx/chanlun/analyser.py:121: error: Missing type arguments for generic type "dict"  [type-arg]
src/easy_tdx/chanlun/analyser.py:207: error: Missing type arguments for generic type "dict"  [type-arg]
src/easy_tdx/chanlun/analyser.py:226: error: Missing type arguments for generic type "dict"  [type-arg]
src/easy_tdx/chanlun/analyser.py:245: error: Missing type arguments for generic type "dict"  [type-arg]
src/easy_tdx/chanlun/observations.py:8: error: Function is missing a type annotation for one or more parameters  [no-untyped-def]
src/easy_tdx/chanlun/observations.py:10: error: Missing type arguments for generic type "dict"  [type-arg]
src/easy_tdx/chanlun/observations.py:17: error: Function is missing a type annotation  [no-untyped-def]
src/easy_tdx/chanlun/observations.py:20: error: Function is missing a type annotation  [no-untyped-def]
src/easy_tdx/chanlun/observations.py:22: error: Call to untyped function "number" in typed context  [no-untyped-call]
src/easy_tdx/chanlun/observations.py:31: error: Call to untyped function "pair" in typed context  [no-untyped-call]
src/easy_tdx/chanlun/observations.py:64: error: Call to untyped function "build_context" in typed context  [no-untyped-call]
src/easy_tdx/chanlun/observations.py:73: error: Call to untyped function "number" in typed context  [no-untyped-call]
src/easy_tdx/chanlun/observations.py:79: error: Call to untyped function "number" in typed context  [no-untyped-call]
src/easy_tdx/chanlun/exhaustive_recursion.py:16: error: Function is missing a type annotation  [no-untyped-def]
src/easy_tdx/chanlun/exhaustive_recursion.py:22: error: Function is missing a type annotation  [no-untyped-def]
src/easy_tdx/chanlun/exhaustive_recursion.py:23: error: Need type annotation for "selected" (hint: "selected: list[<type>] = ...")  [var-annotated]
src/easy_tdx/chanlun/exhaustive_recursion.py:42: error: Function is missing a return type annotation  [no-untyped-def]
src/easy_tdx/chanlun/exhaustive_recursion.py:51: error: Function is missing a type annotation  [no-untyped-def]
src/easy_tdx/chanlun/exhaustive_recursion.py:52: error: Call to untyped function "SubsetTraversal" in typed context  [no-untyped-call]
src/easy_tdx/chanlun/exhaustive_recursion.py:53: error: Need type annotation for "audit"  [var-annotated]
src/easy_tdx/chanlun/exhaustive_recursion.py:55: error: Call to untyped function "next_path" in typed context  [no-untyped-call]
src/easy_tdx/indicator.py:14: error: Function is missing a type annotation  [no-untyped-def]
src/easy_tdx/backtest/strategies/builtin.py:646: error: Missing type arguments for generic type "ndarray"  [type-arg]
src/easy_tdx/web/market_data.py:23: error: Missing type arguments for generic type "dict"  [type-arg]
src/easy_tdx/web/market_data.py:69: error: Item "None" of "Any | None" has no attribute "get_stock_kline"  [union-attr]
src/easy_tdx/web/market_range.py:18: error: Missing type arguments for generic type "dict"  [type-arg]
src/easy_tdx/web/market_range.py:19: error: Returning Any from function declared to return "str"  [no-any-return]
src/easy_tdx/web/market_range.py:22: error: Missing type arguments for generic type "dict"  [type-arg]
src/easy_tdx/web/market_range.py:35: error: Missing type arguments for generic type "dict"  [type-arg]
src/easy_tdx/web/market_range.py:38: error: Missing type arguments for generic type "dict"  [type-arg]
src/easy_tdx/web/market_range.py:39: error: Missing type arguments for generic type "dict"  [type-arg]
src/easy_tdx/web/market_range.py:40: error: Missing type arguments for generic type "dict"  [type-arg]
src/easy_tdx/web/routers/admin_data.py:29: error: Unsupported left operand type for / ("None")  [operator]
src/easy_tdx/web/routers/admin_data.py:29: note: Left operand is of type "Path | None"
src/easy_tdx/web/routers/admin_data.py:30: error: Unsupported left operand type for / ("None")  [operator]
src/easy_tdx/web/routers/admin_data.py:30: note: Left operand is of type "Path | None"
src/easy_tdx/web/routers/bars.py:90: error: Missing type arguments for generic type "dict"  [type-arg]
src/easy_tdx/web/routers/bars.py:119: error: Missing type arguments for generic type "dict"  [type-arg]
src/easy_tdx/web/routers/bars.py:139: error: Missing type arguments for generic type "dict"  [type-arg]
src/easy_tdx/web/routers/bars.py:177: error: Missing type arguments for generic type "dict"  [type-arg]
src/easy_tdx/web/routers/research.py:37: error: Function is missing a return type annotation  [no-untyped-def]
src/easy_tdx/web/routers/research.py:166: error: Function is missing a type annotation for one or more parameters  [no-untyped-def]
src/easy_tdx/web/routers/chanlun_replay.py:34: error: Function is missing a return type annotation  [no-untyped-def]
src/easy_tdx/web/routers/chanlun_replay.py:47: error: Function is missing a return type annotation  [no-untyped-def]
src/easy_tdx/web/routers/chanlun_replay.py:59: error: Function is missing a return type annotation  [no-untyped-def]
src/easy_tdx/web/routers/chanlun_replay.py:66: error: Missing type arguments for generic type "dict"  [type-arg]
src/easy_tdx/web/routers/chanlun_replay.py:90: error: Function is missing a return type annotation  [no-untyped-def]
src/easy_tdx/web/routers/chanlun_replay.py:107: error: Function is missing a type annotation  [no-untyped-def]
src/easy_tdx/web/routers/chanlun_replay.py:109: error: Call to untyped function "fingerprint" in typed context  [no-untyped-call]
src/easy_tdx/web/routers/chanlun_replay.py:119: error: Missing type arguments for generic type "dict"  [type-arg]
src/easy_tdx/web/routers/chanlun_replay.py:120: error: Call to untyped function "_research_input" in typed context  [no-untyped-call]
src/easy_tdx/web/routers/chanlun_replay.py:122: error: Call to untyped function "decode_cursor" in typed context  [no-untyped-call]
src/easy_tdx/web/routers/chanlun_replay.py:128: error: Call to untyped function "exhaustive_leaf" in typed context  [no-untyped-call]
src/easy_tdx/web/routers/chanlun_replay.py:130: error: Call to untyped function "fingerprint" in typed context  [no-untyped-call]
src/easy_tdx/web/routers/chanlun_replay.py:130: error: Unsupported operand types for + ("object" and "int")  [operator]
src/easy_tdx/web/routers/chanlun_replay.py:130: note: Left operand is of type "Any | object"
src/easy_tdx/web/routers/chanlun_replay.py:131: error: Call to untyped function "encode_cursor" in typed context  [no-untyped-call]
src/easy_tdx/web/routers/chanlun_replay.py:132: error: Unsupported operand types for + ("object" and "int")  [operator]
src/easy_tdx/web/routers/chanlun_replay.py:132: note: Left operand is of type "Any | object"
src/easy_tdx/web/routers/chanlun_replay.py:136: error: Call to untyped function "encode_cursor" in typed context  [no-untyped-call]
src/easy_tdx/web/routers/chanlun_replay.py:148: error: Missing type arguments for generic type "dict"  [type-arg]
src/easy_tdx/web/routers/chanlun_replay.py:149: error: Call to untyped function "_research_input" in typed context  [no-untyped-call]
src/easy_tdx/web/routers/chanlun_replay.py:151: error: Call to untyped function "decode_cursor" in typed context  [no-untyped-call]
src/easy_tdx/web/routers/chanlun_replay.py:153: error: Call to untyped function "exhaustive_leaf" in typed context  [no-untyped-call]
src/easy_tdx/web/routers/chanlun_replay.py:161: error: Need type annotation for "summary" (hint: "summary: dict[<type>, <type>] = ...")  [var-annotated]
src/easy_tdx/web/routers/chanlun_replay.py:175: error: Function is missing a type annotation  [no-untyped-def]
src/easy_tdx/web/routers/chanlun_replay.py:186: error: Missing type arguments for generic type "dict"  [type-arg]
src/easy_tdx/web/routers/chanlun_replay.py:189: error: Call to untyped function "review_state" in typed context  [no-untyped-call]
src/easy_tdx/web/routers/chanlun_replay.py:189: error: Call to untyped function "_release_prefix" in typed context  [no-untyped-call]
src/easy_tdx/web/routers/chanlun_replay.py:192: error: Call to untyped function "review_state" in typed context  [no-untyped-call]
src/easy_tdx/web/routers/chanlun_replay.py:192: error: Call to untyped function "_release_prefix" in typed context  [no-untyped-call]
src/easy_tdx/web/routers/chanlun_replay.py:193: error: Call to untyped function "review_changes" in typed context  [no-untyped-call]
src/easy_tdx/web/routers/chanlun_replay.py:202: error: Missing type arguments for generic type "dict"  [type-arg]
src/easy_tdx/web/routers/chanlun_replay.py:216: error: Missing type arguments for generic type "dict"  [type-arg]
src/easy_tdx/web/routers/chanlun_observations.py:34: error: Function is missing a return type annotation  [no-untyped-def]
src/easy_tdx/web/routers/chanlun_observations.py:44: error: Item "None" of "datetime | None" has no attribute "tzinfo"  [union-attr]
src/easy_tdx/web/routers/chanlun_observations.py:46: error: Unsupported operand types for <= ("datetime" and "None")  [operator]
src/easy_tdx/web/routers/chanlun_observations.py:46: note: Right operand is of type "datetime | None"
src/easy_tdx/web/routers/chanlun_observations.py:46: error: Unsupported operand types for >= ("datetime" and "None")  [operator]
src/easy_tdx/web/routers/chanlun_observations.py:46: note: Left operand is of type "datetime | None"
src/easy_tdx/web/routers/chanlun_observations.py:52: error: Function is missing a return type annotation  [no-untyped-def]
src/easy_tdx/web/routers/chanlun_observations.py:85: error: Function is missing a type annotation  [no-untyped-def]
src/easy_tdx/web/routers/chanlun_observations.py:90: error: Invalid index type "str" for "str"; expected type "SupportsIndex | slice[SupportsIndex | None, SupportsIndex | None, SupportsIndex | None]"  [index]
src/easy_tdx/web/routers/chanlun_observations.py:91: error: Invalid index type "str" for "str"; expected type "SupportsIndex | slice[SupportsIndex | None, SupportsIndex | None, SupportsIndex | None]"  [index]
src/easy_tdx/web/routers/chanlun_observations.py:92: error: Invalid index type "str" for "str"; expected type "SupportsIndex | slice[SupportsIndex | None, SupportsIndex | None, SupportsIndex | None]"  [index]
src/easy_tdx/web/routers/chanlun_observations.py:92: error: Invalid index type "str" for "Literal['MIN_1']"; expected type "SupportsIndex | slice[SupportsIndex | None, SupportsIndex | None, SupportsIndex | None]"  [index]
src/easy_tdx/web/routers/chanlun_observations.py:92: error: Invalid index type "str" for "Literal['MIN_5']"; expected type "SupportsIndex | slice[SupportsIndex | None, SupportsIndex | None, SupportsIndex | None]"  [index]
src/easy_tdx/web/routers/chanlun_observations.py:92: error: Invalid index type "str" for "Literal['MIN_15']"; expected type "SupportsIndex | slice[SupportsIndex | None, SupportsIndex | None, SupportsIndex | None]"  [index]
src/easy_tdx/web/routers/chanlun_observations.py:92: error: Invalid index type "str" for "Literal['MIN_30']"; expected type "SupportsIndex | slice[SupportsIndex | None, SupportsIndex | None, SupportsIndex | None]"  [index]
src/easy_tdx/web/routers/chanlun_observations.py:92: error: Invalid index type "str" for "Literal['MIN_60']"; expected type "SupportsIndex | slice[SupportsIndex | None, SupportsIndex | None, SupportsIndex | None]"  [index]
src/easy_tdx/web/routers/chanlun_observations.py:92: error: Invalid index type "str" for "Literal['MIN_120']"; expected type "SupportsIndex | slice[SupportsIndex | None, SupportsIndex | None, SupportsIndex | None]"  [index]
src/easy_tdx/web/routers/chanlun_observations.py:92: error: Invalid index type "str" for "Literal['DAY']"; expected type "SupportsIndex | slice[SupportsIndex | None, SupportsIndex | None, SupportsIndex | None]"  [index]
src/easy_tdx/web/routers/chanlun_observations.py:92: error: Invalid index type "str" for "Literal['WEEK']"; expected type "SupportsIndex | slice[SupportsIndex | None, SupportsIndex | None, SupportsIndex | None]"  [index]
src/easy_tdx/web/routers/chanlun_observations.py:92: error: Invalid index type "str" for "Literal['MONTH']"; expected type "SupportsIndex | slice[SupportsIndex | None, SupportsIndex | None, SupportsIndex | None]"  [index]
src/easy_tdx/web/routers/chanlun_observations.py:93: error: Call to untyped function "label" in typed context  [no-untyped-call]
src/easy_tdx/web/routers/chanlun_observations.py:94: error: Invalid index type "str" for "str"; expected type "SupportsIndex | slice[SupportsIndex | None, SupportsIndex | None, SupportsIndex | None]"  [index]
src/easy_tdx/web/routers/chanlun_observations.py:95: error: Invalid index type "str" for "str"; expected type "SupportsIndex | slice[SupportsIndex | None, SupportsIndex | None, SupportsIndex | None]"  [index]
src/easy_tdx/web/routers/chanlun_observations.py:96: error: Non-overlapping identity check (left operand type: "Literal['MIN_1', 'MIN_5', 'MIN_15', 'MIN_30', 'MIN_60', 'MIN_120', 'DAY', 'WEEK', 'MONTH'] | str", right operand type: "Literal[False]")  [comparison-overlap]
src/easy_tdx/web/routers/chanlun_observations.py:106: error: Need type annotation for "child"  [var-annotated]
src/easy_tdx/web/routers/chanlun_observations.py:107: error: "str" has no attribute "get"  [attr-defined]
src/easy_tdx/web/routers/chanlun_observations.py:108: error: Invalid index type "Literal['MIN_1', 'MIN_5', 'MIN_15', 'MIN_30', 'MIN_60', 'MIN_120', 'DAY', 'WEEK', 'MONTH'] | str" for "dict[Literal['MIN_1', 'MIN_5', 'MIN_15', 'MIN_30', 'MIN_60', 'MIN_120', 'DAY', 'WEEK', 'MONTH'], Any]"; expected type "Literal['MIN_1', 'MIN_5', 'MIN_15', 'MIN_30', 'MIN_60', 'MIN_120', 'DAY', 'WEEK', 'MONTH']"  [index]
src/easy_tdx/web/routers/chanlun_observations.py:109: error: Item "str" of "str | dict[Any, Any]" has no attribute "get"  [union-attr]
src/easy_tdx/web/routers/chanlun_observations.py:113: error: "str" has no attribute "get"  [attr-defined]
src/easy_tdx/web/routers/chanlun_observations.py:115: error: Invalid index type "str" for "str"; expected type "SupportsIndex | slice[SupportsIndex | None, SupportsIndex | None, SupportsIndex | None]"  [index]
src/easy_tdx/web/routers/chanlun_observations.py:116: error: Invalid index type "str" for "str"; expected type "SupportsIndex | slice[SupportsIndex | None, SupportsIndex | None, SupportsIndex | None]"  [index]
src/easy_tdx/web/routers/chanlun_observations.py:117: error: Value of type "Any | None" is not indexable  [index]
src/easy_tdx/web/routers/chanlun_observations.py:117: error: Invalid index type "str" for "str"; expected type "SupportsIndex | slice[SupportsIndex | None, SupportsIndex | None, SupportsIndex | None]"  [index]
src/easy_tdx/web/routers/chanlun_observations.py:124: error: Item "str" of "str | dict[Never, Never]" has no attribute "get"  [union-attr]
src/easy_tdx/web/routers/chanlun_observations.py:124: error: No overload variant of "get" of "dict" matches argument type "str"  [call-overload]
src/easy_tdx/web/routers/chanlun_observations.py:124: note: Possible overload variants:
src/easy_tdx/web/routers/chanlun_observations.py:124: note:     def get(self, Never, None = ..., /) -> None
src/easy_tdx/web/routers/chanlun_observations.py:124: note:     def get(self, Never, Never, /) -> Never
src/easy_tdx/web/routers/chanlun_observations.py:124: note:     def [_T] get(self, Never, _T, /) -> _T
src/easy_tdx/web/routers/chanlun_observations.py:125: error: Item "str" of "str | dict[Any, Any]" has no attribute "get"  [union-attr]
src/easy_tdx/web/routers/chanlun_observations.py:126: error: Item "str" of "str | dict[Never, Never]" has no attribute "get"  [union-attr]
src/easy_tdx/web/routers/chanlun_observations.py:126: error: No overload variant of "get" of "dict" matches argument type "str"  [call-overload]
src/easy_tdx/web/routers/chanlun_observations.py:126: note: Possible overload variants:
src/easy_tdx/web/routers/chanlun_observations.py:126: note:     def get(self, Never, None = ..., /) -> None
src/easy_tdx/web/routers/chanlun_observations.py:126: note:     def get(self, Never, Never, /) -> Never
src/easy_tdx/web/routers/chanlun_observations.py:126: note:     def [_T] get(self, Never, _T, /) -> _T
src/easy_tdx/web/routers/chanlun_observations.py:128: error: Invalid index type "str" for "str"; expected type "SupportsIndex | slice[SupportsIndex | None, SupportsIndex | None, SupportsIndex | None]"  [index]
src/easy_tdx/web/routers/chanlun_observations.py:129: error: Unsupported target for indexed assignment ("str")  [index]
src/easy_tdx/web/routers/chanlun.py:110: error: Function is missing a return type annotation  [no-untyped-def]
src/easy_tdx/web/routers/chanlun.py:166: error: Function is missing a return type annotation  [no-untyped-def]
src/easy_tdx/web/routers/chanlun.py:176: error: Returning Any from function declared to return "dict[str, Any]"  [no-any-return]
Found 521 errors in 39 files (checked 265 source files)
