### Page
- Page URL: http://127.0.0.1:18094/chanlun?symbol=300750
- Page Title: 股票分析 · Analysis Studio
### Snapshot
```yaml
- generic [ref=f1e5]:
  - generic [ref=f1e6]:
    - button "打开导航" [ref=f1e7] [cursor=pointer]: ☰
    - heading "缠论结构" [level=1] [ref=f1e17]
    - generic [ref=f1e10]:
      - link "个人账户" [ref=f1e11]:
        - /url: /account
        - generic [ref=f1e12]: 本
      - button "退出登录" [ref=f1e13] [cursor=pointer]
  - main [ref=f1e16]:
    - generic [ref=f1e18]:
      - button "分析设置 · 300750 展开" [ref=f1e236] [cursor=pointer]:
        - generic [ref=f1e20]: 分析设置 · 300750
        - generic [ref=f1e21]: 展开
      - main [ref=f1e161]:
        - generic [ref=f1e237]:
          - generic [ref=f1e238]:
            - generic [ref=f1e239]:
              - generic [ref=f1e240]:
                - generic "个股 · 300750" [ref=f1e241]
                - generic [ref=f1e242]: DAY
              - paragraph [ref=f1e245]: 当前 向下笔 · 进行中，尚未形成中枢
            - generic [ref=f1e246]:
              - generic [ref=f1e247]:
                - strong [ref=f1e248]: "240"
                - generic [ref=f1e249]: 原始 K 线
              - generic [ref=f1e250]:
                - strong [ref=f1e251]: "183"
                - generic [ref=f1e252]: 合并 K 线
              - generic [ref=f1e253]:
                - strong [ref=f1e254]: "93"
                - generic [ref=f1e255]: 分型
              - generic [ref=f1e256]:
                - strong [ref=f1e257]: "18"
                - generic [ref=f1e258]: 笔
              - generic [ref=f1e259]:
                - strong [ref=f1e260]: "0"
                - generic [ref=f1e261]: 基础中枢
              - generic [ref=f1e262]:
                - strong [ref=f1e263]: "2"
                - generic [ref=f1e264]: 线段
              - generic [ref=f1e265]:
                - strong [ref=f1e266]: "0"
                - generic [ref=f1e267]: 买卖点
              - generic [ref=f1e268]:
                - strong [ref=f1e269]: "2"
                - generic [ref=f1e270]: 背离 / 背驰
          - generic [ref=f1e271]:
            - region "行情数据口径" [ref=f1e272]:
              - group [ref=f1e273]:
                - generic "› 数据口径 MAC 行情 · 前复权 收盘截至 2026-10-09 15:00:00" [ref=f1e274] [cursor=pointer]:
                  - text: ›
                  - strong [ref=f1e275]: 数据口径
                  - generic [ref=f1e276]: MAC 行情 · 前复权
                  - time [ref=f1e277]: 收盘截至 2026-10-09 15:00:00
            - paragraph [ref=f1e278]: 线段基础结构 · 研究版 — 高层级递归尚未完成；买卖点标在极值处，交易依据为确认时间。
            - generic [ref=f1e279]:
              - generic [ref=f1e280]:
                - generic [ref=f1e281]:
                  - strong [ref=f1e282]: 快照末尾
                  - button "回放上一根 K 线" [ref=f1e283] [cursor=pointer]: 上一根
                  - slider "K 线回放位置" [ref=f1e284] [cursor=pointer]: "240"
                  - button "回放下一根 K 线" [disabled] [ref=f1e285]: 下一根
                - generic [ref=f1e286]:
                  - status [ref=f1e287]: 2026-10-09 · 240/240
                  - button "返回末尾" [disabled] [ref=f1e288]
              - generic [ref=f1e289]: 按当前标的快照回放，不代表历史当天的数据版本；个股与行业对比时采用共同截止点。
            - generic [ref=f1e290]:
              - generic [ref=f1e291]: 所属行业
              - generic [ref=f1e292]: 暂无行业归属数据
            - region "多周期图表对比" [ref=f1e293]:
              - generic [ref=f1e294]:
                - generic [ref=f1e295]:
                  - strong [ref=f1e296]: 多周期图表
                  - generic [ref=f1e297]: 主周期 日线
                - generic [ref=f1e298]:
                  - generic [ref=f1e299]: 对照周期
                  - combobox "对照周期" [ref=f1e301] [cursor=pointer]:
                    - generic [ref=f1e302]: 30 分钟
                  - button "生成对比" [ref=f1e305] [cursor=pointer]
              - status [ref=f1e306]: 选择另一个周期，查看同一标的的独立分析，或与主周期上下对比。
              - generic [ref=f1e308]:
                - generic [ref=f1e309]:
                  - generic [ref=f1e310]:
                    - heading "个股 · 300750 · 日线" [level=3] [ref=f1e311]
                    - paragraph [ref=f1e312]: 均线与缠论结构叠加；可在下方选择技术指标。
                  - generic [ref=f1e313]:
                    - generic [ref=f1e314]:
                      - generic [ref=f1e315]: 笔
                      - generic [ref=f1e316]: 盘整进行中
                      - generic [ref=f1e320]: 待成笔方向 · 观察
                      - generic [ref=f1e321]: 中枢
                      - generic [ref=f1e322]: 线段
                      - generic [ref=f1e323]: 底背离／背驰
                      - generic [ref=f1e324]: 顶背离／背驰
                    - generic [ref=f1e325] [cursor=pointer]:
                      - checkbox "显示失效历史" [checked] [ref=f1e326]
                      - generic [ref=f1e327]: 显示失效历史
                    - button "全屏查看个股 · 300750 · 日线" [ref=f1e328] [cursor=pointer]
                - generic [ref=f1e332]:
                  - group "均线显示开关" [ref=f1e333]:
                    - button "MA5" [pressed] [ref=f1e334] [cursor=pointer]
                    - button "MA10" [pressed] [ref=f1e336] [cursor=pointer]
                    - button "MA20" [ref=f1e338] [cursor=pointer]
                    - button "MA30" [ref=f1e340] [cursor=pointer]
                    - button "MA60" [ref=f1e342] [cursor=pointer]
                    - button "MA120" [ref=f1e344] [cursor=pointer]
                    - button "MA250" [ref=f1e346] [cursor=pointer]
                  - generic [ref=f1e351]:
                    - generic [ref=f1e352]: 右键盘整矩形，查看区间详情
                    - button "查看盘整详情" [ref=f1e353] [cursor=pointer]
                  - generic [ref=f1e354]:
                    - generic [ref=f1e355]: 右键背离／背驰标记，查看状态与依据
                    - button "查看背离详情" [ref=f1e356] [cursor=pointer]
                  - paragraph [ref=f1e357]: 琥珀虚线＝待成笔方向 · 仅连接可见已收盘行情的反向运动，端点可变；突破观察极值即撤销，不改变严格笔。
                  - paragraph [ref=f1e358]: 圆形＝双线 · 菱形＝标准 · 三角形＝非标准 · 大菱形＝特殊 · 底紫顶绿 · 彩色空心＝候选 · 实心＝确认 · 灰色空心＝已失效／被替代
                  - generic [ref=f1e359]:
                    - generic [ref=f1e360]: 技术指标 · 可同时显示多个
                    - button "＋ 添加指标" [ref=f1e361] [cursor=pointer]
                  - generic [ref=f1e362]:
                    - button "移除第 1 个指标" [ref=f1e363] [cursor=pointer]: 移除
                    - generic [ref=f1e364]:
                      - generic [ref=f1e367]:
                        - strong [ref=f1e368]: 技术指标
                        - generic [ref=f1e369]: 比较成交活跃程度，并显示 5、10 周期平均成交量。
                      - generic [ref=f1e370]:
                        - radiogroup "常用技术指标" [ref=f1e371]:
                          - radio "无指标" [ref=f1e372] [cursor=pointer]
                          - radio "成交量" [checked] [ref=f1e373] [cursor=pointer]
                          - radio "MACD" [ref=f1e374] [cursor=pointer]
                          - radio "KDJ" [ref=f1e375] [cursor=pointer]
                          - radio "RSI" [ref=f1e376] [cursor=pointer]
                          - radio "BOLL" [ref=f1e377] [cursor=pointer]
                        - button "全部指标" [ref=f1e378] [cursor=pointer]
                  - generic [ref=f1e382]:
                    - button "移除第 2 个指标" [ref=f1e383] [cursor=pointer]: 移除
                    - generic [ref=f1e384]:
                      - generic [ref=f1e387]:
                        - strong [ref=f1e388]: 技术指标
                        - generic [ref=f1e389]: 用快慢均线差观察趋势方向与动能变化。
                      - generic [ref=f1e390]:
                        - radiogroup "常用技术指标" [ref=f1e391]:
                          - radio "无指标" [ref=f1e392] [cursor=pointer]
                          - radio "成交量" [ref=f1e393] [cursor=pointer]
                          - radio "MACD" [checked] [ref=f1e394] [cursor=pointer]
                          - radio "KDJ" [ref=f1e395] [cursor=pointer]
                          - radio "RSI" [ref=f1e396] [cursor=pointer]
                          - radio "BOLL" [ref=f1e397] [cursor=pointer]
                        - button "全部指标" [ref=f1e398] [cursor=pointer]
              - group [ref=f1e402]:
                - generic "周期明细审核 个股 · 300750 · 日线 · 240 根" [ref=f1e403] [cursor=pointer]:
                  - strong [ref=f1e404]: 周期明细审核
                  - generic [ref=f1e405]: 个股 · 300750 · 日线 · 240 根
              - group [ref=f1e406]:
                - generic "研究偏好与快照 账户偏好 · 本地快照" [ref=f1e407] [cursor=pointer]:
                  - strong [ref=f1e408]: 研究偏好与快照
                  - generic [ref=f1e409]: 账户偏好 · 本地快照
            - group [ref=f1e410]:
              - generic "三笔盘整 4 组 笔级重叠 · 非中枢" [ref=f1e411] [cursor=pointer]:
                - strong [ref=f1e412]: 三笔盘整 4 组
                - generic [ref=f1e413]: 笔级重叠 · 非中枢
            - group [ref=f1e414]:
              - generic "多周期概览 · 300750 量价、动能、严格笔与背离" [ref=f1e415] [cursor=pointer]:
                - strong [ref=f1e416]: 多周期概览 · 300750
                - generic [ref=f1e417]: 量价、动能、严格笔与背离
              - generic [ref=f1e418]:
                - generic [ref=f1e419]:
                  - generic [ref=f1e420]:
                    - generic [ref=f1e421]: 共同截止
                    - time [ref=f1e422]: 2026-10-09 15:00:00
                  - generic [ref=f1e423]:
                    - checkbox "自动更新" [checked] [ref=f1e424]
                    - text: 自动更新
                  - button "更新概览" [ref=f1e572] [cursor=pointer]
                  - button "保存研究快照" [ref=f1e426] [cursor=pointer]
                - region "多周期概览表" [ref=f1e427]:
                  - paragraph [ref=f1e428]: 横向查看各项信息；点击周期查看完整依据。成交量均线沿用行情原始口径，同周期比较；数值显示两位小数，判定使用未舍入值。
                  - region "多周期概览数据，可横向滚动" [active] [ref=f1e429]:
                    - table [ref=f1e430]:
                      - caption [ref=f1e431]: 所选标的按周期汇总的量价、动能、严格笔与背离信息
                      - rowgroup [ref=f1e432]:
                        - row [ref=f1e433]:
                          - columnheader "周期" [ref=f1e434]
                          - columnheader "均线 / 价格" [ref=f1e435]
                          - columnheader "成交量" [ref=f1e436]
                          - columnheader "MACD" [ref=f1e437]
                          - columnheader "严格笔与当前方向" [ref=f1e438]
                          - columnheader "背离" [ref=f1e439]
                          - columnheader "其他" [ref=f1e440]
                      - rowgroup [ref=f1e441]:
                        - row [ref=f1e573]:
                          - rowheader [ref=f1e574]:
                            - button "查看周线完整依据" [ref=f1e575] [cursor=pointer]:
                              - text: 周线
                              - generic [aria-hidden] [ref=f1e576]: ↗
                            - generic [ref=f1e577]:
                              - text: 已收盘截止
                              - time [ref=f1e578]: 2026-10-09 15:00:00
                          - cell [ref=f1e579]:
                            - paragraph [ref=f1e580]: 收盘 297.75
                            - paragraph [ref=f1e581]: MA5 302.96 / MA10 340.61
                            - paragraph [ref=f1e582]: 短期空头展开，双线共同下降
                            - paragraph [ref=f1e583]: 多头未排列 · 空头至 MA30
                          - cell [ref=f1e584]:
                            - paragraph [ref=f1e585]: MAVOL5 1463786.20
                            - paragraph [ref=f1e586]: MAVOL10 1310723.40
                            - paragraph [ref=f1e587]: 短期均量优势扩大
                            - paragraph [ref=f1e588]: 本根 / 前 20 根均量：0.57 倍
                          - cell [ref=f1e589]:
                            - paragraph [ref=f1e590]: DIF -21.28 / DEA -9.97
                            - paragraph [ref=f1e591]: 零轴下方 · 绿柱 · 缩短
                            - paragraph [ref=f1e592]: DIF 位于 DEA 下方，间距收窄
                          - cell [ref=f1e593]:
                            - paragraph [ref=f1e594]: 向下严格笔 · 末端可延伸
                            - paragraph [ref=f1e595]: 2026-05-08 00:00:00 → 2026-07-10 00:00:00；467.34 → 344.75
                            - paragraph [ref=f1e596]: 当前观察：原反向观察已被新极值否定；原方向延伸，等待新分型
                            - paragraph [ref=f1e597]: 观察可知：2026-07-24 15:00:00
                          - cell [ref=f1e598]:
                            - paragraph [ref=f1e599]: 本研究窗口未返回有效背离记录；不代表历史从未出现
                          - cell [ref=f1e600]:
                            - paragraph [ref=f1e601]: BOLL 带宽扩张（不表示突破方向）
                            - paragraph [ref=f1e602]: 观察窗口：2026-05-29 00:00:00 — 2026-10-09 00:00:00（20 根）
                        - row [ref=f1e603]:
                          - rowheader [ref=f1e604]:
                            - button "查看日线完整依据" [ref=f1e605] [cursor=pointer]:
                              - text: 日线
                              - generic [aria-hidden] [ref=f1e606]: ↗
                            - generic [ref=f1e607]:
                              - text: 已收盘截止
                              - time [ref=f1e608]: 2026-10-09 15:00:00
                          - cell [ref=f1e609]:
                            - paragraph [ref=f1e610]: 收盘 297.75
                            - paragraph [ref=f1e611]: MA5 290.88 / MA10 295.26
                            - paragraph [ref=f1e612]: 短期均线由下方趋近，修复中
                            - paragraph [ref=f1e613]: 多头未排列 · 空头至 MA120
                          - cell [ref=f1e614]:
                            - paragraph [ref=f1e615]: MAVOL5 36864942.80
                            - paragraph [ref=f1e616]: MAVOL10 37201791.00
                            - paragraph [ref=f1e617]: 短期均量相对差距收窄
                            - paragraph [ref=f1e618]: 本根 / 前 20 根均量：1.49 倍
                          - cell [ref=f1e619]:
                            - paragraph [ref=f1e620]: DIF -19.47 / DEA -19.75
                            - paragraph [ref=f1e621]: 零轴下方 · 红柱 · 换色
                            - paragraph [ref=f1e622]: DIF 刚上穿 DEA
                          - cell [ref=f1e623]:
                            - paragraph [ref=f1e624]: 向下严格笔 · 末端可延伸
                            - paragraph [ref=f1e625]: 2026-08-06 00:00:00 → 2026-09-29 00:00:00；408.59 → 285.74
                            - paragraph [ref=f1e626]: 当前观察：原反向观察已被新极值否定；原方向延伸，等待新分型
                            - paragraph [ref=f1e627]: 观察可知：2026-09-30 15:00:00
                          - cell [ref=f1e628]:
                            - paragraph [ref=f1e629]: 本研究窗口未返回有效背离记录；不代表历史从未出现
                          - cell [ref=f1e630]:
                            - paragraph [ref=f1e631]: 三组快慢线差值同时增加；仅表示联合修复，不等于买点
                            - paragraph [ref=f1e632]: 观察窗口：2026-09-04 00:00:00 — 2026-10-09 00:00:00（20 根）
                        - row [ref=f1e633]:
                          - rowheader [ref=f1e634]:
                            - button "查看30 分钟完整依据" [ref=f1e635] [cursor=pointer]:
                              - text: 30 分钟
                              - generic [aria-hidden] [ref=f1e636]: ↗
                            - generic [ref=f1e637]:
                              - text: 已收盘截止
                              - time [ref=f1e638]: 2026-10-09 15:00:00
                          - cell [ref=f1e639]:
                            - paragraph [ref=f1e640]: 收盘 297.75
                            - paragraph [ref=f1e641]: MA5 298.30 / MA10 294.86
                            - paragraph [ref=f1e642]: 短期多头收敛
                            - paragraph [ref=f1e643]: 多头至 MA30 · 空头未排列
                          - cell [ref=f1e644]:
                            - paragraph [ref=f1e645]: MAVOL5 4449380.00
                            - paragraph [ref=f1e646]: MAVOL10 6273820.00
                            - paragraph [ref=f1e647]: 短期均量相对差距扩大
                            - paragraph [ref=f1e648]: 本根 / 前 20 根均量：0.96 倍
                          - cell [ref=f1e649]:
                            - paragraph [ref=f1e650]: DIF 1.93 / DEA 0.80
                            - paragraph [ref=f1e651]: 零轴上方 · 红柱 · 缩短
                            - paragraph [ref=f1e652]: DIF 位于 DEA 上方，间距收窄
                          - cell [ref=f1e653]:
                            - paragraph [ref=f1e654]: 向上严格笔 · 末端可延伸
                            - paragraph [ref=f1e655]: 2026-10-08 15:00:00 → 2026-10-09 14:30:00；285.17 → 299.50
                            - paragraph [ref=f1e656]: 当前观察：向下观察，尚未严格成笔
                            - paragraph [ref=f1e657]: 观察可知：2026-10-09 15:00:00
                          - cell [ref=f1e658]:
                            - paragraph [ref=f1e659]: 本研究窗口未返回有效背离记录；不代表历史从未出现
                          - cell [ref=f1e660]:
                            - paragraph [ref=f1e661]: 三组快慢线差值同时减少；联合动能减弱
                            - paragraph [ref=f1e662]: BOLL 带宽扩张（不表示突破方向）
                            - paragraph [ref=f1e663]: 缩量回调：本根收盘下跌，量低于前 20 根均量
                            - paragraph [ref=f1e664]: 观察窗口：2026-09-30 13:30:00 — 2026-10-09 15:00:00（20 根）
                        - row [ref=f1e665]:
                          - rowheader [ref=f1e666]:
                            - button "查看15 分钟完整依据" [ref=f1e667] [cursor=pointer]:
                              - text: 15 分钟
                              - generic [aria-hidden] [ref=f1e668]: ↗
                            - generic [ref=f1e669]:
                              - text: 已收盘截止
                              - time [ref=f1e670]: 2026-10-09 15:00:00
                          - cell [ref=f1e671]:
                            - paragraph [ref=f1e672]: 收盘 297.75
                            - paragraph [ref=f1e673]: MA5 298.38 / MA10 298.36
                            - paragraph [ref=f1e674]: MA5 刚上穿 MA10
                            - paragraph [ref=f1e675]: 多头至 MA60 · 空头未排列
                          - cell [ref=f1e676]:
                            - paragraph [ref=f1e677]: MAVOL5 1877420.00
                            - paragraph [ref=f1e678]: MAVOL10 2224690.00
                            - paragraph [ref=f1e679]: 短期均量相对差距收窄
                            - paragraph [ref=f1e680]: 本根 / 前 20 根均量：0.93 倍
                          - cell [ref=f1e681]:
                            - paragraph [ref=f1e682]: DIF 2.34 / DEA 2.18
                            - paragraph [ref=f1e683]: 零轴上方 · 红柱 · 缩短
                            - paragraph [ref=f1e684]: DIF 位于 DEA 上方，间距收窄
                          - cell [ref=f1e685]:
                            - paragraph [ref=f1e686]: 向上严格笔 · 末端可延伸
                            - paragraph [ref=f1e687]: 2026-10-08 14:45:00 → 2026-10-09 11:00:00；285.17 → 301.42
                            - paragraph [ref=f1e688]: 当前观察：已有反向局部分型；向下待成笔，严格价格或间距尚未满足
                            - paragraph [ref=f1e689]: 观察可知：2026-10-09 13:15:00
                          - cell [ref=f1e690]:
                            - paragraph [ref=f1e691]: 本研究窗口未返回有效背离记录；不代表历史从未出现
                          - cell [ref=f1e692]:
                            - paragraph [ref=f1e693]: 缩量回调：本根收盘下跌，量低于前 20 根均量
                            - paragraph [ref=f1e694]: 观察窗口：2026-10-08 14:15:00 — 2026-10-09 15:00:00（20 根）
                        - row [ref=f1e695]:
                          - rowheader [ref=f1e696]:
                            - button "查看5 分钟完整依据" [ref=f1e697] [cursor=pointer]:
                              - text: 5 分钟
                              - generic [aria-hidden] [ref=f1e698]: ↗
                            - generic [ref=f1e699]:
                              - text: 已收盘截止
                              - time [ref=f1e700]: 2026-10-09 15:00:00
                          - cell [ref=f1e701]:
                            - paragraph [ref=f1e702]: 收盘 297.75
                            - paragraph [ref=f1e703]: MA5 298.02 / MA10 298.41
                            - paragraph [ref=f1e704]: 短期均线由下方趋近，修复中
                            - paragraph [ref=f1e705]: 多头未排列 · 空头至 MA10
                          - cell [ref=f1e706]:
                            - paragraph [ref=f1e707]: MAVOL5 841560.00
                            - paragraph [ref=f1e708]: MAVOL10 695120.00
                            - paragraph [ref=f1e709]: 短期均量优势扩大
                            - paragraph [ref=f1e710]: 本根 / 前 20 根均量：1.69 倍
                          - cell [ref=f1e711]:
                            - paragraph [ref=f1e712]: DIF 0.50 / DEA 0.81
                            - paragraph [ref=f1e713]: 零轴上方 · 绿柱 · 延长
                            - paragraph [ref=f1e714]: DIF 位于 DEA 下方，间距扩大
                          - cell [ref=f1e715]:
                            - paragraph [ref=f1e716]: 向上严格笔 · 末端可延伸
                            - paragraph [ref=f1e717]: 2026-10-09 13:10:00 → 2026-10-09 14:15:00；296.37 → 299.50
                            - paragraph [ref=f1e718]: 当前观察：向下观察，尚未严格成笔
                            - paragraph [ref=f1e719]: 观察可知：2026-10-09 14:20:00
                          - cell [ref=f1e720]:
                            - paragraph [ref=f1e721]: 双线顶背离 · 候选；极值 2026-10-09 14:15:00
                          - cell [ref=f1e722]:
                            - paragraph [ref=f1e723]: BOLL 带宽处于此前最多 120 根的低 20% 区间
                            - paragraph [ref=f1e724]: BOLL 带宽扩张（不表示突破方向）
                            - paragraph [ref=f1e725]: 观察窗口：2026-10-09 13:25:00 — 2026-10-09 15:00:00（20 根）
                - group [ref=f1e462]:
                  - generic "周期与研究参数" [ref=f1e463] [cursor=pointer]
                - generic [ref=f1e726]:
                  - generic [ref=f1e727]:
                    - heading "周期观察" [level=4] [ref=f1e728]
                    - generic [ref=f1e729]: 点击周期展开过程与依据
                  - group [ref=f1e730]:
                    - generic "› 周线 下行 · 跌破前低后回抽，收盘暂未收回该前低 原反向观察已被新极值否定；原方向延伸，等待新分型 297.75 零轴下方" [ref=f1e731] [cursor=pointer]:
                      - generic [ref=f1e732]: › 周线
                      - generic [ref=f1e733]:
                        - strong [ref=f1e734]: 下行 · 跌破前低后回抽，收盘暂未收回该前低
                        - generic [ref=f1e735]: 原反向观察已被新极值否定；原方向延伸，等待新分型
                      - generic [ref=f1e736]:
                        - text: "297.75"
                        - generic [ref=f1e737]: 零轴下方
                  - group [ref=f1e738]:
                    - generic "› 日线 下行 · 末端反弹 原反向观察已被新极值否定；原方向延伸，等待新分型 297.75 零轴下方" [ref=f1e739] [cursor=pointer]:
                      - generic [ref=f1e740]: › 日线
                      - generic [ref=f1e741]:
                        - strong [ref=f1e742]: 下行 · 末端反弹
                        - generic [ref=f1e743]: 原反向观察已被新极值否定；原方向延伸，等待新分型
                      - generic [ref=f1e744]:
                        - text: "297.75"
                        - generic [ref=f1e745]: 零轴下方
                  - group [ref=f1e746]:
                    - generic "› 30 分钟 上行 · 末端回落 向下观察，尚未严格成笔 297.75 零轴上方" [ref=f1e747] [cursor=pointer]:
                      - generic [ref=f1e748]: › 30 分钟
                      - generic [ref=f1e749]:
                        - strong [ref=f1e750]: 上行 · 末端回落
                        - generic [ref=f1e751]: 向下观察，尚未严格成笔
                      - generic [ref=f1e752]:
                        - text: "297.75"
                        - generic [ref=f1e753]: 零轴上方
                  - group [ref=f1e754]:
                    - generic "› 15 分钟 上行 · 末端回落 已有反向局部分型；向下待成笔，严格价格或间距尚未满足 297.75 零轴上方" [ref=f1e755] [cursor=pointer]:
                      - generic [ref=f1e756]: › 15 分钟
                      - generic [ref=f1e757]:
                        - strong [ref=f1e758]: 上行 · 末端回落
                        - generic [ref=f1e759]: 已有反向局部分型；向下待成笔，严格价格或间距尚未满足
                      - generic [ref=f1e760]:
                        - text: "297.75"
                        - generic [ref=f1e761]: 零轴上方
                  - group [ref=f1e762]:
                    - generic "› 5 分钟 横向波动 · 末端回落 向下观察，尚未严格成笔 297.75 零轴上方" [ref=f1e763] [cursor=pointer]:
                      - generic [ref=f1e764]: › 5 分钟
                      - generic [ref=f1e765]:
                        - strong [ref=f1e766]: 横向波动 · 末端回落
                        - generic [ref=f1e767]: 向下观察，尚未严格成笔
                      - generic [ref=f1e768]:
                        - text: "297.75"
                        - generic [ref=f1e769]: 零轴上方
                  - group [ref=f1e770]:
                    - generic "跨周期过轴时间对照" [ref=f1e771] [cursor=pointer]
                - generic [ref=f1e772]:
                  - heading "观察与分歧" [level=4] [ref=f1e773]
                  - paragraph [ref=f1e774]: 仅使用共同截止点前完整 K 线；结构层级不等于图表周期；不按周期多数投票；过轴先后只记录事实，不作强制条件。当前调整后快照不等于历史当天的数据版本；缺失的旧分钟行情不作推断。
          - generic [ref=f1e465]:
            - paragraph [ref=f1e466]: 以下结构明细对应个股 · 300750
            - navigation "缠论结果分类" [ref=f1e467]:
              - button "结构 20" [ref=f1e468] [cursor=pointer]:
                - text: 结构
                - generic [ref=f1e469]: "20"
              - button "买卖点 0" [ref=f1e470] [cursor=pointer]:
                - text: 买卖点
                - generic [ref=f1e471]: "0"
              - button "背离 / 背驰 2" [ref=f1e472] [cursor=pointer]:
                - text: 背离 / 背驰
                - generic [ref=f1e473]: "2"
            - generic [ref=f1e474]:
              - generic [ref=f1e475]:
                - heading "最近的笔" [level=4] [ref=f1e476]
                - generic [ref=f1e477]:
                  - generic [ref=f1e478]: ↘
                  - generic [ref=f1e479]:
                    - strong [ref=f1e480]: 2026-08-06 → 2026-09-29
                    - generic [ref=f1e481]: 向下笔 · 进行中
                  - generic [ref=f1e482]: 285.74–408.59
                - generic [ref=f1e483]:
                  - generic [ref=f1e484]: ↗
                  - generic [ref=f1e485]:
                    - strong [ref=f1e486]: 2026-07-10 → 2026-08-06
                    - generic [ref=f1e487]: 向上笔 · 已确认
                    - generic [ref=f1e488]: 确认于 2026-08-18
                  - generic [ref=f1e489]: 344.75–408.59
                - generic [ref=f1e490]:
                  - generic [ref=f1e491]: ↘
                  - generic [ref=f1e492]:
                    - strong [ref=f1e493]: 2026-06-23 → 2026-07-10
                    - generic [ref=f1e494]: 向下笔 · 已确认
                    - generic [ref=f1e495]: 确认于 2026-07-22
                  - generic [ref=f1e496]: 344.75–412.63
                - generic [ref=f1e497]:
                  - generic [ref=f1e498]: ↗
                  - generic [ref=f1e499]:
                    - strong [ref=f1e500]: 2026-06-11 → 2026-06-23
                    - generic [ref=f1e501]: 向上笔 · 已确认
                    - generic [ref=f1e502]: 确认于 2026-07-14
                  - generic [ref=f1e503]: 378.62–412.63
                - generic [ref=f1e504]:
                  - generic [ref=f1e505]: ↘
                  - generic [ref=f1e506]:
                    - strong [ref=f1e507]: 2026-06-01 → 2026-06-11
                    - generic [ref=f1e508]: 向下笔 · 已确认
                    - generic [ref=f1e509]: 确认于 2026-06-24
                  - generic [ref=f1e510]: 378.62–436.83
                - generic [ref=f1e511]:
                  - generic [ref=f1e512]: ↗
                  - generic [ref=f1e513]:
                    - strong [ref=f1e514]: 2026-05-25 → 2026-06-01
                    - generic [ref=f1e515]: 向上笔 · 已确认
                    - generic [ref=f1e516]: 确认于 2026-06-12
                  - generic [ref=f1e517]: 398.59–436.83
                - generic [ref=f1e518]:
                  - generic [ref=f1e519]: ↘
                  - generic [ref=f1e520]:
                    - strong [ref=f1e521]: 2026-04-16 → 2026-05-25
                    - generic [ref=f1e522]: 向下笔 · 已确认
                    - generic [ref=f1e523]: 确认于 2026-06-03
                  - generic [ref=f1e524]: 398.59–451.63
                - generic [ref=f1e525]:
                  - generic [ref=f1e526]: ↗
                  - generic [ref=f1e527]:
                    - strong [ref=f1e528]: 2026-04-07 → 2026-04-16
                    - generic [ref=f1e529]: 向上笔 · 已确认
                    - generic [ref=f1e530]: 确认于 2026-04-29
                  - generic [ref=f1e531]: 373.12–451.63
              - generic [ref=f1e532]:
                - heading "最近的基础中枢" [level=4] [ref=f1e533]
                - paragraph [ref=f1e534]: 当前窗口尚未形成已确认线段构成的基础中枢。
              - group [ref=f1e535]:
                - generic "最近的线段 2 条已确认 · 1 条候选 端点连接一致" [ref=f1e536] [cursor=pointer]:
                  - strong [ref=f1e537]: 最近的线段
                  - generic [ref=f1e538]:
                    - generic [ref=f1e539]: 2 条已确认 · 1 条候选
                    - generic [ref=f1e540]: 端点连接一致
              - group [ref=f1e542]:
                - generic "走势分解审核 2 条线段 · 无重复、无遗漏" [ref=f1e543] [cursor=pointer]:
                  - strong [ref=f1e544]: 走势分解审核
                  - generic [ref=f1e545]: 2 条线段 · 无重复、无遗漏
                - text: ›
              - group [ref=f1e546]:
                - generic "延伸升级核验 暂无可证明的升级" [ref=f1e547] [cursor=pointer]:
                  - strong [ref=f1e548]: 延伸升级核验
                  - generic [ref=f1e549]: 暂无可证明的升级
              - group [ref=f1e550]:
                - generic "工程走势递归 旧解释 等待完整走势证据" [ref=f1e551] [cursor=pointer]:
                  - strong [ref=f1e552]:
                    - text: 工程走势递归
                    - generic [ref=f1e553]: 旧解释
                  - generic [ref=f1e554]: 等待完整走势证据
              - group [ref=f1e555]:
                - generic "全域走势递归 外部 0 条 · 最高 M0 · 已确认口径" [ref=f1e556] [cursor=pointer]:
                  - strong [ref=f1e557]: 全域走势递归
                  - generic [ref=f1e558]: 外部 0 条 · 最高 M0 · 已确认口径
              - group [ref=f1e559]:
                - generic "归属时间轴与分解研究 按需计算 · 不改变默认分析" [ref=f1e560] [cursor=pointer]:
                  - strong [ref=f1e561]: 归属时间轴与分解研究
                  - generic [ref=f1e562]: 按需计算 · 不改变默认分析
              - group [ref=f1e563]:
                - generic "分层归属与内部递归 旧解释 0 个归属区 · 独立解释" [ref=f1e564] [cursor=pointer]:
                  - strong [ref=f1e565]:
                    - text: 分层归属与内部递归
                    - generic [ref=f1e566]: 旧解释
                  - generic [ref=f1e567]: 0 个归属区 · 独立解释
              - group [ref=f1e568]:
                - generic "跨中枢候选核验 0 项候选 · 不用于高层级信号" [ref=f1e569] [cursor=pointer]:
                  - strong [ref=f1e570]: 跨中枢候选核验
                  - generic [ref=f1e571]: 0 项候选 · 不用于高层级信号
```
