### Page
- Page URL: http://127.0.0.1:18094/chanlun?review=signal&autoRun=1&symbol=600699&market=SH&category=DAY&adjust=QFQ&scanAsOf=2026-02-10+15:00:00&scanFingerprint=9fbf15a8ead0f5d5bd0ff16d6cede0d757b0092653edd4037339ffea88b65be0&signal=BUY&signalDate=2026-02-10+00:00&strategy=chanlun_mmd&strategyName=%E6%9C%AC%E6%9C%BA%E7%9C%9F%E5%AE%9E+chanlun_mmd&strategyLabel=%E7%BC%A0%E8%AE%BA%E4%B9%B0%E5%8D%96%E7%82%B9&params={}&count=800
- Page Title: 股票分析 · Analysis Studio
### Snapshot
```yaml
- generic [ref=f1e4]:
  - complementary [ref=f1e5]:
    - button "收起左侧栏" [ref=f1e11] [cursor=pointer]
    - link "返回股票分析" [ref=f1e15]:
      - /url: /
      - generic [ref=f1e20]:
        - strong [ref=f1e21]: 股票分析
        - generic [ref=f1e22]: Analysis Studio
    - navigation "主要导航" [ref=f1e23]:
      - generic [ref=f1e24]:
        - paragraph [ref=f1e25]: 分析
        - link "个股分析" [ref=f1e26]:
          - /url: /
        - link "市场行情" [ref=f1e33]:
          - /url: /market
        - link "盘中研究" [ref=f1e39]:
          - /url: /intraday
        - link "缠论结构" [ref=f1e45]:
          - /url: /chanlun
        - link "信号雷达" [ref=f1e51]:
          - /url: /signals
      - generic [ref=f1e58]:
        - paragraph [ref=f1e59]: 研究
        - link "板块研究" [ref=f1e60]:
          - /url: /boards
        - link "公司资料" [ref=f1e69]:
          - /url: /company
        - link "扩展市场" [ref=f1e77]:
          - /url: /extended
        - link "量化研究" [ref=f1e84]:
          - /url: /quant-research
        - link "组合回测" [ref=f1e90]:
          - /url: /portfolio
        - link "参数寻优" [ref=f1e99]:
          - /url: /optimize
        - link "结果对比" [ref=f1e104]:
          - /url: /compare
        - link "策略库" [ref=f1e109]:
          - /url: /strategies
      - generic [ref=f1e115]:
        - paragraph [ref=f1e116]: 系统
        - link "行情服务器" [ref=f1e117]:
          - /url: /settings
        - link "个人账户" [ref=f1e124]:
          - /url: /account
        - link "账户管理" [ref=f1e131]:
          - /url: /admin/accounts
        - link "数据中心" [ref=f1e140]:
          - /url: /admin/data
    - link "本 本机证据验收 管理员" [ref=f1e148]:
      - /url: /account
      - generic [ref=f1e149]: 本
      - generic [ref=f1e150]:
        - strong [ref=f1e151]: 本机证据验收
        - generic [ref=f1e152]: 管理员
  - generic [ref=f1e153]:
    - generic [ref=f1e154]:
      - generic [ref=f1e155]:
        - heading "缠论结构" [level=1] [ref=f1e156]
        - paragraph [ref=f1e157]: 识别笔、线段、中枢、买卖点与背驰
      - generic [ref=f1e158]:
        - link "个人账户" [ref=f1e159]:
          - /url: /account
          - generic [ref=f1e160]: 本
          - generic [ref=f1e161]: 本机证据验收
          - generic [ref=f1e162]: ADMIN
        - button "退出登录" [ref=f1e163] [cursor=pointer]
    - main [ref=f1e166]:
      - generic [ref=f1e167]:
        - complementary [ref=f1e168]:
          - generic [ref=f1e169]:
            - generic [ref=f1e170]: ⌘
            - generic [ref=f1e171]:
              - heading "结构分析" [level=2] [ref=f1e172]
              - paragraph [ref=f1e173]: 从 K 线递进识别走势结构
          - generic [ref=f1e174]:
            - heading "标的与周期" [level=3] [ref=f1e175]
            - generic [ref=f1e176]:
              - generic [ref=f1e177]: 标的类型
              - combobox "缠论标的类型" [ref=f1e179] [cursor=pointer]:
                - generic [ref=f1e180]: 个股
            - generic [ref=f1e183]:
              - generic [ref=f1e184]:
                - generic [ref=f1e185]: 证券代码
                - button "股票历史" [ref=f1e187] [cursor=pointer]
              - textbox "000001" [ref=f1e193]: "300750"
              - generic [ref=f1e194]: 深市
            - generic [ref=f1e195]:
              - generic [ref=f1e196]: 分析周期
              - combobox "缠论分析周期" [ref=f1e198] [cursor=pointer]:
                - generic [ref=f1e199]: 日线
            - generic [ref=f1e202]:
              - generic [ref=f1e203]: 历史窗口
              - combobox "缠论历史窗口" [ref=f1e205] [cursor=pointer]:
                - generic [ref=f1e206]: 800 根 · 完整
            - generic [ref=f1e209]:
              - generic [ref=f1e210]: 复权方式
              - combobox "全局复权方式" [ref=f1e212] [cursor=pointer]:
                - generic [ref=f1e213]: 前复权
              - generic [ref=f1e216]: 自动应用到行情、分析与回测，并保存到当前账号
          - group [ref=f1e217]:
            - generic "均线系统 周期 · K 线数" [ref=f1e218] [cursor=pointer]:
              - heading "均线系统" [level=3] [ref=f1e219]
              - generic [ref=f1e220]: 周期 · K 线数
          - generic [ref=f1e222]:
            - heading "图层" [level=3] [ref=f1e223]
            - generic [ref=f1e224] [cursor=pointer]:
              - generic [ref=f1e225]: 三笔盘整
              - checkbox "三笔盘整" [checked] [ref=f1e226]
            - generic [ref=f1e227] [cursor=pointer]:
              - generic [ref=f1e228]: 笔
              - checkbox "笔" [checked] [ref=f1e229]
            - generic [ref=f1e230] [cursor=pointer]:
              - generic [ref=f1e231]: 中枢
              - checkbox "中枢" [ref=f1e232]
            - generic [ref=f1e233] [cursor=pointer]:
              - generic [ref=f1e234]: 线段
              - checkbox "线段" [ref=f1e235]
            - generic [ref=f1e236] [cursor=pointer]:
              - generic [ref=f1e237]: 买卖点
              - checkbox "买卖点" [checked] [ref=f1e238]
            - generic [ref=f1e239] [cursor=pointer]:
              - generic [ref=f1e240]: 背离 / 背驰
              - checkbox "背离 / 背驰" [checked] [ref=f1e241]
            - generic [ref=f1e242] [cursor=pointer]:
              - generic [ref=f1e243]: 待成笔方向
              - checkbox "待成笔方向" [checked] [ref=f1e244]
            - paragraph [ref=f1e245]: 虚线连接末笔端点与其后的反向极值，尚未成笔，端点可变；无反向区间或原笔继续延伸时不显示。不预测未来价格。
            - generic [ref=f1e246]:
              - generic [ref=f1e247] [cursor=pointer]:
                - generic [ref=f1e248]: 悬停显示对象信息
                - checkbox "悬停显示对象信息" [ref=f1e249]
              - paragraph [ref=f1e250]: 右键打开，或按住 ⌘ Command 悬停预览；松开隐藏。 图下详情按钮仍可使用，设置按账户保存。
          - region "结构线宽" [ref=f1e251]:
            - generic [ref=f1e252]:
              - heading "线条粗细" [level=3] [ref=f1e253]
              - button "恢复默认" [disabled] [ref=f1e254]
            - generic [ref=f1e255]:
              - generic [ref=f1e256]: 笔
              - generic [ref=f1e258]:
                - textbox "笔线宽" [ref=f1e259]: "1.35"
                - generic [ref=f1e260]:
                  - button "笔线宽增加" [ref=f1e261] [cursor=pointer]
                  - button "笔线宽减少" [ref=f1e264] [cursor=pointer]
              - generic [ref=f1e267]: px
            - generic [ref=f1e268]:
              - generic [ref=f1e269]: 线段
              - generic [ref=f1e271]:
                - textbox "线段线宽" [ref=f1e272]: "1.8"
                - generic [ref=f1e273]:
                  - button "线段线宽增加" [ref=f1e274] [cursor=pointer]
                  - button "线段线宽减少" [ref=f1e277] [cursor=pointer]
              - generic [ref=f1e280]: px
            - paragraph [ref=f1e281]: 0.5–6 px · 即时生效，个股与行业同步。
          - region "蜡烛填充" [ref=f1e282]:
            - generic [ref=f1e283]:
              - heading "蜡烛填充" [level=3] [ref=f1e284]
              - button "恢复默认" [disabled] [ref=f1e285]
            - generic [ref=f1e286]:
              - generic [ref=f1e287]: 透明度
              - generic [ref=f1e288]:
                - textbox "蜡烛填充透明度" [ref=f1e289]: "80"
                - generic [ref=f1e290]:
                  - button "蜡烛填充透明度增加" [ref=f1e291] [cursor=pointer]
                  - button "蜡烛填充透明度减少" [ref=f1e294] [cursor=pointer]
              - generic [ref=f1e297]: "%"
            - slider "透明度" [ref=f1e298] [cursor=pointer]: "80"
            - generic [aria-hidden] [ref=f1e299]:
              - generic [ref=f1e300]: 实心
              - generic [ref=f1e301]: 空心
            - paragraph [ref=f1e302]: 80% 透明 · 20% 填充。仅调整实体，边框与影线不变；未收盘 K 线仍为空心虚线。
          - generic [ref=f1e303]:
            - strong [ref=f1e304]: 计算管道
            - paragraph [ref=f1e305]: K 线合并 → 分型 → 笔 → 中枢 → 线段 → 买卖点 → 背驰
          - button "开始分析" [ref=f1e306] [cursor=pointer]
        - main [ref=f1e307]:
          - region "信号人工复核上下文" [ref=f1e308]:
            - generic [ref=f1e309]:
              - generic [ref=f1e310]:
                - generic [ref=f1e311]: 信号雷达 · 原扫描记录
                - strong [ref=f1e312]: 本机真实 chanlun_mmd · 600699
              - link "返回信号雷达" [ref=f1e313]:
                - /url: /signals
            - generic [ref=f1e314]:
              - generic [ref=f1e315]:
                - term [ref=f1e316]: 扫描条件
                - definition [ref=f1e317]: 日线 · 前复权
              - generic [ref=f1e318]:
                - term [ref=f1e319]: 信号发生
                - definition [ref=f1e320]: 买入 · 2026-02-10
              - generic [ref=f1e321]:
                - term [ref=f1e322]: 扫描截止
                - definition [ref=f1e323]: 2026-02-10 15:00
            - status [ref=f1e324]: 当前分析条件已改变，下方不再对应这条原扫描记录。
            - paragraph [ref=f1e325]: 复核使用当前重取行情，并排除原截止后的 K 线；原扫描行情和规则版本尚未完整保存，不能视为原结果的精确重现。信号时间是策略发出时间，不等于缠论极值日期。
            - group [ref=f1e326]:
              - generic "原策略参数与行情指纹" [ref=f1e327] [cursor=pointer]
          - generic [ref=f1e328]:
            - generic [aria-hidden] [ref=f1e329]:
              - generic:
                - generic: 结构演化
                - generic: 已确认
              - img [ref=f1e330]:
                - generic [ref=f1e375]: 中枢
              - generic [ref=f1e390]:
                - generic [ref=f1e391]: K 线
                - generic [ref=f1e393]: 笔
                - generic [ref=f1e395]: 线段
                - generic [ref=f1e397]: 中枢
            - heading "观察价格如何形成结构" [level=2] [ref=f1e399]
            - paragraph [ref=f1e400]: 选择标的和周期，系统会把走势拆成笔、线段和中枢，并标出买卖点与背驰。
            - button "分析 300750" [ref=f1e401] [cursor=pointer]
```
