board-881218-month-20261009 passed 48
index-000001-month-20261009 passed 48
stock-300750-month-20261009 passed 48
board-881218-week-20261009 50 / 150
board-881218-week-20261009 100 / 150
board-881218-week-20261009 150 / 150
board-881218-week-20261009 passed 150
index-000001-week-20261009 50 / 150
index-000001-week-20261009 100 / 150
index-000001-week-20261009 150 / 150
index-000001-week-20261009 passed 150
stock-300750-week-20261009 50 / 150
stock-300750-week-20261009 100 / 150
stock-300750-week-20261009 150 / 150
stock-300750-week-20261009 passed 150
board-881218-day-20261009 50 / 240
board-881218-day-20261009 100 / 240
board-881218-day-20261009 150 / 240
board-881218-day-20261009 200 / 240
board-881218-day-20261009 passed 240
board-881218-min_30-20261009 50 / 240
board-881218-min_30-20261009 100 / 240
board-881218-min_30-20261009 150 / 240
board-881218-min_30-20261009 200 / 240
board-881218-min_30-20261009 passed 240
index-000001-day-20261009 50 / 240
index-000001-day-20261009 100 / 240
index-000001-day-20261009 150 / 240
index-000001-day-20261009 200 / 240
index-000001-day-20261009 passed 240
index-000001-min_30-20261009 50 / 240
index-000001-min_30-20261009 100 / 240
index-000001-min_30-20261009 150 / 240
index-000001-min_30-20261009 200 / 240
