board-881218-month-20261009 passed 48
index-000001-month-20261009 passed 48
stock-300750-month-20261009 passed 48
board-881218-week-20261009 passed 150
index-000001-week-20261009 passed 150
stock-300750-week-20261009 passed 150
board-881218-day-20261009 passed 240
board-881218-min_30-20261009 passed 240
index-000001-day-20261009 passed 240
index-000001-min_30-20261009 passed 240
stock-300750-day-20261009 50 / 240
stock-300750-day-20261009 100 / 240
stock-300750-day-20261009 150 / 240
stock-300750-day-20261009 200 / 240
stock-300750-day-20261009 passed 240
stock-300750-min_30-20261009 50 / 240
stock-300750-min_30-20261009 100 / 240
stock-300750-min_30-20261009 150 / 240
stock-300750-min_30-20261009 200 / 240
stock-300750-min_30-20261009 passed 240
002821-min15-qfq-20261004 50 / 800
002821-min15-qfq-20261004 100 / 800
002821-min15-qfq-20261004 150 / 800
002821-min15-qfq-20261004 200 / 800
002821-min15-qfq-20261004 250 / 800
002821-min15-qfq-20261004 300 / 800
002821-min15-qfq-20261004 350 / 800
002821-min15-qfq-20261004 400 / 800
002821-min15-qfq-20261004 450 / 800
002821-min15-qfq-20261004 500 / 800
002821-min15-qfq-20261004 550 / 800
002821-min15-qfq-20261004 600 / 800
002821-min15-qfq-20261004 650 / 800
002821-min15-qfq-20261004 700 / 800
002821-min15-qfq-20261004 750 / 800
002821-min15-qfq-20261004 800 / 800
002821-min15-qfq-20261004 passed 800
002821-min30-qfq-20261004 50 / 800
002821-min30-qfq-20261004 100 / 800
002821-min30-qfq-20261004 150 / 800
002821-min30-qfq-20261004 200 / 800
002821-min30-qfq-20261004 250 / 800
002821-min30-qfq-20261004 300 / 800
002821-min30-qfq-20261004 350 / 800
002821-min30-qfq-20261004 400 / 800
002821-min30-qfq-20261004 450 / 800
002821-min30-qfq-20261004 500 / 800
002821-min30-qfq-20261004 550 / 800
002821-min30-qfq-20261004 600 / 800
002821-min30-qfq-20261004 650 / 800
002821-min30-qfq-20261004 700 / 800
002821-min30-qfq-20261004 750 / 800
002821-min30-qfq-20261004 800 / 800
002821-min30-qfq-20261004 passed 800
002821-min60-qfq-20261004 50 / 800
002821-min60-qfq-20261004 100 / 800
002821-min60-qfq-20261004 150 / 800
002821-min60-qfq-20261004 200 / 800
002821-min60-qfq-20261004 250 / 800
002821-min60-qfq-20261004 300 / 800
002821-min60-qfq-20261004 350 / 800
002821-min60-qfq-20261004 400 / 800
002821-min60-qfq-20261004 450 / 800
002821-min60-qfq-20261004 500 / 800
002821-min60-qfq-20261004 550 / 800
002821-min60-qfq-20261004 600 / 800
002821-min60-qfq-20261004 650 / 800
002821-min60-qfq-20261004 700 / 800
002821-min60-qfq-20261004 750 / 800
002821-min60-qfq-20261004 800 / 800
002821-min60-qfq-20261004 passed 800
300450-qfq-20261002 50 / 800
300450-qfq-20261002 100 / 800
300450-qfq-20261002 150 / 800
300450-qfq-20261002 200 / 800
300450-qfq-20261002 250 / 800
300450-qfq-20261002 300 / 800
300450-qfq-20261002 350 / 800
300450-qfq-20261002 400 / 800
300450-qfq-20261002 450 / 800
300450-qfq-20261002 500 / 800
300450-qfq-20261002 550 / 800
300450-qfq-20261002 600 / 800
300450-qfq-20261002 650 / 800
300450-qfq-20261002 700 / 800
300450-qfq-20261002 750 / 800
300450-qfq-20261002 800 / 800
300450-qfq-20261002 passed 800
399006-min5-qfq-20261003 50 / 800
399006-min5-qfq-20261003 100 / 800
399006-min5-qfq-20261003 150 / 800
399006-min5-qfq-20261003 200 / 800
399006-min5-qfq-20261003 250 / 800
399006-min5-qfq-20261003 300 / 800
399006-min5-qfq-20261003 350 / 800
399006-min5-qfq-20261003 400 / 800
399006-min5-qfq-20261003 450 / 800
399006-min5-qfq-20261003 500 / 800
399006-min5-qfq-20261003 550 / 800
399006-min5-qfq-20261003 600 / 800
399006-min5-qfq-20261003 650 / 800
399006-min5-qfq-20261003 700 / 800
399006-min5-qfq-20261003 750 / 800
399006-min5-qfq-20261003 800 / 800
399006-min5-qfq-20261003 passed 800
600699-qfq-20260929 50 / 800
600699-qfq-20260929 100 / 800
600699-qfq-20260929 150 / 800
600699-qfq-20260929 200 / 800
600699-qfq-20260929 250 / 800
600699-qfq-20260929 300 / 800
600699-qfq-20260929 350 / 800
600699-qfq-20260929 400 / 800
600699-qfq-20260929 450 / 800
600699-qfq-20260929 500 / 800
600699-qfq-20260929 550 / 800
600699-qfq-20260929 600 / 800
600699-qfq-20260929 650 / 800
600699-qfq-20260929 700 / 800
600699-qfq-20260929 750 / 800
600699-qfq-20260929 800 / 800
600699-qfq-20260929 passed 800
601698-min30-qfq-20261002 50 / 800
601698-min30-qfq-20261002 100 / 800
601698-min30-qfq-20261002 150 / 800
601698-min30-qfq-20261002 200 / 800
601698-min30-qfq-20261002 250 / 800
601698-min30-qfq-20261002 300 / 800
601698-min30-qfq-20261002 350 / 800
601698-min30-qfq-20261002 400 / 800
601698-min30-qfq-20261002 450 / 800
601698-min30-qfq-20261002 500 / 800
601698-min30-qfq-20261002 550 / 800
601698-min30-qfq-20261002 600 / 800
601698-min30-qfq-20261002 650 / 800
601698-min30-qfq-20261002 700 / 800
601698-min30-qfq-20261002 750 / 800
601698-min30-qfq-20261002 800 / 800
601698-min30-qfq-20261002 passed 800
603259-min30-qfq-20261003 50 / 800
603259-min30-qfq-20261003 100 / 800
603259-min30-qfq-20261003 150 / 800
603259-min30-qfq-20261003 200 / 800
603259-min30-qfq-20261003 250 / 800
603259-min30-qfq-20261003 300 / 800
603259-min30-qfq-20261003 350 / 800
603259-min30-qfq-20261003 400 / 800
603259-min30-qfq-20261003 450 / 800
603259-min30-qfq-20261003 500 / 800
603259-min30-qfq-20261003 550 / 800
603259-min30-qfq-20261003 600 / 800
603259-min30-qfq-20261003 650 / 800
603259-min30-qfq-20261003 700 / 800
603259-min30-qfq-20261003 750 / 800
603259-min30-qfq-20261003 800 / 800
603259-min30-qfq-20261003 passed 800
603936-min15-qfq-20261004 50 / 800
603936-min15-qfq-20261004 100 / 800
603936-min15-qfq-20261004 150 / 800
603936-min15-qfq-20261004 200 / 800
603936-min15-qfq-20261004 250 / 800
603936-min15-qfq-20261004 300 / 800
603936-min15-qfq-20261004 350 / 800
603936-min15-qfq-20261004 400 / 800
603936-min15-qfq-20261004 450 / 800
603936-min15-qfq-20261004 500 / 800
603936-min15-qfq-20261004 550 / 800
603936-min15-qfq-20261004 600 / 800
603936-min15-qfq-20261004 650 / 800
603936-min15-qfq-20261004 700 / 800
603936-min15-qfq-20261004 750 / 800
603936-min15-qfq-20261004 800 / 800
603936-min15-qfq-20261004 passed 800
603936-min60-qfq-20261003 50 / 800
603936-min60-qfq-20261003 100 / 800
603936-min60-qfq-20261003 150 / 800
603936-min60-qfq-20261003 200 / 800
603936-min60-qfq-20261003 250 / 800
603936-min60-qfq-20261003 300 / 800
603936-min60-qfq-20261003 350 / 800
603936-min60-qfq-20261003 400 / 800
603936-min60-qfq-20261003 450 / 800
603936-min60-qfq-20261003 500 / 800
603936-min60-qfq-20261003 550 / 800
603936-min60-qfq-20261003 600 / 800
