src/easy_tdx/chanlun/analyser.py:139:101: E501 Line too long (103 > 100)
src/easy_tdx/chanlun/analyser.py:408:101: E501 Line too long (111 > 100)
src/easy_tdx/chanlun/analyser.py:410:101: E501 Line too long (117 > 100)
src/easy_tdx/chanlun/analyser.py:412:101: E501 Line too long (130 > 100)
src/easy_tdx/chanlun/analyser.py:414:101: E501 Line too long (133 > 100)
src/easy_tdx/chanlun/analyser.py:415:101: E501 Line too long (139 > 100)
src/easy_tdx/chanlun/analyser.py:417:101: E501 Line too long (139 > 100)
src/easy_tdx/chanlun/analyser.py:543:101: E501 Line too long (105 > 100)
src/easy_tdx/chanlun/analyser.py:544:101: E501 Line too long (104 > 100)
src/easy_tdx/chanlun/divergence_signals.py:9:1: I001 [*] Import block is un-sorted or un-formatted
src/easy_tdx/chanlun/divergence_signals.py:46:101: E501 Line too long (103 > 100)
src/easy_tdx/chanlun/divergence_signals.py:67:101: E501 Line too long (111 > 100)
src/easy_tdx/chanlun/divergence_signals.py:72:101: E501 Line too long (111 > 100)
src/easy_tdx/chanlun/divergence_signals.py:76:101: E501 Line too long (120 > 100)
src/easy_tdx/chanlun/divergence_signals.py:80:101: E501 Line too long (107 > 100)
src/easy_tdx/chanlun/divergence_signals.py:86:73: E501 Line too long (132 > 100)
src/easy_tdx/chanlun/divergence_signals.py:88:73: E501 Line too long (134 > 100)
src/easy_tdx/chanlun/divergence_signals.py:90:101: E501 Line too long (106 > 100)
src/easy_tdx/chanlun/divergence_signals.py:113:101: E501 Line too long (112 > 100)
src/easy_tdx/chanlun/divergence_signals.py:129:101: E501 Line too long (103 > 100)
src/easy_tdx/chanlun/divergence_signals.py:134:101: E501 Line too long (104 > 100)
src/easy_tdx/chanlun/divergence_signals.py:163:101: E501 Line too long (105 > 100)
src/easy_tdx/chanlun/divergence_signals.py:172:101: E501 Line too long (110 > 100)
src/easy_tdx/chanlun/divergence_signals.py:174:101: E501 Line too long (137 > 100)
src/easy_tdx/chanlun/divergence_signals.py:175:101: E501 Line too long (113 > 100)
src/easy_tdx/chanlun/divergence_signals.py:207:101: E501 Line too long (103 > 100)
src/easy_tdx/chanlun/divergence_signals.py:210:101: E501 Line too long (106 > 100)
src/easy_tdx/chanlun/divergence_signals.py:237:99: E501 Line too long (107 > 100)
src/easy_tdx/chanlun/divergence_signals.py:287:101: E501 Line too long (112 > 100)
src/easy_tdx/chanlun/divergence_signals.py:306:101: E501 Line too long (115 > 100)
src/easy_tdx/chanlun/divergence_signals.py:324:101: E501 Line too long (112 > 100)
src/easy_tdx/chanlun/divergence_signals.py:334:101: E501 Line too long (103 > 100)
src/easy_tdx/chanlun/divergence_signals.py:342:72: E501 Line too long (104 > 100)
src/easy_tdx/chanlun/divergence_signals.py:344:65: E501 Line too long (120 > 100)
src/easy_tdx/chanlun/divergence_signals.py:357:101: E501 Line too long (108 > 100)
src/easy_tdx/chanlun/divergence_signals.py:359:101: E501 Line too long (106 > 100)
src/easy_tdx/chanlun/divergence_signals.py:361:101: E501 Line too long (109 > 100)
src/easy_tdx/chanlun/divergence_signals.py:434:101: E501 Line too long (104 > 100)
src/easy_tdx/chanlun/divergence_signals.py:447:101: E501 Line too long (114 > 100)
src/easy_tdx/chanlun/divergence_signals.py:478:101: E501 Line too long (102 > 100)
src/easy_tdx/chanlun/divergence_signals.py:512:101: E501 Line too long (103 > 100)
src/easy_tdx/chanlun/divergence_signals.py:522:101: E501 Line too long (102 > 100)
src/easy_tdx/chanlun/divergence_signals.py:540:101: E501 Line too long (107 > 100)
src/easy_tdx/chanlun/divergence_signals.py:543:101: E501 Line too long (109 > 100)
src/easy_tdx/chanlun/divergence_signals.py:544:101: E501 Line too long (123 > 100)
src/easy_tdx/chanlun/divergence_signals.py:545:101: E501 Line too long (117 > 100)
src/easy_tdx/chanlun/divergence_signals.py:547:101: E501 Line too long (107 > 100)
src/easy_tdx/chanlun/divergence_signals.py:596:101: E501 Line too long (106 > 100)
src/easy_tdx/chanlun/divergence_signals.py:619:101: E501 Line too long (117 > 100)
src/easy_tdx/chanlun/divergence_signals.py:624:101: E501 Line too long (109 > 100)
src/easy_tdx/chanlun/divergence_signals.py:625:101: E501 Line too long (111 > 100)
src/easy_tdx/chanlun/divergence_signals.py:626:101: E501 Line too long (105 > 100)
src/easy_tdx/chanlun/divergence_signals.py:636:101: E501 Line too long (168 > 100)
src/easy_tdx/chanlun/divergence_signals.py:651:101: E501 Line too long (109 > 100)
src/easy_tdx/chanlun/divergence_signals.py:652:83: E501 Line too long (114 > 100)
src/easy_tdx/chanlun/divergence_signals.py:653:101: E501 Line too long (108 > 100)
src/easy_tdx/chanlun/divergence_signals.py:654:101: E501 Line too long (127 > 100)
src/easy_tdx/chanlun/divergence_signals.py:655:101: E501 Line too long (127 > 100)
src/easy_tdx/chanlun/divergence_signals.py:667:101: E501 Line too long (115 > 100)
src/easy_tdx/chanlun/divergence_signals.py:671:94: E501 Line too long (131 > 100)
src/easy_tdx/chanlun/divergence_signals.py:681:89: E501 Line too long (107 > 100)
src/easy_tdx/chanlun/divergence_signals.py:683:90: E501 Line too long (103 > 100)
src/easy_tdx/chanlun/divergence_signals.py:697:101: E501 Line too long (111 > 100)
src/easy_tdx/chanlun/divergence_signals.py:714:93: E501 Line too long (129 > 100)
src/easy_tdx/chanlun/divergence_signals.py:715:96: E501 Line too long (109 > 100)
src/easy_tdx/chanlun/divergence_signals.py:717:88: E501 Line too long (121 > 100)
src/easy_tdx/chanlun/divergence_signals.py:724:83: E501 Line too long (111 > 100)
src/easy_tdx/chanlun/divergence_signals.py:725:84: E501 Line too long (114 > 100)
src/easy_tdx/chanlun/divergence_signals.py:758:101: E501 Line too long (139 > 100)
src/easy_tdx/chanlun/divergence_signals.py:761:101: E501 Line too long (107 > 100)
src/easy_tdx/chanlun/divergence_signals.py:762:101: E501 Line too long (141 > 100)
src/easy_tdx/chanlun/divergence_signals.py:764:101: E501 Line too long (135 > 100)
src/easy_tdx/chanlun/divergence_signals.py:765:101: E501 Line too long (141 > 100)
src/easy_tdx/chanlun/divergence_signals.py:772:101: E501 Line too long (113 > 100)
src/easy_tdx/chanlun/divergence_signals.py:782:101: E501 Line too long (109 > 100)
src/easy_tdx/chanlun/divergence_signals.py:802:101: E501 Line too long (105 > 100)
src/easy_tdx/chanlun/divergence_signals.py:811:101: E501 Line too long (106 > 100)
src/easy_tdx/chanlun/divergence_signals.py:864:101: E501 Line too long (101 > 100)
src/easy_tdx/chanlun/engineering_consolidations.py:108:101: E501 Line too long (102 > 100)
src/easy_tdx/chanlun/engineering_trends.py:125:101: E501 Line too long (102 > 100)
src/easy_tdx/chanlun/engineering_trends.py:158:101: E501 Line too long (104 > 100)
src/easy_tdx/chanlun/observations.py:2:1: I001 [*] Import block is un-sorted or un-formatted
src/easy_tdx/chanlun/observations.py:22:97: E501 Line too long (102 > 100)
src/easy_tdx/chanlun/observations.py:37:97: E501 Line too long (124 > 100)
src/easy_tdx/chanlun/observations.py:48:88: E501 Line too long (101 > 100)
src/easy_tdx/chanlun/observations.py:69:101: E501 Line too long (121 > 100)
src/easy_tdx/chanlun/observations.py:83:101: E501 Line too long (130 > 100)
src/easy_tdx/chanlun/observations.py:87:101: E501 Line too long (109 > 100)
src/easy_tdx/chanlun/released_recursion.py:163:101: E501 Line too long (103 > 100)
src/easy_tdx/chanlun/released_recursion.py:188:101: E501 Line too long (101 > 100)
src/easy_tdx/chanlun/released_recursion.py:194:101: E501 Line too long (103 > 100)
src/easy_tdx/chanlun/released_recursion.py:195:101: E501 Line too long (101 > 100)
src/easy_tdx/chanlun/released_recursion.py:235:101: E501 Line too long (103 > 100)
src/easy_tdx/chanlun/released_recursion.py:242:101: E501 Line too long (105 > 100)
src/easy_tdx/chanlun/released_recursion.py:277:101: E501 Line too long (108 > 100)
src/easy_tdx/chanlun/research_context.py:2:1: I001 [*] Import block is un-sorted or un-formatted
src/easy_tdx/chanlun/research_context.py:53:96: E501 Line too long (128 > 100)
src/easy_tdx/chanlun/research_context.py:102:86: E501 Line too long (104 > 100)
src/easy_tdx/chanlun/research_context.py:134:97: E501 Line too long (118 > 100)
src/easy_tdx/chanlun/research_context.py:137:101: E501 Line too long (119 > 100)
src/easy_tdx/chanlun/research_context.py:139:101: E501 Line too long (130 > 100)
src/easy_tdx/chanlun/research_context.py:140:89: E501 Line too long (128 > 100)
src/easy_tdx/chanlun/research_context.py:144:93: E501 Line too long (113 > 100)
src/easy_tdx/chanlun/research_context.py:145:101: E501 Line too long (110 > 100)
src/easy_tdx/chanlun/research_context.py:146:101: E501 Line too long (117 > 100)
src/easy_tdx/chanlun/research_context.py:152:101: E501 Line too long (102 > 100)
src/easy_tdx/chanlun/research_context.py:154:101: E501 Line too long (106 > 100)
src/easy_tdx/chanlun/research_context.py:161:96: E501 Line too long (120 > 100)
src/easy_tdx/chanlun/research_context.py:162:98: E501 Line too long (110 > 100)
src/easy_tdx/chanlun/research_context.py:164:37: E702 Multiple statements on one line (semicolon)
src/easy_tdx/chanlun/research_context.py:165:101: E501 Line too long (135 > 100)
src/easy_tdx/chanlun/research_context.py:179:101: E501 Line too long (107 > 100)
src/easy_tdx/chanlun/research_context.py:183:77: E501 Line too long (103 > 100)
src/easy_tdx/chanlun/research_context.py:191:101: E501 Line too long (104 > 100)
src/easy_tdx/chanlun/research_context.py:192:92: E501 Line too long (120 > 100)
src/easy_tdx/chanlun/research_context.py:204:101: E501 Line too long (102 > 100)
src/easy_tdx/chanlun/research_context.py:210:83: E501 Line too long (153 > 100)
src/easy_tdx/chanlun/research_context.py:226:101: E501 Line too long (113 > 100)
src/easy_tdx/chanlun/research_context.py:246:87: E501 Line too long (134 > 100)
src/easy_tdx/chanlun/research_context.py:253:101: E501 Line too long (101 > 100)
src/easy_tdx/chanlun/research_context.py:261:101: E501 Line too long (145 > 100)
src/easy_tdx/chanlun/research_context.py:266:101: E501 Line too long (151 > 100)
src/easy_tdx/chanlun/research_context.py:274:66: E501 Line too long (107 > 100)
src/easy_tdx/chanlun/research_context.py:289:101: E501 Line too long (102 > 100)
src/easy_tdx/chanlun/research_context.py:294:101: E501 Line too long (117 > 100)
src/easy_tdx/chanlun/research_context.py:297:101: E501 Line too long (106 > 100)
src/easy_tdx/chanlun/research_context.py:301:88: E501 Line too long (118 > 100)
src/easy_tdx/chanlun/research_context.py:302:76: E741 Ambiguous variable name: `l`
src/easy_tdx/chanlun/research_context.py:302:76: E501 Line too long (111 > 100)
src/easy_tdx/chanlun/research_context.py:303:51: E741 Ambiguous variable name: `l`
src/easy_tdx/chanlun/research_context.py:315:101: E501 Line too long (105 > 100)
src/easy_tdx/chanlun/research_context.py:330:101: E501 Line too long (143 > 100)
src/easy_tdx/chanlun/research_context.py:333:101: E501 Line too long (114 > 100)
src/easy_tdx/chanlun/research_context.py:334:101: E501 Line too long (156 > 100)
src/easy_tdx/chanlun/research_context.py:336:101: E501 Line too long (102 > 100)
src/easy_tdx/chanlun/research_context.py:337:101: E501 Line too long (117 > 100)
src/easy_tdx/chanlun/research_context.py:340:101: E501 Line too long (107 > 100)
src/easy_tdx/chanlun/structure_signals.py:185:24: UP038 Use `X | Y` in `isinstance` call instead of `(X, Y)`
src/easy_tdx/chanlun/xd.py:121:101: E501 Line too long (101 > 100)
src/easy_tdx/indicator.py:19:16: UP038 Use `X | Y` in `isinstance` call instead of `(X, Y)`
src/easy_tdx/web/routers/chanlun.py:3:1: I001 [*] Import block is un-sorted or un-formatted
src/easy_tdx/web/routers/chanlun.py:64:5: I001 [*] Import block is un-sorted or un-formatted
src/easy_tdx/web/routers/chanlun.py:77:101: E501 Line too long (114 > 100)
src/easy_tdx/web/routers/chanlun.py:88:101: E501 Line too long (102 > 100)
src/easy_tdx/web/routers/chanlun_observations.py:18:101: E501 Line too long (104 > 100)
src/easy_tdx/web/routers/chanlun_observations.py:27:101: E501 Line too long (117 > 100)
src/easy_tdx/web/routers/chanlun_observations.py:36:101: E501 Line too long (113 > 100)
src/easy_tdx/web/routers/chanlun_observations.py:59:101: E501 Line too long (104 > 100)
src/easy_tdx/web/routers/chanlun_observations.py:63:85: E501 Line too long (120 > 100)
src/easy_tdx/web/routers/chanlun_observations.py:70:101: E501 Line too long (118 > 100)
src/easy_tdx/web/routers/chanlun_observations.py:73:101: E501 Line too long (134 > 100)
src/easy_tdx/web/routers/chanlun_observations.py:76:101: E501 Line too long (162 > 100)
src/easy_tdx/web/routers/chanlun_observations.py:91:101: E501 Line too long (108 > 100)
src/easy_tdx/web/routers/chanlun_observations.py:92:93: E501 Line too long (160 > 100)
src/easy_tdx/web/routers/chanlun_observations.py:97:93: E501 Line too long (160 > 100)
src/easy_tdx/web/routers/chanlun_observations.py:111:101: E501 Line too long (114 > 100)
src/easy_tdx/web/routers/chanlun_observations.py:114:101: E501 Line too long (113 > 100)
src/easy_tdx/web/routers/chanlun_observations.py:115:101: E501 Line too long (125 > 100)
src/easy_tdx/web/routers/chanlun_observations.py:117:101: E501 Line too long (102 > 100)
src/easy_tdx/web/routers/chanlun_observations.py:123:101: E501 Line too long (108 > 100)
src/easy_tdx/web/routers/chanlun_observations.py:127:101: E501 Line too long (122 > 100)
src/easy_tdx/web/routers/chanlun_observations.py:131:101: E501 Line too long (104 > 100)
src/easy_tdx/web/routers/chanlun_observations.py:132:101: E501 Line too long (111 > 100)
src/easy_tdx/web/routers/chanlun_observations.py:135:64: E501 Line too long (128 > 100)
src/easy_tdx/web/routers/chanlun_replay.py:130:101: E501 Line too long (101 > 100)
src/easy_tdx/web/routers/chanlun_replay.py:150:101: E501 Line too long (103 > 100)
tests/unit/test_chanlun_input_integrity.py:156:101: E501 Line too long (103 > 100)
tests/unit/test_chanlun_input_integrity.py:161:5: I001 [*] Import block is un-sorted or un-formatted
tests/unit/test_chanlun_input_integrity.py:175:5: I001 [*] Import block is un-sorted or un-formatted
tests/unit/test_chanlun_owned_tree_transfer.py:18:16: UP038 Use `X | Y` in `isinstance` call instead of `(X, Y)`
tests/unit/test_chanlun_owned_tree_transfer.py:20:12: UP038 Use `X | Y` in `isinstance` call instead of `(X, Y)`
tests/unit/test_chanlun_real_market.py:70:101: E501 Line too long (102 > 100)
tests/unit/test_chanlun_real_market.py:74:101: E501 Line too long (103 > 100)
tests/unit/test_chanlun_rules_regression.py:205:5: I001 [*] Import block is un-sorted or un-formatted
tests/unit/test_chanlun_selected_rules.py:91:9: E731 Do not assign a `lambda` expression, use a `def`
tests/unit/test_chanlun_snapshot_isolation.py:51:10: UP038 Use `X | Y` in `isinstance` call instead of `(X, Y)`
tests/unit/test_chanlun_structure.py:429:101: E501 Line too long (102 > 100)
tests/unit/test_divergence_signals.py:39:101: E501 Line too long (116 > 100)
tests/unit/test_divergence_signals.py:40:101: E501 Line too long (102 > 100)
tests/unit/test_indicator_rules_oct04.py:2:1: I001 [*] Import block is un-sorted or un-formatted
tests/unit/test_indicator_rules_oct04.py:13:101: E501 Line too long (116 > 100)
tests/unit/test_indicator_rules_oct04.py:66:101: E501 Line too long (112 > 100)
tests/unit/test_indicator_rules_oct04.py:75:101: E501 Line too long (101 > 100)
tests/unit/test_indicator_rules_oct04.py:83:101: E501 Line too long (104 > 100)
tests/unit/test_indicator_rules_oct04.py:85:101: E501 Line too long (111 > 100)
tests/unit/test_indicator_rules_oct04.py:173:101: E501 Line too long (121 > 100)
tests/unit/test_local_confirmation_oct04_14.py:2:1: I001 [*] Import block is un-sorted or un-formatted
tests/unit/test_local_confirmation_oct04_14.py:36:101: E501 Line too long (114 > 100)
tests/unit/test_local_confirmation_oct04_14.py:48:22: E701 Multiple statements on one line (colon)
tests/unit/test_local_confirmation_oct04_14.py:49:23: E701 Multiple statements on one line (colon)
tests/unit/test_local_confirmation_oct04_14.py:50:28: E701 Multiple statements on one line (colon)
tests/unit/test_local_confirmation_oct04_14.py:51:28: E701 Multiple statements on one line (colon)
tests/unit/test_local_confirmation_oct04_14.py:52:9: E701 Multiple statements on one line (colon)
tests/unit/test_local_confirmation_oct04_14.py:71:101: E501 Line too long (106 > 100)
tests/unit/test_local_confirmation_oct04_14.py:85:101: E501 Line too long (115 > 100)
tests/unit/test_local_confirmation_oct04_14.py:124:101: E501 Line too long (101 > 100)
tests/unit/test_local_confirmation_oct04_14.py:126:35: E701 Multiple statements on one line (colon)
tests/unit/test_october_divergence.py:64:101: E501 Line too long (122 > 100)
tests/unit/test_october_research.py:24:101: E501 Line too long (111 > 100)
tests/unit/test_october_research.py:60:101: E501 Line too long (146 > 100)
tests/unit/test_october_research.py:79:101: E501 Line too long (104 > 100)
tests/unit/test_october_research.py:89:101: E501 Line too long (128 > 100)
tests/unit/test_october_research.py:102:5: I001 [*] Import block is un-sorted or un-formatted
tests/unit/test_october_research.py:129:101: E501 Line too long (103 > 100)
tests/unit/test_october_research.py:130:101: E501 Line too long (119 > 100)
tests/unit/test_october_research.py:132:101: E501 Line too long (108 > 100)
tests/unit/test_october_second_divergence.py:2:1: I001 [*] Import block is un-sorted or un-formatted
tests/unit/test_research_context_oct09.py:2:1: I001 [*] Import block is un-sorted or un-formatted
tests/unit/test_research_context_oct09.py:29:101: E501 Line too long (113 > 100)
tests/unit/test_research_context_oct09.py:75:101: E501 Line too long (111 > 100)
tests/unit/test_research_context_oct09.py:91:101: E501 Line too long (123 > 100)
tests/unit/test_research_context_oct09.py:126:43: E702 Multiple statements on one line (semicolon)
tests/unit/test_research_context_oct09.py:127:101: E501 Line too long (111 > 100)
tests/unit/test_research_context_oct09.py:166:101: E501 Line too long (128 > 100)
tests/unit/test_research_context_oct09.py:184:5: I001 [*] Import block is un-sorted or un-formatted
tests/unit/test_research_instruments.py:57:101: E501 Line too long (108 > 100)
tests/unit/test_research_instruments.py:60:101: E501 Line too long (117 > 100)
tests/unit/test_research_instruments.py:105:101: E501 Line too long (102 > 100)
tests/unit/test_signal_scan.py:319:5: I001 [*] Import block is un-sorted or un-formatted
tests/unit/test_special_dual_line.py:67:5: I001 [*] Import block is un-sorted or un-formatted
tests/unit/test_standard_wave_oct07_17.py:2:1: I001 [*] Import block is un-sorted or un-formatted
tests/unit/test_standard_wave_oct07_17.py:18:101: E501 Line too long (105 > 100)
tests/unit/test_standard_wave_oct07_17.py:42:101: E501 Line too long (109 > 100)
tests/unit/test_standard_wave_oct07_17.py:58:101: E501 Line too long (123 > 100)
tests/unit/test_standard_wave_oct07_17.py:77:101: E501 Line too long (160 > 100)
tests/unit/test_standard_wave_oct07_17.py:85:101: E501 Line too long (103 > 100)
tests/unit/test_standard_wave_oct07_17.py:93:26: E702 Multiple statements on one line (semicolon)
tests/unit/test_standard_wave_oct07_17.py:93:56: E702 Multiple statements on one line (semicolon)
tests/unit/test_standard_wave_oct07_17.py:98:101: E501 Line too long (139 > 100)
tests/unit/test_standard_wave_oct07_17.py:102:101: E501 Line too long (204 > 100)
tests/unit/test_top_divergence.py:114:101: E501 Line too long (109 > 100)
tests/unit/test_top_divergence.py:124:101: E501 Line too long (108 > 100)
tests/unit/test_top_divergence.py:132:101: E501 Line too long (120 > 100)
tests/unit/test_wave_axis_redefinition.py:2:1: I001 [*] Import block is un-sorted or un-formatted
tests/unit/test_wave_axis_redefinition.py:92:101: E501 Line too long (132 > 100)
tests/unit/test_wave_axis_redefinition.py:95:101: E501 Line too long (103 > 100)
tests/unit/test_wave_axis_redefinition.py:97:5: E731 Do not assign a `lambda` expression, use a `def`
tests/unit/test_wave_axis_redefinition.py:100:101: E501 Line too long (138 > 100)
tests/unit/test_wave_axis_redefinition.py:112:101: E501 Line too long (104 > 100)
tests/unit/test_wave_dea_tolerance.py:2:1: I001 [*] Import block is un-sorted or un-formatted
tests/unit/test_wave_dea_tolerance.py:11:101: E501 Line too long (124 > 100)
tests/unit/test_wave_dea_tolerance.py:62:22: E701 Multiple statements on one line (colon)
tests/unit/test_wave_dea_tolerance.py:63:25: E701 Multiple statements on one line (colon)
tests/unit/test_wave_dea_tolerance.py:64:26: E701 Multiple statements on one line (colon)
tests/unit/test_wave_dea_tolerance.py:65:25: E701 Multiple statements on one line (colon)
tests/unit/test_wave_dea_tolerance.py:66:29: E701 Multiple statements on one line (colon)
tests/unit/test_wave_dea_tolerance.py:67:9: E701 Multiple statements on one line (colon)
tests/unit/test_wave_families.py:2:1: I001 [*] Import block is un-sorted or un-formatted
tests/unit/test_wave_families.py:23:101: E501 Line too long (111 > 100)
tests/unit/test_wave_families.py:114:101: E501 Line too long (145 > 100)
tests/unit/test_wave_families.py:122:101: E501 Line too long (107 > 100)
tests/unit/test_wave_families.py:154:101: E501 Line too long (103 > 100)
tests/unit/test_wave_families.py:188:101: E501 Line too long (107 > 100)
tests/unit/test_wave_families.py:194:101: E501 Line too long (110 > 100)
tests/unit/test_wave_families.py:223:101: E501 Line too long (105 > 100)
tests/unit/test_wave_families.py:224:101: E501 Line too long (105 > 100)
tests/unit/test_wave_families.py:226:101: E501 Line too long (123 > 100)
tests/unit/test_wave_families.py:238:101: E501 Line too long (101 > 100)
tests/unit/test_wave_families.py:246:101: E501 Line too long (143 > 100)
tests/unit/test_wave_families.py:255:101: E501 Line too long (112 > 100)
tests/unit/test_wave_families.py:268:101: E501 Line too long (103 > 100)
tests/unit/test_wave_families.py:269:101: E501 Line too long (113 > 100)
tests/unit/test_wave_rule_comparison.py:37:101: E501 Line too long (106 > 100)
tests/unit/test_wave_rule_comparison.py:51:101: E501 Line too long (102 > 100)
tests/unit/test_wave_rule_comparison.py:124:5: E731 Do not assign a `lambda` expression, use a `def`
tests/unit/test_web_backtest.py:638:5: I001 [*] Import block is un-sorted or un-formatted
tests/unit/test_web_backtest.py:647:101: E501 Line too long (103 > 100)
Found 267 errors.
[*] 21 fixable with the `--fix` option (8 hidden fixes can be enabled with the `--unsafe-fixes` option).
