### Page
- Page URL: http://127.0.0.1:8766/chanlun?from=tracking&targetKind=stock&symbol=300750&market=SZ&name=%E5%AE%81%E5%BE%B7%E6%97%B6%E4%BB%A3&boardType=&category=DAY&adjust=QFQ
- Page Title: 股票分析 · Analysis Studio
### Snapshot
```yaml
- generic [ref=f4e5]:
  - generic [ref=f4e6]:
    - button "打开导航" [ref=f4e7] [cursor=pointer]: ☰
    - heading "缠论结构" [level=1] [ref=f4e17]
    - generic [ref=f4e10]:
      - link "个人账户" [ref=f4e11]:
        - /url: /account
        - generic [ref=f4e12]: T
      - button "退出登录" [ref=f4e13] [cursor=pointer]
  - main [ref=f4e16]:
    - generic [ref=f4e18]:
      - button "分析设置 · 300750 展开" [ref=f4e19] [cursor=pointer]:
        - generic [ref=f4e20]: 分析设置 · 300750
        - generic [ref=f4e21]: 展开
      - main [ref=f4e22]:
        - generic [ref=f4e23]:
          - navigation "缠论工作区" [ref=f4e24]:
            - button [pressed] [ref=f4e25] [cursor=pointer]:
              - strong [ref=f4e26]: 看图
            - button [ref=f4e27] [cursor=pointer]:
              - strong [ref=f4e28]: 研究
            - button [ref=f4e29] [cursor=pointer]:
              - strong [ref=f4e30]: 审核
          - generic [ref=f4e32]:
            - generic [ref=f4e33]:
              - generic "个股 · 300750" [ref=f4e34]
              - generic [ref=f4e35]: DAY
            - paragraph [ref=f4e38]: 当前 向下笔 · 进行中，尚未形成中枢
          - region "看图工作区" [ref=f4e39]:
            - region "行情数据口径" [ref=f4e40]:
              - group [ref=f4e41]:
                - generic "› 数据口径 MAC 行情 · 前复权 收盘截至 2026-10-09 15:00:00" [ref=f4e42] [cursor=pointer]:
                  - text: ›
                  - strong [ref=f4e43]: 数据口径
                  - generic [ref=f4e44]: MAC 行情 · 前复权
                  - time [ref=f4e45]: 收盘截至 2026-10-09 15:00:00
            - paragraph [ref=f4e46]: 线段基础结构 · 研究版 — 高层级递归尚未完成；买卖点标在极值处，交易依据为确认时间。
            - generic [ref=f4e47]:
              - generic [ref=f4e48]:
                - generic [ref=f4e49]:
                  - strong [ref=f4e50]: 快照末尾
                  - button "回放上一根 K 线" [ref=f4e51] [cursor=pointer]: 上一根
                  - slider "K 线回放位置" [ref=f4e52] [cursor=pointer]: "240"
                  - button "回放下一根 K 线" [disabled] [ref=f4e53]: 下一根
                - generic [ref=f4e54]:
                  - status [ref=f4e55]: 2026-10-09 · 240/240
                  - button "返回末尾" [disabled] [ref=f4e56]
              - generic [ref=f4e57]: 按当前标的快照回放，不代表历史当天的数据版本；个股与行业对比时采用共同截止点。
            - generic [ref=f4e58]:
              - generic [ref=f4e59]: 所属行业
              - generic [ref=f4e60]: 暂无行业归属数据
            - region "多周期图表对比" [ref=f4e61]:
              - generic [ref=f4e62]:
                - generic [ref=f4e63]:
                  - generic [ref=f4e64]:
                    - strong [ref=f4e65]: 多周期图表
                    - generic [ref=f4e66]: 主周期 日线
                  - generic [ref=f4e67]:
                    - generic [ref=f4e68]: 对照周期
                    - combobox "对照周期" [ref=f4e70] [cursor=pointer]:
                      - generic [ref=f4e71]: 30 分钟
                    - button "生成对比" [ref=f4e74] [cursor=pointer]
                - status [ref=f4e75]: 选择另一个周期，查看同一标的的独立分析，或与主周期上下对比。
                - generic [ref=f4e77]:
                  - generic [ref=f4e78]:
                    - generic [ref=f4e79]:
                      - heading "个股 · 300750 · 日线" [level=3] [ref=f4e80]
                      - paragraph [ref=f4e81]: 均线与缠论结构叠加；可在下方选择技术指标。
                    - generic [ref=f4e82]:
                      - generic [ref=f4e83]:
                        - generic [ref=f4e84]: 笔
                        - generic [ref=f4e85]: 盘整进行中
                        - generic [ref=f4e89]: 待成笔方向 · 观察
                        - generic [ref=f4e90]: 中枢
                        - generic [ref=f4e91]: 线段
                        - generic [ref=f4e92]: 底背离／背驰
                        - generic [ref=f4e93]: 顶背离／背驰
                      - generic [ref=f4e94] [cursor=pointer]:
                        - checkbox "显示失效历史" [checked] [ref=f4e95]
                        - generic [ref=f4e96]: 显示失效历史
                      - button "全屏查看个股 · 300750 · 日线" [ref=f4e97] [cursor=pointer]
                  - generic [ref=f4e101]:
                    - group "均线显示开关" [ref=f4e102]:
                      - button "MA5" [pressed] [ref=f4e103] [cursor=pointer]
                      - button "MA10" [pressed] [ref=f4e105] [cursor=pointer]
                      - button "MA20" [ref=f4e107] [cursor=pointer]
                      - button "MA30" [ref=f4e109] [cursor=pointer]
                      - button "MA60" [ref=f4e111] [cursor=pointer]
                      - button "MA120" [ref=f4e113] [cursor=pointer]
                      - button "MA250" [ref=f4e115] [cursor=pointer]
                    - region "蜡烛图绘图区" [ref=f4e117]
                    - generic [ref=f4e120]:
                      - generic [ref=f4e121]: 点击主图 K 线，可查找该日期关联证据
                      - button "查看所选日期证据" [disabled] [ref=f4e122]
                    - generic [ref=f4e123]:
                      - generic [ref=f4e124]: 右键盘整矩形，查看区间详情
                      - button "查看盘整详情" [ref=f4e125] [cursor=pointer]
                    - generic [ref=f4e126]:
                      - generic [ref=f4e127]: 右键背离／背驰标记，查看状态与依据
                      - button "查看背离详情" [ref=f4e128] [cursor=pointer]
                    - paragraph [ref=f4e129]: 琥珀虚线＝待成笔方向 · 仅连接可见已收盘行情的反向运动，端点可变；突破观察极值即撤销，不改变严格笔。
                    - paragraph [ref=f4e130]: 圆形＝双线 · 菱形＝标准 · 三角形＝非标准 · 大菱形＝特殊 · 底紫顶绿 · 彩色空心＝候选 · 实心＝确认 · 灰色空心＝已失效／被替代
                    - generic [ref=f4e131]:
                      - generic [ref=f4e132]: 技术指标 · 可同时显示多个
                      - button "＋ 添加指标" [ref=f4e133] [cursor=pointer]
                    - generic [ref=f4e134]:
                      - button "移除第 1 个指标" [ref=f4e135] [cursor=pointer]: 移除
                      - generic [ref=f4e136]:
                        - generic [ref=f4e139]:
                          - strong [ref=f4e140]: 技术指标
                          - generic [ref=f4e141]: 比较成交活跃程度，并显示 5、10 周期平均成交量。
                        - generic [ref=f4e142]:
                          - radiogroup "常用技术指标" [ref=f4e143]:
                            - radio "无指标" [ref=f4e144] [cursor=pointer]
                            - radio "成交量" [checked] [ref=f4e145] [cursor=pointer]
                            - radio "MACD" [ref=f4e146] [cursor=pointer]
                            - radio "KDJ" [ref=f4e147] [cursor=pointer]
                            - radio "RSI" [ref=f4e148] [cursor=pointer]
                            - radio "BOLL" [ref=f4e149] [cursor=pointer]
                          - button "全部指标" [ref=f4e150] [cursor=pointer]
                    - generic [ref=f4e154]:
                      - button "移除第 2 个指标" [ref=f4e155] [cursor=pointer]: 移除
                      - generic [ref=f4e156]:
                        - generic [ref=f4e159]:
                          - strong [ref=f4e160]: 技术指标
                          - generic [ref=f4e161]: 用快慢均线差观察趋势方向与动能变化。
                        - generic [ref=f4e162]:
                          - radiogroup "常用技术指标" [ref=f4e163]:
                            - radio "无指标" [ref=f4e164] [cursor=pointer]
                            - radio "成交量" [ref=f4e165] [cursor=pointer]
                            - radio "MACD" [checked] [ref=f4e166] [cursor=pointer]
                            - radio "KDJ" [ref=f4e167] [cursor=pointer]
                            - radio "RSI" [ref=f4e168] [cursor=pointer]
                            - radio "BOLL" [ref=f4e169] [cursor=pointer]
                          - button "全部指标" [ref=f4e170] [cursor=pointer]
```
